[Wed Aug 12 16:50:27 UTC 2026] QUEUE_START id=queue_deFT5VIF lane=0 shard=0 tasks=8
[Wed Aug 12 16:50:27 UTC 2026] START adapt_ax1sk3q1s0_finger_seed3_ckpt500000 gpu=0 log=/workspace/dreamerv3_runs/_cloud_logs/adapt_ax1sk3q1s0_finger_seed3_ckpt500000.out
[Wed Aug 12 19:34:39 UTC 2026] DONE adapt_ax1sk3q1s0_finger_seed3_ckpt500000 log=/workspace/dreamerv3_runs/_cloud_logs/adapt_ax1sk3q1s0_finger_seed3_ckpt500000.out
[Wed Aug 12 19:34:39 UTC 2026] START adapt_ax1sk3q1s1_finger_seed3_ckpt500000 gpu=0 log=/workspace/dreamerv3_runs/_cloud_logs/adapt_ax1sk3q1s1_finger_seed3_ckpt500000.out
[Wed Aug 12 22:19:19 UTC 2026] DONE adapt_ax1sk3q1s1_finger_seed3_ckpt500000 log=/workspace/dreamerv3_runs/_cloud_logs/adapt_ax1sk3q1s1_finger_seed3_ckpt500000.out
[Wed Aug 12 22:19:20 UTC 2026] START adapt_ax1fsk3q1s0_finger_seed3_ckpt500000 gpu=0 log=/workspace/dreamerv3_runs/_cloud_logs/adapt_ax1fsk3q1s0_finger_seed3_ckpt500000.out
[Thu Aug 13 01:40:35 UTC 2026] DONE adapt_ax1fsk3q1s0_finger_seed3_ckpt500000 log=/workspace/dreamerv3_runs/_cloud_logs/adapt_ax1fsk3q1s0_finger_seed3_ckpt500000.out
[Thu Aug 13 01:40:35 UTC 2026] START adapt_ax1fsk3q1s1_finger_seed3_ckpt500000 gpu=0 log=/workspace/dreamerv3_runs/_cloud_logs/adapt_ax1fsk3q1s1_finger_seed3_ckpt500000.out
[Thu Aug 13 05:01:49 UTC 2026] DONE adapt_ax1fsk3q1s1_finger_seed3_ckpt500000 log=/workspace/dreamerv3_runs/_cloud_logs/adapt_ax1fsk3q1s1_finger_seed3_ckpt500000.out
[Thu Aug 13 05:01:50 UTC 2026] START adapt_ax1sk1q1s0_finger_seed3_ckpt500000 gpu=0 log=/workspace/dreamerv3_runs/_cloud_logs/adapt_ax1sk1q1s0_finger_seed3_ckpt500000.out
[Thu Aug 13 07:56:05 UTC 2026] DONE adapt_ax1sk1q1s0_finger_seed3_ckpt500000 log=/workspace/dreamerv3_runs/_cloud_logs/adapt_ax1sk1q1s0_finger_seed3_ckpt500000.out
[Thu Aug 13 07:56:06 UTC 2026] START adapt_ax1sk1q1s1_finger_seed3_ckpt500000 gpu=0 log=/workspace/dreamerv3_runs/_cloud_logs/adapt_ax1sk1q1s1_finger_seed3_ckpt500000.out
[Thu Aug 13 10:44:58 UTC 2026] DONE adapt_ax1sk1q1s1_finger_seed3_ckpt500000 log=/workspace/dreamerv3_runs/_cloud_logs/adapt_ax1sk1q1s1_finger_seed3_ckpt500000.out
[Thu Aug 13 10:44:59 UTC 2026] START adapt_ax1fsk1q1s0_finger_seed3_ckpt500000 gpu=0 log=/workspace/dreamerv3_runs/_cloud_logs/adapt_ax1fsk1q1s0_finger_seed3_ckpt500000.out
[Thu Aug 13 13:44:21 UTC 2026] DONE adapt_ax1fsk1q1s0_finger_seed3_ckpt500000 log=/workspace/dreamerv3_runs/_cloud_logs/adapt_ax1fsk1q1s0_finger_seed3_ckpt500000.out
[Thu Aug 13 13:44:21 UTC 2026] START adapt_ax1fsk1q1s1_finger_seed3_ckpt500000 gpu=0 log=/workspace/dreamerv3_runs/_cloud_logs/adapt_ax1fsk1q1s1_finger_seed3_ckpt500000.out
[Thu Aug 13 16:43:02 UTC 2026] DONE adapt_ax1fsk1q1s1_finger_seed3_ckpt500000 log=/workspace/dreamerv3_runs/_cloud_logs/adapt_ax1fsk1q1s1_finger_seed3_ckpt500000.out
[Thu Aug 13 16:43:02 UTC 2026] QUEUE_IDLE id=queue_deFT5VIF grace=300s
[Thu Aug 13 16:48:02 UTC 2026] QUEUE_DONE id=queue_deFT5VIF lane=0 failures=0
[Thu Aug 13 16:53:53 UTC 2026] QUEUE_START id=queue_V5c5UG28 lane=0 shard=0 tasks=3
[Thu Aug 13 16:53:54 UTC 2026] START pretrain_random_reacher_seed3 gpu=0 log=/workspace/dreamerv3_runs/_cloud_logs/pretrain_random_reacher_seed3.out
[Thu Aug 13 18:34:56 UTC 2026] DONE pretrain_random_reacher_seed3 log=/workspace/dreamerv3_runs/_cloud_logs/pretrain_random_reacher_seed3.out
[Thu Aug 13 18:34:57 UTC 2026] START pretrain_p2e_reacher_seed3 gpu=0 log=/workspace/dreamerv3_runs/_cloud_logs/pretrain_p2e_reacher_seed3.out
[Fri Aug 14 00:54:02 UTC 2026] DONE pretrain_p2e_reacher_seed3 log=/workspace/dreamerv3_runs/_cloud_logs/pretrain_p2e_reacher_seed3.out
[Fri Aug 14 00:54:02 UTC 2026] START pretrain_apt_reacher_seed3 gpu=0 log=/workspace/dreamerv3_runs/_cloud_logs/pretrain_apt_reacher_seed3.out
[Fri Aug 14 05:08:54 UTC 2026] QUEUE_ADD id=queue_V5c5UG28 lane=0 added=4 file=/tmp/walker_axis1_lane0.cmds
[Fri Aug 14 05:45:05 UTC 2026] DONE pretrain_apt_reacher_seed3 log=/workspace/dreamerv3_runs/_cloud_logs/pretrain_apt_reacher_seed3.out
[Fri Aug 14 05:45:06 UTC 2026] START adapt_ax1q1s0_walker_seed15_ckpt500000 gpu=0 log=/workspace/dreamerv3_runs/_cloud_logs/adapt_ax1q1s0_walker_seed15_ckpt500000.out
[Fri Aug 14 08:45:32 UTC 2026] DONE adapt_ax1q1s0_walker_seed15_ckpt500000 log=/workspace/dreamerv3_runs/_cloud_logs/adapt_ax1q1s0_walker_seed15_ckpt500000.out
[Fri Aug 14 08:45:33 UTC 2026] START adapt_ax1fq1s0_walker_seed15_ckpt500000 gpu=0 log=/workspace/dreamerv3_runs/_cloud_logs/adapt_ax1fq1s0_walker_seed15_ckpt500000.out
[Fri Aug 14 13:58:09 UTC 2026] DONE adapt_ax1fq1s0_walker_seed15_ckpt500000 log=/workspace/dreamerv3_runs/_cloud_logs/adapt_ax1fq1s0_walker_seed15_ckpt500000.out
[Fri Aug 14 13:58:10 UTC 2026] START adapt_ax1q1s1_walker_seed15_ckpt500000 gpu=0 log=/workspace/dreamerv3_runs/_cloud_logs/adapt_ax1q1s1_walker_seed15_ckpt500000.out
[Fri Aug 14 16:58:32 UTC 2026] DONE adapt_ax1q1s1_walker_seed15_ckpt500000 log=/workspace/dreamerv3_runs/_cloud_logs/adapt_ax1q1s1_walker_seed15_ckpt500000.out
[Fri Aug 14 16:58:33 UTC 2026] START adapt_ax1fq1s1_walker_seed15_ckpt500000 gpu=0 log=/workspace/dreamerv3_runs/_cloud_logs/adapt_ax1fq1s1_walker_seed15_ckpt500000.out
[Fri Aug 14 22:11:08 UTC 2026] DONE adapt_ax1fq1s1_walker_seed15_ckpt500000 log=/workspace/dreamerv3_runs/_cloud_logs/adapt_ax1fq1s1_walker_seed15_ckpt500000.out
[Fri Aug 14 22:11:08 UTC 2026] QUEUE_IDLE id=queue_V5c5UG28 grace=300s
[Fri Aug 14 22:16:08 UTC 2026] QUEUE_DONE id=queue_V5c5UG28 lane=0 failures=0
[Fri Aug 14 22:18:54 UTC 2026] QUEUE_START id=queue_KEzmRK7L lane=0 shard=0 tasks=4
[Fri Aug 14 22:18:54 UTC 2026] START adapt_ax1nzs2q1s1_finger_seed4_ckpt500000 gpu=0 log=/workspace/dreamerv3_runs/_cloud_logs/adapt_ax1nzs2q1s1_finger_seed4_ckpt500000.out
[Sat Aug 15 01:21:52 UTC 2026] DONE adapt_ax1nzs2q1s1_finger_seed4_ckpt500000 log=/workspace/dreamerv3_runs/_cloud_logs/adapt_ax1nzs2q1s1_finger_seed4_ckpt500000.out
[Sat Aug 15 01:21:52 UTC 2026] START adapt_ax1nzs2q1s0_finger_seed4_ckpt500000 gpu=0 log=/workspace/dreamerv3_runs/_cloud_logs/adapt_ax1nzs2q1s0_finger_seed4_ckpt500000.out
[Sat Aug 15 04:25:23 UTC 2026] DONE adapt_ax1nzs2q1s0_finger_seed4_ckpt500000 log=/workspace/dreamerv3_runs/_cloud_logs/adapt_ax1nzs2q1s0_finger_seed4_ckpt500000.out
[Sat Aug 15 04:25:24 UTC 2026] START adapt_ax1fnzs8q1s1_finger_seed4_ckpt500000 gpu=0 log=/workspace/dreamerv3_runs/_cloud_logs/adapt_ax1fnzs8q1s1_finger_seed4_ckpt500000.out
[Sat Aug 15 09:39:35 UTC 2026] DONE adapt_ax1fnzs8q1s1_finger_seed4_ckpt500000 log=/workspace/dreamerv3_runs/_cloud_logs/adapt_ax1fnzs8q1s1_finger_seed4_ckpt500000.out
[Sat Aug 15 09:39:36 UTC 2026] START adapt_ax1fnzs8q1s0_finger_seed4_ckpt500000 gpu=0 log=/workspace/dreamerv3_runs/_cloud_logs/adapt_ax1fnzs8q1s0_finger_seed4_ckpt500000.out
[Sat Aug 15 14:53:02 UTC 2026] DONE adapt_ax1fnzs8q1s0_finger_seed4_ckpt500000 log=/workspace/dreamerv3_runs/_cloud_logs/adapt_ax1fnzs8q1s0_finger_seed4_ckpt500000.out
[Sat Aug 15 14:53:02 UTC 2026] QUEUE_IDLE id=queue_KEzmRK7L grace=300s
[Sat Aug 15 14:58:03 UTC 2026] QUEUE_DONE id=queue_KEzmRK7L lane=0 failures=0
[Sat Aug 15 16:54:23 UTC 2026] QUEUE_START id=queue_4U7u8NpJ lane=0 shard=0 tasks=4
[Sat Aug 15 16:54:24 UTC 2026] START sgl_ridge_nzs2q1s0_seed4 gpu=0 log=/workspace/dreamerv3_runs/_cloud_logs/sgl_ridge_nzs2q1s0_seed4.out
[Sat Aug 15 16:55:02 UTC 2026] FAIL sgl_ridge_nzs2q1s0_seed4 rc=1 log=/workspace/dreamerv3_runs/_cloud_logs/sgl_ridge_nzs2q1s0_seed4.out elapsed=38s util_mean=0% util_peak=0% vram_mean=2MiB vram_peak=2MiB vram_total=16311MiB samples=1
[Sat Aug 15 16:55:02 UTC 2026] CLASS sgl_ridge_nzs2q1s0_seed4 unknown retry=unknown
[Sat Aug 15 16:55:03 UTC 2026] START sgl_ridge_nzs2q1s1_seed4 gpu=0 log=/workspace/dreamerv3_runs/_cloud_logs/sgl_ridge_nzs2q1s1_seed4.out
[Sat Aug 15 16:55:36 UTC 2026] FAIL sgl_ridge_nzs2q1s1_seed4 rc=1 log=/workspace/dreamerv3_runs/_cloud_logs/sgl_ridge_nzs2q1s1_seed4.out elapsed=33s util_mean=0% util_peak=0% vram_mean=2MiB vram_peak=2MiB vram_total=16311MiB samples=1
[Sat Aug 15 16:55:36 UTC 2026] CLASS sgl_ridge_nzs2q1s1_seed4 unknown retry=unknown
[Sat Aug 15 16:55:37 UTC 2026] START sgl_ridge_nzs8q1s0_seed4 gpu=0 log=/workspace/dreamerv3_runs/_cloud_logs/sgl_ridge_nzs8q1s0_seed4.out
[Sat Aug 15 16:56:10 UTC 2026] FAIL sgl_ridge_nzs8q1s0_seed4 rc=1 log=/workspace/dreamerv3_runs/_cloud_logs/sgl_ridge_nzs8q1s0_seed4.out elapsed=33s util_mean=0% util_peak=0% vram_mean=2MiB vram_peak=2MiB vram_total=16311MiB samples=1
[Sat Aug 15 16:56:10 UTC 2026] CLASS sgl_ridge_nzs8q1s0_seed4 unknown retry=unknown
[Sat Aug 15 16:56:11 UTC 2026] START sgl_ridge_nzs8q1s1_seed4 gpu=0 log=/workspace/dreamerv3_runs/_cloud_logs/sgl_ridge_nzs8q1s1_seed4.out
[Sat Aug 15 16:56:55 UTC 2026] DONE sgl_ridge_nzs8q1s1_seed4 log=/workspace/dreamerv3_runs/_cloud_logs/sgl_ridge_nzs8q1s1_seed4.out elapsed=44s util_mean=0% util_peak=0% vram_mean=2MiB vram_peak=2MiB vram_total=16311MiB samples=1
[Sat Aug 15 16:56:55 UTC 2026] QUEUE_IDLE id=queue_4U7u8NpJ grace=300s
[Sat Aug 15 17:01:55 UTC 2026] QUEUE_DONE id=queue_4U7u8NpJ lane=0 failures=3
[Sat Aug 15 17:05:55 UTC 2026] QUEUE_START id=queue_N5UDTk1L lane=0 shard=0 tasks=3
[Sat Aug 15 17:05:56 UTC 2026] START sgl_ridge_nzs2q1s0_seed4 gpu=0 log=/workspace/dreamerv3_runs/_cloud_logs/sgl_ridge_nzs2q1s0_seed4.out
[Sat Aug 15 17:06:34 UTC 2026] DONE sgl_ridge_nzs2q1s0_seed4 log=/workspace/dreamerv3_runs/_cloud_logs/sgl_ridge_nzs2q1s0_seed4.out elapsed=38s util_mean=0% util_peak=0% vram_mean=2MiB vram_peak=2MiB vram_total=16311MiB samples=1
[Sat Aug 15 17:06:35 UTC 2026] START sgl_ridge_nzs2q1s1_seed4 gpu=0 log=/workspace/dreamerv3_runs/_cloud_logs/sgl_ridge_nzs2q1s1_seed4.out
[Sat Aug 15 17:07:10 UTC 2026] DONE sgl_ridge_nzs2q1s1_seed4 log=/workspace/dreamerv3_runs/_cloud_logs/sgl_ridge_nzs2q1s1_seed4.out elapsed=35s util_mean=0% util_peak=0% vram_mean=2MiB vram_peak=2MiB vram_total=16311MiB samples=1
[Sat Aug 15 17:07:11 UTC 2026] START sgl_ridge_nzs8q1s0_seed4 gpu=0 log=/workspace/dreamerv3_runs/_cloud_logs/sgl_ridge_nzs8q1s0_seed4.out
[Sat Aug 15 17:08:01 UTC 2026] DONE sgl_ridge_nzs8q1s0_seed4 log=/workspace/dreamerv3_runs/_cloud_logs/sgl_ridge_nzs8q1s0_seed4.out elapsed=50s util_mean=0% util_peak=0% vram_mean=2MiB vram_peak=2MiB vram_total=16311MiB samples=1
[Sat Aug 15 17:08:01 UTC 2026] QUEUE_IDLE id=queue_N5UDTk1L grace=300s
[Sat Aug 15 17:13:01 UTC 2026] QUEUE_DONE id=queue_N5UDTk1L lane=0 failures=0
[Sat Aug 15 18:02:16 UTC 2026] QUEUE_START id=queue_1DycISXp lane=0 shard=0 tasks=3
[Sat Aug 15 18:02:17 UTC 2026] START adapt_ax1q1s0_reacher_seed8_ckpt500000 gpu=0 log=/workspace/dreamerv3_runs/_cloud_logs/adapt_ax1q1s0_reacher_seed8_ckpt500000.out
[Sat Aug 15 18:02:24 UTC 2026] QUEUE_ADD id=queue_1DycISXp lane=0 added=3 file=/workspace/dreamerv3_runs/_waves/reacher_domain/lane_fit_adapt_apt_0.cmds
[Sat Aug 15 21:02:40 UTC 2026] DONE adapt_ax1q1s0_reacher_seed8_ckpt500000 log=/workspace/dreamerv3_runs/_cloud_logs/adapt_ax1q1s0_reacher_seed8_ckpt500000.out elapsed=10823s util_mean=94% util_peak=100% vram_mean=15218MiB vram_peak=15304MiB vram_total=16311MiB samples=181
[Sat Aug 15 21:02:41 UTC 2026] START adapt_ax1q1s0_reacher_seed9_ckpt500000 gpu=0 log=/workspace/dreamerv3_runs/_cloud_logs/adapt_ax1q1s0_reacher_seed9_ckpt500000.out
[Sat Aug 15 23:29:10 UTC 2026] QUEUE_ADD id=queue_1DycISXp lane=0 added=1 file=/workspace/dreamerv3_runs/_waves/walker_domain/lane_fit_adapt_task_0.cmds
[Sat Aug 15 23:29:16 UTC 2026] QUEUE_ADD id=queue_1DycISXp lane=0 added=1 file=/workspace/dreamerv3_runs/_waves/walker_domain/lane_fit_adapt_apt_0.cmds
[Sun Aug 16 00:02:35 UTC 2026] DONE adapt_ax1q1s0_reacher_seed9_ckpt500000 log=/workspace/dreamerv3_runs/_cloud_logs/adapt_ax1q1s0_reacher_seed9_ckpt500000.out elapsed=10794s util_mean=95% util_peak=100% vram_mean=15218MiB vram_peak=15304MiB vram_total=16311MiB samples=180
[Sun Aug 16 00:02:35 UTC 2026] START adapt_ax1q1s0_reacher_seed10_ckpt500000 gpu=0 log=/workspace/dreamerv3_runs/_cloud_logs/adapt_ax1q1s0_reacher_seed10_ckpt500000.out
