[Wed Aug 12 16:50:21 UTC 2026] QUEUE_START id=queue_Xu5dvuFS lane=1 shard=1 tasks=8
[Wed Aug 12 16:50:22 UTC 2026] START adapt_ax1sk3q1s0_finger_seed2_ckpt500000 gpu=1 log=/workspace/dreamerv3_runs/_cloud_logs/adapt_ax1sk3q1s0_finger_seed2_ckpt500000.out
[Wed Aug 12 19:33:04 UTC 2026] DONE adapt_ax1sk3q1s0_finger_seed2_ckpt500000 log=/workspace/dreamerv3_runs/_cloud_logs/adapt_ax1sk3q1s0_finger_seed2_ckpt500000.out
[Wed Aug 12 19:33:05 UTC 2026] START adapt_ax1sk3q1s1_finger_seed2_ckpt500000 gpu=1 log=/workspace/dreamerv3_runs/_cloud_logs/adapt_ax1sk3q1s1_finger_seed2_ckpt500000.out
[Wed Aug 12 22:13:25 UTC 2026] DONE adapt_ax1sk3q1s1_finger_seed2_ckpt500000 log=/workspace/dreamerv3_runs/_cloud_logs/adapt_ax1sk3q1s1_finger_seed2_ckpt500000.out
[Wed Aug 12 22:13:26 UTC 2026] START adapt_ax1fsk3q1s0_finger_seed2_ckpt500000 gpu=1 log=/workspace/dreamerv3_runs/_cloud_logs/adapt_ax1fsk3q1s0_finger_seed2_ckpt500000.out
[Thu Aug 13 01:34:41 UTC 2026] DONE adapt_ax1fsk3q1s0_finger_seed2_ckpt500000 log=/workspace/dreamerv3_runs/_cloud_logs/adapt_ax1fsk3q1s0_finger_seed2_ckpt500000.out
[Thu Aug 13 01:34:41 UTC 2026] START adapt_ax1fsk3q1s1_finger_seed2_ckpt500000 gpu=1 log=/workspace/dreamerv3_runs/_cloud_logs/adapt_ax1fsk3q1s1_finger_seed2_ckpt500000.out
[Thu Aug 13 04:55:56 UTC 2026] DONE adapt_ax1fsk3q1s1_finger_seed2_ckpt500000 log=/workspace/dreamerv3_runs/_cloud_logs/adapt_ax1fsk3q1s1_finger_seed2_ckpt500000.out
[Thu Aug 13 04:55:57 UTC 2026] START adapt_ax1sk1q1s0_finger_seed2_ckpt500000 gpu=1 log=/workspace/dreamerv3_runs/_cloud_logs/adapt_ax1sk1q1s0_finger_seed2_ckpt500000.out
[Thu Aug 13 07:30:33 UTC 2026] DONE adapt_ax1sk1q1s0_finger_seed2_ckpt500000 log=/workspace/dreamerv3_runs/_cloud_logs/adapt_ax1sk1q1s0_finger_seed2_ckpt500000.out
[Thu Aug 13 07:30:34 UTC 2026] START adapt_ax1sk1q1s1_finger_seed2_ckpt500000 gpu=1 log=/workspace/dreamerv3_runs/_cloud_logs/adapt_ax1sk1q1s1_finger_seed2_ckpt500000.out
[Thu Aug 13 10:05:33 UTC 2026] DONE adapt_ax1sk1q1s1_finger_seed2_ckpt500000 log=/workspace/dreamerv3_runs/_cloud_logs/adapt_ax1sk1q1s1_finger_seed2_ckpt500000.out
[Thu Aug 13 10:05:34 UTC 2026] START adapt_ax1fsk1q1s0_finger_seed2_ckpt500000 gpu=1 log=/workspace/dreamerv3_runs/_cloud_logs/adapt_ax1fsk1q1s0_finger_seed2_ckpt500000.out
[Thu Aug 13 13:00:52 UTC 2026] DONE adapt_ax1fsk1q1s0_finger_seed2_ckpt500000 log=/workspace/dreamerv3_runs/_cloud_logs/adapt_ax1fsk1q1s0_finger_seed2_ckpt500000.out
[Thu Aug 13 13:00:52 UTC 2026] START adapt_ax1fsk1q1s1_finger_seed2_ckpt500000 gpu=1 log=/workspace/dreamerv3_runs/_cloud_logs/adapt_ax1fsk1q1s1_finger_seed2_ckpt500000.out
[Thu Aug 13 15:56:00 UTC 2026] DONE adapt_ax1fsk1q1s1_finger_seed2_ckpt500000 log=/workspace/dreamerv3_runs/_cloud_logs/adapt_ax1fsk1q1s1_finger_seed2_ckpt500000.out
[Thu Aug 13 15:56:00 UTC 2026] QUEUE_IDLE id=queue_Xu5dvuFS grace=300s
[Thu Aug 13 16:01:00 UTC 2026] QUEUE_DONE id=queue_Xu5dvuFS lane=1 failures=0
[Thu Aug 13 16:53:48 UTC 2026] QUEUE_START id=queue_vMtUnK7N lane=1 shard=1 tasks=3
[Thu Aug 13 16:53:49 UTC 2026] START pretrain_random_reacher_seed2 gpu=1 log=/workspace/dreamerv3_runs/_cloud_logs/pretrain_random_reacher_seed2.out
[Thu Aug 13 18:25:52 UTC 2026] DONE pretrain_random_reacher_seed2 log=/workspace/dreamerv3_runs/_cloud_logs/pretrain_random_reacher_seed2.out
[Thu Aug 13 18:25:52 UTC 2026] START pretrain_p2e_reacher_seed2 gpu=1 log=/workspace/dreamerv3_runs/_cloud_logs/pretrain_p2e_reacher_seed2.out
[Fri Aug 14 00:45:56 UTC 2026] DONE pretrain_p2e_reacher_seed2 log=/workspace/dreamerv3_runs/_cloud_logs/pretrain_p2e_reacher_seed2.out
[Fri Aug 14 00:45:57 UTC 2026] START pretrain_apt_reacher_seed2 gpu=1 log=/workspace/dreamerv3_runs/_cloud_logs/pretrain_apt_reacher_seed2.out
[Fri Aug 14 05:08:51 UTC 2026] QUEUE_ADD id=queue_vMtUnK7N lane=1 added=4 file=/tmp/walker_axis1_lane1.cmds
[Fri Aug 14 05:43:00 UTC 2026] DONE pretrain_apt_reacher_seed2 log=/workspace/dreamerv3_runs/_cloud_logs/pretrain_apt_reacher_seed2.out
[Fri Aug 14 05:43:00 UTC 2026] START adapt_ax1q1s0_walker_seed14_ckpt500000 gpu=1 log=/workspace/dreamerv3_runs/_cloud_logs/adapt_ax1q1s0_walker_seed14_ckpt500000.out
[Fri Aug 14 08:41:03 UTC 2026] DONE adapt_ax1q1s0_walker_seed14_ckpt500000 log=/workspace/dreamerv3_runs/_cloud_logs/adapt_ax1q1s0_walker_seed14_ckpt500000.out
[Fri Aug 14 08:41:04 UTC 2026] START adapt_ax1fq1s0_walker_seed14_ckpt500000 gpu=1 log=/workspace/dreamerv3_runs/_cloud_logs/adapt_ax1fq1s0_walker_seed14_ckpt500000.out
[Fri Aug 14 13:58:33 UTC 2026] DONE adapt_ax1fq1s0_walker_seed14_ckpt500000 log=/workspace/dreamerv3_runs/_cloud_logs/adapt_ax1fq1s0_walker_seed14_ckpt500000.out
[Fri Aug 14 13:58:34 UTC 2026] START adapt_ax1q1s1_walker_seed14_ckpt500000 gpu=1 log=/workspace/dreamerv3_runs/_cloud_logs/adapt_ax1q1s1_walker_seed14_ckpt500000.out
[Fri Aug 14 16:55:22 UTC 2026] DONE adapt_ax1q1s1_walker_seed14_ckpt500000 log=/workspace/dreamerv3_runs/_cloud_logs/adapt_ax1q1s1_walker_seed14_ckpt500000.out
[Fri Aug 14 16:55:23 UTC 2026] START adapt_ax1fq1s1_walker_seed14_ckpt500000 gpu=1 log=/workspace/dreamerv3_runs/_cloud_logs/adapt_ax1fq1s1_walker_seed14_ckpt500000.out
[Fri Aug 14 22:11:36 UTC 2026] DONE adapt_ax1fq1s1_walker_seed14_ckpt500000 log=/workspace/dreamerv3_runs/_cloud_logs/adapt_ax1fq1s1_walker_seed14_ckpt500000.out
[Fri Aug 14 22:11:36 UTC 2026] QUEUE_IDLE id=queue_vMtUnK7N grace=300s
[Fri Aug 14 22:16:36 UTC 2026] QUEUE_DONE id=queue_vMtUnK7N lane=1 failures=0
[Fri Aug 14 22:18:49 UTC 2026] QUEUE_START id=queue_KjjCl55q lane=1 shard=1 tasks=4
[Fri Aug 14 22:18:50 UTC 2026] START adapt_ax1fnzs2q1s0_finger_seed3_ckpt500000 gpu=1 log=/workspace/dreamerv3_runs/_cloud_logs/adapt_ax1fnzs2q1s0_finger_seed3_ckpt500000.out
[Sat Aug 15 03:36:34 UTC 2026] DONE adapt_ax1fnzs2q1s0_finger_seed3_ckpt500000 log=/workspace/dreamerv3_runs/_cloud_logs/adapt_ax1fnzs2q1s0_finger_seed3_ckpt500000.out
[Sat Aug 15 03:36:34 UTC 2026] START adapt_ax1fnzs2q1s1_finger_seed3_ckpt500000 gpu=1 log=/workspace/dreamerv3_runs/_cloud_logs/adapt_ax1fnzs2q1s1_finger_seed3_ckpt500000.out
[Sat Aug 15 08:54:26 UTC 2026] DONE adapt_ax1fnzs2q1s1_finger_seed3_ckpt500000 log=/workspace/dreamerv3_runs/_cloud_logs/adapt_ax1fnzs2q1s1_finger_seed3_ckpt500000.out
[Sat Aug 15 08:54:27 UTC 2026] START adapt_ax1nzs8q1s1_finger_seed3_ckpt500000 gpu=1 log=/workspace/dreamerv3_runs/_cloud_logs/adapt_ax1nzs8q1s1_finger_seed3_ckpt500000.out
[Sat Aug 15 11:53:27 UTC 2026] DONE adapt_ax1nzs8q1s1_finger_seed3_ckpt500000 log=/workspace/dreamerv3_runs/_cloud_logs/adapt_ax1nzs8q1s1_finger_seed3_ckpt500000.out
[Sat Aug 15 11:53:28 UTC 2026] START adapt_ax1nzs8q1s0_finger_seed3_ckpt500000 gpu=1 log=/workspace/dreamerv3_runs/_cloud_logs/adapt_ax1nzs8q1s0_finger_seed3_ckpt500000.out
[Sat Aug 15 14:52:51 UTC 2026] DONE adapt_ax1nzs8q1s0_finger_seed3_ckpt500000 log=/workspace/dreamerv3_runs/_cloud_logs/adapt_ax1nzs8q1s0_finger_seed3_ckpt500000.out
[Sat Aug 15 14:52:51 UTC 2026] QUEUE_IDLE id=queue_KjjCl55q grace=300s
[Sat Aug 15 14:57:52 UTC 2026] QUEUE_DONE id=queue_KjjCl55q lane=1 failures=0
[Sat Aug 15 16:54:13 UTC 2026] QUEUE_START id=queue_BivqSJHD lane=1 shard=1 tasks=4
[Sat Aug 15 16:54:14 UTC 2026] START sgl_ridge_fnzs2q1s0_seed3 gpu=1 log=/workspace/dreamerv3_runs/_cloud_logs/sgl_ridge_fnzs2q1s0_seed3.out
[Sat Aug 15 16:54:55 UTC 2026] FAIL sgl_ridge_fnzs2q1s0_seed3 rc=1 log=/workspace/dreamerv3_runs/_cloud_logs/sgl_ridge_fnzs2q1s0_seed3.out elapsed=41s util_mean=0% util_peak=0% vram_mean=2MiB vram_peak=2MiB vram_total=16311MiB samples=1
[Sat Aug 15 16:54:55 UTC 2026] CLASS sgl_ridge_fnzs2q1s0_seed3 unknown retry=unknown
[Sat Aug 15 16:54:56 UTC 2026] START sgl_ridge_fnzs2q1s1_seed3 gpu=1 log=/workspace/dreamerv3_runs/_cloud_logs/sgl_ridge_fnzs2q1s1_seed3.out
[Sat Aug 15 16:55:41 UTC 2026] FAIL sgl_ridge_fnzs2q1s1_seed3 rc=1 log=/workspace/dreamerv3_runs/_cloud_logs/sgl_ridge_fnzs2q1s1_seed3.out elapsed=45s util_mean=0% util_peak=0% vram_mean=2MiB vram_peak=2MiB vram_total=16311MiB samples=1
[Sat Aug 15 16:55:41 UTC 2026] CLASS sgl_ridge_fnzs2q1s1_seed3 unknown retry=unknown
[Sat Aug 15 16:55:42 UTC 2026] START sgl_ridge_fnzs8q1s0_seed3 gpu=1 log=/workspace/dreamerv3_runs/_cloud_logs/sgl_ridge_fnzs8q1s0_seed3.out
[Sat Aug 15 16:56:41 UTC 2026] FAIL sgl_ridge_fnzs8q1s0_seed3 rc=1 log=/workspace/dreamerv3_runs/_cloud_logs/sgl_ridge_fnzs8q1s0_seed3.out elapsed=59s util_mean=0% util_peak=0% vram_mean=2MiB vram_peak=2MiB vram_total=16311MiB samples=1
[Sat Aug 15 16:56:41 UTC 2026] CLASS sgl_ridge_fnzs8q1s0_seed3 unknown retry=unknown
[Sat Aug 15 16:56:42 UTC 2026] START sgl_ridge_fnzs8q1s1_seed3 gpu=1 log=/workspace/dreamerv3_runs/_cloud_logs/sgl_ridge_fnzs8q1s1_seed3.out
[Sat Aug 15 16:57:55 UTC 2026] DONE sgl_ridge_fnzs8q1s1_seed3 log=/workspace/dreamerv3_runs/_cloud_logs/sgl_ridge_fnzs8q1s1_seed3.out elapsed=73s util_mean=0% util_peak=0% vram_mean=183MiB vram_peak=366MiB vram_total=16311MiB samples=2
[Sat Aug 15 16:57:55 UTC 2026] QUEUE_IDLE id=queue_BivqSJHD grace=300s
[Sat Aug 15 17:02:55 UTC 2026] QUEUE_DONE id=queue_BivqSJHD lane=1 failures=3
[Sat Aug 15 17:05:45 UTC 2026] QUEUE_START id=queue_k05Q8AMf lane=1 shard=1 tasks=3
[Sat Aug 15 17:05:45 UTC 2026] START sgl_ridge_fnzs2q1s0_seed3 gpu=1 log=/workspace/dreamerv3_runs/_cloud_logs/sgl_ridge_fnzs2q1s0_seed3.out
[Sat Aug 15 17:06:22 UTC 2026] DONE sgl_ridge_fnzs2q1s0_seed3 log=/workspace/dreamerv3_runs/_cloud_logs/sgl_ridge_fnzs2q1s0_seed3.out elapsed=37s util_mean=0% util_peak=0% vram_mean=2MiB vram_peak=2MiB vram_total=16311MiB samples=1
[Sat Aug 15 17:06:23 UTC 2026] START sgl_ridge_fnzs2q1s1_seed3 gpu=1 log=/workspace/dreamerv3_runs/_cloud_logs/sgl_ridge_fnzs2q1s1_seed3.out
[Sat Aug 15 17:07:01 UTC 2026] DONE sgl_ridge_fnzs2q1s1_seed3 log=/workspace/dreamerv3_runs/_cloud_logs/sgl_ridge_fnzs2q1s1_seed3.out elapsed=38s util_mean=1% util_peak=1% vram_mean=2MiB vram_peak=2MiB vram_total=16311MiB samples=1
[Sat Aug 15 17:07:01 UTC 2026] START sgl_ridge_fnzs8q1s0_seed3 gpu=1 log=/workspace/dreamerv3_runs/_cloud_logs/sgl_ridge_fnzs8q1s0_seed3.out
[Sat Aug 15 17:07:31 UTC 2026] DONE sgl_ridge_fnzs8q1s0_seed3 log=/workspace/dreamerv3_runs/_cloud_logs/sgl_ridge_fnzs8q1s0_seed3.out elapsed=30s util_mean=0% util_peak=0% vram_mean=2MiB vram_peak=2MiB vram_total=16311MiB samples=1
[Sat Aug 15 17:07:31 UTC 2026] QUEUE_IDLE id=queue_k05Q8AMf grace=300s
[Sat Aug 15 17:12:31 UTC 2026] QUEUE_DONE id=queue_k05Q8AMf lane=1 failures=0
[Sat Aug 15 18:01:58 UTC 2026] QUEUE_START id=queue_DZRtEuPk lane=1 shard=1 tasks=3
[Sat Aug 15 18:01:59 UTC 2026] START adapt_ax1q1s1_reacher_seed5_ckpt500000 gpu=1 log=/workspace/dreamerv3_runs/_cloud_logs/adapt_ax1q1s1_reacher_seed5_ckpt500000.out
[Sat Aug 15 18:02:06 UTC 2026] QUEUE_ADD id=queue_DZRtEuPk lane=1 added=3 file=/workspace/dreamerv3_runs/_waves/reacher_domain/lane_fit_adapt_apt_1.cmds
[Sat Aug 15 20:59:24 UTC 2026] DONE adapt_ax1q1s1_reacher_seed5_ckpt500000 log=/workspace/dreamerv3_runs/_cloud_logs/adapt_ax1q1s1_reacher_seed5_ckpt500000.out elapsed=10645s util_mean=97% util_peak=100% vram_mean=15217MiB vram_peak=15304MiB vram_total=16311MiB samples=178
[Sat Aug 15 20:59:24 UTC 2026] START adapt_ax1q1s1_reacher_seed6_ckpt500000 gpu=1 log=/workspace/dreamerv3_runs/_cloud_logs/adapt_ax1q1s1_reacher_seed6_ckpt500000.out
[Sat Aug 15 23:28:53 UTC 2026] QUEUE_ADD id=queue_DZRtEuPk lane=1 added=1 file=/workspace/dreamerv3_runs/_waves/walker_domain/lane_fit_adapt_task_1.cmds
[Sat Aug 15 23:29:01 UTC 2026] QUEUE_ADD id=queue_DZRtEuPk lane=1 added=1 file=/workspace/dreamerv3_runs/_waves/walker_domain/lane_fit_adapt_apt_1.cmds
[Sat Aug 15 23:56:42 UTC 2026] DONE adapt_ax1q1s1_reacher_seed6_ckpt500000 log=/workspace/dreamerv3_runs/_cloud_logs/adapt_ax1q1s1_reacher_seed6_ckpt500000.out elapsed=10638s util_mean=97% util_peak=100% vram_mean=15217MiB vram_peak=15304MiB vram_total=16311MiB samples=178
[Sat Aug 15 23:56:43 UTC 2026] START adapt_ax1q1s1_reacher_seed7_ckpt500000 gpu=1 log=/workspace/dreamerv3_runs/_cloud_logs/adapt_ax1q1s1_reacher_seed7_ckpt500000.out
