[Fri Aug 14 22:09:17 UTC 2026] QUEUE_START id=queue_HWVOVle8 lane=2 shard=2 tasks=8
[Fri Aug 14 22:09:18 UTC 2026] START adapt_ax1nzs2q1s1_finger_seed1_ckpt500000 gpu=2 log=/workspace/dreamerv3_runs/_cloud_logs/adapt_ax1nzs2q1s1_finger_seed1_ckpt500000.out
[Sat Aug 15 01:07:40 UTC 2026] DONE adapt_ax1nzs2q1s1_finger_seed1_ckpt500000 log=/workspace/dreamerv3_runs/_cloud_logs/adapt_ax1nzs2q1s1_finger_seed1_ckpt500000.out
[Sat Aug 15 01:07:41 UTC 2026] START adapt_ax1fnzs8q1s1_finger_seed1_ckpt500000 gpu=2 log=/workspace/dreamerv3_runs/_cloud_logs/adapt_ax1fnzs8q1s1_finger_seed1_ckpt500000.out
[Sat Aug 15 06:28:07 UTC 2026] DONE adapt_ax1fnzs8q1s1_finger_seed1_ckpt500000 log=/workspace/dreamerv3_runs/_cloud_logs/adapt_ax1fnzs8q1s1_finger_seed1_ckpt500000.out
[Sat Aug 15 06:28:08 UTC 2026] START adapt_ax1nzs2q1s0_finger_seed2_ckpt500000 gpu=2 log=/workspace/dreamerv3_runs/_cloud_logs/adapt_ax1nzs2q1s0_finger_seed2_ckpt500000.out
[Sat Aug 15 09:45:27 UTC 2026] DONE adapt_ax1nzs2q1s0_finger_seed2_ckpt500000 log=/workspace/dreamerv3_runs/_cloud_logs/adapt_ax1nzs2q1s0_finger_seed2_ckpt500000.out
[Sat Aug 15 09:45:28 UTC 2026] START adapt_ax1fnzs8q1s0_finger_seed2_ckpt500000 gpu=2 log=/workspace/dreamerv3_runs/_cloud_logs/adapt_ax1fnzs8q1s0_finger_seed2_ckpt500000.out
[Sat Aug 15 15:15:32 UTC 2026] DONE adapt_ax1fnzs8q1s0_finger_seed2_ckpt500000 log=/workspace/dreamerv3_runs/_cloud_logs/adapt_ax1fnzs8q1s0_finger_seed2_ckpt500000.out
[Sat Aug 15 15:15:32 UTC 2026] QUEUE_IDLE id=queue_HWVOVle8 grace=300s
[Sat Aug 15 15:20:32 UTC 2026] QUEUE_DONE id=queue_HWVOVle8 lane=2 failures=0
[Sat Aug 15 16:45:02 UTC 2026] QUEUE_START id=queue_X1mMS7Sg lane=2 shard=2 tasks=4
[Sat Aug 15 16:45:02 UTC 2026] START sgl_ridge_nzs2q1s0_seed2 gpu=2 log=/workspace/dreamerv3_runs/_cloud_logs/sgl_ridge_nzs2q1s0_seed2.out
[Sat Aug 15 16:45:02 UTC 2026] FAIL sgl_ridge_nzs2q1s0_seed2 rc=2 log=/workspace/dreamerv3_runs/_cloud_logs/sgl_ridge_nzs2q1s0_seed2.out elapsed=0s 
[Sat Aug 15 16:45:02 UTC 2026] CLASS sgl_ridge_nzs2q1s0_seed2 unknown retry=unknown
[Sat Aug 15 16:45:04 UTC 2026] START sgl_ridge_nzs2q1s1_seed2 gpu=2 log=/workspace/dreamerv3_runs/_cloud_logs/sgl_ridge_nzs2q1s1_seed2.out
[Sat Aug 15 16:45:04 UTC 2026] FAIL sgl_ridge_nzs2q1s1_seed2 rc=2 log=/workspace/dreamerv3_runs/_cloud_logs/sgl_ridge_nzs2q1s1_seed2.out elapsed=0s 
[Sat Aug 15 16:45:04 UTC 2026] CLASS sgl_ridge_nzs2q1s1_seed2 unknown retry=unknown
[Sat Aug 15 16:45:05 UTC 2026] START sgl_ridge_nzs8q1s0_seed2 gpu=2 log=/workspace/dreamerv3_runs/_cloud_logs/sgl_ridge_nzs8q1s0_seed2.out
[Sat Aug 15 16:45:05 UTC 2026] FAIL sgl_ridge_nzs8q1s0_seed2 rc=2 log=/workspace/dreamerv3_runs/_cloud_logs/sgl_ridge_nzs8q1s0_seed2.out elapsed=0s 
[Sat Aug 15 16:45:05 UTC 2026] CLASS sgl_ridge_nzs8q1s0_seed2 unknown retry=unknown
[Sat Aug 15 16:45:07 UTC 2026] START sgl_ridge_nzs8q1s1_seed2 gpu=2 log=/workspace/dreamerv3_runs/_cloud_logs/sgl_ridge_nzs8q1s1_seed2.out
[Sat Aug 15 16:45:07 UTC 2026] FAIL sgl_ridge_nzs8q1s1_seed2 rc=2 log=/workspace/dreamerv3_runs/_cloud_logs/sgl_ridge_nzs8q1s1_seed2.out elapsed=0s 
[Sat Aug 15 16:45:07 UTC 2026] CLASS sgl_ridge_nzs8q1s1_seed2 unknown retry=unknown
[Sat Aug 15 16:45:07 UTC 2026] QUEUE_IDLE id=queue_X1mMS7Sg grace=300s
[Sat Aug 15 16:49:10 UTC 2026] QUEUE_ADD id=queue_X1mMS7Sg lane=2 added=4 file=/workspace/dreamerv3_runs/_waves/sigma_ladder/lane_ridge_2.cmds
[Sat Aug 15 16:49:38 UTC 2026] START sgl_ridge_nzs2q1s0_seed2 gpu=2 log=/workspace/dreamerv3_runs/_cloud_logs/sgl_ridge_nzs2q1s0_seed2.out
[Sat Aug 15 16:58:39 UTC 2026] DONE sgl_ridge_nzs2q1s0_seed2 log=/workspace/dreamerv3_runs/_cloud_logs/sgl_ridge_nzs2q1s0_seed2.out elapsed=540s util_mean=0% util_peak=0% vram_mean=318MiB vram_peak=366MiB vram_total=16311MiB samples=9
[Sat Aug 15 16:58:42 UTC 2026] START sgl_ridge_nzs2q1s1_seed2 gpu=2 log=/workspace/dreamerv3_runs/_cloud_logs/sgl_ridge_nzs2q1s1_seed2.out
[Sat Aug 15 17:07:34 UTC 2026] DONE sgl_ridge_nzs2q1s1_seed2 log=/workspace/dreamerv3_runs/_cloud_logs/sgl_ridge_nzs2q1s1_seed2.out elapsed=532s util_mean=0% util_peak=0% vram_mean=305MiB vram_peak=366MiB vram_total=16311MiB samples=9
[Sat Aug 15 17:07:36 UTC 2026] START sgl_ridge_nzs8q1s0_seed2 gpu=2 log=/workspace/dreamerv3_runs/_cloud_logs/sgl_ridge_nzs8q1s0_seed2.out
[Sat Aug 15 17:16:15 UTC 2026] DONE sgl_ridge_nzs8q1s0_seed2 log=/workspace/dreamerv3_runs/_cloud_logs/sgl_ridge_nzs8q1s0_seed2.out elapsed=519s util_mean=0% util_peak=0% vram_mean=304MiB vram_peak=366MiB vram_total=16311MiB samples=9
[Sat Aug 15 17:16:18 UTC 2026] START sgl_ridge_nzs8q1s1_seed2 gpu=2 log=/workspace/dreamerv3_runs/_cloud_logs/sgl_ridge_nzs8q1s1_seed2.out
[Sat Aug 15 17:17:57 UTC 2026] DONE sgl_ridge_nzs8q1s1_seed2 log=/workspace/dreamerv3_runs/_cloud_logs/sgl_ridge_nzs8q1s1_seed2.out elapsed=99s util_mean=0% util_peak=0% vram_mean=88MiB vram_peak=174MiB vram_total=16311MiB samples=2
[Sat Aug 15 17:17:57 UTC 2026] QUEUE_IDLE id=queue_X1mMS7Sg grace=300s
[Sat Aug 15 17:22:58 UTC 2026] QUEUE_DONE id=queue_X1mMS7Sg lane=2 failures=4
[Sat Aug 15 18:02:56 UTC 2026] QUEUE_START id=queue_IEqaHjqh lane=2 shard=2 tasks=3
[Sat Aug 15 18:02:57 UTC 2026] START adapt_ax1q1s0_reacher_seed12_ckpt500000 gpu=2 log=/workspace/dreamerv3_runs/_cloud_logs/adapt_ax1q1s0_reacher_seed12_ckpt500000.out
[Sat Aug 15 18:03:15 UTC 2026] QUEUE_ADD id=queue_IEqaHjqh lane=2 added=3 file=/workspace/dreamerv3_runs/_waves/reacher_domain/lane_fit_adapt_apt_2.cmds
[Sat Aug 15 21:31:26 UTC 2026] DONE adapt_ax1q1s0_reacher_seed12_ckpt500000 log=/workspace/dreamerv3_runs/_cloud_logs/adapt_ax1q1s0_reacher_seed12_ckpt500000.out elapsed=12509s util_mean=96% util_peak=100% vram_mean=15228MiB vram_peak=15302MiB vram_total=16311MiB samples=209
[Sat Aug 15 21:31:27 UTC 2026] START adapt_ax1q1s0_reacher_seed14_ckpt500000 gpu=2 log=/workspace/dreamerv3_runs/_cloud_logs/adapt_ax1q1s0_reacher_seed14_ckpt500000.out
[Sat Aug 15 23:29:53 UTC 2026] QUEUE_ADD id=queue_IEqaHjqh lane=2 added=2 file=/workspace/dreamerv3_runs/_waves/walker_domain/lane_fit_adapt_apt_2.cmds
