[Sat Jul 18 02:38:54 UTC 2026] launcher worker start gpu=6 shard=6/16 arm= transform=srd0 seeds=1 2 3 4 5 6 7 8
[Sat Jul 18 02:38:54 UTC 2026] START shard=6/16 gpu=6 run=adapt_ax1srd0q1s0_finger_seed7_ckpt500000
[Sat Jul 18 02:40:27 UTC 2026] FAILED run=adapt_ax1srd0q1s0_finger_seed7_ckpt500000 rc=1 log=/workspace/dreamerv3_runs/_cloud_logs/adapt_ax1srd0q1s0_finger_seed7_ckpt500000.out
[Sat Jul 18 02:40:27 UTC 2026] launcher worker end gpu=6 shard=6/16 rc=1
[Sat Jul 18 02:40:28 UTC 2026] launcher worker start gpu=6 shard=6/16 arm= transform=srd1 seeds=1 2 3 4 5 6 7 8
[Sat Jul 18 02:40:28 UTC 2026] START shard=6/16 gpu=6 run=adapt_ax1srd1q1s0_finger_seed7_ckpt500000
[Sat Jul 18 02:42:00 UTC 2026] FAILED run=adapt_ax1srd1q1s0_finger_seed7_ckpt500000 rc=1 log=/workspace/dreamerv3_runs/_cloud_logs/adapt_ax1srd1q1s0_finger_seed7_ckpt500000.out
[Sat Jul 18 02:42:00 UTC 2026] launcher worker end gpu=6 shard=6/16 rc=1
[Sat Jul 18 02:42:01 UTC 2026] launcher worker start gpu=6 shard=6/16 arm= transform=sid seeds=1 2 3 4 5 6 7 8
[Sat Jul 18 02:42:01 UTC 2026] START shard=6/16 gpu=6 run=adapt_ax1sidq1s0_finger_seed7_ckpt500000
[Sat Jul 18 02:43:32 UTC 2026] FAILED run=adapt_ax1sidq1s0_finger_seed7_ckpt500000 rc=1 log=/workspace/dreamerv3_runs/_cloud_logs/adapt_ax1sidq1s0_finger_seed7_ckpt500000.out
[Sat Jul 18 02:43:32 UTC 2026] launcher worker end gpu=6 shard=6/16 rc=1
[Sat Jul 18 03:28:08 UTC 2026] launcher worker start gpu=6 shard=6/16 arm= transform=srd0 seeds=1 2 3 4 5 6 7 8
[Sat Jul 18 03:28:08 UTC 2026] START shard=6/16 gpu=6 run=adapt_ax1srd0q1s0_finger_seed7_ckpt500000
[Sat Jul 18 07:25:31 UTC 2026] DONE run=adapt_ax1srd0q1s0_finger_seed7_ckpt500000 log=/workspace/dreamerv3_runs/_cloud_logs/adapt_ax1srd0q1s0_finger_seed7_ckpt500000.out
[Sat Jul 18 07:25:31 UTC 2026] shard=6 finished ran=1
[Sat Jul 18 07:25:31 UTC 2026] launcher worker end gpu=6 shard=6/16 rc=0
[Sat Jul 18 07:28:53 UTC 2026] launcher worker start gpu=6 shard=6/16 arm= transform=srd1 seeds=1 2 3 4 5 6 7 8
[Sat Jul 18 07:28:53 UTC 2026] START shard=6/16 gpu=6 run=adapt_ax1srd1q1s0_finger_seed7_ckpt500000
[Sat Jul 18 11:26:10 UTC 2026] DONE run=adapt_ax1srd1q1s0_finger_seed7_ckpt500000 log=/workspace/dreamerv3_runs/_cloud_logs/adapt_ax1srd1q1s0_finger_seed7_ckpt500000.out
[Sat Jul 18 11:26:10 UTC 2026] shard=6 finished ran=1
[Sat Jul 18 11:26:10 UTC 2026] launcher worker end gpu=6 shard=6/16 rc=0
[Sat Jul 18 11:29:33 UTC 2026] launcher worker start gpu=6 shard=6/16 arm= transform=sid seeds=1 2 3 4 5 6 7 8
[Sat Jul 18 11:29:33 UTC 2026] START shard=6/16 gpu=6 run=adapt_ax1sidq1s0_finger_seed7_ckpt500000
[Sat Jul 18 15:27:01 UTC 2026] DONE run=adapt_ax1sidq1s0_finger_seed7_ckpt500000 log=/workspace/dreamerv3_runs/_cloud_logs/adapt_ax1sidq1s0_finger_seed7_ckpt500000.out
[Sat Jul 18 15:27:01 UTC 2026] shard=6 finished ran=1
[Sat Jul 18 15:27:01 UTC 2026] launcher worker end gpu=6 shard=6/16 rc=0
