[Sat Jul 18 18:28:21 UTC 2026] tdmpc2_f1 start label=inst5 shard=1 gpu=1 tasks=1
[Sat Jul 18 18:28:21 UTC 2026] tdmpc2_f1 done label=inst5 shard=1 gpu=1
nohup: ignoring input
[Sat Jul 18 21:26:18 UTC 2026] START worker label=inst5 gpu=1 arm=aware side=0 seeds=10 14
[Sat Jul 18 21:26:18 UTC 2026] START gpu=1 adapt_tm2awareq1s0_finger_seed10_ckpt500000
[Sun Jul 19 05:54:31 UTC 2026] START gpu=1 run=adapt_ax1fv4q1v400s0_finger_seed2_ckpt500000
[Sun Jul 19 06:34:48 UTC 2026] DONE adapt_tm2awareq1s0_finger_seed10_ckpt500000
[Sun Jul 19 06:34:48 UTC 2026] START gpu=1 adapt_tm2awareq1s0_finger_seed14_ckpt500000
[Sun Jul 19 14:43:47 UTC 2026] START gpu=1 run=adapt_tm2awareq1s0_finger_seed15_ckpt500000
[Sun Jul 19 17:32:23 UTC 2026] START gpu=1 adapt_ax1rd1q1s0_synth_seed102_ckpt500000
[Sun Jul 19 17:56:01 UTC 2026] DONE gpu=1 adapt_ax1rd1q1s0_synth_seed102_ckpt500000 rc=0 log=/workspace/dreamerv3_runs/_cloud_logs/adapt_ax1rd1q1s0_synth_seed102_ckpt500000.out
[Sun Jul 19 17:56:01 UTC 2026] START gpu=1 adapt_ax1rd2q1s0_synth_seed103_ckpt500000
[Sun Jul 19 18:19:23 UTC 2026] DONE gpu=1 adapt_ax1rd2q1s0_synth_seed103_ckpt500000 rc=0 log=/workspace/dreamerv3_runs/_cloud_logs/adapt_ax1rd2q1s0_synth_seed103_ckpt500000.out
[Sun Jul 19 18:19:23 UTC 2026] START gpu=1 adapt_ax1rd4q1s0_synth_seed101_ckpt500000
[Sun Jul 19 18:42:49 UTC 2026] DONE gpu=1 adapt_ax1rd4q1s0_synth_seed101_ckpt500000 rc=0 log=/workspace/dreamerv3_runs/_cloud_logs/adapt_ax1rd4q1s0_synth_seed101_ckpt500000.out
[Sun Jul 19 18:42:49 UTC 2026] START gpu=1 adapt_ax1rd1q1s1_synth_seed102_ckpt500000
[Sun Jul 19 19:05:55 UTC 2026] DONE gpu=1 adapt_ax1rd1q1s1_synth_seed102_ckpt500000 rc=0 log=/workspace/dreamerv3_runs/_cloud_logs/adapt_ax1rd1q1s1_synth_seed102_ckpt500000.out
[Sun Jul 19 19:05:55 UTC 2026] START gpu=1 adapt_ax1rd2q1s1_synth_seed103_ckpt500000
[Sun Jul 19 19:28:33 UTC 2026] DONE gpu=1 adapt_ax1rd2q1s1_synth_seed103_ckpt500000 rc=0 log=/workspace/dreamerv3_runs/_cloud_logs/adapt_ax1rd2q1s1_synth_seed103_ckpt500000.out
[Sun Jul 19 19:28:33 UTC 2026] START gpu=1 adapt_ax1rd4q1s1_synth_seed101_ckpt500000
[Sun Jul 19 19:51:44 UTC 2026] DONE gpu=1 adapt_ax1rd4q1s1_synth_seed101_ckpt500000 rc=0 log=/workspace/dreamerv3_runs/_cloud_logs/adapt_ax1rd4q1s1_synth_seed101_ckpt500000.out
[Sun Jul 19 20:21:32 UTC 2026] START gpu=1 adapt_ax1rd4q1s0_synth_seed103_ckpt500000ax1wm_synth_q1s0_seed40103
[Sun Jul 19 20:25:54 UTC 2026] START gpu=1 adapt_ax1rd4q1s0_synth_seed103_ckpt500000
[Sun Jul 19 20:48:48 UTC 2026] DONE gpu=1 adapt_ax1rd4q1s0_synth_seed103_ckpt500000 rc=0 log=/workspace/dreamerv3_runs/_cloud_logs/adapt_ax1rd4q1s0_synth_seed103_ckpt500000.out
[Sun Jul 19 20:48:48 UTC 2026] START gpu=1 adapt_ax1rd3q1s1_synth_seed102_ckpt500000
[Sun Jul 19 21:11:21 UTC 2026] DONE gpu=1 adapt_ax1rd3q1s1_synth_seed102_ckpt500000 rc=0 log=/workspace/dreamerv3_runs/_cloud_logs/adapt_ax1rd3q1s1_synth_seed102_ckpt500000.out
