[Sat Jul 18 18:28:21 UTC 2026] tdmpc2_f1 start label=inst5 shard=2 gpu=2 tasks=1
[Sat Jul 18 18:28:21 UTC 2026] tdmpc2_f1 done label=inst5 shard=2 gpu=2
nohup: ignoring input
[Sat Jul 18 21:26:18 UTC 2026] START worker label=inst5 gpu=2 arm=aware side=0 seeds=11 15
[Sat Jul 18 21:26:18 UTC 2026] START gpu=2 adapt_tm2awareq1s0_finger_seed11_ckpt500000
[Sun Jul 19 05:54:31 UTC 2026] START gpu=2 run=adapt_ax1fv4q1v400s0_finger_seed3_ckpt500000
[Sun Jul 19 07:02:15 UTC 2026] DONE adapt_tm2awareq1s0_finger_seed11_ckpt500000
[Sun Jul 19 07:02:15 UTC 2026] START gpu=2 adapt_tm2awareq1s0_finger_seed15_ckpt500000
[Sun Jul 19 14:43:47 UTC 2026] START gpu=2 run=adapt_tm2awareq1s1_finger_seed13_ckpt500000
[Sun Jul 19 17:32:23 UTC 2026] START gpu=2 adapt_ax1rd1q1s0_synth_seed103_ckpt500000
[Sun Jul 19 17:55:51 UTC 2026] DONE gpu=2 adapt_ax1rd1q1s0_synth_seed103_ckpt500000 rc=0 log=/workspace/dreamerv3_runs/_cloud_logs/adapt_ax1rd1q1s0_synth_seed103_ckpt500000.out
[Sun Jul 19 17:55:51 UTC 2026] START gpu=2 adapt_ax1rd3q1s0_synth_seed101_ckpt500000
[Sun Jul 19 18:18:36 UTC 2026] DONE gpu=2 adapt_ax1rd3q1s0_synth_seed101_ckpt500000 rc=0 log=/workspace/dreamerv3_runs/_cloud_logs/adapt_ax1rd3q1s0_synth_seed101_ckpt500000.out
[Sun Jul 19 18:18:36 UTC 2026] START gpu=2 adapt_ax1rd4q1s0_synth_seed102_ckpt500000
[Sun Jul 19 18:41:53 UTC 2026] DONE gpu=2 adapt_ax1rd4q1s0_synth_seed102_ckpt500000 rc=0 log=/workspace/dreamerv3_runs/_cloud_logs/adapt_ax1rd4q1s0_synth_seed102_ckpt500000.out
[Sun Jul 19 18:41:53 UTC 2026] START gpu=2 adapt_ax1rd1q1s1_synth_seed103_ckpt500000
[Sun Jul 19 19:04:45 UTC 2026] DONE gpu=2 adapt_ax1rd1q1s1_synth_seed103_ckpt500000 rc=0 log=/workspace/dreamerv3_runs/_cloud_logs/adapt_ax1rd1q1s1_synth_seed103_ckpt500000.out
[Sun Jul 19 19:04:45 UTC 2026] START gpu=2 adapt_ax1rd3q1s1_synth_seed101_ckpt500000
[Sun Jul 19 19:28:02 UTC 2026] DONE gpu=2 adapt_ax1rd3q1s1_synth_seed101_ckpt500000 rc=0 log=/workspace/dreamerv3_runs/_cloud_logs/adapt_ax1rd3q1s1_synth_seed101_ckpt500000.out
[Sun Jul 19 19:28:02 UTC 2026] START gpu=2 adapt_ax1rd4q1s1_synth_seed102_ckpt500000
[Sun Jul 19 19:50:37 UTC 2026] DONE gpu=2 adapt_ax1rd4q1s1_synth_seed102_ckpt500000 rc=0 log=/workspace/dreamerv3_runs/_cloud_logs/adapt_ax1rd4q1s1_synth_seed102_ckpt500000.out
[Sun Jul 19 20:21:32 UTC 2026] START gpu=2 adapt_ax1rd2q1s1_synth_seed101_ckpt500000ax1wm_synth_q1s1_seed21101
[Sun Jul 19 20:25:54 UTC 2026] START gpu=2 adapt_ax1rd2q1s1_synth_seed101_ckpt500000
[Sun Jul 19 20:48:27 UTC 2026] DONE gpu=2 adapt_ax1rd2q1s1_synth_seed101_ckpt500000 rc=0 log=/workspace/dreamerv3_runs/_cloud_logs/adapt_ax1rd2q1s1_synth_seed101_ckpt500000.out
