[Sat Jul 18 18:28:21 UTC 2026] tdmpc2_f1 start label=inst5 shard=0 gpu=0 tasks=1
[Sat Jul 18 18:28:21 UTC 2026] waiting for previous cloud jobs to finish
[Sat Jul 18 18:33:22 UTC 2026] waiting for previous cloud jobs to finish
[Sat Jul 18 18:38:22 UTC 2026] waiting for previous cloud jobs to finish
[Sat Jul 18 18:43:22 UTC 2026] waiting for previous cloud jobs to finish
[Sat Jul 18 18:48:22 UTC 2026] waiting for previous cloud jobs to finish
[Sat Jul 18 18:53:22 UTC 2026] waiting for previous cloud jobs to finish
[Sat Jul 18 18:58:22 UTC 2026] waiting for previous cloud jobs to finish
[Sat Jul 18 19:03:22 UTC 2026] waiting for previous cloud jobs to finish
[Sat Jul 18 19:08:22 UTC 2026] waiting for previous cloud jobs to finish
[Sat Jul 18 19:13:22 UTC 2026] waiting for previous cloud jobs to finish
[Sat Jul 18 19:18:22 UTC 2026] waiting for previous cloud jobs to finish
[Sat Jul 18 19:23:22 UTC 2026] waiting for previous cloud jobs to finish
[Sat Jul 18 19:28:22 UTC 2026] waiting for previous cloud jobs to finish
[Sat Jul 18 19:33:22 UTC 2026] waiting for previous cloud jobs to finish
[Sat Jul 18 19:38:22 UTC 2026] waiting for previous cloud jobs to finish
[Sat Jul 18 19:43:22 UTC 2026] waiting for previous cloud jobs to finish
[Sat Jul 18 19:48:22 UTC 2026] START gpu=0 adapt_tm2awareq1s0_finger_seed9_ckpt500000
[Sat Jul 18 20:57:50 UTC 2026] START gpu=0 adapt_tm2awareq1s0_finger_seed9_ckpt500000
[Sun Jul 19 05:54:31 UTC 2026] START gpu=0 run=adapt_ax1fv4q1v400s0_finger_seed1_ckpt500000
[Sun Jul 19 06:29:56 UTC 2026] DONE adapt_tm2awareq1s0_finger_seed9_ckpt500000
[Sun Jul 19 14:43:47 UTC 2026] START gpu=0 run=adapt_tm2awareq1s0_finger_seed14_ckpt500000
[Sun Jul 19 17:32:23 UTC 2026] START gpu=0 adapt_ax1rd1q1s0_synth_seed101_ckpt500000
[Sun Jul 19 17:55:11 UTC 2026] DONE gpu=0 adapt_ax1rd1q1s0_synth_seed101_ckpt500000 rc=0 log=/workspace/dreamerv3_runs/_cloud_logs/adapt_ax1rd1q1s0_synth_seed101_ckpt500000.out
[Sun Jul 19 17:55:11 UTC 2026] START gpu=0 adapt_ax1rd2q1s0_synth_seed102_ckpt500000
[Sun Jul 19 18:18:11 UTC 2026] DONE gpu=0 adapt_ax1rd2q1s0_synth_seed102_ckpt500000 rc=0 log=/workspace/dreamerv3_runs/_cloud_logs/adapt_ax1rd2q1s0_synth_seed102_ckpt500000.out
[Sun Jul 19 18:18:11 UTC 2026] START gpu=0 adapt_ax1rd3q1s0_synth_seed103_ckpt500000
[Sun Jul 19 18:40:42 UTC 2026] DONE gpu=0 adapt_ax1rd3q1s0_synth_seed103_ckpt500000 rc=0 log=/workspace/dreamerv3_runs/_cloud_logs/adapt_ax1rd3q1s0_synth_seed103_ckpt500000.out
[Sun Jul 19 18:40:42 UTC 2026] START gpu=0 adapt_ax1rd1q1s1_synth_seed101_ckpt500000
[Sun Jul 19 19:03:56 UTC 2026] DONE gpu=0 adapt_ax1rd1q1s1_synth_seed101_ckpt500000 rc=0 log=/workspace/dreamerv3_runs/_cloud_logs/adapt_ax1rd1q1s1_synth_seed101_ckpt500000.out
[Sun Jul 19 19:03:56 UTC 2026] START gpu=0 adapt_ax1rd2q1s1_synth_seed102_ckpt500000
[Sun Jul 19 19:26:55 UTC 2026] DONE gpu=0 adapt_ax1rd2q1s1_synth_seed102_ckpt500000 rc=0 log=/workspace/dreamerv3_runs/_cloud_logs/adapt_ax1rd2q1s1_synth_seed102_ckpt500000.out
[Sun Jul 19 19:26:55 UTC 2026] START gpu=0 adapt_ax1rd3q1s1_synth_seed103_ckpt500000
[Sun Jul 19 19:49:25 UTC 2026] DONE gpu=0 adapt_ax1rd3q1s1_synth_seed103_ckpt500000 rc=0 log=/workspace/dreamerv3_runs/_cloud_logs/adapt_ax1rd3q1s1_synth_seed103_ckpt500000.out
[Sun Jul 19 20:21:32 UTC 2026] START gpu=0 adapt_ax1rd3q1s0_synth_seed102_ckpt500000ax1wm_synth_q1s0_seed30102
[Sun Jul 19 20:21:32 UTC 2026] synth rediagnosis remaining done
[Sun Jul 19 20:25:54 UTC 2026] START gpu=0 adapt_ax1rd3q1s0_synth_seed102_ckpt500000
[Sun Jul 19 20:49:04 UTC 2026] DONE gpu=0 adapt_ax1rd3q1s0_synth_seed102_ckpt500000 rc=0 log=/workspace/dreamerv3_runs/_cloud_logs/adapt_ax1rd3q1s0_synth_seed102_ckpt500000.out
[Sun Jul 19 20:49:04 UTC 2026] START gpu=0 adapt_ax1rd4q1s1_synth_seed103_ckpt500000
[Sun Jul 19 21:11:58 UTC 2026] DONE gpu=0 adapt_ax1rd4q1s1_synth_seed103_ckpt500000 rc=0 log=/workspace/dreamerv3_runs/_cloud_logs/adapt_ax1rd4q1s1_synth_seed103_ckpt500000.out
