[Sat Jul 11 19:30:28 UTC 2026] measure PRE_RUN=pretrain_random_reacher_seed2 TASK=dmc_reacher_hard milestones=100000 200000 300000 400000 500000
SKIP milestone 100000: no snapshot within 5000 steps (excluded per PREREG Sec.1)
[Sat Jul 11 19:30:28 UTC 2026] milestone 200000  snapshot=/workspace/dreamerv3_runs/pretrain_random_reacher_seed2/ckpt_snapshots/step000000201840
Task: dmc_reacher_hard  |  checkpoint: /workspace/dreamerv3_runs/pretrain_random_reacher_seed2/ckpt_snapshots/step000000201840  |  mode: eval
Observations
  reward           Space(float32, shape=(), low=-inf, high=inf)
  is_first         Space(bool, shape=(), low=False, high=True)
  is_last          Space(bool, shape=(), low=False, high=True)
  is_terminal      Space(bool, shape=(), low=False, high=True)
  position         Space(float32, shape=(2,), low=-inf, high=inf)
  to_target        Space(float32, shape=(2,), low=-inf, high=inf)
  velocity         Space(float32, shape=(2,), low=-inf, high=inf)
Actions
  action           Space(float32, shape=(2,), low=-1.0, high=1.0)
Extras
  consec           Space(int32, shape=(), low=-2147483648, high=2147483647)
  stepid           Space(uint8, shape=(20,), low=0, high=255)
  dyn/deter        Space(float32, shape=(512,), low=-inf, high=inf)
  dyn/stoch        Space(float32, shape=(32, 4), low=-inf, high=inf)
JAX devices (1): [cuda:0]
Policy devices: cuda:0
Train devices:  cuda:0
Initializing parameters...
/workspace/dreamerv3/embodied/jax/agent.py:112: DeprecationWarning: `with mesh:` context manager has been deprecated. Please use `with jax.set_mesh(mesh):` instead.
  with self.train_mesh:
Optimizer opt has 423,046 params:
       364,160 dyn
        49,926 dec
         8,960 enc
/workspace/conda_envs/dreamerv3/lib/python3.11/site-packages/optax/_src/linear_algebra.py:44: DeprecationWarning: optax.global_norm is deprecated in favor of optax.tree.norm
  warnings.warn(
Done initializing!
Compiling 1 checkpoint groups...
Largest checkpoint group: 0 GB
Compiling train and report...
/workspace/dreamerv3/embodied/jax/agent.py:187: DeprecationWarning: `with mesh:` context manager has been deprecated. Please use `with jax.set_mesh(mesh):` instead.
  with self.train_mesh:
/workspace/conda_envs/dreamerv3/lib/python3.11/site-packages/optax/_src/linear_algebra.py:44: DeprecationWarning: optax.global_norm is deprecated in favor of optax.tree.norm
  warnings.warn(
Train cost analysis:
No available
Report cost analysis:
No available
Done compiling!
Loading checkpoint: /workspace/dreamerv3_runs/pretrain_random_reacher_seed2/ckpt_snapshots/step000000201840
Loaded checkpoint.
Loaded frozen DreamerV3 checkpoint.
Observation keys: ['position', 'to_target', 'velocity']  |  action keys: ['action']
  episode   0: len=1000  return=    0.0
  episode   1: len=1000  return=   31.0
  episode   2: len=1000  return=    5.0
  episode   3: len=1000  return=    0.0
  episode   4: len=1000  return=    0.0
  episode   5: len=1000  return=    0.0
  episode   6: len=1000  return=    0.0
  episode   7: len=1000  return=    0.0
  episode   8: len=1000  return=    4.0
  episode   9: len=1000  return=    0.0
  episode  10: len=1000  return=    0.0
  episode  11: len=1000  return=   35.0
  episode  12: len=1000  return=    4.0
  episode  13: len=1000  return=    0.0
  episode  14: len=1000  return=    0.0
  episode  15: len=1000  return=    0.0
  episode  16: len=1000  return=    0.0
  episode  17: len=1000  return=    0.0
  episode  18: len=1000  return=   23.0
  episode  19: len=1000  return=    0.0
  episode  20: len=1000  return=    0.0
  episode  21: len=1000  return=    0.0
  episode  22: len=1000  return=   13.0
  episode  23: len=1000  return=    0.0
  episode  24: len=1000  return=    0.0
  episode  25: len=1000  return=    0.0
  episode  26: len=1000  return=    0.0
  episode  27: len=1000  return=    0.0
  episode  28: len=1000  return=    0.0
  episode  29: len=1000  return=    0.0
  episode  30: len=1000  return=    1.0
  episode  31: len=1000  return=    0.0
  episode  32: len=1000  return=    0.0
  episode  33: len=1000  return=    0.0
  episode  34: len=1000  return=    0.0
  episode  35: len=1000  return=  232.0
  episode  36: len=1000  return=    0.0
  episode  37: len=1000  return=   10.0
  episode  38: len=1000  return=    0.0
  episode  39: len=1000  return=    0.0
Saved 40 x 1000 steps -> /workspace/dreamerv3_runs/pretrain_random_reacher_seed2/measure/ms200000/traj.npz
Return over episodes: 8.9 +/- 36.6
Probe trajectories: 40 episodes x 1000 steps
Observations
  reward           Space(float32, shape=(), low=-inf, high=inf)
  is_first         Space(bool, shape=(), low=False, high=True)
  is_last          Space(bool, shape=(), low=False, high=True)
  is_terminal      Space(bool, shape=(), low=False, high=True)
  position         Space(float32, shape=(2,), low=-inf, high=inf)
  to_target        Space(float32, shape=(2,), low=-inf, high=inf)
  velocity         Space(float32, shape=(2,), low=-inf, high=inf)
Actions
  action           Space(float32, shape=(2,), low=-1.0, high=1.0)
Extras
  consec           Space(int32, shape=(), low=-2147483648, high=2147483647)
  stepid           Space(uint8, shape=(20,), low=0, high=255)
  dyn/deter        Space(float32, shape=(512,), low=-inf, high=inf)
  dyn/stoch        Space(float32, shape=(32, 4), low=-inf, high=inf)
JAX devices (1): [cuda:0]
Policy devices: cuda:0
Train devices:  cuda:0
Initializing parameters...
/workspace/dreamerv3/embodied/jax/agent.py:112: DeprecationWarning: `with mesh:` context manager has been deprecated. Please use `with jax.set_mesh(mesh):` instead.
  with self.train_mesh:
Optimizer opt has 423,046 params:
       364,160 dyn
        49,926 dec
         8,960 enc
/workspace/conda_envs/dreamerv3/lib/python3.11/site-packages/optax/_src/linear_algebra.py:44: DeprecationWarning: optax.global_norm is deprecated in favor of optax.tree.norm
  warnings.warn(
Done initializing!
Compiling 1 checkpoint groups...
Largest checkpoint group: 0 GB
Compiling train and report...
/workspace/dreamerv3/embodied/jax/agent.py:187: DeprecationWarning: `with mesh:` context manager has been deprecated. Please use `with jax.set_mesh(mesh):` instead.
  with self.train_mesh:
/workspace/conda_envs/dreamerv3/lib/python3.11/site-packages/optax/_src/linear_algebra.py:44: DeprecationWarning: optax.global_norm is deprecated in favor of optax.tree.norm
  warnings.warn(
Train cost analysis:
No available
Report cost analysis:
No available
Done compiling!
Loading checkpoint: /workspace/dreamerv3_runs/pretrain_random_reacher_seed2/ckpt_snapshots/step000000201840
Loaded checkpoint.
World model: obs=['position', 'to_target', 'velocity']  act=['action']  horizons=[1, 5, 20]
  world-model features: episodes 0-7
  world-model features: episodes 8-15
  world-model features: episodes 16-23
  world-model features: episodes 24-31
  world-model features: episodes 32-39
No --vae_ckpt given; extracting world-model features only.
Feature arrays:
  wm_enc                 (40, 1000, 64)
  wm_imag1_deter         (40, 1000, 512)
  wm_imag1_stoch         (40, 1000, 128)
  wm_imag20_deter        (40, 1000, 512)
  wm_imag20_stoch        (40, 1000, 128)
  wm_imag5_deter         (40, 1000, 512)
  wm_imag5_stoch         (40, 1000, 128)
  wm_post_deter          (40, 1000, 512)
  wm_post_nll            (40, 1000)
  wm_post_stoch          (40, 1000, 128)
  wm_prior_deter         (40, 1000, 512)
  wm_prior_nll           (40, 1000)
  wm_prior_stoch         (40, 1000, 128)
Saved -> /workspace/dreamerv3_runs/pretrain_random_reacher_seed2/measure/ms200000/feats.npz
Episodes: 40 (test 12)  |  sites: ['enc', 'imag1', 'imag20', 'imag5', 'post_deter', 'post_stoch', 'posterior', 'prior']
Targets: ['in_regime', 'qpos', 'qvel', 'regime', 'return_to_go', 'state']
  [  1/38] rssm/enc        state         h=0  K=1  R2_ridge=0.9657  R2_mlp=0.98834
  [  2/38] rssm/posterior  state         h=0  K=1  R2_ridge=0.99664  R2_mlp=0.99428
  [  3/38] rssm/post_deter state         h=0  K=1  R2_ridge=0.99536  R2_mlp=0.9937
  [  4/38] rssm/post_stoch state         h=0  K=1  R2_ridge=0.87106  R2_mlp=0.9686
  [  5/38] rssm/prior      state         h=0  K=1  R2_ridge=0.9955  R2_mlp=0.99295
E0711 19:47:38.834560  102112 cuda_timer.cc:88] Delay kernel timed out: measured time has sub-optimal accuracy. There may be a missing warmup execution, please investigate in Nsight Systems.
  [  6/38] rssm/enc        state         h=1  K=1  R2_ridge=0.68769  R2_mlp=0.68701
  [  7/38] rssm/posterior  state         h=1  K=1  R2_ridge=0.70691  R2_mlp=0.61527
  [  8/38] rssm/post_deter state         h=1  K=1  R2_ridge=0.70661  R2_mlp=0.61739
  [  9/38] rssm/post_stoch state         h=1  K=1  R2_ridge=0.60807  R2_mlp=0.6471
  [ 10/38] rssm/prior      state         h=1  K=1  R2_ridge=0.70641  R2_mlp=0.61481
  [ 11/38] rssm/imag1      state         h=1  K=1  R2_ridge=0.99608  R2_mlp=0.99346
  [ 12/38] rssm/enc        state         h=5  K=1  R2_ridge=0.61344  R2_mlp=0.60468
  [ 13/38] rssm/posterior  state         h=5  K=1  R2_ridge=0.62833  R2_mlp=0.46631
  [ 14/38] rssm/post_deter state         h=5  K=1  R2_ridge=0.6285  R2_mlp=0.48802
  [ 15/38] rssm/post_stoch state         h=5  K=1  R2_ridge=0.54508  R2_mlp=0.5506
  [ 16/38] rssm/prior      state         h=5  K=1  R2_ridge=0.62808  R2_mlp=0.47105
  [ 17/38] rssm/imag5      state         h=5  K=1  R2_ridge=0.99617  R2_mlp=0.9935
  [ 18/38] rssm/enc        state         h=20 K=1  R2_ridge=0.59971  R2_mlp=0.57119
  [ 19/38] rssm/posterior  state         h=20 K=1  R2_ridge=0.60812  R2_mlp=0.42832
  [ 20/38] rssm/post_deter state         h=20 K=1  R2_ridge=0.60912  R2_mlp=0.43208
  [ 21/38] rssm/post_stoch state         h=20 K=1  R2_ridge=0.5333  R2_mlp=0.52056
  [ 22/38] rssm/prior      state         h=20 K=1  R2_ridge=0.60843  R2_mlp=0.44522
  [ 23/38] rssm/imag20     state         h=20 K=1  R2_ridge=0.99631  R2_mlp=0.99342
  [ 24/38] rssm/enc        return_to_go  h=0  K=1  R2_ridge=-0.01927  R2_mlp=-0.26931
  [ 25/38] rssm/posterior  return_to_go  h=0  K=1  R2_ridge=-0.0473  R2_mlp=-0.05141
  [ 26/38] rssm/post_deter return_to_go  h=0  K=1  R2_ridge=-0.04466  R2_mlp=-0.04385
  [ 27/38] rssm/post_stoch return_to_go  h=0  K=1  R2_ridge=-0.00876  R2_mlp=-0.05356
  [ 28/38] rssm/prior      return_to_go  h=0  K=1  R2_ridge=-0.04453  R2_mlp=-0.055
  [ 29/38] rssm/enc        regime        h=0  K=1  R2_ridge=0.44444  R2_mlp=0.9463
  [ 30/38] rssm/posterior  regime        h=0  K=1  R2_ridge=0.7395  R2_mlp=0.89507
  [ 31/38] rssm/post_deter regime        h=0  K=1  R2_ridge=0.73558  R2_mlp=0.83841
  [ 32/38] rssm/post_stoch regime        h=0  K=1  R2_ridge=0.30521  R2_mlp=0.68362
  [ 33/38] rssm/prior      regime        h=0  K=1  R2_ridge=0.74375  R2_mlp=0.85418
  [ 34/38] rssm/enc        in_regime     h=0  K=1  R2_ridge=-0.01096  R2_mlp=-0.05471
  [ 35/38] rssm/posterior  in_regime     h=0  K=1  R2_ridge=-0.05996  R2_mlp=-0.06813
  [ 36/38] rssm/post_deter in_regime     h=0  K=1  R2_ridge=-0.05455  R2_mlp=-0.09994
  [ 37/38] rssm/post_stoch in_regime     h=0  K=1  R2_ridge=-0.00886  R2_mlp=-0.08338
  [ 38/38] rssm/prior      in_regime     h=0  K=1  R2_ridge=-0.05848  R2_mlp=-0.06443

Probing summary (held-out ridge R^2)
======================================

Per-frame content (target: state, horizon 0):
  RSSM posterior          R^2 = 0.99664
  static VAE latent (K=1) R^2 = None

Predictive content (RSSM posterior, target: state):
  horizon  0: R^2 = 0.99664
  horizon  1: R^2 = 0.70691
  horizon  5: R^2 = 0.62833
  horizon 20: R^2 = 0.60812

VAE receptive field (target: state, horizon 0):
  K=  1: R^2 = None
  K=  4: R^2 = None
  K= 16: R^2 = None
  K=all: R^2 = None

Reward probe (RSSM posterior, target: task reward, h=0):
  reward_stand  R^2 = None
  reward_walk   R^2 = None
  reward_run    R^2 = None

Held-out likelihood (mean NLL, lower is better):
  rssm_posterior_recon       0.0054
  rssm_prior_predictive      0.0083

Wrote results -> /workspace/dreamerv3_runs/pretrain_random_reacher_seed2/measure/ms200000/probe
{"vsa_5": -0.003458, "fwd_mse_5": -0.002907, "vsa_1": -0.00347, "fwd_mse_1": -0.002965, "vsa_20": -0.003505, "fwd_mse_20": -0.002827}
-> /workspace/dreamerv3_runs/pretrain_random_reacher_seed2/measure/ms200000/vsa.json
SKIP milestone 300000: no snapshot within 5000 steps (excluded per PREREG Sec.1)
[Sat Jul 11 21:21:21 UTC 2026] milestone 400000  snapshot=/workspace/dreamerv3_runs/pretrain_random_reacher_seed2/ckpt_snapshots/step000000400896
Task: dmc_reacher_hard  |  checkpoint: /workspace/dreamerv3_runs/pretrain_random_reacher_seed2/ckpt_snapshots/step000000400896  |  mode: eval
Observations
  reward           Space(float32, shape=(), low=-inf, high=inf)
  is_first         Space(bool, shape=(), low=False, high=True)
  is_last          Space(bool, shape=(), low=False, high=True)
  is_terminal      Space(bool, shape=(), low=False, high=True)
  position         Space(float32, shape=(2,), low=-inf, high=inf)
  to_target        Space(float32, shape=(2,), low=-inf, high=inf)
  velocity         Space(float32, shape=(2,), low=-inf, high=inf)
Actions
  action           Space(float32, shape=(2,), low=-1.0, high=1.0)
Extras
  consec           Space(int32, shape=(), low=-2147483648, high=2147483647)
  stepid           Space(uint8, shape=(20,), low=0, high=255)
  dyn/deter        Space(float32, shape=(512,), low=-inf, high=inf)
  dyn/stoch        Space(float32, shape=(32, 4), low=-inf, high=inf)
JAX devices (1): [cuda:0]
Policy devices: cuda:0
Train devices:  cuda:0
Initializing parameters...
/workspace/dreamerv3/embodied/jax/agent.py:112: DeprecationWarning: `with mesh:` context manager has been deprecated. Please use `with jax.set_mesh(mesh):` instead.
  with self.train_mesh:
E0711 21:21:27.626989  171796 cuda_executor.cc:1182] [0] Failed to allocate device memory of 11.61GiB (12463374336 bytes): RESOURCE_EXHAUSTED: : CUDA_ERROR_OUT_OF_MEMORY: out of memory
E0711 21:21:27.627129  171796 cuda_executor.cc:1182] [0] Failed to allocate device memory of 10.45GiB (11217036288 bytes): RESOURCE_EXHAUSTED: : CUDA_ERROR_OUT_OF_MEMORY: out of memory
E0711 21:21:27.627238  171796 cuda_executor.cc:1182] [0] Failed to allocate device memory of 9.40GiB (10095332352 bytes): RESOURCE_EXHAUSTED: : CUDA_ERROR_OUT_OF_MEMORY: out of memory
E0711 21:21:27.627345  171796 cuda_executor.cc:1182] [0] Failed to allocate device memory of 8.46GiB (9085798400 bytes): RESOURCE_EXHAUSTED: : CUDA_ERROR_OUT_OF_MEMORY: out of memory
E0711 21:21:27.627451  171796 cuda_executor.cc:1182] [0] Failed to allocate device memory of 7.62GiB (8177218560 bytes): RESOURCE_EXHAUSTED: : CUDA_ERROR_OUT_OF_MEMORY: out of memory
E0711 21:21:27.627555  171796 cuda_executor.cc:1182] [0] Failed to allocate device memory of 6.85GiB (7359496704 bytes): RESOURCE_EXHAUSTED: : CUDA_ERROR_OUT_OF_MEMORY: out of memory
E0711 21:21:27.627657  171796 cuda_executor.cc:1182] [0] Failed to allocate device memory of 6.17GiB (6623546880 bytes): RESOURCE_EXHAUSTED: : CUDA_ERROR_OUT_OF_MEMORY: out of memory
E0711 21:21:27.627768  171796 cuda_executor.cc:1182] [0] Failed to allocate device memory of 5.55GiB (5961191936 bytes): RESOURCE_EXHAUSTED: : CUDA_ERROR_OUT_OF_MEMORY: out of memory
E0711 21:21:27.627870  171796 cuda_executor.cc:1182] [0] Failed to allocate device memory of 5.00GiB (5365072384 bytes): RESOURCE_EXHAUSTED: : CUDA_ERROR_OUT_OF_MEMORY: out of memory
E0711 21:21:27.627972  171796 cuda_executor.cc:1182] [0] Failed to allocate device memory of 4.50GiB (4828564992 bytes): RESOURCE_EXHAUSTED: : CUDA_ERROR_OUT_OF_MEMORY: out of memory
E0711 21:21:27.628073  171796 cuda_executor.cc:1182] [0] Failed to allocate device memory of 4.05GiB (4345708544 bytes): RESOURCE_EXHAUSTED: : CUDA_ERROR_OUT_OF_MEMORY: out of memory
E0711 21:21:27.628177  171796 cuda_executor.cc:1182] [0] Failed to allocate device memory of 3.64GiB (3911137536 bytes): RESOURCE_EXHAUSTED: : CUDA_ERROR_OUT_OF_MEMORY: out of memory
Optimizer opt has 423,046 params:
       364,160 dyn
        49,926 dec
         8,960 enc
/workspace/conda_envs/dreamerv3/lib/python3.11/site-packages/optax/_src/linear_algebra.py:44: DeprecationWarning: optax.global_norm is deprecated in favor of optax.tree.norm
  warnings.warn(
Done initializing!
Compiling 1 checkpoint groups...
Largest checkpoint group: 0 GB
Compiling train and report...
/workspace/dreamerv3/embodied/jax/agent.py:187: DeprecationWarning: `with mesh:` context manager has been deprecated. Please use `with jax.set_mesh(mesh):` instead.
  with self.train_mesh:
/workspace/conda_envs/dreamerv3/lib/python3.11/site-packages/optax/_src/linear_algebra.py:44: DeprecationWarning: optax.global_norm is deprecated in favor of optax.tree.norm
  warnings.warn(
Train cost analysis:
No available
Report cost analysis:
No available
Done compiling!
Loading checkpoint: /workspace/dreamerv3_runs/pretrain_random_reacher_seed2/ckpt_snapshots/step000000400896
Loaded checkpoint.
Loaded frozen DreamerV3 checkpoint.
Observation keys: ['position', 'to_target', 'velocity']  |  action keys: ['action']
  episode   0: len=1000  return=    0.0
  episode   1: len=1000  return=    0.0
  episode   2: len=1000  return=    0.0
  episode   3: len=1000  return=    0.0
  episode   4: len=1000  return=    0.0
  episode   5: len=1000  return=    0.0
  episode   6: len=1000  return=    0.0
  episode   7: len=1000  return=    0.0
  episode   8: len=1000  return=  119.0
  episode   9: len=1000  return=    0.0
  episode  10: len=1000  return=    0.0
  episode  11: len=1000  return=  123.0
  episode  12: len=1000  return=    0.0
  episode  13: len=1000  return=    0.0
  episode  14: len=1000  return=    0.0
  episode  15: len=1000  return=    0.0
  episode  16: len=1000  return=    0.0
  episode  17: len=1000  return=   36.0
  episode  18: len=1000  return=    0.0
  episode  19: len=1000  return=    0.0
  episode  20: len=1000  return=    0.0
  episode  21: len=1000  return=    1.0
  episode  22: len=1000  return=    2.0
  episode  23: len=1000  return=    0.0
  episode  24: len=1000  return=   12.0
  episode  25: len=1000  return=    0.0
  episode  26: len=1000  return=    0.0
  episode  27: len=1000  return=   51.0
  episode  28: len=1000  return=   32.0
  episode  29: len=1000  return=    0.0
  episode  30: len=1000  return=    0.0
  episode  31: len=1000  return=    0.0
  episode  32: len=1000  return=    0.0
  episode  33: len=1000  return=    0.0
  episode  34: len=1000  return=    0.0
  episode  35: len=1000  return=    0.0
  episode  36: len=1000  return=    0.0
  episode  37: len=1000  return=   19.0
  episode  38: len=1000  return=    0.0
  episode  39: len=1000  return=   12.0
Saved 40 x 1000 steps -> /workspace/dreamerv3_runs/pretrain_random_reacher_seed2/measure/ms400000/traj.npz
Return over episodes: 10.2 +/- 27.7
Probe trajectories: 40 episodes x 1000 steps
Observations
  reward           Space(float32, shape=(), low=-inf, high=inf)
  is_first         Space(bool, shape=(), low=False, high=True)
  is_last          Space(bool, shape=(), low=False, high=True)
  is_terminal      Space(bool, shape=(), low=False, high=True)
  position         Space(float32, shape=(2,), low=-inf, high=inf)
  to_target        Space(float32, shape=(2,), low=-inf, high=inf)
  velocity         Space(float32, shape=(2,), low=-inf, high=inf)
Actions
  action           Space(float32, shape=(2,), low=-1.0, high=1.0)
Extras
  consec           Space(int32, shape=(), low=-2147483648, high=2147483647)
  stepid           Space(uint8, shape=(20,), low=0, high=255)
  dyn/deter        Space(float32, shape=(512,), low=-inf, high=inf)
  dyn/stoch        Space(float32, shape=(32, 4), low=-inf, high=inf)
JAX devices (1): [cuda:0]
Policy devices: cuda:0
Train devices:  cuda:0
Initializing parameters...
/workspace/dreamerv3/embodied/jax/agent.py:112: DeprecationWarning: `with mesh:` context manager has been deprecated. Please use `with jax.set_mesh(mesh):` instead.
  with self.train_mesh:
E0711 21:34:52.202052  178763 cuda_executor.cc:1182] [0] Failed to allocate device memory of 11.61GiB (12463374336 bytes): RESOURCE_EXHAUSTED: : CUDA_ERROR_OUT_OF_MEMORY: out of memory
E0711 21:34:52.202223  178763 cuda_executor.cc:1182] [0] Failed to allocate device memory of 10.45GiB (11217036288 bytes): RESOURCE_EXHAUSTED: : CUDA_ERROR_OUT_OF_MEMORY: out of memory
E0711 21:34:52.202372  178763 cuda_executor.cc:1182] [0] Failed to allocate device memory of 9.40GiB (10095332352 bytes): RESOURCE_EXHAUSTED: : CUDA_ERROR_OUT_OF_MEMORY: out of memory
E0711 21:34:52.202513  178763 cuda_executor.cc:1182] [0] Failed to allocate device memory of 8.46GiB (9085798400 bytes): RESOURCE_EXHAUSTED: : CUDA_ERROR_OUT_OF_MEMORY: out of memory
E0711 21:34:52.202685  178763 cuda_executor.cc:1182] [0] Failed to allocate device memory of 7.62GiB (8177218560 bytes): RESOURCE_EXHAUSTED: : CUDA_ERROR_OUT_OF_MEMORY: out of memory
E0711 21:34:52.202820  178763 cuda_executor.cc:1182] [0] Failed to allocate device memory of 6.85GiB (7359496704 bytes): RESOURCE_EXHAUSTED: : CUDA_ERROR_OUT_OF_MEMORY: out of memory
E0711 21:34:52.202958  178763 cuda_executor.cc:1182] [0] Failed to allocate device memory of 6.17GiB (6623546880 bytes): RESOURCE_EXHAUSTED: : CUDA_ERROR_OUT_OF_MEMORY: out of memory
E0711 21:34:52.203116  178763 cuda_executor.cc:1182] [0] Failed to allocate device memory of 5.55GiB (5961191936 bytes): RESOURCE_EXHAUSTED: : CUDA_ERROR_OUT_OF_MEMORY: out of memory
E0711 21:34:52.203274  178763 cuda_executor.cc:1182] [0] Failed to allocate device memory of 5.00GiB (5365072384 bytes): RESOURCE_EXHAUSTED: : CUDA_ERROR_OUT_OF_MEMORY: out of memory
E0711 21:34:52.203412  178763 cuda_executor.cc:1182] [0] Failed to allocate device memory of 4.50GiB (4828564992 bytes): RESOURCE_EXHAUSTED: : CUDA_ERROR_OUT_OF_MEMORY: out of memory
E0711 21:34:52.203557  178763 cuda_executor.cc:1182] [0] Failed to allocate device memory of 4.05GiB (4345708544 bytes): RESOURCE_EXHAUSTED: : CUDA_ERROR_OUT_OF_MEMORY: out of memory
E0711 21:34:52.203691  178763 cuda_executor.cc:1182] [0] Failed to allocate device memory of 3.64GiB (3911137536 bytes): RESOURCE_EXHAUSTED: : CUDA_ERROR_OUT_OF_MEMORY: out of memory
Optimizer opt has 423,046 params:
       364,160 dyn
        49,926 dec
         8,960 enc
/workspace/conda_envs/dreamerv3/lib/python3.11/site-packages/optax/_src/linear_algebra.py:44: DeprecationWarning: optax.global_norm is deprecated in favor of optax.tree.norm
  warnings.warn(
Done initializing!
Compiling 1 checkpoint groups...
Largest checkpoint group: 0 GB
Compiling train and report...
/workspace/dreamerv3/embodied/jax/agent.py:187: DeprecationWarning: `with mesh:` context manager has been deprecated. Please use `with jax.set_mesh(mesh):` instead.
  with self.train_mesh:
/workspace/conda_envs/dreamerv3/lib/python3.11/site-packages/optax/_src/linear_algebra.py:44: DeprecationWarning: optax.global_norm is deprecated in favor of optax.tree.norm
  warnings.warn(
Train cost analysis:
No available
Report cost analysis:
No available
Done compiling!
Loading checkpoint: /workspace/dreamerv3_runs/pretrain_random_reacher_seed2/ckpt_snapshots/step000000400896
Loaded checkpoint.
World model: obs=['position', 'to_target', 'velocity']  act=['action']  horizons=[1, 5, 20]
  world-model features: episodes 0-7
  world-model features: episodes 8-15
  world-model features: episodes 16-23
  world-model features: episodes 24-31
  world-model features: episodes 32-39
No --vae_ckpt given; extracting world-model features only.
Feature arrays:
  wm_enc                 (40, 1000, 64)
  wm_imag1_deter         (40, 1000, 512)
  wm_imag1_stoch         (40, 1000, 128)
  wm_imag20_deter        (40, 1000, 512)
  wm_imag20_stoch        (40, 1000, 128)
  wm_imag5_deter         (40, 1000, 512)
  wm_imag5_stoch         (40, 1000, 128)
  wm_post_deter          (40, 1000, 512)
  wm_post_nll            (40, 1000)
  wm_post_stoch          (40, 1000, 128)
  wm_prior_deter         (40, 1000, 512)
  wm_prior_nll           (40, 1000)
  wm_prior_stoch         (40, 1000, 128)
Saved -> /workspace/dreamerv3_runs/pretrain_random_reacher_seed2/measure/ms400000/feats.npz
Episodes: 40 (test 12)  |  sites: ['enc', 'imag1', 'imag20', 'imag5', 'post_deter', 'post_stoch', 'posterior', 'prior']
Targets: ['in_regime', 'qpos', 'qvel', 'regime', 'return_to_go', 'state']
  [  1/38] rssm/enc        state         h=0  K=1  R2_ridge=0.97026  R2_mlp=0.99329
  [  2/38] rssm/posterior  state         h=0  K=1  R2_ridge=0.99785  R2_mlp=0.99442
  [  3/38] rssm/post_deter state         h=0  K=1  R2_ridge=0.99727  R2_mlp=0.99431
  [  4/38] rssm/post_stoch state         h=0  K=1  R2_ridge=0.83016  R2_mlp=0.94545
  [  5/38] rssm/prior      state         h=0  K=1  R2_ridge=0.99745  R2_mlp=0.9935
  [  6/38] rssm/enc        state         h=1  K=1  R2_ridge=0.61179  R2_mlp=0.6065
  [  7/38] rssm/posterior  state         h=1  K=1  R2_ridge=0.62681  R2_mlp=0.46251
  [  8/38] rssm/post_deter state         h=1  K=1  R2_ridge=0.62686  R2_mlp=0.50831
  [  9/38] rssm/post_stoch state         h=1  K=1  R2_ridge=0.50688  R2_mlp=0.5305
  [ 10/38] rssm/prior      state         h=1  K=1  R2_ridge=0.62648  R2_mlp=0.49764
  [ 11/38] rssm/imag1      state         h=1  K=1  R2_ridge=0.99795  R2_mlp=0.9936
  [ 12/38] rssm/enc        state         h=5  K=1  R2_ridge=0.53592  R2_mlp=0.51407
  [ 13/38] rssm/posterior  state         h=5  K=1  R2_ridge=0.54351  R2_mlp=0.35907
  [ 14/38] rssm/post_deter state         h=5  K=1  R2_ridge=0.54373  R2_mlp=0.32677
  [ 15/38] rssm/post_stoch state         h=5  K=1  R2_ridge=0.44238  R2_mlp=0.44505
  [ 16/38] rssm/prior      state         h=5  K=1  R2_ridge=0.54365  R2_mlp=0.36134
  [ 17/38] rssm/imag5      state         h=5  K=1  R2_ridge=0.99807  R2_mlp=0.99381
  [ 18/38] rssm/enc        state         h=20 K=1  R2_ridge=0.51562  R2_mlp=0.4715
  [ 19/38] rssm/posterior  state         h=20 K=1  R2_ridge=0.51886  R2_mlp=0.31112
  [ 20/38] rssm/post_deter state         h=20 K=1  R2_ridge=0.52  R2_mlp=0.3257
  [ 21/38] rssm/post_stoch state         h=20 K=1  R2_ridge=0.42549  R2_mlp=0.42416
  [ 22/38] rssm/prior      state         h=20 K=1  R2_ridge=0.5188  R2_mlp=0.33303
  [ 23/38] rssm/imag20     state         h=20 K=1  R2_ridge=0.99825  R2_mlp=0.9937
  [ 24/38] rssm/enc        return_to_go  h=0  K=1  R2_ridge=-0.87113  R2_mlp=-7.94089
  [ 25/38] rssm/posterior  return_to_go  h=0  K=1  R2_ridge=-1.29188  R2_mlp=-1.65844
  [ 26/38] rssm/post_deter return_to_go  h=0  K=1  R2_ridge=-1.14931  R2_mlp=-1.61502
  [ 27/38] rssm/post_stoch return_to_go  h=0  K=1  R2_ridge=-0.58189  R2_mlp=-2.18397
  [ 28/38] rssm/prior      return_to_go  h=0  K=1  R2_ridge=-1.21043  R2_mlp=-1.84057
  [ 29/38] rssm/enc        regime        h=0  K=1  R2_ridge=-0.06431  R2_mlp=0.85808
  [ 30/38] rssm/posterior  regime        h=0  K=1  R2_ridge=0.71116  R2_mlp=0.90725
  [ 31/38] rssm/post_deter regime        h=0  K=1  R2_ridge=0.696  R2_mlp=0.86922
  [ 32/38] rssm/post_stoch regime        h=0  K=1  R2_ridge=0.23226  R2_mlp=0.42879
  [ 33/38] rssm/prior      regime        h=0  K=1  R2_ridge=0.72521  R2_mlp=0.90745
  [ 34/38] rssm/enc        in_regime     h=0  K=1  R2_ridge=-0.10395  R2_mlp=-1.05811
  [ 35/38] rssm/posterior  in_regime     h=0  K=1  R2_ridge=-0.23955  R2_mlp=-0.49908
  [ 36/38] rssm/post_deter in_regime     h=0  K=1  R2_ridge=-0.20265  R2_mlp=-0.79344
  [ 37/38] rssm/post_stoch in_regime     h=0  K=1  R2_ridge=-0.11097  R2_mlp=-0.88538
  [ 38/38] rssm/prior      in_regime     h=0  K=1  R2_ridge=-0.2209  R2_mlp=-0.45808

Probing summary (held-out ridge R^2)
======================================

Per-frame content (target: state, horizon 0):
  RSSM posterior          R^2 = 0.99785
  static VAE latent (K=1) R^2 = None

Predictive content (RSSM posterior, target: state):
  horizon  0: R^2 = 0.99785
  horizon  1: R^2 = 0.62681
  horizon  5: R^2 = 0.54351
  horizon 20: R^2 = 0.51886

VAE receptive field (target: state, horizon 0):
  K=  1: R^2 = None
  K=  4: R^2 = None
  K= 16: R^2 = None
  K=all: R^2 = None

Reward probe (RSSM posterior, target: task reward, h=0):
  reward_stand  R^2 = None
  reward_walk   R^2 = None
  reward_run    R^2 = None

Held-out likelihood (mean NLL, lower is better):
  rssm_posterior_recon       0.0018
  rssm_prior_predictive      0.0040

Wrote results -> /workspace/dreamerv3_runs/pretrain_random_reacher_seed2/measure/ms400000/probe
{"vsa_5": -0.001824, "fwd_mse_5": -0.001342, "vsa_1": -0.001866, "fwd_mse_1": -0.00141, "vsa_20": -0.001925, "fwd_mse_20": -0.001346}
-> /workspace/dreamerv3_runs/pretrain_random_reacher_seed2/measure/ms400000/vsa.json
SKIP milestone 500000: no snapshot within 5000 steps (excluded per PREREG Sec.1)
  K=100000: cov=0.3679 occ_phys=0.010320000350475311 occ_rew=0.0103
  K=200000: cov=0.3735 occ_phys=0.012299999594688416 occ_rew=0.0123
  K=300000: cov=0.3740 occ_phys=0.0112766670063138 occ_rew=0.0113
  K=400000: cov=0.3707 occ_phys=0.010715000331401825 occ_rew=0.0107
  K=500000: cov=0.3732 occ_phys=0.010187641717493534 occ_rew=0.0102
-> /workspace/dreamerv3_runs/pretrain_random_reacher_seed2/measure/drivers_buffer.json
[Sat Jul 11 23:12:06 UTC 2026] measure pretrain_random_reacher_seed2 DONE
