[Sat Jul 11 19:31:18 UTC 2026] measure PRE_RUN=pretrain_p2e_reacher_seed1 TASK=dmc_reacher_hard milestones=100000 200000 300000 400000 500000
SKIP done: /workspace/dreamerv3_runs/pretrain_p2e_reacher_seed1/measure/ms100000
[Sat Jul 11 19:31:18 UTC 2026] milestone 200000  snapshot=/workspace/dreamerv3_runs/pretrain_p2e_reacher_seed1/ckpt_snapshots/step000000197936
Task: dmc_reacher_hard  |  checkpoint: /workspace/dreamerv3_runs/pretrain_p2e_reacher_seed1/ckpt_snapshots/step000000197936  |  mode: eval
Observations
  reward           Space(float32, shape=(), low=-inf, high=inf)
  is_first         Space(bool, shape=(), low=False, high=True)
  is_last          Space(bool, shape=(), low=False, high=True)
  is_terminal      Space(bool, shape=(), low=False, high=True)
  position         Space(float32, shape=(2,), low=-inf, high=inf)
  to_target        Space(float32, shape=(2,), low=-inf, high=inf)
  velocity         Space(float32, shape=(2,), low=-inf, high=inf)
Actions
  action           Space(float32, shape=(2,), low=-1.0, high=1.0)
Extras
  consec           Space(int32, shape=(), low=-2147483648, high=2147483647)
  stepid           Space(uint8, shape=(20,), low=0, high=255)
  dyn/deter        Space(float32, shape=(512,), low=-inf, high=inf)
  dyn/stoch        Space(float32, shape=(32, 4), low=-inf, high=inf)
JAX devices (1): [cuda:0]
Policy devices: cuda:0
Train devices:  cuda:0
Initializing parameters...
/workspace/dreamerv3/embodied/jax/agent.py:112: DeprecationWarning: `with mesh:` context manager has been deprecated. Please use `with jax.set_mesh(mesh):` instead.
  with self.train_mesh:
E0711 19:31:20.277482   83863 cuda_executor.cc:1182] [0] Failed to allocate device memory of 11.61GiB (12463374336 bytes): RESOURCE_EXHAUSTED: : CUDA_ERROR_OUT_OF_MEMORY: out of memory
E0711 19:31:20.277593   83863 cuda_executor.cc:1182] [0] Failed to allocate device memory of 10.45GiB (11217036288 bytes): RESOURCE_EXHAUSTED: : CUDA_ERROR_OUT_OF_MEMORY: out of memory
E0711 19:31:20.277692   83863 cuda_executor.cc:1182] [0] Failed to allocate device memory of 9.40GiB (10095332352 bytes): RESOURCE_EXHAUSTED: : CUDA_ERROR_OUT_OF_MEMORY: out of memory
E0711 19:31:20.277807   83863 cuda_executor.cc:1182] [0] Failed to allocate device memory of 8.46GiB (9085798400 bytes): RESOURCE_EXHAUSTED: : CUDA_ERROR_OUT_OF_MEMORY: out of memory
E0711 19:31:20.277904   83863 cuda_executor.cc:1182] [0] Failed to allocate device memory of 7.62GiB (8177218560 bytes): RESOURCE_EXHAUSTED: : CUDA_ERROR_OUT_OF_MEMORY: out of memory
E0711 19:31:20.278006   83863 cuda_executor.cc:1182] [0] Failed to allocate device memory of 6.85GiB (7359496704 bytes): RESOURCE_EXHAUSTED: : CUDA_ERROR_OUT_OF_MEMORY: out of memory
E0711 19:31:20.278097   83863 cuda_executor.cc:1182] [0] Failed to allocate device memory of 6.17GiB (6623546880 bytes): RESOURCE_EXHAUSTED: : CUDA_ERROR_OUT_OF_MEMORY: out of memory
E0711 19:31:20.278183   83863 cuda_executor.cc:1182] [0] Failed to allocate device memory of 5.55GiB (5961191936 bytes): RESOURCE_EXHAUSTED: : CUDA_ERROR_OUT_OF_MEMORY: out of memory
E0711 19:31:20.278268   83863 cuda_executor.cc:1182] [0] Failed to allocate device memory of 5.00GiB (5365072384 bytes): RESOURCE_EXHAUSTED: : CUDA_ERROR_OUT_OF_MEMORY: out of memory
E0711 19:31:20.278364   83863 cuda_executor.cc:1182] [0] Failed to allocate device memory of 4.50GiB (4828564992 bytes): RESOURCE_EXHAUSTED: : CUDA_ERROR_OUT_OF_MEMORY: out of memory
E0711 19:31:20.278453   83863 cuda_executor.cc:1182] [0] Failed to allocate device memory of 4.05GiB (4345708544 bytes): RESOURCE_EXHAUSTED: : CUDA_ERROR_OUT_OF_MEMORY: out of memory
E0711 19:31:20.278553   83863 cuda_executor.cc:1182] [0] Failed to allocate device memory of 3.64GiB (3911137536 bytes): RESOURCE_EXHAUSTED: : CUDA_ERROR_OUT_OF_MEMORY: out of memory
Optimizer opt has 3,743,242 params:
     3,163,136 disag
       364,160 dyn
        66,111 val
        49,926 dec
        49,796 pol
        41,153 con
         8,960 enc
/workspace/conda_envs/dreamerv3/lib/python3.11/site-packages/optax/_src/linear_algebra.py:44: DeprecationWarning: optax.global_norm is deprecated in favor of optax.tree.norm
  warnings.warn(
Done initializing!
Compiling 1 checkpoint groups...
Largest checkpoint group: 0 GB
Compiling train and report...
/workspace/dreamerv3/embodied/jax/agent.py:187: DeprecationWarning: `with mesh:` context manager has been deprecated. Please use `with jax.set_mesh(mesh):` instead.
  with self.train_mesh:
/workspace/conda_envs/dreamerv3/lib/python3.11/site-packages/optax/_src/linear_algebra.py:44: DeprecationWarning: optax.global_norm is deprecated in favor of optax.tree.norm
  warnings.warn(
Train cost analysis:
No available
Report cost analysis:
No available
Done compiling!
Loading checkpoint: /workspace/dreamerv3_runs/pretrain_p2e_reacher_seed1/ckpt_snapshots/step000000197936
Loaded checkpoint.
Loaded frozen DreamerV3 checkpoint.
Observation keys: ['position', 'to_target', 'velocity']  |  action keys: ['action']
  episode   0: len=1000  return=    2.0
  episode   1: len=1000  return=    0.0
  episode   2: len=1000  return=    0.0
  episode   3: len=1000  return=    0.0
  episode   4: len=1000  return=    0.0
  episode   5: len=1000  return=    1.0
  episode   6: len=1000  return=    0.0
  episode   7: len=1000  return=    4.0
  episode   8: len=1000  return=    0.0
  episode   9: len=1000  return=    0.0
  episode  10: len=1000  return=    0.0
  episode  11: len=1000  return=    0.0
  episode  12: len=1000  return=    0.0
  episode  13: len=1000  return=    0.0
  episode  14: len=1000  return=    0.0
  episode  15: len=1000  return=    0.0
  episode  16: len=1000  return=    0.0
  episode  17: len=1000  return=    1.0
  episode  18: len=1000  return=    1.0
  episode  19: len=1000  return=    0.0
  episode  20: len=1000  return=    0.0
  episode  21: len=1000  return=    0.0
  episode  22: len=1000  return=    0.0
  episode  23: len=1000  return=    0.0
  episode  24: len=1000  return=    0.0
  episode  25: len=1000  return=    0.0
  episode  26: len=1000  return=    1.0
  episode  27: len=1000  return=    0.0
  episode  28: len=1000  return=    9.0
  episode  29: len=1000  return=    0.0
  episode  30: len=1000  return=    0.0
  episode  31: len=1000  return=    0.0
  episode  32: len=1000  return=    0.0
  episode  33: len=1000  return=    0.0
  episode  34: len=1000  return=    0.0
  episode  35: len=1000  return=    0.0
  episode  36: len=1000  return=    6.0
  episode  37: len=1000  return=    0.0
  episode  38: len=1000  return=    0.0
  episode  39: len=1000  return=    0.0
Saved 40 x 1000 steps -> /workspace/dreamerv3_runs/pretrain_p2e_reacher_seed1/measure/ms200000/traj.npz
Return over episodes: 0.6 +/- 1.8
Probe trajectories: 40 episodes x 1000 steps
Observations
  reward           Space(float32, shape=(), low=-inf, high=inf)
  is_first         Space(bool, shape=(), low=False, high=True)
  is_last          Space(bool, shape=(), low=False, high=True)
  is_terminal      Space(bool, shape=(), low=False, high=True)
  position         Space(float32, shape=(2,), low=-inf, high=inf)
  to_target        Space(float32, shape=(2,), low=-inf, high=inf)
  velocity         Space(float32, shape=(2,), low=-inf, high=inf)
Actions
  action           Space(float32, shape=(2,), low=-1.0, high=1.0)
Extras
  consec           Space(int32, shape=(), low=-2147483648, high=2147483647)
  stepid           Space(uint8, shape=(20,), low=0, high=255)
  dyn/deter        Space(float32, shape=(512,), low=-inf, high=inf)
  dyn/stoch        Space(float32, shape=(32, 4), low=-inf, high=inf)
JAX devices (1): [cuda:0]
Policy devices: cuda:0
Train devices:  cuda:0
Initializing parameters...
/workspace/dreamerv3/embodied/jax/agent.py:112: DeprecationWarning: `with mesh:` context manager has been deprecated. Please use `with jax.set_mesh(mesh):` instead.
  with self.train_mesh:
E0711 19:35:47.640047   99491 cuda_executor.cc:1182] [0] Failed to allocate device memory of 11.61GiB (12463374336 bytes): RESOURCE_EXHAUSTED: : CUDA_ERROR_OUT_OF_MEMORY: out of memory
E0711 19:35:47.640175   99491 cuda_executor.cc:1182] [0] Failed to allocate device memory of 10.45GiB (11217036288 bytes): RESOURCE_EXHAUSTED: : CUDA_ERROR_OUT_OF_MEMORY: out of memory
E0711 19:35:47.640282   99491 cuda_executor.cc:1182] [0] Failed to allocate device memory of 9.40GiB (10095332352 bytes): RESOURCE_EXHAUSTED: : CUDA_ERROR_OUT_OF_MEMORY: out of memory
E0711 19:35:47.640375   99491 cuda_executor.cc:1182] [0] Failed to allocate device memory of 8.46GiB (9085798400 bytes): RESOURCE_EXHAUSTED: : CUDA_ERROR_OUT_OF_MEMORY: out of memory
E0711 19:35:47.640483   99491 cuda_executor.cc:1182] [0] Failed to allocate device memory of 7.62GiB (8177218560 bytes): RESOURCE_EXHAUSTED: : CUDA_ERROR_OUT_OF_MEMORY: out of memory
E0711 19:35:47.640584   99491 cuda_executor.cc:1182] [0] Failed to allocate device memory of 6.85GiB (7359496704 bytes): RESOURCE_EXHAUSTED: : CUDA_ERROR_OUT_OF_MEMORY: out of memory
E0711 19:35:47.640685   99491 cuda_executor.cc:1182] [0] Failed to allocate device memory of 6.17GiB (6623546880 bytes): RESOURCE_EXHAUSTED: : CUDA_ERROR_OUT_OF_MEMORY: out of memory
E0711 19:35:47.640785   99491 cuda_executor.cc:1182] [0] Failed to allocate device memory of 5.55GiB (5961191936 bytes): RESOURCE_EXHAUSTED: : CUDA_ERROR_OUT_OF_MEMORY: out of memory
E0711 19:35:47.640875   99491 cuda_executor.cc:1182] [0] Failed to allocate device memory of 5.00GiB (5365072384 bytes): RESOURCE_EXHAUSTED: : CUDA_ERROR_OUT_OF_MEMORY: out of memory
E0711 19:35:47.640975   99491 cuda_executor.cc:1182] [0] Failed to allocate device memory of 4.50GiB (4828564992 bytes): RESOURCE_EXHAUSTED: : CUDA_ERROR_OUT_OF_MEMORY: out of memory
E0711 19:35:47.641065   99491 cuda_executor.cc:1182] [0] Failed to allocate device memory of 4.05GiB (4345708544 bytes): RESOURCE_EXHAUSTED: : CUDA_ERROR_OUT_OF_MEMORY: out of memory
E0711 19:35:47.641151   99491 cuda_executor.cc:1182] [0] Failed to allocate device memory of 3.64GiB (3911137536 bytes): RESOURCE_EXHAUSTED: : CUDA_ERROR_OUT_OF_MEMORY: out of memory
Optimizer opt has 3,743,242 params:
     3,163,136 disag
       364,160 dyn
        66,111 val
        49,926 dec
        49,796 pol
        41,153 con
         8,960 enc
/workspace/conda_envs/dreamerv3/lib/python3.11/site-packages/optax/_src/linear_algebra.py:44: DeprecationWarning: optax.global_norm is deprecated in favor of optax.tree.norm
  warnings.warn(
Done initializing!
Compiling 1 checkpoint groups...
Largest checkpoint group: 0 GB
Compiling train and report...
/workspace/dreamerv3/embodied/jax/agent.py:187: DeprecationWarning: `with mesh:` context manager has been deprecated. Please use `with jax.set_mesh(mesh):` instead.
  with self.train_mesh:
/workspace/conda_envs/dreamerv3/lib/python3.11/site-packages/optax/_src/linear_algebra.py:44: DeprecationWarning: optax.global_norm is deprecated in favor of optax.tree.norm
  warnings.warn(
Train cost analysis:
No available
Report cost analysis:
No available
Done compiling!
Loading checkpoint: /workspace/dreamerv3_runs/pretrain_p2e_reacher_seed1/ckpt_snapshots/step000000197936
Loaded checkpoint.
World model: obs=['position', 'to_target', 'velocity']  act=['action']  horizons=[1, 5, 20]
  world-model features: episodes 0-7
  world-model features: episodes 8-15
  world-model features: episodes 16-23
  world-model features: episodes 24-31
  world-model features: episodes 32-39
No --vae_ckpt given; extracting world-model features only.
Feature arrays:
  wm_enc                 (40, 1000, 64)
  wm_imag1_deter         (40, 1000, 512)
  wm_imag1_stoch         (40, 1000, 128)
  wm_imag20_deter        (40, 1000, 512)
  wm_imag20_stoch        (40, 1000, 128)
  wm_imag5_deter         (40, 1000, 512)
  wm_imag5_stoch         (40, 1000, 128)
  wm_post_deter          (40, 1000, 512)
  wm_post_nll            (40, 1000)
  wm_post_stoch          (40, 1000, 128)
  wm_prior_deter         (40, 1000, 512)
  wm_prior_nll           (40, 1000)
  wm_prior_stoch         (40, 1000, 128)
Saved -> /workspace/dreamerv3_runs/pretrain_p2e_reacher_seed1/measure/ms200000/feats.npz
Episodes: 40 (test 12)  |  sites: ['enc', 'imag1', 'imag20', 'imag5', 'post_deter', 'post_stoch', 'posterior', 'prior']
Targets: ['in_regime', 'qpos', 'qvel', 'regime', 'return_to_go', 'state']
  [  1/38] rssm/enc        state         h=0  K=1  R2_ridge=0.90549  R2_mlp=None
  [  2/38] rssm/posterior  state         h=0  K=1  R2_ridge=0.98358  R2_mlp=None
  [  3/38] rssm/post_deter state         h=0  K=1  R2_ridge=0.98209  R2_mlp=None
  [  4/38] rssm/post_stoch state         h=0  K=1  R2_ridge=0.77953  R2_mlp=None
  [  5/38] rssm/prior      state         h=0  K=1  R2_ridge=0.98188  R2_mlp=None
  [  6/38] rssm/enc        state         h=1  K=1  R2_ridge=0.88278  R2_mlp=None
  [  7/38] rssm/posterior  state         h=1  K=1  R2_ridge=0.96462  R2_mlp=None
  [  8/38] rssm/post_deter state         h=1  K=1  R2_ridge=0.9629  R2_mlp=None
  [  9/38] rssm/post_stoch state         h=1  K=1  R2_ridge=0.76702  R2_mlp=None
  [ 10/38] rssm/prior      state         h=1  K=1  R2_ridge=0.96278  R2_mlp=None
  [ 11/38] rssm/imag1      state         h=1  K=1  R2_ridge=0.98221  R2_mlp=None
  [ 12/38] rssm/enc        state         h=5  K=1  R2_ridge=0.83436  R2_mlp=None
  [ 13/38] rssm/posterior  state         h=5  K=1  R2_ridge=0.92237  R2_mlp=None
  [ 14/38] rssm/post_deter state         h=5  K=1  R2_ridge=0.91944  R2_mlp=None
  [ 15/38] rssm/post_stoch state         h=5  K=1  R2_ridge=0.71912  R2_mlp=None
  [ 16/38] rssm/prior      state         h=5  K=1  R2_ridge=0.91974  R2_mlp=None
  [ 17/38] rssm/imag5      state         h=5  K=1  R2_ridge=0.98213  R2_mlp=None
  [ 18/38] rssm/enc        state         h=20 K=1  R2_ridge=0.73082  R2_mlp=None
  [ 19/38] rssm/posterior  state         h=20 K=1  R2_ridge=0.81555  R2_mlp=None
  [ 20/38] rssm/post_deter state         h=20 K=1  R2_ridge=0.81201  R2_mlp=None
  [ 21/38] rssm/post_stoch state         h=20 K=1  R2_ridge=0.61834  R2_mlp=None
  [ 22/38] rssm/prior      state         h=20 K=1  R2_ridge=0.81237  R2_mlp=None
  [ 23/38] rssm/imag20     state         h=20 K=1  R2_ridge=0.98114  R2_mlp=None
  [ 24/38] rssm/enc        return_to_go  h=0  K=1  R2_ridge=0.06052  R2_mlp=None
  [ 25/38] rssm/posterior  return_to_go  h=0  K=1  R2_ridge=0.05246  R2_mlp=None
  [ 26/38] rssm/post_deter return_to_go  h=0  K=1  R2_ridge=0.04722  R2_mlp=None
  [ 27/38] rssm/post_stoch return_to_go  h=0  K=1  R2_ridge=0.04833  R2_mlp=None
  [ 28/38] rssm/prior      return_to_go  h=0  K=1  R2_ridge=0.05038  R2_mlp=None
  [ 29/38] rssm/enc        regime        h=0  K=1  R2_ridge=0.92906  R2_mlp=None
  [ 30/38] rssm/posterior  regime        h=0  K=1  R2_ridge=0.96087  R2_mlp=None
  [ 31/38] rssm/post_deter regime        h=0  K=1  R2_ridge=0.91081  R2_mlp=None
  [ 32/38] rssm/post_stoch regime        h=0  K=1  R2_ridge=0.81506  R2_mlp=None
  [ 33/38] rssm/prior      regime        h=0  K=1  R2_ridge=0.9143  R2_mlp=None
  [ 34/38] rssm/enc        in_regime     h=0  K=1  R2_ridge=0.01899  R2_mlp=None
  [ 35/38] rssm/posterior  in_regime     h=0  K=1  R2_ridge=-0.02037  R2_mlp=None
  [ 36/38] rssm/post_deter in_regime     h=0  K=1  R2_ridge=-0.01944  R2_mlp=None
  [ 37/38] rssm/post_stoch in_regime     h=0  K=1  R2_ridge=0.00313  R2_mlp=None
  [ 38/38] rssm/prior      in_regime     h=0  K=1  R2_ridge=-0.01905  R2_mlp=None

Probing summary (held-out ridge R^2)
======================================

Per-frame content (target: state, horizon 0):
  RSSM posterior          R^2 = 0.98358
  static VAE latent (K=1) R^2 = None

Predictive content (RSSM posterior, target: state):
  horizon  0: R^2 = 0.98358
  horizon  1: R^2 = 0.96462
  horizon  5: R^2 = 0.92237
  horizon 20: R^2 = 0.81555

VAE receptive field (target: state, horizon 0):
  K=  1: R^2 = None
  K=  4: R^2 = None
  K= 16: R^2 = None
  K=all: R^2 = None

Reward probe (RSSM posterior, target: task reward, h=0):
  reward_stand  R^2 = None
  reward_walk   R^2 = None
  reward_run    R^2 = None

Held-out likelihood (mean NLL, lower is better):
  rssm_posterior_recon       0.0212
  rssm_prior_predictive      0.0232

Wrote results -> /workspace/dreamerv3_runs/pretrain_p2e_reacher_seed1/measure/ms200000/probe
{"vsa_5": -0.015875, "fwd_mse_5": -0.014385, "vsa_1": -0.015816, "fwd_mse_1": -0.014356, "vsa_20": -0.017826, "fwd_mse_20": -0.014381}
-> /workspace/dreamerv3_runs/pretrain_p2e_reacher_seed1/measure/ms200000/vsa.json
[Sat Jul 11 19:49:16 UTC 2026] milestone 300000  snapshot=/workspace/dreamerv3_runs/pretrain_p2e_reacher_seed1/ckpt_snapshots/step000000299456
Task: dmc_reacher_hard  |  checkpoint: /workspace/dreamerv3_runs/pretrain_p2e_reacher_seed1/ckpt_snapshots/step000000299456  |  mode: eval
Observations
  reward           Space(float32, shape=(), low=-inf, high=inf)
  is_first         Space(bool, shape=(), low=False, high=True)
  is_last          Space(bool, shape=(), low=False, high=True)
  is_terminal      Space(bool, shape=(), low=False, high=True)
  position         Space(float32, shape=(2,), low=-inf, high=inf)
  to_target        Space(float32, shape=(2,), low=-inf, high=inf)
  velocity         Space(float32, shape=(2,), low=-inf, high=inf)
Actions
  action           Space(float32, shape=(2,), low=-1.0, high=1.0)
Extras
  consec           Space(int32, shape=(), low=-2147483648, high=2147483647)
  stepid           Space(uint8, shape=(20,), low=0, high=255)
  dyn/deter        Space(float32, shape=(512,), low=-inf, high=inf)
  dyn/stoch        Space(float32, shape=(32, 4), low=-inf, high=inf)
JAX devices (1): [cuda:0]
Policy devices: cuda:0
Train devices:  cuda:0
Initializing parameters...
/workspace/dreamerv3/embodied/jax/agent.py:112: DeprecationWarning: `with mesh:` context manager has been deprecated. Please use `with jax.set_mesh(mesh):` instead.
  with self.train_mesh:
Optimizer opt has 3,743,242 params:
     3,163,136 disag
       364,160 dyn
        66,111 val
        49,926 dec
        49,796 pol
        41,153 con
         8,960 enc
/workspace/conda_envs/dreamerv3/lib/python3.11/site-packages/optax/_src/linear_algebra.py:44: DeprecationWarning: optax.global_norm is deprecated in favor of optax.tree.norm
  warnings.warn(
Done initializing!
Compiling 1 checkpoint groups...
Largest checkpoint group: 0 GB
Compiling train and report...
/workspace/dreamerv3/embodied/jax/agent.py:187: DeprecationWarning: `with mesh:` context manager has been deprecated. Please use `with jax.set_mesh(mesh):` instead.
  with self.train_mesh:
/workspace/conda_envs/dreamerv3/lib/python3.11/site-packages/optax/_src/linear_algebra.py:44: DeprecationWarning: optax.global_norm is deprecated in favor of optax.tree.norm
  warnings.warn(
Train cost analysis:
No available
Report cost analysis:
No available
Done compiling!
Loading checkpoint: /workspace/dreamerv3_runs/pretrain_p2e_reacher_seed1/ckpt_snapshots/step000000299456
Loaded checkpoint.
Loaded frozen DreamerV3 checkpoint.
Observation keys: ['position', 'to_target', 'velocity']  |  action keys: ['action']
  episode   0: len=1000  return=    0.0
  episode   1: len=1000  return=    1.0
  episode   2: len=1000  return=    0.0
  episode   3: len=1000  return=   43.0
  episode   4: len=1000  return=    4.0
  episode   5: len=1000  return=    0.0
  episode   6: len=1000  return=    0.0
  episode   7: len=1000  return=    0.0
  episode   8: len=1000  return=    0.0
  episode   9: len=1000  return=    0.0
  episode  10: len=1000  return=    0.0
  episode  11: len=1000  return=    0.0
  episode  12: len=1000  return=    0.0
  episode  13: len=1000  return=    0.0
  episode  14: len=1000  return=    0.0
  episode  15: len=1000  return=    0.0
  episode  16: len=1000  return=    1.0
  episode  17: len=1000  return=    0.0
  episode  18: len=1000  return=    0.0
  episode  19: len=1000  return=    0.0
  episode  20: len=1000  return=    0.0
  episode  21: len=1000  return=    0.0
  episode  22: len=1000  return=    0.0
  episode  23: len=1000  return=    0.0
  episode  24: len=1000  return=    0.0
  episode  25: len=1000  return=   10.0
  episode  26: len=1000  return=    0.0
  episode  27: len=1000  return=    9.0
  episode  28: len=1000  return=    0.0
  episode  29: len=1000  return=    0.0
  episode  30: len=1000  return=    7.0
  episode  31: len=1000  return=    4.0
  episode  32: len=1000  return=    2.0
  episode  33: len=1000  return=    0.0
  episode  34: len=1000  return=    0.0
  episode  35: len=1000  return=    0.0
  episode  36: len=1000  return=    0.0
  episode  37: len=1000  return=  404.0
  episode  38: len=1000  return=    0.0
  episode  39: len=1000  return=    0.0
Saved 40 x 1000 steps -> /workspace/dreamerv3_runs/pretrain_p2e_reacher_seed1/measure/ms300000/traj.npz
Return over episodes: 12.1 +/- 63.1
Probe trajectories: 40 episodes x 1000 steps
Observations
  reward           Space(float32, shape=(), low=-inf, high=inf)
  is_first         Space(bool, shape=(), low=False, high=True)
  is_last          Space(bool, shape=(), low=False, high=True)
  is_terminal      Space(bool, shape=(), low=False, high=True)
  position         Space(float32, shape=(2,), low=-inf, high=inf)
  to_target        Space(float32, shape=(2,), low=-inf, high=inf)
  velocity         Space(float32, shape=(2,), low=-inf, high=inf)
Actions
  action           Space(float32, shape=(2,), low=-1.0, high=1.0)
Extras
  consec           Space(int32, shape=(), low=-2147483648, high=2147483647)
  stepid           Space(uint8, shape=(20,), low=0, high=255)
  dyn/deter        Space(float32, shape=(512,), low=-inf, high=inf)
  dyn/stoch        Space(float32, shape=(32, 4), low=-inf, high=inf)
JAX devices (1): [cuda:0]
Policy devices: cuda:0
Train devices:  cuda:0
Initializing parameters...
/workspace/dreamerv3/embodied/jax/agent.py:112: DeprecationWarning: `with mesh:` context manager has been deprecated. Please use `with jax.set_mesh(mesh):` instead.
  with self.train_mesh:
Optimizer opt has 3,743,242 params:
     3,163,136 disag
       364,160 dyn
        66,111 val
        49,926 dec
        49,796 pol
        41,153 con
         8,960 enc
/workspace/conda_envs/dreamerv3/lib/python3.11/site-packages/optax/_src/linear_algebra.py:44: DeprecationWarning: optax.global_norm is deprecated in favor of optax.tree.norm
  warnings.warn(
Done initializing!
Compiling 1 checkpoint groups...
Largest checkpoint group: 0 GB
Compiling train and report...
/workspace/dreamerv3/embodied/jax/agent.py:187: DeprecationWarning: `with mesh:` context manager has been deprecated. Please use `with jax.set_mesh(mesh):` instead.
  with self.train_mesh:
/workspace/conda_envs/dreamerv3/lib/python3.11/site-packages/optax/_src/linear_algebra.py:44: DeprecationWarning: optax.global_norm is deprecated in favor of optax.tree.norm
  warnings.warn(
Train cost analysis:
No available
Report cost analysis:
No available
Done compiling!
Loading checkpoint: /workspace/dreamerv3_runs/pretrain_p2e_reacher_seed1/ckpt_snapshots/step000000299456
Loaded checkpoint.
World model: obs=['position', 'to_target', 'velocity']  act=['action']  horizons=[1, 5, 20]
  world-model features: episodes 0-7
  world-model features: episodes 8-15
  world-model features: episodes 16-23
  world-model features: episodes 24-31
  world-model features: episodes 32-39
No --vae_ckpt given; extracting world-model features only.
Feature arrays:
  wm_enc                 (40, 1000, 64)
  wm_imag1_deter         (40, 1000, 512)
  wm_imag1_stoch         (40, 1000, 128)
  wm_imag20_deter        (40, 1000, 512)
  wm_imag20_stoch        (40, 1000, 128)
  wm_imag5_deter         (40, 1000, 512)
  wm_imag5_stoch         (40, 1000, 128)
  wm_post_deter          (40, 1000, 512)
  wm_post_nll            (40, 1000)
  wm_post_stoch          (40, 1000, 128)
  wm_prior_deter         (40, 1000, 512)
  wm_prior_nll           (40, 1000)
  wm_prior_stoch         (40, 1000, 128)
Saved -> /workspace/dreamerv3_runs/pretrain_p2e_reacher_seed1/measure/ms300000/feats.npz
Episodes: 40 (test 12)  |  sites: ['enc', 'imag1', 'imag20', 'imag5', 'post_deter', 'post_stoch', 'posterior', 'prior']
Targets: ['in_regime', 'qpos', 'qvel', 'regime', 'return_to_go', 'state']
  [  1/38] rssm/enc        state         h=0  K=1  R2_ridge=0.98733  R2_mlp=None
  [  2/38] rssm/posterior  state         h=0  K=1  R2_ridge=0.99735  R2_mlp=None
  [  3/38] rssm/post_deter state         h=0  K=1  R2_ridge=0.97718  R2_mlp=None
  [  4/38] rssm/post_stoch state         h=0  K=1  R2_ridge=0.77066  R2_mlp=None
  [  5/38] rssm/prior      state         h=0  K=1  R2_ridge=0.97805  R2_mlp=None
  [  6/38] rssm/enc        state         h=1  K=1  R2_ridge=0.7499  R2_mlp=None
  [  7/38] rssm/posterior  state         h=1  K=1  R2_ridge=0.9344  R2_mlp=None
  [  8/38] rssm/post_deter state         h=1  K=1  R2_ridge=0.92996  R2_mlp=None
  [  9/38] rssm/post_stoch state         h=1  K=1  R2_ridge=0.66432  R2_mlp=None
  [ 10/38] rssm/prior      state         h=1  K=1  R2_ridge=0.9273  R2_mlp=None
  [ 11/38] rssm/imag1      state         h=1  K=1  R2_ridge=0.97858  R2_mlp=None
  [ 12/38] rssm/enc        state         h=5  K=1  R2_ridge=0.57233  R2_mlp=None
  [ 13/38] rssm/posterior  state         h=5  K=1  R2_ridge=0.63647  R2_mlp=None
  [ 14/38] rssm/post_deter state         h=5  K=1  R2_ridge=0.62921  R2_mlp=None
  [ 15/38] rssm/post_stoch state         h=5  K=1  R2_ridge=0.42175  R2_mlp=None
  [ 16/38] rssm/prior      state         h=5  K=1  R2_ridge=0.63051  R2_mlp=None
  [ 17/38] rssm/imag5      state         h=5  K=1  R2_ridge=0.95995  R2_mlp=None
  [ 18/38] rssm/enc        state         h=20 K=1  R2_ridge=0.3732  R2_mlp=None
  [ 19/38] rssm/posterior  state         h=20 K=1  R2_ridge=0.38743  R2_mlp=None
  [ 20/38] rssm/post_deter state         h=20 K=1  R2_ridge=0.38082  R2_mlp=None
  [ 21/38] rssm/post_stoch state         h=20 K=1  R2_ridge=0.20942  R2_mlp=None
  [ 22/38] rssm/prior      state         h=20 K=1  R2_ridge=0.38165  R2_mlp=None
  [ 23/38] rssm/imag20     state         h=20 K=1  R2_ridge=0.95062  R2_mlp=None
  [ 24/38] rssm/enc        return_to_go  h=0  K=1  R2_ridge=0.00552  R2_mlp=None
  [ 25/38] rssm/posterior  return_to_go  h=0  K=1  R2_ridge=0.00476  R2_mlp=None
  [ 26/38] rssm/post_deter return_to_go  h=0  K=1  R2_ridge=0.00385  R2_mlp=None
  [ 27/38] rssm/post_stoch return_to_go  h=0  K=1  R2_ridge=0.00121  R2_mlp=None
  [ 28/38] rssm/prior      return_to_go  h=0  K=1  R2_ridge=0.00416  R2_mlp=None
  [ 29/38] rssm/enc        regime        h=0  K=1  R2_ridge=0.82508  R2_mlp=None
  [ 30/38] rssm/posterior  regime        h=0  K=1  R2_ridge=0.78766  R2_mlp=None
  [ 31/38] rssm/post_deter regime        h=0  K=1  R2_ridge=0.73611  R2_mlp=None
  [ 32/38] rssm/post_stoch regime        h=0  K=1  R2_ridge=0.32304  R2_mlp=None
  [ 33/38] rssm/prior      regime        h=0  K=1  R2_ridge=0.73709  R2_mlp=None
  [ 34/38] rssm/enc        in_regime     h=0  K=1  R2_ridge=0.00386  R2_mlp=None
  [ 35/38] rssm/posterior  in_regime     h=0  K=1  R2_ridge=0.00608  R2_mlp=None
  [ 36/38] rssm/post_deter in_regime     h=0  K=1  R2_ridge=0.00586  R2_mlp=None
  [ 37/38] rssm/post_stoch in_regime     h=0  K=1  R2_ridge=0.00102  R2_mlp=None
  [ 38/38] rssm/prior      in_regime     h=0  K=1  R2_ridge=0.00606  R2_mlp=None

Probing summary (held-out ridge R^2)
======================================

Per-frame content (target: state, horizon 0):
  RSSM posterior          R^2 = 0.99735
  static VAE latent (K=1) R^2 = None

Predictive content (RSSM posterior, target: state):
  horizon  0: R^2 = 0.99735
  horizon  1: R^2 = 0.9344
  horizon  5: R^2 = 0.63647
  horizon 20: R^2 = 0.38743

VAE receptive field (target: state, horizon 0):
  K=  1: R^2 = None
  K=  4: R^2 = None
  K= 16: R^2 = None
  K=all: R^2 = None

Reward probe (RSSM posterior, target: task reward, h=0):
  reward_stand  R^2 = None
  reward_walk   R^2 = None
  reward_run    R^2 = None

Held-out likelihood (mean NLL, lower is better):
  rssm_posterior_recon       0.0159
  rssm_prior_predictive      0.0819

Wrote results -> /workspace/dreamerv3_runs/pretrain_p2e_reacher_seed1/measure/ms300000/probe
{"vsa_5": -0.023664, "fwd_mse_5": -0.023565, "vsa_1": -0.012794, "fwd_mse_1": -0.012451, "vsa_20": -0.028177, "fwd_mse_20": -0.027271}
-> /workspace/dreamerv3_runs/pretrain_p2e_reacher_seed1/measure/ms300000/vsa.json
[Sat Jul 11 20:30:06 UTC 2026] milestone 400000  snapshot=/workspace/dreamerv3_runs/pretrain_p2e_reacher_seed1/ckpt_snapshots/step000000400960
Task: dmc_reacher_hard  |  checkpoint: /workspace/dreamerv3_runs/pretrain_p2e_reacher_seed1/ckpt_snapshots/step000000400960  |  mode: eval
Observations
  reward           Space(float32, shape=(), low=-inf, high=inf)
  is_first         Space(bool, shape=(), low=False, high=True)
  is_last          Space(bool, shape=(), low=False, high=True)
  is_terminal      Space(bool, shape=(), low=False, high=True)
  position         Space(float32, shape=(2,), low=-inf, high=inf)
  to_target        Space(float32, shape=(2,), low=-inf, high=inf)
  velocity         Space(float32, shape=(2,), low=-inf, high=inf)
Actions
  action           Space(float32, shape=(2,), low=-1.0, high=1.0)
Extras
  consec           Space(int32, shape=(), low=-2147483648, high=2147483647)
  stepid           Space(uint8, shape=(20,), low=0, high=255)
  dyn/deter        Space(float32, shape=(512,), low=-inf, high=inf)
  dyn/stoch        Space(float32, shape=(32, 4), low=-inf, high=inf)
JAX devices (1): [cuda:0]
Policy devices: cuda:0
Train devices:  cuda:0
Initializing parameters...
/workspace/dreamerv3/embodied/jax/agent.py:112: DeprecationWarning: `with mesh:` context manager has been deprecated. Please use `with jax.set_mesh(mesh):` instead.
  with self.train_mesh:
Optimizer opt has 3,743,242 params:
     3,163,136 disag
       364,160 dyn
        66,111 val
        49,926 dec
        49,796 pol
        41,153 con
         8,960 enc
/workspace/conda_envs/dreamerv3/lib/python3.11/site-packages/optax/_src/linear_algebra.py:44: DeprecationWarning: optax.global_norm is deprecated in favor of optax.tree.norm
  warnings.warn(
Done initializing!
Compiling 1 checkpoint groups...
Largest checkpoint group: 0 GB
Compiling train and report...
/workspace/dreamerv3/embodied/jax/agent.py:187: DeprecationWarning: `with mesh:` context manager has been deprecated. Please use `with jax.set_mesh(mesh):` instead.
  with self.train_mesh:
/workspace/conda_envs/dreamerv3/lib/python3.11/site-packages/optax/_src/linear_algebra.py:44: DeprecationWarning: optax.global_norm is deprecated in favor of optax.tree.norm
  warnings.warn(
Train cost analysis:
No available
Report cost analysis:
No available
Done compiling!
Loading checkpoint: /workspace/dreamerv3_runs/pretrain_p2e_reacher_seed1/ckpt_snapshots/step000000400960
Loaded checkpoint.
Loaded frozen DreamerV3 checkpoint.
Observation keys: ['position', 'to_target', 'velocity']  |  action keys: ['action']
  episode   0: len=1000  return=  125.0
  episode   1: len=1000  return=    1.0
  episode   2: len=1000  return=    0.0
  episode   3: len=1000  return=    0.0
  episode   4: len=1000  return=    5.0
  episode   5: len=1000  return=    2.0
  episode   6: len=1000  return=    1.0
  episode   7: len=1000  return=    0.0
  episode   8: len=1000  return=    0.0
  episode   9: len=1000  return=    0.0
  episode  10: len=1000  return=    0.0
  episode  11: len=1000  return=    0.0
  episode  12: len=1000  return=    0.0
  episode  13: len=1000  return=    0.0
  episode  14: len=1000  return=    0.0
  episode  15: len=1000  return=    3.0
  episode  16: len=1000  return=    6.0
  episode  17: len=1000  return=    0.0
  episode  18: len=1000  return=    0.0
  episode  19: len=1000  return=    0.0
  episode  20: len=1000  return=    0.0
  episode  21: len=1000  return=    0.0
  episode  22: len=1000  return=    0.0
  episode  23: len=1000  return=   50.0
  episode  24: len=1000  return=    0.0
  episode  25: len=1000  return=    0.0
  episode  26: len=1000  return=    2.0
  episode  27: len=1000  return=    2.0
  episode  28: len=1000  return=    0.0
  episode  29: len=1000  return=    0.0
  episode  30: len=1000  return=    0.0
  episode  31: len=1000  return=    0.0
  episode  32: len=1000  return=   56.0
  episode  33: len=1000  return=    0.0
  episode  34: len=1000  return=    0.0
  episode  35: len=1000  return=    0.0
  episode  36: len=1000  return=    0.0
  episode  37: len=1000  return=    0.0
  episode  38: len=1000  return=    0.0
  episode  39: len=1000  return=    0.0
Saved 40 x 1000 steps -> /workspace/dreamerv3_runs/pretrain_p2e_reacher_seed1/measure/ms400000/traj.npz
Return over episodes: 6.3 +/- 22.2
Probe trajectories: 40 episodes x 1000 steps
Observations
  reward           Space(float32, shape=(), low=-inf, high=inf)
  is_first         Space(bool, shape=(), low=False, high=True)
  is_last          Space(bool, shape=(), low=False, high=True)
  is_terminal      Space(bool, shape=(), low=False, high=True)
  position         Space(float32, shape=(2,), low=-inf, high=inf)
  to_target        Space(float32, shape=(2,), low=-inf, high=inf)
  velocity         Space(float32, shape=(2,), low=-inf, high=inf)
Actions
  action           Space(float32, shape=(2,), low=-1.0, high=1.0)
Extras
  consec           Space(int32, shape=(), low=-2147483648, high=2147483647)
  stepid           Space(uint8, shape=(20,), low=0, high=255)
  dyn/deter        Space(float32, shape=(512,), low=-inf, high=inf)
  dyn/stoch        Space(float32, shape=(32, 4), low=-inf, high=inf)
JAX devices (1): [cuda:0]
Policy devices: cuda:0
Train devices:  cuda:0
Initializing parameters...
/workspace/dreamerv3/embodied/jax/agent.py:112: DeprecationWarning: `with mesh:` context manager has been deprecated. Please use `with jax.set_mesh(mesh):` instead.
  with self.train_mesh:
Optimizer opt has 3,743,242 params:
     3,163,136 disag
       364,160 dyn
        66,111 val
        49,926 dec
        49,796 pol
        41,153 con
         8,960 enc
/workspace/conda_envs/dreamerv3/lib/python3.11/site-packages/optax/_src/linear_algebra.py:44: DeprecationWarning: optax.global_norm is deprecated in favor of optax.tree.norm
  warnings.warn(
Done initializing!
Compiling 1 checkpoint groups...
Largest checkpoint group: 0 GB
Compiling train and report...
/workspace/dreamerv3/embodied/jax/agent.py:187: DeprecationWarning: `with mesh:` context manager has been deprecated. Please use `with jax.set_mesh(mesh):` instead.
  with self.train_mesh:
/workspace/conda_envs/dreamerv3/lib/python3.11/site-packages/optax/_src/linear_algebra.py:44: DeprecationWarning: optax.global_norm is deprecated in favor of optax.tree.norm
  warnings.warn(
Train cost analysis:
No available
Report cost analysis:
No available
Done compiling!
Loading checkpoint: /workspace/dreamerv3_runs/pretrain_p2e_reacher_seed1/ckpt_snapshots/step000000400960
Loaded checkpoint.
World model: obs=['position', 'to_target', 'velocity']  act=['action']  horizons=[1, 5, 20]
  world-model features: episodes 0-7
  world-model features: episodes 8-15
  world-model features: episodes 16-23
  world-model features: episodes 24-31
  world-model features: episodes 32-39
No --vae_ckpt given; extracting world-model features only.
Feature arrays:
  wm_enc                 (40, 1000, 64)
  wm_imag1_deter         (40, 1000, 512)
  wm_imag1_stoch         (40, 1000, 128)
  wm_imag20_deter        (40, 1000, 512)
  wm_imag20_stoch        (40, 1000, 128)
  wm_imag5_deter         (40, 1000, 512)
  wm_imag5_stoch         (40, 1000, 128)
  wm_post_deter          (40, 1000, 512)
  wm_post_nll            (40, 1000)
  wm_post_stoch          (40, 1000, 128)
  wm_prior_deter         (40, 1000, 512)
  wm_prior_nll           (40, 1000)
  wm_prior_stoch         (40, 1000, 128)
Saved -> /workspace/dreamerv3_runs/pretrain_p2e_reacher_seed1/measure/ms400000/feats.npz
Episodes: 40 (test 12)  |  sites: ['enc', 'imag1', 'imag20', 'imag5', 'post_deter', 'post_stoch', 'posterior', 'prior']
Targets: ['in_regime', 'qpos', 'qvel', 'regime', 'return_to_go', 'state']
  [  1/38] rssm/enc        state         h=0  K=1  R2_ridge=0.96363  R2_mlp=None
  [  2/38] rssm/posterior  state         h=0  K=1  R2_ridge=0.97167  R2_mlp=None
  [  3/38] rssm/post_deter state         h=0  K=1  R2_ridge=0.95604  R2_mlp=None
  [  4/38] rssm/post_stoch state         h=0  K=1  R2_ridge=0.56125  R2_mlp=None
  [  5/38] rssm/prior      state         h=0  K=1  R2_ridge=0.95697  R2_mlp=None
  [  6/38] rssm/enc        state         h=1  K=1  R2_ridge=0.94593  R2_mlp=None
  [  7/38] rssm/posterior  state         h=1  K=1  R2_ridge=0.96539  R2_mlp=None
  [  8/38] rssm/post_deter state         h=1  K=1  R2_ridge=0.95069  R2_mlp=None
  [  9/38] rssm/post_stoch state         h=1  K=1  R2_ridge=0.5511  R2_mlp=None
  [ 10/38] rssm/prior      state         h=1  K=1  R2_ridge=0.95166  R2_mlp=None
  [ 11/38] rssm/imag1      state         h=1  K=1  R2_ridge=0.95695  R2_mlp=None
  [ 12/38] rssm/enc        state         h=5  K=1  R2_ridge=0.86531  R2_mlp=None
  [ 13/38] rssm/posterior  state         h=5  K=1  R2_ridge=0.92248  R2_mlp=None
  [ 14/38] rssm/post_deter state         h=5  K=1  R2_ridge=0.90793  R2_mlp=None
  [ 15/38] rssm/post_stoch state         h=5  K=1  R2_ridge=0.5002  R2_mlp=None
  [ 16/38] rssm/prior      state         h=5  K=1  R2_ridge=0.90916  R2_mlp=None
  [ 17/38] rssm/imag5      state         h=5  K=1  R2_ridge=0.96507  R2_mlp=None
  [ 18/38] rssm/enc        state         h=20 K=1  R2_ridge=0.85763  R2_mlp=None
  [ 19/38] rssm/posterior  state         h=20 K=1  R2_ridge=0.85721  R2_mlp=None
  [ 20/38] rssm/post_deter state         h=20 K=1  R2_ridge=0.85269  R2_mlp=None
  [ 21/38] rssm/post_stoch state         h=20 K=1  R2_ridge=0.48361  R2_mlp=None
  [ 22/38] rssm/prior      state         h=20 K=1  R2_ridge=0.85352  R2_mlp=None
  [ 23/38] rssm/imag20     state         h=20 K=1  R2_ridge=0.96215  R2_mlp=None
  [ 24/38] rssm/enc        return_to_go  h=0  K=1  R2_ridge=0.03505  R2_mlp=None
  [ 25/38] rssm/posterior  return_to_go  h=0  K=1  R2_ridge=-0.02318  R2_mlp=None
  [ 26/38] rssm/post_deter return_to_go  h=0  K=1  R2_ridge=-0.02627  R2_mlp=None
  [ 27/38] rssm/post_stoch return_to_go  h=0  K=1  R2_ridge=-0.00641  R2_mlp=None
  [ 28/38] rssm/prior      return_to_go  h=0  K=1  R2_ridge=-0.02543  R2_mlp=None
  [ 29/38] rssm/enc        regime        h=0  K=1  R2_ridge=0.8604  R2_mlp=None
  [ 30/38] rssm/posterior  regime        h=0  K=1  R2_ridge=0.5895  R2_mlp=None
  [ 31/38] rssm/post_deter regime        h=0  K=1  R2_ridge=0.56051  R2_mlp=None
  [ 32/38] rssm/post_stoch regime        h=0  K=1  R2_ridge=0.07125  R2_mlp=None
  [ 33/38] rssm/prior      regime        h=0  K=1  R2_ridge=0.5771  R2_mlp=None
  [ 34/38] rssm/enc        in_regime     h=0  K=1  R2_ridge=0.00645  R2_mlp=None
  [ 35/38] rssm/posterior  in_regime     h=0  K=1  R2_ridge=-0.05198  R2_mlp=None
  [ 36/38] rssm/post_deter in_regime     h=0  K=1  R2_ridge=-0.04062  R2_mlp=None
  [ 37/38] rssm/post_stoch in_regime     h=0  K=1  R2_ridge=-0.01716  R2_mlp=None
  [ 38/38] rssm/prior      in_regime     h=0  K=1  R2_ridge=-0.04501  R2_mlp=None

Probing summary (held-out ridge R^2)
======================================

Per-frame content (target: state, horizon 0):
  RSSM posterior          R^2 = 0.97167
  static VAE latent (K=1) R^2 = None

Predictive content (RSSM posterior, target: state):
  horizon  0: R^2 = 0.97167
  horizon  1: R^2 = 0.96539
  horizon  5: R^2 = 0.92248
  horizon 20: R^2 = 0.85721

VAE receptive field (target: state, horizon 0):
  K=  1: R^2 = None
  K=  4: R^2 = None
  K= 16: R^2 = None
  K=all: R^2 = None

Reward probe (RSSM posterior, target: task reward, h=0):
  reward_stand  R^2 = None
  reward_walk   R^2 = None
  reward_run    R^2 = None

Held-out likelihood (mean NLL, lower is better):
  rssm_posterior_recon       0.0148
  rssm_prior_predictive      0.0559

Wrote results -> /workspace/dreamerv3_runs/pretrain_p2e_reacher_seed1/measure/ms400000/probe
{"vsa_5": -0.124086, "fwd_mse_5": -0.112806, "vsa_1": -0.152781, "fwd_mse_1": -0.150508, "vsa_20": -0.119784, "fwd_mse_20": -0.11627}
-> /workspace/dreamerv3_runs/pretrain_p2e_reacher_seed1/measure/ms400000/vsa.json
[Sat Jul 11 21:11:18 UTC 2026] milestone 500000  snapshot=/workspace/dreamerv3_runs/pretrain_p2e_reacher_seed1/ckpt_snapshots/step000000495632
Task: dmc_reacher_hard  |  checkpoint: /workspace/dreamerv3_runs/pretrain_p2e_reacher_seed1/ckpt_snapshots/step000000495632  |  mode: eval
Observations
  reward           Space(float32, shape=(), low=-inf, high=inf)
  is_first         Space(bool, shape=(), low=False, high=True)
  is_last          Space(bool, shape=(), low=False, high=True)
  is_terminal      Space(bool, shape=(), low=False, high=True)
  position         Space(float32, shape=(2,), low=-inf, high=inf)
  to_target        Space(float32, shape=(2,), low=-inf, high=inf)
  velocity         Space(float32, shape=(2,), low=-inf, high=inf)
Actions
  action           Space(float32, shape=(2,), low=-1.0, high=1.0)
Extras
  consec           Space(int32, shape=(), low=-2147483648, high=2147483647)
  stepid           Space(uint8, shape=(20,), low=0, high=255)
  dyn/deter        Space(float32, shape=(512,), low=-inf, high=inf)
  dyn/stoch        Space(float32, shape=(32, 4), low=-inf, high=inf)
JAX devices (1): [cuda:0]
Policy devices: cuda:0
Train devices:  cuda:0
Initializing parameters...
/workspace/dreamerv3/embodied/jax/agent.py:112: DeprecationWarning: `with mesh:` context manager has been deprecated. Please use `with jax.set_mesh(mesh):` instead.
  with self.train_mesh:
Optimizer opt has 3,743,242 params:
     3,163,136 disag
       364,160 dyn
        66,111 val
        49,926 dec
        49,796 pol
        41,153 con
         8,960 enc
/workspace/conda_envs/dreamerv3/lib/python3.11/site-packages/optax/_src/linear_algebra.py:44: DeprecationWarning: optax.global_norm is deprecated in favor of optax.tree.norm
  warnings.warn(
Done initializing!
Compiling 1 checkpoint groups...
Largest checkpoint group: 0 GB
Compiling train and report...
/workspace/dreamerv3/embodied/jax/agent.py:187: DeprecationWarning: `with mesh:` context manager has been deprecated. Please use `with jax.set_mesh(mesh):` instead.
  with self.train_mesh:
/workspace/conda_envs/dreamerv3/lib/python3.11/site-packages/optax/_src/linear_algebra.py:44: DeprecationWarning: optax.global_norm is deprecated in favor of optax.tree.norm
  warnings.warn(
Train cost analysis:
No available
Report cost analysis:
No available
Done compiling!
Loading checkpoint: /workspace/dreamerv3_runs/pretrain_p2e_reacher_seed1/ckpt_snapshots/step000000495632
Loaded checkpoint.
Loaded frozen DreamerV3 checkpoint.
Observation keys: ['position', 'to_target', 'velocity']  |  action keys: ['action']
  episode   0: len=1000  return=    0.0
  episode   1: len=1000  return=    0.0
  episode   2: len=1000  return=    8.0
  episode   3: len=1000  return=    0.0
  episode   4: len=1000  return=  128.0
  episode   5: len=1000  return=    0.0
  episode   6: len=1000  return=    0.0
  episode   7: len=1000  return=    0.0
  episode   8: len=1000  return=    0.0
  episode   9: len=1000  return=    4.0
  episode  10: len=1000  return=    3.0
  episode  11: len=1000  return=    4.0
  episode  12: len=1000  return=    0.0
  episode  13: len=1000  return=    0.0
  episode  14: len=1000  return=    0.0
  episode  15: len=1000  return=    0.0
  episode  16: len=1000  return=    0.0
  episode  17: len=1000  return=    1.0
  episode  18: len=1000  return=    0.0
  episode  19: len=1000  return=    0.0
  episode  20: len=1000  return=    0.0
  episode  21: len=1000  return=    0.0
  episode  22: len=1000  return=    0.0
  episode  23: len=1000  return=    0.0
  episode  24: len=1000  return=    0.0
  episode  25: len=1000  return=    0.0
  episode  26: len=1000  return=    0.0
  episode  27: len=1000  return=    0.0
  episode  28: len=1000  return=    0.0
  episode  29: len=1000  return=    0.0
  episode  30: len=1000  return=    0.0
  episode  31: len=1000  return=    0.0
  episode  32: len=1000  return=    0.0
  episode  33: len=1000  return=    0.0
  episode  34: len=1000  return=    0.0
  episode  35: len=1000  return=    0.0
  episode  36: len=1000  return=    0.0
  episode  37: len=1000  return=    0.0
  episode  38: len=1000  return=    0.0
  episode  39: len=1000  return=    0.0
Saved 40 x 1000 steps -> /workspace/dreamerv3_runs/pretrain_p2e_reacher_seed1/measure/ms500000/traj.npz
Return over episodes: 3.7 +/- 20.0
Probe trajectories: 40 episodes x 1000 steps
Observations
  reward           Space(float32, shape=(), low=-inf, high=inf)
  is_first         Space(bool, shape=(), low=False, high=True)
  is_last          Space(bool, shape=(), low=False, high=True)
  is_terminal      Space(bool, shape=(), low=False, high=True)
  position         Space(float32, shape=(2,), low=-inf, high=inf)
  to_target        Space(float32, shape=(2,), low=-inf, high=inf)
  velocity         Space(float32, shape=(2,), low=-inf, high=inf)
Actions
  action           Space(float32, shape=(2,), low=-1.0, high=1.0)
Extras
  consec           Space(int32, shape=(), low=-2147483648, high=2147483647)
  stepid           Space(uint8, shape=(20,), low=0, high=255)
  dyn/deter        Space(float32, shape=(512,), low=-inf, high=inf)
  dyn/stoch        Space(float32, shape=(32, 4), low=-inf, high=inf)
JAX devices (1): [cuda:0]
Policy devices: cuda:0
Train devices:  cuda:0
Initializing parameters...
/workspace/dreamerv3/embodied/jax/agent.py:112: DeprecationWarning: `with mesh:` context manager has been deprecated. Please use `with jax.set_mesh(mesh):` instead.
  with self.train_mesh:
Optimizer opt has 3,743,242 params:
     3,163,136 disag
       364,160 dyn
        66,111 val
        49,926 dec
        49,796 pol
        41,153 con
         8,960 enc
/workspace/conda_envs/dreamerv3/lib/python3.11/site-packages/optax/_src/linear_algebra.py:44: DeprecationWarning: optax.global_norm is deprecated in favor of optax.tree.norm
  warnings.warn(
Done initializing!
Compiling 1 checkpoint groups...
Largest checkpoint group: 0 GB
Compiling train and report...
/workspace/dreamerv3/embodied/jax/agent.py:187: DeprecationWarning: `with mesh:` context manager has been deprecated. Please use `with jax.set_mesh(mesh):` instead.
  with self.train_mesh:
/workspace/conda_envs/dreamerv3/lib/python3.11/site-packages/optax/_src/linear_algebra.py:44: DeprecationWarning: optax.global_norm is deprecated in favor of optax.tree.norm
  warnings.warn(
Train cost analysis:
No available
Report cost analysis:
No available
Done compiling!
Loading checkpoint: /workspace/dreamerv3_runs/pretrain_p2e_reacher_seed1/ckpt_snapshots/step000000495632
Loaded checkpoint.
World model: obs=['position', 'to_target', 'velocity']  act=['action']  horizons=[1, 5, 20]
  world-model features: episodes 0-7
  world-model features: episodes 8-15
  world-model features: episodes 16-23
  world-model features: episodes 24-31
  world-model features: episodes 32-39
No --vae_ckpt given; extracting world-model features only.
Feature arrays:
  wm_enc                 (40, 1000, 64)
  wm_imag1_deter         (40, 1000, 512)
  wm_imag1_stoch         (40, 1000, 128)
  wm_imag20_deter        (40, 1000, 512)
  wm_imag20_stoch        (40, 1000, 128)
  wm_imag5_deter         (40, 1000, 512)
  wm_imag5_stoch         (40, 1000, 128)
  wm_post_deter          (40, 1000, 512)
  wm_post_nll            (40, 1000)
  wm_post_stoch          (40, 1000, 128)
  wm_prior_deter         (40, 1000, 512)
  wm_prior_nll           (40, 1000)
  wm_prior_stoch         (40, 1000, 128)
Saved -> /workspace/dreamerv3_runs/pretrain_p2e_reacher_seed1/measure/ms500000/feats.npz
Episodes: 40 (test 12)  |  sites: ['enc', 'imag1', 'imag20', 'imag5', 'post_deter', 'post_stoch', 'posterior', 'prior']
Targets: ['in_regime', 'qpos', 'qvel', 'regime', 'return_to_go', 'state']
  [  1/38] rssm/enc        state         h=0  K=1  R2_ridge=0.97415  R2_mlp=None
  [  2/38] rssm/posterior  state         h=0  K=1  R2_ridge=0.97908  R2_mlp=None
  [  3/38] rssm/post_deter state         h=0  K=1  R2_ridge=0.97596  R2_mlp=None
  [  4/38] rssm/post_stoch state         h=0  K=1  R2_ridge=0.70686  R2_mlp=None
  [  5/38] rssm/prior      state         h=0  K=1  R2_ridge=0.97774  R2_mlp=None
  [  6/38] rssm/enc        state         h=1  K=1  R2_ridge=0.95117  R2_mlp=None
  [  7/38] rssm/posterior  state         h=1  K=1  R2_ridge=0.96988  R2_mlp=None
  [  8/38] rssm/post_deter state         h=1  K=1  R2_ridge=0.96792  R2_mlp=None
  [  9/38] rssm/post_stoch state         h=1  K=1  R2_ridge=0.69668  R2_mlp=None
  [ 10/38] rssm/prior      state         h=1  K=1  R2_ridge=0.96864  R2_mlp=None
  [ 11/38] rssm/imag1      state         h=1  K=1  R2_ridge=0.97779  R2_mlp=None
  [ 12/38] rssm/enc        state         h=5  K=1  R2_ridge=0.93617  R2_mlp=None
  [ 13/38] rssm/posterior  state         h=5  K=1  R2_ridge=0.94458  R2_mlp=None
  [ 14/38] rssm/post_deter state         h=5  K=1  R2_ridge=0.94386  R2_mlp=None
  [ 15/38] rssm/post_stoch state         h=5  K=1  R2_ridge=0.68104  R2_mlp=None
  [ 16/38] rssm/prior      state         h=5  K=1  R2_ridge=0.94457  R2_mlp=None
  [ 17/38] rssm/imag5      state         h=5  K=1  R2_ridge=0.97649  R2_mlp=None
  [ 18/38] rssm/enc        state         h=20 K=1  R2_ridge=0.93455  R2_mlp=None
  [ 19/38] rssm/posterior  state         h=20 K=1  R2_ridge=0.93968  R2_mlp=None
  [ 20/38] rssm/post_deter state         h=20 K=1  R2_ridge=0.93963  R2_mlp=None
  [ 21/38] rssm/post_stoch state         h=20 K=1  R2_ridge=0.67517  R2_mlp=None
  [ 22/38] rssm/prior      state         h=20 K=1  R2_ridge=0.94017  R2_mlp=None
  [ 23/38] rssm/imag20     state         h=20 K=1  R2_ridge=0.97703  R2_mlp=None
  [ 24/38] rssm/enc        return_to_go  h=0  K=1  R2_ridge=-39.99319  R2_mlp=None
  [ 25/38] rssm/posterior  return_to_go  h=0  K=1  R2_ridge=-42.55084  R2_mlp=None
  [ 26/38] rssm/post_deter return_to_go  h=0  K=1  R2_ridge=-40.95433  R2_mlp=None
  [ 27/38] rssm/post_stoch return_to_go  h=0  K=1  R2_ridge=-5.5605  R2_mlp=None
  [ 28/38] rssm/prior      return_to_go  h=0  K=1  R2_ridge=-42.05799  R2_mlp=None
  [ 29/38] rssm/enc        regime        h=0  K=1  R2_ridge=0.55747  R2_mlp=None
  [ 30/38] rssm/posterior  regime        h=0  K=1  R2_ridge=0.07447  R2_mlp=None
  [ 31/38] rssm/post_deter regime        h=0  K=1  R2_ridge=0.06531  R2_mlp=None
  [ 32/38] rssm/post_stoch regime        h=0  K=1  R2_ridge=-0.25657  R2_mlp=None
  [ 33/38] rssm/prior      regime        h=0  K=1  R2_ridge=0.06702  R2_mlp=None
  [ 34/38] rssm/enc        in_regime     h=0  K=1  R2_ridge=-12.7346  R2_mlp=None
  [ 35/38] rssm/posterior  in_regime     h=0  K=1  R2_ridge=-27.57801  R2_mlp=None
  [ 36/38] rssm/post_deter in_regime     h=0  K=1  R2_ridge=-25.68308  R2_mlp=None
  [ 37/38] rssm/post_stoch in_regime     h=0  K=1  R2_ridge=-4.26327  R2_mlp=None
  [ 38/38] rssm/prior      in_regime     h=0  K=1  R2_ridge=-26.61452  R2_mlp=None

Probing summary (held-out ridge R^2)
======================================

Per-frame content (target: state, horizon 0):
  RSSM posterior          R^2 = 0.97908
  static VAE latent (K=1) R^2 = None

Predictive content (RSSM posterior, target: state):
  horizon  0: R^2 = 0.97908
  horizon  1: R^2 = 0.96988
  horizon  5: R^2 = 0.94458
  horizon 20: R^2 = 0.93968

VAE receptive field (target: state, horizon 0):
  K=  1: R^2 = None
  K=  4: R^2 = None
  K= 16: R^2 = None
  K=all: R^2 = None

Reward probe (RSSM posterior, target: task reward, h=0):
  reward_stand  R^2 = None
  reward_walk   R^2 = None
  reward_run    R^2 = None

Held-out likelihood (mean NLL, lower is better):
  rssm_posterior_recon       0.0114
  rssm_prior_predictive      0.0615

Wrote results -> /workspace/dreamerv3_runs/pretrain_p2e_reacher_seed1/measure/ms500000/probe
{"vsa_5": -0.085736, "fwd_mse_5": -0.134922, "vsa_1": -0.08033, "fwd_mse_1": -0.130804, "vsa_20": -0.079897, "fwd_mse_20": -0.12679}
-> /workspace/dreamerv3_runs/pretrain_p2e_reacher_seed1/measure/ms500000/vsa.json
  K=100000: cov=0.5876 occ_phys=0.00791999977082014 occ_rew=0.0079
  K=200000: cov=0.5966 occ_phys=0.008949999697506428 occ_rew=0.0089
  K=300000: cov=0.6092 occ_phys=0.010573333129286766 occ_rew=0.0106
  K=400000: cov=0.5928 occ_phys=0.01020250003784895 occ_rew=0.0102
  K=500000: cov=0.5928 occ_phys=0.010669206269085407 occ_rew=0.0107
-> /workspace/dreamerv3_runs/pretrain_p2e_reacher_seed1/measure/drivers_buffer.json
[Sat Jul 11 21:38:23 UTC 2026] measure pretrain_p2e_reacher_seed1 DONE
