[Sat Jul 11 21:38:24 UTC 2026] measure PRE_RUN=pretrain_p2e_reacher_seed5 TASK=dmc_reacher_hard milestones=100000 200000 300000 400000 500000
[Sat Jul 11 21:38:24 UTC 2026] milestone 100000  snapshot=/workspace/dreamerv3_runs/pretrain_p2e_reacher_seed5/ckpt_snapshots/step000000101328
Task: dmc_reacher_hard  |  checkpoint: /workspace/dreamerv3_runs/pretrain_p2e_reacher_seed5/ckpt_snapshots/step000000101328  |  mode: eval
Observations
  reward           Space(float32, shape=(), low=-inf, high=inf)
  is_first         Space(bool, shape=(), low=False, high=True)
  is_last          Space(bool, shape=(), low=False, high=True)
  is_terminal      Space(bool, shape=(), low=False, high=True)
  position         Space(float32, shape=(2,), low=-inf, high=inf)
  to_target        Space(float32, shape=(2,), low=-inf, high=inf)
  velocity         Space(float32, shape=(2,), low=-inf, high=inf)
Actions
  action           Space(float32, shape=(2,), low=-1.0, high=1.0)
Extras
  consec           Space(int32, shape=(), low=-2147483648, high=2147483647)
  stepid           Space(uint8, shape=(20,), low=0, high=255)
  dyn/deter        Space(float32, shape=(512,), low=-inf, high=inf)
  dyn/stoch        Space(float32, shape=(32, 4), low=-inf, high=inf)
JAX devices (1): [cuda:0]
Policy devices: cuda:0
Train devices:  cuda:0
Initializing parameters...
/workspace/dreamerv3/embodied/jax/agent.py:112: DeprecationWarning: `with mesh:` context manager has been deprecated. Please use `with jax.set_mesh(mesh):` instead.
  with self.train_mesh:
Optimizer opt has 3,743,242 params:
     3,163,136 disag
       364,160 dyn
        66,111 val
        49,926 dec
        49,796 pol
        41,153 con
         8,960 enc
/workspace/conda_envs/dreamerv3/lib/python3.11/site-packages/optax/_src/linear_algebra.py:44: DeprecationWarning: optax.global_norm is deprecated in favor of optax.tree.norm
  warnings.warn(
Done initializing!
Compiling 1 checkpoint groups...
Largest checkpoint group: 0 GB
Compiling train and report...
/workspace/dreamerv3/embodied/jax/agent.py:187: DeprecationWarning: `with mesh:` context manager has been deprecated. Please use `with jax.set_mesh(mesh):` instead.
  with self.train_mesh:
/workspace/conda_envs/dreamerv3/lib/python3.11/site-packages/optax/_src/linear_algebra.py:44: DeprecationWarning: optax.global_norm is deprecated in favor of optax.tree.norm
  warnings.warn(
Train cost analysis:
No available
Report cost analysis:
No available
Done compiling!
Loading checkpoint: /workspace/dreamerv3_runs/pretrain_p2e_reacher_seed5/ckpt_snapshots/step000000101328
Loaded checkpoint.
Loaded frozen DreamerV3 checkpoint.
Observation keys: ['position', 'to_target', 'velocity']  |  action keys: ['action']
  episode   0: len=1000  return=    0.0
  episode   1: len=1000  return=    0.0
  episode   2: len=1000  return=    0.0
  episode   3: len=1000  return=    3.0
  episode   4: len=1000  return=    2.0
  episode   5: len=1000  return=    0.0
  episode   6: len=1000  return=    0.0
  episode   7: len=1000  return=    0.0
  episode   8: len=1000  return=    0.0
  episode   9: len=1000  return=    0.0
  episode  10: len=1000  return=    0.0
  episode  11: len=1000  return=    0.0
  episode  12: len=1000  return=    4.0
  episode  13: len=1000  return=    0.0
  episode  14: len=1000  return=    0.0
  episode  15: len=1000  return=    0.0
  episode  16: len=1000  return=    0.0
  episode  17: len=1000  return=    0.0
  episode  18: len=1000  return=    0.0
  episode  19: len=1000  return=    0.0
  episode  20: len=1000  return=    2.0
  episode  21: len=1000  return=    0.0
  episode  22: len=1000  return=    0.0
  episode  23: len=1000  return=    0.0
  episode  24: len=1000  return=    0.0
  episode  25: len=1000  return=    0.0
  episode  26: len=1000  return=    0.0
  episode  27: len=1000  return=   26.0
  episode  28: len=1000  return=    0.0
  episode  29: len=1000  return=    3.0
  episode  30: len=1000  return=    0.0
  episode  31: len=1000  return=    0.0
  episode  32: len=1000  return=    4.0
  episode  33: len=1000  return=   91.0
  episode  34: len=1000  return=    0.0
  episode  35: len=1000  return=    4.0
  episode  36: len=1000  return=    0.0
  episode  37: len=1000  return=    0.0
  episode  38: len=1000  return=    1.0
  episode  39: len=1000  return=    0.0
Saved 40 x 1000 steps -> /workspace/dreamerv3_runs/pretrain_p2e_reacher_seed5/measure/ms100000/traj.npz
Return over episodes: 3.5 +/- 14.6
Probe trajectories: 40 episodes x 1000 steps
Observations
  reward           Space(float32, shape=(), low=-inf, high=inf)
  is_first         Space(bool, shape=(), low=False, high=True)
  is_last          Space(bool, shape=(), low=False, high=True)
  is_terminal      Space(bool, shape=(), low=False, high=True)
  position         Space(float32, shape=(2,), low=-inf, high=inf)
  to_target        Space(float32, shape=(2,), low=-inf, high=inf)
  velocity         Space(float32, shape=(2,), low=-inf, high=inf)
Actions
  action           Space(float32, shape=(2,), low=-1.0, high=1.0)
Extras
  consec           Space(int32, shape=(), low=-2147483648, high=2147483647)
  stepid           Space(uint8, shape=(20,), low=0, high=255)
  dyn/deter        Space(float32, shape=(512,), low=-inf, high=inf)
  dyn/stoch        Space(float32, shape=(32, 4), low=-inf, high=inf)
JAX devices (1): [cuda:0]
Policy devices: cuda:0
Train devices:  cuda:0
Initializing parameters...
/workspace/dreamerv3/embodied/jax/agent.py:112: DeprecationWarning: `with mesh:` context manager has been deprecated. Please use `with jax.set_mesh(mesh):` instead.
  with self.train_mesh:
Optimizer opt has 3,743,242 params:
     3,163,136 disag
       364,160 dyn
        66,111 val
        49,926 dec
        49,796 pol
        41,153 con
         8,960 enc
/workspace/conda_envs/dreamerv3/lib/python3.11/site-packages/optax/_src/linear_algebra.py:44: DeprecationWarning: optax.global_norm is deprecated in favor of optax.tree.norm
  warnings.warn(
Done initializing!
Compiling 1 checkpoint groups...
Largest checkpoint group: 0 GB
Compiling train and report...
/workspace/dreamerv3/embodied/jax/agent.py:187: DeprecationWarning: `with mesh:` context manager has been deprecated. Please use `with jax.set_mesh(mesh):` instead.
  with self.train_mesh:
/workspace/conda_envs/dreamerv3/lib/python3.11/site-packages/optax/_src/linear_algebra.py:44: DeprecationWarning: optax.global_norm is deprecated in favor of optax.tree.norm
  warnings.warn(
Train cost analysis:
No available
Report cost analysis:
No available
Done compiling!
Loading checkpoint: /workspace/dreamerv3_runs/pretrain_p2e_reacher_seed5/ckpt_snapshots/step000000101328
Loaded checkpoint.
World model: obs=['position', 'to_target', 'velocity']  act=['action']  horizons=[1, 5, 20]
  world-model features: episodes 0-7
  world-model features: episodes 8-15
  world-model features: episodes 16-23
  world-model features: episodes 24-31
  world-model features: episodes 32-39
No --vae_ckpt given; extracting world-model features only.
Feature arrays:
  wm_enc                 (40, 1000, 64)
  wm_imag1_deter         (40, 1000, 512)
  wm_imag1_stoch         (40, 1000, 128)
  wm_imag20_deter        (40, 1000, 512)
  wm_imag20_stoch        (40, 1000, 128)
  wm_imag5_deter         (40, 1000, 512)
  wm_imag5_stoch         (40, 1000, 128)
  wm_post_deter          (40, 1000, 512)
  wm_post_nll            (40, 1000)
  wm_post_stoch          (40, 1000, 128)
  wm_prior_deter         (40, 1000, 512)
  wm_prior_nll           (40, 1000)
  wm_prior_stoch         (40, 1000, 128)
Saved -> /workspace/dreamerv3_runs/pretrain_p2e_reacher_seed5/measure/ms100000/feats.npz
Episodes: 40 (test 12)  |  sites: ['enc', 'imag1', 'imag20', 'imag5', 'post_deter', 'post_stoch', 'posterior', 'prior']
Targets: ['in_regime', 'qpos', 'qvel', 'regime', 'return_to_go', 'state']
  [  1/38] rssm/enc        state         h=0  K=1  R2_ridge=0.98631  R2_mlp=None
  [  2/38] rssm/posterior  state         h=0  K=1  R2_ridge=0.99537  R2_mlp=None
  [  3/38] rssm/post_deter state         h=0  K=1  R2_ridge=0.98275  R2_mlp=None
  [  4/38] rssm/post_stoch state         h=0  K=1  R2_ridge=0.90193  R2_mlp=None
  [  5/38] rssm/prior      state         h=0  K=1  R2_ridge=0.98289  R2_mlp=None
  [  6/38] rssm/enc        state         h=1  K=1  R2_ridge=0.71712  R2_mlp=None
  [  7/38] rssm/posterior  state         h=1  K=1  R2_ridge=0.81567  R2_mlp=None
  [  8/38] rssm/post_deter state         h=1  K=1  R2_ridge=0.8104  R2_mlp=None
  [  9/38] rssm/post_stoch state         h=1  K=1  R2_ridge=0.71277  R2_mlp=None
  [ 10/38] rssm/prior      state         h=1  K=1  R2_ridge=0.81107  R2_mlp=None
  [ 11/38] rssm/imag1      state         h=1  K=1  R2_ridge=0.98329  R2_mlp=None
  [ 12/38] rssm/enc        state         h=5  K=1  R2_ridge=0.33588  R2_mlp=None
  [ 13/38] rssm/posterior  state         h=5  K=1  R2_ridge=0.58527  R2_mlp=None
  [ 14/38] rssm/post_deter state         h=5  K=1  R2_ridge=0.58185  R2_mlp=None
  [ 15/38] rssm/post_stoch state         h=5  K=1  R2_ridge=0.45854  R2_mlp=None
  [ 16/38] rssm/prior      state         h=5  K=1  R2_ridge=0.58255  R2_mlp=None
  [ 17/38] rssm/imag5      state         h=5  K=1  R2_ridge=0.98066  R2_mlp=None
  [ 18/38] rssm/enc        state         h=20 K=1  R2_ridge=0.19324  R2_mlp=None
  [ 19/38] rssm/posterior  state         h=20 K=1  R2_ridge=0.23111  R2_mlp=None
  [ 20/38] rssm/post_deter state         h=20 K=1  R2_ridge=0.22875  R2_mlp=None
  [ 21/38] rssm/post_stoch state         h=20 K=1  R2_ridge=0.17919  R2_mlp=None
  [ 22/38] rssm/prior      state         h=20 K=1  R2_ridge=0.22845  R2_mlp=None
  [ 23/38] rssm/imag20     state         h=20 K=1  R2_ridge=0.97991  R2_mlp=None
  [ 24/38] rssm/enc        return_to_go  h=0  K=1  R2_ridge=0.00701  R2_mlp=None
  [ 25/38] rssm/posterior  return_to_go  h=0  K=1  R2_ridge=0.00678  R2_mlp=None
  [ 26/38] rssm/post_deter return_to_go  h=0  K=1  R2_ridge=0.00636  R2_mlp=None
  [ 27/38] rssm/post_stoch return_to_go  h=0  K=1  R2_ridge=0.00641  R2_mlp=None
  [ 28/38] rssm/prior      return_to_go  h=0  K=1  R2_ridge=0.00643  R2_mlp=None
  [ 29/38] rssm/enc        regime        h=0  K=1  R2_ridge=0.77351  R2_mlp=None
  [ 30/38] rssm/posterior  regime        h=0  K=1  R2_ridge=0.85058  R2_mlp=None
  [ 31/38] rssm/post_deter regime        h=0  K=1  R2_ridge=0.78112  R2_mlp=None
  [ 32/38] rssm/post_stoch regime        h=0  K=1  R2_ridge=0.28245  R2_mlp=None
  [ 33/38] rssm/prior      regime        h=0  K=1  R2_ridge=0.78781  R2_mlp=None
  [ 34/38] rssm/enc        in_regime     h=0  K=1  R2_ridge=0.00536  R2_mlp=None
  [ 35/38] rssm/posterior  in_regime     h=0  K=1  R2_ridge=-0.00461  R2_mlp=None
  [ 36/38] rssm/post_deter in_regime     h=0  K=1  R2_ridge=-0.00141  R2_mlp=None
  [ 37/38] rssm/post_stoch in_regime     h=0  K=1  R2_ridge=0.00295  R2_mlp=None
  [ 38/38] rssm/prior      in_regime     h=0  K=1  R2_ridge=-0.00348  R2_mlp=None

Probing summary (held-out ridge R^2)
======================================

Per-frame content (target: state, horizon 0):
  RSSM posterior          R^2 = 0.99537
  static VAE latent (K=1) R^2 = None

Predictive content (RSSM posterior, target: state):
  horizon  0: R^2 = 0.99537
  horizon  1: R^2 = 0.81567
  horizon  5: R^2 = 0.58527
  horizon 20: R^2 = 0.23111

VAE receptive field (target: state, horizon 0):
  K=  1: R^2 = None
  K=  4: R^2 = None
  K= 16: R^2 = None
  K=all: R^2 = None

Reward probe (RSSM posterior, target: task reward, h=0):
  reward_stand  R^2 = None
  reward_walk   R^2 = None
  reward_run    R^2 = None

Held-out likelihood (mean NLL, lower is better):
  rssm_posterior_recon       0.0505
  rssm_prior_predictive      0.0757

Wrote results -> /workspace/dreamerv3_runs/pretrain_p2e_reacher_seed5/measure/ms100000/probe
{"vsa_5": -0.020903, "fwd_mse_5": -0.01607, "vsa_1": -0.018731, "fwd_mse_1": -0.014008, "vsa_20": -0.016974, "fwd_mse_20": -0.01612}
-> /workspace/dreamerv3_runs/pretrain_p2e_reacher_seed5/measure/ms100000/vsa.json
[Sat Jul 11 22:14:55 UTC 2026] milestone 200000  snapshot=/workspace/dreamerv3_runs/pretrain_p2e_reacher_seed5/ckpt_snapshots/step000000200784
Task: dmc_reacher_hard  |  checkpoint: /workspace/dreamerv3_runs/pretrain_p2e_reacher_seed5/ckpt_snapshots/step000000200784  |  mode: eval
Observations
  reward           Space(float32, shape=(), low=-inf, high=inf)
  is_first         Space(bool, shape=(), low=False, high=True)
  is_last          Space(bool, shape=(), low=False, high=True)
  is_terminal      Space(bool, shape=(), low=False, high=True)
  position         Space(float32, shape=(2,), low=-inf, high=inf)
  to_target        Space(float32, shape=(2,), low=-inf, high=inf)
  velocity         Space(float32, shape=(2,), low=-inf, high=inf)
Actions
  action           Space(float32, shape=(2,), low=-1.0, high=1.0)
Extras
  consec           Space(int32, shape=(), low=-2147483648, high=2147483647)
  stepid           Space(uint8, shape=(20,), low=0, high=255)
  dyn/deter        Space(float32, shape=(512,), low=-inf, high=inf)
  dyn/stoch        Space(float32, shape=(32, 4), low=-inf, high=inf)
JAX devices (1): [cuda:0]
Policy devices: cuda:0
Train devices:  cuda:0
Initializing parameters...
/workspace/dreamerv3/embodied/jax/agent.py:112: DeprecationWarning: `with mesh:` context manager has been deprecated. Please use `with jax.set_mesh(mesh):` instead.
  with self.train_mesh:
Optimizer opt has 3,743,242 params:
     3,163,136 disag
       364,160 dyn
        66,111 val
        49,926 dec
        49,796 pol
        41,153 con
         8,960 enc
/workspace/conda_envs/dreamerv3/lib/python3.11/site-packages/optax/_src/linear_algebra.py:44: DeprecationWarning: optax.global_norm is deprecated in favor of optax.tree.norm
  warnings.warn(
Done initializing!
Compiling 1 checkpoint groups...
Largest checkpoint group: 0 GB
Compiling train and report...
/workspace/dreamerv3/embodied/jax/agent.py:187: DeprecationWarning: `with mesh:` context manager has been deprecated. Please use `with jax.set_mesh(mesh):` instead.
  with self.train_mesh:
/workspace/conda_envs/dreamerv3/lib/python3.11/site-packages/optax/_src/linear_algebra.py:44: DeprecationWarning: optax.global_norm is deprecated in favor of optax.tree.norm
  warnings.warn(
Train cost analysis:
No available
Report cost analysis:
No available
Done compiling!
Loading checkpoint: /workspace/dreamerv3_runs/pretrain_p2e_reacher_seed5/ckpt_snapshots/step000000200784
Loaded checkpoint.
Loaded frozen DreamerV3 checkpoint.
Observation keys: ['position', 'to_target', 'velocity']  |  action keys: ['action']
  episode   0: len=1000  return=    6.0
  episode   1: len=1000  return=    0.0
  episode   2: len=1000  return=    0.0
  episode   3: len=1000  return=   48.0
  episode   4: len=1000  return=    0.0
  episode   5: len=1000  return=    0.0
  episode   6: len=1000  return=    0.0
  episode   7: len=1000  return=    3.0
  episode   8: len=1000  return=    0.0
  episode   9: len=1000  return=    0.0
  episode  10: len=1000  return=   78.0
  episode  11: len=1000  return=    0.0
  episode  12: len=1000  return=    0.0
  episode  13: len=1000  return=    0.0
  episode  14: len=1000  return=    0.0
  episode  15: len=1000  return=    0.0
  episode  16: len=1000  return=    0.0
  episode  17: len=1000  return=    0.0
  episode  18: len=1000  return=    0.0
  episode  19: len=1000  return=    0.0
  episode  20: len=1000  return=    0.0
  episode  21: len=1000  return=    0.0
  episode  22: len=1000  return=    0.0
  episode  23: len=1000  return=    3.0
  episode  24: len=1000  return=    0.0
  episode  25: len=1000  return=    0.0
  episode  26: len=1000  return=   10.0
  episode  27: len=1000  return=    1.0
  episode  28: len=1000  return=    0.0
  episode  29: len=1000  return=    0.0
  episode  30: len=1000  return=    0.0
  episode  31: len=1000  return=   15.0
  episode  32: len=1000  return=    0.0
  episode  33: len=1000  return=   19.0
  episode  34: len=1000  return=    0.0
  episode  35: len=1000  return=    2.0
  episode  36: len=1000  return=    1.0
  episode  37: len=1000  return=    0.0
  episode  38: len=1000  return=    0.0
  episode  39: len=1000  return=  114.0
Saved 40 x 1000 steps -> /workspace/dreamerv3_runs/pretrain_p2e_reacher_seed5/measure/ms200000/traj.npz
Return over episodes: 7.5 +/- 22.3
Probe trajectories: 40 episodes x 1000 steps
Observations
  reward           Space(float32, shape=(), low=-inf, high=inf)
  is_first         Space(bool, shape=(), low=False, high=True)
  is_last          Space(bool, shape=(), low=False, high=True)
  is_terminal      Space(bool, shape=(), low=False, high=True)
  position         Space(float32, shape=(2,), low=-inf, high=inf)
  to_target        Space(float32, shape=(2,), low=-inf, high=inf)
  velocity         Space(float32, shape=(2,), low=-inf, high=inf)
Actions
  action           Space(float32, shape=(2,), low=-1.0, high=1.0)
Extras
  consec           Space(int32, shape=(), low=-2147483648, high=2147483647)
  stepid           Space(uint8, shape=(20,), low=0, high=255)
  dyn/deter        Space(float32, shape=(512,), low=-inf, high=inf)
  dyn/stoch        Space(float32, shape=(32, 4), low=-inf, high=inf)
JAX devices (1): [cuda:0]
Policy devices: cuda:0
Train devices:  cuda:0
Initializing parameters...
/workspace/dreamerv3/embodied/jax/agent.py:112: DeprecationWarning: `with mesh:` context manager has been deprecated. Please use `with jax.set_mesh(mesh):` instead.
  with self.train_mesh:
Optimizer opt has 3,743,242 params:
     3,163,136 disag
       364,160 dyn
        66,111 val
        49,926 dec
        49,796 pol
        41,153 con
         8,960 enc
/workspace/conda_envs/dreamerv3/lib/python3.11/site-packages/optax/_src/linear_algebra.py:44: DeprecationWarning: optax.global_norm is deprecated in favor of optax.tree.norm
  warnings.warn(
Done initializing!
Compiling 1 checkpoint groups...
Largest checkpoint group: 0 GB
Compiling train and report...
/workspace/dreamerv3/embodied/jax/agent.py:187: DeprecationWarning: `with mesh:` context manager has been deprecated. Please use `with jax.set_mesh(mesh):` instead.
  with self.train_mesh:
/workspace/conda_envs/dreamerv3/lib/python3.11/site-packages/optax/_src/linear_algebra.py:44: DeprecationWarning: optax.global_norm is deprecated in favor of optax.tree.norm
  warnings.warn(
Train cost analysis:
No available
Report cost analysis:
No available
Done compiling!
Loading checkpoint: /workspace/dreamerv3_runs/pretrain_p2e_reacher_seed5/ckpt_snapshots/step000000200784
Loaded checkpoint.
World model: obs=['position', 'to_target', 'velocity']  act=['action']  horizons=[1, 5, 20]
  world-model features: episodes 0-7
  world-model features: episodes 8-15
  world-model features: episodes 16-23
  world-model features: episodes 24-31
  world-model features: episodes 32-39
No --vae_ckpt given; extracting world-model features only.
Feature arrays:
  wm_enc                 (40, 1000, 64)
  wm_imag1_deter         (40, 1000, 512)
  wm_imag1_stoch         (40, 1000, 128)
  wm_imag20_deter        (40, 1000, 512)
  wm_imag20_stoch        (40, 1000, 128)
  wm_imag5_deter         (40, 1000, 512)
  wm_imag5_stoch         (40, 1000, 128)
  wm_post_deter          (40, 1000, 512)
  wm_post_nll            (40, 1000)
  wm_post_stoch          (40, 1000, 128)
  wm_prior_deter         (40, 1000, 512)
  wm_prior_nll           (40, 1000)
  wm_prior_stoch         (40, 1000, 128)
Saved -> /workspace/dreamerv3_runs/pretrain_p2e_reacher_seed5/measure/ms200000/feats.npz
Episodes: 40 (test 12)  |  sites: ['enc', 'imag1', 'imag20', 'imag5', 'post_deter', 'post_stoch', 'posterior', 'prior']
Targets: ['in_regime', 'qpos', 'qvel', 'regime', 'return_to_go', 'state']
  [  1/38] rssm/enc        state         h=0  K=1  R2_ridge=0.9269  R2_mlp=None
  [  2/38] rssm/posterior  state         h=0  K=1  R2_ridge=0.95566  R2_mlp=None
  [  3/38] rssm/post_deter state         h=0  K=1  R2_ridge=0.95146  R2_mlp=None
  [  4/38] rssm/post_stoch state         h=0  K=1  R2_ridge=0.59632  R2_mlp=None
  [  5/38] rssm/prior      state         h=0  K=1  R2_ridge=0.95239  R2_mlp=None
  [  6/38] rssm/enc        state         h=1  K=1  R2_ridge=0.9209  R2_mlp=None
  [  7/38] rssm/posterior  state         h=1  K=1  R2_ridge=0.95227  R2_mlp=None
  [  8/38] rssm/post_deter state         h=1  K=1  R2_ridge=0.94813  R2_mlp=None
  [  9/38] rssm/post_stoch state         h=1  K=1  R2_ridge=0.59221  R2_mlp=None
  [ 10/38] rssm/prior      state         h=1  K=1  R2_ridge=0.94914  R2_mlp=None
  [ 11/38] rssm/imag1      state         h=1  K=1  R2_ridge=0.95238  R2_mlp=None
  [ 12/38] rssm/enc        state         h=5  K=1  R2_ridge=0.9066  R2_mlp=None
  [ 13/38] rssm/posterior  state         h=5  K=1  R2_ridge=0.94025  R2_mlp=None
  [ 14/38] rssm/post_deter state         h=5  K=1  R2_ridge=0.93681  R2_mlp=None
  [ 15/38] rssm/post_stoch state         h=5  K=1  R2_ridge=0.5838  R2_mlp=None
  [ 16/38] rssm/prior      state         h=5  K=1  R2_ridge=0.93776  R2_mlp=None
  [ 17/38] rssm/imag5      state         h=5  K=1  R2_ridge=0.95053  R2_mlp=None
  [ 18/38] rssm/enc        state         h=20 K=1  R2_ridge=0.88537  R2_mlp=None
  [ 19/38] rssm/posterior  state         h=20 K=1  R2_ridge=0.92196  R2_mlp=None
  [ 20/38] rssm/post_deter state         h=20 K=1  R2_ridge=0.91741  R2_mlp=None
  [ 21/38] rssm/post_stoch state         h=20 K=1  R2_ridge=0.56821  R2_mlp=None
  [ 22/38] rssm/prior      state         h=20 K=1  R2_ridge=0.91837  R2_mlp=None
  [ 23/38] rssm/imag20     state         h=20 K=1  R2_ridge=0.94605  R2_mlp=None
  [ 24/38] rssm/enc        return_to_go  h=0  K=1  R2_ridge=0.0206  R2_mlp=None
  [ 25/38] rssm/posterior  return_to_go  h=0  K=1  R2_ridge=-0.04866  R2_mlp=None
  [ 26/38] rssm/post_deter return_to_go  h=0  K=1  R2_ridge=-0.04281  R2_mlp=None
  [ 27/38] rssm/post_stoch return_to_go  h=0  K=1  R2_ridge=0.00178  R2_mlp=None
  [ 28/38] rssm/prior      return_to_go  h=0  K=1  R2_ridge=-0.04658  R2_mlp=None
  [ 29/38] rssm/enc        regime        h=0  K=1  R2_ridge=0.85926  R2_mlp=None
  [ 30/38] rssm/posterior  regime        h=0  K=1  R2_ridge=0.75624  R2_mlp=None
  [ 31/38] rssm/post_deter regime        h=0  K=1  R2_ridge=0.72947  R2_mlp=None
  [ 32/38] rssm/post_stoch regime        h=0  K=1  R2_ridge=0.24017  R2_mlp=None
  [ 33/38] rssm/prior      regime        h=0  K=1  R2_ridge=0.74513  R2_mlp=None
  [ 34/38] rssm/enc        in_regime     h=0  K=1  R2_ridge=0.00483  R2_mlp=None
  [ 35/38] rssm/posterior  in_regime     h=0  K=1  R2_ridge=-0.05146  R2_mlp=None
  [ 36/38] rssm/post_deter in_regime     h=0  K=1  R2_ridge=-0.05094  R2_mlp=None
  [ 37/38] rssm/post_stoch in_regime     h=0  K=1  R2_ridge=-0.00476  R2_mlp=None
  [ 38/38] rssm/prior      in_regime     h=0  K=1  R2_ridge=-0.05113  R2_mlp=None

Probing summary (held-out ridge R^2)
======================================

Per-frame content (target: state, horizon 0):
  RSSM posterior          R^2 = 0.95566
  static VAE latent (K=1) R^2 = None

Predictive content (RSSM posterior, target: state):
  horizon  0: R^2 = 0.95566
  horizon  1: R^2 = 0.95227
  horizon  5: R^2 = 0.94025
  horizon 20: R^2 = 0.92196

VAE receptive field (target: state, horizon 0):
  K=  1: R^2 = None
  K=  4: R^2 = None
  K= 16: R^2 = None
  K=all: R^2 = None

Reward probe (RSSM posterior, target: task reward, h=0):
  reward_stand  R^2 = None
  reward_walk   R^2 = None
  reward_run    R^2 = None

Held-out likelihood (mean NLL, lower is better):
  rssm_posterior_recon       0.0224
  rssm_prior_predictive      0.1069

Wrote results -> /workspace/dreamerv3_runs/pretrain_p2e_reacher_seed5/measure/ms200000/probe
{"vsa_5": -0.329901, "fwd_mse_5": -0.538232, "vsa_1": -0.311793, "fwd_mse_1": -0.516385, "vsa_20": -0.368654, "fwd_mse_20": -0.596792}
-> /workspace/dreamerv3_runs/pretrain_p2e_reacher_seed5/measure/ms200000/vsa.json
[Sat Jul 11 22:56:09 UTC 2026] milestone 300000  snapshot=/workspace/dreamerv3_runs/pretrain_p2e_reacher_seed5/ckpt_snapshots/step000000300208
Task: dmc_reacher_hard  |  checkpoint: /workspace/dreamerv3_runs/pretrain_p2e_reacher_seed5/ckpt_snapshots/step000000300208  |  mode: eval
Observations
  reward           Space(float32, shape=(), low=-inf, high=inf)
  is_first         Space(bool, shape=(), low=False, high=True)
  is_last          Space(bool, shape=(), low=False, high=True)
  is_terminal      Space(bool, shape=(), low=False, high=True)
  position         Space(float32, shape=(2,), low=-inf, high=inf)
  to_target        Space(float32, shape=(2,), low=-inf, high=inf)
  velocity         Space(float32, shape=(2,), low=-inf, high=inf)
Actions
  action           Space(float32, shape=(2,), low=-1.0, high=1.0)
Extras
  consec           Space(int32, shape=(), low=-2147483648, high=2147483647)
  stepid           Space(uint8, shape=(20,), low=0, high=255)
  dyn/deter        Space(float32, shape=(512,), low=-inf, high=inf)
  dyn/stoch        Space(float32, shape=(32, 4), low=-inf, high=inf)
JAX devices (1): [cuda:0]
Policy devices: cuda:0
Train devices:  cuda:0
Initializing parameters...
/workspace/dreamerv3/embodied/jax/agent.py:112: DeprecationWarning: `with mesh:` context manager has been deprecated. Please use `with jax.set_mesh(mesh):` instead.
  with self.train_mesh:
Optimizer opt has 3,743,242 params:
     3,163,136 disag
       364,160 dyn
        66,111 val
        49,926 dec
        49,796 pol
        41,153 con
         8,960 enc
/workspace/conda_envs/dreamerv3/lib/python3.11/site-packages/optax/_src/linear_algebra.py:44: DeprecationWarning: optax.global_norm is deprecated in favor of optax.tree.norm
  warnings.warn(
Done initializing!
Compiling 1 checkpoint groups...
Largest checkpoint group: 0 GB
Compiling train and report...
/workspace/dreamerv3/embodied/jax/agent.py:187: DeprecationWarning: `with mesh:` context manager has been deprecated. Please use `with jax.set_mesh(mesh):` instead.
  with self.train_mesh:
/workspace/conda_envs/dreamerv3/lib/python3.11/site-packages/optax/_src/linear_algebra.py:44: DeprecationWarning: optax.global_norm is deprecated in favor of optax.tree.norm
  warnings.warn(
Train cost analysis:
No available
Report cost analysis:
No available
Done compiling!
Loading checkpoint: /workspace/dreamerv3_runs/pretrain_p2e_reacher_seed5/ckpt_snapshots/step000000300208
Loaded checkpoint.
Loaded frozen DreamerV3 checkpoint.
Observation keys: ['position', 'to_target', 'velocity']  |  action keys: ['action']
  episode   0: len=1000  return=    0.0
  episode   1: len=1000  return=    0.0
  episode   2: len=1000  return=    0.0
  episode   3: len=1000  return=    0.0
  episode   4: len=1000  return=    0.0
  episode   5: len=1000  return=    0.0
  episode   6: len=1000  return=    0.0
  episode   7: len=1000  return=    0.0
  episode   8: len=1000  return=    0.0
  episode   9: len=1000  return=    5.0
  episode  10: len=1000  return=    0.0
  episode  11: len=1000  return=    0.0
  episode  12: len=1000  return=    0.0
  episode  13: len=1000  return=    0.0
  episode  14: len=1000  return=   24.0
  episode  15: len=1000  return=    6.0
  episode  16: len=1000  return=    0.0
  episode  17: len=1000  return=    0.0
  episode  18: len=1000  return=    0.0
  episode  19: len=1000  return=    0.0
  episode  20: len=1000  return=    0.0
  episode  21: len=1000  return=    4.0
  episode  22: len=1000  return=    0.0
  episode  23: len=1000  return=    0.0
  episode  24: len=1000  return=    0.0
  episode  25: len=1000  return=    0.0
  episode  26: len=1000  return=    0.0
  episode  27: len=1000  return=   97.0
  episode  28: len=1000  return=    0.0
  episode  29: len=1000  return=    0.0
  episode  30: len=1000  return=  216.0
  episode  31: len=1000  return=    0.0
  episode  32: len=1000  return=   21.0
  episode  33: len=1000  return=    2.0
  episode  34: len=1000  return=    0.0
  episode  35: len=1000  return=    0.0
  episode  36: len=1000  return=    0.0
  episode  37: len=1000  return=    0.0
  episode  38: len=1000  return=    0.0
  episode  39: len=1000  return=    0.0
Saved 40 x 1000 steps -> /workspace/dreamerv3_runs/pretrain_p2e_reacher_seed5/measure/ms300000/traj.npz
Return over episodes: 9.4 +/- 36.6
Probe trajectories: 40 episodes x 1000 steps
Observations
  reward           Space(float32, shape=(), low=-inf, high=inf)
  is_first         Space(bool, shape=(), low=False, high=True)
  is_last          Space(bool, shape=(), low=False, high=True)
  is_terminal      Space(bool, shape=(), low=False, high=True)
  position         Space(float32, shape=(2,), low=-inf, high=inf)
  to_target        Space(float32, shape=(2,), low=-inf, high=inf)
  velocity         Space(float32, shape=(2,), low=-inf, high=inf)
Actions
  action           Space(float32, shape=(2,), low=-1.0, high=1.0)
Extras
  consec           Space(int32, shape=(), low=-2147483648, high=2147483647)
  stepid           Space(uint8, shape=(20,), low=0, high=255)
  dyn/deter        Space(float32, shape=(512,), low=-inf, high=inf)
  dyn/stoch        Space(float32, shape=(32, 4), low=-inf, high=inf)
JAX devices (1): [cuda:0]
Policy devices: cuda:0
Train devices:  cuda:0
Initializing parameters...
/workspace/dreamerv3/embodied/jax/agent.py:112: DeprecationWarning: `with mesh:` context manager has been deprecated. Please use `with jax.set_mesh(mesh):` instead.
  with self.train_mesh:
Optimizer opt has 3,743,242 params:
     3,163,136 disag
       364,160 dyn
        66,111 val
        49,926 dec
        49,796 pol
        41,153 con
         8,960 enc
/workspace/conda_envs/dreamerv3/lib/python3.11/site-packages/optax/_src/linear_algebra.py:44: DeprecationWarning: optax.global_norm is deprecated in favor of optax.tree.norm
  warnings.warn(
Done initializing!
Compiling 1 checkpoint groups...
Largest checkpoint group: 0 GB
Compiling train and report...
/workspace/dreamerv3/embodied/jax/agent.py:187: DeprecationWarning: `with mesh:` context manager has been deprecated. Please use `with jax.set_mesh(mesh):` instead.
  with self.train_mesh:
/workspace/conda_envs/dreamerv3/lib/python3.11/site-packages/optax/_src/linear_algebra.py:44: DeprecationWarning: optax.global_norm is deprecated in favor of optax.tree.norm
  warnings.warn(
Train cost analysis:
No available
Report cost analysis:
No available
Done compiling!
Loading checkpoint: /workspace/dreamerv3_runs/pretrain_p2e_reacher_seed5/ckpt_snapshots/step000000300208
Loaded checkpoint.
World model: obs=['position', 'to_target', 'velocity']  act=['action']  horizons=[1, 5, 20]
  world-model features: episodes 0-7
  world-model features: episodes 8-15
  world-model features: episodes 16-23
  world-model features: episodes 24-31
  world-model features: episodes 32-39
No --vae_ckpt given; extracting world-model features only.
Feature arrays:
  wm_enc                 (40, 1000, 64)
  wm_imag1_deter         (40, 1000, 512)
  wm_imag1_stoch         (40, 1000, 128)
  wm_imag20_deter        (40, 1000, 512)
  wm_imag20_stoch        (40, 1000, 128)
  wm_imag5_deter         (40, 1000, 512)
  wm_imag5_stoch         (40, 1000, 128)
  wm_post_deter          (40, 1000, 512)
  wm_post_nll            (40, 1000)
  wm_post_stoch          (40, 1000, 128)
  wm_prior_deter         (40, 1000, 512)
  wm_prior_nll           (40, 1000)
  wm_prior_stoch         (40, 1000, 128)
Saved -> /workspace/dreamerv3_runs/pretrain_p2e_reacher_seed5/measure/ms300000/feats.npz
Episodes: 40 (test 12)  |  sites: ['enc', 'imag1', 'imag20', 'imag5', 'post_deter', 'post_stoch', 'posterior', 'prior']
Targets: ['in_regime', 'qpos', 'qvel', 'regime', 'return_to_go', 'state']
  [  1/38] rssm/enc        state         h=0  K=1  R2_ridge=0.98655  R2_mlp=None
  [  2/38] rssm/posterior  state         h=0  K=1  R2_ridge=0.98671  R2_mlp=None
  [  3/38] rssm/post_deter state         h=0  K=1  R2_ridge=0.98043  R2_mlp=None
  [  4/38] rssm/post_stoch state         h=0  K=1  R2_ridge=0.6374  R2_mlp=None
  [  5/38] rssm/prior      state         h=0  K=1  R2_ridge=0.98055  R2_mlp=None
  [  6/38] rssm/enc        state         h=1  K=1  R2_ridge=0.90756  R2_mlp=None
  [  7/38] rssm/posterior  state         h=1  K=1  R2_ridge=0.97179  R2_mlp=None
  [  8/38] rssm/post_deter state         h=1  K=1  R2_ridge=0.96861  R2_mlp=None
  [  9/38] rssm/post_stoch state         h=1  K=1  R2_ridge=0.61927  R2_mlp=None
  [ 10/38] rssm/prior      state         h=1  K=1  R2_ridge=0.96892  R2_mlp=None
  [ 11/38] rssm/imag1      state         h=1  K=1  R2_ridge=0.98068  R2_mlp=None
  [ 12/38] rssm/enc        state         h=5  K=1  R2_ridge=0.89807  R2_mlp=None
  [ 13/38] rssm/posterior  state         h=5  K=1  R2_ridge=0.94061  R2_mlp=None
  [ 14/38] rssm/post_deter state         h=5  K=1  R2_ridge=0.93753  R2_mlp=None
  [ 15/38] rssm/post_stoch state         h=5  K=1  R2_ridge=0.59708  R2_mlp=None
  [ 16/38] rssm/prior      state         h=5  K=1  R2_ridge=0.93758  R2_mlp=None
  [ 17/38] rssm/imag5      state         h=5  K=1  R2_ridge=0.97906  R2_mlp=None
  [ 18/38] rssm/enc        state         h=20 K=1  R2_ridge=0.89329  R2_mlp=None
  [ 19/38] rssm/posterior  state         h=20 K=1  R2_ridge=0.89145  R2_mlp=None
  [ 20/38] rssm/post_deter state         h=20 K=1  R2_ridge=0.89034  R2_mlp=None
  [ 21/38] rssm/post_stoch state         h=20 K=1  R2_ridge=0.55973  R2_mlp=None
  [ 22/38] rssm/prior      state         h=20 K=1  R2_ridge=0.88968  R2_mlp=None
  [ 23/38] rssm/imag20     state         h=20 K=1  R2_ridge=0.97703  R2_mlp=None
  [ 24/38] rssm/enc        return_to_go  h=0  K=1  R2_ridge=0.05378  R2_mlp=None
  [ 25/38] rssm/posterior  return_to_go  h=0  K=1  R2_ridge=0.07196  R2_mlp=None
  [ 26/38] rssm/post_deter return_to_go  h=0  K=1  R2_ridge=0.06747  R2_mlp=None
  [ 27/38] rssm/post_stoch return_to_go  h=0  K=1  R2_ridge=0.02348  R2_mlp=None
  [ 28/38] rssm/prior      return_to_go  h=0  K=1  R2_ridge=0.06998  R2_mlp=None
  [ 29/38] rssm/enc        regime        h=0  K=1  R2_ridge=0.9394  R2_mlp=None
  [ 30/38] rssm/posterior  regime        h=0  K=1  R2_ridge=0.88453  R2_mlp=None
  [ 31/38] rssm/post_deter regime        h=0  K=1  R2_ridge=0.86891  R2_mlp=None
  [ 32/38] rssm/post_stoch regime        h=0  K=1  R2_ridge=0.31208  R2_mlp=None
  [ 33/38] rssm/prior      regime        h=0  K=1  R2_ridge=0.87891  R2_mlp=None
  [ 34/38] rssm/enc        in_regime     h=0  K=1  R2_ridge=0.02703  R2_mlp=None
  [ 35/38] rssm/posterior  in_regime     h=0  K=1  R2_ridge=0.03099  R2_mlp=None
  [ 36/38] rssm/post_deter in_regime     h=0  K=1  R2_ridge=0.02899  R2_mlp=None
  [ 37/38] rssm/post_stoch in_regime     h=0  K=1  R2_ridge=0.00912  R2_mlp=None
  [ 38/38] rssm/prior      in_regime     h=0  K=1  R2_ridge=0.03029  R2_mlp=None

Probing summary (held-out ridge R^2)
======================================

Per-frame content (target: state, horizon 0):
  RSSM posterior          R^2 = 0.98671
  static VAE latent (K=1) R^2 = None

Predictive content (RSSM posterior, target: state):
  horizon  0: R^2 = 0.98671
  horizon  1: R^2 = 0.97179
  horizon  5: R^2 = 0.94061
  horizon 20: R^2 = 0.89145

VAE receptive field (target: state, horizon 0):
  K=  1: R^2 = None
  K=  4: R^2 = None
  K= 16: R^2 = None
  K=all: R^2 = None

Reward probe (RSSM posterior, target: task reward, h=0):
  reward_stand  R^2 = None
  reward_walk   R^2 = None
  reward_run    R^2 = None

Held-out likelihood (mean NLL, lower is better):
  rssm_posterior_recon       0.0555
  rssm_prior_predictive      0.1055

Wrote results -> /workspace/dreamerv3_runs/pretrain_p2e_reacher_seed5/measure/ms300000/probe
{"vsa_5": -0.023332, "fwd_mse_5": -0.022883, "vsa_1": -0.021112, "fwd_mse_1": -0.020767, "vsa_20": -0.023534, "fwd_mse_20": -0.023337}
-> /workspace/dreamerv3_runs/pretrain_p2e_reacher_seed5/measure/ms300000/vsa.json
[Sat Jul 11 23:32:26 UTC 2026] milestone 400000  snapshot=/workspace/dreamerv3_runs/pretrain_p2e_reacher_seed5/ckpt_snapshots/step000000399584
Task: dmc_reacher_hard  |  checkpoint: /workspace/dreamerv3_runs/pretrain_p2e_reacher_seed5/ckpt_snapshots/step000000399584  |  mode: eval
Observations
  reward           Space(float32, shape=(), low=-inf, high=inf)
  is_first         Space(bool, shape=(), low=False, high=True)
  is_last          Space(bool, shape=(), low=False, high=True)
  is_terminal      Space(bool, shape=(), low=False, high=True)
  position         Space(float32, shape=(2,), low=-inf, high=inf)
  to_target        Space(float32, shape=(2,), low=-inf, high=inf)
  velocity         Space(float32, shape=(2,), low=-inf, high=inf)
Actions
  action           Space(float32, shape=(2,), low=-1.0, high=1.0)
Extras
  consec           Space(int32, shape=(), low=-2147483648, high=2147483647)
  stepid           Space(uint8, shape=(20,), low=0, high=255)
  dyn/deter        Space(float32, shape=(512,), low=-inf, high=inf)
  dyn/stoch        Space(float32, shape=(32, 4), low=-inf, high=inf)
JAX devices (1): [cuda:0]
Policy devices: cuda:0
Train devices:  cuda:0
Initializing parameters...
/workspace/dreamerv3/embodied/jax/agent.py:112: DeprecationWarning: `with mesh:` context manager has been deprecated. Please use `with jax.set_mesh(mesh):` instead.
  with self.train_mesh:
E0711 23:32:28.245966  268886 cuda_executor.cc:1182] [0] Failed to allocate device memory of 11.61GiB (12463374336 bytes): RESOURCE_EXHAUSTED: : CUDA_ERROR_OUT_OF_MEMORY: out of memory
E0711 23:32:28.246098  268886 cuda_executor.cc:1182] [0] Failed to allocate device memory of 10.45GiB (11217036288 bytes): RESOURCE_EXHAUSTED: : CUDA_ERROR_OUT_OF_MEMORY: out of memory
E0711 23:32:28.246199  268886 cuda_executor.cc:1182] [0] Failed to allocate device memory of 9.40GiB (10095332352 bytes): RESOURCE_EXHAUSTED: : CUDA_ERROR_OUT_OF_MEMORY: out of memory
E0711 23:32:28.246291  268886 cuda_executor.cc:1182] [0] Failed to allocate device memory of 8.46GiB (9085798400 bytes): RESOURCE_EXHAUSTED: : CUDA_ERROR_OUT_OF_MEMORY: out of memory
E0711 23:32:28.246383  268886 cuda_executor.cc:1182] [0] Failed to allocate device memory of 7.62GiB (8177218560 bytes): RESOURCE_EXHAUSTED: : CUDA_ERROR_OUT_OF_MEMORY: out of memory
E0711 23:32:28.246471  268886 cuda_executor.cc:1182] [0] Failed to allocate device memory of 6.85GiB (7359496704 bytes): RESOURCE_EXHAUSTED: : CUDA_ERROR_OUT_OF_MEMORY: out of memory
E0711 23:32:28.246572  268886 cuda_executor.cc:1182] [0] Failed to allocate device memory of 6.17GiB (6623546880 bytes): RESOURCE_EXHAUSTED: : CUDA_ERROR_OUT_OF_MEMORY: out of memory
E0711 23:32:28.246667  268886 cuda_executor.cc:1182] [0] Failed to allocate device memory of 5.55GiB (5961191936 bytes): RESOURCE_EXHAUSTED: : CUDA_ERROR_OUT_OF_MEMORY: out of memory
E0711 23:32:28.246769  268886 cuda_executor.cc:1182] [0] Failed to allocate device memory of 5.00GiB (5365072384 bytes): RESOURCE_EXHAUSTED: : CUDA_ERROR_OUT_OF_MEMORY: out of memory
E0711 23:32:28.246865  268886 cuda_executor.cc:1182] [0] Failed to allocate device memory of 4.50GiB (4828564992 bytes): RESOURCE_EXHAUSTED: : CUDA_ERROR_OUT_OF_MEMORY: out of memory
E0711 23:32:28.246972  268886 cuda_executor.cc:1182] [0] Failed to allocate device memory of 4.05GiB (4345708544 bytes): RESOURCE_EXHAUSTED: : CUDA_ERROR_OUT_OF_MEMORY: out of memory
E0711 23:32:28.247088  268886 cuda_executor.cc:1182] [0] Failed to allocate device memory of 3.64GiB (3911137536 bytes): RESOURCE_EXHAUSTED: : CUDA_ERROR_OUT_OF_MEMORY: out of memory
Optimizer opt has 3,743,242 params:
     3,163,136 disag
       364,160 dyn
        66,111 val
        49,926 dec
        49,796 pol
        41,153 con
         8,960 enc
/workspace/conda_envs/dreamerv3/lib/python3.11/site-packages/optax/_src/linear_algebra.py:44: DeprecationWarning: optax.global_norm is deprecated in favor of optax.tree.norm
  warnings.warn(
Done initializing!
Compiling 1 checkpoint groups...
Largest checkpoint group: 0 GB
Compiling train and report...
/workspace/dreamerv3/embodied/jax/agent.py:187: DeprecationWarning: `with mesh:` context manager has been deprecated. Please use `with jax.set_mesh(mesh):` instead.
  with self.train_mesh:
/workspace/conda_envs/dreamerv3/lib/python3.11/site-packages/optax/_src/linear_algebra.py:44: DeprecationWarning: optax.global_norm is deprecated in favor of optax.tree.norm
  warnings.warn(
Train cost analysis:
No available
Report cost analysis:
No available
Done compiling!
Loading checkpoint: /workspace/dreamerv3_runs/pretrain_p2e_reacher_seed5/ckpt_snapshots/step000000399584
Loaded checkpoint.
Loaded frozen DreamerV3 checkpoint.
Observation keys: ['position', 'to_target', 'velocity']  |  action keys: ['action']
  episode   0: len=1000  return=    0.0
  episode   1: len=1000  return=    0.0
  episode   2: len=1000  return=    0.0
  episode   3: len=1000  return=    0.0
  episode   4: len=1000  return=    0.0
  episode   5: len=1000  return=    0.0
  episode   6: len=1000  return=    5.0
  episode   7: len=1000  return=    0.0
  episode   8: len=1000  return=    0.0
  episode   9: len=1000  return=  128.0
  episode  10: len=1000  return=    4.0
  episode  11: len=1000  return=    0.0
  episode  12: len=1000  return=    1.0
  episode  13: len=1000  return=    0.0
  episode  14: len=1000  return=    0.0
  episode  15: len=1000  return=    0.0
  episode  16: len=1000  return=    0.0
  episode  17: len=1000  return=    5.0
  episode  18: len=1000  return=    6.0
  episode  19: len=1000  return=    0.0
  episode  20: len=1000  return=    0.0
  episode  21: len=1000  return=    0.0
  episode  22: len=1000  return=    0.0
  episode  23: len=1000  return=    0.0
  episode  24: len=1000  return=    0.0
  episode  25: len=1000  return=    2.0
  episode  26: len=1000  return=    0.0
  episode  27: len=1000  return=    0.0
  episode  28: len=1000  return=    0.0
  episode  29: len=1000  return=    0.0
  episode  30: len=1000  return=    0.0
  episode  31: len=1000  return=    0.0
  episode  32: len=1000  return=    0.0
  episode  33: len=1000  return=    0.0
  episode  34: len=1000  return=  148.0
  episode  35: len=1000  return=    0.0
  episode  36: len=1000  return=    1.0
  episode  37: len=1000  return=    0.0
  episode  38: len=1000  return=    0.0
  episode  39: len=1000  return=    0.0
Saved 40 x 1000 steps -> /workspace/dreamerv3_runs/pretrain_p2e_reacher_seed5/measure/ms400000/traj.npz
Return over episodes: 7.5 +/- 30.1
Probe trajectories: 40 episodes x 1000 steps
Observations
  reward           Space(float32, shape=(), low=-inf, high=inf)
  is_first         Space(bool, shape=(), low=False, high=True)
  is_last          Space(bool, shape=(), low=False, high=True)
  is_terminal      Space(bool, shape=(), low=False, high=True)
  position         Space(float32, shape=(2,), low=-inf, high=inf)
  to_target        Space(float32, shape=(2,), low=-inf, high=inf)
  velocity         Space(float32, shape=(2,), low=-inf, high=inf)
Actions
  action           Space(float32, shape=(2,), low=-1.0, high=1.0)
Extras
  consec           Space(int32, shape=(), low=-2147483648, high=2147483647)
  stepid           Space(uint8, shape=(20,), low=0, high=255)
  dyn/deter        Space(float32, shape=(512,), low=-inf, high=inf)
  dyn/stoch        Space(float32, shape=(32, 4), low=-inf, high=inf)
JAX devices (1): [cuda:0]
Policy devices: cuda:0
Train devices:  cuda:0
Initializing parameters...
/workspace/dreamerv3/embodied/jax/agent.py:112: DeprecationWarning: `with mesh:` context manager has been deprecated. Please use `with jax.set_mesh(mesh):` instead.
  with self.train_mesh:
E0711 23:40:42.351945  283314 cuda_executor.cc:1182] [0] Failed to allocate device memory of 11.61GiB (12463374336 bytes): RESOURCE_EXHAUSTED: : CUDA_ERROR_OUT_OF_MEMORY: out of memory
E0711 23:40:42.352072  283314 cuda_executor.cc:1182] [0] Failed to allocate device memory of 10.45GiB (11217036288 bytes): RESOURCE_EXHAUSTED: : CUDA_ERROR_OUT_OF_MEMORY: out of memory
E0711 23:40:42.352177  283314 cuda_executor.cc:1182] [0] Failed to allocate device memory of 9.40GiB (10095332352 bytes): RESOURCE_EXHAUSTED: : CUDA_ERROR_OUT_OF_MEMORY: out of memory
E0711 23:40:42.352280  283314 cuda_executor.cc:1182] [0] Failed to allocate device memory of 8.46GiB (9085798400 bytes): RESOURCE_EXHAUSTED: : CUDA_ERROR_OUT_OF_MEMORY: out of memory
E0711 23:40:42.352385  283314 cuda_executor.cc:1182] [0] Failed to allocate device memory of 7.62GiB (8177218560 bytes): RESOURCE_EXHAUSTED: : CUDA_ERROR_OUT_OF_MEMORY: out of memory
E0711 23:40:42.352485  283314 cuda_executor.cc:1182] [0] Failed to allocate device memory of 6.85GiB (7359496704 bytes): RESOURCE_EXHAUSTED: : CUDA_ERROR_OUT_OF_MEMORY: out of memory
E0711 23:40:42.352584  283314 cuda_executor.cc:1182] [0] Failed to allocate device memory of 6.17GiB (6623546880 bytes): RESOURCE_EXHAUSTED: : CUDA_ERROR_OUT_OF_MEMORY: out of memory
E0711 23:40:42.352687  283314 cuda_executor.cc:1182] [0] Failed to allocate device memory of 5.55GiB (5961191936 bytes): RESOURCE_EXHAUSTED: : CUDA_ERROR_OUT_OF_MEMORY: out of memory
E0711 23:40:42.352785  283314 cuda_executor.cc:1182] [0] Failed to allocate device memory of 5.00GiB (5365072384 bytes): RESOURCE_EXHAUSTED: : CUDA_ERROR_OUT_OF_MEMORY: out of memory
E0711 23:40:42.352884  283314 cuda_executor.cc:1182] [0] Failed to allocate device memory of 4.50GiB (4828564992 bytes): RESOURCE_EXHAUSTED: : CUDA_ERROR_OUT_OF_MEMORY: out of memory
E0711 23:40:42.352995  283314 cuda_executor.cc:1182] [0] Failed to allocate device memory of 4.05GiB (4345708544 bytes): RESOURCE_EXHAUSTED: : CUDA_ERROR_OUT_OF_MEMORY: out of memory
E0711 23:40:42.353094  283314 cuda_executor.cc:1182] [0] Failed to allocate device memory of 3.64GiB (3911137536 bytes): RESOURCE_EXHAUSTED: : CUDA_ERROR_OUT_OF_MEMORY: out of memory
Optimizer opt has 3,743,242 params:
     3,163,136 disag
       364,160 dyn
        66,111 val
        49,926 dec
        49,796 pol
        41,153 con
         8,960 enc
/workspace/conda_envs/dreamerv3/lib/python3.11/site-packages/optax/_src/linear_algebra.py:44: DeprecationWarning: optax.global_norm is deprecated in favor of optax.tree.norm
  warnings.warn(
Done initializing!
Compiling 1 checkpoint groups...
Largest checkpoint group: 0 GB
Compiling train and report...
/workspace/dreamerv3/embodied/jax/agent.py:187: DeprecationWarning: `with mesh:` context manager has been deprecated. Please use `with jax.set_mesh(mesh):` instead.
  with self.train_mesh:
/workspace/conda_envs/dreamerv3/lib/python3.11/site-packages/optax/_src/linear_algebra.py:44: DeprecationWarning: optax.global_norm is deprecated in favor of optax.tree.norm
  warnings.warn(
Train cost analysis:
No available
Report cost analysis:
No available
Done compiling!
Loading checkpoint: /workspace/dreamerv3_runs/pretrain_p2e_reacher_seed5/ckpt_snapshots/step000000399584
Loaded checkpoint.
World model: obs=['position', 'to_target', 'velocity']  act=['action']  horizons=[1, 5, 20]
  world-model features: episodes 0-7
  world-model features: episodes 8-15
  world-model features: episodes 16-23
  world-model features: episodes 24-31
  world-model features: episodes 32-39
No --vae_ckpt given; extracting world-model features only.
Feature arrays:
  wm_enc                 (40, 1000, 64)
  wm_imag1_deter         (40, 1000, 512)
  wm_imag1_stoch         (40, 1000, 128)
  wm_imag20_deter        (40, 1000, 512)
  wm_imag20_stoch        (40, 1000, 128)
  wm_imag5_deter         (40, 1000, 512)
  wm_imag5_stoch         (40, 1000, 128)
  wm_post_deter          (40, 1000, 512)
  wm_post_nll            (40, 1000)
  wm_post_stoch          (40, 1000, 128)
  wm_prior_deter         (40, 1000, 512)
  wm_prior_nll           (40, 1000)
  wm_prior_stoch         (40, 1000, 128)
Saved -> /workspace/dreamerv3_runs/pretrain_p2e_reacher_seed5/measure/ms400000/feats.npz
Episodes: 40 (test 12)  |  sites: ['enc', 'imag1', 'imag20', 'imag5', 'post_deter', 'post_stoch', 'posterior', 'prior']
Targets: ['in_regime', 'qpos', 'qvel', 'regime', 'return_to_go', 'state']
  [  1/38] rssm/enc        state         h=0  K=1  R2_ridge=0.97039  R2_mlp=None
  [  2/38] rssm/posterior  state         h=0  K=1  R2_ridge=0.97312  R2_mlp=None
  [  3/38] rssm/post_deter state         h=0  K=1  R2_ridge=0.96435  R2_mlp=None
  [  4/38] rssm/post_stoch state         h=0  K=1  R2_ridge=0.61471  R2_mlp=None
  [  5/38] rssm/prior      state         h=0  K=1  R2_ridge=0.96512  R2_mlp=None
  [  6/38] rssm/enc        state         h=1  K=1  R2_ridge=0.96587  R2_mlp=None
  [  7/38] rssm/posterior  state         h=1  K=1  R2_ridge=0.97183  R2_mlp=None
  [  8/38] rssm/post_deter state         h=1  K=1  R2_ridge=0.96324  R2_mlp=None
  [  9/38] rssm/post_stoch state         h=1  K=1  R2_ridge=0.6126  R2_mlp=None
  [ 10/38] rssm/prior      state         h=1  K=1  R2_ridge=0.96404  R2_mlp=None
  [ 11/38] rssm/imag1      state         h=1  K=1  R2_ridge=0.96507  R2_mlp=None
  [ 12/38] rssm/enc        state         h=5  K=1  R2_ridge=0.96288  R2_mlp=None
  [ 13/38] rssm/posterior  state         h=5  K=1  R2_ridge=0.96658  R2_mlp=None
  [ 14/38] rssm/post_deter state         h=5  K=1  R2_ridge=0.95773  R2_mlp=None
  [ 15/38] rssm/post_stoch state         h=5  K=1  R2_ridge=0.60948  R2_mlp=None
  [ 16/38] rssm/prior      state         h=5  K=1  R2_ridge=0.95849  R2_mlp=None
  [ 17/38] rssm/imag5      state         h=5  K=1  R2_ridge=0.9645  R2_mlp=None
  [ 18/38] rssm/enc        state         h=20 K=1  R2_ridge=0.96068  R2_mlp=None
  [ 19/38] rssm/posterior  state         h=20 K=1  R2_ridge=0.96304  R2_mlp=None
  [ 20/38] rssm/post_deter state         h=20 K=1  R2_ridge=0.95449  R2_mlp=None
  [ 21/38] rssm/post_stoch state         h=20 K=1  R2_ridge=0.60359  R2_mlp=None
  [ 22/38] rssm/prior      state         h=20 K=1  R2_ridge=0.95516  R2_mlp=None
  [ 23/38] rssm/imag20     state         h=20 K=1  R2_ridge=0.96109  R2_mlp=None
  [ 24/38] rssm/enc        return_to_go  h=0  K=1  R2_ridge=0.03833  R2_mlp=None
  [ 25/38] rssm/posterior  return_to_go  h=0  K=1  R2_ridge=0.08301  R2_mlp=None
  [ 26/38] rssm/post_deter return_to_go  h=0  K=1  R2_ridge=0.0732  R2_mlp=None
  [ 27/38] rssm/post_stoch return_to_go  h=0  K=1  R2_ridge=0.01668  R2_mlp=None
  [ 28/38] rssm/prior      return_to_go  h=0  K=1  R2_ridge=0.07605  R2_mlp=None
  [ 29/38] rssm/enc        regime        h=0  K=1  R2_ridge=0.90033  R2_mlp=None
  [ 30/38] rssm/posterior  regime        h=0  K=1  R2_ridge=0.79288  R2_mlp=None
  [ 31/38] rssm/post_deter regime        h=0  K=1  R2_ridge=0.72505  R2_mlp=None
  [ 32/38] rssm/post_stoch regime        h=0  K=1  R2_ridge=0.23389  R2_mlp=None
  [ 33/38] rssm/prior      regime        h=0  K=1  R2_ridge=0.75804  R2_mlp=None
  [ 34/38] rssm/enc        in_regime     h=0  K=1  R2_ridge=0.00987  R2_mlp=None
  [ 35/38] rssm/posterior  in_regime     h=0  K=1  R2_ridge=-0.01902  R2_mlp=None
  [ 36/38] rssm/post_deter in_regime     h=0  K=1  R2_ridge=-0.01877  R2_mlp=None
  [ 37/38] rssm/post_stoch in_regime     h=0  K=1  R2_ridge=-0.00415  R2_mlp=None
  [ 38/38] rssm/prior      in_regime     h=0  K=1  R2_ridge=-0.0193  R2_mlp=None

Probing summary (held-out ridge R^2)
======================================

Per-frame content (target: state, horizon 0):
  RSSM posterior          R^2 = 0.97312
  static VAE latent (K=1) R^2 = None

Predictive content (RSSM posterior, target: state):
  horizon  0: R^2 = 0.97312
  horizon  1: R^2 = 0.97183
  horizon  5: R^2 = 0.96658
  horizon 20: R^2 = 0.96304

VAE receptive field (target: state, horizon 0):
  K=  1: R^2 = None
  K=  4: R^2 = None
  K= 16: R^2 = None
  K=all: R^2 = None

Reward probe (RSSM posterior, target: task reward, h=0):
  reward_stand  R^2 = None
  reward_walk   R^2 = None
  reward_run    R^2 = None

Held-out likelihood (mean NLL, lower is better):
  rssm_posterior_recon       0.0150
  rssm_prior_predictive      0.0512

Wrote results -> /workspace/dreamerv3_runs/pretrain_p2e_reacher_seed5/measure/ms400000/probe
{"vsa_5": -0.328174, "fwd_mse_5": -0.347126, "vsa_1": -0.327779, "fwd_mse_1": -0.343762, "vsa_20": -0.343382, "fwd_mse_20": -0.37021}
-> /workspace/dreamerv3_runs/pretrain_p2e_reacher_seed5/measure/ms400000/vsa.json
[Sat Jul 11 23:55:01 UTC 2026] milestone 500000  snapshot=/workspace/dreamerv3_runs/pretrain_p2e_reacher_seed5/ckpt_snapshots/step000000499008
Task: dmc_reacher_hard  |  checkpoint: /workspace/dreamerv3_runs/pretrain_p2e_reacher_seed5/ckpt_snapshots/step000000499008  |  mode: eval
Observations
  reward           Space(float32, shape=(), low=-inf, high=inf)
  is_first         Space(bool, shape=(), low=False, high=True)
  is_last          Space(bool, shape=(), low=False, high=True)
  is_terminal      Space(bool, shape=(), low=False, high=True)
  position         Space(float32, shape=(2,), low=-inf, high=inf)
  to_target        Space(float32, shape=(2,), low=-inf, high=inf)
  velocity         Space(float32, shape=(2,), low=-inf, high=inf)
Actions
  action           Space(float32, shape=(2,), low=-1.0, high=1.0)
Extras
  consec           Space(int32, shape=(), low=-2147483648, high=2147483647)
  stepid           Space(uint8, shape=(20,), low=0, high=255)
  dyn/deter        Space(float32, shape=(512,), low=-inf, high=inf)
  dyn/stoch        Space(float32, shape=(32, 4), low=-inf, high=inf)
JAX devices (1): [cuda:0]
Policy devices: cuda:0
Train devices:  cuda:0
Initializing parameters...
/workspace/dreamerv3/embodied/jax/agent.py:112: DeprecationWarning: `with mesh:` context manager has been deprecated. Please use `with jax.set_mesh(mesh):` instead.
  with self.train_mesh:
Optimizer opt has 3,743,242 params:
     3,163,136 disag
       364,160 dyn
        66,111 val
        49,926 dec
        49,796 pol
        41,153 con
         8,960 enc
/workspace/conda_envs/dreamerv3/lib/python3.11/site-packages/optax/_src/linear_algebra.py:44: DeprecationWarning: optax.global_norm is deprecated in favor of optax.tree.norm
  warnings.warn(
Done initializing!
Compiling 1 checkpoint groups...
Largest checkpoint group: 0 GB
Compiling train and report...
/workspace/dreamerv3/embodied/jax/agent.py:187: DeprecationWarning: `with mesh:` context manager has been deprecated. Please use `with jax.set_mesh(mesh):` instead.
  with self.train_mesh:
/workspace/conda_envs/dreamerv3/lib/python3.11/site-packages/optax/_src/linear_algebra.py:44: DeprecationWarning: optax.global_norm is deprecated in favor of optax.tree.norm
  warnings.warn(
Train cost analysis:
No available
Report cost analysis:
No available
Done compiling!
Loading checkpoint: /workspace/dreamerv3_runs/pretrain_p2e_reacher_seed5/ckpt_snapshots/step000000499008
Loaded checkpoint.
Loaded frozen DreamerV3 checkpoint.
Observation keys: ['position', 'to_target', 'velocity']  |  action keys: ['action']
  episode   0: len=1000  return=    4.0
  episode   1: len=1000  return=    0.0
  episode   2: len=1000  return=    0.0
  episode   3: len=1000  return=    1.0
  episode   4: len=1000  return=    0.0
  episode   5: len=1000  return=    0.0
  episode   6: len=1000  return=    0.0
  episode   7: len=1000  return=   83.0
  episode   8: len=1000  return=    3.0
  episode   9: len=1000  return=   33.0
  episode  10: len=1000  return=    0.0
  episode  11: len=1000  return=    0.0
  episode  12: len=1000  return=    0.0
  episode  13: len=1000  return=    0.0
  episode  14: len=1000  return=    0.0
  episode  15: len=1000  return=    0.0
  episode  16: len=1000  return=    0.0
  episode  17: len=1000  return=    4.0
  episode  18: len=1000  return=    0.0
  episode  19: len=1000  return=    0.0
  episode  20: len=1000  return=    0.0
  episode  21: len=1000  return=  107.0
  episode  22: len=1000  return=   75.0
  episode  23: len=1000  return=   78.0
  episode  24: len=1000  return=    0.0
  episode  25: len=1000  return=  143.0
  episode  26: len=1000  return=    0.0
  episode  27: len=1000  return=    0.0
  episode  28: len=1000  return=    4.0
  episode  29: len=1000  return=  156.0
  episode  30: len=1000  return=    0.0
  episode  31: len=1000  return=    0.0
  episode  32: len=1000  return=  113.0
  episode  33: len=1000  return=  126.0
  episode  34: len=1000  return=    0.0
  episode  35: len=1000  return=  146.0
  episode  36: len=1000  return=    0.0
  episode  37: len=1000  return=    0.0
  episode  38: len=1000  return=  128.0
  episode  39: len=1000  return=    7.0
Saved 40 x 1000 steps -> /workspace/dreamerv3_runs/pretrain_p2e_reacher_seed5/measure/ms500000/traj.npz
Return over episodes: 30.3 +/- 51.4
Probe trajectories: 40 episodes x 1000 steps
Observations
  reward           Space(float32, shape=(), low=-inf, high=inf)
  is_first         Space(bool, shape=(), low=False, high=True)
  is_last          Space(bool, shape=(), low=False, high=True)
  is_terminal      Space(bool, shape=(), low=False, high=True)
  position         Space(float32, shape=(2,), low=-inf, high=inf)
  to_target        Space(float32, shape=(2,), low=-inf, high=inf)
  velocity         Space(float32, shape=(2,), low=-inf, high=inf)
Actions
  action           Space(float32, shape=(2,), low=-1.0, high=1.0)
Extras
  consec           Space(int32, shape=(), low=-2147483648, high=2147483647)
  stepid           Space(uint8, shape=(20,), low=0, high=255)
  dyn/deter        Space(float32, shape=(512,), low=-inf, high=inf)
  dyn/stoch        Space(float32, shape=(32, 4), low=-inf, high=inf)
JAX devices (1): [cuda:0]
Policy devices: cuda:0
Train devices:  cuda:0
Initializing parameters...
/workspace/dreamerv3/embodied/jax/agent.py:112: DeprecationWarning: `with mesh:` context manager has been deprecated. Please use `with jax.set_mesh(mesh):` instead.
  with self.train_mesh:
Optimizer opt has 3,743,242 params:
     3,163,136 disag
       364,160 dyn
        66,111 val
        49,926 dec
        49,796 pol
        41,153 con
         8,960 enc
/workspace/conda_envs/dreamerv3/lib/python3.11/site-packages/optax/_src/linear_algebra.py:44: DeprecationWarning: optax.global_norm is deprecated in favor of optax.tree.norm
  warnings.warn(
Done initializing!
Compiling 1 checkpoint groups...
Largest checkpoint group: 0 GB
Compiling train and report...
/workspace/dreamerv3/embodied/jax/agent.py:187: DeprecationWarning: `with mesh:` context manager has been deprecated. Please use `with jax.set_mesh(mesh):` instead.
  with self.train_mesh:
/workspace/conda_envs/dreamerv3/lib/python3.11/site-packages/optax/_src/linear_algebra.py:44: DeprecationWarning: optax.global_norm is deprecated in favor of optax.tree.norm
  warnings.warn(
Train cost analysis:
No available
Report cost analysis:
No available
Done compiling!
Loading checkpoint: /workspace/dreamerv3_runs/pretrain_p2e_reacher_seed5/ckpt_snapshots/step000000499008
Loaded checkpoint.
World model: obs=['position', 'to_target', 'velocity']  act=['action']  horizons=[1, 5, 20]
  world-model features: episodes 0-7
  world-model features: episodes 8-15
  world-model features: episodes 16-23
  world-model features: episodes 24-31
  world-model features: episodes 32-39
No --vae_ckpt given; extracting world-model features only.
Feature arrays:
  wm_enc                 (40, 1000, 64)
  wm_imag1_deter         (40, 1000, 512)
  wm_imag1_stoch         (40, 1000, 128)
  wm_imag20_deter        (40, 1000, 512)
  wm_imag20_stoch        (40, 1000, 128)
  wm_imag5_deter         (40, 1000, 512)
  wm_imag5_stoch         (40, 1000, 128)
  wm_post_deter          (40, 1000, 512)
  wm_post_nll            (40, 1000)
  wm_post_stoch          (40, 1000, 128)
  wm_prior_deter         (40, 1000, 512)
  wm_prior_nll           (40, 1000)
  wm_prior_stoch         (40, 1000, 128)
Saved -> /workspace/dreamerv3_runs/pretrain_p2e_reacher_seed5/measure/ms500000/feats.npz
Episodes: 40 (test 12)  |  sites: ['enc', 'imag1', 'imag20', 'imag5', 'post_deter', 'post_stoch', 'posterior', 'prior']
Targets: ['in_regime', 'qpos', 'qvel', 'regime', 'return_to_go', 'state']
  [  1/38] rssm/enc        state         h=0  K=1  R2_ridge=0.9556  R2_mlp=None
  [  2/38] rssm/posterior  state         h=0  K=1  R2_ridge=0.97835  R2_mlp=None
  [  3/38] rssm/post_deter state         h=0  K=1  R2_ridge=0.97296  R2_mlp=None
  [  4/38] rssm/post_stoch state         h=0  K=1  R2_ridge=0.4928  R2_mlp=None
  [  5/38] rssm/prior      state         h=0  K=1  R2_ridge=0.97434  R2_mlp=None
  [  6/38] rssm/enc        state         h=1  K=1  R2_ridge=0.94534  R2_mlp=None
  [  7/38] rssm/posterior  state         h=1  K=1  R2_ridge=0.97369  R2_mlp=None
  [  8/38] rssm/post_deter state         h=1  K=1  R2_ridge=0.96838  R2_mlp=None
  [  9/38] rssm/post_stoch state         h=1  K=1  R2_ridge=0.48703  R2_mlp=None
  [ 10/38] rssm/prior      state         h=1  K=1  R2_ridge=0.96987  R2_mlp=None
  [ 11/38] rssm/imag1      state         h=1  K=1  R2_ridge=0.9743  R2_mlp=None
  [ 12/38] rssm/enc        state         h=5  K=1  R2_ridge=0.94216  R2_mlp=None
  [ 13/38] rssm/posterior  state         h=5  K=1  R2_ridge=0.96559  R2_mlp=None
  [ 14/38] rssm/post_deter state         h=5  K=1  R2_ridge=0.96032  R2_mlp=None
  [ 15/38] rssm/post_stoch state         h=5  K=1  R2_ridge=0.48034  R2_mlp=None
  [ 16/38] rssm/prior      state         h=5  K=1  R2_ridge=0.96174  R2_mlp=None
  [ 17/38] rssm/imag5      state         h=5  K=1  R2_ridge=0.97276  R2_mlp=None
  [ 18/38] rssm/enc        state         h=20 K=1  R2_ridge=0.93918  R2_mlp=None
  [ 19/38] rssm/posterior  state         h=20 K=1  R2_ridge=0.96271  R2_mlp=None
  [ 20/38] rssm/post_deter state         h=20 K=1  R2_ridge=0.95755  R2_mlp=None
  [ 21/38] rssm/post_stoch state         h=20 K=1  R2_ridge=0.46834  R2_mlp=None
  [ 22/38] rssm/prior      state         h=20 K=1  R2_ridge=0.95889  R2_mlp=None
  [ 23/38] rssm/imag20     state         h=20 K=1  R2_ridge=0.97077  R2_mlp=None
  [ 24/38] rssm/enc        return_to_go  h=0  K=1  R2_ridge=0.17221  R2_mlp=None
  [ 25/38] rssm/posterior  return_to_go  h=0  K=1  R2_ridge=0.26742  R2_mlp=None
  [ 26/38] rssm/post_deter return_to_go  h=0  K=1  R2_ridge=0.29097  R2_mlp=None
  [ 27/38] rssm/post_stoch return_to_go  h=0  K=1  R2_ridge=0.0458  R2_mlp=None
  [ 28/38] rssm/prior      return_to_go  h=0  K=1  R2_ridge=0.26383  R2_mlp=None
  [ 29/38] rssm/enc        regime        h=0  K=1  R2_ridge=0.93328  R2_mlp=None
  [ 30/38] rssm/posterior  regime        h=0  K=1  R2_ridge=0.83809  R2_mlp=None
  [ 31/38] rssm/post_deter regime        h=0  K=1  R2_ridge=0.81289  R2_mlp=None
  [ 32/38] rssm/post_stoch regime        h=0  K=1  R2_ridge=0.2439  R2_mlp=None
  [ 33/38] rssm/prior      regime        h=0  K=1  R2_ridge=0.81993  R2_mlp=None
  [ 34/38] rssm/enc        in_regime     h=0  K=1  R2_ridge=0.06813  R2_mlp=None
  [ 35/38] rssm/posterior  in_regime     h=0  K=1  R2_ridge=0.06809  R2_mlp=None
  [ 36/38] rssm/post_deter in_regime     h=0  K=1  R2_ridge=0.06805  R2_mlp=None
  [ 37/38] rssm/post_stoch in_regime     h=0  K=1  R2_ridge=0.01435  R2_mlp=None
  [ 38/38] rssm/prior      in_regime     h=0  K=1  R2_ridge=0.06871  R2_mlp=None

Probing summary (held-out ridge R^2)
======================================

Per-frame content (target: state, horizon 0):
  RSSM posterior          R^2 = 0.97835
  static VAE latent (K=1) R^2 = None

Predictive content (RSSM posterior, target: state):
  horizon  0: R^2 = 0.97835
  horizon  1: R^2 = 0.97369
  horizon  5: R^2 = 0.96559
  horizon 20: R^2 = 0.96271

VAE receptive field (target: state, horizon 0):
  K=  1: R^2 = None
  K=  4: R^2 = None
  K= 16: R^2 = None
  K=all: R^2 = None

Reward probe (RSSM posterior, target: task reward, h=0):
  reward_stand  R^2 = None
  reward_walk   R^2 = None
  reward_run    R^2 = None

Held-out likelihood (mean NLL, lower is better):
  rssm_posterior_recon       0.0241
  rssm_prior_predictive      0.0385

Wrote results -> /workspace/dreamerv3_runs/pretrain_p2e_reacher_seed5/measure/ms500000/probe
{"vsa_5": -0.263054, "fwd_mse_5": -0.272562, "vsa_1": -0.251003, "fwd_mse_1": -0.263913, "vsa_20": -0.26459, "fwd_mse_20": -0.268704}
-> /workspace/dreamerv3_runs/pretrain_p2e_reacher_seed5/measure/ms500000/vsa.json
  K=100000: cov=0.5472 occ_phys=0.010520000010728836 occ_rew=0.0105
  K=200000: cov=0.5644 occ_phys=0.010285000316798687 occ_rew=0.0103
  K=300000: cov=0.5781 occ_phys=0.008990000002086163 occ_rew=0.0090
  K=400000: cov=0.5876 occ_phys=0.009109999984502792 occ_rew=0.0091
  K=500000: cov=0.5762 occ_phys=0.009116086177527905 occ_rew=0.0091
-> /workspace/dreamerv3_runs/pretrain_p2e_reacher_seed5/measure/drivers_buffer.json
[Sun Jul 12 00:26:20 UTC 2026] measure pretrain_p2e_reacher_seed5 DONE
