[Sat Jul 11 19:30:28 UTC 2026] measure PRE_RUN=pretrain_random_reacher_seed1 TASK=dmc_reacher_hard milestones=100000 200000 300000 400000 500000
SKIP milestone 100000: no snapshot within 5000 steps (excluded per PREREG Sec.1)
[Sat Jul 11 19:30:28 UTC 2026] milestone 200000  snapshot=/workspace/dreamerv3_runs/pretrain_random_reacher_seed1/ckpt_snapshots/step000000198960
Task: dmc_reacher_hard  |  checkpoint: /workspace/dreamerv3_runs/pretrain_random_reacher_seed1/ckpt_snapshots/step000000198960  |  mode: eval
Observations
  reward           Space(float32, shape=(), low=-inf, high=inf)
  is_first         Space(bool, shape=(), low=False, high=True)
  is_last          Space(bool, shape=(), low=False, high=True)
  is_terminal      Space(bool, shape=(), low=False, high=True)
  position         Space(float32, shape=(2,), low=-inf, high=inf)
  to_target        Space(float32, shape=(2,), low=-inf, high=inf)
  velocity         Space(float32, shape=(2,), low=-inf, high=inf)
Actions
  action           Space(float32, shape=(2,), low=-1.0, high=1.0)
Extras
  consec           Space(int32, shape=(), low=-2147483648, high=2147483647)
  stepid           Space(uint8, shape=(20,), low=0, high=255)
  dyn/deter        Space(float32, shape=(512,), low=-inf, high=inf)
  dyn/stoch        Space(float32, shape=(32, 4), low=-inf, high=inf)
JAX devices (1): [cuda:0]
Policy devices: cuda:0
Train devices:  cuda:0
Initializing parameters...
/workspace/dreamerv3/embodied/jax/agent.py:112: DeprecationWarning: `with mesh:` context manager has been deprecated. Please use `with jax.set_mesh(mesh):` instead.
  with self.train_mesh:
Optimizer opt has 423,046 params:
       364,160 dyn
        49,926 dec
         8,960 enc
/workspace/conda_envs/dreamerv3/lib/python3.11/site-packages/optax/_src/linear_algebra.py:44: DeprecationWarning: optax.global_norm is deprecated in favor of optax.tree.norm
  warnings.warn(
Done initializing!
Compiling 1 checkpoint groups...
Largest checkpoint group: 0 GB
Compiling train and report...
/workspace/dreamerv3/embodied/jax/agent.py:187: DeprecationWarning: `with mesh:` context manager has been deprecated. Please use `with jax.set_mesh(mesh):` instead.
  with self.train_mesh:
/workspace/conda_envs/dreamerv3/lib/python3.11/site-packages/optax/_src/linear_algebra.py:44: DeprecationWarning: optax.global_norm is deprecated in favor of optax.tree.norm
  warnings.warn(
Train cost analysis:
No available
Report cost analysis:
No available
Done compiling!
Loading checkpoint: /workspace/dreamerv3_runs/pretrain_random_reacher_seed1/ckpt_snapshots/step000000198960
Loaded checkpoint.
Loaded frozen DreamerV3 checkpoint.
Observation keys: ['position', 'to_target', 'velocity']  |  action keys: ['action']
  episode   0: len=1000  return=   13.0
  episode   1: len=1000  return=    0.0
  episode   2: len=1000  return=    0.0
  episode   3: len=1000  return=    0.0
  episode   4: len=1000  return=    0.0
  episode   5: len=1000  return=    0.0
  episode   6: len=1000  return=    0.0
  episode   7: len=1000  return=    0.0
  episode   8: len=1000  return=    0.0
  episode   9: len=1000  return=    0.0
  episode  10: len=1000  return=    0.0
  episode  11: len=1000  return=    0.0
  episode  12: len=1000  return=    0.0
  episode  13: len=1000  return=    0.0
  episode  14: len=1000  return=  115.0
  episode  15: len=1000  return=   68.0
  episode  16: len=1000  return=    0.0
  episode  17: len=1000  return=    0.0
  episode  18: len=1000  return=    0.0
  episode  19: len=1000  return=    0.0
  episode  20: len=1000  return=   26.0
  episode  21: len=1000  return=    0.0
  episode  22: len=1000  return=    0.0
  episode  23: len=1000  return=    0.0
  episode  24: len=1000  return=    0.0
  episode  25: len=1000  return=   35.0
  episode  26: len=1000  return=    0.0
  episode  27: len=1000  return=    0.0
  episode  28: len=1000  return=    0.0
  episode  29: len=1000  return=    0.0
  episode  30: len=1000  return=    0.0
  episode  31: len=1000  return=    0.0
  episode  32: len=1000  return=    0.0
  episode  33: len=1000  return=    0.0
  episode  34: len=1000  return=    0.0
  episode  35: len=1000  return=    0.0
  episode  36: len=1000  return=    0.0
  episode  37: len=1000  return=    8.0
  episode  38: len=1000  return=    0.0
  episode  39: len=1000  return=    0.0
Saved 40 x 1000 steps -> /workspace/dreamerv3_runs/pretrain_random_reacher_seed1/measure/ms200000/traj.npz
Return over episodes: 6.6 +/- 21.3
Probe trajectories: 40 episodes x 1000 steps
Observations
  reward           Space(float32, shape=(), low=-inf, high=inf)
  is_first         Space(bool, shape=(), low=False, high=True)
  is_last          Space(bool, shape=(), low=False, high=True)
  is_terminal      Space(bool, shape=(), low=False, high=True)
  position         Space(float32, shape=(2,), low=-inf, high=inf)
  to_target        Space(float32, shape=(2,), low=-inf, high=inf)
  velocity         Space(float32, shape=(2,), low=-inf, high=inf)
Actions
  action           Space(float32, shape=(2,), low=-1.0, high=1.0)
Extras
  consec           Space(int32, shape=(), low=-2147483648, high=2147483647)
  stepid           Space(uint8, shape=(20,), low=0, high=255)
  dyn/deter        Space(float32, shape=(512,), low=-inf, high=inf)
  dyn/stoch        Space(float32, shape=(32, 4), low=-inf, high=inf)
JAX devices (1): [cuda:0]
Policy devices: cuda:0
Train devices:  cuda:0
Initializing parameters...
/workspace/dreamerv3/embodied/jax/agent.py:112: DeprecationWarning: `with mesh:` context manager has been deprecated. Please use `with jax.set_mesh(mesh):` instead.
  with self.train_mesh:
Optimizer opt has 423,046 params:
       364,160 dyn
        49,926 dec
         8,960 enc
/workspace/conda_envs/dreamerv3/lib/python3.11/site-packages/optax/_src/linear_algebra.py:44: DeprecationWarning: optax.global_norm is deprecated in favor of optax.tree.norm
  warnings.warn(
Done initializing!
Compiling 1 checkpoint groups...
Largest checkpoint group: 0 GB
Compiling train and report...
/workspace/dreamerv3/embodied/jax/agent.py:187: DeprecationWarning: `with mesh:` context manager has been deprecated. Please use `with jax.set_mesh(mesh):` instead.
  with self.train_mesh:
/workspace/conda_envs/dreamerv3/lib/python3.11/site-packages/optax/_src/linear_algebra.py:44: DeprecationWarning: optax.global_norm is deprecated in favor of optax.tree.norm
  warnings.warn(
Train cost analysis:
No available
Report cost analysis:
No available
Done compiling!
Loading checkpoint: /workspace/dreamerv3_runs/pretrain_random_reacher_seed1/ckpt_snapshots/step000000198960
Loaded checkpoint.
World model: obs=['position', 'to_target', 'velocity']  act=['action']  horizons=[1, 5, 20]
  world-model features: episodes 0-7
  world-model features: episodes 8-15
  world-model features: episodes 16-23
  world-model features: episodes 24-31
  world-model features: episodes 32-39
No --vae_ckpt given; extracting world-model features only.
Feature arrays:
  wm_enc                 (40, 1000, 64)
  wm_imag1_deter         (40, 1000, 512)
  wm_imag1_stoch         (40, 1000, 128)
  wm_imag20_deter        (40, 1000, 512)
  wm_imag20_stoch        (40, 1000, 128)
  wm_imag5_deter         (40, 1000, 512)
  wm_imag5_stoch         (40, 1000, 128)
  wm_post_deter          (40, 1000, 512)
  wm_post_nll            (40, 1000)
  wm_post_stoch          (40, 1000, 128)
  wm_prior_deter         (40, 1000, 512)
  wm_prior_nll           (40, 1000)
  wm_prior_stoch         (40, 1000, 128)
Saved -> /workspace/dreamerv3_runs/pretrain_random_reacher_seed1/measure/ms200000/feats.npz
Episodes: 40 (test 12)  |  sites: ['enc', 'imag1', 'imag20', 'imag5', 'post_deter', 'post_stoch', 'posterior', 'prior']
Targets: ['in_regime', 'qpos', 'qvel', 'regime', 'return_to_go', 'state']
  [  1/38] rssm/enc        state         h=0  K=1  R2_ridge=0.94769  R2_mlp=0.97132
  [  2/38] rssm/posterior  state         h=0  K=1  R2_ridge=0.99413  R2_mlp=0.989
  [  3/38] rssm/post_deter state         h=0  K=1  R2_ridge=0.99274  R2_mlp=0.99072
  [  4/38] rssm/post_stoch state         h=0  K=1  R2_ridge=0.79507  R2_mlp=0.93339
  [  5/38] rssm/prior      state         h=0  K=1  R2_ridge=0.99307  R2_mlp=0.98822
  [  6/38] rssm/enc        state         h=1  K=1  R2_ridge=0.7034  R2_mlp=0.70174
  [  7/38] rssm/posterior  state         h=1  K=1  R2_ridge=0.73566  R2_mlp=0.61715
  [  8/38] rssm/post_deter state         h=1  K=1  R2_ridge=0.73587  R2_mlp=0.6309
  [  9/38] rssm/post_stoch state         h=1  K=1  R2_ridge=0.57691  R2_mlp=0.64802
  [ 10/38] rssm/prior      state         h=1  K=1  R2_ridge=0.73531  R2_mlp=0.64315
  [ 11/38] rssm/imag1      state         h=1  K=1  R2_ridge=0.99353  R2_mlp=0.98802
  [ 12/38] rssm/enc        state         h=5  K=1  R2_ridge=0.63723  R2_mlp=0.62852
  [ 13/38] rssm/posterior  state         h=5  K=1  R2_ridge=0.66898  R2_mlp=0.50691
  [ 14/38] rssm/post_deter state         h=5  K=1  R2_ridge=0.66946  R2_mlp=0.50124
  [ 15/38] rssm/post_stoch state         h=5  K=1  R2_ridge=0.53561  R2_mlp=0.57476
  [ 16/38] rssm/prior      state         h=5  K=1  R2_ridge=0.66953  R2_mlp=0.50395
  [ 17/38] rssm/imag5      state         h=5  K=1  R2_ridge=0.99431  R2_mlp=0.98713
  [ 18/38] rssm/enc        state         h=20 K=1  R2_ridge=0.62552  R2_mlp=0.60774
  [ 19/38] rssm/posterior  state         h=20 K=1  R2_ridge=0.6503  R2_mlp=0.40808
  [ 20/38] rssm/post_deter state         h=20 K=1  R2_ridge=0.65205  R2_mlp=0.49937
  [ 21/38] rssm/post_stoch state         h=20 K=1  R2_ridge=0.52628  R2_mlp=0.53277
  [ 22/38] rssm/prior      state         h=20 K=1  R2_ridge=0.65126  R2_mlp=0.46198
  [ 23/38] rssm/imag20     state         h=20 K=1  R2_ridge=0.99403  R2_mlp=0.9859
  [ 24/38] rssm/enc        return_to_go  h=0  K=1  R2_ridge=-6.1142  R2_mlp=-24.94287
  [ 25/38] rssm/posterior  return_to_go  h=0  K=1  R2_ridge=-13.25303  R2_mlp=-11.80453
  [ 26/38] rssm/post_deter return_to_go  h=0  K=1  R2_ridge=-13.57262  R2_mlp=-14.05224
  [ 27/38] rssm/post_stoch return_to_go  h=0  K=1  R2_ridge=-3.83378  R2_mlp=-5.4796
  [ 28/38] rssm/prior      return_to_go  h=0  K=1  R2_ridge=-13.33557  R2_mlp=-10.85681
  [ 29/38] rssm/enc        regime        h=0  K=1  R2_ridge=0.37312  R2_mlp=0.88566
  [ 30/38] rssm/posterior  regime        h=0  K=1  R2_ridge=0.58759  R2_mlp=0.84599
  [ 31/38] rssm/post_deter regime        h=0  K=1  R2_ridge=0.51296  R2_mlp=0.84281
  [ 32/38] rssm/post_stoch regime        h=0  K=1  R2_ridge=0.52049  R2_mlp=0.69539
  [ 33/38] rssm/prior      regime        h=0  K=1  R2_ridge=0.55206  R2_mlp=0.81351
  [ 34/38] rssm/enc        in_regime     h=0  K=1  R2_ridge=-1.06775  R2_mlp=-10.17819
  [ 35/38] rssm/posterior  in_regime     h=0  K=1  R2_ridge=-2.53812  R2_mlp=-0.76668
  [ 36/38] rssm/post_deter in_regime     h=0  K=1  R2_ridge=-2.51433  R2_mlp=-1.35565
  [ 37/38] rssm/post_stoch in_regime     h=0  K=1  R2_ridge=-0.72793  R2_mlp=-1.21008
  [ 38/38] rssm/prior      in_regime     h=0  K=1  R2_ridge=-2.53227  R2_mlp=-1.24267

Probing summary (held-out ridge R^2)
======================================

Per-frame content (target: state, horizon 0):
  RSSM posterior          R^2 = 0.99413
  static VAE latent (K=1) R^2 = None

Predictive content (RSSM posterior, target: state):
  horizon  0: R^2 = 0.99413
  horizon  1: R^2 = 0.73566
  horizon  5: R^2 = 0.66898
  horizon 20: R^2 = 0.6503

VAE receptive field (target: state, horizon 0):
  K=  1: R^2 = None
  K=  4: R^2 = None
  K= 16: R^2 = None
  K=all: R^2 = None

Reward probe (RSSM posterior, target: task reward, h=0):
  reward_stand  R^2 = None
  reward_walk   R^2 = None
  reward_run    R^2 = None

Held-out likelihood (mean NLL, lower is better):
  rssm_posterior_recon       0.0053
  rssm_prior_predictive      0.0086

Wrote results -> /workspace/dreamerv3_runs/pretrain_random_reacher_seed1/measure/ms200000/probe
{"vsa_5": -0.007144, "fwd_mse_5": -0.006011, "vsa_1": -0.008058, "fwd_mse_1": -0.006872, "vsa_20": -0.007404, "fwd_mse_20": -0.006481}
-> /workspace/dreamerv3_runs/pretrain_random_reacher_seed1/measure/ms200000/vsa.json
SKIP milestone 300000: no snapshot within 5000 steps (excluded per PREREG Sec.1)
[Sat Jul 11 21:28:04 UTC 2026] milestone 400000  snapshot=/workspace/dreamerv3_runs/pretrain_random_reacher_seed1/ckpt_snapshots/step000000396400
Task: dmc_reacher_hard  |  checkpoint: /workspace/dreamerv3_runs/pretrain_random_reacher_seed1/ckpt_snapshots/step000000396400  |  mode: eval
Observations
  reward           Space(float32, shape=(), low=-inf, high=inf)
  is_first         Space(bool, shape=(), low=False, high=True)
  is_last          Space(bool, shape=(), low=False, high=True)
  is_terminal      Space(bool, shape=(), low=False, high=True)
  position         Space(float32, shape=(2,), low=-inf, high=inf)
  to_target        Space(float32, shape=(2,), low=-inf, high=inf)
  velocity         Space(float32, shape=(2,), low=-inf, high=inf)
Actions
  action           Space(float32, shape=(2,), low=-1.0, high=1.0)
Extras
  consec           Space(int32, shape=(), low=-2147483648, high=2147483647)
  stepid           Space(uint8, shape=(20,), low=0, high=255)
  dyn/deter        Space(float32, shape=(512,), low=-inf, high=inf)
  dyn/stoch        Space(float32, shape=(32, 4), low=-inf, high=inf)
JAX devices (1): [cuda:0]
Policy devices: cuda:0
Train devices:  cuda:0
Initializing parameters...
/workspace/dreamerv3/embodied/jax/agent.py:112: DeprecationWarning: `with mesh:` context manager has been deprecated. Please use `with jax.set_mesh(mesh):` instead.
  with self.train_mesh:
E0711 21:28:10.342434  173486 cuda_executor.cc:1182] [0] Failed to allocate device memory of 11.61GiB (12463374336 bytes): RESOURCE_EXHAUSTED: : CUDA_ERROR_OUT_OF_MEMORY: out of memory
E0711 21:28:10.342577  173486 cuda_executor.cc:1182] [0] Failed to allocate device memory of 10.45GiB (11217036288 bytes): RESOURCE_EXHAUSTED: : CUDA_ERROR_OUT_OF_MEMORY: out of memory
E0711 21:28:10.342688  173486 cuda_executor.cc:1182] [0] Failed to allocate device memory of 9.40GiB (10095332352 bytes): RESOURCE_EXHAUSTED: : CUDA_ERROR_OUT_OF_MEMORY: out of memory
E0711 21:28:10.342781  173486 cuda_executor.cc:1182] [0] Failed to allocate device memory of 8.46GiB (9085798400 bytes): RESOURCE_EXHAUSTED: : CUDA_ERROR_OUT_OF_MEMORY: out of memory
E0711 21:28:10.342873  173486 cuda_executor.cc:1182] [0] Failed to allocate device memory of 7.62GiB (8177218560 bytes): RESOURCE_EXHAUSTED: : CUDA_ERROR_OUT_OF_MEMORY: out of memory
E0711 21:28:10.342974  173486 cuda_executor.cc:1182] [0] Failed to allocate device memory of 6.85GiB (7359496704 bytes): RESOURCE_EXHAUSTED: : CUDA_ERROR_OUT_OF_MEMORY: out of memory
E0711 21:28:10.343085  173486 cuda_executor.cc:1182] [0] Failed to allocate device memory of 6.17GiB (6623546880 bytes): RESOURCE_EXHAUSTED: : CUDA_ERROR_OUT_OF_MEMORY: out of memory
E0711 21:28:10.343190  173486 cuda_executor.cc:1182] [0] Failed to allocate device memory of 5.55GiB (5961191936 bytes): RESOURCE_EXHAUSTED: : CUDA_ERROR_OUT_OF_MEMORY: out of memory
E0711 21:28:10.343292  173486 cuda_executor.cc:1182] [0] Failed to allocate device memory of 5.00GiB (5365072384 bytes): RESOURCE_EXHAUSTED: : CUDA_ERROR_OUT_OF_MEMORY: out of memory
E0711 21:28:10.343403  173486 cuda_executor.cc:1182] [0] Failed to allocate device memory of 4.50GiB (4828564992 bytes): RESOURCE_EXHAUSTED: : CUDA_ERROR_OUT_OF_MEMORY: out of memory
E0711 21:28:10.343514  173486 cuda_executor.cc:1182] [0] Failed to allocate device memory of 4.05GiB (4345708544 bytes): RESOURCE_EXHAUSTED: : CUDA_ERROR_OUT_OF_MEMORY: out of memory
E0711 21:28:10.343627  173486 cuda_executor.cc:1182] [0] Failed to allocate device memory of 3.64GiB (3911137536 bytes): RESOURCE_EXHAUSTED: : CUDA_ERROR_OUT_OF_MEMORY: out of memory
Optimizer opt has 423,046 params:
       364,160 dyn
        49,926 dec
         8,960 enc
/workspace/conda_envs/dreamerv3/lib/python3.11/site-packages/optax/_src/linear_algebra.py:44: DeprecationWarning: optax.global_norm is deprecated in favor of optax.tree.norm
  warnings.warn(
Done initializing!
Compiling 1 checkpoint groups...
Largest checkpoint group: 0 GB
Compiling train and report...
/workspace/dreamerv3/embodied/jax/agent.py:187: DeprecationWarning: `with mesh:` context manager has been deprecated. Please use `with jax.set_mesh(mesh):` instead.
  with self.train_mesh:
/workspace/conda_envs/dreamerv3/lib/python3.11/site-packages/optax/_src/linear_algebra.py:44: DeprecationWarning: optax.global_norm is deprecated in favor of optax.tree.norm
  warnings.warn(
Train cost analysis:
No available
Report cost analysis:
No available
Done compiling!
Loading checkpoint: /workspace/dreamerv3_runs/pretrain_random_reacher_seed1/ckpt_snapshots/step000000396400
Loaded checkpoint.
Loaded frozen DreamerV3 checkpoint.
Observation keys: ['position', 'to_target', 'velocity']  |  action keys: ['action']
  episode   0: len=1000  return=    0.0
  episode   1: len=1000  return=    5.0
  episode   2: len=1000  return=   20.0
  episode   3: len=1000  return=    0.0
  episode   4: len=1000  return=    0.0
  episode   5: len=1000  return=    0.0
  episode   6: len=1000  return=   29.0
  episode   7: len=1000  return=    0.0
  episode   8: len=1000  return=    0.0
  episode   9: len=1000  return=    0.0
  episode  10: len=1000  return=    0.0
  episode  11: len=1000  return=    0.0
  episode  12: len=1000  return=    0.0
  episode  13: len=1000  return=    0.0
  episode  14: len=1000  return=    0.0
  episode  15: len=1000  return=    0.0
  episode  16: len=1000  return=    0.0
  episode  17: len=1000  return=    0.0
  episode  18: len=1000  return=    0.0
  episode  19: len=1000  return=    0.0
  episode  20: len=1000  return=    0.0
  episode  21: len=1000  return=    0.0
  episode  22: len=1000  return=    1.0
  episode  23: len=1000  return=    0.0
  episode  24: len=1000  return=    0.0
  episode  25: len=1000  return=    0.0
  episode  26: len=1000  return=    0.0
  episode  27: len=1000  return=    0.0
  episode  28: len=1000  return=    0.0
  episode  29: len=1000  return=    0.0
  episode  30: len=1000  return=    0.0
  episode  31: len=1000  return=    0.0
  episode  32: len=1000  return=   80.0
  episode  33: len=1000  return=    1.0
  episode  34: len=1000  return=    0.0
  episode  35: len=1000  return=    0.0
  episode  36: len=1000  return=   11.0
  episode  37: len=1000  return=    0.0
  episode  38: len=1000  return=    0.0
  episode  39: len=1000  return=    0.0
Saved 40 x 1000 steps -> /workspace/dreamerv3_runs/pretrain_random_reacher_seed1/measure/ms400000/traj.npz
Return over episodes: 3.7 +/- 13.5
Probe trajectories: 40 episodes x 1000 steps
Observations
  reward           Space(float32, shape=(), low=-inf, high=inf)
  is_first         Space(bool, shape=(), low=False, high=True)
  is_last          Space(bool, shape=(), low=False, high=True)
  is_terminal      Space(bool, shape=(), low=False, high=True)
  position         Space(float32, shape=(2,), low=-inf, high=inf)
  to_target        Space(float32, shape=(2,), low=-inf, high=inf)
  velocity         Space(float32, shape=(2,), low=-inf, high=inf)
Actions
  action           Space(float32, shape=(2,), low=-1.0, high=1.0)
Extras
  consec           Space(int32, shape=(), low=-2147483648, high=2147483647)
  stepid           Space(uint8, shape=(20,), low=0, high=255)
  dyn/deter        Space(float32, shape=(512,), low=-inf, high=inf)
  dyn/stoch        Space(float32, shape=(32, 4), low=-inf, high=inf)
JAX devices (1): [cuda:0]
Policy devices: cuda:0
Train devices:  cuda:0
Initializing parameters...
/workspace/dreamerv3/embodied/jax/agent.py:112: DeprecationWarning: `with mesh:` context manager has been deprecated. Please use `with jax.set_mesh(mesh):` instead.
  with self.train_mesh:
E0711 21:36:08.931725  187878 cuda_executor.cc:1182] [0] Failed to allocate device memory of 11.61GiB (12463374336 bytes): RESOURCE_EXHAUSTED: : CUDA_ERROR_OUT_OF_MEMORY: out of memory
E0711 21:36:08.931928  187878 cuda_executor.cc:1182] [0] Failed to allocate device memory of 10.45GiB (11217036288 bytes): RESOURCE_EXHAUSTED: : CUDA_ERROR_OUT_OF_MEMORY: out of memory
E0711 21:36:08.932111  187878 cuda_executor.cc:1182] [0] Failed to allocate device memory of 9.40GiB (10095332352 bytes): RESOURCE_EXHAUSTED: : CUDA_ERROR_OUT_OF_MEMORY: out of memory
E0711 21:36:08.932304  187878 cuda_executor.cc:1182] [0] Failed to allocate device memory of 8.46GiB (9085798400 bytes): RESOURCE_EXHAUSTED: : CUDA_ERROR_OUT_OF_MEMORY: out of memory
E0711 21:36:08.932478  187878 cuda_executor.cc:1182] [0] Failed to allocate device memory of 7.62GiB (8177218560 bytes): RESOURCE_EXHAUSTED: : CUDA_ERROR_OUT_OF_MEMORY: out of memory
E0711 21:36:08.932649  187878 cuda_executor.cc:1182] [0] Failed to allocate device memory of 6.85GiB (7359496704 bytes): RESOURCE_EXHAUSTED: : CUDA_ERROR_OUT_OF_MEMORY: out of memory
E0711 21:36:08.932824  187878 cuda_executor.cc:1182] [0] Failed to allocate device memory of 6.17GiB (6623546880 bytes): RESOURCE_EXHAUSTED: : CUDA_ERROR_OUT_OF_MEMORY: out of memory
E0711 21:36:08.932986  187878 cuda_executor.cc:1182] [0] Failed to allocate device memory of 5.55GiB (5961191936 bytes): RESOURCE_EXHAUSTED: : CUDA_ERROR_OUT_OF_MEMORY: out of memory
E0711 21:36:08.933161  187878 cuda_executor.cc:1182] [0] Failed to allocate device memory of 5.00GiB (5365072384 bytes): RESOURCE_EXHAUSTED: : CUDA_ERROR_OUT_OF_MEMORY: out of memory
E0711 21:36:08.933317  187878 cuda_executor.cc:1182] [0] Failed to allocate device memory of 4.50GiB (4828564992 bytes): RESOURCE_EXHAUSTED: : CUDA_ERROR_OUT_OF_MEMORY: out of memory
E0711 21:36:08.933496  187878 cuda_executor.cc:1182] [0] Failed to allocate device memory of 4.05GiB (4345708544 bytes): RESOURCE_EXHAUSTED: : CUDA_ERROR_OUT_OF_MEMORY: out of memory
E0711 21:36:08.933658  187878 cuda_executor.cc:1182] [0] Failed to allocate device memory of 3.64GiB (3911137536 bytes): RESOURCE_EXHAUSTED: : CUDA_ERROR_OUT_OF_MEMORY: out of memory
Optimizer opt has 423,046 params:
       364,160 dyn
        49,926 dec
         8,960 enc
/workspace/conda_envs/dreamerv3/lib/python3.11/site-packages/optax/_src/linear_algebra.py:44: DeprecationWarning: optax.global_norm is deprecated in favor of optax.tree.norm
  warnings.warn(
Done initializing!
Compiling 1 checkpoint groups...
Largest checkpoint group: 0 GB
Compiling train and report...
/workspace/dreamerv3/embodied/jax/agent.py:187: DeprecationWarning: `with mesh:` context manager has been deprecated. Please use `with jax.set_mesh(mesh):` instead.
  with self.train_mesh:
/workspace/conda_envs/dreamerv3/lib/python3.11/site-packages/optax/_src/linear_algebra.py:44: DeprecationWarning: optax.global_norm is deprecated in favor of optax.tree.norm
  warnings.warn(
Train cost analysis:
No available
Report cost analysis:
No available
Done compiling!
Loading checkpoint: /workspace/dreamerv3_runs/pretrain_random_reacher_seed1/ckpt_snapshots/step000000396400
Loaded checkpoint.
World model: obs=['position', 'to_target', 'velocity']  act=['action']  horizons=[1, 5, 20]
  world-model features: episodes 0-7
  world-model features: episodes 8-15
  world-model features: episodes 16-23
  world-model features: episodes 24-31
  world-model features: episodes 32-39
No --vae_ckpt given; extracting world-model features only.
Feature arrays:
  wm_enc                 (40, 1000, 64)
  wm_imag1_deter         (40, 1000, 512)
  wm_imag1_stoch         (40, 1000, 128)
  wm_imag20_deter        (40, 1000, 512)
  wm_imag20_stoch        (40, 1000, 128)
  wm_imag5_deter         (40, 1000, 512)
  wm_imag5_stoch         (40, 1000, 128)
  wm_post_deter          (40, 1000, 512)
  wm_post_nll            (40, 1000)
  wm_post_stoch          (40, 1000, 128)
  wm_prior_deter         (40, 1000, 512)
  wm_prior_nll           (40, 1000)
  wm_prior_stoch         (40, 1000, 128)
Saved -> /workspace/dreamerv3_runs/pretrain_random_reacher_seed1/measure/ms400000/feats.npz
Episodes: 40 (test 12)  |  sites: ['enc', 'imag1', 'imag20', 'imag5', 'post_deter', 'post_stoch', 'posterior', 'prior']
Targets: ['in_regime', 'qpos', 'qvel', 'regime', 'return_to_go', 'state']
  [  1/38] rssm/enc        state         h=0  K=1  R2_ridge=0.95219  R2_mlp=0.98161
  [  2/38] rssm/posterior  state         h=0  K=1  R2_ridge=0.99017  R2_mlp=0.98374
  [  3/38] rssm/post_deter state         h=0  K=1  R2_ridge=0.9897  R2_mlp=0.98541
  [  4/38] rssm/post_stoch state         h=0  K=1  R2_ridge=0.71114  R2_mlp=0.88762
  [  5/38] rssm/prior      state         h=0  K=1  R2_ridge=0.98954  R2_mlp=0.98258
  [  6/38] rssm/enc        state         h=1  K=1  R2_ridge=0.69044  R2_mlp=0.69109
  [  7/38] rssm/posterior  state         h=1  K=1  R2_ridge=0.71553  R2_mlp=0.58084
  [  8/38] rssm/post_deter state         h=1  K=1  R2_ridge=0.71545  R2_mlp=0.59459
  [  9/38] rssm/post_stoch state         h=1  K=1  R2_ridge=0.48135  R2_mlp=0.59042
  [ 10/38] rssm/prior      state         h=1  K=1  R2_ridge=0.71489  R2_mlp=0.61908
  [ 11/38] rssm/imag1      state         h=1  K=1  R2_ridge=0.99008  R2_mlp=0.98519
  [ 12/38] rssm/enc        state         h=5  K=1  R2_ridge=0.62962  R2_mlp=0.62447
  [ 13/38] rssm/posterior  state         h=5  K=1  R2_ridge=0.6475  R2_mlp=0.45852
  [ 14/38] rssm/post_deter state         h=5  K=1  R2_ridge=0.64811  R2_mlp=0.46073
  [ 15/38] rssm/post_stoch state         h=5  K=1  R2_ridge=0.43999  R2_mlp=0.5055
  [ 16/38] rssm/prior      state         h=5  K=1  R2_ridge=0.64713  R2_mlp=0.48374
  [ 17/38] rssm/imag5      state         h=5  K=1  R2_ridge=0.99028  R2_mlp=0.98458
  [ 18/38] rssm/enc        state         h=20 K=1  R2_ridge=0.61449  R2_mlp=0.58422
  [ 19/38] rssm/posterior  state         h=20 K=1  R2_ridge=0.62809  R2_mlp=0.39752
  [ 20/38] rssm/post_deter state         h=20 K=1  R2_ridge=0.62988  R2_mlp=0.44118
  [ 21/38] rssm/post_stoch state         h=20 K=1  R2_ridge=0.43271  R2_mlp=0.49395
  [ 22/38] rssm/prior      state         h=20 K=1  R2_ridge=0.62882  R2_mlp=0.43722
  [ 23/38] rssm/imag20     state         h=20 K=1  R2_ridge=0.99009  R2_mlp=0.9824
  [ 24/38] rssm/enc        return_to_go  h=0  K=1  R2_ridge=0.00869  R2_mlp=-0.00433
  [ 25/38] rssm/posterior  return_to_go  h=0  K=1  R2_ridge=-0.02501  R2_mlp=-0.02685
  [ 26/38] rssm/post_deter return_to_go  h=0  K=1  R2_ridge=-0.02859  R2_mlp=-0.03843
  [ 27/38] rssm/post_stoch return_to_go  h=0  K=1  R2_ridge=0.00717  R2_mlp=-0.04323
  [ 28/38] rssm/prior      return_to_go  h=0  K=1  R2_ridge=-0.02848  R2_mlp=-0.02513
  [ 29/38] rssm/enc        regime        h=0  K=1  R2_ridge=0.36757  R2_mlp=0.95366
  [ 30/38] rssm/posterior  regime        h=0  K=1  R2_ridge=0.47617  R2_mlp=0.84455
  [ 31/38] rssm/post_deter regime        h=0  K=1  R2_ridge=0.42262  R2_mlp=0.78858
  [ 32/38] rssm/post_stoch regime        h=0  K=1  R2_ridge=0.13196  R2_mlp=0.45041
  [ 33/38] rssm/prior      regime        h=0  K=1  R2_ridge=0.4588  R2_mlp=0.81051
  [ 34/38] rssm/enc        in_regime     h=0  K=1  R2_ridge=0.00108  R2_mlp=-0.04245
  [ 35/38] rssm/posterior  in_regime     h=0  K=1  R2_ridge=-0.01225  R2_mlp=-0.0076
  [ 36/38] rssm/post_deter in_regime     h=0  K=1  R2_ridge=-0.01338  R2_mlp=-0.01258
  [ 37/38] rssm/post_stoch in_regime     h=0  K=1  R2_ridge=-0.00185  R2_mlp=-0.03977
  [ 38/38] rssm/prior      in_regime     h=0  K=1  R2_ridge=-0.01379  R2_mlp=-0.00621

Probing summary (held-out ridge R^2)
======================================

Per-frame content (target: state, horizon 0):
  RSSM posterior          R^2 = 0.99017
  static VAE latent (K=1) R^2 = None

Predictive content (RSSM posterior, target: state):
  horizon  0: R^2 = 0.99017
  horizon  1: R^2 = 0.71553
  horizon  5: R^2 = 0.6475
  horizon 20: R^2 = 0.62809

VAE receptive field (target: state, horizon 0):
  K=  1: R^2 = None
  K=  4: R^2 = None
  K= 16: R^2 = None
  K=all: R^2 = None

Reward probe (RSSM posterior, target: task reward, h=0):
  reward_stand  R^2 = None
  reward_walk   R^2 = None
  reward_run    R^2 = None

Held-out likelihood (mean NLL, lower is better):
  rssm_posterior_recon       0.0030
  rssm_prior_predictive      0.0059

Wrote results -> /workspace/dreamerv3_runs/pretrain_random_reacher_seed1/measure/ms400000/probe
{"vsa_5": -0.006766, "fwd_mse_5": -0.007865, "vsa_1": -0.006959, "fwd_mse_1": -0.008025, "vsa_20": -0.007626, "fwd_mse_20": -0.008746}
-> /workspace/dreamerv3_runs/pretrain_random_reacher_seed1/measure/ms400000/vsa.json
SKIP milestone 500000: no snapshot within 5000 steps (excluded per PREREG Sec.1)
  K=100000: cov=0.3638 occ_phys=0.008329999633133411 occ_rew=0.0083
  K=200000: cov=0.3723 occ_phys=0.00558000011369586 occ_rew=0.0056
  K=300000: cov=0.3735 occ_phys=0.007043333258479834 occ_rew=0.0070
  K=400000: cov=0.3732 occ_phys=0.008329999633133411 occ_rew=0.0083
  K=500000: cov=0.3730 occ_phys=0.009521492756903172 occ_rew=0.0095
-> /workspace/dreamerv3_runs/pretrain_random_reacher_seed1/measure/drivers_buffer.json
[Sat Jul 11 23:20:50 UTC 2026] measure pretrain_random_reacher_seed1 DONE
