[Sat Jul 11 21:38:05 UTC 2026] measure PRE_RUN=pretrain_apt_reacher_seed1 TASK=dmc_reacher_hard milestones=100000 200000 300000 400000 500000
[Sat Jul 11 21:38:05 UTC 2026] milestone 100000  snapshot=/workspace/dreamerv3_runs/pretrain_apt_reacher_seed1/ckpt_snapshots/step000000096752
Task: dmc_reacher_hard  |  checkpoint: /workspace/dreamerv3_runs/pretrain_apt_reacher_seed1/ckpt_snapshots/step000000096752  |  mode: eval
Observations
  reward           Space(float32, shape=(), low=-inf, high=inf)
  is_first         Space(bool, shape=(), low=False, high=True)
  is_last          Space(bool, shape=(), low=False, high=True)
  is_terminal      Space(bool, shape=(), low=False, high=True)
  position         Space(float32, shape=(2,), low=-inf, high=inf)
  to_target        Space(float32, shape=(2,), low=-inf, high=inf)
  velocity         Space(float32, shape=(2,), low=-inf, high=inf)
Actions
  action           Space(float32, shape=(2,), low=-1.0, high=1.0)
Extras
  consec           Space(int32, shape=(), low=-2147483648, high=2147483647)
  stepid           Space(uint8, shape=(20,), low=0, high=255)
  dyn/deter        Space(float32, shape=(512,), low=-inf, high=inf)
  dyn/stoch        Space(float32, shape=(32, 4), low=-inf, high=inf)
JAX devices (1): [cuda:0]
Policy devices: cuda:0
Train devices:  cuda:0
Initializing parameters...
/workspace/dreamerv3/embodied/jax/agent.py:112: DeprecationWarning: `with mesh:` context manager has been deprecated. Please use `with jax.set_mesh(mesh):` instead.
  with self.train_mesh:
Optimizer opt has 580,106 params:
       364,160 dyn
        66,111 val
        49,926 dec
        49,796 pol
        41,153 con
         8,960 enc
/workspace/conda_envs/dreamerv3/lib/python3.11/site-packages/optax/_src/linear_algebra.py:44: DeprecationWarning: optax.global_norm is deprecated in favor of optax.tree.norm
  warnings.warn(
Done initializing!
Compiling 1 checkpoint groups...
Largest checkpoint group: 0 GB
Compiling train and report...
/workspace/dreamerv3/embodied/jax/agent.py:187: DeprecationWarning: `with mesh:` context manager has been deprecated. Please use `with jax.set_mesh(mesh):` instead.
  with self.train_mesh:
/workspace/conda_envs/dreamerv3/lib/python3.11/site-packages/optax/_src/linear_algebra.py:44: DeprecationWarning: optax.global_norm is deprecated in favor of optax.tree.norm
  warnings.warn(
Train cost analysis:
No available
Report cost analysis:
No available
Done compiling!
Loading checkpoint: /workspace/dreamerv3_runs/pretrain_apt_reacher_seed1/ckpt_snapshots/step000000096752
Loaded checkpoint.
Loaded frozen DreamerV3 checkpoint.
Observation keys: ['position', 'to_target', 'velocity']  |  action keys: ['action']
  episode   0: len=1000  return=    7.0
  episode   1: len=1000  return=   11.0
  episode   2: len=1000  return=    7.0
  episode   3: len=1000  return=   15.0
  episode   4: len=1000  return=    3.0
  episode   5: len=1000  return=    4.0
  episode   6: len=1000  return=    0.0
  episode   7: len=1000  return=    3.0
  episode   8: len=1000  return=    0.0
  episode   9: len=1000  return=   10.0
  episode  10: len=1000  return=    6.0
  episode  11: len=1000  return=    3.0
  episode  12: len=1000  return=   25.0
  episode  13: len=1000  return=   13.0
  episode  14: len=1000  return=    1.0
  episode  15: len=1000  return=    2.0
  episode  16: len=1000  return=   13.0
  episode  17: len=1000  return=    5.0
  episode  18: len=1000  return=    6.0
  episode  19: len=1000  return=    6.0
  episode  20: len=1000  return=    3.0
  episode  21: len=1000  return=   10.0
  episode  22: len=1000  return=    0.0
  episode  23: len=1000  return=   11.0
  episode  24: len=1000  return=   15.0
  episode  25: len=1000  return=    2.0
  episode  26: len=1000  return=    9.0
  episode  27: len=1000  return=    9.0
  episode  28: len=1000  return=   12.0
  episode  29: len=1000  return=   18.0
  episode  30: len=1000  return=    7.0
  episode  31: len=1000  return=    4.0
  episode  32: len=1000  return=    0.0
  episode  33: len=1000  return=    8.0
  episode  34: len=1000  return=    2.0
  episode  35: len=1000  return=   10.0
  episode  36: len=1000  return=    1.0
  episode  37: len=1000  return=   10.0
  episode  38: len=1000  return=    8.0
  episode  39: len=1000  return=   19.0
Saved 40 x 1000 steps -> /workspace/dreamerv3_runs/pretrain_apt_reacher_seed1/measure/ms100000/traj.npz
Return over episodes: 7.4 +/- 5.7
Probe trajectories: 40 episodes x 1000 steps
Observations
  reward           Space(float32, shape=(), low=-inf, high=inf)
  is_first         Space(bool, shape=(), low=False, high=True)
  is_last          Space(bool, shape=(), low=False, high=True)
  is_terminal      Space(bool, shape=(), low=False, high=True)
  position         Space(float32, shape=(2,), low=-inf, high=inf)
  to_target        Space(float32, shape=(2,), low=-inf, high=inf)
  velocity         Space(float32, shape=(2,), low=-inf, high=inf)
Actions
  action           Space(float32, shape=(2,), low=-1.0, high=1.0)
Extras
  consec           Space(int32, shape=(), low=-2147483648, high=2147483647)
  stepid           Space(uint8, shape=(20,), low=0, high=255)
  dyn/deter        Space(float32, shape=(512,), low=-inf, high=inf)
  dyn/stoch        Space(float32, shape=(32, 4), low=-inf, high=inf)
JAX devices (1): [cuda:0]
Policy devices: cuda:0
Train devices:  cuda:0
Initializing parameters...
/workspace/dreamerv3/embodied/jax/agent.py:112: DeprecationWarning: `with mesh:` context manager has been deprecated. Please use `with jax.set_mesh(mesh):` instead.
  with self.train_mesh:
Optimizer opt has 580,106 params:
       364,160 dyn
        66,111 val
        49,926 dec
        49,796 pol
        41,153 con
         8,960 enc
/workspace/conda_envs/dreamerv3/lib/python3.11/site-packages/optax/_src/linear_algebra.py:44: DeprecationWarning: optax.global_norm is deprecated in favor of optax.tree.norm
  warnings.warn(
Done initializing!
Compiling 1 checkpoint groups...
Largest checkpoint group: 0 GB
Compiling train and report...
/workspace/dreamerv3/embodied/jax/agent.py:187: DeprecationWarning: `with mesh:` context manager has been deprecated. Please use `with jax.set_mesh(mesh):` instead.
  with self.train_mesh:
/workspace/conda_envs/dreamerv3/lib/python3.11/site-packages/optax/_src/linear_algebra.py:44: DeprecationWarning: optax.global_norm is deprecated in favor of optax.tree.norm
  warnings.warn(
Train cost analysis:
No available
Report cost analysis:
No available
Done compiling!
Loading checkpoint: /workspace/dreamerv3_runs/pretrain_apt_reacher_seed1/ckpt_snapshots/step000000096752
Loaded checkpoint.
World model: obs=['position', 'to_target', 'velocity']  act=['action']  horizons=[1, 5, 20]
  world-model features: episodes 0-7
  world-model features: episodes 8-15
  world-model features: episodes 16-23
  world-model features: episodes 24-31
  world-model features: episodes 32-39
No --vae_ckpt given; extracting world-model features only.
Feature arrays:
  wm_enc                 (40, 1000, 64)
  wm_imag1_deter         (40, 1000, 512)
  wm_imag1_stoch         (40, 1000, 128)
  wm_imag20_deter        (40, 1000, 512)
  wm_imag20_stoch        (40, 1000, 128)
  wm_imag5_deter         (40, 1000, 512)
  wm_imag5_stoch         (40, 1000, 128)
  wm_post_deter          (40, 1000, 512)
  wm_post_nll            (40, 1000)
  wm_post_stoch          (40, 1000, 128)
  wm_prior_deter         (40, 1000, 512)
  wm_prior_nll           (40, 1000)
  wm_prior_stoch         (40, 1000, 128)
Saved -> /workspace/dreamerv3_runs/pretrain_apt_reacher_seed1/measure/ms100000/feats.npz
Episodes: 40 (test 12)  |  sites: ['enc', 'imag1', 'imag20', 'imag5', 'post_deter', 'post_stoch', 'posterior', 'prior']
Targets: ['in_regime', 'qpos', 'qvel', 'regime', 'return_to_go', 'state']
  [  1/38] rssm/enc        state         h=0  K=1  R2_ridge=0.88798  R2_mlp=None
  [  2/38] rssm/posterior  state         h=0  K=1  R2_ridge=0.98069  R2_mlp=None
  [  3/38] rssm/post_deter state         h=0  K=1  R2_ridge=0.98008  R2_mlp=None
  [  4/38] rssm/post_stoch state         h=0  K=1  R2_ridge=0.82376  R2_mlp=None
  [  5/38] rssm/prior      state         h=0  K=1  R2_ridge=0.9788  R2_mlp=None
  [  6/38] rssm/enc        state         h=1  K=1  R2_ridge=0.82345  R2_mlp=None
  [  7/38] rssm/posterior  state         h=1  K=1  R2_ridge=0.91307  R2_mlp=None
  [  8/38] rssm/post_deter state         h=1  K=1  R2_ridge=0.91235  R2_mlp=None
  [  9/38] rssm/post_stoch state         h=1  K=1  R2_ridge=0.76284  R2_mlp=None
  [ 10/38] rssm/prior      state         h=1  K=1  R2_ridge=0.91303  R2_mlp=None
  [ 11/38] rssm/imag1      state         h=1  K=1  R2_ridge=0.98039  R2_mlp=None
  [ 12/38] rssm/enc        state         h=5  K=1  R2_ridge=0.61838  R2_mlp=None
  [ 13/38] rssm/posterior  state         h=5  K=1  R2_ridge=0.72415  R2_mlp=None
  [ 14/38] rssm/post_deter state         h=5  K=1  R2_ridge=0.72203  R2_mlp=None
  [ 15/38] rssm/post_stoch state         h=5  K=1  R2_ridge=0.53414  R2_mlp=None
  [ 16/38] rssm/prior      state         h=5  K=1  R2_ridge=0.72306  R2_mlp=None
  [ 17/38] rssm/imag5      state         h=5  K=1  R2_ridge=0.98081  R2_mlp=None
  [ 18/38] rssm/enc        state         h=20 K=1  R2_ridge=0.43891  R2_mlp=None
  [ 19/38] rssm/posterior  state         h=20 K=1  R2_ridge=0.55291  R2_mlp=None
  [ 20/38] rssm/post_deter state         h=20 K=1  R2_ridge=0.55094  R2_mlp=None
  [ 21/38] rssm/post_stoch state         h=20 K=1  R2_ridge=0.40334  R2_mlp=None
  [ 22/38] rssm/prior      state         h=20 K=1  R2_ridge=0.55179  R2_mlp=None
  [ 23/38] rssm/imag20     state         h=20 K=1  R2_ridge=0.97909  R2_mlp=None
  [ 24/38] rssm/enc        return_to_go  h=0  K=1  R2_ridge=0.0112  R2_mlp=None
  [ 25/38] rssm/posterior  return_to_go  h=0  K=1  R2_ridge=0.00997  R2_mlp=None
  [ 26/38] rssm/post_deter return_to_go  h=0  K=1  R2_ridge=0.01259  R2_mlp=None
  [ 27/38] rssm/post_stoch return_to_go  h=0  K=1  R2_ridge=0.02277  R2_mlp=None
  [ 28/38] rssm/prior      return_to_go  h=0  K=1  R2_ridge=0.01619  R2_mlp=None
  [ 29/38] rssm/enc        regime        h=0  K=1  R2_ridge=0.68544  R2_mlp=None
  [ 30/38] rssm/posterior  regime        h=0  K=1  R2_ridge=0.91281  R2_mlp=None
  [ 31/38] rssm/post_deter regime        h=0  K=1  R2_ridge=0.90442  R2_mlp=None
  [ 32/38] rssm/post_stoch regime        h=0  K=1  R2_ridge=0.41053  R2_mlp=None
  [ 33/38] rssm/prior      regime        h=0  K=1  R2_ridge=0.90831  R2_mlp=None
  [ 34/38] rssm/enc        in_regime     h=0  K=1  R2_ridge=0.01063  R2_mlp=None
  [ 35/38] rssm/posterior  in_regime     h=0  K=1  R2_ridge=0.00457  R2_mlp=None
  [ 36/38] rssm/post_deter in_regime     h=0  K=1  R2_ridge=0.00742  R2_mlp=None
  [ 37/38] rssm/post_stoch in_regime     h=0  K=1  R2_ridge=-0.00031  R2_mlp=None
  [ 38/38] rssm/prior      in_regime     h=0  K=1  R2_ridge=0.00603  R2_mlp=None

Probing summary (held-out ridge R^2)
======================================

Per-frame content (target: state, horizon 0):
  RSSM posterior          R^2 = 0.98069
  static VAE latent (K=1) R^2 = None

Predictive content (RSSM posterior, target: state):
  horizon  0: R^2 = 0.98069
  horizon  1: R^2 = 0.91307
  horizon  5: R^2 = 0.72415
  horizon 20: R^2 = 0.55291

VAE receptive field (target: state, horizon 0):
  K=  1: R^2 = None
  K=  4: R^2 = None
  K= 16: R^2 = None
  K=all: R^2 = None

Reward probe (RSSM posterior, target: task reward, h=0):
  reward_stand  R^2 = None
  reward_walk   R^2 = None
  reward_run    R^2 = None

Held-out likelihood (mean NLL, lower is better):
  rssm_posterior_recon       0.0139
  rssm_prior_predictive      0.0168

Wrote results -> /workspace/dreamerv3_runs/pretrain_apt_reacher_seed1/measure/ms100000/probe
{"vsa_5": -0.047799, "fwd_mse_5": -0.046899, "vsa_1": -0.048908, "fwd_mse_1": -0.048458, "vsa_20": -0.046873, "fwd_mse_20": -0.045933}
-> /workspace/dreamerv3_runs/pretrain_apt_reacher_seed1/measure/ms100000/vsa.json
[Sat Jul 11 22:10:58 UTC 2026] milestone 200000  snapshot=/workspace/dreamerv3_runs/pretrain_apt_reacher_seed1/ckpt_snapshots/step000000200384
Task: dmc_reacher_hard  |  checkpoint: /workspace/dreamerv3_runs/pretrain_apt_reacher_seed1/ckpt_snapshots/step000000200384  |  mode: eval
Observations
  reward           Space(float32, shape=(), low=-inf, high=inf)
  is_first         Space(bool, shape=(), low=False, high=True)
  is_last          Space(bool, shape=(), low=False, high=True)
  is_terminal      Space(bool, shape=(), low=False, high=True)
  position         Space(float32, shape=(2,), low=-inf, high=inf)
  to_target        Space(float32, shape=(2,), low=-inf, high=inf)
  velocity         Space(float32, shape=(2,), low=-inf, high=inf)
Actions
  action           Space(float32, shape=(2,), low=-1.0, high=1.0)
Extras
  consec           Space(int32, shape=(), low=-2147483648, high=2147483647)
  stepid           Space(uint8, shape=(20,), low=0, high=255)
  dyn/deter        Space(float32, shape=(512,), low=-inf, high=inf)
  dyn/stoch        Space(float32, shape=(32, 4), low=-inf, high=inf)
JAX devices (1): [cuda:0]
Policy devices: cuda:0
Train devices:  cuda:0
Initializing parameters...
/workspace/dreamerv3/embodied/jax/agent.py:112: DeprecationWarning: `with mesh:` context manager has been deprecated. Please use `with jax.set_mesh(mesh):` instead.
  with self.train_mesh:
Optimizer opt has 580,106 params:
       364,160 dyn
        66,111 val
        49,926 dec
        49,796 pol
        41,153 con
         8,960 enc
/workspace/conda_envs/dreamerv3/lib/python3.11/site-packages/optax/_src/linear_algebra.py:44: DeprecationWarning: optax.global_norm is deprecated in favor of optax.tree.norm
  warnings.warn(
Done initializing!
Compiling 1 checkpoint groups...
Largest checkpoint group: 0 GB
Compiling train and report...
/workspace/dreamerv3/embodied/jax/agent.py:187: DeprecationWarning: `with mesh:` context manager has been deprecated. Please use `with jax.set_mesh(mesh):` instead.
  with self.train_mesh:
/workspace/conda_envs/dreamerv3/lib/python3.11/site-packages/optax/_src/linear_algebra.py:44: DeprecationWarning: optax.global_norm is deprecated in favor of optax.tree.norm
  warnings.warn(
Train cost analysis:
No available
Report cost analysis:
No available
Done compiling!
Loading checkpoint: /workspace/dreamerv3_runs/pretrain_apt_reacher_seed1/ckpt_snapshots/step000000200384
Loaded checkpoint.
Loaded frozen DreamerV3 checkpoint.
Observation keys: ['position', 'to_target', 'velocity']  |  action keys: ['action']
  episode   0: len=1000  return=    0.0
  episode   1: len=1000  return=    3.0
  episode   2: len=1000  return=    0.0
  episode   3: len=1000  return=    2.0
  episode   4: len=1000  return=    0.0
  episode   5: len=1000  return=    2.0
  episode   6: len=1000  return=    6.0
  episode   7: len=1000  return=    4.0
  episode   8: len=1000  return=    1.0
  episode   9: len=1000  return=    0.0
  episode  10: len=1000  return=    0.0
  episode  11: len=1000  return=    0.0
  episode  12: len=1000  return=   10.0
  episode  13: len=1000  return=    2.0
  episode  14: len=1000  return=    4.0
  episode  15: len=1000  return=    0.0
  episode  16: len=1000  return=    0.0
  episode  17: len=1000  return=    0.0
  episode  18: len=1000  return=    1.0
  episode  19: len=1000  return=    0.0
  episode  20: len=1000  return=    7.0
  episode  21: len=1000  return=    0.0
  episode  22: len=1000  return=    3.0
  episode  23: len=1000  return=    0.0
  episode  24: len=1000  return=    0.0
  episode  25: len=1000  return=    3.0
  episode  26: len=1000  return=    0.0
  episode  27: len=1000  return=    0.0
  episode  28: len=1000  return=    2.0
  episode  29: len=1000  return=    0.0
  episode  30: len=1000  return=    0.0
  episode  31: len=1000  return=    0.0
  episode  32: len=1000  return=    1.0
  episode  33: len=1000  return=    0.0
  episode  34: len=1000  return=    2.0
  episode  35: len=1000  return=   16.0
  episode  36: len=1000  return=    5.0
  episode  37: len=1000  return=    0.0
  episode  38: len=1000  return=    0.0
  episode  39: len=1000  return=    2.0
Saved 40 x 1000 steps -> /workspace/dreamerv3_runs/pretrain_apt_reacher_seed1/measure/ms200000/traj.npz
Return over episodes: 1.9 +/- 3.2
Probe trajectories: 40 episodes x 1000 steps
Observations
  reward           Space(float32, shape=(), low=-inf, high=inf)
  is_first         Space(bool, shape=(), low=False, high=True)
  is_last          Space(bool, shape=(), low=False, high=True)
  is_terminal      Space(bool, shape=(), low=False, high=True)
  position         Space(float32, shape=(2,), low=-inf, high=inf)
  to_target        Space(float32, shape=(2,), low=-inf, high=inf)
  velocity         Space(float32, shape=(2,), low=-inf, high=inf)
Actions
  action           Space(float32, shape=(2,), low=-1.0, high=1.0)
Extras
  consec           Space(int32, shape=(), low=-2147483648, high=2147483647)
  stepid           Space(uint8, shape=(20,), low=0, high=255)
  dyn/deter        Space(float32, shape=(512,), low=-inf, high=inf)
  dyn/stoch        Space(float32, shape=(32, 4), low=-inf, high=inf)
JAX devices (1): [cuda:0]
Policy devices: cuda:0
Train devices:  cuda:0
Initializing parameters...
/workspace/dreamerv3/embodied/jax/agent.py:112: DeprecationWarning: `with mesh:` context manager has been deprecated. Please use `with jax.set_mesh(mesh):` instead.
  with self.train_mesh:
Optimizer opt has 580,106 params:
       364,160 dyn
        66,111 val
        49,926 dec
        49,796 pol
        41,153 con
         8,960 enc
/workspace/conda_envs/dreamerv3/lib/python3.11/site-packages/optax/_src/linear_algebra.py:44: DeprecationWarning: optax.global_norm is deprecated in favor of optax.tree.norm
  warnings.warn(
Done initializing!
Compiling 1 checkpoint groups...
Largest checkpoint group: 0 GB
Compiling train and report...
/workspace/dreamerv3/embodied/jax/agent.py:187: DeprecationWarning: `with mesh:` context manager has been deprecated. Please use `with jax.set_mesh(mesh):` instead.
  with self.train_mesh:
/workspace/conda_envs/dreamerv3/lib/python3.11/site-packages/optax/_src/linear_algebra.py:44: DeprecationWarning: optax.global_norm is deprecated in favor of optax.tree.norm
  warnings.warn(
Train cost analysis:
No available
Report cost analysis:
No available
Done compiling!
Loading checkpoint: /workspace/dreamerv3_runs/pretrain_apt_reacher_seed1/ckpt_snapshots/step000000200384
Loaded checkpoint.
World model: obs=['position', 'to_target', 'velocity']  act=['action']  horizons=[1, 5, 20]
  world-model features: episodes 0-7
  world-model features: episodes 8-15
  world-model features: episodes 16-23
  world-model features: episodes 24-31
  world-model features: episodes 32-39
No --vae_ckpt given; extracting world-model features only.
Feature arrays:
  wm_enc                 (40, 1000, 64)
  wm_imag1_deter         (40, 1000, 512)
  wm_imag1_stoch         (40, 1000, 128)
  wm_imag20_deter        (40, 1000, 512)
  wm_imag20_stoch        (40, 1000, 128)
  wm_imag5_deter         (40, 1000, 512)
  wm_imag5_stoch         (40, 1000, 128)
  wm_post_deter          (40, 1000, 512)
  wm_post_nll            (40, 1000)
  wm_post_stoch          (40, 1000, 128)
  wm_prior_deter         (40, 1000, 512)
  wm_prior_nll           (40, 1000)
  wm_prior_stoch         (40, 1000, 128)
Saved -> /workspace/dreamerv3_runs/pretrain_apt_reacher_seed1/measure/ms200000/feats.npz
Episodes: 40 (test 12)  |  sites: ['enc', 'imag1', 'imag20', 'imag5', 'post_deter', 'post_stoch', 'posterior', 'prior']
Targets: ['in_regime', 'qpos', 'qvel', 'regime', 'return_to_go', 'state']
  [  1/38] rssm/enc        state         h=0  K=1  R2_ridge=0.92719  R2_mlp=None
  [  2/38] rssm/posterior  state         h=0  K=1  R2_ridge=0.99101  R2_mlp=None
  [  3/38] rssm/post_deter state         h=0  K=1  R2_ridge=0.99069  R2_mlp=None
  [  4/38] rssm/post_stoch state         h=0  K=1  R2_ridge=0.78469  R2_mlp=None
  [  5/38] rssm/prior      state         h=0  K=1  R2_ridge=0.98945  R2_mlp=None
  [  6/38] rssm/enc        state         h=1  K=1  R2_ridge=0.881  R2_mlp=None
  [  7/38] rssm/posterior  state         h=1  K=1  R2_ridge=0.94439  R2_mlp=None
  [  8/38] rssm/post_deter state         h=1  K=1  R2_ridge=0.9445  R2_mlp=None
  [  9/38] rssm/post_stoch state         h=1  K=1  R2_ridge=0.74174  R2_mlp=None
  [ 10/38] rssm/prior      state         h=1  K=1  R2_ridge=0.94428  R2_mlp=None
  [ 11/38] rssm/imag1      state         h=1  K=1  R2_ridge=0.9894  R2_mlp=None
  [ 12/38] rssm/enc        state         h=5  K=1  R2_ridge=0.7556  R2_mlp=None
  [ 13/38] rssm/posterior  state         h=5  K=1  R2_ridge=0.82511  R2_mlp=None
  [ 14/38] rssm/post_deter state         h=5  K=1  R2_ridge=0.82471  R2_mlp=None
  [ 15/38] rssm/post_stoch state         h=5  K=1  R2_ridge=0.62811  R2_mlp=None
  [ 16/38] rssm/prior      state         h=5  K=1  R2_ridge=0.82547  R2_mlp=None
  [ 17/38] rssm/imag5      state         h=5  K=1  R2_ridge=0.99191  R2_mlp=None
  [ 18/38] rssm/enc        state         h=20 K=1  R2_ridge=0.65245  R2_mlp=None
  [ 19/38] rssm/posterior  state         h=20 K=1  R2_ridge=0.73692  R2_mlp=None
  [ 20/38] rssm/post_deter state         h=20 K=1  R2_ridge=0.73759  R2_mlp=None
  [ 21/38] rssm/post_stoch state         h=20 K=1  R2_ridge=0.55851  R2_mlp=None
  [ 22/38] rssm/prior      state         h=20 K=1  R2_ridge=0.73746  R2_mlp=None
  [ 23/38] rssm/imag20     state         h=20 K=1  R2_ridge=0.99245  R2_mlp=None
  [ 24/38] rssm/enc        return_to_go  h=0  K=1  R2_ridge=0.14187  R2_mlp=None
  [ 25/38] rssm/posterior  return_to_go  h=0  K=1  R2_ridge=0.04891  R2_mlp=None
  [ 26/38] rssm/post_deter return_to_go  h=0  K=1  R2_ridge=0.05393  R2_mlp=None
  [ 27/38] rssm/post_stoch return_to_go  h=0  K=1  R2_ridge=0.07861  R2_mlp=None
  [ 28/38] rssm/prior      return_to_go  h=0  K=1  R2_ridge=0.04399  R2_mlp=None
  [ 29/38] rssm/enc        regime        h=0  K=1  R2_ridge=0.65065  R2_mlp=None
  [ 30/38] rssm/posterior  regime        h=0  K=1  R2_ridge=0.89218  R2_mlp=None
  [ 31/38] rssm/post_deter regime        h=0  K=1  R2_ridge=0.87948  R2_mlp=None
  [ 32/38] rssm/post_stoch regime        h=0  K=1  R2_ridge=0.50865  R2_mlp=None
  [ 33/38] rssm/prior      regime        h=0  K=1  R2_ridge=0.88708  R2_mlp=None
  [ 34/38] rssm/enc        in_regime     h=0  K=1  R2_ridge=0.005  R2_mlp=None
  [ 35/38] rssm/posterior  in_regime     h=0  K=1  R2_ridge=-0.0236  R2_mlp=None
  [ 36/38] rssm/post_deter in_regime     h=0  K=1  R2_ridge=-0.02123  R2_mlp=None
  [ 37/38] rssm/post_stoch in_regime     h=0  K=1  R2_ridge=0.00164  R2_mlp=None
  [ 38/38] rssm/prior      in_regime     h=0  K=1  R2_ridge=-0.02132  R2_mlp=None

Probing summary (held-out ridge R^2)
======================================

Per-frame content (target: state, horizon 0):
  RSSM posterior          R^2 = 0.99101
  static VAE latent (K=1) R^2 = None

Predictive content (RSSM posterior, target: state):
  horizon  0: R^2 = 0.99101
  horizon  1: R^2 = 0.94439
  horizon  5: R^2 = 0.82511
  horizon 20: R^2 = 0.73692

VAE receptive field (target: state, horizon 0):
  K=  1: R^2 = None
  K=  4: R^2 = None
  K= 16: R^2 = None
  K=all: R^2 = None

Reward probe (RSSM posterior, target: task reward, h=0):
  reward_stand  R^2 = None
  reward_walk   R^2 = None
  reward_run    R^2 = None

Held-out likelihood (mean NLL, lower is better):
  rssm_posterior_recon       0.0037
  rssm_prior_predictive      0.0062

Wrote results -> /workspace/dreamerv3_runs/pretrain_apt_reacher_seed1/measure/ms200000/probe
{"vsa_5": -0.026841, "fwd_mse_5": -0.030728, "vsa_1": -0.029031, "fwd_mse_1": -0.033181, "vsa_20": -0.024393, "fwd_mse_20": -0.028965}
-> /workspace/dreamerv3_runs/pretrain_apt_reacher_seed1/measure/ms200000/vsa.json
[Sat Jul 11 22:48:50 UTC 2026] milestone 300000  snapshot=/workspace/dreamerv3_runs/pretrain_apt_reacher_seed1/ckpt_snapshots/step000000304080
Task: dmc_reacher_hard  |  checkpoint: /workspace/dreamerv3_runs/pretrain_apt_reacher_seed1/ckpt_snapshots/step000000304080  |  mode: eval
Observations
  reward           Space(float32, shape=(), low=-inf, high=inf)
  is_first         Space(bool, shape=(), low=False, high=True)
  is_last          Space(bool, shape=(), low=False, high=True)
  is_terminal      Space(bool, shape=(), low=False, high=True)
  position         Space(float32, shape=(2,), low=-inf, high=inf)
  to_target        Space(float32, shape=(2,), low=-inf, high=inf)
  velocity         Space(float32, shape=(2,), low=-inf, high=inf)
Actions
  action           Space(float32, shape=(2,), low=-1.0, high=1.0)
Extras
  consec           Space(int32, shape=(), low=-2147483648, high=2147483647)
  stepid           Space(uint8, shape=(20,), low=0, high=255)
  dyn/deter        Space(float32, shape=(512,), low=-inf, high=inf)
  dyn/stoch        Space(float32, shape=(32, 4), low=-inf, high=inf)
JAX devices (1): [cuda:0]
Policy devices: cuda:0
Train devices:  cuda:0
Initializing parameters...
/workspace/dreamerv3/embodied/jax/agent.py:112: DeprecationWarning: `with mesh:` context manager has been deprecated. Please use `with jax.set_mesh(mesh):` instead.
  with self.train_mesh:
Optimizer opt has 580,106 params:
       364,160 dyn
        66,111 val
        49,926 dec
        49,796 pol
        41,153 con
         8,960 enc
/workspace/conda_envs/dreamerv3/lib/python3.11/site-packages/optax/_src/linear_algebra.py:44: DeprecationWarning: optax.global_norm is deprecated in favor of optax.tree.norm
  warnings.warn(
Done initializing!
Compiling 1 checkpoint groups...
Largest checkpoint group: 0 GB
Compiling train and report...
/workspace/dreamerv3/embodied/jax/agent.py:187: DeprecationWarning: `with mesh:` context manager has been deprecated. Please use `with jax.set_mesh(mesh):` instead.
  with self.train_mesh:
/workspace/conda_envs/dreamerv3/lib/python3.11/site-packages/optax/_src/linear_algebra.py:44: DeprecationWarning: optax.global_norm is deprecated in favor of optax.tree.norm
  warnings.warn(
Train cost analysis:
No available
Report cost analysis:
No available
Done compiling!
Loading checkpoint: /workspace/dreamerv3_runs/pretrain_apt_reacher_seed1/ckpt_snapshots/step000000304080
Loaded checkpoint.
Loaded frozen DreamerV3 checkpoint.
Observation keys: ['position', 'to_target', 'velocity']  |  action keys: ['action']
  episode   0: len=1000  return=    0.0
  episode   1: len=1000  return=    4.0
  episode   2: len=1000  return=    4.0
  episode   3: len=1000  return=    0.0
  episode   4: len=1000  return=    3.0
  episode   5: len=1000  return=    6.0
  episode   6: len=1000  return=    5.0
  episode   7: len=1000  return=    0.0
  episode   8: len=1000  return=    3.0
  episode   9: len=1000  return=    0.0
  episode  10: len=1000  return=    0.0
  episode  11: len=1000  return=    0.0
  episode  12: len=1000  return=    0.0
  episode  13: len=1000  return=    0.0
  episode  14: len=1000  return=    4.0
  episode  15: len=1000  return=    0.0
  episode  16: len=1000  return=    0.0
  episode  17: len=1000  return=    0.0
  episode  18: len=1000  return=    0.0
  episode  19: len=1000  return=    0.0
  episode  20: len=1000  return=    3.0
  episode  21: len=1000  return=    0.0
  episode  22: len=1000  return=    0.0
  episode  23: len=1000  return=    0.0
  episode  24: len=1000  return=   21.0
  episode  25: len=1000  return=    0.0
  episode  26: len=1000  return=   13.0
  episode  27: len=1000  return=    2.0
  episode  28: len=1000  return=    2.0
  episode  29: len=1000  return=    0.0
  episode  30: len=1000  return=    4.0
  episode  31: len=1000  return=    6.0
  episode  32: len=1000  return=    3.0
  episode  33: len=1000  return=    0.0
  episode  34: len=1000  return=    2.0
  episode  35: len=1000  return=    2.0
  episode  36: len=1000  return=    0.0
  episode  37: len=1000  return=    0.0
  episode  38: len=1000  return=    0.0
  episode  39: len=1000  return=    4.0
Saved 40 x 1000 steps -> /workspace/dreamerv3_runs/pretrain_apt_reacher_seed1/measure/ms300000/traj.npz
Return over episodes: 2.3 +/- 4.0
Probe trajectories: 40 episodes x 1000 steps
Observations
  reward           Space(float32, shape=(), low=-inf, high=inf)
  is_first         Space(bool, shape=(), low=False, high=True)
  is_last          Space(bool, shape=(), low=False, high=True)
  is_terminal      Space(bool, shape=(), low=False, high=True)
  position         Space(float32, shape=(2,), low=-inf, high=inf)
  to_target        Space(float32, shape=(2,), low=-inf, high=inf)
  velocity         Space(float32, shape=(2,), low=-inf, high=inf)
Actions
  action           Space(float32, shape=(2,), low=-1.0, high=1.0)
Extras
  consec           Space(int32, shape=(), low=-2147483648, high=2147483647)
  stepid           Space(uint8, shape=(20,), low=0, high=255)
  dyn/deter        Space(float32, shape=(512,), low=-inf, high=inf)
  dyn/stoch        Space(float32, shape=(32, 4), low=-inf, high=inf)
JAX devices (1): [cuda:0]
Policy devices: cuda:0
Train devices:  cuda:0
Initializing parameters...
/workspace/dreamerv3/embodied/jax/agent.py:112: DeprecationWarning: `with mesh:` context manager has been deprecated. Please use `with jax.set_mesh(mesh):` instead.
  with self.train_mesh:
Optimizer opt has 580,106 params:
       364,160 dyn
        66,111 val
        49,926 dec
        49,796 pol
        41,153 con
         8,960 enc
/workspace/conda_envs/dreamerv3/lib/python3.11/site-packages/optax/_src/linear_algebra.py:44: DeprecationWarning: optax.global_norm is deprecated in favor of optax.tree.norm
  warnings.warn(
Done initializing!
Compiling 1 checkpoint groups...
Largest checkpoint group: 0 GB
Compiling train and report...
/workspace/dreamerv3/embodied/jax/agent.py:187: DeprecationWarning: `with mesh:` context manager has been deprecated. Please use `with jax.set_mesh(mesh):` instead.
  with self.train_mesh:
/workspace/conda_envs/dreamerv3/lib/python3.11/site-packages/optax/_src/linear_algebra.py:44: DeprecationWarning: optax.global_norm is deprecated in favor of optax.tree.norm
  warnings.warn(
Train cost analysis:
No available
Report cost analysis:
No available
Done compiling!
Loading checkpoint: /workspace/dreamerv3_runs/pretrain_apt_reacher_seed1/ckpt_snapshots/step000000304080
Loaded checkpoint.
World model: obs=['position', 'to_target', 'velocity']  act=['action']  horizons=[1, 5, 20]
  world-model features: episodes 0-7
  world-model features: episodes 8-15
  world-model features: episodes 16-23
  world-model features: episodes 24-31
  world-model features: episodes 32-39
No --vae_ckpt given; extracting world-model features only.
Feature arrays:
  wm_enc                 (40, 1000, 64)
  wm_imag1_deter         (40, 1000, 512)
  wm_imag1_stoch         (40, 1000, 128)
  wm_imag20_deter        (40, 1000, 512)
  wm_imag20_stoch        (40, 1000, 128)
  wm_imag5_deter         (40, 1000, 512)
  wm_imag5_stoch         (40, 1000, 128)
  wm_post_deter          (40, 1000, 512)
  wm_post_nll            (40, 1000)
  wm_post_stoch          (40, 1000, 128)
  wm_prior_deter         (40, 1000, 512)
  wm_prior_nll           (40, 1000)
  wm_prior_stoch         (40, 1000, 128)
Saved -> /workspace/dreamerv3_runs/pretrain_apt_reacher_seed1/measure/ms300000/feats.npz
Episodes: 40 (test 12)  |  sites: ['enc', 'imag1', 'imag20', 'imag5', 'post_deter', 'post_stoch', 'posterior', 'prior']
Targets: ['in_regime', 'qpos', 'qvel', 'regime', 'return_to_go', 'state']
  [  1/38] rssm/enc        state         h=0  K=1  R2_ridge=0.89643  R2_mlp=None
  [  2/38] rssm/posterior  state         h=0  K=1  R2_ridge=0.98878  R2_mlp=None
  [  3/38] rssm/post_deter state         h=0  K=1  R2_ridge=0.98861  R2_mlp=None
  [  4/38] rssm/post_stoch state         h=0  K=1  R2_ridge=0.79402  R2_mlp=None
  [  5/38] rssm/prior      state         h=0  K=1  R2_ridge=0.98873  R2_mlp=None
  [  6/38] rssm/enc        state         h=1  K=1  R2_ridge=0.8543  R2_mlp=None
  [  7/38] rssm/posterior  state         h=1  K=1  R2_ridge=0.94626  R2_mlp=None
  [  8/38] rssm/post_deter state         h=1  K=1  R2_ridge=0.94633  R2_mlp=None
  [  9/38] rssm/post_stoch state         h=1  K=1  R2_ridge=0.7562  R2_mlp=None
  [ 10/38] rssm/prior      state         h=1  K=1  R2_ridge=0.94644  R2_mlp=None
  [ 11/38] rssm/imag1      state         h=1  K=1  R2_ridge=0.98877  R2_mlp=None
  [ 12/38] rssm/enc        state         h=5  K=1  R2_ridge=0.74527  R2_mlp=None
  [ 13/38] rssm/posterior  state         h=5  K=1  R2_ridge=0.83436  R2_mlp=None
  [ 14/38] rssm/post_deter state         h=5  K=1  R2_ridge=0.83389  R2_mlp=None
  [ 15/38] rssm/post_stoch state         h=5  K=1  R2_ridge=0.65221  R2_mlp=None
  [ 16/38] rssm/prior      state         h=5  K=1  R2_ridge=0.83445  R2_mlp=None
  [ 17/38] rssm/imag5      state         h=5  K=1  R2_ridge=0.98887  R2_mlp=None
  [ 18/38] rssm/enc        state         h=20 K=1  R2_ridge=0.62837  R2_mlp=None
  [ 19/38] rssm/posterior  state         h=20 K=1  R2_ridge=0.7227  R2_mlp=None
  [ 20/38] rssm/post_deter state         h=20 K=1  R2_ridge=0.7223  R2_mlp=None
  [ 21/38] rssm/post_stoch state         h=20 K=1  R2_ridge=0.55826  R2_mlp=None
  [ 22/38] rssm/prior      state         h=20 K=1  R2_ridge=0.72222  R2_mlp=None
  [ 23/38] rssm/imag20     state         h=20 K=1  R2_ridge=0.9892  R2_mlp=None
  [ 24/38] rssm/enc        return_to_go  h=0  K=1  R2_ridge=0.06133  R2_mlp=None
  [ 25/38] rssm/posterior  return_to_go  h=0  K=1  R2_ridge=-0.08564  R2_mlp=None
  [ 26/38] rssm/post_deter return_to_go  h=0  K=1  R2_ridge=-0.07696  R2_mlp=None
  [ 27/38] rssm/post_stoch return_to_go  h=0  K=1  R2_ridge=0.04049  R2_mlp=None
  [ 28/38] rssm/prior      return_to_go  h=0  K=1  R2_ridge=-0.08697  R2_mlp=None
  [ 29/38] rssm/enc        regime        h=0  K=1  R2_ridge=0.79969  R2_mlp=None
  [ 30/38] rssm/posterior  regime        h=0  K=1  R2_ridge=0.90111  R2_mlp=None
  [ 31/38] rssm/post_deter regime        h=0  K=1  R2_ridge=0.88109  R2_mlp=None
  [ 32/38] rssm/post_stoch regime        h=0  K=1  R2_ridge=0.43578  R2_mlp=None
  [ 33/38] rssm/prior      regime        h=0  K=1  R2_ridge=0.88857  R2_mlp=None
  [ 34/38] rssm/enc        in_regime     h=0  K=1  R2_ridge=0.00395  R2_mlp=None
  [ 35/38] rssm/posterior  in_regime     h=0  K=1  R2_ridge=-0.00708  R2_mlp=None
  [ 36/38] rssm/post_deter in_regime     h=0  K=1  R2_ridge=-0.00595  R2_mlp=None
  [ 37/38] rssm/post_stoch in_regime     h=0  K=1  R2_ridge=-9e-05  R2_mlp=None
  [ 38/38] rssm/prior      in_regime     h=0  K=1  R2_ridge=-0.00696  R2_mlp=None

Probing summary (held-out ridge R^2)
======================================

Per-frame content (target: state, horizon 0):
  RSSM posterior          R^2 = 0.98878
  static VAE latent (K=1) R^2 = None

Predictive content (RSSM posterior, target: state):
  horizon  0: R^2 = 0.98878
  horizon  1: R^2 = 0.94626
  horizon  5: R^2 = 0.83436
  horizon 20: R^2 = 0.7227

VAE receptive field (target: state, horizon 0):
  K=  1: R^2 = None
  K=  4: R^2 = None
  K= 16: R^2 = None
  K=all: R^2 = None

Reward probe (RSSM posterior, target: task reward, h=0):
  reward_stand  R^2 = None
  reward_walk   R^2 = None
  reward_run    R^2 = None

Held-out likelihood (mean NLL, lower is better):
  rssm_posterior_recon       0.0039
  rssm_prior_predictive      0.0059

Wrote results -> /workspace/dreamerv3_runs/pretrain_apt_reacher_seed1/measure/ms300000/probe
{"vsa_5": -0.028295, "fwd_mse_5": -0.049578, "vsa_1": -0.028689, "fwd_mse_1": -0.050613, "vsa_20": -0.027253, "fwd_mse_20": -0.047634}
-> /workspace/dreamerv3_runs/pretrain_apt_reacher_seed1/measure/ms300000/vsa.json
[Sat Jul 11 23:23:56 UTC 2026] milestone 400000  snapshot=/workspace/dreamerv3_runs/pretrain_apt_reacher_seed1/ckpt_snapshots/step000000399152
Task: dmc_reacher_hard  |  checkpoint: /workspace/dreamerv3_runs/pretrain_apt_reacher_seed1/ckpt_snapshots/step000000399152  |  mode: eval
Observations
  reward           Space(float32, shape=(), low=-inf, high=inf)
  is_first         Space(bool, shape=(), low=False, high=True)
  is_last          Space(bool, shape=(), low=False, high=True)
  is_terminal      Space(bool, shape=(), low=False, high=True)
  position         Space(float32, shape=(2,), low=-inf, high=inf)
  to_target        Space(float32, shape=(2,), low=-inf, high=inf)
  velocity         Space(float32, shape=(2,), low=-inf, high=inf)
Actions
  action           Space(float32, shape=(2,), low=-1.0, high=1.0)
Extras
  consec           Space(int32, shape=(), low=-2147483648, high=2147483647)
  stepid           Space(uint8, shape=(20,), low=0, high=255)
  dyn/deter        Space(float32, shape=(512,), low=-inf, high=inf)
  dyn/stoch        Space(float32, shape=(32, 4), low=-inf, high=inf)
JAX devices (1): [cuda:0]
Policy devices: cuda:0
Train devices:  cuda:0
Initializing parameters...
/workspace/dreamerv3/embodied/jax/agent.py:112: DeprecationWarning: `with mesh:` context manager has been deprecated. Please use `with jax.set_mesh(mesh):` instead.
  with self.train_mesh:
Optimizer opt has 580,106 params:
       364,160 dyn
        66,111 val
        49,926 dec
        49,796 pol
        41,153 con
         8,960 enc
/workspace/conda_envs/dreamerv3/lib/python3.11/site-packages/optax/_src/linear_algebra.py:44: DeprecationWarning: optax.global_norm is deprecated in favor of optax.tree.norm
  warnings.warn(
Done initializing!
Compiling 1 checkpoint groups...
Largest checkpoint group: 0 GB
Compiling train and report...
/workspace/dreamerv3/embodied/jax/agent.py:187: DeprecationWarning: `with mesh:` context manager has been deprecated. Please use `with jax.set_mesh(mesh):` instead.
  with self.train_mesh:
/workspace/conda_envs/dreamerv3/lib/python3.11/site-packages/optax/_src/linear_algebra.py:44: DeprecationWarning: optax.global_norm is deprecated in favor of optax.tree.norm
  warnings.warn(
Train cost analysis:
No available
Report cost analysis:
No available
Done compiling!
Loading checkpoint: /workspace/dreamerv3_runs/pretrain_apt_reacher_seed1/ckpt_snapshots/step000000399152
Loaded checkpoint.
Loaded frozen DreamerV3 checkpoint.
Observation keys: ['position', 'to_target', 'velocity']  |  action keys: ['action']
  episode   0: len=1000  return=    0.0
  episode   1: len=1000  return=    0.0
  episode   2: len=1000  return=   12.0
  episode   3: len=1000  return=    0.0
  episode   4: len=1000  return=    5.0
  episode   5: len=1000  return=    0.0
  episode   6: len=1000  return=    0.0
  episode   7: len=1000  return=    9.0
  episode   8: len=1000  return=    0.0
  episode   9: len=1000  return=    4.0
  episode  10: len=1000  return=    0.0
  episode  11: len=1000  return=    5.0
  episode  12: len=1000  return=    0.0
  episode  13: len=1000  return=   17.0
  episode  14: len=1000  return=    7.0
  episode  15: len=1000  return=   31.0
  episode  16: len=1000  return=    0.0
  episode  17: len=1000  return=    5.0
  episode  18: len=1000  return=    8.0
  episode  19: len=1000  return=    0.0
  episode  20: len=1000  return=   10.0
  episode  21: len=1000  return=    0.0
  episode  22: len=1000  return=    0.0
  episode  23: len=1000  return=   21.0
  episode  24: len=1000  return=    0.0
  episode  25: len=1000  return=    0.0
  episode  26: len=1000  return=    0.0
  episode  27: len=1000  return=    0.0
  episode  28: len=1000  return=   16.0
  episode  29: len=1000  return=    0.0
  episode  30: len=1000  return=    1.0
  episode  31: len=1000  return=   11.0
  episode  32: len=1000  return=    0.0
  episode  33: len=1000  return=   10.0
  episode  34: len=1000  return=    0.0
  episode  35: len=1000  return=    0.0
  episode  36: len=1000  return=    4.0
  episode  37: len=1000  return=   12.0
  episode  38: len=1000  return=    0.0
  episode  39: len=1000  return=    0.0
Saved 40 x 1000 steps -> /workspace/dreamerv3_runs/pretrain_apt_reacher_seed1/measure/ms400000/traj.npz
Return over episodes: 4.7 +/- 7.0
Probe trajectories: 40 episodes x 1000 steps
Observations
  reward           Space(float32, shape=(), low=-inf, high=inf)
  is_first         Space(bool, shape=(), low=False, high=True)
  is_last          Space(bool, shape=(), low=False, high=True)
  is_terminal      Space(bool, shape=(), low=False, high=True)
  position         Space(float32, shape=(2,), low=-inf, high=inf)
  to_target        Space(float32, shape=(2,), low=-inf, high=inf)
  velocity         Space(float32, shape=(2,), low=-inf, high=inf)
Actions
  action           Space(float32, shape=(2,), low=-1.0, high=1.0)
Extras
  consec           Space(int32, shape=(), low=-2147483648, high=2147483647)
  stepid           Space(uint8, shape=(20,), low=0, high=255)
  dyn/deter        Space(float32, shape=(512,), low=-inf, high=inf)
  dyn/stoch        Space(float32, shape=(32, 4), low=-inf, high=inf)
JAX devices (1): [cuda:0]
Policy devices: cuda:0
Train devices:  cuda:0
Initializing parameters...
/workspace/dreamerv3/embodied/jax/agent.py:112: DeprecationWarning: `with mesh:` context manager has been deprecated. Please use `with jax.set_mesh(mesh):` instead.
  with self.train_mesh:
Optimizer opt has 580,106 params:
       364,160 dyn
        66,111 val
        49,926 dec
        49,796 pol
        41,153 con
         8,960 enc
/workspace/conda_envs/dreamerv3/lib/python3.11/site-packages/optax/_src/linear_algebra.py:44: DeprecationWarning: optax.global_norm is deprecated in favor of optax.tree.norm
  warnings.warn(
Done initializing!
Compiling 1 checkpoint groups...
Largest checkpoint group: 0 GB
Compiling train and report...
/workspace/dreamerv3/embodied/jax/agent.py:187: DeprecationWarning: `with mesh:` context manager has been deprecated. Please use `with jax.set_mesh(mesh):` instead.
  with self.train_mesh:
/workspace/conda_envs/dreamerv3/lib/python3.11/site-packages/optax/_src/linear_algebra.py:44: DeprecationWarning: optax.global_norm is deprecated in favor of optax.tree.norm
  warnings.warn(
Train cost analysis:
No available
Report cost analysis:
No available
Done compiling!
Loading checkpoint: /workspace/dreamerv3_runs/pretrain_apt_reacher_seed1/ckpt_snapshots/step000000399152
Loaded checkpoint.
World model: obs=['position', 'to_target', 'velocity']  act=['action']  horizons=[1, 5, 20]
  world-model features: episodes 0-7
  world-model features: episodes 8-15
  world-model features: episodes 16-23
  world-model features: episodes 24-31
  world-model features: episodes 32-39
No --vae_ckpt given; extracting world-model features only.
Feature arrays:
  wm_enc                 (40, 1000, 64)
  wm_imag1_deter         (40, 1000, 512)
  wm_imag1_stoch         (40, 1000, 128)
  wm_imag20_deter        (40, 1000, 512)
  wm_imag20_stoch        (40, 1000, 128)
  wm_imag5_deter         (40, 1000, 512)
  wm_imag5_stoch         (40, 1000, 128)
  wm_post_deter          (40, 1000, 512)
  wm_post_nll            (40, 1000)
  wm_post_stoch          (40, 1000, 128)
  wm_prior_deter         (40, 1000, 512)
  wm_prior_nll           (40, 1000)
  wm_prior_stoch         (40, 1000, 128)
Saved -> /workspace/dreamerv3_runs/pretrain_apt_reacher_seed1/measure/ms400000/feats.npz
Episodes: 40 (test 12)  |  sites: ['enc', 'imag1', 'imag20', 'imag5', 'post_deter', 'post_stoch', 'posterior', 'prior']
Targets: ['in_regime', 'qpos', 'qvel', 'regime', 'return_to_go', 'state']
  [  1/38] rssm/enc        state         h=0  K=1  R2_ridge=0.9824  R2_mlp=None
  [  2/38] rssm/posterior  state         h=0  K=1  R2_ridge=0.99875  R2_mlp=None
  [  3/38] rssm/post_deter state         h=0  K=1  R2_ridge=0.99815  R2_mlp=None
  [  4/38] rssm/post_stoch state         h=0  K=1  R2_ridge=0.89435  R2_mlp=None
  [  5/38] rssm/prior      state         h=0  K=1  R2_ridge=0.99828  R2_mlp=None
  [  6/38] rssm/enc        state         h=1  K=1  R2_ridge=0.82981  R2_mlp=None
  [  7/38] rssm/posterior  state         h=1  K=1  R2_ridge=0.8496  R2_mlp=None
  [  8/38] rssm/post_deter state         h=1  K=1  R2_ridge=0.84898  R2_mlp=None
  [  9/38] rssm/post_stoch state         h=1  K=1  R2_ridge=0.7533  R2_mlp=None
  [ 10/38] rssm/prior      state         h=1  K=1  R2_ridge=0.84897  R2_mlp=None
  [ 11/38] rssm/imag1      state         h=1  K=1  R2_ridge=0.99851  R2_mlp=None
  [ 12/38] rssm/enc        state         h=5  K=1  R2_ridge=0.475  R2_mlp=None
  [ 13/38] rssm/posterior  state         h=5  K=1  R2_ridge=0.5048  R2_mlp=None
  [ 14/38] rssm/post_deter state         h=5  K=1  R2_ridge=0.5044  R2_mlp=None
  [ 15/38] rssm/post_stoch state         h=5  K=1  R2_ridge=0.42326  R2_mlp=None
  [ 16/38] rssm/prior      state         h=5  K=1  R2_ridge=0.50407  R2_mlp=None
  [ 17/38] rssm/imag5      state         h=5  K=1  R2_ridge=0.99844  R2_mlp=None
  [ 18/38] rssm/enc        state         h=20 K=1  R2_ridge=0.34533  R2_mlp=None
  [ 19/38] rssm/posterior  state         h=20 K=1  R2_ridge=0.35131  R2_mlp=None
  [ 20/38] rssm/post_deter state         h=20 K=1  R2_ridge=0.35069  R2_mlp=None
  [ 21/38] rssm/post_stoch state         h=20 K=1  R2_ridge=0.3199  R2_mlp=None
  [ 22/38] rssm/prior      state         h=20 K=1  R2_ridge=0.35064  R2_mlp=None
  [ 23/38] rssm/imag20     state         h=20 K=1  R2_ridge=0.99821  R2_mlp=None
  [ 24/38] rssm/enc        return_to_go  h=0  K=1  R2_ridge=0.01782  R2_mlp=None
  [ 25/38] rssm/posterior  return_to_go  h=0  K=1  R2_ridge=0.05663  R2_mlp=None
  [ 26/38] rssm/post_deter return_to_go  h=0  K=1  R2_ridge=0.06767  R2_mlp=None
  [ 27/38] rssm/post_stoch return_to_go  h=0  K=1  R2_ridge=0.02201  R2_mlp=None
  [ 28/38] rssm/prior      return_to_go  h=0  K=1  R2_ridge=0.06764  R2_mlp=None
  [ 29/38] rssm/enc        regime        h=0  K=1  R2_ridge=0.91551  R2_mlp=None
  [ 30/38] rssm/posterior  regime        h=0  K=1  R2_ridge=0.93319  R2_mlp=None
  [ 31/38] rssm/post_deter regime        h=0  K=1  R2_ridge=0.89288  R2_mlp=None
  [ 32/38] rssm/post_stoch regime        h=0  K=1  R2_ridge=0.57687  R2_mlp=None
  [ 33/38] rssm/prior      regime        h=0  K=1  R2_ridge=0.89742  R2_mlp=None
  [ 34/38] rssm/enc        in_regime     h=0  K=1  R2_ridge=0.00389  R2_mlp=None
  [ 35/38] rssm/posterior  in_regime     h=0  K=1  R2_ridge=-0.01474  R2_mlp=None
  [ 36/38] rssm/post_deter in_regime     h=0  K=1  R2_ridge=-0.0129  R2_mlp=None
  [ 37/38] rssm/post_stoch in_regime     h=0  K=1  R2_ridge=0.00099  R2_mlp=None
  [ 38/38] rssm/prior      in_regime     h=0  K=1  R2_ridge=-0.01284  R2_mlp=None

Probing summary (held-out ridge R^2)
======================================

Per-frame content (target: state, horizon 0):
  RSSM posterior          R^2 = 0.99875
  static VAE latent (K=1) R^2 = None

Predictive content (RSSM posterior, target: state):
  horizon  0: R^2 = 0.99875
  horizon  1: R^2 = 0.8496
  horizon  5: R^2 = 0.5048
  horizon 20: R^2 = 0.35131

VAE receptive field (target: state, horizon 0):
  K=  1: R^2 = None
  K=  4: R^2 = None
  K= 16: R^2 = None
  K=all: R^2 = None

Reward probe (RSSM posterior, target: task reward, h=0):
  reward_stand  R^2 = None
  reward_walk   R^2 = None
  reward_run    R^2 = None

Held-out likelihood (mean NLL, lower is better):
  rssm_posterior_recon       0.0076
  rssm_prior_predictive      0.0101

Wrote results -> /workspace/dreamerv3_runs/pretrain_apt_reacher_seed1/measure/ms400000/probe
{"vsa_5": -0.002871, "fwd_mse_5": -0.002995, "vsa_1": -0.00282, "fwd_mse_1": -0.002914, "vsa_20": -0.003197, "fwd_mse_20": -0.003317}
-> /workspace/dreamerv3_runs/pretrain_apt_reacher_seed1/measure/ms400000/vsa.json
SKIP milestone 500000: no snapshot within 5000 steps (excluded per PREREG Sec.1)
  K=100000: cov=0.5714 occ_phys=0.008659999817609787 occ_rew=0.0086
  K=200000: cov=0.6288 occ_phys=0.007224999833852053 occ_rew=0.0072
  K=300000: cov=0.6411 occ_phys=0.005783333443105221 occ_rew=0.0058
  K=400000: cov=0.6312 occ_phys=0.005224999971687794 occ_rew=0.0052
  K=500000: cov=0.6348 occ_phys=0.005655147135257721 occ_rew=0.0056
-> /workspace/dreamerv3_runs/pretrain_apt_reacher_seed1/measure/drivers_buffer.json
[Sat Jul 11 23:41:44 UTC 2026] measure pretrain_apt_reacher_seed1 DONE
