START mode=apt run=adapt_ax1fw0s1_finger_seed2_ckpt500000 wm=ax1wm_finger_fw0s1_seed2 replay=/workspace/dreamerv3_runs/axis1_finger/within/p2e1/side1 gpu=3
DONE adapt_ax1fw0s1_finger_seed2_ckpt500000
START mode=apt run=adapt_ax1fw3s1_finger_seed2_ckpt500000 wm=ax1wm_finger_fw3s1_seed2 replay=/workspace/dreamerv3_runs/axis1_finger/within/p2e4/side1 gpu=3
DONE adapt_ax1fw3s1_finger_seed2_ckpt500000
START mode=apt run=adapt_ax1fw5s1_finger_seed2_ckpt500000 wm=ax1wm_finger_fw5s1_seed2 replay=/workspace/dreamerv3_runs/axis1_finger/within/apt1/side1 gpu=3
DONE adapt_ax1fw5s1_finger_seed2_ckpt500000
START mode=apt run=adapt_ax1fw7s1_finger_seed2_ckpt500000 wm=ax1wm_finger_fw7s1_seed2 replay=/workspace/dreamerv3_runs/axis1_finger/within/apt3/side1 gpu=3
DONE adapt_ax1fw7s1_finger_seed2_ckpt500000
START mode=apt run=adapt_ax1fw9s1_finger_seed2_ckpt500000 wm=ax1wm_finger_fw9s1_seed2 replay=/workspace/dreamerv3_runs/axis1_finger/within/apt5/side1 gpu=3
DONE adapt_ax1fw9s1_finger_seed2_ckpt500000
START mode=apt run=adapt_ax1fw11s1_finger_seed2_ckpt500000 wm=ax1wm_finger_fw11s1_seed2 replay=/workspace/dreamerv3_runs/axis1_finger/within/random2/side1 gpu=3
DONE adapt_ax1fw11s1_finger_seed2_ckpt500000
START mode=apt run=adapt_ax1fw13s1_finger_seed2_ckpt500000 wm=ax1wm_finger_fw13s1_seed2 replay=/workspace/dreamerv3_runs/axis1_finger/within/random4/side1 gpu=3
DONE adapt_ax1fw13s1_finger_seed2_ckpt500000
START mode=apt run=adapt_ax1fw5s1_cup_seed2_ckpt500000 wm=ax1wm_cup_fw5s1_seed2 replay=/workspace/dreamerv3_runs/axis1_cup/within/apt1/side1 gpu=3
DONE adapt_ax1fw5s1_cup_seed2_ckpt500000
START mode=apt run=adapt_ax1fw8s1_cup_seed2_ckpt500000 wm=ax1wm_cup_fw8s1_seed2 replay=/workspace/dreamerv3_runs/axis1_cup/within/apt4/side1 gpu=3
DONE adapt_ax1fw8s1_cup_seed2_ckpt500000
START mode=apt run=adapt_ax1fw10s1_cup_seed2_ckpt500000 wm=ax1wm_cup_fw10s1_seed2 replay=/workspace/dreamerv3_runs/axis1_cup/within/random1/side1 gpu=3
DONE adapt_ax1fw10s1_cup_seed2_ckpt500000
START mode=apt run=adapt_ax1fw12s1_cup_seed2_ckpt500000 wm=ax1wm_cup_fw12s1_seed2 replay=/workspace/dreamerv3_runs/axis1_cup/within/random3/side1 gpu=3
DONE adapt_ax1fw12s1_cup_seed2_ckpt500000
START mode=apt run=adapt_ax1fw14s1_cup_seed2_ckpt500000 wm=ax1wm_cup_fw14s1_seed2 replay=/workspace/dreamerv3_runs/axis1_cup/within/random5/side1 gpu=3
DONE adapt_ax1fw14s1_cup_seed2_ckpt500000
START mode=apt run=adapt_ax1fq1s1_cup_seed12_ckpt500000 wm=ax1wm_cup_fq1s1_seed12 replay=/workspace/dreamerv3_runs/axis1_cup/q1/side1 gpu=3
