START mode=apt run=adapt_ax1fw1s0_finger_seed1_ckpt500000 wm=ax1wm_finger_fw1s0_seed1 replay=/workspace/dreamerv3_runs/axis1_finger/within/p2e2/side0 gpu=0
DONE adapt_ax1fw1s0_finger_seed1_ckpt500000
START mode=apt run=adapt_ax1fw4s0_finger_seed1_ckpt500000 wm=ax1wm_finger_fw4s0_seed1 replay=/workspace/dreamerv3_runs/axis1_finger/within/p2e5/side0 gpu=0
DONE adapt_ax1fw4s0_finger_seed1_ckpt500000
START mode=apt run=adapt_ax1fw6s0_finger_seed1_ckpt500000 wm=ax1wm_finger_fw6s0_seed1 replay=/workspace/dreamerv3_runs/axis1_finger/within/apt2/side0 gpu=0
DONE adapt_ax1fw6s0_finger_seed1_ckpt500000
START mode=apt run=adapt_ax1fw8s0_finger_seed1_ckpt500000 wm=ax1wm_finger_fw8s0_seed1 replay=/workspace/dreamerv3_runs/axis1_finger/within/apt4/side0 gpu=0
DONE adapt_ax1fw8s0_finger_seed1_ckpt500000
START mode=apt run=adapt_ax1fw10s0_finger_seed1_ckpt500000 wm=ax1wm_finger_fw10s0_seed1 replay=/workspace/dreamerv3_runs/axis1_finger/within/random1/side0 gpu=0
DONE adapt_ax1fw10s0_finger_seed1_ckpt500000
START mode=apt run=adapt_ax1fw12s0_finger_seed1_ckpt500000 wm=ax1wm_finger_fw12s0_seed1 replay=/workspace/dreamerv3_runs/axis1_finger/within/random3/side0 gpu=0
DONE adapt_ax1fw12s0_finger_seed1_ckpt500000
START mode=apt run=adapt_ax1fw14s0_finger_seed1_ckpt500000 wm=ax1wm_finger_fw14s0_seed1 replay=/workspace/dreamerv3_runs/axis1_finger/within/random5/side0 gpu=0
DONE adapt_ax1fw14s0_finger_seed1_ckpt500000
START mode=apt run=adapt_ax1fw7s0_cup_seed1_ckpt500000 wm=ax1wm_cup_fw7s0_seed1 replay=/workspace/dreamerv3_runs/axis1_cup/within/apt3/side0 gpu=0
DONE adapt_ax1fw7s0_cup_seed1_ckpt500000
START mode=apt run=adapt_ax1fw9s0_cup_seed1_ckpt500000 wm=ax1wm_cup_fw9s0_seed1 replay=/workspace/dreamerv3_runs/axis1_cup/within/apt5/side0 gpu=0
DONE adapt_ax1fw9s0_cup_seed1_ckpt500000
START mode=apt run=adapt_ax1fw11s0_cup_seed1_ckpt500000 wm=ax1wm_cup_fw11s0_seed1 replay=/workspace/dreamerv3_runs/axis1_cup/within/random2/side0 gpu=0
DONE adapt_ax1fw11s0_cup_seed1_ckpt500000
START mode=apt run=adapt_ax1fw13s0_cup_seed1_ckpt500000 wm=ax1wm_cup_fw13s0_seed1 replay=/workspace/dreamerv3_runs/axis1_cup/within/random4/side0 gpu=0
DONE adapt_ax1fw13s0_cup_seed1_ckpt500000
START mode=apt run=adapt_ax1fq1s0_cup_seed9_ckpt500000 wm=ax1wm_cup_fq1s0_seed9 replay=/workspace/dreamerv3_runs/axis1_cup/q1/side0 gpu=0
