[Sun Jul 12 03:31:45 UTC 2026] measure PRE_RUN=pretrain_random_reacher_seed3 TASK=dmc_reacher_hard milestones=100000 200000 300000 400000 500000
SKIP milestone 100000: no snapshot within 5000 steps (excluded per PREREG Sec.1)
[Sun Jul 12 03:31:45 UTC 2026] milestone 200000  snapshot=/workspace/dreamerv3_runs/pretrain_random_reacher_seed3/ckpt_snapshots/step000000201424
Task: dmc_reacher_hard  |  checkpoint: /workspace/dreamerv3_runs/pretrain_random_reacher_seed3/ckpt_snapshots/step000000201424  |  mode: eval
Observations
  reward           Space(float32, shape=(), low=-inf, high=inf)
  is_first         Space(bool, shape=(), low=False, high=True)
  is_last          Space(bool, shape=(), low=False, high=True)
  is_terminal      Space(bool, shape=(), low=False, high=True)
  position         Space(float32, shape=(2,), low=-inf, high=inf)
  to_target        Space(float32, shape=(2,), low=-inf, high=inf)
  velocity         Space(float32, shape=(2,), low=-inf, high=inf)
Actions
  action           Space(float32, shape=(2,), low=-1.0, high=1.0)
Extras
  consec           Space(int32, shape=(), low=-2147483648, high=2147483647)
  stepid           Space(uint8, shape=(20,), low=0, high=255)
  dyn/deter        Space(float32, shape=(512,), low=-inf, high=inf)
  dyn/stoch        Space(float32, shape=(32, 4), low=-inf, high=inf)
JAX devices (1): [cuda:0]
Policy devices: cuda:0
Train devices:  cuda:0
Initializing parameters...
/workspace/dreamerv3/embodied/jax/agent.py:112: DeprecationWarning: `with mesh:` context manager has been deprecated. Please use `with jax.set_mesh(mesh):` instead.
  with self.train_mesh:
Optimizer opt has 423,046 params:
       364,160 dyn
        49,926 dec
         8,960 enc
/workspace/conda_envs/dreamerv3/lib/python3.11/site-packages/optax/_src/linear_algebra.py:44: DeprecationWarning: optax.global_norm is deprecated in favor of optax.tree.norm
  warnings.warn(
Done initializing!
Compiling 1 checkpoint groups...
Largest checkpoint group: 0 GB
Compiling train and report...
/workspace/dreamerv3/embodied/jax/agent.py:187: DeprecationWarning: `with mesh:` context manager has been deprecated. Please use `with jax.set_mesh(mesh):` instead.
  with self.train_mesh:
/workspace/conda_envs/dreamerv3/lib/python3.11/site-packages/optax/_src/linear_algebra.py:44: DeprecationWarning: optax.global_norm is deprecated in favor of optax.tree.norm
  warnings.warn(
Train cost analysis:
No available
Report cost analysis:
No available
Done compiling!
Loading checkpoint: /workspace/dreamerv3_runs/pretrain_random_reacher_seed3/ckpt_snapshots/step000000201424
Loaded checkpoint.
Loaded frozen DreamerV3 checkpoint.
Observation keys: ['position', 'to_target', 'velocity']  |  action keys: ['action']
  episode   0: len=1000  return=    0.0
  episode   1: len=1000  return=    0.0
  episode   2: len=1000  return=    0.0
  episode   3: len=1000  return=    0.0
  episode   4: len=1000  return=    0.0
  episode   5: len=1000  return=   98.0
  episode   6: len=1000  return=    0.0
  episode   7: len=1000  return=    0.0
  episode   8: len=1000  return=   34.0
  episode   9: len=1000  return=    0.0
  episode  10: len=1000  return=    0.0
  episode  11: len=1000  return=    0.0
  episode  12: len=1000  return=    0.0
  episode  13: len=1000  return=   27.0
  episode  14: len=1000  return=    0.0
  episode  15: len=1000  return=   21.0
  episode  16: len=1000  return=    0.0
  episode  17: len=1000  return=    0.0
  episode  18: len=1000  return=    0.0
  episode  19: len=1000  return=    0.0
  episode  20: len=1000  return=   15.0
  episode  21: len=1000  return=    0.0
  episode  22: len=1000  return=    0.0
  episode  23: len=1000  return=    0.0
  episode  24: len=1000  return=    0.0
  episode  25: len=1000  return=    1.0
  episode  26: len=1000  return=    0.0
  episode  27: len=1000  return=    5.0
  episode  28: len=1000  return=    0.0
  episode  29: len=1000  return=    0.0
  episode  30: len=1000  return=    0.0
  episode  31: len=1000  return=  111.0
  episode  32: len=1000  return=    0.0
  episode  33: len=1000  return=   48.0
  episode  34: len=1000  return=    0.0
  episode  35: len=1000  return=    0.0
  episode  36: len=1000  return=    0.0
  episode  37: len=1000  return=    0.0
  episode  38: len=1000  return=  161.0
  episode  39: len=1000  return=    0.0
Saved 40 x 1000 steps -> /workspace/dreamerv3_runs/pretrain_random_reacher_seed3/measure/ms200000/traj.npz
Return over episodes: 13.0 +/- 33.9
Probe trajectories: 40 episodes x 1000 steps
Observations
  reward           Space(float32, shape=(), low=-inf, high=inf)
  is_first         Space(bool, shape=(), low=False, high=True)
  is_last          Space(bool, shape=(), low=False, high=True)
  is_terminal      Space(bool, shape=(), low=False, high=True)
  position         Space(float32, shape=(2,), low=-inf, high=inf)
  to_target        Space(float32, shape=(2,), low=-inf, high=inf)
  velocity         Space(float32, shape=(2,), low=-inf, high=inf)
Actions
  action           Space(float32, shape=(2,), low=-1.0, high=1.0)
Extras
  consec           Space(int32, shape=(), low=-2147483648, high=2147483647)
  stepid           Space(uint8, shape=(20,), low=0, high=255)
  dyn/deter        Space(float32, shape=(512,), low=-inf, high=inf)
  dyn/stoch        Space(float32, shape=(32, 4), low=-inf, high=inf)
JAX devices (1): [cuda:0]
Policy devices: cuda:0
Train devices:  cuda:0
Initializing parameters...
/workspace/dreamerv3/embodied/jax/agent.py:112: DeprecationWarning: `with mesh:` context manager has been deprecated. Please use `with jax.set_mesh(mesh):` instead.
  with self.train_mesh:
Optimizer opt has 423,046 params:
       364,160 dyn
        49,926 dec
         8,960 enc
/workspace/conda_envs/dreamerv3/lib/python3.11/site-packages/optax/_src/linear_algebra.py:44: DeprecationWarning: optax.global_norm is deprecated in favor of optax.tree.norm
  warnings.warn(
Done initializing!
Compiling 1 checkpoint groups...
Largest checkpoint group: 0 GB
Compiling train and report...
/workspace/dreamerv3/embodied/jax/agent.py:187: DeprecationWarning: `with mesh:` context manager has been deprecated. Please use `with jax.set_mesh(mesh):` instead.
  with self.train_mesh:
/workspace/conda_envs/dreamerv3/lib/python3.11/site-packages/optax/_src/linear_algebra.py:44: DeprecationWarning: optax.global_norm is deprecated in favor of optax.tree.norm
  warnings.warn(
Train cost analysis:
No available
Report cost analysis:
No available
Done compiling!
Loading checkpoint: /workspace/dreamerv3_runs/pretrain_random_reacher_seed3/ckpt_snapshots/step000000201424
Loaded checkpoint.
World model: obs=['position', 'to_target', 'velocity']  act=['action']  horizons=[1, 5, 20]
  world-model features: episodes 0-7
  world-model features: episodes 8-15
  world-model features: episodes 16-23
  world-model features: episodes 24-31
  world-model features: episodes 32-39
No --vae_ckpt given; extracting world-model features only.
Feature arrays:
  wm_enc                 (40, 1000, 64)
  wm_imag1_deter         (40, 1000, 512)
  wm_imag1_stoch         (40, 1000, 128)
  wm_imag20_deter        (40, 1000, 512)
  wm_imag20_stoch        (40, 1000, 128)
  wm_imag5_deter         (40, 1000, 512)
  wm_imag5_stoch         (40, 1000, 128)
  wm_post_deter          (40, 1000, 512)
  wm_post_nll            (40, 1000)
  wm_post_stoch          (40, 1000, 128)
  wm_prior_deter         (40, 1000, 512)
  wm_prior_nll           (40, 1000)
  wm_prior_stoch         (40, 1000, 128)
Saved -> /workspace/dreamerv3_runs/pretrain_random_reacher_seed3/measure/ms200000/feats.npz
Episodes: 40 (test 12)  |  sites: ['enc', 'imag1', 'imag20', 'imag5', 'post_deter', 'post_stoch', 'posterior', 'prior']
Targets: ['in_regime', 'qpos', 'qvel', 'regime', 'return_to_go', 'state']
  [  1/38] rssm/enc        state         h=0  K=1  R2_ridge=0.9571  R2_mlp=0.99037
  [  2/38] rssm/posterior  state         h=0  K=1  R2_ridge=0.99705  R2_mlp=0.99528
  [  3/38] rssm/post_deter state         h=0  K=1  R2_ridge=0.99581  R2_mlp=0.99421
  [  4/38] rssm/post_stoch state         h=0  K=1  R2_ridge=0.81719  R2_mlp=0.96596
  [  5/38] rssm/prior      state         h=0  K=1  R2_ridge=0.99606  R2_mlp=0.994
  [  6/38] rssm/enc        state         h=1  K=1  R2_ridge=0.57813  R2_mlp=0.5863
  [  7/38] rssm/posterior  state         h=1  K=1  R2_ridge=0.60902  R2_mlp=0.43763
  [  8/38] rssm/post_deter state         h=1  K=1  R2_ridge=0.60879  R2_mlp=0.45834
  [  9/38] rssm/post_stoch state         h=1  K=1  R2_ridge=0.46574  R2_mlp=0.52914
  [ 10/38] rssm/prior      state         h=1  K=1  R2_ridge=0.60869  R2_mlp=0.44649
  [ 11/38] rssm/imag1      state         h=1  K=1  R2_ridge=0.99648  R2_mlp=0.9944
  [ 12/38] rssm/enc        state         h=5  K=1  R2_ridge=0.49843  R2_mlp=0.49351
  [ 13/38] rssm/posterior  state         h=5  K=1  R2_ridge=0.51677  R2_mlp=0.298
  [ 14/38] rssm/post_deter state         h=5  K=1  R2_ridge=0.51817  R2_mlp=0.28713
  [ 15/38] rssm/post_stoch state         h=5  K=1  R2_ridge=0.40239  R2_mlp=0.43348
  [ 16/38] rssm/prior      state         h=5  K=1  R2_ridge=0.51717  R2_mlp=0.28101
  [ 17/38] rssm/imag5      state         h=5  K=1  R2_ridge=0.9965  R2_mlp=0.99436
  [ 18/38] rssm/enc        state         h=20 K=1  R2_ridge=0.48062  R2_mlp=0.45725
  [ 19/38] rssm/posterior  state         h=20 K=1  R2_ridge=0.49659  R2_mlp=0.26132
  [ 20/38] rssm/post_deter state         h=20 K=1  R2_ridge=0.49705  R2_mlp=0.2817
  [ 21/38] rssm/post_stoch state         h=20 K=1  R2_ridge=0.3858  R2_mlp=0.41208
  [ 22/38] rssm/prior      state         h=20 K=1  R2_ridge=0.49688  R2_mlp=0.28178
  [ 23/38] rssm/imag20     state         h=20 K=1  R2_ridge=0.99634  R2_mlp=0.99421
  [ 24/38] rssm/enc        return_to_go  h=0  K=1  R2_ridge=0.01248  R2_mlp=0.13978
  [ 25/38] rssm/posterior  return_to_go  h=0  K=1  R2_ridge=-0.01641  R2_mlp=0.05326
  [ 26/38] rssm/post_deter return_to_go  h=0  K=1  R2_ridge=-0.01972  R2_mlp=0.06177
  [ 27/38] rssm/post_stoch return_to_go  h=0  K=1  R2_ridge=0.02831  R2_mlp=0.03985
  [ 28/38] rssm/prior      return_to_go  h=0  K=1  R2_ridge=-0.01942  R2_mlp=0.04437
  [ 29/38] rssm/enc        regime        h=0  K=1  R2_ridge=0.60223  R2_mlp=0.97405
  [ 30/38] rssm/posterior  regime        h=0  K=1  R2_ridge=0.83574  R2_mlp=0.94429
  [ 31/38] rssm/post_deter regime        h=0  K=1  R2_ridge=0.81917  R2_mlp=0.93847
  [ 32/38] rssm/post_stoch regime        h=0  K=1  R2_ridge=0.46219  R2_mlp=0.7782
  [ 33/38] rssm/prior      regime        h=0  K=1  R2_ridge=0.82416  R2_mlp=0.93777
  [ 34/38] rssm/enc        in_regime     h=0  K=1  R2_ridge=-0.00063  R2_mlp=0.12735
  [ 35/38] rssm/posterior  in_regime     h=0  K=1  R2_ridge=-0.0272  R2_mlp=-0.0251
  [ 36/38] rssm/post_deter in_regime     h=0  K=1  R2_ridge=-0.0268  R2_mlp=-0.03603
  [ 37/38] rssm/post_stoch in_regime     h=0  K=1  R2_ridge=-0.00019  R2_mlp=-0.02722
  [ 38/38] rssm/prior      in_regime     h=0  K=1  R2_ridge=-0.02769  R2_mlp=-0.04897

Probing summary (held-out ridge R^2)
======================================

Per-frame content (target: state, horizon 0):
  RSSM posterior          R^2 = 0.99705
  static VAE latent (K=1) R^2 = None

Predictive content (RSSM posterior, target: state):
  horizon  0: R^2 = 0.99705
  horizon  1: R^2 = 0.60902
  horizon  5: R^2 = 0.51677
  horizon 20: R^2 = 0.49659

VAE receptive field (target: state, horizon 0):
  K=  1: R^2 = None
  K=  4: R^2 = None
  K= 16: R^2 = None
  K=all: R^2 = None

Reward probe (RSSM posterior, target: task reward, h=0):
  reward_stand  R^2 = None
  reward_walk   R^2 = None
  reward_run    R^2 = None

Held-out likelihood (mean NLL, lower is better):
  rssm_posterior_recon       0.0035
  rssm_prior_predictive      0.0057

Wrote results -> /workspace/dreamerv3_runs/pretrain_random_reacher_seed3/measure/ms200000/probe
{"vsa_5": -0.00399, "fwd_mse_5": -0.002163, "vsa_1": -0.003819, "fwd_mse_1": -0.002164, "vsa_20": -0.003991, "fwd_mse_20": -0.002225}
-> /workspace/dreamerv3_runs/pretrain_random_reacher_seed3/measure/ms200000/vsa.json
SKIP milestone 300000: no snapshot within 5000 steps (excluded per PREREG Sec.1)
[Sun Jul 12 03:41:08 UTC 2026] milestone 400000  snapshot=/workspace/dreamerv3_runs/pretrain_random_reacher_seed3/ckpt_snapshots/step000000400800
Task: dmc_reacher_hard  |  checkpoint: /workspace/dreamerv3_runs/pretrain_random_reacher_seed3/ckpt_snapshots/step000000400800  |  mode: eval
Observations
  reward           Space(float32, shape=(), low=-inf, high=inf)
  is_first         Space(bool, shape=(), low=False, high=True)
  is_last          Space(bool, shape=(), low=False, high=True)
  is_terminal      Space(bool, shape=(), low=False, high=True)
  position         Space(float32, shape=(2,), low=-inf, high=inf)
  to_target        Space(float32, shape=(2,), low=-inf, high=inf)
  velocity         Space(float32, shape=(2,), low=-inf, high=inf)
Actions
  action           Space(float32, shape=(2,), low=-1.0, high=1.0)
Extras
  consec           Space(int32, shape=(), low=-2147483648, high=2147483647)
  stepid           Space(uint8, shape=(20,), low=0, high=255)
  dyn/deter        Space(float32, shape=(512,), low=-inf, high=inf)
  dyn/stoch        Space(float32, shape=(32, 4), low=-inf, high=inf)
JAX devices (1): [cuda:0]
Policy devices: cuda:0
Train devices:  cuda:0
Initializing parameters...
/workspace/dreamerv3/embodied/jax/agent.py:112: DeprecationWarning: `with mesh:` context manager has been deprecated. Please use `with jax.set_mesh(mesh):` instead.
  with self.train_mesh:
Optimizer opt has 423,046 params:
       364,160 dyn
        49,926 dec
         8,960 enc
/workspace/conda_envs/dreamerv3/lib/python3.11/site-packages/optax/_src/linear_algebra.py:44: DeprecationWarning: optax.global_norm is deprecated in favor of optax.tree.norm
  warnings.warn(
Done initializing!
Compiling 1 checkpoint groups...
Largest checkpoint group: 0 GB
Compiling train and report...
/workspace/dreamerv3/embodied/jax/agent.py:187: DeprecationWarning: `with mesh:` context manager has been deprecated. Please use `with jax.set_mesh(mesh):` instead.
  with self.train_mesh:
/workspace/conda_envs/dreamerv3/lib/python3.11/site-packages/optax/_src/linear_algebra.py:44: DeprecationWarning: optax.global_norm is deprecated in favor of optax.tree.norm
  warnings.warn(
Train cost analysis:
No available
Report cost analysis:
No available
Done compiling!
Loading checkpoint: /workspace/dreamerv3_runs/pretrain_random_reacher_seed3/ckpt_snapshots/step000000400800
Loaded checkpoint.
Loaded frozen DreamerV3 checkpoint.
Observation keys: ['position', 'to_target', 'velocity']  |  action keys: ['action']
  episode   0: len=1000  return=    0.0
  episode   1: len=1000  return=   61.0
  episode   2: len=1000  return=    0.0
  episode   3: len=1000  return=    0.0
  episode   4: len=1000  return=    0.0
  episode   5: len=1000  return=    0.0
  episode   6: len=1000  return=   17.0
  episode   7: len=1000  return=   10.0
  episode   8: len=1000  return=    0.0
  episode   9: len=1000  return=    0.0
  episode  10: len=1000  return=    0.0
  episode  11: len=1000  return=    0.0
  episode  12: len=1000  return=    0.0
  episode  13: len=1000  return=    0.0
  episode  14: len=1000  return=   47.0
  episode  15: len=1000  return=    0.0
  episode  16: len=1000  return=    0.0
  episode  17: len=1000  return=    0.0
  episode  18: len=1000  return=    0.0
  episode  19: len=1000  return=    0.0
  episode  20: len=1000  return=    0.0
  episode  21: len=1000  return=    0.0
  episode  22: len=1000  return=    0.0
  episode  23: len=1000  return=    0.0
  episode  24: len=1000  return=    0.0
  episode  25: len=1000  return=    0.0
  episode  26: len=1000  return=   20.0
  episode  27: len=1000  return=    0.0
  episode  28: len=1000  return=    0.0
  episode  29: len=1000  return=    0.0
  episode  30: len=1000  return=   10.0
  episode  31: len=1000  return=    0.0
  episode  32: len=1000  return=    0.0
  episode  33: len=1000  return=    0.0
  episode  34: len=1000  return=   42.0
  episode  35: len=1000  return=    0.0
  episode  36: len=1000  return=   30.0
  episode  37: len=1000  return=   17.0
  episode  38: len=1000  return=    0.0
  episode  39: len=1000  return=   10.0
Saved 40 x 1000 steps -> /workspace/dreamerv3_runs/pretrain_random_reacher_seed3/measure/ms400000/traj.npz
Return over episodes: 6.6 +/- 14.3
Probe trajectories: 40 episodes x 1000 steps
Observations
  reward           Space(float32, shape=(), low=-inf, high=inf)
  is_first         Space(bool, shape=(), low=False, high=True)
  is_last          Space(bool, shape=(), low=False, high=True)
  is_terminal      Space(bool, shape=(), low=False, high=True)
  position         Space(float32, shape=(2,), low=-inf, high=inf)
  to_target        Space(float32, shape=(2,), low=-inf, high=inf)
  velocity         Space(float32, shape=(2,), low=-inf, high=inf)
Actions
  action           Space(float32, shape=(2,), low=-1.0, high=1.0)
Extras
  consec           Space(int32, shape=(), low=-2147483648, high=2147483647)
  stepid           Space(uint8, shape=(20,), low=0, high=255)
  dyn/deter        Space(float32, shape=(512,), low=-inf, high=inf)
  dyn/stoch        Space(float32, shape=(32, 4), low=-inf, high=inf)
JAX devices (1): [cuda:0]
Policy devices: cuda:0
Train devices:  cuda:0
Initializing parameters...
/workspace/dreamerv3/embodied/jax/agent.py:112: DeprecationWarning: `with mesh:` context manager has been deprecated. Please use `with jax.set_mesh(mesh):` instead.
  with self.train_mesh:
Optimizer opt has 423,046 params:
       364,160 dyn
        49,926 dec
         8,960 enc
/workspace/conda_envs/dreamerv3/lib/python3.11/site-packages/optax/_src/linear_algebra.py:44: DeprecationWarning: optax.global_norm is deprecated in favor of optax.tree.norm
  warnings.warn(
Done initializing!
Compiling 1 checkpoint groups...
Largest checkpoint group: 0 GB
Compiling train and report...
/workspace/dreamerv3/embodied/jax/agent.py:187: DeprecationWarning: `with mesh:` context manager has been deprecated. Please use `with jax.set_mesh(mesh):` instead.
  with self.train_mesh:
/workspace/conda_envs/dreamerv3/lib/python3.11/site-packages/optax/_src/linear_algebra.py:44: DeprecationWarning: optax.global_norm is deprecated in favor of optax.tree.norm
  warnings.warn(
Train cost analysis:
No available
Report cost analysis:
No available
Done compiling!
Loading checkpoint: /workspace/dreamerv3_runs/pretrain_random_reacher_seed3/ckpt_snapshots/step000000400800
Loaded checkpoint.
World model: obs=['position', 'to_target', 'velocity']  act=['action']  horizons=[1, 5, 20]
  world-model features: episodes 0-7
  world-model features: episodes 8-15
  world-model features: episodes 16-23
  world-model features: episodes 24-31
  world-model features: episodes 32-39
No --vae_ckpt given; extracting world-model features only.
Feature arrays:
  wm_enc                 (40, 1000, 64)
  wm_imag1_deter         (40, 1000, 512)
  wm_imag1_stoch         (40, 1000, 128)
  wm_imag20_deter        (40, 1000, 512)
  wm_imag20_stoch        (40, 1000, 128)
  wm_imag5_deter         (40, 1000, 512)
  wm_imag5_stoch         (40, 1000, 128)
  wm_post_deter          (40, 1000, 512)
  wm_post_nll            (40, 1000)
  wm_post_stoch          (40, 1000, 128)
  wm_prior_deter         (40, 1000, 512)
  wm_prior_nll           (40, 1000)
  wm_prior_stoch         (40, 1000, 128)
Saved -> /workspace/dreamerv3_runs/pretrain_random_reacher_seed3/measure/ms400000/feats.npz
Episodes: 40 (test 12)  |  sites: ['enc', 'imag1', 'imag20', 'imag5', 'post_deter', 'post_stoch', 'posterior', 'prior']
Targets: ['in_regime', 'qpos', 'qvel', 'regime', 'return_to_go', 'state']
  [  1/38] rssm/enc        state         h=0  K=1  R2_ridge=0.97268  R2_mlp=0.99456
  [  2/38] rssm/posterior  state         h=0  K=1  R2_ridge=0.99696  R2_mlp=0.9944
  [  3/38] rssm/post_deter state         h=0  K=1  R2_ridge=0.99591  R2_mlp=0.994
  [  4/38] rssm/post_stoch state         h=0  K=1  R2_ridge=0.8475  R2_mlp=0.95877
  [  5/38] rssm/prior      state         h=0  K=1  R2_ridge=0.99602  R2_mlp=0.99363
  [  6/38] rssm/enc        state         h=1  K=1  R2_ridge=0.65981  R2_mlp=0.65945
  [  7/38] rssm/posterior  state         h=1  K=1  R2_ridge=0.67412  R2_mlp=0.50615
  [  8/38] rssm/post_deter state         h=1  K=1  R2_ridge=0.67468  R2_mlp=0.53419
  [  9/38] rssm/post_stoch state         h=1  K=1  R2_ridge=0.56496  R2_mlp=0.60528
  [ 10/38] rssm/prior      state         h=1  K=1  R2_ridge=0.67443  R2_mlp=0.53853
  [ 11/38] rssm/imag1      state         h=1  K=1  R2_ridge=0.99644  R2_mlp=0.99383
  [ 12/38] rssm/enc        state         h=5  K=1  R2_ridge=0.58121  R2_mlp=0.56321
  [ 13/38] rssm/posterior  state         h=5  K=1  R2_ridge=0.58773  R2_mlp=0.3909
  [ 14/38] rssm/post_deter state         h=5  K=1  R2_ridge=0.58803  R2_mlp=0.38446
  [ 15/38] rssm/post_stoch state         h=5  K=1  R2_ridge=0.50336  R2_mlp=0.51237
  [ 16/38] rssm/prior      state         h=5  K=1  R2_ridge=0.58778  R2_mlp=0.38888
  [ 17/38] rssm/imag5      state         h=5  K=1  R2_ridge=0.99667  R2_mlp=0.99417
  [ 18/38] rssm/enc        state         h=20 K=1  R2_ridge=0.56398  R2_mlp=0.52682
  [ 19/38] rssm/posterior  state         h=20 K=1  R2_ridge=0.56681  R2_mlp=0.36159
  [ 20/38] rssm/post_deter state         h=20 K=1  R2_ridge=0.5668  R2_mlp=0.33482
  [ 21/38] rssm/post_stoch state         h=20 K=1  R2_ridge=0.47423  R2_mlp=0.48434
  [ 22/38] rssm/prior      state         h=20 K=1  R2_ridge=0.56612  R2_mlp=0.37981
  [ 23/38] rssm/imag20     state         h=20 K=1  R2_ridge=0.9973  R2_mlp=0.99461
  [ 24/38] rssm/enc        return_to_go  h=0  K=1  R2_ridge=-0.25736  R2_mlp=-0.47763
  [ 25/38] rssm/posterior  return_to_go  h=0  K=1  R2_ridge=-0.48403  R2_mlp=-0.16249
  [ 26/38] rssm/post_deter return_to_go  h=0  K=1  R2_ridge=-0.44534  R2_mlp=-0.18691
  [ 27/38] rssm/post_stoch return_to_go  h=0  K=1  R2_ridge=-0.16307  R2_mlp=-0.3897
  [ 28/38] rssm/prior      return_to_go  h=0  K=1  R2_ridge=-0.45951  R2_mlp=-0.1736
  [ 29/38] rssm/enc        regime        h=0  K=1  R2_ridge=0.49114  R2_mlp=0.96768
  [ 30/38] rssm/posterior  regime        h=0  K=1  R2_ridge=0.64357  R2_mlp=0.88221
  [ 31/38] rssm/post_deter regime        h=0  K=1  R2_ridge=0.60203  R2_mlp=0.8667
  [ 32/38] rssm/post_stoch regime        h=0  K=1  R2_ridge=0.48538  R2_mlp=0.68214
  [ 33/38] rssm/prior      regime        h=0  K=1  R2_ridge=0.6227  R2_mlp=0.86595
  [ 34/38] rssm/enc        in_regime     h=0  K=1  R2_ridge=-0.03197  R2_mlp=-0.37393
  [ 35/38] rssm/posterior  in_regime     h=0  K=1  R2_ridge=-0.07676  R2_mlp=-0.08113
  [ 36/38] rssm/post_deter in_regime     h=0  K=1  R2_ridge=-0.07002  R2_mlp=-0.04209
  [ 37/38] rssm/post_stoch in_regime     h=0  K=1  R2_ridge=-0.02619  R2_mlp=-0.46733
  [ 38/38] rssm/prior      in_regime     h=0  K=1  R2_ridge=-0.06903  R2_mlp=-0.07071

Probing summary (held-out ridge R^2)
======================================

Per-frame content (target: state, horizon 0):
  RSSM posterior          R^2 = 0.99696
  static VAE latent (K=1) R^2 = None

Predictive content (RSSM posterior, target: state):
  horizon  0: R^2 = 0.99696
  horizon  1: R^2 = 0.67412
  horizon  5: R^2 = 0.58773
  horizon 20: R^2 = 0.56681

VAE receptive field (target: state, horizon 0):
  K=  1: R^2 = None
  K=  4: R^2 = None
  K= 16: R^2 = None
  K=all: R^2 = None

Reward probe (RSSM posterior, target: task reward, h=0):
  reward_stand  R^2 = None
  reward_walk   R^2 = None
  reward_run    R^2 = None

Held-out likelihood (mean NLL, lower is better):
  rssm_posterior_recon       0.0019
  rssm_prior_predictive      0.0037

Wrote results -> /workspace/dreamerv3_runs/pretrain_random_reacher_seed3/measure/ms400000/probe
{"vsa_5": -0.002472, "fwd_mse_5": -0.00216, "vsa_1": -0.002768, "fwd_mse_1": -0.002425, "vsa_20": -0.002345, "fwd_mse_20": -0.001902}
-> /workspace/dreamerv3_runs/pretrain_random_reacher_seed3/measure/ms400000/vsa.json
SKIP milestone 500000: no snapshot within 5000 steps (excluded per PREREG Sec.1)
  K=100000: cov=0.3692 occ_phys=0.008940000087022781 occ_rew=0.0089
  K=200000: cov=0.3684 occ_phys=0.008940000087022781 occ_rew=0.0089
  K=300000: cov=0.3716 occ_phys=0.00863666646182537 occ_rew=0.0086
  K=400000: cov=0.3731 occ_phys=0.008597499690949917 occ_rew=0.0086
  K=500000: cov=0.3742 occ_phys=0.008426966145634651 occ_rew=0.0084
-> /workspace/dreamerv3_runs/pretrain_random_reacher_seed3/measure/drivers_buffer.json
[Sun Jul 12 03:50:33 UTC 2026] measure pretrain_random_reacher_seed3 DONE
