[32mActivated conda/uv virtual environment at [36m/venv/main[0m
[Thu Jul 23 19:39:36 UTC 2026] D1 shift queued root=/workspace/dreamerv3_runs/d1shift_local gpu=0
[Thu Jul 23 19:39:36 UTC 2026] D1 shift pilots START
[Fri Jul 24 01:38:56 UTC 2026] D1 shift pilots DONE
[Fri Jul 24 01:38:56 UTC 2026] D1 shift smoke START
[32mActivated conda/uv virtual environment at [36m/venv/main[0m
[Fri Jul 24 02:54:24 UTC 2026] D1 Shift smoke START
[Fri Jul 24 02:54:26 UTC 2026] D1 Shift smoke FAIL rc=1 detail=/workspace/dreamerv3_runs/_cloud_logs/d1shift_smoke.out
[32mActivated conda/uv virtual environment at [36m/venv/main[0m
[Fri Jul 24 02:56:30 UTC 2026] D1 Shift smoke START
[Fri Jul 24 03:02:39 UTC 2026] D1 Shift smoke FAIL rc=1 detail=/workspace/dreamerv3_runs/_cloud_logs/d1shift_smoke.out
[32mActivated conda/uv virtual environment at [36m/venv/main[0m
[Fri Jul 24 03:41:11 UTC 2026] D1 Shift smoke START
[Fri Jul 24 03:47:24 UTC 2026] D1 Shift smoke FAIL rc=1 detail=/workspace/dreamerv3_runs/_cloud_logs/d1shift_smoke.out
[32mActivated conda/uv virtual environment at [36m/venv/main[0m
[Fri Jul 24 03:49:55 UTC 2026] D1 Shift smoke START
[Fri Jul 24 03:56:05 UTC 2026] D1 Shift smoke FAIL rc=1 detail=/workspace/dreamerv3_runs/_cloud_logs/d1shift_smoke.out
[Fri Jul 24 04:23:05 UTC 2026] D1 Shift smoke START
[Fri Jul 24 04:32:44 UTC 2026] D1 Shift smoke DONE
[Fri Jul 24 04:32:44 UTC 2026] D1 Shift labels START
[Fri Jul 24 07:17:45 UTC 2026] D1 Shift labels DONE
