
===== [Sat Jul 25 01:48:52 UTC 2026] START d1pilot_relabel_smoke_retry gpu=0 =====
Traceback (most recent call last):
  File "/venv/main/lib/python3.11/site-packages/elements/config.py", line 64, in __getattr__
    return self[name]
           ~~~~^^^^^^
  File "/venv/main/lib/python3.11/site-packages/elements/config.py", line 72, in __getitem__
    result = result[part]
             ~~~~~~^^^^^^
KeyError: 'model_obs'

During handling of the above exception, another exception occurred:

Traceback (most recent call last):
  File "<frozen runpy>", line 198, in _run_module_as_main
  File "<frozen runpy>", line 88, in _run_code
  File "/workspace/dreamerv3/d0/oracle_labels.py", line 885, in <module>
    main()
  File "/workspace/dreamerv3/d0/oracle_labels.py", line 881, in main
    main_real(args)
  File "/workspace/dreamerv3/d0/oracle_labels.py", line 456, in main_real
    agent = make_agent(config)
            ^^^^^^^^^^^^^^^^^^
  File "/workspace/dreamerv3/dreamerv3/main.py", line 138, in make_agent
    return Agent(obs_space, act_space, elements.Config(
           ^^^^^^^^^^^^^^^^^^^^^^^^^^^^^^^^^^^^^^^^^^^^
  File "/workspace/dreamerv3/embodied/jax/agent.py", line 45, in __new__
    model.__init__(obs_space, act_space, config)
  File "/workspace/dreamerv3/dreamerv3/agent.py", line 42, in __init__
    include = re.compile(config.model_obs)
                         ^^^^^^^^^^^^^^^^
  File "/venv/main/lib/python3.11/site-packages/elements/config.py", line 66, in __getattr__
    raise AttributeError(name)
AttributeError: model_obs

===== [Sat Jul 25 01:56:54 UTC 2026] START d1pilot_relabel_smoke_retry gpu=0 =====
[load_config] saved config predates current schema; backfilled from defaults: ['agent.model_obs', 'env.synth.coupling', 'env.synth.distractor_scale', 'env.synth.distractors', 'env.synth.length', 'env.synth.radius', 'env.synth.use_seed']
Observations
  reward           Space(float32, shape=(), low=-inf, high=inf)
  is_first         Space(bool, shape=(), low=False, high=True)
  is_last          Space(bool, shape=(), low=False, high=True)
  is_terminal      Space(bool, shape=(), low=False, high=True)
  position         Space(float32, shape=(4,), low=-inf, high=inf)
  velocity         Space(float32, shape=(4,), low=-inf, high=inf)
Actions
  action           Space(float32, shape=(2,), low=-1.0, high=1.0)
Extras
  consec           Space(int32, shape=(), low=-2147483648, high=2147483647)
  stepid           Space(uint8, shape=(20,), low=0, high=255)
  dyn/deter        Space(float32, shape=(512,), low=-inf, high=inf)
  dyn/stoch        Space(float32, shape=(32, 4), low=-inf, high=inf)
JAX devices (1): [cuda:0]
Policy devices: cuda:0
Train devices:  cuda:0
Initializing parameters...
/workspace/dreamerv3/embodied/jax/agent.py:112: DeprecationWarning: `with mesh:` context manager has been deprecated. Please use `with jax.set_mesh(mesh):` instead.
  with self.train_mesh:
Optimizer opt has 4,131,718 params:
     3,163,136 disag
       396,666 val
       364,160 dyn
        66,111 valens1
        66,111 valens4
        66,111 valens0
        66,111 valens3
        66,111 valens2
        57,663 rew
        50,056 dec
        49,796 pol
        41,153 con
         9,088 enc
/venv/main/lib/python3.11/site-packages/optax/_src/linear_algebra.py:44: DeprecationWarning: optax.global_norm is deprecated in favor of optax.tree.norm
  warnings.warn(
Done initializing!
Compiling 1 checkpoint groups...
Largest checkpoint group: 0 GB
Compiling train and report...
/workspace/dreamerv3/embodied/jax/agent.py:187: DeprecationWarning: `with mesh:` context manager has been deprecated. Please use `with jax.set_mesh(mesh):` instead.
  with self.train_mesh:
/venv/main/lib/python3.11/site-packages/optax/_src/linear_algebra.py:44: DeprecationWarning: optax.global_norm is deprecated in favor of optax.tree.norm
  warnings.warn(
Train cost analysis:
No available
Report cost analysis:
No available
Done compiling!
Loading checkpoint: /workspace/dreamerv3_runs/d1shift_local/d1pilot_cup_e1_seed1/ckpt/20260717T103014F828248
Loaded checkpoint.
wrote /workspace/dreamerv3_runs/d1shift_local/d1_labels_fix/d1pilot_cup_e1_seed1_base_smoke.npz: 5 labeled states; mean delta_real +1.200, mean delta_imag +1.400
[load_config] saved config predates current schema; backfilled from defaults: ['agent.model_obs', 'env.synth.coupling', 'env.synth.distractor_scale', 'env.synth.distractors', 'env.synth.length', 'env.synth.radius', 'env.synth.use_seed']
Observations
  reward           Space(float32, shape=(), low=-inf, high=inf)
  is_first         Space(bool, shape=(), low=False, high=True)
  is_last          Space(bool, shape=(), low=False, high=True)
  is_terminal      Space(bool, shape=(), low=False, high=True)
  position         Space(float32, shape=(4,), low=-inf, high=inf)
  velocity         Space(float32, shape=(4,), low=-inf, high=inf)
Actions
  action           Space(float32, shape=(2,), low=-1.0, high=1.0)
Extras
  consec           Space(int32, shape=(), low=-2147483648, high=2147483647)
  stepid           Space(uint8, shape=(20,), low=0, high=255)
  dyn/deter        Space(float32, shape=(512,), low=-inf, high=inf)
  dyn/stoch        Space(float32, shape=(32, 4), low=-inf, high=inf)
JAX devices (1): [cuda:0]
Policy devices: cuda:0
Train devices:  cuda:0
Initializing parameters...
/workspace/dreamerv3/embodied/jax/agent.py:112: DeprecationWarning: `with mesh:` context manager has been deprecated. Please use `with jax.set_mesh(mesh):` instead.
  with self.train_mesh:
Optimizer opt has 4,131,718 params:
     3,163,136 disag
       396,666 val
       364,160 dyn
        66,111 valens1
        66,111 valens0
        66,111 valens2
        66,111 valens4
        66,111 valens3
        57,663 rew
        50,056 dec
        49,796 pol
        41,153 con
         9,088 enc
/venv/main/lib/python3.11/site-packages/optax/_src/linear_algebra.py:44: DeprecationWarning: optax.global_norm is deprecated in favor of optax.tree.norm
  warnings.warn(
Done initializing!
Compiling 1 checkpoint groups...
Largest checkpoint group: 0 GB
Compiling train and report...
/workspace/dreamerv3/embodied/jax/agent.py:187: DeprecationWarning: `with mesh:` context manager has been deprecated. Please use `with jax.set_mesh(mesh):` instead.
  with self.train_mesh:
/venv/main/lib/python3.11/site-packages/optax/_src/linear_algebra.py:44: DeprecationWarning: optax.global_norm is deprecated in favor of optax.tree.norm
  warnings.warn(
Train cost analysis:
No available
Report cost analysis:
No available
Done compiling!
Loading checkpoint: /workspace/dreamerv3_runs/d1shift_local/d1pilot_cup_e1_seed1/ckpt/20260717T103014F828248
Loaded checkpoint.
Observations
  reward           Space(float32, shape=(), low=-inf, high=inf)
  is_first         Space(bool, shape=(), low=False, high=True)
  is_last          Space(bool, shape=(), low=False, high=True)
  is_terminal      Space(bool, shape=(), low=False, high=True)
  position         Space(float32, shape=(4,), low=-inf, high=inf)
  velocity         Space(float32, shape=(4,), low=-inf, high=inf)
Actions
  action           Space(float32, shape=(2,), low=-1.0, high=1.0)
Extras
  consec           Space(int32, shape=(), low=-2147483648, high=2147483647)
  stepid           Space(uint8, shape=(20,), low=0, high=255)
  dyn/deter        Space(float32, shape=(512,), low=-inf, high=inf)
  dyn/stoch        Space(float32, shape=(32, 4), low=-inf, high=inf)
JAX devices (1): [cuda:0]
Policy devices: cuda:0
Train devices:  cuda:0
Initializing parameters...
/workspace/dreamerv3/embodied/jax/agent.py:112: DeprecationWarning: `with mesh:` context manager has been deprecated. Please use `with jax.set_mesh(mesh):` instead.
  with self.train_mesh:
Optimizer opt has 4,131,718 params:
     3,163,136 disag
       396,666 val
       364,160 dyn
        66,111 valens1
        66,111 valens0
        66,111 valens2
        66,111 valens4
        66,111 valens3
        57,663 rew
        50,056 dec
        49,796 pol
        41,153 con
         9,088 enc
/venv/main/lib/python3.11/site-packages/optax/_src/linear_algebra.py:44: DeprecationWarning: optax.global_norm is deprecated in favor of optax.tree.norm
  warnings.warn(
Done initializing!
Compiling 1 checkpoint groups...
Largest checkpoint group: 0 GB
Compiling train and report...
/workspace/dreamerv3/embodied/jax/agent.py:187: DeprecationWarning: `with mesh:` context manager has been deprecated. Please use `with jax.set_mesh(mesh):` instead.
  with self.train_mesh:
/venv/main/lib/python3.11/site-packages/optax/_src/linear_algebra.py:44: DeprecationWarning: optax.global_norm is deprecated in favor of optax.tree.norm
  warnings.warn(
Train cost analysis:
No available
Report cost analysis:
No available
Done compiling!
Loading checkpoint: /workspace/dreamerv3_runs/d1shift_local/d1pilot_cup_e1_seed2/ckpt/20260717T103010F615717
Loaded checkpoint.
wrote /workspace/dreamerv3_runs/d1shift_local/d1_labels_fix/d1pilot_cup_e1_seed1_xpol_smoke.npz: 5 labeled states; mean delta_real +0.000, mean delta_imag +0.000
SMOKE OK: pulled checkpoints load and label through the real
MuJoCo path (own-policy + behavior-driven). Smoke npz excluded
from the read by filename. Any instrument fix now requires a
dated amendment BEFORE 'labels'.
