
===== [Sat Jul 25 01:11:28 UTC 2026] START d1pilot_relabel_smoke gpu=0 =====
Traceback (most recent call last):
  File "/venv/main/lib/python3.11/site-packages/elements/config.py", line 64, in __getattr__
    return self[name]
           ~~~~^^^^^^
  File "/venv/main/lib/python3.11/site-packages/elements/config.py", line 72, in __getitem__
    result = result[part]
             ~~~~~~^^^^^^
KeyError: 'model_obs'

During handling of the above exception, another exception occurred:

Traceback (most recent call last):
  File "<frozen runpy>", line 198, in _run_module_as_main
  File "<frozen runpy>", line 88, in _run_code
  File "/workspace/dreamerv3/d0/oracle_labels.py", line 885, in <module>
    main()
  File "/workspace/dreamerv3/d0/oracle_labels.py", line 881, in main
    main_real(args)
  File "/workspace/dreamerv3/d0/oracle_labels.py", line 456, in main_real
    agent = make_agent(config)
            ^^^^^^^^^^^^^^^^^^
  File "/workspace/dreamerv3/dreamerv3/main.py", line 138, in make_agent
    return Agent(obs_space, act_space, elements.Config(
           ^^^^^^^^^^^^^^^^^^^^^^^^^^^^^^^^^^^^^^^^^^^^
  File "/workspace/dreamerv3/embodied/jax/agent.py", line 45, in __new__
    model.__init__(obs_space, act_space, config)
  File "/workspace/dreamerv3/dreamerv3/agent.py", line 42, in __init__
    include = re.compile(config.model_obs)
                         ^^^^^^^^^^^^^^^^
  File "/venv/main/lib/python3.11/site-packages/elements/config.py", line 66, in __getattr__
    raise AttributeError(name)
AttributeError: model_obs
