JAX devices: [CudaDevice(id=0)]
== latents pretrain_apt_cup_seed1 ==
Traceback (most recent call last):
  File "/scratch/midway3/rickybao/conda_envs/dreamerv3/lib/python3.11/site-packages/elements/config.py", line 64, in __getattr__
    return self[name]
           ~~~~^^^^^^
  File "/scratch/midway3/rickybao/conda_envs/dreamerv3/lib/python3.11/site-packages/elements/config.py", line 72, in __getitem__
    result = result[part]
             ~~~~~~^^^^^^
KeyError: 'distractor'

During handling of the above exception, another exception occurred:

Traceback (most recent call last):
  File "<frozen runpy>", line 198, in _run_module_as_main
  File "<frozen runpy>", line 88, in _run_code
  File "/home/rickybao/projects/dreamerv3/probing/latents.py", line 248, in <module>
    main()
  File "/home/rickybao/projects/dreamerv3/probing/latents.py", line 171, in main
    agent = make_agent(config)
            ^^^^^^^^^^^^^^^^^^
  File "/home/rickybao/projects/dreamerv3/dreamerv3/main.py", line 129, in make_agent
    env = make_env(config, 0)
          ^^^^^^^^^^^^^^^^^^^
  File "/home/rickybao/projects/dreamerv3/dreamerv3/main.py", line 246, in make_env
    if config.distractor.dim:
       ^^^^^^^^^^^^^^^^^
  File "/scratch/midway3/rickybao/conda_envs/dreamerv3/lib/python3.11/site-packages/elements/config.py", line 66, in __getattr__
    raise AttributeError(name)
AttributeError: distractor
Probe set ball_in_cup_v1_9327e960: 2560 windows x 40 steps (32 burn-in + 8 eval)
Checkpoints: ['step000000099600', 'step000000200608', 'step000000299904', 'step000000399200', 'step000000498512']
