[Sat Jul 18 02:38:54 UTC 2026] launcher worker start gpu=1 shard=1/16 arm= transform=srd0 seeds=1 2 3 4 5 6 7 8
[Sat Jul 18 02:38:54 UTC 2026] START shard=1/16 gpu=1 run=adapt_ax1srd0q1s0_finger_seed2_ckpt500000
[Sat Jul 18 02:40:26 UTC 2026] FAILED run=adapt_ax1srd0q1s0_finger_seed2_ckpt500000 rc=1 log=/workspace/dreamerv3_runs/_cloud_logs/adapt_ax1srd0q1s0_finger_seed2_ckpt500000.out
[Sat Jul 18 02:40:26 UTC 2026] launcher worker end gpu=1 shard=1/16 rc=1
[Sat Jul 18 02:40:28 UTC 2026] launcher worker start gpu=1 shard=1/16 arm= transform=srd1 seeds=1 2 3 4 5 6 7 8
[Sat Jul 18 02:40:28 UTC 2026] START shard=1/16 gpu=1 run=adapt_ax1srd1q1s0_finger_seed2_ckpt500000
[Sat Jul 18 02:41:59 UTC 2026] FAILED run=adapt_ax1srd1q1s0_finger_seed2_ckpt500000 rc=1 log=/workspace/dreamerv3_runs/_cloud_logs/adapt_ax1srd1q1s0_finger_seed2_ckpt500000.out
[Sat Jul 18 02:41:59 UTC 2026] launcher worker end gpu=1 shard=1/16 rc=1
[Sat Jul 18 02:42:01 UTC 2026] launcher worker start gpu=1 shard=1/16 arm= transform=sid seeds=1 2 3 4 5 6 7 8
[Sat Jul 18 02:42:01 UTC 2026] START shard=1/16 gpu=1 run=adapt_ax1sidq1s0_finger_seed2_ckpt500000
[Sat Jul 18 02:43:32 UTC 2026] FAILED run=adapt_ax1sidq1s0_finger_seed2_ckpt500000 rc=1 log=/workspace/dreamerv3_runs/_cloud_logs/adapt_ax1sidq1s0_finger_seed2_ckpt500000.out
[Sat Jul 18 02:43:32 UTC 2026] launcher worker end gpu=1 shard=1/16 rc=1
[Sat Jul 18 03:28:08 UTC 2026] launcher worker start gpu=1 shard=1/16 arm= transform=srd0 seeds=1 2 3 4 5 6 7 8
[Sat Jul 18 03:28:08 UTC 2026] START shard=1/16 gpu=1 run=adapt_ax1srd0q1s0_finger_seed2_ckpt500000
[Sat Jul 18 07:27:19 UTC 2026] DONE run=adapt_ax1srd0q1s0_finger_seed2_ckpt500000 log=/workspace/dreamerv3_runs/_cloud_logs/adapt_ax1srd0q1s0_finger_seed2_ckpt500000.out
[Sat Jul 18 07:27:19 UTC 2026] shard=1 finished ran=1
[Sat Jul 18 07:27:19 UTC 2026] launcher worker end gpu=1 shard=1/16 rc=0
[Sat Jul 18 07:28:53 UTC 2026] launcher worker start gpu=1 shard=1/16 arm= transform=srd1 seeds=1 2 3 4 5 6 7 8
[Sat Jul 18 07:28:53 UTC 2026] START shard=1/16 gpu=1 run=adapt_ax1srd1q1s0_finger_seed2_ckpt500000
[Sat Jul 18 11:28:01 UTC 2026] DONE run=adapt_ax1srd1q1s0_finger_seed2_ckpt500000 log=/workspace/dreamerv3_runs/_cloud_logs/adapt_ax1srd1q1s0_finger_seed2_ckpt500000.out
[Sat Jul 18 11:28:01 UTC 2026] shard=1 finished ran=1
[Sat Jul 18 11:28:01 UTC 2026] launcher worker end gpu=1 shard=1/16 rc=0
[Sat Jul 18 11:29:33 UTC 2026] launcher worker start gpu=1 shard=1/16 arm= transform=sid seeds=1 2 3 4 5 6 7 8
[Sat Jul 18 11:29:33 UTC 2026] START shard=1/16 gpu=1 run=adapt_ax1sidq1s0_finger_seed2_ckpt500000
[Sat Jul 18 15:28:44 UTC 2026] DONE run=adapt_ax1sidq1s0_finger_seed2_ckpt500000 log=/workspace/dreamerv3_runs/_cloud_logs/adapt_ax1sidq1s0_finger_seed2_ckpt500000.out
[Sat Jul 18 15:28:44 UTC 2026] shard=1 finished ran=1
[Sat Jul 18 15:28:44 UTC 2026] launcher worker end gpu=1 shard=1/16 rc=0
[Sun Jul 19 11:03:09 CDT 2026] axis1 child starting RUN_ID=adapt_ax1pxpxq1imgs1_finger_seed99_ckpt20000 WM_RUN=ax1wm_finger_pxpxq1imgs1_seed99 job=52386417 host=midway3-0285.rcc.local
[Sun Jul 19 11:03:09 CDT 2026] env prepared: python=/scratch/midway3/rickybao/conda_envs/dreamerv3/bin/python
python_executable=/scratch/midway3/rickybao/conda_envs/dreamerv3/bin/python
ERROR: no manifest.json beside /scratch/midway3/rickybao/dreamerv3_runs/axis1_finger/pxq1_img/side1 (run build_controlled_replay build first)
[Sun Jul 19 11:38:04 CDT 2026] axis1 child starting RUN_ID=adapt_ax1pxpxq1imgs1_finger_seed99_ckpt20000 WM_RUN=ax1wm_finger_pxpxq1imgs1_seed99 job=52386588 host=midway3-0285.rcc.local
[Sun Jul 19 11:38:04 CDT 2026] env prepared: python=/scratch/midway3/rickybao/conda_envs/dreamerv3/bin/python
python_executable=/scratch/midway3/rickybao/conda_envs/dreamerv3/bin/python
[Sun Jul 19 11:38:04 CDT 2026] offline_fit WM_RUN=ax1wm_finger_pxpxq1imgs1_seed99 REPLAY=/scratch/midway3/rickybao/dreamerv3_runs/axis1_finger/pxq1_img/side1 UPDATES=20000 SEED=99
[Sun Jul 19 11:38:04 CDT 2026] fit flags: --agent.expl.mode task  (arm=full size=default base=pixel_wm)
Logdir: /scratch/midway3/rickybao/dreamerv3_runs/ax1wm_finger_pxpxq1imgs1_seed99
Static replay: /scratch/midway3/rickybao/dreamerv3_runs/axis1_finger/pxq1_img/side1
Observations
  reward           Space(float32, shape=(), low=-inf, high=inf)
  is_first         Space(bool, shape=(), low=False, high=True)
  is_last          Space(bool, shape=(), low=False, high=True)
  is_terminal      Space(bool, shape=(), low=False, high=True)
  position         Space(float32, shape=(4,), low=-inf, high=inf)
  velocity         Space(float32, shape=(3,), low=-inf, high=inf)
  touch            Space(float32, shape=(2,), low=-inf, high=inf)
  target_position  Space(float32, shape=(2,), low=-inf, high=inf)
  dist_to_target   Space(float32, shape=(), low=-inf, high=inf)
  image            Space(uint8, shape=(64, 64, 3), low=0, high=255)
Actions
  action           Space(float32, shape=(2,), low=-1.0, high=1.0)
Extras
  consec           Space(int32, shape=(), low=-2147483648, high=2147483647)
  stepid           Space(uint8, shape=(20,), low=0, high=255)
  dyn/deter        Space(float32, shape=(512,), low=-inf, high=inf)
  dyn/stoch        Space(float32, shape=(32, 4), low=-inf, high=inf)
JAX devices (1): [cuda:0]
Policy devices: cuda:0
Train devices:  cuda:0
Initializing parameters...
Optimizer opt has 686,070 params:
       376,448 dyn
        80,595 dec
        66,111 val
        57,663 rew
        49,796 pol
        41,153 con
        14,304 enc
Done initializing!
Compiling 1 checkpoint groups...
Largest checkpoint group: 0 GB
Compiling train and report...
Train cost analysis:
  FLOPS:            9.6e+09
  Memory (temp):    1.7e+09
  Memory (inputs):  2.4e+07
  Memory (outputs): 9.9e+06
  Memory (code):    2.9e+06

Report cost analysis:
  FLOPS:            2.6e+08
  Memory (temp):    9.2e+07
  Memory (inputs):  9.8e+06
  Memory (outputs): 1.0e+07
  Memory (code):    8.0e+06

Done compiling!
Did not find any checkpoint.
Loaded static replay: 9370 sampling items (seq length 65).
  update     1/20000: wm_total=0.000  
  update    25/20000: wm_total=1526.858  con=0.752  dyn=5.549  image=1509.468  rep=5.549  rew=5.541
  update    50/20000: wm_total=1492.281  con=0.729  dyn=5.444  image=1475.125  rep=5.444  rew=5.538
  update    75/20000: wm_total=1411.596  con=0.684  dyn=5.328  image=1394.723  rep=5.328  rew=5.532
Start JAX profiler: /scratch/midway3/rickybao/dreamerv3_runs/ax1wm_finger_pxpxq1imgs1_seed99
2026-07-19 11:39:03.509123: E external/xla/xla/python/profiler/internal/python_hooks.cc:400] Can't import tensorflow.python.profiler.trace
  update   100/20000: wm_total=1306.426  con=0.629  dyn=5.010  image=1290.255  rep=5.010  rew=5.522
Stop JAX profiler
2026-07-19 11:39:06.207543: E external/xla/xla/python/profiler/internal/python_hooks.cc:400] Can't import tensorflow.python.profiler.trace
  update   125/20000: wm_total=1191.538  con=0.550  dyn=5.126  image=1175.228  rep=5.126  rew=5.508
  update   150/20000: wm_total=1061.051  con=0.463  dyn=5.342  image=1044.414  rep=5.342  rew=5.490
  update   175/20000: wm_total=934.941  con=0.356  dyn=5.604  image=917.911  rep=5.604  rew=5.465
  update   200/20000: wm_total=809.797  con=0.258  dyn=6.007  image=792.091  rep=6.007  rew=5.435
  update   225/20000: wm_total=705.213  con=0.188  dyn=6.444  image=686.741  rep=6.444  rew=5.396
  update   250/20000: wm_total=601.163  con=0.139  dyn=6.350  image=582.974  rep=6.350  rew=5.351
  update   275/20000: wm_total=510.852  con=0.109  dyn=5.942  image=493.559  rep=5.942  rew=5.299
  update   300/20000: wm_total=434.194  con=0.087  dyn=5.490  image=417.885  rep=5.490  rew=5.242
  update   325/20000: wm_total=358.930  con=0.073  dyn=5.171  image=343.337  rep=5.171  rew=5.178
  update   350/20000: wm_total=301.022  con=0.063  dyn=4.778  image=286.294  rep=4.778  rew=5.109
  update   375/20000: wm_total=251.814  con=0.055  dyn=4.308  image=238.109  rep=4.308  rew=5.034
  update   400/20000: wm_total=229.351  con=0.047  dyn=3.943  image=216.464  rep=3.943  rew=4.954
  update   425/20000: wm_total=201.985  con=0.043  dyn=3.720  image=189.632  rep=3.720  rew=4.871
  update   450/20000: wm_total=186.556  con=0.040  dyn=3.505  image=174.723  rep=3.505  rew=4.782
  update   475/20000: wm_total=170.750  con=0.039  dyn=3.249  image=159.517  rep=3.249  rew=4.695
  update   500/20000: wm_total=154.301  con=0.036  dyn=2.960  image=143.747  rep=2.960  rew=4.599
  update   525/20000: wm_total=146.851  con=0.033  dyn=2.734  image=136.848  rep=2.734  rew=4.502
  update   550/20000: wm_total=136.836  con=0.030  dyn=2.476  image=127.453  rep=2.476  rew=4.402
  update   575/20000: wm_total=128.264  con=0.028  dyn=2.333  image=119.270  rep=2.333  rew=4.300
  update   600/20000: wm_total=124.984  con=0.027  dyn=2.276  image=116.209  rep=2.276  rew=4.196
  update   625/20000: wm_total=119.648  con=0.026  dyn=2.436  image=110.663  rep=2.436  rew=4.087
  update   650/20000: wm_total=118.316  con=0.027  dyn=2.968  image=108.374  rep=2.968  rew=3.980
  update   675/20000: wm_total=108.713  con=0.026  dyn=3.625  image=97.576  rep=3.625  rew=3.862
  update   700/20000: wm_total=106.439  con=0.026  dyn=3.518  image=95.628  rep=3.518  rew=3.749
  update   725/20000: wm_total=100.595  con=0.025  dyn=3.274  image=90.392  rep=3.274  rew=3.630
  update   750/20000: wm_total=98.165  con=0.025  dyn=3.356  image=87.920  rep=3.356  rew=3.508
  update   775/20000: wm_total=93.182  con=0.026  dyn=3.724  image=82.325  rep=3.724  rew=3.382
  update   800/20000: wm_total=90.594  con=0.025  dyn=3.334  image=80.647  rep=3.334  rew=3.253
  update   825/20000: wm_total=87.981  con=0.025  dyn=3.619  image=77.600  rep=3.619  rew=3.119
  update   850/20000: wm_total=88.292  con=0.026  dyn=3.822  image=77.631  rep=3.822  rew=2.991
  update   875/20000: wm_total=86.429  con=0.024  dyn=3.462  image=76.628  rep=3.462  rew=2.852
  update   900/20000: wm_total=80.910  con=0.025  dyn=3.569  image=71.020  rep=3.569  rew=2.727
  update   925/20000: wm_total=81.084  con=0.026  dyn=4.009  image=70.444  rep=4.009  rew=2.595
  update   950/20000: wm_total=74.990  con=0.028  dyn=3.717  image=65.063  rep=3.717  rew=2.466
  update   975/20000: wm_total=77.291  con=0.025  dyn=3.789  image=67.346  rep=3.789  rew=2.341
  update  1000/20000: wm_total=71.678  con=0.027  dyn=3.660  image=62.118  rep=3.660  rew=2.214
  update  1025/20000: wm_total=69.168  con=0.026  dyn=3.393  image=60.261  rep=3.393  rew=2.095
  update  1050/20000: wm_total=67.116  con=0.028  dyn=3.567  image=57.962  rep=3.567  rew=1.993
  update  1075/20000: wm_total=63.846  con=0.024  dyn=3.155  image=55.623  rep=3.155  rew=1.889
  update  1100/20000: wm_total=60.105  con=0.025  dyn=3.021  image=52.241  rep=3.021  rew=1.799
  update  1125/20000: wm_total=62.414  con=0.024  dyn=3.082  image=54.510  rep=3.082  rew=1.716
  update  1150/20000: wm_total=61.074  con=0.024  dyn=3.164  image=53.080  rep=3.164  rew=1.642
  update  1175/20000: wm_total=62.098  con=0.024  dyn=3.348  image=53.795  rep=3.348  rew=1.583
  update  1200/20000: wm_total=58.090  con=0.024  dyn=2.925  image=50.681  rep=2.925  rew=1.536
  update  1225/20000: wm_total=61.127  con=0.022  dyn=3.152  image=53.315  rep=3.152  rew=1.487
  update  1250/20000: wm_total=59.807  con=0.024  dyn=2.893  image=52.547  rep=2.893  rew=1.450
  update  1275/20000: wm_total=59.553  con=0.023  dyn=2.979  image=52.154  rep=2.979  rew=1.417
  update  1300/20000: wm_total=55.897  con=0.023  dyn=2.923  image=48.638  rep=2.923  rew=1.390
  update  1325/20000: wm_total=54.502  con=0.024  dyn=2.955  image=47.205  rep=2.955  rew=1.363
  update  1350/20000: wm_total=53.976  con=0.023  dyn=2.902  image=46.807  rep=2.902  rew=1.342
  update  1375/20000: wm_total=52.058  con=0.023  dyn=2.648  image=45.409  rep=2.648  rew=1.330
  update  1400/20000: wm_total=53.867  con=0.023  dyn=2.919  image=46.693  rep=2.919  rew=1.313
  update  1425/20000: wm_total=50.508  con=0.022  dyn=2.726  image=43.735  rep=2.726  rew=1.298
  update  1450/20000: wm_total=52.486  con=0.022  dyn=2.804  image=45.584  rep=2.804  rew=1.272
  update  1475/20000: wm_total=48.032  con=0.024  dyn=2.708  image=41.332  rep=2.708  rew=1.261
  update  1500/20000: wm_total=50.482  con=0.022  dyn=3.062  image=43.077  rep=3.062  rew=1.259
  update  1525/20000: wm_total=48.417  con=0.022  dyn=2.614  image=41.912  rep=2.614  rew=1.256
  update  1550/20000: wm_total=49.540  con=0.022  dyn=2.668  image=42.938  rep=2.668  rew=1.245
  update  1575/20000: wm_total=46.551  con=0.023  dyn=2.712  image=39.869  rep=2.712  rew=1.235
  update  1600/20000: wm_total=47.783  con=0.021  dyn=2.614  image=41.306  rep=2.614  rew=1.227
  update  1625/20000: wm_total=47.647  con=0.022  dyn=2.582  image=41.243  rep=2.582  rew=1.220
  update  1650/20000: wm_total=44.557  con=0.022  dyn=2.462  image=38.396  rep=2.462  rew=1.215
  update  1675/20000: wm_total=48.154  con=0.022  dyn=2.824  image=41.280  rep=2.824  rew=1.205
  update  1700/20000: wm_total=43.016  con=0.021  dyn=2.424  image=36.943  rep=2.424  rew=1.203
  update  1725/20000: wm_total=42.750  con=0.023  dyn=2.665  image=36.197  rep=2.665  rew=1.199
  update  1750/20000: wm_total=42.600  con=0.021  dyn=2.530  image=36.329  rep=2.530  rew=1.189
  update  1775/20000: wm_total=46.147  con=0.022  dyn=2.807  image=39.325  rep=2.807  rew=1.187
  update  1800/20000: wm_total=44.003  con=0.023  dyn=2.759  image=37.279  rep=2.759  rew=1.183
  update  1825/20000: wm_total=43.947  con=0.023  dyn=2.635  image=37.476  rep=2.635  rew=1.178
  update  1850/20000: wm_total=43.077  con=0.022  dyn=2.658  image=36.564  rep=2.658  rew=1.176
  update  1875/20000: wm_total=44.107  con=0.022  dyn=2.696  image=37.524  rep=2.696  rew=1.169
  update  1900/20000: wm_total=44.071  con=0.021  dyn=2.875  image=37.131  rep=2.875  rew=1.169
  update  1925/20000: wm_total=43.859  con=0.022  dyn=2.742  image=37.191  rep=2.742  rew=1.163
  update  1950/20000: wm_total=42.717  con=0.021  dyn=2.682  image=36.168  rep=2.682  rew=1.163
  update  1975/20000: wm_total=40.089  con=0.021  dyn=2.439  image=34.023  rep=2.439  rew=1.168
  update  2000/20000: wm_total=42.207  con=0.021  dyn=2.665  image=35.701  rep=2.665  rew=1.155
  update  2025/20000: wm_total=42.332  con=0.021  dyn=2.513  image=36.136  rep=2.513  rew=1.148
  update  2050/20000: wm_total=40.565  con=0.021  dyn=2.657  image=34.078  rep=2.657  rew=1.152
  update  2075/20000: wm_total=42.332  con=0.021  dyn=2.632  image=35.903  rep=2.632  rew=1.144
  update  2100/20000: wm_total=41.555  con=0.021  dyn=2.463  image=35.473  rep=2.463  rew=1.137
  update  2125/20000: wm_total=38.208  con=0.021  dyn=2.528  image=31.972  rep=2.528  rew=1.158
  update  2150/20000: wm_total=39.867  con=0.021  dyn=2.600  image=33.518  rep=2.600  rew=1.128
  update  2175/20000: wm_total=40.697  con=0.021  dyn=2.659  image=34.229  rep=2.659  rew=1.129
  update  2200/20000: wm_total=40.985  con=0.021  dyn=2.822  image=34.180  rep=2.822  rew=1.141
  update  2225/20000: wm_total=39.712  con=0.021  dyn=2.737  image=33.098  rep=2.737  rew=1.118
  update  2250/20000: wm_total=36.323  con=0.022  dyn=2.443  image=30.273  rep=2.443  rew=1.142
  update  2275/20000: wm_total=35.754  con=0.021  dyn=2.287  image=30.021  rep=2.287  rew=1.138
  update  2300/20000: wm_total=37.009  con=0.021  dyn=2.405  image=31.025  rep=2.405  rew=1.152
  update  2325/20000: wm_total=37.880  con=0.021  dyn=2.680  image=31.367  rep=2.680  rew=1.133
  update  2350/20000: wm_total=37.831  con=0.021  dyn=2.585  image=31.498  rep=2.585  rew=1.142
  update  2375/20000: wm_total=34.982  con=0.021  dyn=2.485  image=28.839  rep=2.485  rew=1.153
  update  2400/20000: wm_total=37.049  con=0.021  dyn=2.416  image=31.089  rep=2.416  rew=1.107
  update  2425/20000: wm_total=34.736  con=0.021  dyn=2.390  image=28.819  rep=2.390  rew=1.116
  update  2450/20000: wm_total=35.036  con=0.021  dyn=2.410  image=29.082  rep=2.410  rew=1.113
  update  2475/20000: wm_total=36.811  con=0.021  dyn=2.726  image=30.208  rep=2.726  rew=1.131
  update  2500/20000: wm_total=39.440  con=0.021  dyn=2.788  image=32.748  rep=2.788  rew=1.096
  update  2525/20000: wm_total=35.266  con=0.021  dyn=2.570  image=28.991  rep=2.570  rew=1.114
  update  2550/20000: wm_total=33.318  con=0.021  dyn=2.359  image=27.476  rep=2.359  rew=1.104
  update  2575/20000: wm_total=37.396  con=0.021  dyn=2.695  image=30.904  rep=2.695  rew=1.081
  update  2600/20000: wm_total=34.604  con=0.021  dyn=2.406  image=28.670  rep=2.406  rew=1.101
  update  2625/20000: wm_total=37.389  con=0.021  dyn=2.864  image=30.544  rep=2.864  rew=1.096
  update  2650/20000: wm_total=35.796  con=0.021  dyn=2.834  image=29.005  rep=2.834  rew=1.103
  update  2675/20000: wm_total=34.158  con=0.021  dyn=2.530  image=28.003  rep=2.530  rew=1.075
  update  2700/20000: wm_total=37.378  con=0.021  dyn=2.732  image=30.807  rep=2.732  rew=1.086
  update  2725/20000: wm_total=32.778  con=0.021  dyn=2.439  image=26.804  rep=2.439  rew=1.076
  update  2750/20000: wm_total=36.121  con=0.021  dyn=2.895  image=29.212  rep=2.895  rew=1.098
  update  2775/20000: wm_total=34.677  con=0.021  dyn=2.808  image=27.948  rep=2.808  rew=1.093
  update  2800/20000: wm_total=36.212  con=0.021  dyn=2.771  image=29.643  rep=2.771  rew=1.006
  update  2825/20000: wm_total=34.453  con=0.021  dyn=2.562  image=28.235  rep=2.562  rew=1.073
  update  2850/20000: wm_total=32.444  con=0.021  dyn=2.514  image=26.379  rep=2.514  rew=1.016
  update  2875/20000: wm_total=34.641  con=0.021  dyn=2.775  image=28.039  rep=2.775  rew=1.031
  update  2900/20000: wm_total=30.752  con=0.021  dyn=2.472  image=24.716  rep=2.472  rew=1.071
  update  2925/20000: wm_total=34.997  con=0.021  dyn=2.790  image=28.332  rep=2.790  rew=1.064
  update  2950/20000: wm_total=34.646  con=0.021  dyn=2.769  image=28.021  rep=2.769  rew=1.065
  update  2975/20000: wm_total=33.876  con=0.021  dyn=2.711  image=27.442  rep=2.711  rew=0.992
  update  3000/20000: wm_total=35.522  con=0.021  dyn=2.955  image=28.531  rep=2.955  rew=1.059
  update  3025/20000: wm_total=35.924  con=0.021  dyn=2.868  image=29.182  rep=2.868  rew=0.986
  update  3050/20000: wm_total=35.048  con=0.021  dyn=2.730  image=28.577  rep=2.730  rew=0.990
  update  3075/20000: wm_total=35.943  con=0.021  dyn=2.994  image=28.919  rep=2.994  rew=1.015
  update  3100/20000: wm_total=31.097  con=0.021  dyn=2.592  image=24.839  rep=2.592  rew=1.054
  update  3125/20000: wm_total=33.703  con=0.021  dyn=2.919  image=26.821  rep=2.919  rew=1.024
  update  3150/20000: wm_total=30.256  con=0.021  dyn=2.399  image=24.452  rep=2.399  rew=0.986
  update  3175/20000: wm_total=32.574  con=0.021  dyn=2.903  image=25.719  rep=2.903  rew=1.028
  update  3200/20000: wm_total=31.767  con=0.021  dyn=2.828  image=25.022  rep=2.828  rew=1.067
  update  3225/20000: wm_total=33.325  con=0.021  dyn=2.817  image=26.725  rep=2.817  rew=0.945
  update  3250/20000: wm_total=34.022  con=0.021  dyn=3.102  image=26.805  rep=3.102  rew=0.992
  update  3275/20000: wm_total=28.872  con=0.021  dyn=2.702  image=22.511  rep=2.702  rew=0.937
  update  3300/20000: wm_total=27.842  con=0.021  dyn=2.286  image=22.183  rep=2.286  rew=1.066
  update  3325/20000: wm_total=30.993  con=0.021  dyn=2.742  image=24.577  rep=2.742  rew=0.912
  update  3350/20000: wm_total=30.541  con=0.021  dyn=2.700  image=24.169  rep=2.700  rew=0.953
  update  3375/20000: wm_total=30.759  con=0.021  dyn=2.661  image=24.611  rep=2.661  rew=0.805
  update  3400/20000: wm_total=29.358  con=0.021  dyn=2.764  image=22.929  rep=2.764  rew=0.880
  update  3425/20000: wm_total=31.858  con=0.021  dyn=2.909  image=25.110  rep=2.909  rew=0.909
  update  3450/20000: wm_total=29.124  con=0.021  dyn=2.656  image=22.811  rep=2.656  rew=0.982
  update  3475/20000: wm_total=31.410  con=0.021  dyn=2.895  image=24.626  rep=2.895  rew=0.973
  update  3500/20000: wm_total=27.521  con=0.021  dyn=2.619  image=21.382  rep=2.619  rew=0.881
  update  3525/20000: wm_total=30.022  con=0.021  dyn=2.816  image=23.521  rep=2.816  rew=0.848
  update  3550/20000: wm_total=28.993  con=0.021  dyn=2.684  image=22.710  rep=2.684  rew=0.895
  update  3575/20000: wm_total=27.937  con=0.021  dyn=2.750  image=21.454  rep=2.750  rew=0.962
  update  3600/20000: wm_total=28.257  con=0.021  dyn=2.872  image=21.578  rep=2.872  rew=0.915
  update  3625/20000: wm_total=28.898  con=0.021  dyn=2.769  image=22.401  rep=2.769  rew=0.937
  update  3650/20000: wm_total=31.512  con=0.021  dyn=3.133  image=24.339  rep=3.133  rew=0.885
  update  3675/20000: wm_total=25.662  con=0.021  dyn=2.521  image=19.735  rep=2.521  rew=0.865
  update  3700/20000: wm_total=27.845  con=0.021  dyn=2.986  image=20.981  rep=2.986  rew=0.872
  update  3725/20000: wm_total=29.751  con=0.021  dyn=2.962  image=22.841  rep=2.962  rew=0.965
  update  3750/20000: wm_total=30.607  con=0.021  dyn=2.987  image=23.803  rep=2.987  rew=0.810
  update  3775/20000: wm_total=28.241  con=0.021  dyn=2.887  image=21.690  rep=2.887  rew=0.758
  update  3800/20000: wm_total=31.096  con=0.021  dyn=3.017  image=24.256  rep=3.017  rew=0.785
  update  3825/20000: wm_total=29.967  con=0.021  dyn=2.926  image=23.329  rep=2.926  rew=0.766
  update  3850/20000: wm_total=26.782  con=0.021  dyn=2.718  image=20.502  rep=2.718  rew=0.823
  update  3875/20000: wm_total=28.501  con=0.021  dyn=2.867  image=21.715  rep=2.867  rew=1.032
  update  3900/20000: wm_total=28.444  con=0.021  dyn=3.119  image=21.172  rep=3.119  rew=1.013
  update  3925/20000: wm_total=28.771  con=0.021  dyn=3.083  image=21.763  rep=3.083  rew=0.822
  update  3950/20000: wm_total=27.950  con=0.020  dyn=2.917  image=21.308  rep=2.917  rew=0.787
  update  3975/20000: wm_total=26.585  con=0.021  dyn=2.758  image=20.279  rep=2.758  rew=0.770
  update  4000/20000: wm_total=26.527  con=0.021  dyn=3.052  image=19.531  rep=3.052  rew=0.872
  update  4025/20000: wm_total=27.924  con=0.021  dyn=2.877  image=21.385  rep=2.877  rew=0.765
  update  4050/20000: wm_total=28.970  con=0.021  dyn=3.001  image=22.178  rep=3.001  rew=0.771
  update  4075/20000: wm_total=27.772  con=0.020  dyn=2.791  image=21.411  rep=2.791  rew=0.760
  update  4100/20000: wm_total=25.224  con=0.021  dyn=2.741  image=19.013  rep=2.741  rew=0.707
  update  4125/20000: wm_total=26.487  con=0.021  dyn=2.969  image=19.709  rep=2.969  rew=0.820
  update  4150/20000: wm_total=29.201  con=0.021  dyn=3.042  image=22.363  rep=3.042  rew=0.733
  update  4175/20000: wm_total=25.978  con=0.021  dyn=2.836  image=19.519  rep=2.836  rew=0.766
  update  4200/20000: wm_total=26.979  con=0.021  dyn=2.985  image=20.138  rep=2.985  rew=0.850
  update  4225/20000: wm_total=27.029  con=0.021  dyn=2.867  image=20.591  rep=2.867  rew=0.684
  update  4250/20000: wm_total=28.107  con=0.021  dyn=3.172  image=20.968  rep=3.172  rew=0.774
  update  4275/20000: wm_total=28.305  con=0.021  dyn=3.100  image=21.275  rep=3.100  rew=0.809
  update  4300/20000: wm_total=26.658  con=0.021  dyn=2.868  image=20.382  rep=2.868  rew=0.520
  update  4325/20000: wm_total=26.788  con=0.021  dyn=2.883  image=20.345  rep=2.883  rew=0.656
  update  4350/20000: wm_total=25.830  con=0.021  dyn=3.059  image=19.020  rep=3.059  rew=0.671
  update  4375/20000: wm_total=26.910  con=0.021  dyn=3.102  image=20.001  rep=3.102  rew=0.686
  update  4400/20000: wm_total=22.912  con=0.021  dyn=2.931  image=16.217  rep=2.931  rew=0.812
  update  4425/20000: wm_total=23.759  con=0.021  dyn=2.724  image=17.557  rep=2.724  rew=0.734
  update  4450/20000: wm_total=25.703  con=0.021  dyn=3.002  image=19.117  rep=3.002  rew=0.562
  update  4475/20000: wm_total=26.093  con=0.021  dyn=3.196  image=18.848  rep=3.196  rew=0.832
  update  4500/20000: wm_total=26.175  con=0.020  dyn=3.040  image=19.440  rep=3.040  rew=0.633
  update  4525/20000: wm_total=24.686  con=0.021  dyn=3.007  image=17.890  rep=3.007  rew=0.760
  update  4550/20000: wm_total=25.136  con=0.021  dyn=3.147  image=18.025  rep=3.147  rew=0.796
  update  4575/20000: wm_total=26.189  con=0.021  dyn=2.989  image=19.608  rep=2.989  rew=0.583
  update  4600/20000: wm_total=24.075  con=0.021  dyn=2.852  image=17.744  rep=2.852  rew=0.605
  update  4625/20000: wm_total=27.704  con=0.021  dyn=3.228  image=20.688  rep=3.228  rew=0.540
  update  4650/20000: wm_total=25.395  con=0.020  dyn=3.156  image=18.451  rep=3.156  rew=0.612
  update  4675/20000: wm_total=25.866  con=0.021  dyn=3.097  image=18.888  rep=3.097  rew=0.764
  update  4700/20000: wm_total=25.612  con=0.021  dyn=3.210  image=18.519  rep=3.210  rew=0.653
  update  4725/20000: wm_total=26.976  con=0.021  dyn=3.233  image=19.847  rep=3.233  rew=0.643
  update  4750/20000: wm_total=24.399  con=0.021  dyn=3.029  image=17.658  rep=3.029  rew=0.662
  update  4775/20000: wm_total=23.967  con=0.021  dyn=2.921  image=17.432  rep=2.921  rew=0.673
  update  4800/20000: wm_total=26.073  con=0.021  dyn=3.067  image=19.394  rep=3.067  rew=0.524
  update  4825/20000: wm_total=26.097  con=0.021  dyn=3.130  image=19.064  rep=3.130  rew=0.752
  update  4850/20000: wm_total=23.150  con=0.021  dyn=2.742  image=17.030  rep=2.742  rew=0.615
  update  4875/20000: wm_total=24.199  con=0.021  dyn=2.822  image=18.063  rep=2.822  rew=0.470
  update  4900/20000: wm_total=25.227  con=0.021  dyn=3.027  image=18.539  rep=3.027  rew=0.613
  update  4925/20000: wm_total=25.320  con=0.021  dyn=3.249  image=18.093  rep=3.249  rew=0.708
  update  4950/20000: wm_total=23.177  con=0.021  dyn=2.697  image=17.069  rep=2.697  rew=0.693
  update  4975/20000: wm_total=25.300  con=0.020  dyn=3.403  image=17.796  rep=3.403  rew=0.678
  update  5000/20000: wm_total=23.832  con=0.020  dyn=3.095  image=17.041  rep=3.095  rew=0.581
  update  5025/20000: wm_total=24.368  con=0.020  dyn=2.989  image=17.740  rep=2.989  rew=0.629
  update  5050/20000: wm_total=21.782  con=0.020  dyn=2.807  image=15.471  rep=2.807  rew=0.676
  update  5075/20000: wm_total=24.923  con=0.021  dyn=3.026  image=18.460  rep=3.026  rew=0.391
  update  5100/20000: wm_total=25.459  con=0.020  dyn=3.208  image=18.508  rep=3.208  rew=0.515
  update  5125/20000: wm_total=26.385  con=0.021  dyn=3.299  image=19.360  rep=3.299  rew=0.407
  update  5150/20000: wm_total=24.602  con=0.020  dyn=3.124  image=17.855  rep=3.124  rew=0.478
  update  5175/20000: wm_total=23.157  con=0.021  dyn=2.930  image=16.733  rep=2.930  rew=0.544
  update  5200/20000: wm_total=21.445  con=0.021  dyn=2.825  image=15.182  rep=2.825  rew=0.593
  update  5225/20000: wm_total=21.929  con=0.021  dyn=2.864  image=15.543  rep=2.864  rew=0.638
  update  5250/20000: wm_total=22.506  con=0.021  dyn=2.930  image=16.012  rep=2.930  rew=0.613
  update  5275/20000: wm_total=23.943  con=0.020  dyn=3.105  image=17.190  rep=3.105  rew=0.523
  update  5300/20000: wm_total=23.529  con=0.021  dyn=3.044  image=16.851  rep=3.044  rew=0.568
  update  5325/20000: wm_total=21.989  con=0.020  dyn=2.849  image=15.650  rep=2.849  rew=0.622
  update  5350/20000: wm_total=22.038  con=0.020  dyn=2.739  image=15.966  rep=2.739  rew=0.572
  update  5375/20000: wm_total=24.351  con=0.020  dyn=3.313  image=17.094  rep=3.313  rew=0.610
  update  5400/20000: wm_total=22.252  con=0.021  dyn=2.803  image=16.097  rep=2.803  rew=0.529
  update  5425/20000: wm_total=23.324  con=0.020  dyn=3.127  image=16.493  rep=3.127  rew=0.556
  update  5450/20000: wm_total=24.394  con=0.021  dyn=3.340  image=17.175  rep=3.340  rew=0.518
  update  5475/20000: wm_total=25.924  con=0.020  dyn=3.273  image=18.957  rep=3.273  rew=0.399
  update  5500/20000: wm_total=24.166  con=0.020  dyn=3.216  image=17.151  rep=3.216  rew=0.564
  update  5525/20000: wm_total=21.235  con=0.020  dyn=2.817  image=14.925  rep=2.817  rew=0.654
  update  5550/20000: wm_total=22.765  con=0.020  dyn=3.180  image=15.881  rep=3.180  rew=0.504
  update  5575/20000: wm_total=23.791  con=0.020  dyn=3.235  image=16.795  rep=3.235  rew=0.506
  update  5600/20000: wm_total=21.909  con=0.020  dyn=2.762  image=15.864  rep=2.762  rew=0.500
  update  5625/20000: wm_total=22.976  con=0.020  dyn=3.002  image=16.379  rep=3.002  rew=0.573
  update  5650/20000: wm_total=24.064  con=0.020  dyn=3.307  image=16.975  rep=3.307  rew=0.455
  update  5675/20000: wm_total=23.049  con=0.020  dyn=2.920  image=16.788  rep=2.920  rew=0.401
  update  5700/20000: wm_total=23.031  con=0.020  dyn=3.045  image=16.436  rep=3.045  rew=0.484
  update  5725/20000: wm_total=21.274  con=0.020  dyn=2.989  image=14.775  rep=2.989  rew=0.502
  update  5750/20000: wm_total=19.641  con=0.021  dyn=2.451  image=14.197  rep=2.451  rew=0.522
  update  5775/20000: wm_total=23.894  con=0.020  dyn=3.265  image=16.969  rep=3.265  rew=0.374
  update  5800/20000: wm_total=20.751  con=0.020  dyn=2.843  image=14.476  rep=2.843  rew=0.569
  update  5825/20000: wm_total=22.011  con=0.020  dyn=3.014  image=15.490  rep=3.014  rew=0.472
  update  5850/20000: wm_total=21.503  con=0.021  dyn=2.972  image=15.055  rep=2.972  rew=0.483
  update  5875/20000: wm_total=20.305  con=0.020  dyn=2.922  image=13.838  rep=2.922  rew=0.602
  update  5900/20000: wm_total=23.001  con=0.020  dyn=3.159  image=16.296  rep=3.159  rew=0.367
  update  5925/20000: wm_total=23.058  con=0.020  dyn=3.292  image=16.052  rep=3.292  rew=0.401
  update  5950/20000: wm_total=24.415  con=0.020  dyn=3.336  image=17.385  rep=3.336  rew=0.338
  update  5975/20000: wm_total=21.057  con=0.020  dyn=2.675  image=15.296  rep=2.675  rew=0.391
  update  6000/20000: wm_total=20.322  con=0.020  dyn=2.895  image=13.971  rep=2.895  rew=0.540
  update  6025/20000: wm_total=20.785  con=0.021  dyn=2.774  image=14.777  rep=2.774  rew=0.440
  update  6050/20000: wm_total=22.404  con=0.020  dyn=3.107  image=15.647  rep=3.107  rew=0.522
  update  6075/20000: wm_total=20.223  con=0.020  dyn=2.845  image=13.936  rep=2.845  rew=0.576
  update  6100/20000: wm_total=22.209  con=0.020  dyn=3.129  image=15.468  rep=3.129  rew=0.463
  update  6125/20000: wm_total=21.543  con=0.020  dyn=2.934  image=15.171  rep=2.934  rew=0.483
  update  6150/20000: wm_total=21.103  con=0.020  dyn=3.038  image=14.523  rep=3.038  rew=0.484
  update  6175/20000: wm_total=20.911  con=0.020  dyn=3.035  image=14.314  rep=3.035  rew=0.505
  update  6200/20000: wm_total=20.200  con=0.020  dyn=3.050  image=13.517  rep=3.050  rew=0.562
  update  6225/20000: wm_total=20.875  con=0.020  dyn=2.699  image=15.029  rep=2.699  rew=0.427
  update  6250/20000: wm_total=21.966  con=0.020  dyn=2.987  image=15.667  rep=2.987  rew=0.305
  update  6275/20000: wm_total=19.094  con=0.020  dyn=2.751  image=13.059  rep=2.751  rew=0.511
  update  6300/20000: wm_total=21.101  con=0.020  dyn=2.815  image=14.940  rep=2.815  rew=0.511
  update  6325/20000: wm_total=19.404  con=0.020  dyn=2.594  image=13.590  rep=2.594  rew=0.607
  update  6350/20000: wm_total=20.266  con=0.020  dyn=2.994  image=13.638  rep=2.994  rew=0.619
  update  6375/20000: wm_total=21.161  con=0.020  dyn=2.971  image=14.811  rep=2.971  rew=0.388
  update  6400/20000: wm_total=20.232  con=0.020  dyn=2.962  image=13.687  rep=2.962  rew=0.601
  update  6425/20000: wm_total=21.379  con=0.020  dyn=2.854  image=15.230  rep=2.854  rew=0.420
  update  6450/20000: wm_total=21.684  con=0.020  dyn=3.094  image=15.011  rep=3.094  rew=0.464
  update  6475/20000: wm_total=19.432  con=0.020  dyn=2.839  image=13.136  rep=2.839  rew=0.597
  update  6500/20000: wm_total=19.084  con=0.020  dyn=2.657  image=13.180  rep=2.657  rew=0.569
  update  6525/20000: wm_total=21.611  con=0.020  dyn=2.994  image=15.135  rep=2.994  rew=0.468
  update  6550/20000: wm_total=21.056  con=0.020  dyn=3.146  image=14.322  rep=3.146  rew=0.423
  update  6575/20000: wm_total=19.700  con=0.020  dyn=2.987  image=13.231  rep=2.987  rew=0.474
  update  6600/20000: wm_total=20.413  con=0.020  dyn=2.929  image=14.066  rep=2.929  rew=0.469
  update  6625/20000: wm_total=20.484  con=0.020  dyn=3.098  image=13.746  rep=3.098  rew=0.520
  update  6650/20000: wm_total=18.441  con=0.020  dyn=2.799  image=12.208  rep=2.799  rew=0.614
  update  6675/20000: wm_total=18.398  con=0.020  dyn=2.579  image=12.729  rep=2.579  rew=0.491
  update  6700/20000: wm_total=20.051  con=0.020  dyn=2.761  image=13.977  rep=2.761  rew=0.531
  update  6725/20000: wm_total=19.890  con=0.020  dyn=2.828  image=13.867  rep=2.828  rew=0.347
  update  6750/20000: wm_total=21.027  con=0.020  dyn=2.996  image=14.676  rep=2.996  rew=0.339
  update  6775/20000: wm_total=20.555  con=0.020  dyn=3.007  image=14.155  rep=3.007  rew=0.366
  update  6800/20000: wm_total=19.817  con=0.020  dyn=2.777  image=13.890  rep=2.777  rew=0.352
  update  6825/20000: wm_total=19.353  con=0.020  dyn=2.762  image=13.370  rep=2.762  rew=0.440
  update  6850/20000: wm_total=18.120  con=0.020  dyn=2.625  image=12.304  rep=2.625  rew=0.547
  update  6875/20000: wm_total=19.248  con=0.020  dyn=2.717  image=13.372  rep=2.717  rew=0.422
  update  6900/20000: wm_total=19.448  con=0.020  dyn=2.798  image=13.343  rep=2.798  rew=0.488
  update  6925/20000: wm_total=20.808  con=0.020  dyn=3.115  image=14.076  rep=3.115  rew=0.482
  update  6950/20000: wm_total=19.932  con=0.020  dyn=2.887  image=13.696  rep=2.887  rew=0.442
  update  6975/20000: wm_total=21.103  con=0.020  dyn=3.155  image=14.409  rep=3.155  rew=0.364
  update  7000/20000: wm_total=18.324  con=0.020  dyn=2.761  image=12.181  rep=2.761  rew=0.601
  update  7025/20000: wm_total=21.228  con=0.020  dyn=3.207  image=14.421  rep=3.207  rew=0.373
  update  7050/20000: wm_total=19.722  con=0.020  dyn=3.067  image=13.034  rep=3.067  rew=0.532
  update  7075/20000: wm_total=18.952  con=0.020  dyn=2.854  image=12.823  rep=2.854  rew=0.401
  update  7100/20000: wm_total=19.332  con=0.020  dyn=2.776  image=13.282  rep=2.776  rew=0.478
  update  7125/20000: wm_total=18.463  con=0.020  dyn=2.659  image=12.567  rep=2.659  rew=0.557
  update  7150/20000: wm_total=21.436  con=0.020  dyn=3.075  image=14.769  rep=3.075  rew=0.496
  update  7175/20000: wm_total=19.859  con=0.020  dyn=3.205  image=12.956  rep=3.205  rew=0.472
  update  7200/20000: wm_total=17.368  con=0.020  dyn=2.555  image=11.729  rep=2.555  rew=0.510
  update  7225/20000: wm_total=19.762  con=0.020  dyn=2.817  image=13.701  rep=2.817  rew=0.406
  update  7250/20000: wm_total=17.395  con=0.020  dyn=2.592  image=11.595  rep=2.592  rew=0.596
  update  7275/20000: wm_total=21.374  con=0.020  dyn=3.330  image=14.316  rep=3.330  rew=0.378
  update  7300/20000: wm_total=18.732  con=0.020  dyn=2.649  image=13.031  rep=2.649  rew=0.382
  update  7325/20000: wm_total=19.992  con=0.020  dyn=3.011  image=13.348  rep=3.011  rew=0.601
  update  7350/20000: wm_total=19.729  con=0.020  dyn=2.997  image=13.220  rep=2.997  rew=0.494
  update  7375/20000: wm_total=19.328  con=0.020  dyn=2.899  image=13.010  rep=2.899  rew=0.500
  update  7400/20000: wm_total=20.214  con=0.020  dyn=2.933  image=13.924  rep=2.933  rew=0.403
  update  7425/20000: wm_total=17.976  con=0.020  dyn=2.782  image=11.891  rep=2.782  rew=0.500
  update  7450/20000: wm_total=18.178  con=0.020  dyn=2.656  image=12.405  rep=2.656  rew=0.441
  update  7475/20000: wm_total=16.218  con=0.020  dyn=2.427  image=10.831  rep=2.427  rew=0.512
  update  7500/20000: wm_total=18.681  con=0.020  dyn=2.778  image=12.625  rep=2.778  rew=0.480
  update  7525/20000: wm_total=19.116  con=0.020  dyn=2.625  image=13.460  rep=2.625  rew=0.386
  update  7550/20000: wm_total=19.452  con=0.020  dyn=2.827  image=13.459  rep=2.827  rew=0.319
  update  7575/20000: wm_total=16.968  con=0.020  dyn=2.505  image=11.332  rep=2.505  rew=0.606
  update  7600/20000: wm_total=18.466  con=0.020  dyn=2.761  image=12.479  rep=2.761  rew=0.445
  update  7625/20000: wm_total=19.046  con=0.020  dyn=2.882  image=12.765  rep=2.882  rew=0.497
  update  7650/20000: wm_total=18.700  con=0.020  dyn=2.734  image=12.795  rep=2.734  rew=0.416
  update  7675/20000: wm_total=17.357  con=0.020  dyn=2.564  image=11.702  rep=2.564  rew=0.507
  update  7700/20000: wm_total=17.780  con=0.020  dyn=2.694  image=11.872  rep=2.694  rew=0.499
  update  7725/20000: wm_total=19.763  con=0.020  dyn=2.933  image=13.444  rep=2.933  rew=0.433
  update  7750/20000: wm_total=18.018  con=0.020  dyn=2.685  image=12.202  rep=2.685  rew=0.426
  update  7775/20000: wm_total=19.368  con=0.020  dyn=2.853  image=13.213  rep=2.853  rew=0.428
  update  7800/20000: wm_total=16.843  con=0.020  dyn=2.463  image=11.421  rep=2.463  rew=0.475
  update  7825/20000: wm_total=18.172  con=0.020  dyn=2.696  image=12.234  rep=2.696  rew=0.526
  update  7850/20000: wm_total=17.423  con=0.020  dyn=2.582  image=11.807  rep=2.582  rew=0.430
  update  7875/20000: wm_total=17.277  con=0.020  dyn=2.459  image=11.950  rep=2.459  rew=0.388
  update  7900/20000: wm_total=18.755  con=0.020  dyn=2.828  image=12.764  rep=2.828  rew=0.314
  update  7925/20000: wm_total=18.056  con=0.020  dyn=2.792  image=12.001  rep=2.792  rew=0.451
  update  7950/20000: wm_total=18.714  con=0.020  dyn=2.627  image=13.111  rep=2.627  rew=0.330
  update  7975/20000: wm_total=17.674  con=0.020  dyn=2.744  image=11.605  rep=2.744  rew=0.561
  update  8000/20000: wm_total=17.843  con=0.020  dyn=2.706  image=11.977  rep=2.706  rew=0.432
  update  8025/20000: wm_total=18.947  con=0.020  dyn=2.740  image=13.155  rep=2.740  rew=0.291
  update  8050/20000: wm_total=19.825  con=0.020  dyn=3.048  image=13.322  rep=3.048  rew=0.386
  update  8075/20000: wm_total=20.192  con=0.020  dyn=3.121  image=13.699  rep=3.121  rew=0.231
  update  8100/20000: wm_total=17.595  con=0.020  dyn=2.726  image=11.616  rep=2.726  rew=0.507
  update  8125/20000: wm_total=18.157  con=0.020  dyn=2.684  image=12.440  rep=2.684  rew=0.329
  update  8150/20000: wm_total=18.260  con=0.020  dyn=2.967  image=11.824  rep=2.967  rew=0.483
  update  8175/20000: wm_total=16.686  con=0.020  dyn=2.635  image=10.851  rep=2.635  rew=0.544
  update  8200/20000: wm_total=18.330  con=0.020  dyn=2.823  image=12.135  rep=2.823  rew=0.529
  update  8225/20000: wm_total=19.193  con=0.020  dyn=3.024  image=12.764  rep=3.024  rew=0.361
  update  8250/20000: wm_total=17.031  con=0.020  dyn=2.647  image=11.213  rep=2.647  rew=0.503
  update  8275/20000: wm_total=17.479  con=0.020  dyn=2.686  image=11.616  rep=2.686  rew=0.472
  update  8300/20000: wm_total=18.659  con=0.020  dyn=2.868  image=12.461  rep=2.868  rew=0.441
  update  8325/20000: wm_total=18.355  con=0.020  dyn=2.890  image=12.017  rep=2.890  rew=0.537
  update  8350/20000: wm_total=18.026  con=0.020  dyn=2.710  image=12.186  rep=2.710  rew=0.400
  update  8375/20000: wm_total=15.820  con=0.020  dyn=2.479  image=10.361  rep=2.479  rew=0.481
  update  8400/20000: wm_total=17.879  con=0.020  dyn=2.684  image=12.066  rep=2.684  rew=0.423
  update  8425/20000: wm_total=19.289  con=0.020  dyn=2.975  image=12.950  rep=2.975  rew=0.368
  update  8450/20000: wm_total=17.073  con=0.020  dyn=2.551  image=11.484  rep=2.551  rew=0.466
  update  8475/20000: wm_total=17.282  con=0.020  dyn=2.612  image=11.520  rep=2.612  rew=0.518
  update  8500/20000: wm_total=16.396  con=0.020  dyn=2.466  image=10.911  rep=2.466  rew=0.531
  update  8525/20000: wm_total=18.443  con=0.020  dyn=2.760  image=12.470  rep=2.760  rew=0.431
  update  8550/20000: wm_total=18.231  con=0.020  dyn=2.775  image=12.313  rep=2.775  rew=0.348
  update  8575/20000: wm_total=17.058  con=0.020  dyn=2.682  image=11.176  rep=2.682  rew=0.498
  update  8600/20000: wm_total=18.801  con=0.020  dyn=2.927  image=12.546  rep=2.927  rew=0.381
  update  8625/20000: wm_total=18.247  con=0.020  dyn=2.916  image=12.050  rep=2.916  rew=0.345
  update  8650/20000: wm_total=17.760  con=0.020  dyn=2.667  image=12.020  rep=2.667  rew=0.384
  update  8675/20000: wm_total=17.177  con=0.020  dyn=2.438  image=11.858  rep=2.438  rew=0.422
  update  8700/20000: wm_total=18.335  con=0.020  dyn=2.799  image=12.347  rep=2.799  rew=0.369
  update  8725/20000: wm_total=16.030  con=0.020  dyn=2.411  image=10.663  rep=2.411  rew=0.524
  update  8750/20000: wm_total=16.957  con=0.020  dyn=2.766  image=10.918  rep=2.766  rew=0.486
  update  8775/20000: wm_total=16.637  con=0.020  dyn=2.582  image=10.945  rep=2.582  rew=0.507
  update  8800/20000: wm_total=16.716  con=0.020  dyn=2.634  image=10.909  rep=2.634  rew=0.518
  update  8825/20000: wm_total=16.246  con=0.020  dyn=2.455  image=10.832  rep=2.455  rew=0.483
  update  8850/20000: wm_total=15.514  con=0.020  dyn=2.419  image=10.132  rep=2.419  rew=0.525
  update  8875/20000: wm_total=17.040  con=0.020  dyn=2.691  image=11.141  rep=2.691  rew=0.497
  update  8900/20000: wm_total=15.220  con=0.020  dyn=2.363  image=9.861  rep=2.363  rew=0.613
  update  8925/20000: wm_total=16.027  con=0.020  dyn=2.527  image=10.418  rep=2.527  rew=0.533
  update  8950/20000: wm_total=17.421  con=0.020  dyn=2.685  image=11.560  rep=2.685  rew=0.470
  update  8975/20000: wm_total=17.021  con=0.020  dyn=2.615  image=11.288  rep=2.615  rew=0.483
  update  9000/20000: wm_total=17.014  con=0.020  dyn=2.598  image=11.434  rep=2.598  rew=0.364
  update  9025/20000: wm_total=17.302  con=0.020  dyn=2.622  image=11.638  rep=2.622  rew=0.399
  update  9050/20000: wm_total=17.945  con=0.020  dyn=2.854  image=11.813  rep=2.854  rew=0.404
  update  9075/20000: wm_total=17.568  con=0.020  dyn=2.826  image=11.415  rep=2.826  rew=0.480
  update  9100/20000: wm_total=17.465  con=0.020  dyn=2.651  image=11.835  rep=2.651  rew=0.307
  update  9125/20000: wm_total=16.251  con=0.020  dyn=2.478  image=10.928  rep=2.478  rew=0.347
  update  9150/20000: wm_total=17.757  con=0.020  dyn=3.008  image=11.280  rep=3.008  rew=0.441
  update  9175/20000: wm_total=16.502  con=0.020  dyn=2.593  image=10.808  rep=2.593  rew=0.489
  update  9200/20000: wm_total=16.964  con=0.020  dyn=2.630  image=11.303  rep=2.630  rew=0.381
  update  9225/20000: wm_total=15.674  con=0.020  dyn=2.466  image=10.199  rep=2.466  rew=0.523
  update  9250/20000: wm_total=17.298  con=0.020  dyn=2.651  image=11.682  rep=2.651  rew=0.293
  update  9275/20000: wm_total=15.448  con=0.020  dyn=2.394  image=10.012  rep=2.394  rew=0.627
  update  9300/20000: wm_total=16.905  con=0.020  dyn=2.817  image=10.747  rep=2.817  rew=0.503
  update  9325/20000: wm_total=15.097  con=0.020  dyn=2.338  image=9.898  rep=2.338  rew=0.502
  update  9350/20000: wm_total=17.377  con=0.020  dyn=2.702  image=11.603  rep=2.702  rew=0.349
  update  9375/20000: wm_total=16.966  con=0.020  dyn=2.732  image=11.029  rep=2.732  rew=0.452
  update  9400/20000: wm_total=16.706  con=0.020  dyn=2.715  image=10.867  rep=2.715  rew=0.388
  update  9425/20000: wm_total=16.739  con=0.020  dyn=2.677  image=10.985  rep=2.677  rew=0.379
  update  9450/20000: wm_total=16.233  con=0.020  dyn=2.575  image=10.527  rep=2.575  rew=0.537
  update  9475/20000: wm_total=16.286  con=0.020  dyn=2.472  image=10.970  rep=2.472  rew=0.353
  update  9500/20000: wm_total=17.243  con=0.020  dyn=2.878  image=10.990  rep=2.878  rew=0.476
  update  9525/20000: wm_total=17.904  con=0.020  dyn=2.876  image=11.692  rep=2.876  rew=0.440
  update  9550/20000: wm_total=16.187  con=0.020  dyn=2.529  image=10.555  rep=2.529  rew=0.552
  update  9575/20000: wm_total=17.565  con=0.020  dyn=2.687  image=11.832  rep=2.687  rew=0.338
  update  9600/20000: wm_total=16.454  con=0.020  dyn=2.541  image=10.885  rep=2.541  rew=0.467
  update  9625/20000: wm_total=16.834  con=0.020  dyn=2.665  image=11.063  rep=2.665  rew=0.420
  update  9650/20000: wm_total=16.541  con=0.020  dyn=2.653  image=10.802  rep=2.653  rew=0.413
  update  9675/20000: wm_total=15.920  con=0.020  dyn=2.519  image=10.443  rep=2.519  rew=0.420
  update  9700/20000: wm_total=16.463  con=0.020  dyn=2.682  image=10.630  rep=2.682  rew=0.449
  update  9725/20000: wm_total=16.106  con=0.020  dyn=2.517  image=10.660  rep=2.517  rew=0.391
  update  9750/20000: wm_total=15.912  con=0.020  dyn=2.570  image=10.203  rep=2.570  rew=0.548
  update  9775/20000: wm_total=17.736  con=0.020  dyn=2.908  image=11.436  rep=2.908  rew=0.464
  update  9800/20000: wm_total=16.084  con=0.020  dyn=2.671  image=10.303  rep=2.671  rew=0.418
  update  9825/20000: wm_total=15.023  con=0.020  dyn=2.377  image=9.789  rep=2.377  rew=0.460
  update  9850/20000: wm_total=16.007  con=0.020  dyn=2.531  image=10.461  rep=2.531  rew=0.463
  update  9875/20000: wm_total=15.677  con=0.020  dyn=2.343  image=10.537  rep=2.343  rew=0.433
  update  9900/20000: wm_total=15.359  con=0.020  dyn=2.411  image=9.973  rep=2.411  rew=0.544
  update  9925/20000: wm_total=16.374  con=0.020  dyn=2.634  image=10.646  rep=2.634  rew=0.439
  update  9950/20000: wm_total=15.847  con=0.020  dyn=2.389  image=10.717  rep=2.389  rew=0.331
  update  9975/20000: wm_total=15.337  con=0.020  dyn=2.380  image=10.169  rep=2.380  rew=0.387
  update 10000/20000: wm_total=15.398  con=0.020  dyn=2.260  image=10.438  rep=2.260  rew=0.421
  update 10025/20000: wm_total=15.455  con=0.020  dyn=2.251  image=10.547  rep=2.251  rew=0.387
  update 10050/20000: wm_total=15.726  con=0.020  dyn=2.421  image=10.417  rep=2.421  rew=0.447
  update 10075/20000: wm_total=16.095  con=0.020  dyn=2.572  image=10.426  rep=2.572  rew=0.505
  update 10100/20000: wm_total=15.761  con=0.020  dyn=2.598  image=10.097  rep=2.598  rew=0.447
  update 10125/20000: wm_total=16.422  con=0.020  dyn=2.512  image=11.055  rep=2.512  rew=0.323
  update 10150/20000: wm_total=16.262  con=0.020  dyn=2.596  image=10.566  rep=2.596  rew=0.484
  update 10175/20000: wm_total=16.566  con=0.020  dyn=2.798  image=10.566  rep=2.798  rew=0.383
  update 10200/20000: wm_total=16.483  con=0.020  dyn=2.547  image=10.902  rep=2.547  rew=0.466
  update 10225/20000: wm_total=15.348  con=0.020  dyn=2.431  image=10.008  rep=2.431  rew=0.458
  update 10250/20000: wm_total=15.921  con=0.020  dyn=2.535  image=10.391  rep=2.535  rew=0.439
  update 10275/20000: wm_total=14.815  con=0.020  dyn=2.356  image=9.529  rep=2.356  rew=0.554
  update 10300/20000: wm_total=15.864  con=0.020  dyn=2.595  image=10.316  rep=2.595  rew=0.338
  update 10325/20000: wm_total=16.566  con=0.020  dyn=2.584  image=11.075  rep=2.584  rew=0.301
  update 10350/20000: wm_total=15.727  con=0.020  dyn=2.641  image=9.966  rep=2.641  rew=0.459
  update 10375/20000: wm_total=16.410  con=0.020  dyn=2.599  image=10.818  rep=2.599  rew=0.372
  update 10400/20000: wm_total=15.295  con=0.020  dyn=2.529  image=9.659  rep=2.529  rew=0.557
  update 10425/20000: wm_total=17.484  con=0.020  dyn=2.968  image=11.137  rep=2.968  rew=0.391
  update 10450/20000: wm_total=16.553  con=0.020  dyn=2.611  image=10.901  rep=2.611  rew=0.410
  update 10475/20000: wm_total=15.169  con=0.020  dyn=2.347  image=9.949  rep=2.347  rew=0.506
  update 10500/20000: wm_total=14.922  con=0.020  dyn=2.488  image=9.470  rep=2.488  rew=0.456
  update 10525/20000: wm_total=14.620  con=0.020  dyn=2.315  image=9.484  rep=2.315  rew=0.485
  update 10550/20000: wm_total=15.379  con=0.020  dyn=2.552  image=9.929  rep=2.552  rew=0.325
  update 10575/20000: wm_total=14.943  con=0.020  dyn=2.352  image=9.710  rep=2.352  rew=0.510
  update 10600/20000: wm_total=14.669  con=0.020  dyn=2.345  image=9.461  rep=2.345  rew=0.496
  update 10625/20000: wm_total=15.282  con=0.020  dyn=2.515  image=9.790  rep=2.515  rew=0.442
  update 10650/20000: wm_total=16.348  con=0.020  dyn=2.695  image=10.564  rep=2.695  rew=0.373
  update 10675/20000: wm_total=16.235  con=0.020  dyn=2.740  image=10.277  rep=2.740  rew=0.457
  update 10700/20000: wm_total=15.528  con=0.020  dyn=2.687  image=9.669  rep=2.687  rew=0.465
  update 10725/20000: wm_total=15.457  con=0.020  dyn=2.555  image=9.890  rep=2.555  rew=0.436
  update 10750/20000: wm_total=14.869  con=0.020  dyn=2.396  image=9.636  rep=2.396  rew=0.419
  update 10775/20000: wm_total=14.326  con=0.020  dyn=2.138  image=9.609  rep=2.138  rew=0.421
  update 10800/20000: wm_total=15.763  con=0.020  dyn=2.349  image=10.720  rep=2.349  rew=0.324
  update 10825/20000: wm_total=15.566  con=0.020  dyn=2.505  image=10.177  rep=2.505  rew=0.359
  update 10850/20000: wm_total=15.564  con=0.020  dyn=2.547  image=9.949  rep=2.547  rew=0.501
  update 10875/20000: wm_total=15.175  con=0.020  dyn=2.506  image=9.661  rep=2.506  rew=0.482
  update 10900/20000: wm_total=15.246  con=0.020  dyn=2.396  image=9.866  rep=2.396  rew=0.568
  update 10925/20000: wm_total=14.787  con=0.020  dyn=2.392  image=9.608  rep=2.392  rew=0.374
  update 10950/20000: wm_total=15.089  con=0.020  dyn=2.392  image=9.848  rep=2.392  rew=0.437
  update 10975/20000: wm_total=14.405  con=0.020  dyn=2.354  image=9.269  rep=2.354  rew=0.407
  update 11000/20000: wm_total=15.359  con=0.020  dyn=2.420  image=10.221  rep=2.420  rew=0.279
  update 11025/20000: wm_total=14.422  con=0.020  dyn=2.351  image=9.228  rep=2.351  rew=0.470
  update 11050/20000: wm_total=15.658  con=0.020  dyn=2.566  image=10.111  rep=2.566  rew=0.393
  update 11075/20000: wm_total=16.221  con=0.020  dyn=2.830  image=10.083  rep=2.830  rew=0.457
  update 11100/20000: wm_total=16.056  con=0.020  dyn=2.759  image=10.088  rep=2.759  rew=0.430
  update 11125/20000: wm_total=15.194  con=0.020  dyn=2.627  image=9.498  rep=2.627  rew=0.422
  update 11150/20000: wm_total=14.414  con=0.020  dyn=2.229  image=9.425  rep=2.229  rew=0.510
  update 11175/20000: wm_total=14.877  con=0.020  dyn=2.504  image=9.255  rep=2.504  rew=0.593
  update 11200/20000: wm_total=14.780  con=0.020  dyn=2.527  image=9.173  rep=2.527  rew=0.532
  update 11225/20000: wm_total=13.986  con=0.020  dyn=2.254  image=8.995  rep=2.254  rew=0.462
  update 11250/20000: wm_total=14.924  con=0.020  dyn=2.429  image=9.528  rep=2.429  rew=0.518
  update 11275/20000: wm_total=14.175  con=0.020  dyn=2.257  image=9.015  rep=2.257  rew=0.626
  update 11300/20000: wm_total=14.636  con=0.020  dyn=2.369  image=9.387  rep=2.369  rew=0.490
  update 11325/20000: wm_total=14.951  con=0.020  dyn=2.397  image=9.698  rep=2.397  rew=0.439
  update 11350/20000: wm_total=15.023  con=0.020  dyn=2.487  image=9.735  rep=2.487  rew=0.294
  update 11375/20000: wm_total=16.179  con=0.020  dyn=2.626  image=10.556  rep=2.626  rew=0.351
  update 11400/20000: wm_total=14.836  con=0.020  dyn=2.563  image=9.184  rep=2.563  rew=0.505
  update 11425/20000: wm_total=14.116  con=0.020  dyn=2.269  image=9.129  rep=2.269  rew=0.429
  update 11450/20000: wm_total=14.805  con=0.020  dyn=2.558  image=9.238  rep=2.558  rew=0.430
  update 11475/20000: wm_total=14.526  con=0.020  dyn=2.403  image=9.199  rep=2.403  rew=0.501
  update 11500/20000: wm_total=14.597  con=0.020  dyn=2.386  image=9.365  rep=2.386  rew=0.439
  update 11525/20000: wm_total=15.805  con=0.020  dyn=2.605  image=10.207  rep=2.605  rew=0.367
  update 11550/20000: wm_total=15.946  con=0.020  dyn=2.770  image=10.039  rep=2.770  rew=0.347
  update 11575/20000: wm_total=14.248  con=0.020  dyn=2.422  image=8.881  rep=2.422  rew=0.503
  update 11600/20000: wm_total=14.886  con=0.020  dyn=2.375  image=9.655  rep=2.375  rew=0.461
  update 11625/20000: wm_total=14.213  con=0.020  dyn=2.385  image=8.966  rep=2.385  rew=0.455
  update 11650/20000: wm_total=14.596  con=0.020  dyn=2.508  image=9.064  rep=2.508  rew=0.496
  update 11675/20000: wm_total=14.616  con=0.020  dyn=2.457  image=9.215  rep=2.457  rew=0.467
  update 11700/20000: wm_total=14.424  con=0.020  dyn=2.314  image=9.295  rep=2.314  rew=0.480
  update 11725/20000: wm_total=13.800  con=0.020  dyn=2.320  image=8.687  rep=2.320  rew=0.453
  update 11750/20000: wm_total=15.739  con=0.020  dyn=2.685  image=10.028  rep=2.685  rew=0.320
  update 11775/20000: wm_total=14.319  con=0.020  dyn=2.353  image=9.181  rep=2.353  rew=0.412
  update 11800/20000: wm_total=14.615  con=0.020  dyn=2.450  image=9.233  rep=2.450  rew=0.460
  update 11825/20000: wm_total=15.147  con=0.020  dyn=2.479  image=9.758  rep=2.479  rew=0.411
  update 11850/20000: wm_total=13.492  con=0.020  dyn=2.283  image=8.402  rep=2.283  rew=0.504
  update 11875/20000: wm_total=14.981  con=0.020  dyn=2.459  image=9.659  rep=2.459  rew=0.384
  update 11900/20000: wm_total=13.742  con=0.020  dyn=2.405  image=8.370  rep=2.405  rew=0.542
  update 11925/20000: wm_total=14.168  con=0.020  dyn=2.360  image=8.953  rep=2.360  rew=0.474
  update 11950/20000: wm_total=15.026  con=0.020  dyn=2.483  image=9.570  rep=2.483  rew=0.470
  update 11975/20000: wm_total=14.954  con=0.020  dyn=2.508  image=9.569  rep=2.508  rew=0.347
  update 12000/20000: wm_total=15.713  con=0.020  dyn=2.501  image=10.408  rep=2.501  rew=0.282
  update 12025/20000: wm_total=14.282  con=0.020  dyn=2.388  image=9.067  rep=2.388  rew=0.419
  update 12050/20000: wm_total=14.281  con=0.020  dyn=2.364  image=9.037  rep=2.364  rew=0.495
  update 12075/20000: wm_total=14.544  con=0.020  dyn=2.359  image=9.437  rep=2.359  rew=0.368
  update 12100/20000: wm_total=14.916  con=0.020  dyn=2.541  image=9.460  rep=2.541  rew=0.354
  update 12125/20000: wm_total=13.443  con=0.020  dyn=2.164  image=8.595  rep=2.164  rew=0.500
  update 12150/20000: wm_total=15.648  con=0.020  dyn=2.480  image=10.416  rep=2.480  rew=0.252
  update 12175/20000: wm_total=13.230  con=0.020  dyn=2.092  image=8.493  rep=2.092  rew=0.531
  update 12200/20000: wm_total=14.114  con=0.020  dyn=2.338  image=9.034  rep=2.338  rew=0.383
  update 12225/20000: wm_total=14.487  con=0.020  dyn=2.409  image=9.284  rep=2.409  rew=0.365
  update 12250/20000: wm_total=14.465  con=0.020  dyn=2.381  image=9.192  rep=2.381  rew=0.491
  update 12275/20000: wm_total=14.529  con=0.020  dyn=2.383  image=9.365  rep=2.383  rew=0.377
  update 12300/20000: wm_total=15.277  con=0.020  dyn=2.537  image=9.826  rep=2.537  rew=0.355
  update 12325/20000: wm_total=13.572  con=0.020  dyn=2.267  image=8.461  rep=2.267  rew=0.557
  update 12350/20000: wm_total=13.767  con=0.020  dyn=2.261  image=8.788  rep=2.261  rew=0.436
  update 12375/20000: wm_total=13.224  con=0.020  dyn=2.178  image=8.262  rep=2.178  rew=0.585
  update 12400/20000: wm_total=14.633  con=0.020  dyn=2.448  image=9.343  rep=2.448  rew=0.374
  update 12425/20000: wm_total=14.804  con=0.020  dyn=2.516  image=9.340  rep=2.516  rew=0.411
  update 12450/20000: wm_total=14.923  con=0.020  dyn=2.528  image=9.302  rep=2.528  rew=0.544
  update 12475/20000: wm_total=12.755  con=0.020  dyn=2.064  image=7.998  rep=2.064  rew=0.609
  update 12500/20000: wm_total=13.504  con=0.020  dyn=2.250  image=8.518  rep=2.250  rew=0.466
  update 12525/20000: wm_total=15.045  con=0.020  dyn=2.571  image=9.589  rep=2.571  rew=0.293
  update 12550/20000: wm_total=14.085  con=0.020  dyn=2.390  image=8.825  rep=2.390  rew=0.459
  update 12575/20000: wm_total=15.105  con=0.020  dyn=2.541  image=9.667  rep=2.541  rew=0.336
  update 12600/20000: wm_total=15.691  con=0.020  dyn=2.719  image=9.827  rep=2.719  rew=0.407
  update 12625/20000: wm_total=14.362  con=0.020  dyn=2.326  image=9.380  rep=2.326  rew=0.310
  update 12650/20000: wm_total=13.822  con=0.020  dyn=2.277  image=8.772  rep=2.277  rew=0.476
  update 12675/20000: wm_total=15.588  con=0.020  dyn=2.675  image=9.846  rep=2.675  rew=0.371
  update 12700/20000: wm_total=15.391  con=0.020  dyn=2.539  image=9.942  rep=2.539  rew=0.351
  update 12725/20000: wm_total=15.340  con=0.020  dyn=2.593  image=9.799  rep=2.593  rew=0.334
  update 12750/20000: wm_total=14.257  con=0.020  dyn=2.405  image=9.065  rep=2.405  rew=0.361
  update 12775/20000: wm_total=14.366  con=0.020  dyn=2.463  image=9.038  rep=2.463  rew=0.382
  update 12800/20000: wm_total=13.873  con=0.020  dyn=2.263  image=8.882  rep=2.263  rew=0.444
  update 12825/20000: wm_total=14.533  con=0.020  dyn=2.393  image=9.416  rep=2.393  rew=0.310
  update 12850/20000: wm_total=14.703  con=0.020  dyn=2.659  image=8.913  rep=2.659  rew=0.451
  update 12875/20000: wm_total=13.673  con=0.020  dyn=2.311  image=8.612  rep=2.311  rew=0.419
  update 12900/20000: wm_total=14.719  con=0.020  dyn=2.335  image=9.695  rep=2.335  rew=0.334
  update 12925/20000: wm_total=13.960  con=0.020  dyn=2.449  image=8.579  rep=2.449  rew=0.463
  update 12950/20000: wm_total=14.231  con=0.020  dyn=2.368  image=9.084  rep=2.368  rew=0.390
  update 12975/20000: wm_total=14.752  con=0.020  dyn=2.527  image=9.461  rep=2.527  rew=0.217
  update 13000/20000: wm_total=14.225  con=0.020  dyn=2.383  image=8.922  rep=2.383  rew=0.515
  update 13025/20000: wm_total=13.399  con=0.020  dyn=2.318  image=8.260  rep=2.318  rew=0.483
  update 13050/20000: wm_total=14.467  con=0.020  dyn=2.414  image=9.202  rep=2.414  rew=0.418
  update 13075/20000: wm_total=14.692  con=0.020  dyn=2.415  image=9.339  rep=2.415  rew=0.502
  update 13100/20000: wm_total=14.661  con=0.020  dyn=2.490  image=9.283  rep=2.490  rew=0.379
  update 13125/20000: wm_total=14.219  con=0.020  dyn=2.383  image=9.004  rep=2.383  rew=0.429
  update 13150/20000: wm_total=14.378  con=0.020  dyn=2.505  image=8.939  rep=2.505  rew=0.409
  update 13175/20000: wm_total=13.600  con=0.020  dyn=2.251  image=8.646  rep=2.251  rew=0.432
  update 13200/20000: wm_total=13.237  con=0.020  dyn=2.252  image=8.296  rep=2.252  rew=0.417
  update 13225/20000: wm_total=13.631  con=0.020  dyn=2.298  image=8.547  rep=2.298  rew=0.467
  update 13250/20000: wm_total=13.441  con=0.020  dyn=2.285  image=8.352  rep=2.285  rew=0.500
  update 13275/20000: wm_total=13.836  con=0.020  dyn=2.275  image=8.706  rep=2.275  rew=0.559
  update 13300/20000: wm_total=13.364  con=0.020  dyn=2.230  image=8.403  rep=2.230  rew=0.481
  update 13325/20000: wm_total=13.352  con=0.020  dyn=2.238  image=8.347  rep=2.238  rew=0.509
  update 13350/20000: wm_total=14.712  con=0.020  dyn=2.507  image=9.384  rep=2.507  rew=0.294
  update 13375/20000: wm_total=14.423  con=0.020  dyn=2.477  image=9.014  rep=2.477  rew=0.434
  update 13400/20000: wm_total=13.684  con=0.020  dyn=2.342  image=8.520  rep=2.342  rew=0.459
  update 13425/20000: wm_total=14.098  con=0.020  dyn=2.450  image=8.650  rep=2.450  rew=0.528
  update 13450/20000: wm_total=13.616  con=0.020  dyn=2.280  image=8.618  rep=2.280  rew=0.417
  update 13475/20000: wm_total=14.004  con=0.020  dyn=2.417  image=8.734  rep=2.417  rew=0.415
  update 13500/20000: wm_total=13.775  con=0.020  dyn=2.260  image=8.689  rep=2.260  rew=0.546
  update 13525/20000: wm_total=13.719  con=0.020  dyn=2.271  image=8.702  rep=2.271  rew=0.455
  update 13550/20000: wm_total=12.811  con=0.020  dyn=2.199  image=7.753  rep=2.199  rew=0.640
  update 13575/20000: wm_total=13.497  con=0.020  dyn=2.392  image=8.226  rep=2.392  rew=0.467
  update 13600/20000: wm_total=13.603  con=0.020  dyn=2.297  image=8.472  rep=2.297  rew=0.516
  update 13625/20000: wm_total=13.102  con=0.020  dyn=2.148  image=8.369  rep=2.148  rew=0.418
  update 13650/20000: wm_total=14.742  con=0.020  dyn=2.518  image=9.300  rep=2.518  rew=0.387
  update 13675/20000: wm_total=13.839  con=0.020  dyn=2.349  image=8.760  rep=2.349  rew=0.361
  update 13700/20000: wm_total=13.532  con=0.020  dyn=2.368  image=8.315  rep=2.368  rew=0.462
  update 13725/20000: wm_total=13.976  con=0.020  dyn=2.432  image=8.631  rep=2.432  rew=0.461
  update 13750/20000: wm_total=12.320  con=0.020  dyn=2.020  image=7.756  rep=2.020  rew=0.504
  update 13775/20000: wm_total=13.322  con=0.020  dyn=2.307  image=8.264  rep=2.307  rew=0.424
  update 13800/20000: wm_total=13.582  con=0.020  dyn=2.333  image=8.324  rep=2.333  rew=0.570
  update 13825/20000: wm_total=13.960  con=0.020  dyn=2.316  image=8.863  rep=2.316  rew=0.443
  update 13850/20000: wm_total=14.398  con=0.020  dyn=2.445  image=8.981  rep=2.445  rew=0.506
  update 13875/20000: wm_total=14.227  con=0.020  dyn=2.550  image=8.727  rep=2.550  rew=0.380
  update 13900/20000: wm_total=13.236  con=0.020  dyn=2.197  image=8.365  rep=2.197  rew=0.458
  update 13925/20000: wm_total=13.589  con=0.020  dyn=2.230  image=8.583  rep=2.230  rew=0.526
  update 13950/20000: wm_total=13.765  con=0.020  dyn=2.249  image=8.847  rep=2.249  rew=0.401
  update 13975/20000: wm_total=13.553  con=0.020  dyn=2.281  image=8.554  rep=2.281  rew=0.415
  update 14000/20000: wm_total=13.801  con=0.020  dyn=2.276  image=8.806  rep=2.276  rew=0.422
  update 14025/20000: wm_total=14.076  con=0.020  dyn=2.406  image=8.807  rep=2.406  rew=0.436
  update 14050/20000: wm_total=14.653  con=0.020  dyn=2.549  image=9.123  rep=2.549  rew=0.411
  update 14075/20000: wm_total=14.150  con=0.020  dyn=2.406  image=9.001  rep=2.406  rew=0.316
  update 14100/20000: wm_total=13.547  con=0.020  dyn=2.262  image=8.647  rep=2.262  rew=0.355
  update 14125/20000: wm_total=13.857  con=0.020  dyn=2.462  image=8.358  rep=2.462  rew=0.553
  update 14150/20000: wm_total=14.081  con=0.020  dyn=2.442  image=8.763  rep=2.442  rew=0.413
  update 14175/20000: wm_total=13.995  con=0.020  dyn=2.261  image=9.036  rep=2.261  rew=0.417
  update 14200/20000: wm_total=12.386  con=0.020  dyn=2.076  image=7.649  rep=2.076  rew=0.564
  update 14225/20000: wm_total=12.323  con=0.020  dyn=2.065  image=7.589  rep=2.065  rew=0.584
  update 14250/20000: wm_total=13.525  con=0.020  dyn=2.357  image=8.307  rep=2.357  rew=0.483
  update 14275/20000: wm_total=13.668  con=0.020  dyn=2.384  image=8.545  rep=2.384  rew=0.335
  update 14300/20000: wm_total=12.593  con=0.020  dyn=2.143  image=7.911  rep=2.143  rew=0.375
  update 14325/20000: wm_total=13.481  con=0.020  dyn=2.229  image=8.624  rep=2.229  rew=0.378
  update 14350/20000: wm_total=14.097  con=0.020  dyn=2.421  image=8.779  rep=2.421  rew=0.456
  update 14375/20000: wm_total=13.326  con=0.020  dyn=2.240  image=8.402  rep=2.240  rew=0.423
  update 14400/20000: wm_total=12.965  con=0.020  dyn=2.258  image=7.975  rep=2.258  rew=0.454
  update 14425/20000: wm_total=13.024  con=0.020  dyn=2.243  image=8.079  rep=2.243  rew=0.438
  update 14450/20000: wm_total=14.622  con=0.020  dyn=2.588  image=9.122  rep=2.588  rew=0.304
  update 14475/20000: wm_total=12.698  con=0.020  dyn=2.113  image=7.952  rep=2.113  rew=0.500
  update 14500/20000: wm_total=14.664  con=0.020  dyn=2.618  image=8.869  rep=2.618  rew=0.539
  update 14525/20000: wm_total=14.115  con=0.020  dyn=2.478  image=8.712  rep=2.478  rew=0.428
  update 14550/20000: wm_total=13.711  con=0.020  dyn=2.321  image=8.756  rep=2.321  rew=0.292
  update 14575/20000: wm_total=13.504  con=0.020  dyn=2.349  image=8.476  rep=2.349  rew=0.309
  update 14600/20000: wm_total=12.743  con=0.020  dyn=2.263  image=7.689  rep=2.263  rew=0.507
  update 14625/20000: wm_total=13.694  con=0.020  dyn=2.324  image=8.672  rep=2.324  rew=0.353
  update 14650/20000: wm_total=13.339  con=0.020  dyn=2.132  image=8.710  rep=2.132  rew=0.343
  update 14675/20000: wm_total=13.023  con=0.020  dyn=2.247  image=8.067  rep=2.247  rew=0.441
  update 14700/20000: wm_total=15.268  con=0.020  dyn=2.693  image=9.508  rep=2.693  rew=0.353
  update 14725/20000: wm_total=12.327  con=0.020  dyn=2.188  image=7.459  rep=2.188  rew=0.472
  update 14750/20000: wm_total=12.944  con=0.020  dyn=2.164  image=8.075  rep=2.164  rew=0.521
  update 14775/20000: wm_total=12.563  con=0.020  dyn=2.052  image=8.064  rep=2.052  rew=0.375
  update 14800/20000: wm_total=13.200  con=0.020  dyn=2.302  image=8.035  rep=2.302  rew=0.540
  update 14825/20000: wm_total=12.105  con=0.020  dyn=2.166  image=7.184  rep=2.166  rew=0.568
  update 14850/20000: wm_total=13.133  con=0.020  dyn=2.180  image=8.543  rep=2.180  rew=0.209
  update 14875/20000: wm_total=13.141  con=0.020  dyn=2.176  image=8.251  rep=2.176  rew=0.518
  update 14900/20000: wm_total=12.799  con=0.020  dyn=2.182  image=7.974  rep=2.182  rew=0.440
  update 14925/20000: wm_total=13.456  con=0.020  dyn=2.399  image=8.189  rep=2.399  rew=0.449
  update 14950/20000: wm_total=12.285  con=0.020  dyn=2.120  image=7.515  rep=2.120  rew=0.509
  update 14975/20000: wm_total=13.229  con=0.020  dyn=2.355  image=8.110  rep=2.355  rew=0.389
  update 15000/20000: wm_total=12.997  con=0.020  dyn=2.193  image=8.239  rep=2.193  rew=0.352
  update 15025/20000: wm_total=13.524  con=0.020  dyn=2.261  image=8.564  rep=2.261  rew=0.417
  update 15050/20000: wm_total=12.870  con=0.020  dyn=2.210  image=7.940  rep=2.210  rew=0.489
  update 15075/20000: wm_total=13.140  con=0.020  dyn=2.313  image=8.077  rep=2.313  rew=0.417
  update 15100/20000: wm_total=13.089  con=0.020  dyn=2.220  image=8.169  rep=2.220  rew=0.460
  update 15125/20000: wm_total=12.196  con=0.020  dyn=2.001  image=7.576  rep=2.001  rew=0.597
  update 15150/20000: wm_total=13.056  con=0.020  dyn=2.375  image=7.785  rep=2.375  rew=0.500
  update 15175/20000: wm_total=13.938  con=0.020  dyn=2.370  image=8.882  rep=2.370  rew=0.294
  update 15200/20000: wm_total=12.577  con=0.020  dyn=2.157  image=7.735  rep=2.157  rew=0.507
  update 15225/20000: wm_total=13.181  con=0.020  dyn=2.312  image=8.074  rep=2.312  rew=0.463
  update 15250/20000: wm_total=12.816  con=0.020  dyn=2.196  image=8.013  rep=2.196  rew=0.390
  update 15275/20000: wm_total=13.303  con=0.020  dyn=2.213  image=8.426  rep=2.213  rew=0.430
  update 15300/20000: wm_total=12.138  con=0.020  dyn=2.056  image=7.499  rep=2.056  rew=0.506
  update 15325/20000: wm_total=12.040  con=0.020  dyn=1.975  image=7.586  rep=1.975  rew=0.483
  update 15350/20000: wm_total=13.329  con=0.020  dyn=2.335  image=8.306  rep=2.335  rew=0.333
  update 15375/20000: wm_total=11.814  con=0.020  dyn=1.971  image=7.346  rep=1.971  rew=0.506
  update 15400/20000: wm_total=13.040  con=0.020  dyn=2.171  image=8.354  rep=2.171  rew=0.323
  update 15425/20000: wm_total=13.286  con=0.020  dyn=2.304  image=8.195  rep=2.304  rew=0.461
  update 15450/20000: wm_total=12.597  con=0.020  dyn=2.126  image=7.824  rep=2.126  rew=0.500
  update 15475/20000: wm_total=12.591  con=0.020  dyn=1.968  image=8.215  rep=1.968  rew=0.419
  update 15500/20000: wm_total=12.060  con=0.020  dyn=2.019  image=7.625  rep=2.019  rew=0.376
  update 15525/20000: wm_total=11.989  con=0.020  dyn=2.055  image=7.502  rep=2.055  rew=0.356
  update 15550/20000: wm_total=13.928  con=0.020  dyn=2.392  image=8.819  rep=2.392  rew=0.304
  update 15575/20000: wm_total=12.834  con=0.020  dyn=2.196  image=7.947  rep=2.196  rew=0.475
  update 15600/20000: wm_total=11.979  con=0.020  dyn=1.996  image=7.424  rep=1.996  rew=0.542
  update 15625/20000: wm_total=12.008  con=0.020  dyn=1.976  image=7.522  rep=1.976  rew=0.515
  update 15650/20000: wm_total=13.611  con=0.020  dyn=2.384  image=8.514  rep=2.384  rew=0.308
  update 15675/20000: wm_total=12.440  con=0.020  dyn=2.201  image=7.500  rep=2.201  rew=0.518
  update 15700/20000: wm_total=12.774  con=0.020  dyn=2.206  image=7.882  rep=2.206  rew=0.460
  update 15725/20000: wm_total=13.055  con=0.020  dyn=2.257  image=8.180  rep=2.257  rew=0.342
  update 15750/20000: wm_total=13.224  con=0.020  dyn=2.298  image=8.242  rep=2.298  rew=0.365
  update 15775/20000: wm_total=13.277  con=0.020  dyn=2.383  image=8.059  rep=2.383  rew=0.432
  update 15800/20000: wm_total=12.861  con=0.020  dyn=2.320  image=7.731  rep=2.320  rew=0.469
  update 15825/20000: wm_total=12.330  con=0.020  dyn=2.099  image=7.646  rep=2.099  rew=0.464
  update 15850/20000: wm_total=13.205  con=0.020  dyn=2.192  image=8.422  rep=2.192  rew=0.378
  update 15875/20000: wm_total=13.486  con=0.020  dyn=2.389  image=8.312  rep=2.389  rew=0.375
  update 15900/20000: wm_total=11.897  con=0.020  dyn=1.998  image=7.369  rep=1.998  rew=0.512
  update 15925/20000: wm_total=12.595  con=0.020  dyn=2.180  image=7.738  rep=2.180  rew=0.475
  update 15950/20000: wm_total=12.399  con=0.020  dyn=2.094  image=7.691  rep=2.094  rew=0.500
  update 15975/20000: wm_total=11.829  con=0.020  dyn=2.092  image=7.180  rep=2.092  rew=0.446
  update 16000/20000: wm_total=11.935  con=0.020  dyn=1.981  image=7.485  rep=1.981  rew=0.468
  update 16025/20000: wm_total=12.738  con=0.020  dyn=2.107  image=8.085  rep=2.107  rew=0.418
  update 16050/20000: wm_total=13.084  con=0.020  dyn=2.225  image=8.239  rep=2.225  rew=0.376
  update 16075/20000: wm_total=12.726  con=0.020  dyn=2.168  image=7.942  rep=2.168  rew=0.427
  update 16100/20000: wm_total=13.295  con=0.020  dyn=2.341  image=8.263  rep=2.341  rew=0.331
  update 16125/20000: wm_total=11.668  con=0.020  dyn=1.977  image=7.159  rep=1.977  rew=0.534
  update 16150/20000: wm_total=12.831  con=0.020  dyn=2.167  image=7.965  rep=2.167  rew=0.511
  update 16175/20000: wm_total=12.829  con=0.020  dyn=2.144  image=8.138  rep=2.144  rew=0.382
  update 16200/20000: wm_total=12.748  con=0.020  dyn=2.216  image=7.907  rep=2.216  rew=0.388
  update 16225/20000: wm_total=12.891  con=0.020  dyn=2.062  image=8.321  rep=2.062  rew=0.425
  update 16250/20000: wm_total=13.358  con=0.020  dyn=2.387  image=8.171  rep=2.387  rew=0.393
  update 16275/20000: wm_total=11.816  con=0.020  dyn=2.028  image=7.301  rep=2.028  rew=0.438
  update 16300/20000: wm_total=12.622  con=0.020  dyn=2.201  image=7.908  rep=2.201  rew=0.292
  update 16325/20000: wm_total=12.168  con=0.020  dyn=2.136  image=7.377  rep=2.136  rew=0.500
  update 16350/20000: wm_total=12.182  con=0.020  dyn=2.230  image=7.201  rep=2.230  rew=0.501
  update 16375/20000: wm_total=12.315  con=0.020  dyn=2.162  image=7.553  rep=2.162  rew=0.417
  update 16400/20000: wm_total=12.426  con=0.020  dyn=2.150  image=7.649  rep=2.150  rew=0.456
  update 16425/20000: wm_total=12.599  con=0.020  dyn=2.132  image=7.804  rep=2.132  rew=0.510
  update 16450/20000: wm_total=12.033  con=0.020  dyn=2.079  image=7.463  rep=2.079  rew=0.391
  update 16475/20000: wm_total=12.219  con=0.020  dyn=2.087  image=7.648  rep=2.087  rew=0.376
  update 16500/20000: wm_total=12.783  con=0.020  dyn=2.202  image=7.969  rep=2.202  rew=0.389
  update 16525/20000: wm_total=11.501  con=0.020  dyn=2.005  image=6.971  rep=2.005  rew=0.499
  update 16550/20000: wm_total=12.460  con=0.020  dyn=2.073  image=8.000  rep=2.073  rew=0.294
  update 16575/20000: wm_total=11.732  con=0.020  dyn=2.025  image=7.081  rep=2.025  rew=0.581
  update 16600/20000: wm_total=12.420  con=0.020  dyn=2.129  image=7.766  rep=2.129  rew=0.375
  update 16625/20000: wm_total=12.241  con=0.020  dyn=2.161  image=7.592  rep=2.161  rew=0.306
  update 16650/20000: wm_total=11.584  con=0.020  dyn=2.016  image=7.053  rep=2.016  rew=0.479
  update 16675/20000: wm_total=12.818  con=0.020  dyn=2.248  image=8.060  rep=2.248  rew=0.240
  update 16700/20000: wm_total=13.200  con=0.020  dyn=2.344  image=8.135  rep=2.344  rew=0.358
  update 16725/20000: wm_total=12.548  con=0.020  dyn=2.059  image=7.910  rep=2.059  rew=0.500
  update 16750/20000: wm_total=11.790  con=0.020  dyn=1.995  image=7.349  rep=1.995  rew=0.431
  update 16775/20000: wm_total=12.820  con=0.020  dyn=2.116  image=8.002  rep=2.116  rew=0.565
  update 16800/20000: wm_total=11.486  con=0.020  dyn=1.926  image=7.057  rep=1.926  rew=0.556
  update 16825/20000: wm_total=13.730  con=0.020  dyn=2.460  image=8.469  rep=2.460  rew=0.321
  update 16850/20000: wm_total=12.332  con=0.020  dyn=2.117  image=7.618  rep=2.117  rew=0.458
  update 16875/20000: wm_total=11.881  con=0.020  dyn=2.089  image=7.260  rep=2.089  rew=0.422
  update 16900/20000: wm_total=12.454  con=0.020  dyn=2.249  image=7.577  rep=2.249  rew=0.359
  update 16925/20000: wm_total=12.420  con=0.020  dyn=2.180  image=7.540  rep=2.180  rew=0.500
  update 16950/20000: wm_total=11.732  con=0.020  dyn=1.969  image=7.275  rep=1.969  rew=0.499
  update 16975/20000: wm_total=12.265  con=0.020  dyn=2.110  image=7.579  rep=2.110  rew=0.444
  update 17000/20000: wm_total=12.813  con=0.020  dyn=2.335  image=7.674  rep=2.335  rew=0.448
  update 17025/20000: wm_total=12.117  con=0.020  dyn=2.045  image=7.674  rep=2.045  rew=0.334
  update 17050/20000: wm_total=13.531  con=0.020  dyn=2.269  image=8.641  rep=2.269  rew=0.332
  update 17075/20000: wm_total=11.230  con=0.020  dyn=1.884  image=7.084  rep=1.884  rew=0.357
  update 17100/20000: wm_total=12.415  con=0.020  dyn=2.132  image=7.795  rep=2.132  rew=0.337
  update 17125/20000: wm_total=12.196  con=0.020  dyn=2.092  image=7.622  rep=2.092  rew=0.370
  update 17150/20000: wm_total=12.344  con=0.020  dyn=2.089  image=7.710  rep=2.089  rew=0.436
  update 17175/20000: wm_total=11.389  con=0.020  dyn=1.871  image=7.251  rep=1.871  rew=0.375
  update 17200/20000: wm_total=12.702  con=0.020  dyn=2.350  image=7.543  rep=2.350  rew=0.439
  update 17225/20000: wm_total=13.027  con=0.020  dyn=2.242  image=8.190  rep=2.242  rew=0.333
  update 17250/20000: wm_total=11.684  con=0.020  dyn=1.925  image=7.339  rep=1.925  rew=0.474
  update 17275/20000: wm_total=12.525  con=0.020  dyn=2.086  image=7.953  rep=2.086  rew=0.381
  update 17300/20000: wm_total=12.375  con=0.020  dyn=2.127  image=7.546  rep=2.127  rew=0.555
  update 17325/20000: wm_total=12.836  con=0.020  dyn=2.232  image=7.963  rep=2.232  rew=0.389
  update 17350/20000: wm_total=12.161  con=0.020  dyn=2.072  image=7.585  rep=2.072  rew=0.412
  update 17375/20000: wm_total=12.853  con=0.020  dyn=2.267  image=7.927  rep=2.267  rew=0.370
  update 17400/20000: wm_total=10.643  con=0.020  dyn=1.756  image=6.528  rep=1.756  rew=0.583
  update 17425/20000: wm_total=11.786  con=0.020  dyn=1.994  image=7.361  rep=1.994  rew=0.417
  update 17450/20000: wm_total=11.130  con=0.020  dyn=1.840  image=7.032  rep=1.840  rew=0.398
  update 17475/20000: wm_total=13.563  con=0.020  dyn=2.408  image=8.375  rep=2.408  rew=0.353
  update 17500/20000: wm_total=12.121  con=0.020  dyn=2.091  image=7.491  rep=2.091  rew=0.427
  update 17525/20000: wm_total=12.304  con=0.020  dyn=2.286  image=7.290  rep=2.286  rew=0.422
  update 17550/20000: wm_total=11.961  con=0.020  dyn=1.992  image=7.498  rep=1.992  rew=0.458
  update 17575/20000: wm_total=11.564  con=0.020  dyn=1.986  image=7.114  rep=1.986  rew=0.459
  update 17600/20000: wm_total=11.594  con=0.020  dyn=1.972  image=7.255  rep=1.972  rew=0.375
  update 17625/20000: wm_total=12.226  con=0.020  dyn=2.003  image=7.753  rep=2.003  rew=0.446
  update 17650/20000: wm_total=12.800  con=0.020  dyn=2.122  image=8.086  rep=2.122  rew=0.450
  update 17675/20000: wm_total=11.914  con=0.020  dyn=2.039  image=7.483  rep=2.039  rew=0.333
  update 17700/20000: wm_total=11.420  con=0.020  dyn=1.929  image=7.291  rep=1.929  rew=0.250
  update 17725/20000: wm_total=12.089  con=0.020  dyn=2.010  image=7.632  rep=2.010  rew=0.416
  update 17750/20000: wm_total=12.221  con=0.020  dyn=2.082  image=7.699  rep=2.082  rew=0.338
  update 17775/20000: wm_total=11.026  con=0.020  dyn=1.865  image=6.741  rep=1.865  rew=0.535
  update 17800/20000: wm_total=12.766  con=0.020  dyn=2.194  image=7.957  rep=2.194  rew=0.401
  update 17825/20000: wm_total=12.549  con=0.020  dyn=2.169  image=7.816  rep=2.169  rew=0.374
  update 17850/20000: wm_total=12.327  con=0.020  dyn=2.135  image=7.611  rep=2.135  rew=0.426
  update 17875/20000: wm_total=12.962  con=0.020  dyn=2.257  image=8.116  rep=2.257  rew=0.312
  update 17900/20000: wm_total=12.455  con=0.020  dyn=2.189  image=7.637  rep=2.189  rew=0.420
  update 17925/20000: wm_total=12.074  con=0.020  dyn=2.092  image=7.400  rep=2.092  rew=0.470
  update 17950/20000: wm_total=11.563  con=0.020  dyn=1.894  image=7.248  rep=1.894  rew=0.506
  update 17975/20000: wm_total=12.123  con=0.020  dyn=2.115  image=7.401  rep=2.115  rew=0.471
  update 18000/20000: wm_total=11.797  con=0.020  dyn=2.045  image=7.364  rep=2.045  rew=0.322
  update 18025/20000: wm_total=12.063  con=0.020  dyn=1.995  image=7.636  rep=1.995  rew=0.416
  update 18050/20000: wm_total=11.602  con=0.020  dyn=1.978  image=7.186  rep=1.978  rew=0.441
  update 18075/20000: wm_total=12.552  con=0.020  dyn=2.197  image=7.765  rep=2.197  rew=0.372
  update 18100/20000: wm_total=11.756  con=0.020  dyn=2.109  image=7.034  rep=2.109  rew=0.484
  update 18125/20000: wm_total=11.538  con=0.020  dyn=1.927  image=7.186  rep=1.927  rew=0.478
  update 18150/20000: wm_total=11.831  con=0.020  dyn=2.035  image=7.268  rep=2.035  rew=0.473
  update 18175/20000: wm_total=12.245  con=0.020  dyn=2.148  image=7.589  rep=2.148  rew=0.341
  update 18200/20000: wm_total=12.856  con=0.020  dyn=2.254  image=8.026  rep=2.254  rew=0.302
  update 18225/20000: wm_total=11.496  con=0.020  dyn=1.914  image=7.247  rep=1.914  rew=0.399
  update 18250/20000: wm_total=12.329  con=0.020  dyn=2.097  image=7.676  rep=2.097  rew=0.438
  update 18275/20000: wm_total=11.547  con=0.020  dyn=1.941  image=7.190  rep=1.941  rew=0.455
  update 18300/20000: wm_total=12.170  con=0.020  dyn=2.169  image=7.337  rep=2.169  rew=0.475
  update 18325/20000: wm_total=11.294  con=0.020  dyn=1.982  image=6.800  rep=1.982  rew=0.510
  update 18350/20000: wm_total=11.814  con=0.020  dyn=2.039  image=7.169  rep=2.039  rew=0.546
  update 18375/20000: wm_total=12.077  con=0.020  dyn=2.143  image=7.383  rep=2.143  rew=0.388
  update 18400/20000: wm_total=12.225  con=0.020  dyn=2.076  image=7.717  rep=2.076  rew=0.334
  update 18425/20000: wm_total=10.838  con=0.020  dyn=1.902  image=6.515  rep=1.902  rew=0.499
  update 18450/20000: wm_total=11.037  con=0.020  dyn=1.882  image=6.824  rep=1.882  rew=0.427
  update 18475/20000: wm_total=11.799  con=0.020  dyn=2.018  image=7.273  rep=2.018  rew=0.469
  update 18500/20000: wm_total=11.367  con=0.020  dyn=1.898  image=7.218  rep=1.898  rew=0.333
  update 18525/20000: wm_total=12.536  con=0.020  dyn=2.083  image=7.942  rep=2.083  rew=0.408
  update 18550/20000: wm_total=11.847  con=0.020  dyn=2.042  image=7.351  rep=2.042  rew=0.391
  update 18575/20000: wm_total=11.942  con=0.020  dyn=2.120  image=7.248  rep=2.120  rew=0.434
  update 18600/20000: wm_total=10.903  con=0.020  dyn=1.936  image=6.386  rep=1.936  rew=0.624
  update 18625/20000: wm_total=11.718  con=0.020  dyn=2.047  image=7.119  rep=2.047  rew=0.484
  update 18650/20000: wm_total=12.069  con=0.020  dyn=2.064  image=7.500  rep=2.064  rew=0.421
  update 18675/20000: wm_total=11.896  con=0.020  dyn=1.997  image=7.400  rep=1.997  rew=0.481
  update 18700/20000: wm_total=10.736  con=0.020  dyn=1.797  image=6.702  rep=1.797  rew=0.419
  update 18725/20000: wm_total=11.513  con=0.020  dyn=1.962  image=7.182  rep=1.962  rew=0.386
  update 18750/20000: wm_total=11.822  con=0.020  dyn=1.959  image=7.571  rep=1.959  rew=0.313
  update 18775/20000: wm_total=12.120  con=0.020  dyn=2.092  image=7.493  rep=2.092  rew=0.422
  update 18800/20000: wm_total=11.967  con=0.020  dyn=2.032  image=7.508  rep=2.032  rew=0.375
  update 18825/20000: wm_total=12.146  con=0.020  dyn=2.130  image=7.478  rep=2.130  rew=0.387
  update 18850/20000: wm_total=12.363  con=0.020  dyn=2.084  image=7.749  rep=2.084  rew=0.426
  update 18875/20000: wm_total=12.167  con=0.020  dyn=2.128  image=7.575  rep=2.128  rew=0.314
  update 18900/20000: wm_total=12.063  con=0.020  dyn=2.089  image=7.601  rep=2.089  rew=0.265
  update 18925/20000: wm_total=12.094  con=0.020  dyn=2.069  image=7.550  rep=2.069  rew=0.385
  update 18950/20000: wm_total=11.497  con=0.020  dyn=2.066  image=6.997  rep=2.066  rew=0.348
  update 18975/20000: wm_total=11.259  con=0.020  dyn=2.004  image=6.856  rep=2.004  rew=0.375
  update 19000/20000: wm_total=10.754  con=0.020  dyn=1.897  image=6.397  rep=1.897  rew=0.542
  update 19025/20000: wm_total=11.633  con=0.020  dyn=1.945  image=7.193  rep=1.945  rew=0.529
  update 19050/20000: wm_total=10.708  con=0.020  dyn=1.854  image=6.578  rep=1.854  rew=0.402
  update 19075/20000: wm_total=11.088  con=0.020  dyn=1.928  image=6.794  rep=1.928  rew=0.417
  update 19100/20000: wm_total=10.905  con=0.020  dyn=1.791  image=6.869  rep=1.791  rew=0.433
  update 19125/20000: wm_total=11.193  con=0.020  dyn=1.991  image=6.669  rep=1.991  rew=0.523
  update 19150/20000: wm_total=11.238  con=0.020  dyn=1.934  image=6.961  rep=1.934  rew=0.388
  update 19175/20000: wm_total=10.893  con=0.020  dyn=1.884  image=6.605  rep=1.884  rew=0.500
  update 19200/20000: wm_total=11.788  con=0.020  dyn=1.929  image=7.567  rep=1.929  rew=0.342
  update 19225/20000: wm_total=11.601  con=0.020  dyn=1.982  image=7.259  rep=1.982  rew=0.358
  update 19250/20000: wm_total=11.786  con=0.020  dyn=2.081  image=7.222  rep=2.081  rew=0.381
  update 19275/20000: wm_total=12.592  con=0.020  dyn=2.139  image=7.864  rep=2.139  rew=0.429
  update 19300/20000: wm_total=12.027  con=0.020  dyn=2.135  image=7.403  rep=2.135  rew=0.333
  update 19325/20000: wm_total=11.402  con=0.020  dyn=1.940  image=7.087  rep=1.940  rew=0.413
  update 19350/20000: wm_total=12.105  con=0.020  dyn=2.117  image=7.529  rep=2.117  rew=0.322
  update 19375/20000: wm_total=11.496  con=0.020  dyn=1.909  image=7.235  rep=1.909  rew=0.423
  update 19400/20000: wm_total=11.446  con=0.020  dyn=1.972  image=7.056  rep=1.972  rew=0.427
  update 19425/20000: wm_total=11.282  con=0.020  dyn=1.972  image=6.943  rep=1.972  rew=0.375
  update 19450/20000: wm_total=11.264  con=0.020  dyn=1.981  image=6.908  rep=1.981  rew=0.373
  update 19475/20000: wm_total=12.242  con=0.020  dyn=2.130  image=7.570  rep=2.130  rew=0.392
  update 19500/20000: wm_total=12.888  con=0.020  dyn=2.275  image=7.985  rep=2.275  rew=0.333
  update 19525/20000: wm_total=11.999  con=0.020  dyn=2.113  image=7.446  rep=2.113  rew=0.306
  update 19550/20000: wm_total=10.903  con=0.020  dyn=1.853  image=6.719  rep=1.853  rew=0.458
  update 19575/20000: wm_total=11.244  con=0.020  dyn=1.797  image=7.127  rep=1.797  rew=0.502
  update 19600/20000: wm_total=11.049  con=0.020  dyn=1.897  image=6.851  rep=1.897  rew=0.383
  update 19625/20000: wm_total=11.464  con=0.020  dyn=1.911  image=7.344  rep=1.911  rew=0.279
  update 19650/20000: wm_total=13.469  con=0.020  dyn=2.306  image=8.465  rep=2.306  rew=0.372
  update 19675/20000: wm_total=11.178  con=0.020  dyn=1.776  image=7.238  rep=1.776  rew=0.367
  update 19700/20000: wm_total=11.030  con=0.020  dyn=1.753  image=6.921  rep=1.753  rew=0.582
  update 19725/20000: wm_total=11.719  con=0.020  dyn=1.917  image=7.463  rep=1.917  rew=0.401
  update 19750/20000: wm_total=11.185  con=0.020  dyn=1.800  image=7.107  rep=1.800  rew=0.458
  update 19775/20000: wm_total=11.844  con=0.020  dyn=2.058  image=7.303  rep=2.058  rew=0.405
  update 19800/20000: wm_total=11.121  con=0.020  dyn=1.777  image=7.235  rep=1.777  rew=0.311
  update 19825/20000: wm_total=11.533  con=0.020  dyn=2.177  image=6.701  rep=2.177  rew=0.458
  update 19850/20000: wm_total=12.480  con=0.020  dyn=2.157  image=7.805  rep=2.157  rew=0.340
  update 19875/20000: wm_total=10.691  con=0.020  dyn=1.806  image=6.600  rep=1.806  rew=0.458
  update 19900/20000: wm_total=11.963  con=0.020  dyn=2.013  image=7.576  rep=2.013  rew=0.340
  update 19925/20000: wm_total=11.324  con=0.020  dyn=1.879  image=7.089  rep=1.879  rew=0.458
  update 19950/20000: wm_total=11.480  con=0.020  dyn=1.971  image=6.998  rep=1.971  rew=0.519
  update 19975/20000: wm_total=12.424  con=0.020  dyn=2.323  image=7.372  rep=2.323  rew=0.385
  update 20000/20000: wm_total=11.301  con=0.020  dyn=1.835  image=7.278  rep=1.835  rew=0.334
Saving checkpoint: /scratch/midway3/rickybao/dreamerv3_runs/ax1wm_finger_pxpxq1imgs1_seed99/ckpt/20260719T121824F819139-000000020000
Saved checkpoint.
Saved offline-fit checkpoint under /scratch/midway3/rickybao/dreamerv3_runs/ax1wm_finger_pxpxq1imgs1_seed99/ckpt
WM-loss change (update 25 -> 20000):
  con         : 0.7523 -> 0.0204 (down)
  dyn         : 5.5486 -> 1.8346 (down)
  image       : 1509.4675 -> 7.2777 (down)
  rep         : 5.5486 -> 1.8346 (down)
  rew         : 5.5409 -> 0.3341 (down)
  wm_total    : 1526.8579 -> 11.3013 (DECREASED)
[Sun Jul 19 12:18:26 CDT 2026] adapt RUN_ID=adapt_ax1pxpxq1imgs1_finger_seed99_ckpt20000 TASK=dmc_finger_turn_hard SEED=99 CKPT=/scratch/midway3/rickybao/dreamerv3_runs/ax1wm_finger_pxpxq1imgs1_seed99/ckpt/20260719T121824F819139-000000020000 STEPS=1.25e5
---  ___                           __   ______ ---
--- |   \ _ _ ___ __ _ _ __  ___ _ \ \ / /__ / ---
--- | |) | '_/ -_) _` | '  \/ -_) '/\ V / |_ \ ---
--- |___/|_| \___\__,_|_|_|_\___|_|  \_/ |___/ ---
Replica: 0 / 1
Logdir: /scratch/midway3/rickybao/dreamerv3_runs/adapt_ax1pxpxq1imgs1_finger_seed99_ckpt20000
Run script: train
Observations
  reward           Space(float32, shape=(), low=-inf, high=inf)
  is_first         Space(bool, shape=(), low=False, high=True)
  is_last          Space(bool, shape=(), low=False, high=True)
  is_terminal      Space(bool, shape=(), low=False, high=True)
  position         Space(float32, shape=(4,), low=-inf, high=inf)
  velocity         Space(float32, shape=(3,), low=-inf, high=inf)
  touch            Space(float32, shape=(2,), low=-inf, high=inf)
  target_position  Space(float32, shape=(2,), low=-inf, high=inf)
  dist_to_target   Space(float32, shape=(), low=-inf, high=inf)
  image            Space(uint8, shape=(64, 64, 3), low=0, high=255)
Actions
  action           Space(float32, shape=(2,), low=-1.0, high=1.0)
Extras
  consec           Space(int32, shape=(), low=-2147483648, high=2147483647)
  stepid           Space(uint8, shape=(20,), low=0, high=255)
  dyn/deter        Space(float32, shape=(512,), low=-inf, high=inf)
  dyn/stoch        Space(float32, shape=(32, 4), low=-inf, high=inf)
JAX devices (1): [cuda:0]
Policy devices: cuda:0
Train devices:  cuda:0
Initializing parameters...
Optimizer opt has 214,723 params:
        66,111 val
        57,663 rew
        49,796 pol
        41,153 con
Done initializing!
Compiling 1 checkpoint groups...
Largest checkpoint group: 0 GB
Compiling train and report...
Train cost analysis:
  FLOPS:            7.8e+09
  Memory (temp):    2.2e+08
  Memory (inputs):  2.0e+07
  Memory (outputs): 6.1e+06
  Memory (code):    1.6e+06

Report cost analysis:
  FLOPS:            2.6e+08
  Memory (temp):    9.2e+07
  Memory (inputs):  9.8e+06
  Memory (outputs): 1.0e+07
  Memory (code):    8.0e+06

Done compiling!
Loaded pretrained checkpoint with keys: ['dec/conv0/bias', 'dec/conv0/kernel', 'dec/conv0norm/scale', 'dec/conv1/bias', 'dec/conv1/kernel', 'dec/conv1norm/scale', 'dec/conv2/bias', 'dec/conv2/kernel', 'dec/conv2norm/scale', 'dec/imgout/bias', 'dec/imgout/kernel', 'dec/sp0/bias', 'dec/sp0/kernel', 'dec/sp1/bias', 'dec/sp1/kernel', 'dec/sp1norm/scale', 'dec/sp2/bias', 'dec/sp2/kernel', 'dec/spnorm/scale', 'dyn/dyngru/bias', 'dyn/dyngru/kernel', 'dyn/dynhid0/bias', 'dyn/dynhid0/kernel', 'dyn/dynhid0norm/scale', 'dyn/dynin0/bias', 'dyn/dynin0/kernel', 'dyn/dynin0norm/scale', 'dyn/dynin1/bias', 'dyn/dynin1/kernel', 'dyn/dynin1norm/scale', 'dyn/dynin2/bias', 'dyn/dynin2/kernel', 'dyn/dynin2norm/scale', 'dyn/obs0/bias', 'dyn/obs0/kernel', 'dyn/obs0norm/scale', 'dyn/obslogit/bias', 'dyn/obslogit/kernel', 'dyn/prior0/bias', 'dyn/prior0/kernel', 'dyn/prior0norm/scale', 'dyn/prior1/bias', 'dyn/prior1/kernel', 'dyn/prior1norm/scale', 'dyn/priorlogit/bias', 'dyn/priorlogit/kernel', 'enc/cnn0/bias', 'enc/cnn0/kernel', 'enc/cnn0norm/scale', 'enc/cnn1/bias', 'enc/cnn1/kernel', 'enc/cnn1norm/scale', 'enc/cnn2/bias', 'enc/cnn2/kernel', 'enc/cnn2norm/scale', 'enc/cnn3/bias', 'enc/cnn3/kernel', 'enc/cnn3norm/scale']
Did not find any checkpoint.
Saving checkpoint: /scratch/midway3/rickybao/dreamerv3_runs/adapt_ax1pxpxq1imgs1_finger_seed99_ckpt20000/ckpt/20260719T121859F231995
Saved checkpoint.
Start training loop

--------------------[Agent Step 10_944]--------------------
Metrics filtered by: 'score|length|fps|ratio|train/loss/|train/rand/'
train/loss/con 0.11 / train/loss/dyn 9.15 / train/loss/image 27.94 / train/loss/policy 0.44 / train/loss/rep 9.15 / train/loss/repval 5.94 / train/loss/rew 2.31 / train/loss/value 3.27 / replay/replay_ratio 233.37 / fps/policy 88.09 / fps/train 1.8e4

Writing metrics: /scratch/midway3/rickybao/dreamerv3_runs/adapt_ax1pxpxq1imgs1_finger_seed99_ckpt20000/metrics.jsonlWriting metrics: /scratch/midway3/rickybao/dreamerv3_runs/adapt_ax1pxpxq1imgs1_finger_seed99_ckpt20000/scores.jsonl


--------------------[Agent Step 20_352]--------------------
Metrics filtered by: 'score|length|fps|ratio|train/loss/|train/rand/'
episode/score 0 / episode/length 1001 / train/loss/con 0.02 / train/loss/dyn 9.22 / train/loss/image 29.03 / train/loss/policy 0.25 / train/loss/rep 9.22 / train/loss/repval 1.71 / train/loss/rew 0.13 / train/loss/value 1.43 / replay/replay_ratio 260 / fps/policy 78.35 / fps/train 2e4

Writing metrics: /scratch/midway3/rickybao/dreamerv3_runs/adapt_ax1pxpxq1imgs1_finger_seed99_ckpt20000/metrics.jsonlWriting metrics: /scratch/midway3/rickybao/dreamerv3_runs/adapt_ax1pxpxq1imgs1_finger_seed99_ckpt20000/scores.jsonl


--------------------[Agent Step 29_744]--------------------
Metrics filtered by: 'score|length|fps|ratio|train/loss/|train/rand/'
train/loss/con 0.02 / train/loss/dyn 10.33 / train/loss/image 30.19 / train/loss/policy 0.27 / train/loss/rep 10.33 / train/loss/repval 1.46 / train/loss/rew 0.1 / train/loss/value 1.3 / replay/replay_ratio 260 / fps/policy 78.14 / fps/train 2e4

Writing metrics: /scratch/midway3/rickybao/dreamerv3_runs/adapt_ax1pxpxq1imgs1_finger_seed99_ckpt20000/scores.jsonlWriting metrics: /scratch/midway3/rickybao/dreamerv3_runs/adapt_ax1pxpxq1imgs1_finger_seed99_ckpt20000/metrics.jsonl


--------------------[Agent Step 39_184]--------------------
Metrics filtered by: 'score|length|fps|ratio|train/loss/|train/rand/'
episode/score 0 / episode/length 1001 / train/loss/con 0.02 / train/loss/dyn 9.91 / train/loss/image 29.56 / train/loss/policy 0.17 / train/loss/rep 9.91 / train/loss/repval 1.55 / train/loss/rew 0.09 / train/loss/value 1.39 / replay/replay_ratio 260 / fps/policy 78.56 / fps/train 2e4

Writing metrics: /scratch/midway3/rickybao/dreamerv3_runs/adapt_ax1pxpxq1imgs1_finger_seed99_ckpt20000/metrics.jsonlWriting metrics: /scratch/midway3/rickybao/dreamerv3_runs/adapt_ax1pxpxq1imgs1_finger_seed99_ckpt20000/scores.jsonl


--------------------[Agent Step 48_608]--------------------
Metrics filtered by: 'score|length|fps|ratio|train/loss/|train/rand/'
episode/score 0 / episode/length 1001 / train/loss/con 0.02 / train/loss/dyn 9.74 / train/loss/image 29.21 / train/loss/policy 3.4e-4 / train/loss/rep 9.74 / train/loss/repval 1.58 / train/loss/rew 0.15 / train/loss/value 1.36 / replay/replay_ratio 260 / fps/policy 78.4 / fps/train 2e4

Writing metrics: /scratch/midway3/rickybao/dreamerv3_runs/adapt_ax1pxpxq1imgs1_finger_seed99_ckpt20000/metrics.jsonlWriting metrics: /scratch/midway3/rickybao/dreamerv3_runs/adapt_ax1pxpxq1imgs1_finger_seed99_ckpt20000/scores.jsonl


--------------------[Agent Step 58_016]--------------------
Metrics filtered by: 'score|length|fps|ratio|train/loss/|train/rand/'
train/loss/con 0.02 / train/loss/dyn 10.56 / train/loss/image 30.88 / train/loss/policy -0.05 / train/loss/rep 10.56 / train/loss/repval 1.47 / train/loss/rew 0.17 / train/loss/value 1.2 / replay/replay_ratio 260 / fps/policy 78.4 / fps/train 2e4

Writing metrics: /scratch/midway3/rickybao/dreamerv3_runs/adapt_ax1pxpxq1imgs1_finger_seed99_ckpt20000/metrics.jsonl
Writing metrics: /scratch/midway3/rickybao/dreamerv3_runs/adapt_ax1pxpxq1imgs1_finger_seed99_ckpt20000/scores.jsonl

--------------------[Agent Step 67_440]--------------------
Metrics filtered by: 'score|length|fps|ratio|train/loss/|train/rand/'
episode/score 0 / episode/length 1001 / train/loss/con 0.02 / train/loss/dyn 11.28 / train/loss/image 32.72 / train/loss/policy -0.02 / train/loss/rep 11.28 / train/loss/repval 1.51 / train/loss/rew 0.15 / train/loss/value 1.11 / replay/replay_ratio 260 / fps/policy 78.52 / fps/train 2e4

Writing metrics: /scratch/midway3/rickybao/dreamerv3_runs/adapt_ax1pxpxq1imgs1_finger_seed99_ckpt20000/metrics.jsonlWriting metrics: /scratch/midway3/rickybao/dreamerv3_runs/adapt_ax1pxpxq1imgs1_finger_seed99_ckpt20000/scores.jsonl

Saving checkpoint: /scratch/midway3/rickybao/dreamerv3_runs/adapt_ax1pxpxq1imgs1_finger_seed99_ckpt20000/ckpt/20260719T123401F806764
Saved checkpoint.

--------------------[Agent Step 76_608]--------------------
Metrics filtered by: 'score|length|fps|ratio|train/loss/|train/rand/'
train/loss/con 0.02 / train/loss/dyn 11.19 / train/loss/image 33.66 / train/loss/policy -0.02 / train/loss/rep 11.19 / train/loss/repval 1.56 / train/loss/rew 0.18 / train/loss/value 1.08 / replay/replay_ratio 260 / fps/policy 76.32 / fps/train 2e4

Writing metrics: /scratch/midway3/rickybao/dreamerv3_runs/adapt_ax1pxpxq1imgs1_finger_seed99_ckpt20000/metrics.jsonlWriting metrics: /scratch/midway3/rickybao/dreamerv3_runs/adapt_ax1pxpxq1imgs1_finger_seed99_ckpt20000/scores.jsonl


--------------------[Agent Step 86_016]--------------------
Metrics filtered by: 'score|length|fps|ratio|train/loss/|train/rand/'
episode/score 930 / episode/length 1001 / train/loss/con 0.02 / train/loss/dyn 10.83 / train/loss/image 34.21 / train/loss/policy -0.1 / train/loss/rep 10.83 / train/loss/repval 1.52 / train/loss/rew 0.19 / train/loss/value 1.06 / replay/replay_ratio 260 / fps/policy 78.3 / fps/train 2e4

Writing metrics: /scratch/midway3/rickybao/dreamerv3_runs/adapt_ax1pxpxq1imgs1_finger_seed99_ckpt20000/metrics.jsonlWriting metrics: /scratch/midway3/rickybao/dreamerv3_runs/adapt_ax1pxpxq1imgs1_finger_seed99_ckpt20000/scores.jsonl


--------------------[Agent Step 95_424]--------------------
Metrics filtered by: 'score|length|fps|ratio|train/loss/|train/rand/'
train/loss/con 0.02 / train/loss/dyn 10.64 / train/loss/image 34.58 / train/loss/policy -0.14 / train/loss/rep 10.64 / train/loss/repval 1.5 / train/loss/rew 0.22 / train/loss/value 1.04 / replay/replay_ratio 260 / fps/policy 78.4 / fps/train 2e4

Writing metrics: /scratch/midway3/rickybao/dreamerv3_runs/adapt_ax1pxpxq1imgs1_finger_seed99_ckpt20000/metrics.jsonlWriting metrics: /scratch/midway3/rickybao/dreamerv3_runs/adapt_ax1pxpxq1imgs1_finger_seed99_ckpt20000/scores.jsonl


--------------------[Agent Step 104_848]--------------------
Metrics filtered by: 'score|length|fps|ratio|train/loss/|train/rand/'
episode/score 974 / episode/length 1001 / train/loss/con 0.02 / train/loss/dyn 10.55 / train/loss/image 35.04 / train/loss/policy -0.11 / train/loss/rep 10.55 / train/loss/repval 1.44 / train/loss/rew 0.22 / train/loss/value 0.98 / replay/replay_ratio 260 / fps/policy 78.43 / fps/train 2e4

Writing metrics: /scratch/midway3/rickybao/dreamerv3_runs/adapt_ax1pxpxq1imgs1_finger_seed99_ckpt20000/metrics.jsonlWriting metrics: /scratch/midway3/rickybao/dreamerv3_runs/adapt_ax1pxpxq1imgs1_finger_seed99_ckpt20000/scores.jsonl


--------------------[Agent Step 114_272]--------------------
Metrics filtered by: 'score|length|fps|ratio|train/loss/|train/rand/'
episode/score 0 / episode/length 1001 / train/loss/con 0.02 / train/loss/dyn 10.58 / train/loss/image 35.73 / train/loss/policy -0.07 / train/loss/rep 10.58 / train/loss/repval 1.41 / train/loss/rew 0.21 / train/loss/value 0.98 / replay/replay_ratio 260 / fps/policy 78.46 / fps/train 2e4

Writing metrics: /scratch/midway3/rickybao/dreamerv3_runs/adapt_ax1pxpxq1imgs1_finger_seed99_ckpt20000/metrics.jsonlWriting metrics: /scratch/midway3/rickybao/dreamerv3_runs/adapt_ax1pxpxq1imgs1_finger_seed99_ckpt20000/scores.jsonl


--------------------[Agent Step 123_680]--------------------
Metrics filtered by: 'score|length|fps|ratio|train/loss/|train/rand/'
train/loss/con 0.02 / train/loss/dyn 10.41 / train/loss/image 35.62 / train/loss/policy -0.05 / train/loss/rep 10.41 / train/loss/repval 1.37 / train/loss/rew 0.21 / train/loss/value 1.03 / replay/replay_ratio 260 / fps/policy 78.37 / fps/train 2e4

Writing metrics: /scratch/midway3/rickybao/dreamerv3_runs/adapt_ax1pxpxq1imgs1_finger_seed99_ckpt20000/metrics.jsonlWriting metrics: /scratch/midway3/rickybao/dreamerv3_runs/adapt_ax1pxpxq1imgs1_finger_seed99_ckpt20000/scores.jsonl

[Sun Jul 19 12:45:22 CDT 2026] adapt adapt_ax1pxpxq1imgs1_finger_seed99_ckpt20000 rc=0 status=DONE
