[Sat Jul 18 00:14:48 UTC 2026] START shard=3/16 gpu=3 run=adapt_ax1sgbq1s0_finger_seed12_ckpt500000
[Sat Jul 18 03:02:53 UTC 2026] DONE run=adapt_ax1sgbq1s0_finger_seed12_ckpt500000 log=/workspace/dreamerv3_runs/_cloud_logs/adapt_ax1sgbq1s0_finger_seed12_ckpt500000.out
[Sat Jul 18 03:02:53 UTC 2026] shard=3 finished ran=1
[Sat Jul 18 05:01:53 UTC 2026] launcher worker start gpu=3 shard=3/16 arm= transform= seeds=1 2 3 4 5 6 7 8
[Sat Jul 18 05:01:53 UTC 2026] START shard=3/16 gpu=3 run=adapt_ax1q1s0_synth_seed4_ckpt500000
[Sat Jul 18 07:53:57 UTC 2026] DONE run=adapt_ax1q1s0_synth_seed4_ckpt500000 log=/workspace/dreamerv3_runs/_cloud_logs/adapt_ax1q1s0_synth_seed4_ckpt500000.out
[Sat Jul 18 07:53:57 UTC 2026] shard=3 finished ran=1
[Sat Jul 18 07:53:57 UTC 2026] launcher worker end gpu=3 shard=3/16 rc=0
[Sat Jul 18 08:00:07 UTC 2026] launcher worker start gpu=3 shard=3/16 arm= transform= seeds=1 2 3 4 5 6 7 8
[Sat Jul 18 08:00:07 UTC 2026] START shard=3/16 gpu=3 run=adapt_ax1fq1s0_synth_seed4_ckpt500000
[Sat Jul 18 13:07:05 UTC 2026] DONE run=adapt_ax1fq1s0_synth_seed4_ckpt500000 log=/workspace/dreamerv3_runs/_cloud_logs/adapt_ax1fq1s0_synth_seed4_ckpt500000.out
[Sat Jul 18 13:07:05 UTC 2026] shard=3 finished ran=1
[Sat Jul 18 13:07:05 UTC 2026] launcher worker end gpu=3 shard=3/16 rc=0
[Sat Jul 18 13:13:49 UTC 2026] launcher worker start gpu=3 shard=3/16 arm= transform=sh seeds=1 2 3 4 5 6 7 8
[Sat Jul 18 13:13:49 UTC 2026] START shard=3/16 gpu=3 run=adapt_ax1shq1s0_synth_seed4_ckpt500000
[Sat Jul 18 16:05:55 UTC 2026] DONE run=adapt_ax1shq1s0_synth_seed4_ckpt500000 log=/workspace/dreamerv3_runs/_cloud_logs/adapt_ax1shq1s0_synth_seed4_ckpt500000.out
[Sat Jul 18 16:05:55 UTC 2026] shard=3 finished ran=1
[Sat Jul 18 16:05:55 UTC 2026] launcher worker end gpu=3 shard=3/16 rc=0
[Sat Jul 18 16:15:58 UTC 2026] START gpu=3 run=adapt_ax1v2q1v200s1_finger_seed4_ckpt500000 mode=task replay=/workspace/dreamerv3_runs/axis1_finger/q1v200/side1
[Sat Jul 18 18:28:24 UTC 2026] tdmpc2_f1 start label=inst1 shard=3 gpu=3 tasks=1
[Sat Jul 18 18:28:24 UTC 2026] tdmpc2_f1 done label=inst1 shard=3 gpu=3
[Sat Jul 18 19:08:55 UTC 2026] DONE gpu=3 run=adapt_ax1v2q1v200s1_finger_seed4_ckpt500000 log=/workspace/dreamerv3_runs/_cloud_logs/adapt_ax1v2q1v200s1_finger_seed4_ckpt500000.out
[Sat Jul 18 19:08:55 UTC 2026] shard=3 finished
nohup: ignoring input
[Sat Jul 18 21:25:58 UTC 2026] START worker label=inst1 gpu=3 arm=free side=0 seeds=12 16
[Sat Jul 18 21:25:58 UTC 2026] START gpu=3 adapt_tm2freeq1s0_finger_seed12_ckpt500000
[Sun Jul 19 06:46:36 UTC 2026] DONE adapt_tm2freeq1s0_finger_seed12_ckpt500000
[Sun Jul 19 06:46:36 UTC 2026] START gpu=3 adapt_tm2freeq1s0_finger_seed16_ckpt500000
[Sun Jul 19 15:56:44 UTC 2026] DONE adapt_tm2freeq1s0_finger_seed16_ckpt500000
[Sun Jul 19 15:56:44 UTC 2026] DONE worker label=inst1 gpu=3
[Sun Jul 19 17:15:37 UTC 2026] START gpu=3 adapt_ax1fv4q1v400s0_finger_seed6_ckpt500000
