START mode=task run=adapt_ax1w1s1_finger_seed1_ckpt500000 wm=ax1wm_finger_w1s1_seed1 replay=/workspace/dreamerv3_runs/axis1_finger/within/p2e2/side1 gpu=2
DONE adapt_ax1w1s1_finger_seed1_ckpt500000
START mode=task run=adapt_ax1w4s1_finger_seed1_ckpt500000 wm=ax1wm_finger_w4s1_seed1 replay=/workspace/dreamerv3_runs/axis1_finger/within/p2e5/side1 gpu=2
DONE adapt_ax1w4s1_finger_seed1_ckpt500000
START mode=task run=adapt_ax1w6s1_finger_seed1_ckpt500000 wm=ax1wm_finger_w6s1_seed1 replay=/workspace/dreamerv3_runs/axis1_finger/within/apt2/side1 gpu=2
DONE adapt_ax1w6s1_finger_seed1_ckpt500000
START mode=task run=adapt_ax1w8s1_finger_seed1_ckpt500000 wm=ax1wm_finger_w8s1_seed1 replay=/workspace/dreamerv3_runs/axis1_finger/within/apt4/side1 gpu=2
DONE adapt_ax1w8s1_finger_seed1_ckpt500000
START mode=task run=adapt_ax1w10s1_finger_seed1_ckpt500000 wm=ax1wm_finger_w10s1_seed1 replay=/workspace/dreamerv3_runs/axis1_finger/within/random1/side1 gpu=2
DONE adapt_ax1w10s1_finger_seed1_ckpt500000
START mode=task run=adapt_ax1w12s1_finger_seed1_ckpt500000 wm=ax1wm_finger_w12s1_seed1 replay=/workspace/dreamerv3_runs/axis1_finger/within/random3/side1 gpu=2
DONE adapt_ax1w12s1_finger_seed1_ckpt500000
START mode=task run=adapt_ax1w14s1_finger_seed1_ckpt500000 wm=ax1wm_finger_w14s1_seed1 replay=/workspace/dreamerv3_runs/axis1_finger/within/random5/side1 gpu=2
DONE adapt_ax1w14s1_finger_seed1_ckpt500000
START mode=task run=adapt_ax1w7s1_cup_seed1_ckpt500000 wm=ax1wm_cup_w7s1_seed1 replay=/workspace/dreamerv3_runs/axis1_cup/within/apt3/side1 gpu=2
DONE adapt_ax1w7s1_cup_seed1_ckpt500000
START mode=task run=adapt_ax1w9s1_cup_seed1_ckpt500000 wm=ax1wm_cup_w9s1_seed1 replay=/workspace/dreamerv3_runs/axis1_cup/within/apt5/side1 gpu=2
DONE adapt_ax1w9s1_cup_seed1_ckpt500000
START mode=task run=adapt_ax1w11s1_cup_seed1_ckpt500000 wm=ax1wm_cup_w11s1_seed1 replay=/workspace/dreamerv3_runs/axis1_cup/within/random2/side1 gpu=2
DONE adapt_ax1w11s1_cup_seed1_ckpt500000
START mode=task run=adapt_ax1w13s1_cup_seed1_ckpt500000 wm=ax1wm_cup_w13s1_seed1 replay=/workspace/dreamerv3_runs/axis1_cup/within/random4/side1 gpu=2
DONE adapt_ax1w13s1_cup_seed1_ckpt500000
START mode=apt run=adapt_ax1fq1s0_cup_seed15_ckpt500000 wm=ax1wm_cup_fq1s0_seed15 replay=/workspace/dreamerv3_runs/axis1_cup/q1/side0 gpu=2
DONE adapt_ax1fq1s0_cup_seed15_ckpt500000
START mode=task run=adapt_ax1q2s1_finger_seed11_ckpt500000 wm=ax1wm_finger_q2s1_seed11 replay=/workspace/dreamerv3_runs/axis1_finger/q2/side1 gpu=2
DONE adapt_ax1q2s1_finger_seed11_ckpt500000
