[32mActivated conda/uv virtual environment at [36m/venv/main[0m
[Wed Jul 22 01:51:56 UTC 2026] pixel X2 worker start label=inst2 id_prefix=ax1px expl=task
[Wed Jul 22 01:51:56 UTC 2026] START adapt_ax1pxpxq1ms0_finger_seed1_ckpt500000
[Wed Jul 22 05:21:40 UTC 2026] DONE adapt_ax1pxpxq1ms0_finger_seed1_ckpt500000
[Wed Jul 22 05:21:40 UTC 2026] START adapt_ax1pxpxq1ms0_finger_seed2_ckpt500000
[Wed Jul 22 08:49:26 UTC 2026] DONE adapt_ax1pxpxq1ms0_finger_seed2_ckpt500000
[Wed Jul 22 08:49:26 UTC 2026] START adapt_ax1pxpxq1ms0_finger_seed3_ckpt500000
[Wed Jul 22 12:15:51 UTC 2026] DONE adapt_ax1pxpxq1ms0_finger_seed3_ckpt500000
[Wed Jul 22 12:15:51 UTC 2026] START adapt_ax1pxpxq1ms0_finger_seed4_ckpt500000
[Wed Jul 22 15:42:27 UTC 2026] DONE adapt_ax1pxpxq1ms0_finger_seed4_ckpt500000
[Wed Jul 22 15:42:27 UTC 2026] START adapt_ax1pxpxq1ms0_finger_seed5_ckpt500000
[Wed Jul 22 19:12:17 UTC 2026] DONE adapt_ax1pxpxq1ms0_finger_seed5_ckpt500000
[Wed Jul 22 19:12:17 UTC 2026] START adapt_ax1pxpxq1ms0_finger_seed6_ckpt500000
[Wed Jul 22 22:38:34 UTC 2026] DONE adapt_ax1pxpxq1ms0_finger_seed6_ckpt500000
[Wed Jul 22 22:38:34 UTC 2026] START adapt_ax1pxpxq1ms0_finger_seed7_ckpt500000
[Thu Jul 23 02:10:11 UTC 2026] DONE adapt_ax1pxpxq1ms0_finger_seed7_ckpt500000
[Thu Jul 23 02:10:11 UTC 2026] START adapt_ax1pxpxq1ms0_finger_seed8_ckpt500000
[Thu Jul 23 05:37:57 UTC 2026] DONE adapt_ax1pxpxq1ms0_finger_seed8_ckpt500000
[Thu Jul 23 05:37:57 UTC 2026] START adapt_ax1pxpxq1ms1_finger_seed1_ckpt500000
[Thu Jul 23 09:05:23 UTC 2026] DONE adapt_ax1pxpxq1ms1_finger_seed1_ckpt500000
[Thu Jul 23 09:05:23 UTC 2026] START adapt_ax1pxpxq1ms1_finger_seed2_ckpt500000
[Thu Jul 23 12:32:09 UTC 2026] DONE adapt_ax1pxpxq1ms1_finger_seed2_ckpt500000
[Thu Jul 23 12:32:09 UTC 2026] START adapt_ax1pxpxq1ms1_finger_seed3_ckpt500000
[Thu Jul 23 15:58:34 UTC 2026] DONE adapt_ax1pxpxq1ms1_finger_seed3_ckpt500000
[Thu Jul 23 15:58:34 UTC 2026] START adapt_ax1pxpxq1ms1_finger_seed4_ckpt500000
[Thu Jul 23 19:24:15 UTC 2026] DONE adapt_ax1pxpxq1ms1_finger_seed4_ckpt500000
[Thu Jul 23 19:24:15 UTC 2026] START adapt_ax1pxpxq1ms1_finger_seed5_ckpt500000
[Thu Jul 23 22:50:44 UTC 2026] DONE adapt_ax1pxpxq1ms1_finger_seed5_ckpt500000
[Thu Jul 23 22:50:44 UTC 2026] START adapt_ax1pxpxq1ms1_finger_seed6_ckpt500000
[32mActivated conda/uv virtual environment at [36m/venv/main[0m
[Fri Jul 24 01:38:35 UTC 2026] requeue queued mode=pixel file=/tmp/requeue_tasks.txt
[Fri Jul 24 01:38:35 UTC 2026] requeue waiting for current axis1 job
[Fri Jul 24 01:39:36 UTC 2026] requeue waiting for current axis1 job
[Fri Jul 24 01:40:36 UTC 2026] requeue waiting for current axis1 job
[Fri Jul 24 01:41:36 UTC 2026] requeue waiting for current axis1 job
[Fri Jul 24 01:42:36 UTC 2026] requeue waiting for current axis1 job
[Fri Jul 24 01:43:36 UTC 2026] requeue waiting for current axis1 job
[Fri Jul 24 01:44:36 UTC 2026] requeue waiting for current axis1 job
[Fri Jul 24 01:45:36 UTC 2026] requeue waiting for current axis1 job
[Fri Jul 24 01:46:36 UTC 2026] requeue waiting for current axis1 job
[Fri Jul 24 01:47:36 UTC 2026] requeue waiting for current axis1 job
[Fri Jul 24 01:48:36 UTC 2026] requeue waiting for current axis1 job
[Fri Jul 24 01:49:36 UTC 2026] requeue waiting for current axis1 job
[Fri Jul 24 01:50:36 UTC 2026] requeue waiting for current axis1 job
[Fri Jul 24 01:51:36 UTC 2026] requeue waiting for current axis1 job
[Fri Jul 24 01:52:36 UTC 2026] requeue waiting for current axis1 job
[Fri Jul 24 01:53:36 UTC 2026] requeue waiting for current axis1 job
[Fri Jul 24 01:54:36 UTC 2026] requeue waiting for current axis1 job
[Fri Jul 24 01:55:36 UTC 2026] requeue waiting for current axis1 job
[Fri Jul 24 01:56:36 UTC 2026] requeue waiting for current axis1 job
[Fri Jul 24 01:57:36 UTC 2026] requeue waiting for current axis1 job
[Fri Jul 24 01:58:36 UTC 2026] requeue waiting for current axis1 job
[Fri Jul 24 01:59:36 UTC 2026] requeue waiting for current axis1 job
[Fri Jul 24 02:00:36 UTC 2026] requeue waiting for current axis1 job
[Fri Jul 24 02:01:36 UTC 2026] requeue waiting for current axis1 job
[Fri Jul 24 02:02:36 UTC 2026] requeue waiting for current axis1 job
[Fri Jul 24 02:03:36 UTC 2026] requeue waiting for current axis1 job
[Fri Jul 24 02:04:36 UTC 2026] requeue waiting for current axis1 job
[Fri Jul 24 02:05:36 UTC 2026] requeue waiting for current axis1 job
[Fri Jul 24 02:06:36 UTC 2026] requeue waiting for current axis1 job
[Fri Jul 24 02:07:36 UTC 2026] requeue waiting for current axis1 job
[Fri Jul 24 02:08:36 UTC 2026] requeue waiting for current axis1 job
[Fri Jul 24 02:09:36 UTC 2026] requeue waiting for current axis1 job
[Fri Jul 24 02:10:36 UTC 2026] requeue waiting for current axis1 job
[Fri Jul 24 02:11:36 UTC 2026] requeue waiting for current axis1 job
[Fri Jul 24 02:12:36 UTC 2026] requeue waiting for current axis1 job
[Fri Jul 24 02:13:36 UTC 2026] requeue waiting for current axis1 job
[Fri Jul 24 02:14:36 UTC 2026] requeue waiting for current axis1 job
[Fri Jul 24 02:15:36 UTC 2026] requeue waiting for current axis1 job
[Fri Jul 24 02:16:36 UTC 2026] requeue waiting for current axis1 job
[Fri Jul 24 02:17:36 UTC 2026] requeue waiting for current axis1 job
[Fri Jul 24 02:17:55 UTC 2026] DONE adapt_ax1pxpxq1ms1_finger_seed6_ckpt500000
[Fri Jul 24 02:17:55 UTC 2026] START adapt_ax1pxpxq1ms1_finger_seed7_ckpt500000
[Fri Jul 24 02:18:36 UTC 2026] requeue waiting for current axis1 job
[Fri Jul 24 02:19:36 UTC 2026] requeue waiting for current axis1 job
[Fri Jul 24 02:20:36 UTC 2026] requeue waiting for current axis1 job
[Fri Jul 24 02:21:36 UTC 2026] requeue waiting for current axis1 job
[Fri Jul 24 02:22:36 UTC 2026] requeue waiting for current axis1 job
[Fri Jul 24 02:23:37 UTC 2026] requeue waiting for current axis1 job
[Fri Jul 24 02:24:37 UTC 2026] requeue waiting for current axis1 job
[Fri Jul 24 02:25:37 UTC 2026] requeue waiting for current axis1 job
[Fri Jul 24 02:26:37 UTC 2026] requeue waiting for current axis1 job
[Fri Jul 24 02:27:37 UTC 2026] requeue waiting for current axis1 job
[Fri Jul 24 02:28:37 UTC 2026] requeue waiting for current axis1 job
[Fri Jul 24 02:29:37 UTC 2026] requeue waiting for current axis1 job
[Fri Jul 24 02:30:37 UTC 2026] requeue waiting for current axis1 job
[Fri Jul 24 02:31:37 UTC 2026] requeue waiting for current axis1 job
[Fri Jul 24 02:32:37 UTC 2026] requeue waiting for current axis1 job
[Fri Jul 24 02:33:37 UTC 2026] requeue waiting for current axis1 job
[Fri Jul 24 02:34:37 UTC 2026] requeue waiting for current axis1 job
[Fri Jul 24 02:35:37 UTC 2026] requeue waiting for current axis1 job
[Fri Jul 24 02:36:37 UTC 2026] requeue waiting for current axis1 job
[Fri Jul 24 02:37:37 UTC 2026] requeue waiting for current axis1 job
[Fri Jul 24 02:38:37 UTC 2026] requeue waiting for current axis1 job
[Fri Jul 24 02:39:37 UTC 2026] requeue waiting for current axis1 job
[Fri Jul 24 02:40:37 UTC 2026] requeue waiting for current axis1 job
[Fri Jul 24 02:41:37 UTC 2026] requeue waiting for current axis1 job
[Fri Jul 24 02:42:37 UTC 2026] requeue waiting for current axis1 job
[Fri Jul 24 02:43:37 UTC 2026] requeue waiting for current axis1 job
[Fri Jul 24 02:44:37 UTC 2026] requeue waiting for current axis1 job
[Fri Jul 24 02:45:37 UTC 2026] requeue waiting for current axis1 job
[Fri Jul 24 02:46:37 UTC 2026] requeue waiting for current axis1 job
[Fri Jul 24 02:47:37 UTC 2026] requeue waiting for current axis1 job
[Fri Jul 24 02:48:37 UTC 2026] requeue waiting for current axis1 job
[Fri Jul 24 02:49:37 UTC 2026] requeue waiting for current axis1 job
[Fri Jul 24 02:50:37 UTC 2026] requeue waiting for current axis1 job
[Fri Jul 24 02:51:37 UTC 2026] requeue waiting for current axis1 job
[Fri Jul 24 02:52:37 UTC 2026] requeue waiting for current axis1 job
[Fri Jul 24 02:53:37 UTC 2026] requeue waiting for current axis1 job
[Fri Jul 24 02:54:37 UTC 2026] requeue waiting for current axis1 job
[Fri Jul 24 02:55:37 UTC 2026] requeue waiting for current axis1 job
[Fri Jul 24 02:56:37 UTC 2026] requeue waiting for current axis1 job
[Fri Jul 24 02:57:37 UTC 2026] requeue waiting for current axis1 job
[Fri Jul 24 02:58:37 UTC 2026] requeue waiting for current axis1 job
[Fri Jul 24 02:59:37 UTC 2026] requeue waiting for current axis1 job
[Fri Jul 24 03:00:37 UTC 2026] requeue waiting for current axis1 job
[Fri Jul 24 03:01:37 UTC 2026] requeue waiting for current axis1 job
[Fri Jul 24 03:02:37 UTC 2026] requeue waiting for current axis1 job
[Fri Jul 24 03:03:37 UTC 2026] requeue waiting for current axis1 job
[Fri Jul 24 03:04:37 UTC 2026] requeue waiting for current axis1 job
[Fri Jul 24 03:05:37 UTC 2026] requeue waiting for current axis1 job
[Fri Jul 24 03:06:38 UTC 2026] requeue waiting for current axis1 job
[Fri Jul 24 03:07:38 UTC 2026] requeue waiting for current axis1 job
[Fri Jul 24 03:08:38 UTC 2026] requeue waiting for current axis1 job
[Fri Jul 24 03:09:38 UTC 2026] requeue waiting for current axis1 job
[Fri Jul 24 03:10:38 UTC 2026] requeue waiting for current axis1 job
[Fri Jul 24 03:11:38 UTC 2026] requeue waiting for current axis1 job
[Fri Jul 24 03:12:38 UTC 2026] requeue waiting for current axis1 job
[Fri Jul 24 03:13:38 UTC 2026] requeue waiting for current axis1 job
[Fri Jul 24 03:14:38 UTC 2026] requeue waiting for current axis1 job
[Fri Jul 24 03:15:38 UTC 2026] requeue waiting for current axis1 job
[Fri Jul 24 03:16:38 UTC 2026] requeue waiting for current axis1 job
[Fri Jul 24 03:17:38 UTC 2026] requeue waiting for current axis1 job
[Fri Jul 24 03:18:38 UTC 2026] requeue waiting for current axis1 job
[Fri Jul 24 03:19:38 UTC 2026] requeue waiting for current axis1 job
[Fri Jul 24 03:20:38 UTC 2026] requeue waiting for current axis1 job
[Fri Jul 24 03:21:38 UTC 2026] requeue waiting for current axis1 job
[Fri Jul 24 03:22:38 UTC 2026] requeue waiting for current axis1 job
[Fri Jul 24 03:23:38 UTC 2026] requeue waiting for current axis1 job
[Fri Jul 24 03:24:38 UTC 2026] requeue waiting for current axis1 job
[Fri Jul 24 03:25:38 UTC 2026] requeue waiting for current axis1 job
[Fri Jul 24 03:26:38 UTC 2026] requeue waiting for current axis1 job
[Fri Jul 24 03:27:38 UTC 2026] requeue waiting for current axis1 job
[Fri Jul 24 03:28:38 UTC 2026] requeue waiting for current axis1 job
[Fri Jul 24 03:29:38 UTC 2026] requeue waiting for current axis1 job
[Fri Jul 24 03:30:38 UTC 2026] requeue waiting for current axis1 job
[Fri Jul 24 03:31:38 UTC 2026] requeue waiting for current axis1 job
[Fri Jul 24 03:32:38 UTC 2026] requeue waiting for current axis1 job
[Fri Jul 24 03:33:38 UTC 2026] requeue waiting for current axis1 job
[Fri Jul 24 03:34:38 UTC 2026] requeue waiting for current axis1 job
[Fri Jul 24 03:35:38 UTC 2026] requeue waiting for current axis1 job
[Fri Jul 24 03:36:38 UTC 2026] requeue waiting for current axis1 job
[Fri Jul 24 03:37:38 UTC 2026] requeue waiting for current axis1 job
[Fri Jul 24 03:38:38 UTC 2026] requeue waiting for current axis1 job
[Fri Jul 24 03:39:38 UTC 2026] requeue waiting for current axis1 job
[Fri Jul 24 03:40:38 UTC 2026] requeue waiting for current axis1 job
[Fri Jul 24 03:41:38 UTC 2026] requeue waiting for current axis1 job
[Fri Jul 24 03:42:38 UTC 2026] requeue waiting for current axis1 job
[Fri Jul 24 03:43:38 UTC 2026] requeue waiting for current axis1 job
[Fri Jul 24 03:44:38 UTC 2026] requeue waiting for current axis1 job
[Fri Jul 24 03:45:38 UTC 2026] requeue waiting for current axis1 job
[Fri Jul 24 03:46:38 UTC 2026] requeue waiting for current axis1 job
[Fri Jul 24 03:47:38 UTC 2026] requeue waiting for current axis1 job
[Fri Jul 24 03:48:38 UTC 2026] requeue waiting for current axis1 job
[Fri Jul 24 03:49:38 UTC 2026] requeue waiting for current axis1 job
[Fri Jul 24 03:50:39 UTC 2026] requeue waiting for current axis1 job
[Fri Jul 24 03:51:39 UTC 2026] requeue waiting for current axis1 job
[Fri Jul 24 03:52:39 UTC 2026] requeue waiting for current axis1 job
[Fri Jul 24 03:53:39 UTC 2026] requeue waiting for current axis1 job
[Fri Jul 24 03:54:39 UTC 2026] requeue waiting for current axis1 job
[Fri Jul 24 03:55:39 UTC 2026] requeue waiting for current axis1 job
[Fri Jul 24 03:56:39 UTC 2026] requeue waiting for current axis1 job
[Fri Jul 24 03:57:39 UTC 2026] requeue waiting for current axis1 job
[Fri Jul 24 03:58:39 UTC 2026] requeue waiting for current axis1 job
[Fri Jul 24 03:59:39 UTC 2026] requeue waiting for current axis1 job
[Fri Jul 24 04:00:39 UTC 2026] requeue waiting for current axis1 job
[Fri Jul 24 04:01:39 UTC 2026] requeue waiting for current axis1 job
[Fri Jul 24 04:02:39 UTC 2026] requeue waiting for current axis1 job
[Fri Jul 24 04:03:39 UTC 2026] requeue waiting for current axis1 job
[Fri Jul 24 04:04:39 UTC 2026] requeue waiting for current axis1 job
[Fri Jul 24 04:05:39 UTC 2026] requeue waiting for current axis1 job
[Fri Jul 24 04:06:39 UTC 2026] requeue waiting for current axis1 job
[Fri Jul 24 04:07:39 UTC 2026] requeue waiting for current axis1 job
[Fri Jul 24 04:08:39 UTC 2026] requeue waiting for current axis1 job
[Fri Jul 24 04:09:39 UTC 2026] requeue waiting for current axis1 job
[Fri Jul 24 04:10:39 UTC 2026] requeue waiting for current axis1 job
[Fri Jul 24 04:11:39 UTC 2026] requeue waiting for current axis1 job
[Fri Jul 24 04:12:39 UTC 2026] requeue waiting for current axis1 job
[Fri Jul 24 04:13:39 UTC 2026] requeue waiting for current axis1 job
[Fri Jul 24 04:14:39 UTC 2026] requeue waiting for current axis1 job
[Fri Jul 24 04:15:39 UTC 2026] requeue waiting for current axis1 job
[Fri Jul 24 04:16:39 UTC 2026] requeue waiting for current axis1 job
[Fri Jul 24 04:17:39 UTC 2026] requeue waiting for current axis1 job
Terminated
[Fri Jul 24 04:18:04 UTC 2026] QUEUE_START id=queue_LwXOEwXW mode=pixel gpu=0 shard=0 tasks=7
[Fri Jul 24 04:18:05 UTC 2026] SKIP done adapt_ax1pxpxq1ms1_finger_seed6_ckpt500000
[Fri Jul 24 04:18:05 UTC 2026] START adapt_ax1pxpxq1ms1_finger_seed7_ckpt500000 gpu=0 log=/workspace/dreamerv3_runs/_cloud_logs/adapt_ax1pxpxq1ms1_finger_seed7_ckpt500000.out
[Fri Jul 24 04:47:40 UTC 2026] QUEUE_START id=queue_aPG9pdOV mode=pixel gpu=0 shard=0 tasks=4
[Fri Jul 24 04:47:41 UTC 2026] START adapt_ax1pxpxq1ms1_finger_seed7_ckpt500000 gpu=0 log=/workspace/dreamerv3_runs/_cloud_logs/adapt_ax1pxpxq1ms1_finger_seed7_ckpt500000.out
[Fri Jul 24 06:05:40 UTC 2026] DONE adapt_ax1pxpxq1ms1_finger_seed7_ckpt500000 log=/workspace/dreamerv3_runs/_cloud_logs/adapt_ax1pxpxq1ms1_finger_seed7_ckpt500000.out
[Fri Jul 24 06:05:41 UTC 2026] START adapt_ax1pxpxq1ms1_finger_seed8_ckpt500000 gpu=0 log=/workspace/dreamerv3_runs/_cloud_logs/adapt_ax1pxpxq1ms1_finger_seed8_ckpt500000.out
[Fri Jul 24 09:31:56 UTC 2026] DONE adapt_ax1pxpxq1ms1_finger_seed8_ckpt500000 log=/workspace/dreamerv3_runs/_cloud_logs/adapt_ax1pxpxq1ms1_finger_seed8_ckpt500000.out
[Fri Jul 24 09:31:56 UTC 2026] START adapt_ax1fpxpxq1ms1_finger_seed3_ckpt500000 gpu=0 log=/workspace/dreamerv3_runs/_cloud_logs/adapt_ax1fpxpxq1ms1_finger_seed3_ckpt500000.out
[Fri Jul 24 14:01:03 UTC 2026] DONE adapt_ax1fpxpxq1ms1_finger_seed3_ckpt500000 log=/workspace/dreamerv3_runs/_cloud_logs/adapt_ax1fpxpxq1ms1_finger_seed3_ckpt500000.out
[Fri Jul 24 14:01:04 UTC 2026] START adapt_ax1fpxpxq1ms1_finger_seed4_ckpt500000 gpu=0 log=/workspace/dreamerv3_runs/_cloud_logs/adapt_ax1fpxpxq1ms1_finger_seed4_ckpt500000.out
[Fri Jul 24 15:10:53 UTC 2026] QUEUE_ADD id=queue_aPG9pdOV added=1 file=/tmp/add_pixel_seed8.txt
[Fri Jul 24 18:32:22 UTC 2026] DONE adapt_ax1fpxpxq1ms1_finger_seed4_ckpt500000 log=/workspace/dreamerv3_runs/_cloud_logs/adapt_ax1fpxpxq1ms1_finger_seed4_ckpt500000.out
[Fri Jul 24 18:32:22 UTC 2026] START adapt_ax1fpxpxq1ms1_finger_seed8_ckpt500000 gpu=0 log=/workspace/dreamerv3_runs/_cloud_logs/adapt_ax1fpxpxq1ms1_finger_seed8_ckpt500000.out
[Fri Jul 24 22:59:35 UTC 2026] DONE adapt_ax1fpxpxq1ms1_finger_seed8_ckpt500000 log=/workspace/dreamerv3_runs/_cloud_logs/adapt_ax1fpxpxq1ms1_finger_seed8_ckpt500000.out
[Fri Jul 24 22:59:35 UTC 2026] QUEUE_IDLE id=queue_aPG9pdOV waiting 300s for safe add-to-queue
[Fri Jul 24 23:04:36 UTC 2026] QUEUE_DONE id=queue_aPG9pdOV mode=pixel gpu=0 failures=0
[Fri Jul 24 23:36:51 UTC 2026] QUEUE_START id=queue_mAX2CL90 lane=0 shard=0 tasks=32
[Fri Jul 24 23:36:52 UTC 2026] START adapt_ax1ufzrgoq1s0_finger_seed1_ckpt500000 gpu=0 log=/workspace/dreamerv3_runs/_cloud_logs/adapt_ax1ufzrgoq1s0_finger_seed1_ckpt500000.out
[Sat Jul 25 00:15:04 UTC 2026] DONE adapt_ax1ufzrgoq1s0_finger_seed1_ckpt500000 log=/workspace/dreamerv3_runs/_cloud_logs/adapt_ax1ufzrgoq1s0_finger_seed1_ckpt500000.out
[Sat Jul 25 00:15:04 UTC 2026] START adapt_ax1ufzsgbq1s0_finger_seed1_ckpt500000 gpu=0 log=/workspace/dreamerv3_runs/_cloud_logs/adapt_ax1ufzsgbq1s0_finger_seed1_ckpt500000.out
[Sat Jul 25 00:54:04 UTC 2026] DONE adapt_ax1ufzsgbq1s0_finger_seed1_ckpt500000 log=/workspace/dreamerv3_runs/_cloud_logs/adapt_ax1ufzsgbq1s0_finger_seed1_ckpt500000.out
[Sat Jul 25 00:54:05 UTC 2026] START adapt_ax1ufzrgoq1s0_finger_seed2_ckpt500000 gpu=0 log=/workspace/dreamerv3_runs/_cloud_logs/adapt_ax1ufzrgoq1s0_finger_seed2_ckpt500000.out
[Sat Jul 25 01:32:25 UTC 2026] DONE adapt_ax1ufzrgoq1s0_finger_seed2_ckpt500000 log=/workspace/dreamerv3_runs/_cloud_logs/adapt_ax1ufzrgoq1s0_finger_seed2_ckpt500000.out
[Sat Jul 25 01:32:25 UTC 2026] START adapt_ax1ufzsgbq1s0_finger_seed2_ckpt500000 gpu=0 log=/workspace/dreamerv3_runs/_cloud_logs/adapt_ax1ufzsgbq1s0_finger_seed2_ckpt500000.out
[Sat Jul 25 02:10:19 UTC 2026] DONE adapt_ax1ufzsgbq1s0_finger_seed2_ckpt500000 log=/workspace/dreamerv3_runs/_cloud_logs/adapt_ax1ufzsgbq1s0_finger_seed2_ckpt500000.out
[Sat Jul 25 02:10:20 UTC 2026] START adapt_ax1ufzrgoq1s0_finger_seed3_ckpt500000 gpu=0 log=/workspace/dreamerv3_runs/_cloud_logs/adapt_ax1ufzrgoq1s0_finger_seed3_ckpt500000.out
