[Sat Jul 18 21:26:19 UTC 2026] offline_fit WM_RUN=tm2wm_finger_awareq1s0_seed11 ARM=aware DATA=/workspace/dreamerv3_runs/tm2_data/finger_q1_side0.pt UPDATES=500000 SEED=11
/workspace/conda_envs/dreamerv3/lib/python3.11/site-packages/tensordict/_td.py:612: FutureWarning: TensorDict.to_module() is replacing an existing nn.Parameter in the destination module with a tensor leaf that is not an nn.Parameter. This historical behavior can remove the key from module.state_dict(). In tensordict v0.14, to_module() will preserve existing module parameter and buffer registrations by default. Pass preserve_module_state=False to keep the current replacement behavior, or preserve_module_state=True to opt in to the v0.14 behavior now.
  local_out = _set_tensor_dict(
Episode length: 1000
Discount factor: 0.995
Buffer capacity: 200,200
Storage required: 0.01 GB
Using CUDA:0 memory for storage.
[92m2026-07-18 21:26:23,916 [torchrl][INFO][0m    Initialized LazyTensorStorage with torch.Size([200200]) shape[92m [END][0m
Loaded static data: 200 eps x 1001 rows = 200200 rows; arm=aware (reward_coef=0.1, value_coef=0.1)
  update      1/500000: consistency_loss=0.0159  pi_loss=-0.0003  reward_loss=2.6922  total_loss=0.8572  value_loss=2.6922
  update    500/500000: consistency_loss=0.0018  pi_loss=-0.1391  reward_loss=0.1454  total_loss=0.0870  value_loss=0.3612
  update   1000/500000: consistency_loss=0.0015  pi_loss=-0.1572  reward_loss=0.0594  total_loss=0.0654  value_loss=0.2940
  update   1500/500000: consistency_loss=0.0013  pi_loss=-0.1025  reward_loss=0.0436  total_loss=0.0569  value_loss=0.2633
  update   2000/500000: consistency_loss=0.0011  pi_loss=-0.0830  reward_loss=0.0332  total_loss=0.0520  value_loss=0.2602
  update   2500/500000: consistency_loss=0.0010  pi_loss=-0.0807  reward_loss=0.0497  total_loss=0.0496  value_loss=0.2415
  update   3000/500000: consistency_loss=0.0010  pi_loss=-0.0621  reward_loss=0.0363  total_loss=0.0486  value_loss=0.2554
  update   3500/500000: consistency_loss=0.0009  pi_loss=-0.0619  reward_loss=0.0276  total_loss=0.0413  value_loss=0.1957
  update   4000/500000: consistency_loss=0.0010  pi_loss=-0.0711  reward_loss=0.0413  total_loss=0.0538  value_loss=0.2947
  update   4500/500000: consistency_loss=0.0008  pi_loss=-0.0615  reward_loss=0.0327  total_loss=0.0493  value_loss=0.2954
  update   5000/500000: consistency_loss=0.0009  pi_loss=-0.0648  reward_loss=0.0382  total_loss=0.0575  value_loss=0.3596
  update   5500/500000: consistency_loss=0.0008  pi_loss=-0.0807  reward_loss=0.0278  total_loss=0.0655  value_loss=0.4770
  update   6000/500000: consistency_loss=0.0009  pi_loss=-0.2123  reward_loss=0.0686  total_loss=0.0788  value_loss=0.5378
  update   6500/500000: consistency_loss=0.0007  pi_loss=-0.3845  reward_loss=0.0638  total_loss=0.0591  value_loss=0.3884
