[Sat Jul 18 04:15:36 UTC 2026] axis1 child starting RUN_ID=adapt_ax1q1s0_synth_seed99_ckpt20000 WM_RUN=ax1wm_synth_q1s0_seed99 job=NA host=7882d2cf5dc9
[Sat Jul 18 04:15:36 UTC 2026] env prepared: python=/workspace/conda_envs/dreamerv3/bin/python
python_executable=/workspace/conda_envs/dreamerv3/bin/python
[Sat Jul 18 04:15:36 UTC 2026] offline WM already fit: /workspace/dreamerv3_runs/ax1wm_synth_q1s0_seed99/ckpt/20260718T035243F157779-000000020000 (skipping stage 1)
[Sat Jul 18 04:15:36 UTC 2026] adapt RUN_ID=adapt_ax1q1s0_synth_seed99_ckpt20000 TASK=synth_reach SEED=99 CKPT=/workspace/dreamerv3_runs/ax1wm_synth_q1s0_seed99/ckpt/20260718T035243F157779-000000020000 STEPS=1.25e5
---  ___                           __   ______ ---
--- |   \ _ _ ___ __ _ _ __  ___ _ \ \ / /__ / ---
--- | |) | '_/ -_) _` | '  \/ -_) '/\ V / |_ \ ---
--- |___/|_| \___\__,_|_|_|_\___|_|  \_/ |___/ ---
Replica: 0 / 1
Logdir: /workspace/dreamerv3_runs/adapt_ax1q1s0_synth_seed99_ckpt20000
Run script: train
Observations
  position         Space(float32, shape=(2,), low=-inf, high=inf)
  velocity         Space(float32, shape=(2,), low=-inf, high=inf)
  distractor       Space(float32, shape=(8,), low=-inf, high=inf)
  to_target        Space(float32, shape=(2,), low=-inf, high=inf)
  reward           Space(float32, shape=(), low=-inf, high=inf)
  is_first         Space(bool, shape=(), low=False, high=True)
  is_last          Space(bool, shape=(), low=False, high=True)
  is_terminal      Space(bool, shape=(), low=False, high=True)
Actions
  action           Space(float32, shape=(2,), low=-1.0, high=1.0)
Extras
  consec           Space(int32, shape=(), low=-2147483648, high=2147483647)
  stepid           Space(uint8, shape=(20,), low=0, high=255)
  dyn/deter        Space(float32, shape=(512,), low=-inf, high=inf)
  dyn/stoch        Space(float32, shape=(32, 4), low=-inf, high=inf)
JAX devices (1): [cuda:0]
Policy devices: cuda:0
Train devices:  cuda:0
Initializing parameters...
Optimizer opt has 214,723 params:
        66,111 val
        57,663 rew
        49,796 pol
        41,153 con
Done initializing!
Compiling 1 checkpoint groups...
Largest checkpoint group: 0 GB
Compiling train and report...
Train cost analysis:
No available
Report cost analysis:
No available
Done compiling!
Loaded pretrained checkpoint with keys: ['dec/mlp/linear0/bias', 'dec/mlp/linear0/kernel', 'dec/mlp/linear1/bias', 'dec/mlp/linear1/kernel', 'dec/mlp/linear2/bias', 'dec/mlp/linear2/kernel', 'dec/mlp/norm0/scale', 'dec/mlp/norm1/scale', 'dec/mlp/norm2/scale', 'dec/vec/distractor/pred/bias', 'dec/vec/distractor/pred/kernel', 'dec/vec/position/pred/bias', 'dec/vec/position/pred/kernel', 'dec/vec/to_target/pred/bias', 'dec/vec/to_target/pred/kernel', 'dec/vec/velocity/pred/bias', 'dec/vec/velocity/pred/kernel', 'dyn/dyngru/bias', 'dyn/dyngru/kernel', 'dyn/dynhid0/bias', 'dyn/dynhid0/kernel', 'dyn/dynhid0norm/scale', 'dyn/dynin0/bias', 'dyn/dynin0/kernel', 'dyn/dynin0norm/scale', 'dyn/dynin1/bias', 'dyn/dynin1/kernel', 'dyn/dynin1norm/scale', 'dyn/dynin2/bias', 'dyn/dynin2/kernel', 'dyn/dynin2norm/scale', 'dyn/obs0/bias', 'dyn/obs0/kernel', 'dyn/obs0norm/scale', 'dyn/obslogit/bias', 'dyn/obslogit/kernel', 'dyn/prior0/bias', 'dyn/prior0/kernel', 'dyn/prior0norm/scale', 'dyn/prior1/bias', 'dyn/prior1/kernel', 'dyn/prior1norm/scale', 'dyn/priorlogit/bias', 'dyn/priorlogit/kernel', 'enc/mlp0/bias', 'enc/mlp0/kernel', 'enc/mlp0norm/scale', 'enc/mlp1/bias', 'enc/mlp1/kernel', 'enc/mlp1norm/scale', 'enc/mlp2/bias', 'enc/mlp2/kernel', 'enc/mlp2norm/scale']
Found existing checkpoint.
Loading checkpoint: /workspace/dreamerv3_runs/adapt_ax1q1s0_synth_seed99_ckpt20000/ckpt/20260718T040849F169861
Loaded checkpoint.
Start training loop

--------------------[Agent Step 96_608]--------------------
Metrics filtered by: 'score|length|fps|ratio|train/loss/|train/rand/'
train/loss/con 0.02 / train/loss/distractor 0.5 / train/loss/dyn 5.1 / train/loss/policy -0.03 / train/loss/position 0.03 / train/loss/rep 5.1 / train/loss/repval 1.13 / train/loss/rew 0.23 / train/loss/to_target 0.03 / train/loss/value 0.95 / train/loss/velocity 0.13 / replay/replay_ratio 1145.09 / fps/policy 87.83 / fps/train 9e4

Writing metrics: /workspace/dreamerv3_runs/adapt_ax1q1s0_synth_seed99_ckpt20000/metrics.jsonl
Writing metrics: /workspace/dreamerv3_runs/adapt_ax1q1s0_synth_seed99_ckpt20000/scores.jsonl

--------------------[Agent Step 107_728]--------------------
Metrics filtered by: 'score|length|fps|ratio|train/loss/|train/rand/'
episode/score 543 / episode/length 1001 / train/loss/con 0.02 / train/loss/distractor 0.49 / train/loss/dyn 5.07 / train/loss/policy -0.02 / train/loss/position 0.03 / train/loss/rep 5.07 / train/loss/repval 1.13 / train/loss/rew 0.3 / train/loss/to_target 0.03 / train/loss/value 0.93 / train/loss/velocity 0.11 / replay/replay_ratio 1040 / fps/policy 92.66 / fps/train 9.5e4

Writing metrics: /workspace/dreamerv3_runs/adapt_ax1q1s0_synth_seed99_ckpt20000/metrics.jsonlWriting metrics: /workspace/dreamerv3_runs/adapt_ax1q1s0_synth_seed99_ckpt20000/scores.jsonl


--------------------[Agent Step 118_864]--------------------
Metrics filtered by: 'score|length|fps|ratio|train/loss/|train/rand/'
episode/score 709 / episode/length 1001 / train/loss/con 0.02 / train/loss/distractor 0.49 / train/loss/dyn 5.05 / train/loss/policy -0.02 / train/loss/position 0.03 / train/loss/rep 5.05 / train/loss/repval 1.09 / train/loss/rew 0.36 / train/loss/to_target 0.02 / train/loss/value 0.9 / train/loss/velocity 0.1 / replay/replay_ratio 1040 / fps/policy 92.68 / fps/train 9.5e4

Writing metrics: /workspace/dreamerv3_runs/adapt_ax1q1s0_synth_seed99_ckpt20000/scores.jsonlWriting metrics: /workspace/dreamerv3_runs/adapt_ax1q1s0_synth_seed99_ckpt20000/metrics.jsonl

[Sat Jul 18 04:23:50 UTC 2026] adapt adapt_ax1q1s0_synth_seed99_ckpt20000 rc=0 status=DONE
