[Sat Jul 18 21:25:58 UTC 2026] offline_fit WM_RUN=tm2wm_finger_freeq1s0_seed12 ARM=free DATA=/workspace/dreamerv3_runs/tm2_data/finger_q1_side0.pt UPDATES=500000 SEED=12
/workspace/conda_envs/tdmpc2/lib/python3.11/site-packages/tensordict/_td.py:612: FutureWarning: TensorDict.to_module() is replacing an existing nn.Parameter in the destination module with a tensor leaf that is not an nn.Parameter. This historical behavior can remove the key from module.state_dict(). In tensordict v0.14, to_module() will preserve existing module parameter and buffer registrations by default. Pass preserve_module_state=False to keep the current replacement behavior, or preserve_module_state=True to opt in to the v0.14 behavior now.
  local_out = _set_tensor_dict(
Episode length: 1000
Discount factor: 0.995
Buffer capacity: 200,200
Storage required: 0.01 GB
Using CUDA:0 memory for storage.
[92m2026-07-18 21:26:02,726 [torchrl][INFO][0m    Initialized LazyTensorStorage with torch.Size([200200]) shape[92m [END][0m
Loaded static data: 200 eps x 1001 rows = 200200 rows; arm=free (reward_coef=0.0, value_coef=0.0)
  update      1/500000: consistency_loss=0.0160  pi_loss=0.0005  reward_loss=2.6922  total_loss=0.3208  value_loss=2.6922
  update    500/500000: consistency_loss=0.0017  pi_loss=-0.0006  reward_loss=2.6922  total_loss=0.0344  value_loss=2.6922
  update   1000/500000: consistency_loss=0.0016  pi_loss=-0.0006  reward_loss=2.6922  total_loss=0.0320  value_loss=2.6922
  update   1500/500000: consistency_loss=0.0012  pi_loss=-0.0006  reward_loss=2.6922  total_loss=0.0235  value_loss=2.6922
  update   2000/500000: consistency_loss=0.0011  pi_loss=-0.0006  reward_loss=2.6922  total_loss=0.0221  value_loss=2.6922
  update   2500/500000: consistency_loss=0.0012  pi_loss=-0.0006  reward_loss=2.6922  total_loss=0.0238  value_loss=2.6922
  update   3000/500000: consistency_loss=0.0010  pi_loss=-0.0006  reward_loss=2.6922  total_loss=0.0191  value_loss=2.6922
  update   3500/500000: consistency_loss=0.0010  pi_loss=-0.0006  reward_loss=2.6922  total_loss=0.0194  value_loss=2.6922
  update   4000/500000: consistency_loss=0.0010  pi_loss=-0.0006  reward_loss=2.6922  total_loss=0.0208  value_loss=2.6922
  update   4500/500000: consistency_loss=0.0008  pi_loss=-0.0006  reward_loss=2.6922  total_loss=0.0166  value_loss=2.6922
  update   5000/500000: consistency_loss=0.0009  pi_loss=-0.0006  reward_loss=2.6922  total_loss=0.0184  value_loss=2.6922
  update   5500/500000: consistency_loss=0.0008  pi_loss=-0.0006  reward_loss=2.6922  total_loss=0.0164  value_loss=2.6922
  update   6000/500000: consistency_loss=0.0008  pi_loss=-0.0006  reward_loss=2.6922  total_loss=0.0154  value_loss=2.6922
  update   6500/500000: consistency_loss=0.0008  pi_loss=-0.0006  reward_loss=2.6922  total_loss=0.0156  value_loss=2.6922
