[Sat Jul 18 21:11:37 UTC 2026] offline_fit WM_RUN=tm2wm_finger_freeq1s1_seed10 ARM=free DATA=/workspace/dreamerv3_runs/tm2_data/finger_q1_side1.pt UPDATES=500000 SEED=10
/workspace/conda_envs/tdmpc2/lib/python3.11/site-packages/tensordict/_td.py:612: FutureWarning: TensorDict.to_module() is replacing an existing nn.Parameter in the destination module with a tensor leaf that is not an nn.Parameter. This historical behavior can remove the key from module.state_dict(). In tensordict v0.14, to_module() will preserve existing module parameter and buffer registrations by default. Pass preserve_module_state=False to keep the current replacement behavior, or preserve_module_state=True to opt in to the v0.14 behavior now.
  local_out = _set_tensor_dict(
Episode length: 1000
Discount factor: 0.995
Buffer capacity: 200,200
Storage required: 0.01 GB
Using CUDA:0 memory for storage.
[92m2026-07-18 21:11:42,745 [torchrl][INFO][0m    Initialized LazyTensorStorage with torch.Size([200200]) shape[92m [END][0m
Loaded static data: 200 eps x 1001 rows = 200200 rows; arm=free (reward_coef=0.0, value_coef=0.0)
  update      1/500000: consistency_loss=0.0159  pi_loss=0.0004  reward_loss=2.6922  total_loss=0.3180  value_loss=2.6922
  update    500/500000: consistency_loss=0.0010  pi_loss=-0.0006  reward_loss=2.6922  total_loss=0.0203  value_loss=2.6922
  update   1000/500000: consistency_loss=0.0008  pi_loss=-0.0006  reward_loss=2.6922  total_loss=0.0162  value_loss=2.6922
  update   1500/500000: consistency_loss=0.0009  pi_loss=-0.0006  reward_loss=2.6922  total_loss=0.0175  value_loss=2.6922
  update   2000/500000: consistency_loss=0.0008  pi_loss=-0.0006  reward_loss=2.6922  total_loss=0.0158  value_loss=2.6922
  update   2500/500000: consistency_loss=0.0006  pi_loss=-0.0006  reward_loss=2.6922  total_loss=0.0117  value_loss=2.6922
  update   3000/500000: consistency_loss=0.0005  pi_loss=-0.0006  reward_loss=2.6922  total_loss=0.0102  value_loss=2.6922
  update   3500/500000: consistency_loss=0.0005  pi_loss=-0.0006  reward_loss=2.6922  total_loss=0.0103  value_loss=2.6922
  update   4000/500000: consistency_loss=0.0005  pi_loss=-0.0006  reward_loss=2.6922  total_loss=0.0101  value_loss=2.6922
  update   4500/500000: consistency_loss=0.0005  pi_loss=-0.0006  reward_loss=2.6922  total_loss=0.0095  value_loss=2.6922
  update   5000/500000: consistency_loss=0.0004  pi_loss=-0.0006  reward_loss=2.6922  total_loss=0.0090  value_loss=2.6922
  update   5500/500000: consistency_loss=0.0004  pi_loss=-0.0006  reward_loss=2.6922  total_loss=0.0075  value_loss=2.6922
  update   6000/500000: consistency_loss=0.0003  pi_loss=-0.0006  reward_loss=2.6922  total_loss=0.0069  value_loss=2.6922
  update   6500/500000: consistency_loss=0.0004  pi_loss=-0.0006  reward_loss=2.6922  total_loss=0.0075  value_loss=2.6922
  update   7000/500000: consistency_loss=0.0004  pi_loss=-0.0006  reward_loss=2.6922  total_loss=0.0075  value_loss=2.6922
  update   7500/500000: consistency_loss=0.0003  pi_loss=-0.0006  reward_loss=2.6922  total_loss=0.0058  value_loss=2.6922
  update   8000/500000: consistency_loss=0.0003  pi_loss=-0.0006  reward_loss=2.6922  total_loss=0.0055  value_loss=2.6922
  update   8500/500000: consistency_loss=0.0003  pi_loss=-0.0006  reward_loss=2.6922  total_loss=0.0058  value_loss=2.6922
  update   9000/500000: consistency_loss=0.0002  pi_loss=-0.0006  reward_loss=2.6922  total_loss=0.0046  value_loss=2.6922
  update   9500/500000: consistency_loss=0.0003  pi_loss=-0.0006  reward_loss=2.6922  total_loss=0.0050  value_loss=2.6922
  update  10000/500000: consistency_loss=0.0002  pi_loss=-0.0006  reward_loss=2.6922  total_loss=0.0050  value_loss=2.6922
  update  10500/500000: consistency_loss=0.0002  pi_loss=-0.0006  reward_loss=2.6922  total_loss=0.0044  value_loss=2.6922
  update  11000/500000: consistency_loss=0.0002  pi_loss=-0.0006  reward_loss=2.6922  total_loss=0.0043  value_loss=2.6922
  update  11500/500000: consistency_loss=0.0002  pi_loss=-0.0006  reward_loss=2.6922  total_loss=0.0042  value_loss=2.6922
  update  12000/500000: consistency_loss=0.0002  pi_loss=-0.0006  reward_loss=2.6922  total_loss=0.0045  value_loss=2.6922
  update  12500/500000: consistency_loss=0.0002  pi_loss=-0.0006  reward_loss=2.6922  total_loss=0.0037  value_loss=2.6922
  update  13000/500000: consistency_loss=0.0002  pi_loss=-0.0006  reward_loss=2.6922  total_loss=0.0043  value_loss=2.6922
  update  13500/500000: consistency_loss=0.0002  pi_loss=-0.0006  reward_loss=2.6922  total_loss=0.0038  value_loss=2.6922
  update  14000/500000: consistency_loss=0.0002  pi_loss=-0.0006  reward_loss=2.6922  total_loss=0.0041  value_loss=2.6922
  update  14500/500000: consistency_loss=0.0002  pi_loss=-0.0006  reward_loss=2.6922  total_loss=0.0032  value_loss=2.6922
  update  15000/500000: consistency_loss=0.0002  pi_loss=-0.0006  reward_loss=2.6922  total_loss=0.0037  value_loss=2.6922
  update  15500/500000: consistency_loss=0.0001  pi_loss=-0.0006  reward_loss=2.6922  total_loss=0.0028  value_loss=2.6922
  update  16000/500000: consistency_loss=0.0002  pi_loss=-0.0006  reward_loss=2.6922  total_loss=0.0036  value_loss=2.6922
  update  16500/500000: consistency_loss=0.0001  pi_loss=-0.0006  reward_loss=2.6922  total_loss=0.0028  value_loss=2.6922
  update  17000/500000: consistency_loss=0.0002  pi_loss=-0.0006  reward_loss=2.6922  total_loss=0.0032  value_loss=2.6922
  update  17500/500000: consistency_loss=0.0001  pi_loss=-0.0006  reward_loss=2.6922  total_loss=0.0026  value_loss=2.6922
  update  18000/500000: consistency_loss=0.0001  pi_loss=-0.0006  reward_loss=2.6922  total_loss=0.0026  value_loss=2.6922
  update  18500/500000: consistency_loss=0.0002  pi_loss=-0.0006  reward_loss=2.6922  total_loss=0.0031  value_loss=2.6922
  update  19000/500000: consistency_loss=0.0001  pi_loss=-0.0006  reward_loss=2.6922  total_loss=0.0029  value_loss=2.6922
  update  19500/500000: consistency_loss=0.0001  pi_loss=-0.0006  reward_loss=2.6922  total_loss=0.0023  value_loss=2.6922
  update  20000/500000: consistency_loss=0.0001  pi_loss=-0.0006  reward_loss=2.6922  total_loss=0.0026  value_loss=2.6922
  update  20500/500000: consistency_loss=0.0001  pi_loss=-0.0006  reward_loss=2.6922  total_loss=0.0028  value_loss=2.6922
  update  21000/500000: consistency_loss=0.0001  pi_loss=-0.0006  reward_loss=2.6922  total_loss=0.0024  value_loss=2.6922
  update  21500/500000: consistency_loss=0.0001  pi_loss=-0.0006  reward_loss=2.6922  total_loss=0.0024  value_loss=2.6922
  update  22000/500000: consistency_loss=0.0001  pi_loss=-0.0006  reward_loss=2.6922  total_loss=0.0024  value_loss=2.6922
  update  22500/500000: consistency_loss=0.0001  pi_loss=-0.0006  reward_loss=2.6922  total_loss=0.0020  value_loss=2.6922
  update  23000/500000: consistency_loss=0.0001  pi_loss=-0.0006  reward_loss=2.6922  total_loss=0.0022  value_loss=2.6922
  update  23500/500000: consistency_loss=0.0001  pi_loss=-0.0006  reward_loss=2.6922  total_loss=0.0022  value_loss=2.6922
  update  24000/500000: consistency_loss=0.0001  pi_loss=-0.0006  reward_loss=2.6922  total_loss=0.0020  value_loss=2.6922
  update  24500/500000: consistency_loss=0.0001  pi_loss=-0.0006  reward_loss=2.6922  total_loss=0.0020  value_loss=2.6922
  update  25000/500000: consistency_loss=0.0001  pi_loss=-0.0006  reward_loss=2.6922  total_loss=0.0021  value_loss=2.6922
  update  25500/500000: consistency_loss=0.0001  pi_loss=-0.0006  reward_loss=2.6922  total_loss=0.0019  value_loss=2.6922
