[Sat Jul 18 21:26:43 UTC 2026] offline_fit WM_RUN=tm2wm_finger_awareq1s1_seed11 ARM=aware DATA=/workspace/dreamerv3_runs/tm2_data/finger_q1_side1.pt UPDATES=500000 SEED=11
/workspace/conda_envs/dreamerv3/lib/python3.11/site-packages/tensordict/_td.py:612: FutureWarning: TensorDict.to_module() is replacing an existing nn.Parameter in the destination module with a tensor leaf that is not an nn.Parameter. This historical behavior can remove the key from module.state_dict(). In tensordict v0.14, to_module() will preserve existing module parameter and buffer registrations by default. Pass preserve_module_state=False to keep the current replacement behavior, or preserve_module_state=True to opt in to the v0.14 behavior now.
  local_out = _set_tensor_dict(
Episode length: 1000
Discount factor: 0.995
Buffer capacity: 200,200
Storage required: 0.01 GB
Using CUDA:0 memory for storage.
[92m2026-07-18 21:26:47,666 [torchrl][INFO][0m    Initialized LazyTensorStorage with torch.Size([200200]) shape[92m [END][0m
Loaded static data: 200 eps x 1001 rows = 200200 rows; arm=aware (reward_coef=0.1, value_coef=0.1)
  update      1/500000: consistency_loss=0.0159  pi_loss=-0.0003  reward_loss=2.6922  total_loss=0.8574  value_loss=2.6922
  update    500/500000: consistency_loss=0.0016  pi_loss=-0.5923  reward_loss=0.1783  total_loss=0.0833  value_loss=0.3285
  update   1000/500000: consistency_loss=0.0012  pi_loss=-0.2540  reward_loss=0.1840  total_loss=0.0874  value_loss=0.4467
  update   1500/500000: consistency_loss=0.0011  pi_loss=-0.2323  reward_loss=0.1561  total_loss=0.0848  value_loss=0.4631
  update   2000/500000: consistency_loss=0.0010  pi_loss=-0.2092  reward_loss=0.1546  total_loss=0.0768  value_loss=0.4196
  update   2500/500000: consistency_loss=0.0009  pi_loss=-0.1939  reward_loss=0.1530  total_loss=0.0780  value_loss=0.4507
  update   3000/500000: consistency_loss=0.0007  pi_loss=-0.1959  reward_loss=0.1664  total_loss=0.0723  value_loss=0.4190
  update   3500/500000: consistency_loss=0.0007  pi_loss=-0.2101  reward_loss=0.1516  total_loss=0.0681  value_loss=0.3983
  update   4000/500000: consistency_loss=0.0008  pi_loss=-0.1672  reward_loss=0.1369  total_loss=0.0743  value_loss=0.4539
  update   4500/500000: consistency_loss=0.0007  pi_loss=-0.1577  reward_loss=0.1344  total_loss=0.0667  value_loss=0.4009
  update   5000/500000: consistency_loss=0.0005  pi_loss=-0.1786  reward_loss=0.1465  total_loss=0.0648  value_loss=0.3962
  update   5500/500000: consistency_loss=0.0005  pi_loss=-0.2228  reward_loss=0.1798  total_loss=0.0663  value_loss=0.3748
  update   6000/500000: consistency_loss=0.0006  pi_loss=-0.1740  reward_loss=0.1291  total_loss=0.0640  value_loss=0.3868
