+ set -euo pipefail
+ REPO=/workspace/dreamerv3
+ source /workspace/dreamerv3/scripts/env.sh
++ export SLURM_ACCOUNT=pi-chenyuxin
++ SLURM_ACCOUNT=pi-chenyuxin
++ export SLURM_PARTITION=gpu
++ SLURM_PARTITION=gpu
++ export SLURM_GRES=gpu:1
++ SLURM_GRES=gpu:1
++ export SLURM_TIME=08:00:00
++ SLURM_TIME=08:00:00
++ export SLURM_CPUS=8
++ SLURM_CPUS=8
++ export SLURM_MEM=32G
++ SLURM_MEM=32G
++ export REPO=/workspace/dreamerv3
++ REPO=/workspace/dreamerv3
++ export RUNROOT=/workspace/dreamerv3_runs
++ RUNROOT=/workspace/dreamerv3_runs
++ export CONDA_ENV=/workspace/conda_envs/dreamerv3
++ CONDA_ENV=/workspace/conda_envs/dreamerv3
++ export MANIFEST=/workspace/dreamerv3_runs/runs.csv
++ MANIFEST=/workspace/dreamerv3_runs/runs.csv
++ export MUJOCO_GL=egl
++ MUJOCO_GL=egl
++ export XLA_PYTHON_CLIENT_PREALLOCATE=false
++ XLA_PYTHON_CLIENT_PREALLOCATE=false
+ activate_env
+ command -v conda
++ conda info --base
+ source /opt/miniforge3/etc/profile.d/conda.sh
++ export CONDA_EXE=/opt/miniforge3/bin/conda
++ CONDA_EXE=/opt/miniforge3/bin/conda
++ export _CONDA_EXE=/opt/miniforge3/bin/conda
++ _CONDA_EXE=/opt/miniforge3/bin/conda
++ export _CE_M=
++ _CE_M=
++ export _CE_CONDA=
++ _CE_CONDA=
++ export CONDA_PYTHON_EXE=/opt/miniforge3/bin/python
++ CONDA_PYTHON_EXE=/opt/miniforge3/bin/python
++ export _CONDA_ROOT=/opt/miniforge3
++ _CONDA_ROOT=/opt/miniforge3
++ '[' -z x ']'
+ conda activate /workspace/conda_envs/dreamerv3
+ local cmd=activate
+ case "$cmd" in
+ __conda_activate activate /workspace/conda_envs/dreamerv3
+ '[' -n '' ']'
+ local ask_conda
++ PS1=
++ __conda_exe shell.posix activate /workspace/conda_envs/dreamerv3
++ '[' -n '' ']'
++ /opt/miniforge3/bin/conda shell.posix activate /workspace/conda_envs/dreamerv3
+ ask_conda='export _CE_M='\'''\''
export _CE_CONDA='\'''\''
PS1='\''(dreamerv3) '\''
export PATH='\''/workspace/conda_envs/dreamerv3/bin:/workspace/conda_envs/dreamerv3/bin:/workspace/conda_envs/dreamerv3/bin:/opt/miniforge3/condabin:/opt/nvm/versions/node/v24.16.0/bin:/opt/instance-tools/bin:/usr/local/nvidia/bin:/usr/local/cuda/bin:/usr/local/sbin:/usr/local/bin:/usr/sbin:/usr/bin:/sbin:/bin'\''
export CONDA_PREFIX='\''/workspace/conda_envs/dreamerv3'\''
export CONDA_SHLVL='\''2'\''
export CONDA_DEFAULT_ENV='\''/workspace/conda_envs/dreamerv3'\''
export CONDA_PROMPT_MODIFIER='\''(dreamerv3) '\''
export CONDA_PREFIX_1='\''/venv/main'\''
export CONDA_EXE='\''/opt/miniforge3/bin/conda'\''
export _CONDA_EXE='\''/opt/miniforge3/bin/conda'\''
export CONDA_PYTHON_EXE='\''/opt/miniforge3/bin/python'\''
export _CONDA_ROOT='\''/opt/miniforge3'\'''
+ eval 'export _CE_M='\'''\''
export _CE_CONDA='\'''\''
PS1='\''(dreamerv3) '\''
export PATH='\''/workspace/conda_envs/dreamerv3/bin:/workspace/conda_envs/dreamerv3/bin:/workspace/conda_envs/dreamerv3/bin:/opt/miniforge3/condabin:/opt/nvm/versions/node/v24.16.0/bin:/opt/instance-tools/bin:/usr/local/nvidia/bin:/usr/local/cuda/bin:/usr/local/sbin:/usr/local/bin:/usr/sbin:/usr/bin:/sbin:/bin'\''
export CONDA_PREFIX='\''/workspace/conda_envs/dreamerv3'\''
export CONDA_SHLVL='\''2'\''
export CONDA_DEFAULT_ENV='\''/workspace/conda_envs/dreamerv3'\''
export CONDA_PROMPT_MODIFIER='\''(dreamerv3) '\''
export CONDA_PREFIX_1='\''/venv/main'\''
export CONDA_EXE='\''/opt/miniforge3/bin/conda'\''
export _CONDA_EXE='\''/opt/miniforge3/bin/conda'\''
export CONDA_PYTHON_EXE='\''/opt/miniforge3/bin/python'\''
export _CONDA_ROOT='\''/opt/miniforge3'\'''
++ export _CE_M=
++ _CE_M=
++ export _CE_CONDA=
++ _CE_CONDA=
++ PS1='(dreamerv3) '
++ export PATH=/workspace/conda_envs/dreamerv3/bin:/workspace/conda_envs/dreamerv3/bin:/workspace/conda_envs/dreamerv3/bin:/opt/miniforge3/condabin:/opt/nvm/versions/node/v24.16.0/bin:/opt/instance-tools/bin:/usr/local/nvidia/bin:/usr/local/cuda/bin:/usr/local/sbin:/usr/local/bin:/usr/sbin:/usr/bin:/sbin:/bin
++ PATH=/workspace/conda_envs/dreamerv3/bin:/workspace/conda_envs/dreamerv3/bin:/workspace/conda_envs/dreamerv3/bin:/opt/miniforge3/condabin:/opt/nvm/versions/node/v24.16.0/bin:/opt/instance-tools/bin:/usr/local/nvidia/bin:/usr/local/cuda/bin:/usr/local/sbin:/usr/local/bin:/usr/sbin:/usr/bin:/sbin:/bin
++ export CONDA_PREFIX=/workspace/conda_envs/dreamerv3
++ CONDA_PREFIX=/workspace/conda_envs/dreamerv3
++ export CONDA_SHLVL=2
++ CONDA_SHLVL=2
++ export CONDA_DEFAULT_ENV=/workspace/conda_envs/dreamerv3
++ CONDA_DEFAULT_ENV=/workspace/conda_envs/dreamerv3
++ export 'CONDA_PROMPT_MODIFIER=(dreamerv3) '
++ CONDA_PROMPT_MODIFIER='(dreamerv3) '
++ export CONDA_PREFIX_1=/venv/main
++ CONDA_PREFIX_1=/venv/main
++ export CONDA_EXE=/opt/miniforge3/bin/conda
++ CONDA_EXE=/opt/miniforge3/bin/conda
++ export _CONDA_EXE=/opt/miniforge3/bin/conda
++ _CONDA_EXE=/opt/miniforge3/bin/conda
++ export CONDA_PYTHON_EXE=/opt/miniforge3/bin/python
++ CONDA_PYTHON_EXE=/opt/miniforge3/bin/python
++ export _CONDA_ROOT=/opt/miniforge3
++ _CONDA_ROOT=/opt/miniforge3
+ __conda_hashr
+ '[' -n '' ']'
+ '[' -n '' ']'
+ hash -r
+ cd /workspace/dreamerv3
+ : pretrain_p2e_cup_seed1
+ : /workspace/dreamerv3_runs/probesets/cup_v1
+ MILESTONES='100000 200000 300000 400000 500000'
+ LOGDIR=/workspace/dreamerv3_runs/pretrain_p2e_cup_seed1
+ '[' -d /workspace/dreamerv3_runs/probesets/cup_v1 ']'
++ basename /workspace/dreamerv3_runs/probesets/cup_v1
+ OUT=/workspace/dreamerv3_runs/pretrain_p2e_cup_seed1/latent_uq/cup_v1
+ '[' -f /workspace/dreamerv3_runs/pretrain_p2e_cup_seed1/latent_uq/cup_v1/index.json ']'
++ date
+ echo '[Fri Jul 10 23:35:40 UTC 2026] latent_uq PRE_RUN=pretrain_p2e_cup_seed1 probeset=/workspace/dreamerv3_runs/probesets/cup_v1 milestones=100000 200000 300000 400000 500000'
[Fri Jul 10 23:35:40 UTC 2026] latent_uq PRE_RUN=pretrain_p2e_cup_seed1 probeset=/workspace/dreamerv3_runs/probesets/cup_v1 milestones=100000 200000 300000 400000 500000
+ python -m probing.latent_uq --probeset /workspace/dreamerv3_runs/probesets/cup_v1 --run_logdir /workspace/dreamerv3_runs/pretrain_p2e_cup_seed1 --milestones 100000 200000 300000 400000 500000 --output /workspace/dreamerv3_runs/pretrain_p2e_cup_seed1/latent_uq/cup_v1 --platform cuda
Probe set ball_in_cup_v1_9327e960: 2560 windows x 40 steps (32 burn-in + 8 eval)
WARNING: eval_steps=8 < 15; the brief's horizon-15 read will be unavailable (build Stage-0 sets with --eval_steps 16).
Density reference: /workspace/dreamerv3_runs/pretrain_p2e_cup_seed1/replay (1760 chunks, target 2048 windows, k=10)
Checkpoints: ['step000000100768', 'step000000199680', 'step000000298576', 'step000000401936', 'step000000496320']
Observations
  reward           Space(float32, shape=(), low=-inf, high=inf)
  is_first         Space(bool, shape=(), low=False, high=True)
  is_last          Space(bool, shape=(), low=False, high=True)
  is_terminal      Space(bool, shape=(), low=False, high=True)
  position         Space(float32, shape=(4,), low=-inf, high=inf)
  velocity         Space(float32, shape=(4,), low=-inf, high=inf)
Actions
  action           Space(float32, shape=(2,), low=-1.0, high=1.0)
Extras
  consec           Space(int32, shape=(), low=-2147483648, high=2147483647)
  stepid           Space(uint8, shape=(20,), low=0, high=255)
  dyn/deter        Space(float32, shape=(512,), low=-inf, high=inf)
  dyn/stoch        Space(float32, shape=(32, 4), low=-inf, high=inf)
JAX devices (1): [cuda:0]
Policy devices: cuda:0
Train devices:  cuda:0
Initializing parameters...
/workspace/dreamerv3/embodied/jax/agent.py:112: DeprecationWarning: `with mesh:` context manager has been deprecated. Please use `with jax.set_mesh(mesh):` instead.
  with self.train_mesh:
E0710 23:35:42.467871  321103 cuda_executor.cc:1182] [0] Failed to allocate device memory of 11.61GiB (12463374336 bytes): RESOURCE_EXHAUSTED: : CUDA_ERROR_OUT_OF_MEMORY: out of memory
E0710 23:35:42.467984  321103 cuda_executor.cc:1182] [0] Failed to allocate device memory of 10.45GiB (11217036288 bytes): RESOURCE_EXHAUSTED: : CUDA_ERROR_OUT_OF_MEMORY: out of memory
E0710 23:35:42.468073  321103 cuda_executor.cc:1182] [0] Failed to allocate device memory of 9.40GiB (10095332352 bytes): RESOURCE_EXHAUSTED: : CUDA_ERROR_OUT_OF_MEMORY: out of memory
E0710 23:35:42.468161  321103 cuda_executor.cc:1182] [0] Failed to allocate device memory of 8.46GiB (9085798400 bytes): RESOURCE_EXHAUSTED: : CUDA_ERROR_OUT_OF_MEMORY: out of memory
E0710 23:35:42.468250  321103 cuda_executor.cc:1182] [0] Failed to allocate device memory of 7.62GiB (8177218560 bytes): RESOURCE_EXHAUSTED: : CUDA_ERROR_OUT_OF_MEMORY: out of memory
E0710 23:35:42.468335  321103 cuda_executor.cc:1182] [0] Failed to allocate device memory of 6.85GiB (7359496704 bytes): RESOURCE_EXHAUSTED: : CUDA_ERROR_OUT_OF_MEMORY: out of memory
E0710 23:35:42.468422  321103 cuda_executor.cc:1182] [0] Failed to allocate device memory of 6.17GiB (6623546880 bytes): RESOURCE_EXHAUSTED: : CUDA_ERROR_OUT_OF_MEMORY: out of memory
E0710 23:35:42.468506  321103 cuda_executor.cc:1182] [0] Failed to allocate device memory of 5.55GiB (5961191936 bytes): RESOURCE_EXHAUSTED: : CUDA_ERROR_OUT_OF_MEMORY: out of memory
E0710 23:35:42.468589  321103 cuda_executor.cc:1182] [0] Failed to allocate device memory of 5.00GiB (5365072384 bytes): RESOURCE_EXHAUSTED: : CUDA_ERROR_OUT_OF_MEMORY: out of memory
E0710 23:35:42.468672  321103 cuda_executor.cc:1182] [0] Failed to allocate device memory of 4.50GiB (4828564992 bytes): RESOURCE_EXHAUSTED: : CUDA_ERROR_OUT_OF_MEMORY: out of memory
E0710 23:35:42.468754  321103 cuda_executor.cc:1182] [0] Failed to allocate device memory of 4.05GiB (4345708544 bytes): RESOURCE_EXHAUSTED: : CUDA_ERROR_OUT_OF_MEMORY: out of memory
E0710 23:35:42.468838  321103 cuda_executor.cc:1182] [0] Failed to allocate device memory of 3.64GiB (3911137536 bytes): RESOURCE_EXHAUSTED: : CUDA_ERROR_OUT_OF_MEMORY: out of memory
Optimizer opt has 3,743,500 params:
     3,163,136 disag
       364,160 dyn
        66,111 val
        50,056 dec
        49,796 pol
        41,153 con
         9,088 enc
/workspace/conda_envs/dreamerv3/lib/python3.11/site-packages/optax/_src/linear_algebra.py:44: DeprecationWarning: optax.global_norm is deprecated in favor of optax.tree.norm
  warnings.warn(
Done initializing!
Compiling 1 checkpoint groups...
Largest checkpoint group: 0 GB
Compiling train and report...
/workspace/dreamerv3/embodied/jax/agent.py:187: DeprecationWarning: `with mesh:` context manager has been deprecated. Please use `with jax.set_mesh(mesh):` instead.
  with self.train_mesh:
/workspace/conda_envs/dreamerv3/lib/python3.11/site-packages/optax/_src/linear_algebra.py:44: DeprecationWarning: optax.global_norm is deprecated in favor of optax.tree.norm
  warnings.warn(
Train cost analysis:
No available
Report cost analysis:
No available
Done compiling!
Reference sample: 2048 windows x 32 steps from 16 streams
Traceback (most recent call last):
  File "<frozen runpy>", line 198, in _run_module_as_main
  File "<frozen runpy>", line 88, in _run_code
  File "/workspace/dreamerv3/probing/latent_uq.py", line 376, in <module>
    main()
  File "/workspace/dreamerv3/probing/latent_uq.py", line 322, in main
    load_frozen_agent(agent, ckpt)
  File "/workspace/dreamerv3/probing/collect.py", line 78, in load_frozen_agent
    cp.load(keys=['agent'])
  File "/workspace/conda_envs/dreamerv3/lib/python3.11/contextlib.py", line 81, in inner
    return func(*args, **kwds)
           ^^^^^^^^^^^^^^^^^^^
  File "/workspace/conda_envs/dreamerv3/lib/python3.11/site-packages/elements/checkpoint.py", line 123, in load
    assert path
           ^^^^
AssertionError
