Probe set reacher_v1_026f8124: 2560 windows x 40 steps (32 burn-in + 8 eval)
Checkpoints: ['step000000086032', 'step000000199264', 'step000000312064', 'step000000396832', 'step000000481424']
Observations
  reward           Space(float32, shape=(), low=-inf, high=inf)
  is_first         Space(bool, shape=(), low=False, high=True)
  is_last          Space(bool, shape=(), low=False, high=True)
  is_terminal      Space(bool, shape=(), low=False, high=True)
  position         Space(float32, shape=(2,), low=-inf, high=inf)
  to_target        Space(float32, shape=(2,), low=-inf, high=inf)
  velocity         Space(float32, shape=(2,), low=-inf, high=inf)
Actions
  action           Space(float32, shape=(2,), low=-1.0, high=1.0)
Extras
  consec           Space(int32, shape=(), low=-2147483648, high=2147483647)
  stepid           Space(uint8, shape=(20,), low=0, high=255)
  dyn/deter        Space(float32, shape=(512,), low=-inf, high=inf)
  dyn/stoch        Space(float32, shape=(32, 4), low=-inf, high=inf)
JAX devices (1): [cuda:0]
Policy devices: cuda:0
Train devices:  cuda:0
Initializing parameters...
/workspace/dreamerv3/embodied/jax/agent.py:112: DeprecationWarning: `with mesh:` context manager has been deprecated. Please use `with jax.set_mesh(mesh):` instead.
  with self.train_mesh:
Optimizer opt has 423,046 params:
       364,160 dyn
        49,926 dec
         8,960 enc
/workspace/conda_envs/dreamerv3/lib/python3.11/site-packages/optax/_src/linear_algebra.py:44: DeprecationWarning: optax.global_norm is deprecated in favor of optax.tree.norm
  warnings.warn(
Done initializing!
Compiling 1 checkpoint groups...
Largest checkpoint group: 0 GB
Loading checkpoint: /workspace/dreamerv3_runs/pretrain_random_reacher_seed4/ckpt_snapshots/step000000086032
Loaded checkpoint.
  step000000086032 (milestone 100000): {'post_deter': (2560, 512), 'post_stoch': (2560, 128)} -> /workspace/dreamerv3_runs/pretrain_random_reacher_seed4/latents/reacher_v1/step000000086032
Loading checkpoint: /workspace/dreamerv3_runs/pretrain_random_reacher_seed4/ckpt_snapshots/step000000199264
Loaded checkpoint.
  step000000199264 (milestone 200000): {'post_deter': (2560, 512), 'post_stoch': (2560, 128)} -> /workspace/dreamerv3_runs/pretrain_random_reacher_seed4/latents/reacher_v1/step000000199264
Loading checkpoint: /workspace/dreamerv3_runs/pretrain_random_reacher_seed4/ckpt_snapshots/step000000312064
Loaded checkpoint.
  step000000312064 (milestone 300000): {'post_deter': (2560, 512), 'post_stoch': (2560, 128)} -> /workspace/dreamerv3_runs/pretrain_random_reacher_seed4/latents/reacher_v1/step000000312064
Loading checkpoint: /workspace/dreamerv3_runs/pretrain_random_reacher_seed4/ckpt_snapshots/step000000396832
Loaded checkpoint.
  step000000396832 (milestone 400000): {'post_deter': (2560, 512), 'post_stoch': (2560, 128)} -> /workspace/dreamerv3_runs/pretrain_random_reacher_seed4/latents/reacher_v1/step000000396832
Loading checkpoint: /workspace/dreamerv3_runs/pretrain_random_reacher_seed4/ckpt_snapshots/step000000481424
Loaded checkpoint.
  step000000481424 (milestone 500000): {'post_deter': (2560, 512), 'post_stoch': (2560, 128)} -> /workspace/dreamerv3_runs/pretrain_random_reacher_seed4/latents/reacher_v1/step000000481424
Done: 5 checkpoints -> /workspace/dreamerv3_runs/pretrain_random_reacher_seed4/latents/reacher_v1
