START mode=apt run=adapt_ax1fw1s1_finger_seed1_ckpt500000 wm=ax1wm_finger_fw1s1_seed1 replay=/workspace/dreamerv3_runs/axis1_finger/within/p2e2/side1 gpu=2
DONE adapt_ax1fw1s1_finger_seed1_ckpt500000
START mode=apt run=adapt_ax1fw4s1_finger_seed1_ckpt500000 wm=ax1wm_finger_fw4s1_seed1 replay=/workspace/dreamerv3_runs/axis1_finger/within/p2e5/side1 gpu=2
DONE adapt_ax1fw4s1_finger_seed1_ckpt500000
START mode=apt run=adapt_ax1fw6s1_finger_seed1_ckpt500000 wm=ax1wm_finger_fw6s1_seed1 replay=/workspace/dreamerv3_runs/axis1_finger/within/apt2/side1 gpu=2
DONE adapt_ax1fw6s1_finger_seed1_ckpt500000
START mode=apt run=adapt_ax1fw8s1_finger_seed1_ckpt500000 wm=ax1wm_finger_fw8s1_seed1 replay=/workspace/dreamerv3_runs/axis1_finger/within/apt4/side1 gpu=2
DONE adapt_ax1fw8s1_finger_seed1_ckpt500000
START mode=apt run=adapt_ax1fw10s1_finger_seed1_ckpt500000 wm=ax1wm_finger_fw10s1_seed1 replay=/workspace/dreamerv3_runs/axis1_finger/within/random1/side1 gpu=2
DONE adapt_ax1fw10s1_finger_seed1_ckpt500000
START mode=apt run=adapt_ax1fw12s1_finger_seed1_ckpt500000 wm=ax1wm_finger_fw12s1_seed1 replay=/workspace/dreamerv3_runs/axis1_finger/within/random3/side1 gpu=2
DONE adapt_ax1fw12s1_finger_seed1_ckpt500000
START mode=apt run=adapt_ax1fw14s1_finger_seed1_ckpt500000 wm=ax1wm_finger_fw14s1_seed1 replay=/workspace/dreamerv3_runs/axis1_finger/within/random5/side1 gpu=2
DONE adapt_ax1fw14s1_finger_seed1_ckpt500000
START mode=apt run=adapt_ax1fw7s1_cup_seed1_ckpt500000 wm=ax1wm_cup_fw7s1_seed1 replay=/workspace/dreamerv3_runs/axis1_cup/within/apt3/side1 gpu=2
DONE adapt_ax1fw7s1_cup_seed1_ckpt500000
START mode=apt run=adapt_ax1fw9s1_cup_seed1_ckpt500000 wm=ax1wm_cup_fw9s1_seed1 replay=/workspace/dreamerv3_runs/axis1_cup/within/apt5/side1 gpu=2
DONE adapt_ax1fw9s1_cup_seed1_ckpt500000
START mode=apt run=adapt_ax1fw11s1_cup_seed1_ckpt500000 wm=ax1wm_cup_fw11s1_seed1 replay=/workspace/dreamerv3_runs/axis1_cup/within/random2/side1 gpu=2
DONE adapt_ax1fw11s1_cup_seed1_ckpt500000
START mode=apt run=adapt_ax1fw13s1_cup_seed1_ckpt500000 wm=ax1wm_cup_fw13s1_seed1 replay=/workspace/dreamerv3_runs/axis1_cup/within/random4/side1 gpu=2
DONE adapt_ax1fw13s1_cup_seed1_ckpt500000
START mode=apt run=adapt_ax1fq1s0_cup_seed11_ckpt500000 wm=ax1wm_cup_fq1s0_seed11 replay=/workspace/dreamerv3_runs/axis1_cup/q1/side0 gpu=2
