[Wed Jul  1 22:15:55 CDT 2026] pilot RUN_ID=pilot_goal_finger_seed1 TASK=dmc_finger_turn_hard MODE=goal SEED=1 STEPS=1e5
2026-07-01 22:16:45.775267: E external/xla/xla/python/profiler/internal/python_hooks.cc:400] Can't import tensorflow.python.profiler.trace
2026-07-01 22:16:47.409788: E external/xla/xla/python/profiler/internal/python_hooks.cc:400] Can't import tensorflow.python.profiler.trace
---  ___                           __   ______ ---
--- |   \ _ _ ___ __ _ _ __  ___ _ \ \ / /__ / ---
--- | |) | '_/ -_) _` | '  \/ -_) '/\ V / |_ \ ---
--- |___/|_| \___\__,_|_|_|_\___|_|  \_/ |___/ ---
Replica: 0 / 1
Logdir: /scratch/midway3/rickybao/dreamerv3_runs/pilot_goal_finger_seed1
Run script: train
Observations
  reward           Space(float32, shape=(), low=-inf, high=inf)
  is_first         Space(bool, shape=(), low=False, high=True)
  is_last          Space(bool, shape=(), low=False, high=True)
  is_terminal      Space(bool, shape=(), low=False, high=True)
  position         Space(float32, shape=(4,), low=-inf, high=inf)
  velocity         Space(float32, shape=(3,), low=-inf, high=inf)
  touch            Space(float32, shape=(2,), low=-inf, high=inf)
  target_position  Space(float32, shape=(2,), low=-inf, high=inf)
  dist_to_target   Space(float32, shape=(), low=-inf, high=inf)
Actions
  action           Space(float32, shape=(2,), low=-1.0, high=1.0)
Extras
  consec           Space(int32, shape=(), low=-2147483648, high=2147483647)
  stepid           Space(uint8, shape=(20,), low=0, high=255)
  dyn/deter        Space(float32, shape=(512,), low=-inf, high=inf)
  dyn/stoch        Space(float32, shape=(32, 4), low=-inf, high=inf)
JAX devices (1): [cuda:0]
Policy devices: cuda:0
Train devices:  cuda:0
Initializing parameters...
Optimizer opt has 638,543 params:
       364,160 dyn
        66,111 val
        57,663 rew
        50,316 dec
        49,796 pol
        41,153 con
         9,344 enc
Done initializing!
Compiling 1 checkpoint groups...
Largest checkpoint group: 0 GB
Compiling train and report...
Train cost analysis:
  FLOPS:            1.5e+10
  Memory (temp):    1.9e+08
  Memory (inputs):  1.1e+07
  Memory (outputs): 9.3e+06
  Memory (code):    2.6e+06

Report cost analysis:
  FLOPS:            1.1e+07
  Memory (temp):    7.8e+05
  Memory (inputs):  2.7e+06
  Memory (outputs): 2.1e+04
  Memory (code):    1.2e+05

Done compiling!
Did not find any checkpoint.
Saving checkpoint: /scratch/midway3/rickybao/dreamerv3_runs/pilot_goal_finger_seed1/ckpt/20260701T221636F563383
Saved checkpoint.
Start training loop
Start JAX profiler: /scratch/midway3/rickybao/dreamerv3_runs/pilot_goal_finger_seed1
Stop JAX profiler

--------------------[Agent Step 4_048]--------------------
Metrics filtered by: 'score|length|fps|ratio|train/loss/|train/rand/'
train/loss/con 0.09 / train/loss/dist_to_target 0.06 / train/loss/dyn 2.05 / train/loss/policy 0.19 / train/loss/position 0.49 / train/loss/rep 2.05 / train/loss/repval 5.66 / train/loss/rew 2.48 / train/loss/target_position 0.07 / train/loss/touch 0.16 / train/loss/value 3.35 / train/loss/velocity 1.42 / replay/replay_ratio 688.52 / fps/policy 32.73 / fps/train 1.7e4

Writing metrics: /scratch/midway3/rickybao/dreamerv3_runs/pilot_goal_finger_seed1/metrics.jsonl
Writing metrics: /scratch/midway3/rickybao/dreamerv3_runs/pilot_goal_finger_seed1/scores.jsonl
Saving checkpoint: /scratch/midway3/rickybao/dreamerv3_runs/pilot_goal_finger_seed1/ckpt/20260701T221838F893723
Saved checkpoint.

--------------------[Agent Step 6_160]--------------------
Metrics filtered by: 'score|length|fps|ratio|train/loss/|train/rand/'
train/loss/con 0.02 / train/loss/dist_to_target 5.4e-3 / train/loss/dyn 1.35 / train/loss/policy 0.13 / train/loss/position 0.04 / train/loss/rep 1.35 / train/loss/repval 1.62 / train/loss/rew 0.1 / train/loss/target_position 0.01 / train/loss/touch 0.07 / train/loss/value 1.25 / train/loss/velocity 0.21 / replay/replay_ratio 1040 / fps/policy 17.52 / fps/train 1.8e4

Saving checkpoint: /scratch/midway3/rickybao/dreamerv3_runs/pilot_goal_finger_seed1/ckpt/20260701T222039F445872
Writing metrics: /scratch/midway3/rickybao/dreamerv3_runs/pilot_goal_finger_seed1/scores.jsonl
Writing metrics: /scratch/midway3/rickybao/dreamerv3_runs/pilot_goal_finger_seed1/metrics.jsonl
Saved checkpoint.

--------------------[Agent Step 8_272]--------------------
Metrics filtered by: 'score|length|fps|ratio|train/loss/|train/rand/'
train/loss/con 0.02 / train/loss/dist_to_target 4.5e-3 / train/loss/dyn 1.28 / train/loss/policy 0.13 / train/loss/position 0.03 / train/loss/rep 1.28 / train/loss/repval 1.78 / train/loss/rew 0.06 / train/loss/target_position 0.01 / train/loss/touch 0.04 / train/loss/value 1.68 / train/loss/velocity 0.15 / replay/replay_ratio 1040 / fps/policy 17.53 / fps/train 1.8e4

Writing metrics: /scratch/midway3/rickybao/dreamerv3_runs/pilot_goal_finger_seed1/metrics.jsonl
Saving checkpoint: /scratch/midway3/rickybao/dreamerv3_runs/pilot_goal_finger_seed1/ckpt/20260701T222239F920486
Writing metrics: /scratch/midway3/rickybao/dreamerv3_runs/pilot_goal_finger_seed1/scores.jsonl
Saved checkpoint.

--------------------[Agent Step 10_384]--------------------
Metrics filtered by: 'score|length|fps|ratio|train/loss/|train/rand/'
train/loss/con 0.02 / train/loss/dist_to_target 4.1e-3 / train/loss/dyn 1.23 / train/loss/policy -0.03 / train/loss/position 0.03 / train/loss/rep 1.23 / train/loss/repval 2.22 / train/loss/rew 0.03 / train/loss/target_position 0.01 / train/loss/touch 0.02 / train/loss/value 2.17 / train/loss/velocity 0.11 / replay/replay_ratio 1040 / fps/policy 17.53 / fps/train 1.8e4

Saving checkpoint: /scratch/midway3/rickybao/dreamerv3_runs/pilot_goal_finger_seed1/ckpt/20260701T222440F371162
Writing metrics: /scratch/midway3/rickybao/dreamerv3_runs/pilot_goal_finger_seed1/metrics.jsonl
Writing metrics: /scratch/midway3/rickybao/dreamerv3_runs/pilot_goal_finger_seed1/scores.jsonl
Saved checkpoint.

--------------------[Agent Step 12_496]--------------------
Metrics filtered by: 'score|length|fps|ratio|train/loss/|train/rand/'
train/loss/con 0.02 / train/loss/dist_to_target 4e-3 / train/loss/dyn 1.29 / train/loss/policy 3.3e-4 / train/loss/position 0.03 / train/loss/rep 1.29 / train/loss/repval 1.55 / train/loss/rew 0.04 / train/loss/target_position 0.01 / train/loss/touch 0.02 / train/loss/value 1.39 / train/loss/velocity 0.09 / replay/replay_ratio 1040 / fps/policy 17.53 / fps/train 1.8e4

Writing metrics: /scratch/midway3/rickybao/dreamerv3_runs/pilot_goal_finger_seed1/scores.jsonl
Saving checkpoint: /scratch/midway3/rickybao/dreamerv3_runs/pilot_goal_finger_seed1/ckpt/20260701T222640F869070
Writing metrics: /scratch/midway3/rickybao/dreamerv3_runs/pilot_goal_finger_seed1/metrics.jsonl
Saved checkpoint.

--------------------[Agent Step 14_608]--------------------
Metrics filtered by: 'score|length|fps|ratio|train/loss/|train/rand/'
train/loss/con 0.02 / train/loss/dist_to_target 4.1e-3 / train/loss/dyn 1.35 / train/loss/policy -0.07 / train/loss/position 0.02 / train/loss/rep 1.35 / train/loss/repval 1.57 / train/loss/rew 0.05 / train/loss/target_position 0.01 / train/loss/touch 0.03 / train/loss/value 1.34 / train/loss/velocity 0.09 / replay/replay_ratio 1040 / fps/policy 17.52 / fps/train 1.8e4

Saving checkpoint: /scratch/midway3/rickybao/dreamerv3_runs/pilot_goal_finger_seed1/ckpt/20260701T222841F408293
Writing metrics: /scratch/midway3/rickybao/dreamerv3_runs/pilot_goal_finger_seed1/scores.jsonl
Writing metrics: /scratch/midway3/rickybao/dreamerv3_runs/pilot_goal_finger_seed1/metrics.jsonl
Saved checkpoint.

--------------------[Agent Step 16_720]--------------------
Metrics filtered by: 'score|length|fps|ratio|train/loss/|train/rand/'
episode/score 0 / episode/length 1001 / train/loss/con 0.02 / train/loss/dist_to_target 3.9e-3 / train/loss/dyn 1.37 / train/loss/policy -0.1 / train/loss/position 0.02 / train/loss/rep 1.37 / train/loss/repval 1.58 / train/loss/rew 0.04 / train/loss/target_position 0.01 / train/loss/touch 0.03 / train/loss/value 1.37 / train/loss/velocity 0.08 / replay/replay_ratio 1040 / fps/policy 17.53 / fps/train 1.8e4

Saving checkpoint: /scratch/midway3/rickybao/dreamerv3_runs/pilot_goal_finger_seed1/ckpt/20260701T223041F919171
Writing metrics: /scratch/midway3/rickybao/dreamerv3_runs/pilot_goal_finger_seed1/metrics.jsonl
Writing metrics: /scratch/midway3/rickybao/dreamerv3_runs/pilot_goal_finger_seed1/scores.jsonl
Saved checkpoint.

--------------------[Agent Step 18_832]--------------------
Metrics filtered by: 'score|length|fps|ratio|train/loss/|train/rand/'
train/loss/con 0.02 / train/loss/dist_to_target 3.8e-3 / train/loss/dyn 1.5 / train/loss/policy -0.09 / train/loss/position 0.02 / train/loss/rep 1.5 / train/loss/repval 1.5 / train/loss/rew 0.06 / train/loss/target_position 0.01 / train/loss/touch 0.04 / train/loss/value 1.26 / train/loss/velocity 0.1 / replay/replay_ratio 1040 / fps/policy 17.54 / fps/train 1.8e4

Writing metrics: /scratch/midway3/rickybao/dreamerv3_runs/pilot_goal_finger_seed1/scores.jsonl
Writing metrics: /scratch/midway3/rickybao/dreamerv3_runs/pilot_goal_finger_seed1/metrics.jsonl
Saving checkpoint: /scratch/midway3/rickybao/dreamerv3_runs/pilot_goal_finger_seed1/ckpt/20260701T223242F355386
Saved checkpoint.

--------------------[Agent Step 20_944]--------------------
Metrics filtered by: 'score|length|fps|ratio|train/loss/|train/rand/'
train/loss/con 0.02 / train/loss/dist_to_target 3.9e-3 / train/loss/dyn 1.56 / train/loss/policy -0.09 / train/loss/position 0.02 / train/loss/rep 1.56 / train/loss/repval 1.54 / train/loss/rew 0.08 / train/loss/target_position 0.01 / train/loss/touch 0.03 / train/loss/value 1.23 / train/loss/velocity 0.09 / replay/replay_ratio 1040 / fps/policy 17.53 / fps/train 1.8e4

Writing metrics: /scratch/midway3/rickybao/dreamerv3_runs/pilot_goal_finger_seed1/scores.jsonl
Saving checkpoint: /scratch/midway3/rickybao/dreamerv3_runs/pilot_goal_finger_seed1/ckpt/20260701T223442F809177
Writing metrics: /scratch/midway3/rickybao/dreamerv3_runs/pilot_goal_finger_seed1/metrics.jsonl
Saved checkpoint.

--------------------[Agent Step 23_056]--------------------
Metrics filtered by: 'score|length|fps|ratio|train/loss/|train/rand/'
train/loss/con 0.02 / train/loss/dist_to_target 3.3e-3 / train/loss/dyn 1.5 / train/loss/policy -0.06 / train/loss/position 0.02 / train/loss/rep 1.5 / train/loss/repval 1.49 / train/loss/rew 0.08 / train/loss/target_position 0.01 / train/loss/touch 0.03 / train/loss/value 1.24 / train/loss/velocity 0.08 / replay/replay_ratio 1040 / fps/policy 17.55 / fps/train 1.8e4

Writing metrics: /scratch/midway3/rickybao/dreamerv3_runs/pilot_goal_finger_seed1/metrics.jsonl
Saving checkpoint: /scratch/midway3/rickybao/dreamerv3_runs/pilot_goal_finger_seed1/ckpt/20260701T223643F182530
Writing metrics: /scratch/midway3/rickybao/dreamerv3_runs/pilot_goal_finger_seed1/scores.jsonl
Saved checkpoint.

--------------------[Agent Step 25_168]--------------------
Metrics filtered by: 'score|length|fps|ratio|train/loss/|train/rand/'
train/loss/con 0.02 / train/loss/dist_to_target 2.7e-3 / train/loss/dyn 1.46 / train/loss/policy -0.06 / train/loss/position 0.02 / train/loss/rep 1.46 / train/loss/repval 1.38 / train/loss/rew 0.06 / train/loss/target_position 0.01 / train/loss/touch 0.02 / train/loss/value 1.15 / train/loss/velocity 0.08 / replay/replay_ratio 1040 / fps/policy 17.53 / fps/train 1.8e4

Writing metrics: /scratch/midway3/rickybao/dreamerv3_runs/pilot_goal_finger_seed1/metrics.jsonl
Saving checkpoint: /scratch/midway3/rickybao/dreamerv3_runs/pilot_goal_finger_seed1/ckpt/20260701T223843F629675
Writing metrics: /scratch/midway3/rickybao/dreamerv3_runs/pilot_goal_finger_seed1/scores.jsonl
Saved checkpoint.

--------------------[Agent Step 27_280]--------------------
Metrics filtered by: 'score|length|fps|ratio|train/loss/|train/rand/'
train/loss/con 0.02 / train/loss/dist_to_target 2.4e-3 / train/loss/dyn 1.56 / train/loss/policy -0.05 / train/loss/position 0.02 / train/loss/rep 1.56 / train/loss/repval 1.42 / train/loss/rew 0.08 / train/loss/target_position 0.01 / train/loss/touch 0.02 / train/loss/value 1.22 / train/loss/velocity 0.08 / replay/replay_ratio 1040 / fps/policy 17.54 / fps/train 1.8e4

Saving checkpoint: /scratch/midway3/rickybao/dreamerv3_runs/pilot_goal_finger_seed1/ckpt/20260701T224044F070038
Writing metrics: /scratch/midway3/rickybao/dreamerv3_runs/pilot_goal_finger_seed1/scores.jsonl
Writing metrics: /scratch/midway3/rickybao/dreamerv3_runs/pilot_goal_finger_seed1/metrics.jsonl
Saved checkpoint.

--------------------[Agent Step 29_392]--------------------
Metrics filtered by: 'score|length|fps|ratio|train/loss/|train/rand/'
train/loss/con 0.02 / train/loss/dist_to_target 2.2e-3 / train/loss/dyn 1.65 / train/loss/policy -0.04 / train/loss/position 0.02 / train/loss/rep 1.65 / train/loss/repval 1.46 / train/loss/rew 0.09 / train/loss/target_position 0.01 / train/loss/touch 0.03 / train/loss/value 1.18 / train/loss/velocity 0.09 / replay/replay_ratio 1040 / fps/policy 17.51 / fps/train 1.8e4

Saving checkpoint: /scratch/midway3/rickybao/dreamerv3_runs/pilot_goal_finger_seed1/ckpt/20260701T224244F695541
Writing metrics: /scratch/midway3/rickybao/dreamerv3_runs/pilot_goal_finger_seed1/metrics.jsonl
Writing metrics: /scratch/midway3/rickybao/dreamerv3_runs/pilot_goal_finger_seed1/scores.jsonl
Saved checkpoint.

--------------------[Agent Step 31_504]--------------------
Metrics filtered by: 'score|length|fps|ratio|train/loss/|train/rand/'
train/loss/con 0.02 / train/loss/dist_to_target 1.8e-3 / train/loss/dyn 1.71 / train/loss/policy -0.03 / train/loss/position 0.02 / train/loss/rep 1.71 / train/loss/repval 1.52 / train/loss/rew 0.09 / train/loss/target_position 0.01 / train/loss/touch 0.03 / train/loss/value 1.25 / train/loss/velocity 0.09 / replay/replay_ratio 1040 / fps/policy 17.55 / fps/train 1.8e4

Saving checkpoint: /scratch/midway3/rickybao/dreamerv3_runs/pilot_goal_finger_seed1/ckpt/20260701T224445F010705
Writing metrics: /scratch/midway3/rickybao/dreamerv3_runs/pilot_goal_finger_seed1/metrics.jsonl
Writing metrics: /scratch/midway3/rickybao/dreamerv3_runs/pilot_goal_finger_seed1/scores.jsonl
Saved checkpoint.

--------------------[Agent Step 33_616]--------------------
Metrics filtered by: 'score|length|fps|ratio|train/loss/|train/rand/'
episode/score 8 / episode/length 1001 / train/loss/con 0.02 / train/loss/dist_to_target 1.6e-3 / train/loss/dyn 1.8 / train/loss/policy -0.02 / train/loss/position 0.02 / train/loss/rep 1.8 / train/loss/repval 1.69 / train/loss/rew 0.12 / train/loss/target_position 0.01 / train/loss/touch 0.03 / train/loss/value 1.31 / train/loss/velocity 0.09 / replay/replay_ratio 1040 / fps/policy 17.55 / fps/train 1.8e4

Saving checkpoint: /scratch/midway3/rickybao/dreamerv3_runs/pilot_goal_finger_seed1/ckpt/20260701T224645F381067
Writing metrics: /scratch/midway3/rickybao/dreamerv3_runs/pilot_goal_finger_seed1/metrics.jsonl
Writing metrics: /scratch/midway3/rickybao/dreamerv3_runs/pilot_goal_finger_seed1/scores.jsonl
Saved checkpoint.

--------------------[Agent Step 35_728]--------------------
Metrics filtered by: 'score|length|fps|ratio|train/loss/|train/rand/'
train/loss/con 0.02 / train/loss/dist_to_target 1.2e-3 / train/loss/dyn 1.71 / train/loss/policy -0.02 / train/loss/position 0.02 / train/loss/rep 1.71 / train/loss/repval 1.5 / train/loss/rew 0.07 / train/loss/target_position 0.01 / train/loss/touch 0.03 / train/loss/value 1.26 / train/loss/velocity 0.09 / replay/replay_ratio 1040 / fps/policy 17.54 / fps/train 1.8e4

Saving checkpoint: /scratch/midway3/rickybao/dreamerv3_runs/pilot_goal_finger_seed1/ckpt/20260701T224845F812862
Writing metrics: /scratch/midway3/rickybao/dreamerv3_runs/pilot_goal_finger_seed1/metrics.jsonl
Writing metrics: /scratch/midway3/rickybao/dreamerv3_runs/pilot_goal_finger_seed1/scores.jsonl
Saved checkpoint.

--------------------[Agent Step 37_840]--------------------
Metrics filtered by: 'score|length|fps|ratio|train/loss/|train/rand/'
train/loss/con 0.02 / train/loss/dist_to_target 1.4e-3 / train/loss/dyn 1.79 / train/loss/policy -0.01 / train/loss/position 0.02 / train/loss/rep 1.79 / train/loss/repval 1.7 / train/loss/rew 0.09 / train/loss/target_position 0.01 / train/loss/touch 0.03 / train/loss/value 1.36 / train/loss/velocity 0.09 / replay/replay_ratio 1040 / fps/policy 17.53 / fps/train 1.8e4

Saving checkpoint: /scratch/midway3/rickybao/dreamerv3_runs/pilot_goal_finger_seed1/ckpt/20260701T225046F265651
Writing metrics: /scratch/midway3/rickybao/dreamerv3_runs/pilot_goal_finger_seed1/metrics.jsonl
Writing metrics: /scratch/midway3/rickybao/dreamerv3_runs/pilot_goal_finger_seed1/scores.jsonl
Saved checkpoint.

--------------------[Agent Step 39_952]--------------------
Metrics filtered by: 'score|length|fps|ratio|train/loss/|train/rand/'
train/loss/con 0.02 / train/loss/dist_to_target 1.3e-3 / train/loss/dyn 1.77 / train/loss/policy -0.01 / train/loss/position 0.02 / train/loss/rep 1.77 / train/loss/repval 1.73 / train/loss/rew 0.08 / train/loss/target_position 0.01 / train/loss/touch 0.03 / train/loss/value 1.42 / train/loss/velocity 0.08 / replay/replay_ratio 1040 / fps/policy 17.53 / fps/train 1.8e4

Writing metrics: /scratch/midway3/rickybao/dreamerv3_runs/pilot_goal_finger_seed1/metrics.jsonl
Saving checkpoint: /scratch/midway3/rickybao/dreamerv3_runs/pilot_goal_finger_seed1/ckpt/20260701T225246F729381
Writing metrics: /scratch/midway3/rickybao/dreamerv3_runs/pilot_goal_finger_seed1/scores.jsonl
Saved checkpoint.

--------------------[Agent Step 42_064]--------------------
Metrics filtered by: 'score|length|fps|ratio|train/loss/|train/rand/'
train/loss/con 0.02 / train/loss/dist_to_target 1.2e-3 / train/loss/dyn 1.86 / train/loss/policy -0.01 / train/loss/position 0.02 / train/loss/rep 1.86 / train/loss/repval 1.9 / train/loss/rew 0.1 / train/loss/target_position 0.01 / train/loss/touch 0.03 / train/loss/value 1.55 / train/loss/velocity 0.08 / replay/replay_ratio 1040 / fps/policy 17.54 / fps/train 1.8e4

Saving checkpoint: /scratch/midway3/rickybao/dreamerv3_runs/pilot_goal_finger_seed1/ckpt/20260701T225447F165593
Writing metrics: /scratch/midway3/rickybao/dreamerv3_runs/pilot_goal_finger_seed1/metrics.jsonl
Writing metrics: /scratch/midway3/rickybao/dreamerv3_runs/pilot_goal_finger_seed1/scores.jsonl
Saved checkpoint.

--------------------[Agent Step 44_176]--------------------
Metrics filtered by: 'score|length|fps|ratio|train/loss/|train/rand/'
train/loss/con 0.02 / train/loss/dist_to_target 1e-3 / train/loss/dyn 1.79 / train/loss/policy -4.3e-3 / train/loss/position 0.02 / train/loss/rep 1.79 / train/loss/repval 1.99 / train/loss/rew 0.08 / train/loss/target_position 0.01 / train/loss/touch 0.02 / train/loss/value 1.52 / train/loss/velocity 0.08 / replay/replay_ratio 1040 / fps/policy 17.54 / fps/train 1.8e4

Saving checkpoint: /scratch/midway3/rickybao/dreamerv3_runs/pilot_goal_finger_seed1/ckpt/20260701T225647F594664
Writing metrics: /scratch/midway3/rickybao/dreamerv3_runs/pilot_goal_finger_seed1/metrics.jsonl
Writing metrics: /scratch/midway3/rickybao/dreamerv3_runs/pilot_goal_finger_seed1/scores.jsonl
Saved checkpoint.

--------------------[Agent Step 46_288]--------------------
Metrics filtered by: 'score|length|fps|ratio|train/loss/|train/rand/'
train/loss/con 0.02 / train/loss/dist_to_target 1.1e-3 / train/loss/dyn 1.82 / train/loss/policy -1.3e-3 / train/loss/position 0.02 / train/loss/rep 1.82 / train/loss/repval 2.13 / train/loss/rew 0.08 / train/loss/target_position 0.01 / train/loss/touch 0.02 / train/loss/value 1.72 / train/loss/velocity 0.08 / replay/replay_ratio 1040 / fps/policy 17.53 / fps/train 1.8e4

Saving checkpoint: /scratch/midway3/rickybao/dreamerv3_runs/pilot_goal_finger_seed1/ckpt/20260701T225848F076475
Writing metrics: /scratch/midway3/rickybao/dreamerv3_runs/pilot_goal_finger_seed1/scores.jsonl
Writing metrics: /scratch/midway3/rickybao/dreamerv3_runs/pilot_goal_finger_seed1/metrics.jsonl
Saved checkpoint.

--------------------[Agent Step 48_400]--------------------
Metrics filtered by: 'score|length|fps|ratio|train/loss/|train/rand/'
episode/score 0 / episode/length 1001 / train/loss/con 0.02 / train/loss/dist_to_target 1.1e-3 / train/loss/dyn 1.79 / train/loss/policy -5.5e-3 / train/loss/position 0.02 / train/loss/rep 1.79 / train/loss/repval 1.87 / train/loss/rew 0.07 / train/loss/target_position 0.01 / train/loss/touch 0.02 / train/loss/value 1.46 / train/loss/velocity 0.08 / replay/replay_ratio 1040 / fps/policy 17.53 / fps/train 1.8e4

Saving checkpoint: /scratch/midway3/rickybao/dreamerv3_runs/pilot_goal_finger_seed1/ckpt/20260701T230048F575573
Writing metrics: /scratch/midway3/rickybao/dreamerv3_runs/pilot_goal_finger_seed1/metrics.jsonl
Writing metrics: /scratch/midway3/rickybao/dreamerv3_runs/pilot_goal_finger_seed1/scores.jsonl
Saved checkpoint.

--------------------[Agent Step 50_512]--------------------
Metrics filtered by: 'score|length|fps|ratio|train/loss/|train/rand/'
train/loss/con 0.02 / train/loss/dist_to_target 1.2e-3 / train/loss/dyn 1.83 / train/loss/policy -3.1e-3 / train/loss/position 0.02 / train/loss/rep 1.83 / train/loss/repval 2.17 / train/loss/rew 0.11 / train/loss/target_position 0.01 / train/loss/touch 0.02 / train/loss/value 1.71 / train/loss/velocity 0.08 / replay/replay_ratio 1040 / fps/policy 17.54 / fps/train 1.8e4

Saving checkpoint: /scratch/midway3/rickybao/dreamerv3_runs/pilot_goal_finger_seed1/ckpt/20260701T230248F991033
Writing metrics: /scratch/midway3/rickybao/dreamerv3_runs/pilot_goal_finger_seed1/metrics.jsonl
Writing metrics: /scratch/midway3/rickybao/dreamerv3_runs/pilot_goal_finger_seed1/scores.jsonl
Saved checkpoint.

--------------------[Agent Step 52_624]--------------------
Metrics filtered by: 'score|length|fps|ratio|train/loss/|train/rand/'
train/loss/con 0.02 / train/loss/dist_to_target 1.1e-3 / train/loss/dyn 1.79 / train/loss/policy -1.4e-3 / train/loss/position 0.02 / train/loss/rep 1.79 / train/loss/repval 2.14 / train/loss/rew 0.09 / train/loss/target_position 0.01 / train/loss/touch 0.02 / train/loss/value 1.78 / train/loss/velocity 0.08 / replay/replay_ratio 1040 / fps/policy 17.55 / fps/train 1.8e4

Writing metrics: /scratch/midway3/rickybao/dreamerv3_runs/pilot_goal_finger_seed1/metrics.jsonl
Writing metrics: /scratch/midway3/rickybao/dreamerv3_runs/pilot_goal_finger_seed1/scores.jsonl
Saving checkpoint: /scratch/midway3/rickybao/dreamerv3_runs/pilot_goal_finger_seed1/ckpt/20260701T230449F361630
Saved checkpoint.

--------------------[Agent Step 54_736]--------------------
Metrics filtered by: 'score|length|fps|ratio|train/loss/|train/rand/'
train/loss/con 0.02 / train/loss/dist_to_target 1.1e-3 / train/loss/dyn 1.8 / train/loss/policy -4.9e-3 / train/loss/position 0.02 / train/loss/rep 1.8 / train/loss/repval 1.96 / train/loss/rew 0.09 / train/loss/target_position 0.01 / train/loss/touch 0.02 / train/loss/value 1.71 / train/loss/velocity 0.08 / replay/replay_ratio 1040 / fps/policy 17.54 / fps/train 1.8e4

Writing metrics: /scratch/midway3/rickybao/dreamerv3_runs/pilot_goal_finger_seed1/scores.jsonl
Saving checkpoint: /scratch/midway3/rickybao/dreamerv3_runs/pilot_goal_finger_seed1/ckpt/20260701T230649F761582
Writing metrics: /scratch/midway3/rickybao/dreamerv3_runs/pilot_goal_finger_seed1/metrics.jsonl
Saved checkpoint.

--------------------[Agent Step 56_848]--------------------
Metrics filtered by: 'score|length|fps|ratio|train/loss/|train/rand/'
train/loss/con 0.02 / train/loss/dist_to_target 1.2e-3 / train/loss/dyn 1.8 / train/loss/policy -6.3e-3 / train/loss/position 0.02 / train/loss/rep 1.8 / train/loss/repval 1.78 / train/loss/rew 0.09 / train/loss/target_position 0.01 / train/loss/touch 0.02 / train/loss/value 1.57 / train/loss/velocity 0.08 / replay/replay_ratio 1040 / fps/policy 17.53 / fps/train 1.8e4

Saving checkpoint: /scratch/midway3/rickybao/dreamerv3_runs/pilot_goal_finger_seed1/ckpt/20260701T230850F222392
Writing metrics: /scratch/midway3/rickybao/dreamerv3_runs/pilot_goal_finger_seed1/scores.jsonl
Writing metrics: /scratch/midway3/rickybao/dreamerv3_runs/pilot_goal_finger_seed1/metrics.jsonl
Saved checkpoint.

--------------------[Agent Step 58_960]--------------------
Metrics filtered by: 'score|length|fps|ratio|train/loss/|train/rand/'
train/loss/con 0.02 / train/loss/dist_to_target 1.2e-3 / train/loss/dyn 1.78 / train/loss/policy -3.8e-3 / train/loss/position 0.02 / train/loss/rep 1.78 / train/loss/repval 1.83 / train/loss/rew 0.11 / train/loss/target_position 0.01 / train/loss/touch 0.02 / train/loss/value 1.47 / train/loss/velocity 0.08 / replay/replay_ratio 1040 / fps/policy 17.54 / fps/train 1.8e4

Writing metrics: /scratch/midway3/rickybao/dreamerv3_runs/pilot_goal_finger_seed1/scores.jsonl
Saving checkpoint: /scratch/midway3/rickybao/dreamerv3_runs/pilot_goal_finger_seed1/ckpt/20260701T231050F632022
Writing metrics: /scratch/midway3/rickybao/dreamerv3_runs/pilot_goal_finger_seed1/metrics.jsonl
Saved checkpoint.

--------------------[Agent Step 61_072]--------------------
Metrics filtered by: 'score|length|fps|ratio|train/loss/|train/rand/'
train/loss/con 0.02 / train/loss/dist_to_target 1.2e-3 / train/loss/dyn 1.81 / train/loss/policy -1.5e-3 / train/loss/position 0.02 / train/loss/rep 1.81 / train/loss/repval 1.91 / train/loss/rew 0.11 / train/loss/target_position 0.01 / train/loss/touch 0.02 / train/loss/value 1.58 / train/loss/velocity 0.08 / replay/replay_ratio 1040 / fps/policy 17.54 / fps/train 1.8e4

Writing metrics: /scratch/midway3/rickybao/dreamerv3_runs/pilot_goal_finger_seed1/scores.jsonl
Writing metrics: /scratch/midway3/rickybao/dreamerv3_runs/pilot_goal_finger_seed1/metrics.jsonl
Saving checkpoint: /scratch/midway3/rickybao/dreamerv3_runs/pilot_goal_finger_seed1/ckpt/20260701T231251F028686
Saved checkpoint.

--------------------[Agent Step 63_184]--------------------
Metrics filtered by: 'score|length|fps|ratio|train/loss/|train/rand/'
train/loss/con 0.02 / train/loss/dist_to_target 1.2e-3 / train/loss/dyn 1.82 / train/loss/policy 2.4e-4 / train/loss/position 0.02 / train/loss/rep 1.82 / train/loss/repval 1.95 / train/loss/rew 0.12 / train/loss/target_position 0.01 / train/loss/touch 0.02 / train/loss/value 1.6 / train/loss/velocity 0.08 / replay/replay_ratio 1040 / fps/policy 17.54 / fps/train 1.8e4

Saving checkpoint: /scratch/midway3/rickybao/dreamerv3_runs/pilot_goal_finger_seed1/ckpt/20260701T231451F444621
Writing metrics: /scratch/midway3/rickybao/dreamerv3_runs/pilot_goal_finger_seed1/metrics.jsonl
Writing metrics: /scratch/midway3/rickybao/dreamerv3_runs/pilot_goal_finger_seed1/scores.jsonl
Saved checkpoint.

--------------------[Agent Step 65_296]--------------------
Metrics filtered by: 'score|length|fps|ratio|train/loss/|train/rand/'
episode/score 631 / episode/length 1001 / train/loss/con 0.02 / train/loss/dist_to_target 1.1e-3 / train/loss/dyn 1.78 / train/loss/policy -3.4e-4 / train/loss/position 0.02 / train/loss/rep 1.78 / train/loss/repval 1.75 / train/loss/rew 0.13 / train/loss/target_position 0.01 / train/loss/touch 0.02 / train/loss/value 1.39 / train/loss/velocity 0.08 / replay/replay_ratio 1040 / fps/policy 17.54 / fps/train 1.8e4

Saving checkpoint: /scratch/midway3/rickybao/dreamerv3_runs/pilot_goal_finger_seed1/ckpt/20260701T231651F855913
Writing metrics: /scratch/midway3/rickybao/dreamerv3_runs/pilot_goal_finger_seed1/metrics.jsonl
Writing metrics: /scratch/midway3/rickybao/dreamerv3_runs/pilot_goal_finger_seed1/scores.jsonl
Saved checkpoint.

--------------------[Agent Step 67_408]--------------------
Metrics filtered by: 'score|length|fps|ratio|train/loss/|train/rand/'
train/loss/con 0.02 / train/loss/dist_to_target 1.1e-3 / train/loss/dyn 1.79 / train/loss/policy -6.3e-4 / train/loss/position 0.02 / train/loss/rep 1.79 / train/loss/repval 1.98 / train/loss/rew 0.11 / train/loss/target_position 0.01 / train/loss/touch 0.02 / train/loss/value 1.73 / train/loss/velocity 0.08 / replay/replay_ratio 1040 / fps/policy 17.54 / fps/train 1.8e4

Saving checkpoint: /scratch/midway3/rickybao/dreamerv3_runs/pilot_goal_finger_seed1/ckpt/20260701T231852F233079
Writing metrics: /scratch/midway3/rickybao/dreamerv3_runs/pilot_goal_finger_seed1/scores.jsonl
Writing metrics: /scratch/midway3/rickybao/dreamerv3_runs/pilot_goal_finger_seed1/metrics.jsonl
Saved checkpoint.

--------------------[Agent Step 69_520]--------------------
Metrics filtered by: 'score|length|fps|ratio|train/loss/|train/rand/'
train/loss/con 0.02 / train/loss/dist_to_target 1.1e-3 / train/loss/dyn 1.83 / train/loss/policy 1.4e-3 / train/loss/position 0.02 / train/loss/rep 1.83 / train/loss/repval 1.95 / train/loss/rew 0.12 / train/loss/target_position 0.01 / train/loss/touch 0.02 / train/loss/value 1.65 / train/loss/velocity 0.08 / replay/replay_ratio 1040 / fps/policy 17.54 / fps/train 1.8e4

Saving checkpoint: /scratch/midway3/rickybao/dreamerv3_runs/pilot_goal_finger_seed1/ckpt/20260701T232052F634354
Writing metrics: /scratch/midway3/rickybao/dreamerv3_runs/pilot_goal_finger_seed1/scores.jsonl
Writing metrics: /scratch/midway3/rickybao/dreamerv3_runs/pilot_goal_finger_seed1/metrics.jsonl
Saved checkpoint.

--------------------[Agent Step 71_632]--------------------
Metrics filtered by: 'score|length|fps|ratio|train/loss/|train/rand/'
train/loss/con 0.02 / train/loss/dist_to_target 1.1e-3 / train/loss/dyn 1.82 / train/loss/policy 4.6e-3 / train/loss/position 0.02 / train/loss/rep 1.82 / train/loss/repval 2.01 / train/loss/rew 0.12 / train/loss/target_position 0.01 / train/loss/touch 0.02 / train/loss/value 1.66 / train/loss/velocity 0.08 / replay/replay_ratio 1040 / fps/policy 17.54 / fps/train 1.8e4

Saving checkpoint: /scratch/midway3/rickybao/dreamerv3_runs/pilot_goal_finger_seed1/ckpt/20260701T232253F036391
Writing metrics: /scratch/midway3/rickybao/dreamerv3_runs/pilot_goal_finger_seed1/metrics.jsonl
Writing metrics: /scratch/midway3/rickybao/dreamerv3_runs/pilot_goal_finger_seed1/scores.jsonl
Saved checkpoint.

--------------------[Agent Step 73_744]--------------------
Metrics filtered by: 'score|length|fps|ratio|train/loss/|train/rand/'
train/loss/con 0.02 / train/loss/dist_to_target 1.1e-3 / train/loss/dyn 1.83 / train/loss/policy 2.3e-3 / train/loss/position 0.02 / train/loss/rep 1.83 / train/loss/repval 2 / train/loss/rew 0.12 / train/loss/target_position 0.01 / train/loss/touch 0.02 / train/loss/value 1.66 / train/loss/velocity 0.08 / replay/replay_ratio 1040 / fps/policy 17.54 / fps/train 1.8e4

Saving checkpoint: /scratch/midway3/rickybao/dreamerv3_runs/pilot_goal_finger_seed1/ckpt/20260701T232453F472300
Writing metrics: /scratch/midway3/rickybao/dreamerv3_runs/pilot_goal_finger_seed1/scores.jsonl
Writing metrics: /scratch/midway3/rickybao/dreamerv3_runs/pilot_goal_finger_seed1/metrics.jsonl
Saved checkpoint.

--------------------[Agent Step 75_856]--------------------
Metrics filtered by: 'score|length|fps|ratio|train/loss/|train/rand/'
train/loss/con 0.02 / train/loss/dist_to_target 1.2e-3 / train/loss/dyn 1.82 / train/loss/policy 9.5e-4 / train/loss/position 0.02 / train/loss/rep 1.82 / train/loss/repval 1.95 / train/loss/rew 0.12 / train/loss/target_position 0.01 / train/loss/touch 0.02 / train/loss/value 1.61 / train/loss/velocity 0.08 / replay/replay_ratio 1040 / fps/policy 17.54 / fps/train 1.8e4

Writing metrics: /scratch/midway3/rickybao/dreamerv3_runs/pilot_goal_finger_seed1/scores.jsonl
Writing metrics: /scratch/midway3/rickybao/dreamerv3_runs/pilot_goal_finger_seed1/metrics.jsonl
Saving checkpoint: /scratch/midway3/rickybao/dreamerv3_runs/pilot_goal_finger_seed1/ckpt/20260701T232653F871982
Saved checkpoint.

--------------------[Agent Step 77_968]--------------------
Metrics filtered by: 'score|length|fps|ratio|train/loss/|train/rand/'
train/loss/con 0.02 / train/loss/dist_to_target 1.2e-3 / train/loss/dyn 1.82 / train/loss/policy 2.9e-3 / train/loss/position 0.02 / train/loss/rep 1.82 / train/loss/repval 2 / train/loss/rew 0.13 / train/loss/target_position 0.01 / train/loss/touch 0.02 / train/loss/value 1.63 / train/loss/velocity 0.08 / replay/replay_ratio 1040 / fps/policy 17.54 / fps/train 1.8e4

Saving checkpoint: /scratch/midway3/rickybao/dreamerv3_runs/pilot_goal_finger_seed1/ckpt/20260701T232854F286855
Writing metrics: /scratch/midway3/rickybao/dreamerv3_runs/pilot_goal_finger_seed1/scores.jsonl
Writing metrics: /scratch/midway3/rickybao/dreamerv3_runs/pilot_goal_finger_seed1/metrics.jsonl
Saved checkpoint.

--------------------[Agent Step 80_080]--------------------
Metrics filtered by: 'score|length|fps|ratio|train/loss/|train/rand/'
episode/score 3 / episode/length 1001 / train/loss/con 0.02 / train/loss/dist_to_target 1.2e-3 / train/loss/dyn 1.84 / train/loss/policy 3.8e-3 / train/loss/position 0.02 / train/loss/rep 1.84 / train/loss/repval 2.09 / train/loss/rew 0.13 / train/loss/target_position 0.01 / train/loss/touch 0.02 / train/loss/value 1.7 / train/loss/velocity 0.08 / replay/replay_ratio 1040 / fps/policy 17.54 / fps/train 1.8e4

Writing metrics: /scratch/midway3/rickybao/dreamerv3_runs/pilot_goal_finger_seed1/metrics.jsonl
Writing metrics: /scratch/midway3/rickybao/dreamerv3_runs/pilot_goal_finger_seed1/scores.jsonl
Saving checkpoint: /scratch/midway3/rickybao/dreamerv3_runs/pilot_goal_finger_seed1/ckpt/20260701T233054F710746
Saved checkpoint.

--------------------[Agent Step 82_192]--------------------
Metrics filtered by: 'score|length|fps|ratio|train/loss/|train/rand/'
train/loss/con 0.02 / train/loss/dist_to_target 1.2e-3 / train/loss/dyn 1.86 / train/loss/policy 4.3e-3 / train/loss/position 0.02 / train/loss/rep 1.86 / train/loss/repval 2.19 / train/loss/rew 0.13 / train/loss/target_position 0.01 / train/loss/touch 0.02 / train/loss/value 1.84 / train/loss/velocity 0.08 / replay/replay_ratio 1040 / fps/policy 17.53 / fps/train 1.8e4

Saving checkpoint: /scratch/midway3/rickybao/dreamerv3_runs/pilot_goal_finger_seed1/ckpt/20260701T233255F195432
Writing metrics: /scratch/midway3/rickybao/dreamerv3_runs/pilot_goal_finger_seed1/scores.jsonl
Writing metrics: /scratch/midway3/rickybao/dreamerv3_runs/pilot_goal_finger_seed1/metrics.jsonl
Saved checkpoint.

--------------------[Agent Step 84_304]--------------------
Metrics filtered by: 'score|length|fps|ratio|train/loss/|train/rand/'
train/loss/con 0.02 / train/loss/dist_to_target 1.2e-3 / train/loss/dyn 1.86 / train/loss/policy 1.4e-3 / train/loss/position 0.02 / train/loss/rep 1.86 / train/loss/repval 2.24 / train/loss/rew 0.13 / train/loss/target_position 0.01 / train/loss/touch 0.02 / train/loss/value 1.88 / train/loss/velocity 0.08 / replay/replay_ratio 1040 / fps/policy 17.53 / fps/train 1.8e4

Saving checkpoint: /scratch/midway3/rickybao/dreamerv3_runs/pilot_goal_finger_seed1/ckpt/20260701T233455F700902
Writing metrics: /scratch/midway3/rickybao/dreamerv3_runs/pilot_goal_finger_seed1/scores.jsonl
Writing metrics: /scratch/midway3/rickybao/dreamerv3_runs/pilot_goal_finger_seed1/metrics.jsonl
Saved checkpoint.

--------------------[Agent Step 86_416]--------------------
Metrics filtered by: 'score|length|fps|ratio|train/loss/|train/rand/'
train/loss/con 0.02 / train/loss/dist_to_target 1.2e-3 / train/loss/dyn 1.86 / train/loss/policy 9.4e-4 / train/loss/position 0.02 / train/loss/rep 1.86 / train/loss/repval 2.18 / train/loss/rew 0.14 / train/loss/target_position 0.01 / train/loss/touch 0.02 / train/loss/value 1.81 / train/loss/velocity 0.07 / replay/replay_ratio 1040 / fps/policy 17.54 / fps/train 1.8e4

Saving checkpoint: /scratch/midway3/rickybao/dreamerv3_runs/pilot_goal_finger_seed1/ckpt/20260701T233656F104070
Writing metrics: /scratch/midway3/rickybao/dreamerv3_runs/pilot_goal_finger_seed1/metrics.jsonl
Writing metrics: /scratch/midway3/rickybao/dreamerv3_runs/pilot_goal_finger_seed1/scores.jsonl
Saved checkpoint.

--------------------[Agent Step 88_528]--------------------
Metrics filtered by: 'score|length|fps|ratio|train/loss/|train/rand/'
train/loss/con 0.02 / train/loss/dist_to_target 1.3e-3 / train/loss/dyn 1.85 / train/loss/policy 4.5e-4 / train/loss/position 0.02 / train/loss/rep 1.85 / train/loss/repval 2.13 / train/loss/rew 0.14 / train/loss/target_position 0.01 / train/loss/touch 0.02 / train/loss/value 1.73 / train/loss/velocity 0.08 / replay/replay_ratio 1040 / fps/policy 17.54 / fps/train 1.8e4

Writing metrics: /scratch/midway3/rickybao/dreamerv3_runs/pilot_goal_finger_seed1/metrics.jsonl
Writing metrics: /scratch/midway3/rickybao/dreamerv3_runs/pilot_goal_finger_seed1/scores.jsonl
Saving checkpoint: /scratch/midway3/rickybao/dreamerv3_runs/pilot_goal_finger_seed1/ckpt/20260701T233856F543245
Saved checkpoint.

--------------------[Agent Step 90_640]--------------------
Metrics filtered by: 'score|length|fps|ratio|train/loss/|train/rand/'
train/loss/con 0.02 / train/loss/dist_to_target 1.3e-3 / train/loss/dyn 1.84 / train/loss/policy 1.3e-3 / train/loss/position 0.02 / train/loss/rep 1.84 / train/loss/repval 2.09 / train/loss/rew 0.15 / train/loss/target_position 0.01 / train/loss/touch 0.02 / train/loss/value 1.68 / train/loss/velocity 0.08 / replay/replay_ratio 1040 / fps/policy 17.51 / fps/train 1.8e4

Saving checkpoint: /scratch/midway3/rickybao/dreamerv3_runs/pilot_goal_finger_seed1/ckpt/20260701T234057F150435
Writing metrics: /scratch/midway3/rickybao/dreamerv3_runs/pilot_goal_finger_seed1/metrics.jsonl
Writing metrics: /scratch/midway3/rickybao/dreamerv3_runs/pilot_goal_finger_seed1/scores.jsonl
Saved checkpoint.

--------------------[Agent Step 92_752]--------------------
Metrics filtered by: 'score|length|fps|ratio|train/loss/|train/rand/'
train/loss/con 0.02 / train/loss/dist_to_target 1.2e-3 / train/loss/dyn 1.82 / train/loss/policy 2.3e-3 / train/loss/position 0.02 / train/loss/rep 1.82 / train/loss/repval 2.08 / train/loss/rew 0.14 / train/loss/target_position 0.01 / train/loss/touch 0.02 / train/loss/value 1.7 / train/loss/velocity 0.07 / replay/replay_ratio 1040 / fps/policy 17.52 / fps/train 1.8e4

Saving checkpoint: /scratch/midway3/rickybao/dreamerv3_runs/pilot_goal_finger_seed1/ckpt/20260701T234257F688142
Writing metrics: /scratch/midway3/rickybao/dreamerv3_runs/pilot_goal_finger_seed1/metrics.jsonl
Writing metrics: /scratch/midway3/rickybao/dreamerv3_runs/pilot_goal_finger_seed1/scores.jsonl
Saved checkpoint.

--------------------[Agent Step 94_864]--------------------
Metrics filtered by: 'score|length|fps|ratio|train/loss/|train/rand/'
train/loss/con 0.02 / train/loss/dist_to_target 1.2e-3 / train/loss/dyn 1.8 / train/loss/policy 1.6e-3 / train/loss/position 0.02 / train/loss/rep 1.8 / train/loss/repval 1.99 / train/loss/rew 0.13 / train/loss/target_position 0.01 / train/loss/touch 0.02 / train/loss/value 1.63 / train/loss/velocity 0.07 / replay/replay_ratio 1040 / fps/policy 17.53 / fps/train 1.8e4

Saving checkpoint: /scratch/midway3/rickybao/dreamerv3_runs/pilot_goal_finger_seed1/ckpt/20260701T234458F145837
Writing metrics: /scratch/midway3/rickybao/dreamerv3_runs/pilot_goal_finger_seed1/metrics.jsonl
Writing metrics: /scratch/midway3/rickybao/dreamerv3_runs/pilot_goal_finger_seed1/scores.jsonl
Saved checkpoint.

--------------------[Agent Step 96_976]--------------------
Metrics filtered by: 'score|length|fps|ratio|train/loss/|train/rand/'
episode/score 0 / episode/length 1001 / train/loss/con 0.02 / train/loss/dist_to_target 1.2e-3 / train/loss/dyn 1.8 / train/loss/policy 6e-4 / train/loss/position 0.02 / train/loss/rep 1.8 / train/loss/repval 1.88 / train/loss/rew 0.13 / train/loss/target_position 0.01 / train/loss/touch 0.02 / train/loss/value 1.57 / train/loss/velocity 0.07 / replay/replay_ratio 1040 / fps/policy 17.52 / fps/train 1.8e4

Saving checkpoint: /scratch/midway3/rickybao/dreamerv3_runs/pilot_goal_finger_seed1/ckpt/20260701T234658F678975
Writing metrics: /scratch/midway3/rickybao/dreamerv3_runs/pilot_goal_finger_seed1/metrics.jsonl
Writing metrics: /scratch/midway3/rickybao/dreamerv3_runs/pilot_goal_finger_seed1/scores.jsonl
Saved checkpoint.

--------------------[Agent Step 99_088]--------------------
Metrics filtered by: 'score|length|fps|ratio|train/loss/|train/rand/'
train/loss/con 0.02 / train/loss/dist_to_target 1.2e-3 / train/loss/dyn 1.8 / train/loss/policy 1.1e-3 / train/loss/position 0.02 / train/loss/rep 1.8 / train/loss/repval 1.83 / train/loss/rew 0.14 / train/loss/target_position 0.01 / train/loss/touch 0.02 / train/loss/value 1.56 / train/loss/velocity 0.07 / replay/replay_ratio 1040 / fps/policy 17.54 / fps/train 1.8e4

Writing metrics: /scratch/midway3/rickybao/dreamerv3_runs/pilot_goal_finger_seed1/scores.jsonl
Writing metrics: /scratch/midway3/rickybao/dreamerv3_runs/pilot_goal_finger_seed1/metrics.jsonl
Saving checkpoint: /scratch/midway3/rickybao/dreamerv3_runs/pilot_goal_finger_seed1/ckpt/20260701T234859F077881
Saved checkpoint.
[Wed Jul  1 23:49:51 CDT 2026] pilot pilot_goal_finger_seed1 rc=0 status=DONE  (replay at /scratch/midway3/rickybao/dreamerv3_runs/pilot_goal_finger_seed1/replay)
