[Wed Jul  1 23:13:12 CDT 2026] pilot RUN_ID=pilot_random_reacher_seed1 TASK=dmc_reacher_hard MODE=expl_random SEED=1 STEPS=1e5
2026-07-01 23:13:50.230850: E external/xla/xla/python/profiler/internal/python_hooks.cc:400] Can't import tensorflow.python.profiler.trace
2026-07-01 23:13:51.276434: E external/xla/xla/python/profiler/internal/python_hooks.cc:400] Can't import tensorflow.python.profiler.trace
---  ___                           __   ______ ---
--- |   \ _ _ ___ __ _ _ __  ___ _ \ \ / /__ / ---
--- | |) | '_/ -_) _` | '  \/ -_) '/\ V / |_ \ ---
--- |___/|_| \___\__,_|_|_|_\___|_|  \_/ |___/ ---
Replica: 0 / 1
Logdir: /scratch/midway3/rickybao/dreamerv3_runs/pilot_random_reacher_seed1
Run script: train
Observations
  reward           Space(float32, shape=(), low=-inf, high=inf)
  is_first         Space(bool, shape=(), low=False, high=True)
  is_last          Space(bool, shape=(), low=False, high=True)
  is_terminal      Space(bool, shape=(), low=False, high=True)
  position         Space(float32, shape=(2,), low=-inf, high=inf)
  to_target        Space(float32, shape=(2,), low=-inf, high=inf)
  velocity         Space(float32, shape=(2,), low=-inf, high=inf)
Actions
  action           Space(float32, shape=(2,), low=-1.0, high=1.0)
Extras
  consec           Space(int32, shape=(), low=-2147483648, high=2147483647)
  stepid           Space(uint8, shape=(20,), low=0, high=255)
  dyn/deter        Space(float32, shape=(512,), low=-inf, high=inf)
  dyn/stoch        Space(float32, shape=(32, 4), low=-inf, high=inf)
JAX devices (1): [cuda:0]
Policy devices: cuda:0
Train devices:  cuda:0
Initializing parameters...
Optimizer opt has 423,046 params:
       364,160 dyn
        49,926 dec
         8,960 enc
Done initializing!
Compiling 1 checkpoint groups...
Largest checkpoint group: 0 GB
Compiling train and report...
Train cost analysis:
  FLOPS:            6.3e+07
  Memory (temp):    7.4e+07
  Memory (inputs):  7.8e+06
  Memory (outputs): 6.4e+06
  Memory (code):    9.7e+05

Report cost analysis:
  FLOPS:            1.9e+06
  Memory (temp):    9.2e+05
  Memory (inputs):  2.7e+06
  Memory (outputs): 2.1e+04
  Memory (code):    9.9e+04

Done compiling!
Did not find any checkpoint.
Saving checkpoint: /scratch/midway3/rickybao/dreamerv3_runs/pilot_random_reacher_seed1/ckpt/20260701T231345F035635
Saved checkpoint.
Start training loop
Start JAX profiler: /scratch/midway3/rickybao/dreamerv3_runs/pilot_random_reacher_seed1
Stop JAX profiler

--------------------[Agent Step 6_192]--------------------
Metrics filtered by: 'score|length|fps|ratio|train/loss/|train/rand/'
train/loss/dyn 1.36 / train/loss/position 0.21 / train/loss/rep 1.36 / train/loss/to_target 0.06 / train/loss/velocity 0.23 / replay/replay_ratio 834.33 / fps/policy 50.4 / fps/train 3.5e4

Writing metrics: /scratch/midway3/rickybao/dreamerv3_runs/pilot_random_reacher_seed1/metrics.jsonl
Writing metrics: /scratch/midway3/rickybao/dreamerv3_runs/pilot_random_reacher_seed1/scores.jsonl
Saving checkpoint: /scratch/midway3/rickybao/dreamerv3_runs/pilot_random_reacher_seed1/ckpt/20260701T231546F507126
Saved checkpoint.

--------------------[Agent Step 10_528]--------------------
Metrics filtered by: 'score|length|fps|ratio|train/loss/|train/rand/'
train/loss/dyn 1.01 / train/loss/position 8.3e-3 / train/loss/rep 1.01 / train/loss/to_target 6.8e-3 / train/loss/velocity 0.02 / replay/replay_ratio 1040 / fps/policy 36.06 / fps/train 3.7e4

Saving checkpoint: /scratch/midway3/rickybao/dreamerv3_runs/pilot_random_reacher_seed1/ckpt/20260701T231746F741269
Writing metrics: /scratch/midway3/rickybao/dreamerv3_runs/pilot_random_reacher_seed1/scores.jsonl
Writing metrics: /scratch/midway3/rickybao/dreamerv3_runs/pilot_random_reacher_seed1/metrics.jsonl
Saved checkpoint.

--------------------[Agent Step 14_864]--------------------
Metrics filtered by: 'score|length|fps|ratio|train/loss/|train/rand/'
train/loss/dyn 1 / train/loss/position 4.5e-3 / train/loss/rep 1 / train/loss/to_target 4e-3 / train/loss/velocity 8.4e-3 / replay/replay_ratio 1040 / fps/policy 36.07 / fps/train 3.7e4

Writing metrics: /scratch/midway3/rickybao/dreamerv3_runs/pilot_random_reacher_seed1/metrics.jsonl
Saving checkpoint: /scratch/midway3/rickybao/dreamerv3_runs/pilot_random_reacher_seed1/ckpt/20260701T231946F969649
Writing metrics: /scratch/midway3/rickybao/dreamerv3_runs/pilot_random_reacher_seed1/scores.jsonl
Saved checkpoint.

--------------------[Agent Step 19_200]--------------------
Metrics filtered by: 'score|length|fps|ratio|train/loss/|train/rand/'
episode/score 0 / episode/length 1001 / train/loss/dyn 1.01 / train/loss/position 5e-3 / train/loss/rep 1.01 / train/loss/to_target 2.8e-3 / train/loss/velocity 5.8e-3 / replay/replay_ratio 1040 / fps/policy 36.09 / fps/train 3.7e4

Saving checkpoint: /scratch/midway3/rickybao/dreamerv3_runs/pilot_random_reacher_seed1/ckpt/20260701T232147F114267
Writing metrics: /scratch/midway3/rickybao/dreamerv3_runs/pilot_random_reacher_seed1/metrics.jsonl
Writing metrics: /scratch/midway3/rickybao/dreamerv3_runs/pilot_random_reacher_seed1/scores.jsonl
Saved checkpoint.

--------------------[Agent Step 23_536]--------------------
Metrics filtered by: 'score|length|fps|ratio|train/loss/|train/rand/'
train/loss/dyn 1.01 / train/loss/position 3.2e-3 / train/loss/rep 1.01 / train/loss/to_target 1.9e-3 / train/loss/velocity 4.4e-3 / replay/replay_ratio 1040 / fps/policy 36.07 / fps/train 3.7e4

Saving checkpoint: /scratch/midway3/rickybao/dreamerv3_runs/pilot_random_reacher_seed1/ckpt/20260701T232347F324426
Writing metrics: /scratch/midway3/rickybao/dreamerv3_runs/pilot_random_reacher_seed1/scores.jsonl
Writing metrics: /scratch/midway3/rickybao/dreamerv3_runs/pilot_random_reacher_seed1/metrics.jsonl
Saved checkpoint.

--------------------[Agent Step 27_872]--------------------
Metrics filtered by: 'score|length|fps|ratio|train/loss/|train/rand/'
train/loss/dyn 1.01 / train/loss/position 2.3e-3 / train/loss/rep 1.01 / train/loss/to_target 1.2e-3 / train/loss/velocity 4.2e-3 / replay/replay_ratio 1040 / fps/policy 36.08 / fps/train 3.7e4

Saving checkpoint: /scratch/midway3/rickybao/dreamerv3_runs/pilot_random_reacher_seed1/ckpt/20260701T232547F508079
Writing metrics: /scratch/midway3/rickybao/dreamerv3_runs/pilot_random_reacher_seed1/metrics.jsonl
Writing metrics: /scratch/midway3/rickybao/dreamerv3_runs/pilot_random_reacher_seed1/scores.jsonl
Saved checkpoint.

--------------------[Agent Step 32_208]--------------------
Metrics filtered by: 'score|length|fps|ratio|train/loss/|train/rand/'
episode/score 0 / episode/length 1001 / train/loss/dyn 1.01 / train/loss/position 2e-3 / train/loss/rep 1.01 / train/loss/to_target 9e-4 / train/loss/velocity 3.5e-3 / replay/replay_ratio 1040 / fps/policy 36.07 / fps/train 3.7e4

Saving checkpoint: /scratch/midway3/rickybao/dreamerv3_runs/pilot_random_reacher_seed1/ckpt/20260701T232747F715342
Writing metrics: /scratch/midway3/rickybao/dreamerv3_runs/pilot_random_reacher_seed1/metrics.jsonl
Writing metrics: /scratch/midway3/rickybao/dreamerv3_runs/pilot_random_reacher_seed1/scores.jsonl
Saved checkpoint.

--------------------[Agent Step 36_544]--------------------
Metrics filtered by: 'score|length|fps|ratio|train/loss/|train/rand/'
train/loss/dyn 1.01 / train/loss/position 2.1e-3 / train/loss/rep 1.01 / train/loss/to_target 7.2e-4 / train/loss/velocity 3.2e-3 / replay/replay_ratio 1040 / fps/policy 36.08 / fps/train 3.7e4

Saving checkpoint: /scratch/midway3/rickybao/dreamerv3_runs/pilot_random_reacher_seed1/ckpt/20260701T232947F908087
Writing metrics: /scratch/midway3/rickybao/dreamerv3_runs/pilot_random_reacher_seed1/metrics.jsonl
Writing metrics: /scratch/midway3/rickybao/dreamerv3_runs/pilot_random_reacher_seed1/scores.jsonl
Saved checkpoint.

--------------------[Agent Step 40_880]--------------------
Metrics filtered by: 'score|length|fps|ratio|train/loss/|train/rand/'
train/loss/dyn 1.01 / train/loss/position 1.7e-3 / train/loss/rep 1.01 / train/loss/to_target 5.2e-4 / train/loss/velocity 2.7e-3 / replay/replay_ratio 1040 / fps/policy 36.08 / fps/train 3.7e4

Saving checkpoint: /scratch/midway3/rickybao/dreamerv3_runs/pilot_random_reacher_seed1/ckpt/20260701T233148F091178
Writing metrics: /scratch/midway3/rickybao/dreamerv3_runs/pilot_random_reacher_seed1/metrics.jsonl
Writing metrics: /scratch/midway3/rickybao/dreamerv3_runs/pilot_random_reacher_seed1/scores.jsonl
Saved checkpoint.

--------------------[Agent Step 45_216]--------------------
Metrics filtered by: 'score|length|fps|ratio|train/loss/|train/rand/'
train/loss/dyn 1.01 / train/loss/position 1.5e-3 / train/loss/rep 1.01 / train/loss/to_target 4.3e-4 / train/loss/velocity 2.5e-3 / replay/replay_ratio 1040 / fps/policy 36.09 / fps/train 3.7e4

Saving checkpoint: /scratch/midway3/rickybao/dreamerv3_runs/pilot_random_reacher_seed1/ckpt/20260701T233348F234143
Writing metrics: /scratch/midway3/rickybao/dreamerv3_runs/pilot_random_reacher_seed1/metrics.jsonl
Writing metrics: /scratch/midway3/rickybao/dreamerv3_runs/pilot_random_reacher_seed1/scores.jsonl
Saved checkpoint.

--------------------[Agent Step 49_552]--------------------
Metrics filtered by: 'score|length|fps|ratio|train/loss/|train/rand/'
episode/score 0 / episode/length 1001 / train/loss/dyn 1.01 / train/loss/position 1.4e-3 / train/loss/rep 1.01 / train/loss/to_target 3.9e-4 / train/loss/velocity 2.2e-3 / replay/replay_ratio 1040 / fps/policy 36.03 / fps/train 3.7e4

Saving checkpoint: /scratch/midway3/rickybao/dreamerv3_runs/pilot_random_reacher_seed1/ckpt/20260701T233548F585446
Writing metrics: /scratch/midway3/rickybao/dreamerv3_runs/pilot_random_reacher_seed1/metrics.jsonl
Writing metrics: /scratch/midway3/rickybao/dreamerv3_runs/pilot_random_reacher_seed1/scores.jsonl
Saved checkpoint.

--------------------[Agent Step 53_888]--------------------
Metrics filtered by: 'score|length|fps|ratio|train/loss/|train/rand/'
train/loss/dyn 1.01 / train/loss/position 1.5e-3 / train/loss/rep 1.01 / train/loss/to_target 3.6e-4 / train/loss/velocity 2e-3 / replay/replay_ratio 1040 / fps/policy 36.08 / fps/train 3.7e4

Saving checkpoint: /scratch/midway3/rickybao/dreamerv3_runs/pilot_random_reacher_seed1/ckpt/20260701T233748F771125
Writing metrics: /scratch/midway3/rickybao/dreamerv3_runs/pilot_random_reacher_seed1/metrics.jsonl
Writing metrics: /scratch/midway3/rickybao/dreamerv3_runs/pilot_random_reacher_seed1/scores.jsonl
Saved checkpoint.

--------------------[Agent Step 58_224]--------------------
Metrics filtered by: 'score|length|fps|ratio|train/loss/|train/rand/'
train/loss/dyn 1.01 / train/loss/position 1.3e-3 / train/loss/rep 1.01 / train/loss/to_target 3.2e-4 / train/loss/velocity 1.8e-3 / replay/replay_ratio 1040 / fps/policy 36.1 / fps/train 3.7e4

Saving checkpoint: /scratch/midway3/rickybao/dreamerv3_runs/pilot_random_reacher_seed1/ckpt/20260701T233948F894100
Writing metrics: /scratch/midway3/rickybao/dreamerv3_runs/pilot_random_reacher_seed1/metrics.jsonl
Writing metrics: /scratch/midway3/rickybao/dreamerv3_runs/pilot_random_reacher_seed1/scores.jsonl
Saved checkpoint.

--------------------[Agent Step 62_576]--------------------
Metrics filtered by: 'score|length|fps|ratio|train/loss/|train/rand/'
train/loss/dyn 1.01 / train/loss/position 1.2e-3 / train/loss/rep 1.01 / train/loss/to_target 3e-4 / train/loss/velocity 1.8e-3 / replay/replay_ratio 1040 / fps/policy 36.16 / fps/train 3.7e4

Saving checkpoint: /scratch/midway3/rickybao/dreamerv3_runs/pilot_random_reacher_seed1/ckpt/20260701T234149F240130
Writing metrics: /scratch/midway3/rickybao/dreamerv3_runs/pilot_random_reacher_seed1/metrics.jsonl
Writing metrics: /scratch/midway3/rickybao/dreamerv3_runs/pilot_random_reacher_seed1/scores.jsonl
Saved checkpoint.

--------------------[Agent Step 66_928]--------------------
Metrics filtered by: 'score|length|fps|ratio|train/loss/|train/rand/'
episode/score 0 / episode/length 1001 / train/loss/dyn 1.01 / train/loss/position 1.3e-3 / train/loss/rep 1.01 / train/loss/to_target 3.1e-4 / train/loss/velocity 1.8e-3 / replay/replay_ratio 1040 / fps/policy 36.18 / fps/train 3.7e4

Saving checkpoint: /scratch/midway3/rickybao/dreamerv3_runs/pilot_random_reacher_seed1/ckpt/20260701T234349F536146
Writing metrics: /scratch/midway3/rickybao/dreamerv3_runs/pilot_random_reacher_seed1/metrics.jsonl
Writing metrics: /scratch/midway3/rickybao/dreamerv3_runs/pilot_random_reacher_seed1/scores.jsonl
Saved checkpoint.

--------------------[Agent Step 71_280]--------------------
Metrics filtered by: 'score|length|fps|ratio|train/loss/|train/rand/'
train/loss/dyn 1.01 / train/loss/position 1.2e-3 / train/loss/rep 1.01 / train/loss/to_target 2.8e-4 / train/loss/velocity 1.7e-3 / replay/replay_ratio 1040 / fps/policy 36.19 / fps/train 3.7e4

Saving checkpoint: /scratch/midway3/rickybao/dreamerv3_runs/pilot_random_reacher_seed1/ckpt/20260701T234549F798999
Writing metrics: /scratch/midway3/rickybao/dreamerv3_runs/pilot_random_reacher_seed1/metrics.jsonl
Writing metrics: /scratch/midway3/rickybao/dreamerv3_runs/pilot_random_reacher_seed1/scores.jsonl
Saved checkpoint.

--------------------[Agent Step 75_632]--------------------
Metrics filtered by: 'score|length|fps|ratio|train/loss/|train/rand/'
train/loss/dyn 1.01 / train/loss/position 1.2e-3 / train/loss/rep 1.01 / train/loss/to_target 2.6e-4 / train/loss/velocity 1.5e-3 / replay/replay_ratio 1040 / fps/policy 36.17 / fps/train 3.7e4

Saving checkpoint: /scratch/midway3/rickybao/dreamerv3_runs/pilot_random_reacher_seed1/ckpt/20260701T234750F129373
Writing metrics: /scratch/midway3/rickybao/dreamerv3_runs/pilot_random_reacher_seed1/metrics.jsonl
Writing metrics: /scratch/midway3/rickybao/dreamerv3_runs/pilot_random_reacher_seed1/scores.jsonl
Saved checkpoint.

--------------------[Agent Step 79_984]--------------------
Metrics filtered by: 'score|length|fps|ratio|train/loss/|train/rand/'
train/loss/dyn 1.01 / train/loss/position 1.1e-3 / train/loss/rep 1.01 / train/loss/to_target 2.5e-4 / train/loss/velocity 1.4e-3 / replay/replay_ratio 1040 / fps/policy 36.18 / fps/train 3.7e4

Saving checkpoint: /scratch/midway3/rickybao/dreamerv3_runs/pilot_random_reacher_seed1/ckpt/20260701T234950F424102
Writing metrics: /scratch/midway3/rickybao/dreamerv3_runs/pilot_random_reacher_seed1/metrics.jsonl
Writing metrics: /scratch/midway3/rickybao/dreamerv3_runs/pilot_random_reacher_seed1/scores.jsonl
Saved checkpoint.

--------------------[Agent Step 84_336]--------------------
Metrics filtered by: 'score|length|fps|ratio|train/loss/|train/rand/'
episode/score 0 / episode/length 1001 / train/loss/dyn 1.01 / train/loss/position 1.2e-3 / train/loss/rep 1.01 / train/loss/to_target 2.5e-4 / train/loss/velocity 1.4e-3 / replay/replay_ratio 1040 / fps/policy 36.2 / fps/train 3.7e4

Saving checkpoint: /scratch/midway3/rickybao/dreamerv3_runs/pilot_random_reacher_seed1/ckpt/20260701T235150F647504
Writing metrics: /scratch/midway3/rickybao/dreamerv3_runs/pilot_random_reacher_seed1/metrics.jsonl
Writing metrics: /scratch/midway3/rickybao/dreamerv3_runs/pilot_random_reacher_seed1/scores.jsonl
Saved checkpoint.

--------------------[Agent Step 88_688]--------------------
Metrics filtered by: 'score|length|fps|ratio|train/loss/|train/rand/'
train/loss/dyn 1.01 / train/loss/position 1.1e-3 / train/loss/rep 1.01 / train/loss/to_target 2.4e-4 / train/loss/velocity 1.3e-3 / replay/replay_ratio 1040 / fps/policy 36.2 / fps/train 3.7e4

Saving checkpoint: /scratch/midway3/rickybao/dreamerv3_runs/pilot_random_reacher_seed1/ckpt/20260701T235350F875882
Writing metrics: /scratch/midway3/rickybao/dreamerv3_runs/pilot_random_reacher_seed1/metrics.jsonl
Writing metrics: /scratch/midway3/rickybao/dreamerv3_runs/pilot_random_reacher_seed1/scores.jsonl
Saved checkpoint.

--------------------[Agent Step 93_040]--------------------
Metrics filtered by: 'score|length|fps|ratio|train/loss/|train/rand/'
train/loss/dyn 1.01 / train/loss/position 1e-3 / train/loss/rep 1.01 / train/loss/to_target 2.3e-4 / train/loss/velocity 1.2e-3 / replay/replay_ratio 1040 / fps/policy 36.17 / fps/train 3.7e4

Saving checkpoint: /scratch/midway3/rickybao/dreamerv3_runs/pilot_random_reacher_seed1/ckpt/20260701T235551F196479
Writing metrics: /scratch/midway3/rickybao/dreamerv3_runs/pilot_random_reacher_seed1/metrics.jsonl
Writing metrics: /scratch/midway3/rickybao/dreamerv3_runs/pilot_random_reacher_seed1/scores.jsonl
Saved checkpoint.

--------------------[Agent Step 97_392]--------------------
Metrics filtered by: 'score|length|fps|ratio|train/loss/|train/rand/'
episode/score 0 / episode/length 1001 / train/loss/dyn 1.01 / train/loss/position 1e-3 / train/loss/rep 1.01 / train/loss/to_target 2.2e-4 / train/loss/velocity 1.2e-3 / replay/replay_ratio 1040 / fps/policy 36.16 / fps/train 3.7e4

Saving checkpoint: /scratch/midway3/rickybao/dreamerv3_runs/pilot_random_reacher_seed1/ckpt/20260701T235751F541773
Writing metrics: /scratch/midway3/rickybao/dreamerv3_runs/pilot_random_reacher_seed1/metrics.jsonl
Writing metrics: /scratch/midway3/rickybao/dreamerv3_runs/pilot_random_reacher_seed1/scores.jsonl
Saved checkpoint.

--------------------[Agent Step 99_440]--------------------
Metrics filtered by: 'score|length|fps|ratio|train/loss/|train/rand/'
No metrics.

Writing metrics: /scratch/midway3/rickybao/dreamerv3_runs/pilot_random_reacher_seed1/scores.jsonl
Writing metrics: /scratch/midway3/rickybao/dreamerv3_runs/pilot_random_reacher_seed1/metrics.jsonl
[Wed Jul  1 23:59:04 CDT 2026] pilot pilot_random_reacher_seed1 rc=0 status=DONE  (replay at /scratch/midway3/rickybao/dreamerv3_runs/pilot_random_reacher_seed1/replay)
