[Sat Jul 18 18:28:23 UTC 2026] tdmpc2_f1 start label=inst6 shard=0 gpu=0 tasks=1
[Sat Jul 18 18:28:23 UTC 2026] waiting for previous cloud jobs to finish
[Sat Jul 18 18:33:23 UTC 2026] waiting for previous cloud jobs to finish
[Sat Jul 18 18:38:23 UTC 2026] waiting for previous cloud jobs to finish
[Sat Jul 18 18:43:23 UTC 2026] waiting for previous cloud jobs to finish
[Sat Jul 18 18:48:23 UTC 2026] waiting for previous cloud jobs to finish
[Sat Jul 18 18:53:23 UTC 2026] waiting for previous cloud jobs to finish
[Sat Jul 18 18:58:23 UTC 2026] waiting for previous cloud jobs to finish
[Sat Jul 18 19:03:23 UTC 2026] waiting for previous cloud jobs to finish
[Sat Jul 18 19:08:23 UTC 2026] waiting for previous cloud jobs to finish
[Sat Jul 18 19:13:23 UTC 2026] waiting for previous cloud jobs to finish
[Sat Jul 18 19:18:23 UTC 2026] waiting for previous cloud jobs to finish
[Sat Jul 18 19:23:23 UTC 2026] waiting for previous cloud jobs to finish
[Sat Jul 18 19:28:23 UTC 2026] waiting for previous cloud jobs to finish
[Sat Jul 18 19:33:23 UTC 2026] waiting for previous cloud jobs to finish
[Sat Jul 18 19:38:23 UTC 2026] waiting for previous cloud jobs to finish
[Sat Jul 18 19:43:23 UTC 2026] waiting for previous cloud jobs to finish
[Sat Jul 18 19:48:23 UTC 2026] waiting for previous cloud jobs to finish
[Sat Jul 18 19:53:23 UTC 2026] waiting for previous cloud jobs to finish
[Sat Jul 18 19:58:23 UTC 2026] START gpu=0 adapt_tm2awareq1s1_finger_seed9_ckpt500000
[Sat Jul 18 20:57:57 UTC 2026] START gpu=0 adapt_tm2awareq1s1_finger_seed9_ckpt500000
[Sun Jul 19 05:52:17 UTC 2026] START gpu=0 run=adapt_ax1fv4q1v400s0_finger_seed4_ckpt500000
[Sun Jul 19 06:31:14 UTC 2026] DONE adapt_tm2awareq1s1_finger_seed9_ckpt500000
