[Sun Jul 19 14:43:48 UTC 2026] offline_fit WM_RUN=tm2wm_finger_awareq1s0_seed15 ARM=aware DATA=/workspace/dreamerv3_runs/tm2_data/finger_q1_side0.pt UPDATES=500000 SEED=15
/workspace/conda_envs/tdmpc2/lib/python3.11/site-packages/tensordict/_td.py:612: FutureWarning: TensorDict.to_module() is replacing an existing nn.Parameter in the destination module with a tensor leaf that is not an nn.Parameter. This historical behavior can remove the key from module.state_dict(). In tensordict v0.14, to_module() will preserve existing module parameter and buffer registrations by default. Pass preserve_module_state=False to keep the current replacement behavior, or preserve_module_state=True to opt in to the v0.14 behavior now.
  local_out = _set_tensor_dict(
Episode length: 1000
Discount factor: 0.995
Buffer capacity: 200,200
Storage required: 0.01 GB
Using CUDA:0 memory for storage.
[92m2026-07-19 14:43:52,214 [torchrl][INFO][0m    Initialized LazyTensorStorage with torch.Size([200200]) shape[92m [END][0m
Loaded static data: 200 eps x 1001 rows = 200200 rows; arm=aware (reward_coef=0.1, value_coef=0.1)
  update      1/500000: consistency_loss=0.0151  pi_loss=-0.0003  reward_loss=2.6922  total_loss=0.8397  value_loss=2.6922
  update    500/500000: consistency_loss=0.0018  pi_loss=-0.1421  reward_loss=0.1298  total_loss=0.0865  value_loss=0.3825
  update   1000/500000: consistency_loss=0.0014  pi_loss=-0.1737  reward_loss=0.0749  total_loss=0.0735  value_loss=0.3708
  update   1500/500000: consistency_loss=0.0013  pi_loss=-0.1171  reward_loss=0.0326  total_loss=0.0629  value_loss=0.3422
  update   2000/500000: consistency_loss=0.0011  pi_loss=-0.0908  reward_loss=0.0368  total_loss=0.0613  value_loss=0.3480
  update   2500/500000: consistency_loss=0.0010  pi_loss=-0.0826  reward_loss=0.0564  total_loss=0.0637  value_loss=0.3732
  update   3000/500000: consistency_loss=0.0008  pi_loss=-0.0679  reward_loss=0.0351  total_loss=0.0588  value_loss=0.3852
  update   3500/500000: consistency_loss=0.0008  pi_loss=-0.0908  reward_loss=0.0617  total_loss=0.0608  value_loss=0.3781
  update   4000/500000: consistency_loss=0.0008  pi_loss=-0.0783  reward_loss=0.0484  total_loss=0.0617  value_loss=0.4061
  update   4500/500000: consistency_loss=0.0008  pi_loss=-0.0553  reward_loss=0.0445  total_loss=0.0544  value_loss=0.3432
  update   5000/500000: consistency_loss=0.0008  pi_loss=-0.0584  reward_loss=0.0395  total_loss=0.0542  value_loss=0.3355
  update   5500/500000: consistency_loss=0.0008  pi_loss=-0.0601  reward_loss=0.0451  total_loss=0.0532  value_loss=0.3366
  update   6000/500000: consistency_loss=0.0008  pi_loss=-0.0707  reward_loss=0.0504  total_loss=0.0589  value_loss=0.3823
  update   6500/500000: consistency_loss=0.0008  pi_loss=-0.0812  reward_loss=0.0362  total_loss=0.0615  value_loss=0.4198
  update   7000/500000: consistency_loss=0.0008  pi_loss=-0.1102  reward_loss=0.0612  total_loss=0.0772  value_loss=0.5518
  update   7500/500000: consistency_loss=0.0008  pi_loss=-0.1283  reward_loss=0.0423  total_loss=0.0745  value_loss=0.5502
  update   8000/500000: consistency_loss=0.0007  pi_loss=-0.1941  reward_loss=0.0474  total_loss=0.0646  value_loss=0.4669
  update   8500/500000: consistency_loss=0.0007  pi_loss=-0.2408  reward_loss=0.0394  total_loss=0.0573  value_loss=0.3996
  update   9000/500000: consistency_loss=0.0006  pi_loss=-0.2760  reward_loss=0.0298  total_loss=0.0509  value_loss=0.3607
  update   9500/500000: consistency_loss=0.0006  pi_loss=-0.2842  reward_loss=0.0391  total_loss=0.0478  value_loss=0.3184
  update  10000/500000: consistency_loss=0.0006  pi_loss=-0.2839  reward_loss=0.0345  total_loss=0.0523  value_loss=0.3643
  update  10500/500000: consistency_loss=0.0006  pi_loss=-0.3593  reward_loss=0.0434  total_loss=0.0467  value_loss=0.3035
  update  11000/500000: consistency_loss=0.0006  pi_loss=-0.4510  reward_loss=0.0374  total_loss=0.0448  value_loss=0.2984
  update  11500/500000: consistency_loss=0.0005  pi_loss=-0.4570  reward_loss=0.0610  total_loss=0.0480  value_loss=0.3112
  update  12000/500000: consistency_loss=0.0005  pi_loss=-0.4094  reward_loss=0.0622  total_loss=0.0495  value_loss=0.3291
  update  12500/500000: consistency_loss=0.0005  pi_loss=-0.3786  reward_loss=0.0193  total_loss=0.0477  value_loss=0.3506
  update  13000/500000: consistency_loss=0.0005  pi_loss=-0.3520  reward_loss=0.0277  total_loss=0.0447  value_loss=0.3183
  update  13500/500000: consistency_loss=0.0005  pi_loss=-0.3352  reward_loss=0.0356  total_loss=0.0471  value_loss=0.3305
  update  14000/500000: consistency_loss=0.0005  pi_loss=-0.3033  reward_loss=0.0255  total_loss=0.0474  value_loss=0.3432
  update  14500/500000: consistency_loss=0.0005  pi_loss=-0.2686  reward_loss=0.0241  total_loss=0.0436  value_loss=0.3126
  update  15000/500000: consistency_loss=0.0005  pi_loss=-0.2724  reward_loss=0.0330  total_loss=0.0471  value_loss=0.3350
  update  15500/500000: consistency_loss=0.0005  pi_loss=-0.2809  reward_loss=0.0426  total_loss=0.0518  value_loss=0.3722
  update  16000/500000: consistency_loss=0.0004  pi_loss=-0.3187  reward_loss=0.0422  total_loss=0.0489  value_loss=0.3606
  update  16500/500000: consistency_loss=0.0005  pi_loss=-0.3398  reward_loss=0.0405  total_loss=0.0523  value_loss=0.3835
  update  17000/500000: consistency_loss=0.0004  pi_loss=-0.3343  reward_loss=0.0530  total_loss=0.0472  value_loss=0.3385
  update  17500/500000: consistency_loss=0.0004  pi_loss=-0.3504  reward_loss=0.0561  total_loss=0.0495  value_loss=0.3550
  update  18000/500000: consistency_loss=0.0004  pi_loss=-0.3431  reward_loss=0.0368  total_loss=0.0448  value_loss=0.3404
  update  18500/500000: consistency_loss=0.0004  pi_loss=-0.3481  reward_loss=0.0456  total_loss=0.0443  value_loss=0.3179
  update  19000/500000: consistency_loss=0.0004  pi_loss=-0.3573  reward_loss=0.0510  total_loss=0.0439  value_loss=0.3121
  update  19500/500000: consistency_loss=0.0004  pi_loss=-0.3338  reward_loss=0.0257  total_loss=0.0395  value_loss=0.2962
  update  20000/500000: consistency_loss=0.0004  pi_loss=-0.3453  reward_loss=0.0421  total_loss=0.0420  value_loss=0.3058
  update  20500/500000: consistency_loss=0.0004  pi_loss=-0.3686  reward_loss=0.0357  total_loss=0.0422  value_loss=0.3127
  update  21000/500000: consistency_loss=0.0004  pi_loss=-0.3685  reward_loss=0.0342  total_loss=0.0416  value_loss=0.3100
  update  21500/500000: consistency_loss=0.0004  pi_loss=-0.3675  reward_loss=0.0487  total_loss=0.0452  value_loss=0.3263
  update  22000/500000: consistency_loss=0.0003  pi_loss=-0.3669  reward_loss=0.0335  total_loss=0.0423  value_loss=0.3211
  update  22500/500000: consistency_loss=0.0003  pi_loss=-0.3721  reward_loss=0.0394  total_loss=0.0412  value_loss=0.3069
  update  23000/500000: consistency_loss=0.0003  pi_loss=-0.3734  reward_loss=0.0291  total_loss=0.0391  value_loss=0.3015
  update  23500/500000: consistency_loss=0.0003  pi_loss=-0.4099  reward_loss=0.0257  total_loss=0.0380  value_loss=0.2925
  update  24000/500000: consistency_loss=0.0003  pi_loss=-0.4338  reward_loss=0.0348  total_loss=0.0388  value_loss=0.2884
  update  24500/500000: consistency_loss=0.0003  pi_loss=-0.4929  reward_loss=0.0253  total_loss=0.0368  value_loss=0.2827
  update  25000/500000: consistency_loss=0.0003  pi_loss=-0.5370  reward_loss=0.0279  total_loss=0.0370  value_loss=0.2856
  update  25500/500000: consistency_loss=0.0003  pi_loss=-0.6239  reward_loss=0.0221  total_loss=0.0358  value_loss=0.2803
  update  26000/500000: consistency_loss=0.0003  pi_loss=-0.7416  reward_loss=0.0463  total_loss=0.0402  value_loss=0.2901
  update  26500/500000: consistency_loss=0.0003  pi_loss=-0.8286  reward_loss=0.0367  total_loss=0.0404  value_loss=0.3031
  update  27000/500000: consistency_loss=0.0003  pi_loss=-0.8279  reward_loss=0.0345  total_loss=0.0431  value_loss=0.3381
  update  27500/500000: consistency_loss=0.0003  pi_loss=-0.7940  reward_loss=0.0222  total_loss=0.0409  value_loss=0.3317
  update  28000/500000: consistency_loss=0.0003  pi_loss=-0.7862  reward_loss=0.0298  total_loss=0.0409  value_loss=0.3269
  update  28500/500000: consistency_loss=0.0003  pi_loss=-0.7708  reward_loss=0.0344  total_loss=0.0405  value_loss=0.3118
  update  29000/500000: consistency_loss=0.0003  pi_loss=-0.7341  reward_loss=0.0414  total_loss=0.0371  value_loss=0.2759
  update  29500/500000: consistency_loss=0.0003  pi_loss=-0.7102  reward_loss=0.0425  total_loss=0.0374  value_loss=0.2782
  update  30000/500000: consistency_loss=0.0002  pi_loss=-0.6678  reward_loss=0.0393  total_loss=0.0376  value_loss=0.2881
  update  30500/500000: consistency_loss=0.0003  pi_loss=-0.5715  reward_loss=0.0302  total_loss=0.0382  value_loss=0.3012
  update  31000/500000: consistency_loss=0.0002  pi_loss=-0.5172  reward_loss=0.0310  total_loss=0.0399  value_loss=0.3205
  update  31500/500000: consistency_loss=0.0002  pi_loss=-0.5042  reward_loss=0.0285  total_loss=0.0373  value_loss=0.3007
  update  32000/500000: consistency_loss=0.0002  pi_loss=-0.4969  reward_loss=0.0300  total_loss=0.0374  value_loss=0.2966
  update  32500/500000: consistency_loss=0.0002  pi_loss=-0.5117  reward_loss=0.0172  total_loss=0.0362  value_loss=0.2998
  update  33000/500000: consistency_loss=0.0002  pi_loss=-0.5310  reward_loss=0.0234  total_loss=0.0368  value_loss=0.3019
  update  33500/500000: consistency_loss=0.0002  pi_loss=-0.5500  reward_loss=0.0175  total_loss=0.0373  value_loss=0.3119
  update  34000/500000: consistency_loss=0.0002  pi_loss=-0.5898  reward_loss=0.0305  total_loss=0.0394  value_loss=0.3143
  update  34500/500000: consistency_loss=0.0002  pi_loss=-0.6256  reward_loss=0.0349  total_loss=0.0366  value_loss=0.2877
  update  35000/500000: consistency_loss=0.0002  pi_loss=-0.6585  reward_loss=0.0142  total_loss=0.0353  value_loss=0.2974
  update  35500/500000: consistency_loss=0.0002  pi_loss=-0.7523  reward_loss=0.0205  total_loss=0.0356  value_loss=0.2887
  update  36000/500000: consistency_loss=0.0002  pi_loss=-0.7891  reward_loss=0.0112  total_loss=0.0333  value_loss=0.2822
  update  36500/500000: consistency_loss=0.0002  pi_loss=-0.8193  reward_loss=0.0214  total_loss=0.0343  value_loss=0.2812
  update  37000/500000: consistency_loss=0.0002  pi_loss=-0.8862  reward_loss=0.0296  total_loss=0.0367  value_loss=0.2929
  update  37500/500000: consistency_loss=0.0002  pi_loss=-0.9015  reward_loss=0.0211  total_loss=0.0353  value_loss=0.2889
  update  38000/500000: consistency_loss=0.0002  pi_loss=-0.9471  reward_loss=0.0345  total_loss=0.0372  value_loss=0.2983
  update  38500/500000: consistency_loss=0.0002  pi_loss=-0.9618  reward_loss=0.0382  total_loss=0.0369  value_loss=0.2906
  update  39000/500000: consistency_loss=0.0002  pi_loss=-0.9594  reward_loss=0.0193  total_loss=0.0340  value_loss=0.2834
  update  39500/500000: consistency_loss=0.0002  pi_loss=-0.9537  reward_loss=0.0524  total_loss=0.0384  value_loss=0.2830
  update  40000/500000: consistency_loss=0.0002  pi_loss=-0.8606  reward_loss=0.0219  total_loss=0.0330  value_loss=0.2699
  update  40500/500000: consistency_loss=0.0002  pi_loss=-0.7837  reward_loss=0.0244  total_loss=0.0320  value_loss=0.2553
  update  41000/500000: consistency_loss=0.0002  pi_loss=-0.7146  reward_loss=0.0241  total_loss=0.0337  value_loss=0.2729
  update  41500/500000: consistency_loss=0.0002  pi_loss=-0.6892  reward_loss=0.0311  total_loss=0.0348  value_loss=0.2771
  update  42000/500000: consistency_loss=0.0002  pi_loss=-0.6643  reward_loss=0.0361  total_loss=0.0355  value_loss=0.2829
  update  42500/500000: consistency_loss=0.0002  pi_loss=-0.6568  reward_loss=0.0250  total_loss=0.0341  value_loss=0.2767
  update  43000/500000: consistency_loss=0.0002  pi_loss=-0.7029  reward_loss=0.0384  total_loss=0.0358  value_loss=0.2820
  update  43500/500000: consistency_loss=0.0002  pi_loss=-0.7037  reward_loss=0.0259  total_loss=0.0357  value_loss=0.2944
  update  44000/500000: consistency_loss=0.0002  pi_loss=-0.7534  reward_loss=0.0220  total_loss=0.0347  value_loss=0.2863
  update  44500/500000: consistency_loss=0.0002  pi_loss=-0.7908  reward_loss=0.0339  total_loss=0.0364  value_loss=0.2931
  update  45000/500000: consistency_loss=0.0002  pi_loss=-0.8312  reward_loss=0.0346  total_loss=0.0355  value_loss=0.2854
  update  45500/500000: consistency_loss=0.0002  pi_loss=-0.8292  reward_loss=0.0213  total_loss=0.0335  value_loss=0.2813
  update  46000/500000: consistency_loss=0.0002  pi_loss=-0.8470  reward_loss=0.0263  total_loss=0.0331  value_loss=0.2741
  update  46500/500000: consistency_loss=0.0002  pi_loss=-0.8432  reward_loss=0.0179  total_loss=0.0323  value_loss=0.2709
  update  47000/500000: consistency_loss=0.0002  pi_loss=-0.8902  reward_loss=0.0252  total_loss=0.0347  value_loss=0.2820
  update  47500/500000: consistency_loss=0.0002  pi_loss=-0.9046  reward_loss=0.0228  total_loss=0.0358  value_loss=0.2934
  update  48000/500000: consistency_loss=0.0002  pi_loss=-0.9059  reward_loss=0.0140  total_loss=0.0338  value_loss=0.2891
  update  48500/500000: consistency_loss=0.0002  pi_loss=-0.9173  reward_loss=0.0421  total_loss=0.0378  value_loss=0.2983
  update  49000/500000: consistency_loss=0.0002  pi_loss=-0.9048  reward_loss=0.0214  total_loss=0.0343  value_loss=0.2896
  update  49500/500000: consistency_loss=0.0002  pi_loss=-0.8994  reward_loss=0.0150  total_loss=0.0348  value_loss=0.2957
  update  50000/500000: consistency_loss=0.0002  pi_loss=-0.9035  reward_loss=0.0291  total_loss=0.0364  value_loss=0.2988
  update  50500/500000: consistency_loss=0.0001  pi_loss=-0.9177  reward_loss=0.0285  total_loss=0.0352  value_loss=0.2939
  update  51000/500000: consistency_loss=0.0002  pi_loss=-0.9478  reward_loss=0.0213  total_loss=0.0360  value_loss=0.3048
  update  51500/500000: consistency_loss=0.0002  pi_loss=-0.9746  reward_loss=0.0278  total_loss=0.0383  value_loss=0.3210
  update  52000/500000: consistency_loss=0.0002  pi_loss=-0.9867  reward_loss=0.0262  total_loss=0.0359  value_loss=0.3015
  update  52500/500000: consistency_loss=0.0002  pi_loss=-0.9740  reward_loss=0.0331  total_loss=0.0388  value_loss=0.3155
  update  53000/500000: consistency_loss=0.0002  pi_loss=-0.9649  reward_loss=0.0214  total_loss=0.0361  value_loss=0.3067
  update  53500/500000: consistency_loss=0.0002  pi_loss=-0.9540  reward_loss=0.0353  total_loss=0.0387  value_loss=0.3168
  update  54000/500000: consistency_loss=0.0002  pi_loss=-0.9338  reward_loss=0.0185  total_loss=0.0370  value_loss=0.3207
  update  54500/500000: consistency_loss=0.0002  pi_loss=-0.9374  reward_loss=0.0244  total_loss=0.0375  value_loss=0.3193
  update  55000/500000: consistency_loss=0.0002  pi_loss=-0.9471  reward_loss=0.0301  total_loss=0.0378  value_loss=0.3176
  update  55500/500000: consistency_loss=0.0002  pi_loss=-0.9423  reward_loss=0.0228  total_loss=0.0382  value_loss=0.3267
  update  56000/500000: consistency_loss=0.0002  pi_loss=-1.0217  reward_loss=0.0299  total_loss=0.0387  value_loss=0.3262
  update  56500/500000: consistency_loss=0.0002  pi_loss=-1.0563  reward_loss=0.0270  total_loss=0.0384  value_loss=0.3193
  update  57000/500000: consistency_loss=0.0001  pi_loss=-1.0786  reward_loss=0.0294  total_loss=0.0373  value_loss=0.3136
  update  57500/500000: consistency_loss=0.0002  pi_loss=-1.0417  reward_loss=0.0189  total_loss=0.0380  value_loss=0.3274
  update  58000/500000: consistency_loss=0.0002  pi_loss=-1.0025  reward_loss=0.0377  total_loss=0.0384  value_loss=0.3117
  update  58500/500000: consistency_loss=0.0002  pi_loss=-0.9281  reward_loss=0.0269  total_loss=0.0367  value_loss=0.3097
  update  59000/500000: consistency_loss=0.0002  pi_loss=-0.8735  reward_loss=0.0287  total_loss=0.0382  value_loss=0.3182
  update  59500/500000: consistency_loss=0.0002  pi_loss=-0.8695  reward_loss=0.0281  total_loss=0.0370  value_loss=0.3068
  update  60000/500000: consistency_loss=0.0002  pi_loss=-0.8589  reward_loss=0.0203  total_loss=0.0356  value_loss=0.3036
  update  60500/500000: consistency_loss=0.0001  pi_loss=-0.8345  reward_loss=0.0211  total_loss=0.0355  value_loss=0.3052
  update  61000/500000: consistency_loss=0.0002  pi_loss=-0.8332  reward_loss=0.0204  total_loss=0.0363  value_loss=0.3047
  update  61500/500000: consistency_loss=0.0002  pi_loss=-0.8589  reward_loss=0.0171  total_loss=0.0368  value_loss=0.3198
  update  62000/500000: consistency_loss=0.0002  pi_loss=-0.8936  reward_loss=0.0255  total_loss=0.0373  value_loss=0.3151
  update  62500/500000: consistency_loss=0.0001  pi_loss=-0.9252  reward_loss=0.0254  total_loss=0.0367  value_loss=0.3130
  update  63000/500000: consistency_loss=0.0002  pi_loss=-0.9448  reward_loss=0.0269  total_loss=0.0360  value_loss=0.3020
  update  63500/500000: consistency_loss=0.0002  pi_loss=-0.9964  reward_loss=0.0336  total_loss=0.0367  value_loss=0.3023
  update  64000/500000: consistency_loss=0.0002  pi_loss=-1.0064  reward_loss=0.0236  total_loss=0.0365  value_loss=0.3104
  update  64500/500000: consistency_loss=0.0001  pi_loss=-1.0134  reward_loss=0.0196  total_loss=0.0355  value_loss=0.3065
  update  65000/500000: consistency_loss=0.0002  pi_loss=-1.0212  reward_loss=0.0173  total_loss=0.0338  value_loss=0.2904
  update  65500/500000: consistency_loss=0.0001  pi_loss=-1.0503  reward_loss=0.0270  total_loss=0.0346  value_loss=0.2897
  update  66000/500000: consistency_loss=0.0002  pi_loss=-1.0665  reward_loss=0.0225  total_loss=0.0376  value_loss=0.3233
  update  66500/500000: consistency_loss=0.0002  pi_loss=-1.0581  reward_loss=0.0255  total_loss=0.0385  value_loss=0.3244
  update  67000/500000: consistency_loss=0.0002  pi_loss=-1.0130  reward_loss=0.0249  total_loss=0.0367  value_loss=0.3117
  update  67500/500000: consistency_loss=0.0002  pi_loss=-0.9922  reward_loss=0.0204  total_loss=0.0367  value_loss=0.3152
  update  68000/500000: consistency_loss=0.0002  pi_loss=-0.9833  reward_loss=0.0292  total_loss=0.0371  value_loss=0.3091
  update  68500/500000: consistency_loss=0.0002  pi_loss=-0.9757  reward_loss=0.0252  total_loss=0.0373  value_loss=0.3154
  update  69000/500000: consistency_loss=0.0001  pi_loss=-1.0012  reward_loss=0.0305  total_loss=0.0373  value_loss=0.3131
  update  69500/500000: consistency_loss=0.0002  pi_loss=-0.9940  reward_loss=0.0252  total_loss=0.0360  value_loss=0.3043
  update  70000/500000: consistency_loss=0.0001  pi_loss=-1.0351  reward_loss=0.0097  total_loss=0.0339  value_loss=0.3035
  update  70500/500000: consistency_loss=0.0001  pi_loss=-1.0755  reward_loss=0.0153  total_loss=0.0358  value_loss=0.3154
  update  71000/500000: consistency_loss=0.0002  pi_loss=-1.1154  reward_loss=0.0162  total_loss=0.0375  value_loss=0.3239
  update  71500/500000: consistency_loss=0.0002  pi_loss=-1.1803  reward_loss=0.0370  total_loss=0.0391  value_loss=0.3211
  update  72000/500000: consistency_loss=0.0002  pi_loss=-1.2111  reward_loss=0.0236  total_loss=0.0368  value_loss=0.3093
  update  72500/500000: consistency_loss=0.0001  pi_loss=-1.2417  reward_loss=0.0295  total_loss=0.0370  value_loss=0.3128
  update  73000/500000: consistency_loss=0.0001  pi_loss=-1.2251  reward_loss=0.0323  total_loss=0.0359  value_loss=0.2974
  update  73500/500000: consistency_loss=0.0001  pi_loss=-1.2505  reward_loss=0.0161  total_loss=0.0353  value_loss=0.3118
  update  74000/500000: consistency_loss=0.0001  pi_loss=-1.2685  reward_loss=0.0261  total_loss=0.0357  value_loss=0.3017
  update  74500/500000: consistency_loss=0.0001  pi_loss=-1.3298  reward_loss=0.0224  total_loss=0.0356  value_loss=0.3052
  update  75000/500000: consistency_loss=0.0001  pi_loss=-1.3583  reward_loss=0.0270  total_loss=0.0368  value_loss=0.3119
  update  75500/500000: consistency_loss=0.0002  pi_loss=-1.3828  reward_loss=0.0173  total_loss=0.0366  value_loss=0.3182
  update  76000/500000: consistency_loss=0.0001  pi_loss=-1.4014  reward_loss=0.0223  total_loss=0.0377  value_loss=0.3249
  update  76500/500000: consistency_loss=0.0002  pi_loss=-1.4169  reward_loss=0.0249  total_loss=0.0375  value_loss=0.3189
  update  77000/500000: consistency_loss=0.0002  pi_loss=-1.4225  reward_loss=0.0242  total_loss=0.0390  value_loss=0.3334
  update  77500/500000: consistency_loss=0.0001  pi_loss=-1.4104  reward_loss=0.0258  total_loss=0.0380  value_loss=0.3247
  update  78000/500000: consistency_loss=0.0001  pi_loss=-1.3896  reward_loss=0.0160  total_loss=0.0372  value_loss=0.3302
  update  78500/500000: consistency_loss=0.0002  pi_loss=-1.3971  reward_loss=0.0345  total_loss=0.0390  value_loss=0.3257
  update  79000/500000: consistency_loss=0.0001  pi_loss=-1.3761  reward_loss=0.0258  total_loss=0.0380  value_loss=0.3254
  update  79500/500000: consistency_loss=0.0002  pi_loss=-1.3700  reward_loss=0.0309  total_loss=0.0383  value_loss=0.3169
  update  80000/500000: consistency_loss=0.0002  pi_loss=-1.3296  reward_loss=0.0246  total_loss=0.0369  value_loss=0.3143
  update  80500/500000: consistency_loss=0.0001  pi_loss=-1.3533  reward_loss=0.0226  total_loss=0.0372  value_loss=0.3204
  update  81000/500000: consistency_loss=0.0001  pi_loss=-1.3738  reward_loss=0.0183  total_loss=0.0377  value_loss=0.3333
  update  81500/500000: consistency_loss=0.0001  pi_loss=-1.4320  reward_loss=0.0150  total_loss=0.0361  value_loss=0.3178
  update  82000/500000: consistency_loss=0.0002  pi_loss=-1.4826  reward_loss=0.0159  total_loss=0.0374  value_loss=0.3267
  update  82500/500000: consistency_loss=0.0001  pi_loss=-1.5394  reward_loss=0.0134  total_loss=0.0377  value_loss=0.3335
  update  83000/500000: consistency_loss=0.0002  pi_loss=-1.5871  reward_loss=0.0244  total_loss=0.0378  value_loss=0.3206
  update  83500/500000: consistency_loss=0.0002  pi_loss=-1.6352  reward_loss=0.0167  total_loss=0.0367  value_loss=0.3192
  update  84000/500000: consistency_loss=0.0001  pi_loss=-1.6569  reward_loss=0.0112  total_loss=0.0351  value_loss=0.3105
  update  84500/500000: consistency_loss=0.0001  pi_loss=-1.6801  reward_loss=0.0281  total_loss=0.0365  value_loss=0.3104
  update  85000/500000: consistency_loss=0.0001  pi_loss=-1.6855  reward_loss=0.0285  total_loss=0.0377  value_loss=0.3204
  update  85500/500000: consistency_loss=0.0002  pi_loss=-1.7074  reward_loss=0.0251  total_loss=0.0374  value_loss=0.3163
  update  86000/500000: consistency_loss=0.0002  pi_loss=-1.7008  reward_loss=0.0211  total_loss=0.0367  value_loss=0.3156
  update  86500/500000: consistency_loss=0.0002  pi_loss=-1.7018  reward_loss=0.0176  total_loss=0.0345  value_loss=0.2941
  update  87000/500000: consistency_loss=0.0002  pi_loss=-1.7441  reward_loss=0.0222  total_loss=0.0340  value_loss=0.2867
  update  87500/500000: consistency_loss=0.0001  pi_loss=-1.7415  reward_loss=0.0234  total_loss=0.0338  value_loss=0.2892
  update  88000/500000: consistency_loss=0.0001  pi_loss=-1.7030  reward_loss=0.0269  total_loss=0.0354  value_loss=0.2989
  update  88500/500000: consistency_loss=0.0001  pi_loss=-1.7304  reward_loss=0.0236  total_loss=0.0348  value_loss=0.2970
  update  89000/500000: consistency_loss=0.0001  pi_loss=-1.7310  reward_loss=0.0376  total_loss=0.0370  value_loss=0.3021
  update  89500/500000: consistency_loss=0.0002  pi_loss=-1.6820  reward_loss=0.0226  total_loss=0.0357  value_loss=0.3021
  update  90000/500000: consistency_loss=0.0001  pi_loss=-1.6966  reward_loss=0.0256  total_loss=0.0372  value_loss=0.3194
  update  90500/500000: consistency_loss=0.0001  pi_loss=-1.6620  reward_loss=0.0240  total_loss=0.0365  value_loss=0.3149
  update  91000/500000: consistency_loss=0.0001  pi_loss=-1.6782  reward_loss=0.0338  total_loss=0.0371  value_loss=0.3096
  update  91500/500000: consistency_loss=0.0001  pi_loss=-1.6631  reward_loss=0.0246  total_loss=0.0365  value_loss=0.3117
  update  92000/500000: consistency_loss=0.0002  pi_loss=-1.6824  reward_loss=0.0268  total_loss=0.0366  value_loss=0.3043
  update  92500/500000: consistency_loss=0.0001  pi_loss=-1.6807  reward_loss=0.0277  total_loss=0.0359  value_loss=0.3062
  update  93000/500000: consistency_loss=0.0001  pi_loss=-1.6919  reward_loss=0.0271  total_loss=0.0354  value_loss=0.3021
  update  93500/500000: consistency_loss=0.0001  pi_loss=-1.6840  reward_loss=0.0095  total_loss=0.0339  value_loss=0.3037
  update  94000/500000: consistency_loss=0.0002  pi_loss=-1.7084  reward_loss=0.0199  total_loss=0.0368  value_loss=0.3111
  update  94500/500000: consistency_loss=0.0001  pi_loss=-1.6946  reward_loss=0.0156  total_loss=0.0356  value_loss=0.3138
  update  95000/500000: consistency_loss=0.0001  pi_loss=-1.6979  reward_loss=0.0196  total_loss=0.0353  value_loss=0.3045
  update  95500/500000: consistency_loss=0.0002  pi_loss=-1.7033  reward_loss=0.0266  total_loss=0.0354  value_loss=0.2968
  update  96000/500000: consistency_loss=0.0001  pi_loss=-1.6674  reward_loss=0.0323  total_loss=0.0358  value_loss=0.2982
  update  96500/500000: consistency_loss=0.0002  pi_loss=-1.6376  reward_loss=0.0135  total_loss=0.0351  value_loss=0.3056
  update  97000/500000: consistency_loss=0.0001  pi_loss=-1.5623  reward_loss=0.0205  total_loss=0.0348  value_loss=0.3028
  update  97500/500000: consistency_loss=0.0002  pi_loss=-1.5183  reward_loss=0.0261  total_loss=0.0340  value_loss=0.2834
  update  98000/500000: consistency_loss=0.0001  pi_loss=-1.5099  reward_loss=0.0230  total_loss=0.0341  value_loss=0.2904
  update  98500/500000: consistency_loss=0.0001  pi_loss=-1.5257  reward_loss=0.0131  total_loss=0.0338  value_loss=0.2981
  update  99000/500000: consistency_loss=0.0002  pi_loss=-1.5579  reward_loss=0.0373  total_loss=0.0347  value_loss=0.2781
  update  99500/500000: consistency_loss=0.0001  pi_loss=-1.5361  reward_loss=0.0188  total_loss=0.0330  value_loss=0.2855
  update 100000/500000: consistency_loss=0.0001  pi_loss=-1.5348  reward_loss=0.0269  total_loss=0.0334  value_loss=0.2829
Saved checkpoint at update 100000
  update 100500/500000: consistency_loss=0.0001  pi_loss=-1.5480  reward_loss=0.0173  total_loss=0.0321  value_loss=0.2778
  update 101000/500000: consistency_loss=0.0001  pi_loss=-1.5699  reward_loss=0.0221  total_loss=0.0324  value_loss=0.2808
  update 101500/500000: consistency_loss=0.0001  pi_loss=-1.5801  reward_loss=0.0390  total_loss=0.0355  value_loss=0.2877
  update 102000/500000: consistency_loss=0.0001  pi_loss=-1.5951  reward_loss=0.0216  total_loss=0.0328  value_loss=0.2824
  update 102500/500000: consistency_loss=0.0001  pi_loss=-1.5959  reward_loss=0.0260  total_loss=0.0337  value_loss=0.2853
  update 103000/500000: consistency_loss=0.0001  pi_loss=-1.6347  reward_loss=0.0180  total_loss=0.0335  value_loss=0.2919
  update 103500/500000: consistency_loss=0.0001  pi_loss=-1.6697  reward_loss=0.0304  total_loss=0.0350  value_loss=0.2942
  update 104000/500000: consistency_loss=0.0001  pi_loss=-1.6775  reward_loss=0.0275  total_loss=0.0336  value_loss=0.2855
  update 104500/500000: consistency_loss=0.0001  pi_loss=-1.7017  reward_loss=0.0279  total_loss=0.0332  value_loss=0.2770
  update 105000/500000: consistency_loss=0.0001  pi_loss=-1.7001  reward_loss=0.0141  total_loss=0.0335  value_loss=0.2951
  update 105500/500000: consistency_loss=0.0001  pi_loss=-1.7261  reward_loss=0.0191  total_loss=0.0330  value_loss=0.2859
  update 106000/500000: consistency_loss=0.0002  pi_loss=-1.7210  reward_loss=0.0109  total_loss=0.0331  value_loss=0.2882
  update 106500/500000: consistency_loss=0.0001  pi_loss=-1.7331  reward_loss=0.0210  total_loss=0.0320  value_loss=0.2697
  update 107000/500000: consistency_loss=0.0001  pi_loss=-1.7523  reward_loss=0.0298  total_loss=0.0327  value_loss=0.2700
  update 107500/500000: consistency_loss=0.0001  pi_loss=-1.7344  reward_loss=0.0230  total_loss=0.0323  value_loss=0.2770
  update 108000/500000: consistency_loss=0.0001  pi_loss=-1.7457  reward_loss=0.0279  total_loss=0.0336  value_loss=0.2820
  update 108500/500000: consistency_loss=0.0001  pi_loss=-1.7439  reward_loss=0.0171  total_loss=0.0321  value_loss=0.2818
  update 109000/500000: consistency_loss=0.0001  pi_loss=-1.7443  reward_loss=0.0124  total_loss=0.0324  value_loss=0.2865
  update 109500/500000: consistency_loss=0.0001  pi_loss=-1.7742  reward_loss=0.0170  total_loss=0.0331  value_loss=0.2841
  update 110000/500000: consistency_loss=0.0001  pi_loss=-1.7533  reward_loss=0.0156  total_loss=0.0317  value_loss=0.2774
  update 110500/500000: consistency_loss=0.0001  pi_loss=-1.7745  reward_loss=0.0352  total_loss=0.0344  value_loss=0.2792
  update 111000/500000: consistency_loss=0.0001  pi_loss=-1.7409  reward_loss=0.0215  total_loss=0.0313  value_loss=0.2645
  update 111500/500000: consistency_loss=0.0001  pi_loss=-1.7206  reward_loss=0.0232  total_loss=0.0312  value_loss=0.2638
  update 112000/500000: consistency_loss=0.0001  pi_loss=-1.7367  reward_loss=0.0290  total_loss=0.0315  value_loss=0.2616
  update 112500/500000: consistency_loss=0.0001  pi_loss=-1.7363  reward_loss=0.0199  total_loss=0.0293  value_loss=0.2522
  update 113000/500000: consistency_loss=0.0001  pi_loss=-1.7327  reward_loss=0.0192  total_loss=0.0307  value_loss=0.2605
  update 113500/500000: consistency_loss=0.0001  pi_loss=-1.7234  reward_loss=0.0193  total_loss=0.0320  value_loss=0.2736
  update 114000/500000: consistency_loss=0.0001  pi_loss=-1.7049  reward_loss=0.0318  total_loss=0.0306  value_loss=0.2487
  update 114500/500000: consistency_loss=0.0001  pi_loss=-1.6271  reward_loss=0.0234  total_loss=0.0316  value_loss=0.2680
  update 115000/500000: consistency_loss=0.0001  pi_loss=-1.5353  reward_loss=0.0310  total_loss=0.0326  value_loss=0.2687
  update 115500/500000: consistency_loss=0.0001  pi_loss=-1.3823  reward_loss=0.0172  total_loss=0.0317  value_loss=0.2774
  update 116000/500000: consistency_loss=0.0001  pi_loss=-1.3004  reward_loss=0.0126  total_loss=0.0319  value_loss=0.2833
  update 116500/500000: consistency_loss=0.0001  pi_loss=-1.2679  reward_loss=0.0197  total_loss=0.0320  value_loss=0.2729
  update 117000/500000: consistency_loss=0.0001  pi_loss=-1.2058  reward_loss=0.0247  total_loss=0.0332  value_loss=0.2812
  update 117500/500000: consistency_loss=0.0001  pi_loss=-1.1835  reward_loss=0.0260  total_loss=0.0328  value_loss=0.2763
  update 118000/500000: consistency_loss=0.0001  pi_loss=-1.1760  reward_loss=0.0223  total_loss=0.0321  value_loss=0.2698
  update 118500/500000: consistency_loss=0.0001  pi_loss=-1.2120  reward_loss=0.0169  total_loss=0.0318  value_loss=0.2776
  update 119000/500000: consistency_loss=0.0001  pi_loss=-1.2684  reward_loss=0.0228  total_loss=0.0338  value_loss=0.2901
  update 119500/500000: consistency_loss=0.0001  pi_loss=-1.2920  reward_loss=0.0258  total_loss=0.0323  value_loss=0.2731
  update 120000/500000: consistency_loss=0.0001  pi_loss=-1.2826  reward_loss=0.0206  total_loss=0.0334  value_loss=0.2862
  update 120500/500000: consistency_loss=0.0001  pi_loss=-1.2651  reward_loss=0.0206  total_loss=0.0333  value_loss=0.2900
  update 121000/500000: consistency_loss=0.0001  pi_loss=-1.2164  reward_loss=0.0281  total_loss=0.0350  value_loss=0.2951
  update 121500/500000: consistency_loss=0.0001  pi_loss=-1.1923  reward_loss=0.0255  total_loss=0.0347  value_loss=0.2996
  update 122000/500000: consistency_loss=0.0001  pi_loss=-1.2108  reward_loss=0.0272  total_loss=0.0352  value_loss=0.3003
  update 122500/500000: consistency_loss=0.0001  pi_loss=-1.1775  reward_loss=0.0181  total_loss=0.0337  value_loss=0.2961
  update 123000/500000: consistency_loss=0.0001  pi_loss=-1.1784  reward_loss=0.0297  total_loss=0.0348  value_loss=0.2929
  update 123500/500000: consistency_loss=0.0001  pi_loss=-1.1583  reward_loss=0.0230  total_loss=0.0340  value_loss=0.2883
  update 124000/500000: consistency_loss=0.0001  pi_loss=-1.1483  reward_loss=0.0226  total_loss=0.0353  value_loss=0.3030
  update 124500/500000: consistency_loss=0.0001  pi_loss=-1.1379  reward_loss=0.0305  total_loss=0.0365  value_loss=0.3110
  update 125000/500000: consistency_loss=0.0001  pi_loss=-1.1203  reward_loss=0.0222  total_loss=0.0347  value_loss=0.3013
  update 125500/500000: consistency_loss=0.0001  pi_loss=-1.1306  reward_loss=0.0290  total_loss=0.0359  value_loss=0.3065
  update 126000/500000: consistency_loss=0.0001  pi_loss=-1.1180  reward_loss=0.0186  total_loss=0.0356  value_loss=0.3139
  update 126500/500000: consistency_loss=0.0001  pi_loss=-1.1501  reward_loss=0.0221  total_loss=0.0367  value_loss=0.3153
  update 127000/500000: consistency_loss=0.0001  pi_loss=-1.1864  reward_loss=0.0206  total_loss=0.0364  value_loss=0.3187
  update 127500/500000: consistency_loss=0.0001  pi_loss=-1.2199  reward_loss=0.0140  total_loss=0.0348  value_loss=0.3103
  update 128000/500000: consistency_loss=0.0001  pi_loss=-1.2228  reward_loss=0.0201  total_loss=0.0338  value_loss=0.2949
  update 128500/500000: consistency_loss=0.0001  pi_loss=-1.2586  reward_loss=0.0347  total_loss=0.0342  value_loss=0.2834
  update 129000/500000: consistency_loss=0.0001  pi_loss=-1.2393  reward_loss=0.0126  total_loss=0.0324  value_loss=0.2923
  update 129500/500000: consistency_loss=0.0001  pi_loss=-1.2473  reward_loss=0.0269  total_loss=0.0344  value_loss=0.2958
  update 130000/500000: consistency_loss=0.0001  pi_loss=-1.2358  reward_loss=0.0206  total_loss=0.0351  value_loss=0.3052
  update 130500/500000: consistency_loss=0.0001  pi_loss=-1.2544  reward_loss=0.0296  total_loss=0.0344  value_loss=0.2926
  update 131000/500000: consistency_loss=0.0001  pi_loss=-1.2537  reward_loss=0.0246  total_loss=0.0349  value_loss=0.3000
  update 131500/500000: consistency_loss=0.0001  pi_loss=-1.2715  reward_loss=0.0165  total_loss=0.0349  value_loss=0.3093
  update 132000/500000: consistency_loss=0.0001  pi_loss=-1.2778  reward_loss=0.0203  total_loss=0.0347  value_loss=0.3034
  update 132500/500000: consistency_loss=0.0001  pi_loss=-1.2728  reward_loss=0.0187  total_loss=0.0360  value_loss=0.3171
  update 133000/500000: consistency_loss=0.0001  pi_loss=-1.2698  reward_loss=0.0480  total_loss=0.0391  value_loss=0.3171
  update 133500/500000: consistency_loss=0.0001  pi_loss=-1.2385  reward_loss=0.0262  total_loss=0.0370  value_loss=0.3239
  update 134000/500000: consistency_loss=0.0001  pi_loss=-1.2539  reward_loss=0.0288  total_loss=0.0366  value_loss=0.3157
  update 134500/500000: consistency_loss=0.0001  pi_loss=-1.2184  reward_loss=0.0218  total_loss=0.0356  value_loss=0.3105
  update 135000/500000: consistency_loss=0.0001  pi_loss=-1.2165  reward_loss=0.0294  total_loss=0.0354  value_loss=0.2970
  update 135500/500000: consistency_loss=0.0001  pi_loss=-1.2119  reward_loss=0.0258  total_loss=0.0369  value_loss=0.3162
  update 136000/500000: consistency_loss=0.0001  pi_loss=-1.2173  reward_loss=0.0220  total_loss=0.0372  value_loss=0.3247
  update 136500/500000: consistency_loss=0.0001  pi_loss=-1.2135  reward_loss=0.0174  total_loss=0.0350  value_loss=0.3091
  update 137000/500000: consistency_loss=0.0001  pi_loss=-1.2683  reward_loss=0.0350  total_loss=0.0386  value_loss=0.3250
  update 137500/500000: consistency_loss=0.0001  pi_loss=-1.2714  reward_loss=0.0240  total_loss=0.0371  value_loss=0.3211
  update 138000/500000: consistency_loss=0.0001  pi_loss=-1.2714  reward_loss=0.0237  total_loss=0.0355  value_loss=0.3089
  update 138500/500000: consistency_loss=0.0001  pi_loss=-1.2742  reward_loss=0.0164  total_loss=0.0342  value_loss=0.3068
  update 139000/500000: consistency_loss=0.0001  pi_loss=-1.2724  reward_loss=0.0254  total_loss=0.0376  value_loss=0.3241
  update 139500/500000: consistency_loss=0.0001  pi_loss=-1.2892  reward_loss=0.0246  total_loss=0.0359  value_loss=0.3086
  update 140000/500000: consistency_loss=0.0001  pi_loss=-1.2758  reward_loss=0.0284  total_loss=0.0367  value_loss=0.3107
/workspace/conda_envs/tdmpc2/lib/python3.11/multiprocessing/resource_tracker.py:254: UserWarning: resource_tracker: There appear to be 3 leaked semaphore objects to clean up at shutdown
  warnings.warn('resource_tracker: There appear to be %d '
Terminated
