[Sun Jul 19 14:43:48 UTC 2026] offline_fit WM_RUN=tm2wm_finger_awareq1s0_seed14 ARM=aware DATA=/workspace/dreamerv3_runs/tm2_data/finger_q1_side0.pt UPDATES=500000 SEED=14
/workspace/conda_envs/tdmpc2/lib/python3.11/site-packages/tensordict/_td.py:612: FutureWarning: TensorDict.to_module() is replacing an existing nn.Parameter in the destination module with a tensor leaf that is not an nn.Parameter. This historical behavior can remove the key from module.state_dict(). In tensordict v0.14, to_module() will preserve existing module parameter and buffer registrations by default. Pass preserve_module_state=False to keep the current replacement behavior, or preserve_module_state=True to opt in to the v0.14 behavior now.
  local_out = _set_tensor_dict(
Episode length: 1000
Discount factor: 0.995
Buffer capacity: 200,200
Storage required: 0.01 GB
Using CUDA:0 memory for storage.
[92m2026-07-19 14:43:52,099 [torchrl][INFO][0m    Initialized LazyTensorStorage with torch.Size([200200]) shape[92m [END][0m
Loaded static data: 200 eps x 1001 rows = 200200 rows; arm=aware (reward_coef=0.1, value_coef=0.1)
  update      1/500000: consistency_loss=0.0158  pi_loss=-0.0004  reward_loss=2.6922  total_loss=0.8539  value_loss=2.6922
  update    500/500000: consistency_loss=0.0018  pi_loss=-0.1400  reward_loss=0.1440  total_loss=0.0880  value_loss=0.3775
  update   1000/500000: consistency_loss=0.0014  pi_loss=-0.1708  reward_loss=0.0454  total_loss=0.0659  value_loss=0.3358
  update   1500/500000: consistency_loss=0.0013  pi_loss=-0.1121  reward_loss=0.0411  total_loss=0.0595  value_loss=0.3014
  update   2000/500000: consistency_loss=0.0011  pi_loss=-0.0926  reward_loss=0.0514  total_loss=0.0613  value_loss=0.3417
  update   2500/500000: consistency_loss=0.0010  pi_loss=-0.0744  reward_loss=0.0395  total_loss=0.0569  value_loss=0.3210
  update   3000/500000: consistency_loss=0.0009  pi_loss=-0.0869  reward_loss=0.0515  total_loss=0.0583  value_loss=0.3422
  update   3500/500000: consistency_loss=0.0010  pi_loss=-0.0823  reward_loss=0.0477  total_loss=0.0642  value_loss=0.3952
  update   4000/500000: consistency_loss=0.0009  pi_loss=-0.0648  reward_loss=0.0603  total_loss=0.0574  value_loss=0.3421
  update   4500/500000: consistency_loss=0.0009  pi_loss=-0.0826  reward_loss=0.0441  total_loss=0.0558  value_loss=0.3342
  update   5000/500000: consistency_loss=0.0008  pi_loss=-0.0808  reward_loss=0.0420  total_loss=0.0583  value_loss=0.3896
  update   5500/500000: consistency_loss=0.0008  pi_loss=-0.0803  reward_loss=0.0344  total_loss=0.0677  value_loss=0.4782
  update   6000/500000: consistency_loss=0.0008  pi_loss=-0.1350  reward_loss=0.0445  total_loss=0.0712  value_loss=0.5080
  update   6500/500000: consistency_loss=0.0008  pi_loss=-0.1923  reward_loss=0.0472  total_loss=0.0687  value_loss=0.4770
  update   7000/500000: consistency_loss=0.0008  pi_loss=-0.2305  reward_loss=0.0575  total_loss=0.0636  value_loss=0.4221
  update   7500/500000: consistency_loss=0.0008  pi_loss=-0.2568  reward_loss=0.0389  total_loss=0.0562  value_loss=0.3709
  update   8000/500000: consistency_loss=0.0008  pi_loss=-0.2406  reward_loss=0.0234  total_loss=0.0538  value_loss=0.3624
  update   8500/500000: consistency_loss=0.0008  pi_loss=-0.2423  reward_loss=0.0473  total_loss=0.0577  value_loss=0.3770
  update   9000/500000: consistency_loss=0.0007  pi_loss=-0.1991  reward_loss=0.0441  total_loss=0.0546  value_loss=0.3613
  update   9500/500000: consistency_loss=0.0007  pi_loss=-0.1834  reward_loss=0.0373  total_loss=0.0540  value_loss=0.3661
  update  10000/500000: consistency_loss=0.0006  pi_loss=-0.1706  reward_loss=0.0268  total_loss=0.0475  value_loss=0.3293
  update  10500/500000: consistency_loss=0.0007  pi_loss=-0.1980  reward_loss=0.0654  total_loss=0.0583  value_loss=0.3797
  update  11000/500000: consistency_loss=0.0006  pi_loss=-0.1547  reward_loss=0.0402  total_loss=0.0540  value_loss=0.3742
  update  11500/500000: consistency_loss=0.0006  pi_loss=-0.1714  reward_loss=0.0399  total_loss=0.0562  value_loss=0.4000
  update  12000/500000: consistency_loss=0.0006  pi_loss=-0.1679  reward_loss=0.0447  total_loss=0.0531  value_loss=0.3678
  update  12500/500000: consistency_loss=0.0005  pi_loss=-0.1759  reward_loss=0.0523  total_loss=0.0525  value_loss=0.3670
  update  13000/500000: consistency_loss=0.0005  pi_loss=-0.1888  reward_loss=0.0322  total_loss=0.0526  value_loss=0.3848
  update  13500/500000: consistency_loss=0.0005  pi_loss=-0.2421  reward_loss=0.0398  total_loss=0.0549  value_loss=0.4023
  update  14000/500000: consistency_loss=0.0005  pi_loss=-0.2746  reward_loss=0.0271  total_loss=0.0514  value_loss=0.3835
  update  14500/500000: consistency_loss=0.0004  pi_loss=-0.2948  reward_loss=0.0328  total_loss=0.0463  value_loss=0.3415
  update  15000/500000: consistency_loss=0.0004  pi_loss=-0.3142  reward_loss=0.0276  total_loss=0.0442  value_loss=0.3312
  update  15500/500000: consistency_loss=0.0004  pi_loss=-0.3831  reward_loss=0.0396  total_loss=0.0465  value_loss=0.3455
  update  16000/500000: consistency_loss=0.0004  pi_loss=-0.8025  reward_loss=0.0450  total_loss=0.0418  value_loss=0.2967
  update  16500/500000: consistency_loss=0.0004  pi_loss=-1.1711  reward_loss=0.0384  total_loss=0.0417  value_loss=0.2969
  update  17000/500000: consistency_loss=0.0004  pi_loss=-1.2224  reward_loss=0.0194  total_loss=0.0406  value_loss=0.3079
  update  17500/500000: consistency_loss=0.0004  pi_loss=-1.1868  reward_loss=0.0188  total_loss=0.0426  value_loss=0.3343
  update  18000/500000: consistency_loss=0.0004  pi_loss=-1.1515  reward_loss=0.0275  total_loss=0.0442  value_loss=0.3364
  update  18500/500000: consistency_loss=0.0004  pi_loss=-1.0963  reward_loss=0.0375  total_loss=0.0442  value_loss=0.3292
  update  19000/500000: consistency_loss=0.0004  pi_loss=-0.9851  reward_loss=0.0321  total_loss=0.0429  value_loss=0.3216
  update  19500/500000: consistency_loss=0.0004  pi_loss=-0.9136  reward_loss=0.0221  total_loss=0.0403  value_loss=0.3064
  update  20000/500000: consistency_loss=0.0004  pi_loss=-0.8836  reward_loss=0.0446  total_loss=0.0397  value_loss=0.2746
  update  20500/500000: consistency_loss=0.0003  pi_loss=-0.8789  reward_loss=0.0171  total_loss=0.0365  value_loss=0.2821
  update  21000/500000: consistency_loss=0.0003  pi_loss=-0.9414  reward_loss=0.0289  total_loss=0.0392  value_loss=0.2953
  update  21500/500000: consistency_loss=0.0004  pi_loss=-0.9828  reward_loss=0.0272  total_loss=0.0413  value_loss=0.3151
  update  22000/500000: consistency_loss=0.0003  pi_loss=-1.0399  reward_loss=0.0307  total_loss=0.0433  value_loss=0.3340
  update  22500/500000: consistency_loss=0.0004  pi_loss=-1.0547  reward_loss=0.0399  total_loss=0.0433  value_loss=0.3217
  update  23000/500000: consistency_loss=0.0003  pi_loss=-1.0051  reward_loss=0.0296  total_loss=0.0389  value_loss=0.2957
  update  23500/500000: consistency_loss=0.0003  pi_loss=-0.9743  reward_loss=0.0354  total_loss=0.0354  value_loss=0.2555
  update  24000/500000: consistency_loss=0.0003  pi_loss=-0.9306  reward_loss=0.0598  total_loss=0.0340  value_loss=0.2220
  update  24500/500000: consistency_loss=0.0003  pi_loss=-0.8151  reward_loss=0.0185  total_loss=0.0328  value_loss=0.2513
  update  25000/500000: consistency_loss=0.0003  pi_loss=-0.7054  reward_loss=0.0274  total_loss=0.0367  value_loss=0.2782
  update  25500/500000: consistency_loss=0.0003  pi_loss=-0.6465  reward_loss=0.0509  total_loss=0.0381  value_loss=0.2744
  update  26000/500000: consistency_loss=0.0003  pi_loss=-0.6489  reward_loss=0.0411  total_loss=0.0391  value_loss=0.2874
  update  26500/500000: consistency_loss=0.0003  pi_loss=-0.6356  reward_loss=0.0353  total_loss=0.0395  value_loss=0.3031
  update  27000/500000: consistency_loss=0.0003  pi_loss=-0.6432  reward_loss=0.0352  total_loss=0.0378  value_loss=0.2850
  update  27500/500000: consistency_loss=0.0003  pi_loss=-0.6619  reward_loss=0.0299  total_loss=0.0351  value_loss=0.2652
  update  28000/500000: consistency_loss=0.0003  pi_loss=-0.6948  reward_loss=0.0319  total_loss=0.0368  value_loss=0.2803
  update  28500/500000: consistency_loss=0.0003  pi_loss=-0.7112  reward_loss=0.0401  total_loss=0.0374  value_loss=0.2816
  update  29000/500000: consistency_loss=0.0003  pi_loss=-0.7095  reward_loss=0.0168  total_loss=0.0356  value_loss=0.2873
  update  29500/500000: consistency_loss=0.0003  pi_loss=-0.7597  reward_loss=0.0269  total_loss=0.0376  value_loss=0.2950
  update  30000/500000: consistency_loss=0.0003  pi_loss=-0.8032  reward_loss=0.0327  total_loss=0.0360  value_loss=0.2768
  update  30500/500000: consistency_loss=0.0003  pi_loss=-0.8030  reward_loss=0.0317  total_loss=0.0389  value_loss=0.3016
  update  31000/500000: consistency_loss=0.0002  pi_loss=-0.8247  reward_loss=0.0265  total_loss=0.0376  value_loss=0.3021
  update  31500/500000: consistency_loss=0.0002  pi_loss=-0.8450  reward_loss=0.0351  total_loss=0.0390  value_loss=0.3104
  update  32000/500000: consistency_loss=0.0002  pi_loss=-0.8585  reward_loss=0.0336  total_loss=0.0387  value_loss=0.3040
  update  32500/500000: consistency_loss=0.0002  pi_loss=-0.8843  reward_loss=0.0359  total_loss=0.0389  value_loss=0.3074
  update  33000/500000: consistency_loss=0.0002  pi_loss=-0.8777  reward_loss=0.0258  total_loss=0.0379  value_loss=0.3102
  update  33500/500000: consistency_loss=0.0002  pi_loss=-0.8763  reward_loss=0.0247  total_loss=0.0390  value_loss=0.3190
  update  34000/500000: consistency_loss=0.0002  pi_loss=-0.8215  reward_loss=0.0277  total_loss=0.0382  value_loss=0.3070
  update  34500/500000: consistency_loss=0.0002  pi_loss=-0.7660  reward_loss=0.0262  total_loss=0.0376  value_loss=0.3016
  update  35000/500000: consistency_loss=0.0002  pi_loss=-0.7119  reward_loss=0.0343  total_loss=0.0390  value_loss=0.3106
  update  35500/500000: consistency_loss=0.0002  pi_loss=-0.6920  reward_loss=0.0289  total_loss=0.0361  value_loss=0.2900
  update  36000/500000: consistency_loss=0.0002  pi_loss=-0.6919  reward_loss=0.0324  total_loss=0.0380  value_loss=0.3013
  update  36500/500000: consistency_loss=0.0002  pi_loss=-0.7094  reward_loss=0.0280  total_loss=0.0380  value_loss=0.3076
  update  37000/500000: consistency_loss=0.0002  pi_loss=-0.7109  reward_loss=0.0194  total_loss=0.0366  value_loss=0.2999
  update  37500/500000: consistency_loss=0.0002  pi_loss=-0.7484  reward_loss=0.0332  total_loss=0.0383  value_loss=0.3064
  update  38000/500000: consistency_loss=0.0002  pi_loss=-0.7692  reward_loss=0.0342  total_loss=0.0364  value_loss=0.2921
  update  38500/500000: consistency_loss=0.0002  pi_loss=-0.7839  reward_loss=0.0261  total_loss=0.0356  value_loss=0.2859
  update  39000/500000: consistency_loss=0.0002  pi_loss=-0.7806  reward_loss=0.0243  total_loss=0.0359  value_loss=0.2961
  update  39500/500000: consistency_loss=0.0002  pi_loss=-0.8058  reward_loss=0.0329  total_loss=0.0364  value_loss=0.2900
  update  40000/500000: consistency_loss=0.0002  pi_loss=-0.8145  reward_loss=0.0258  total_loss=0.0349  value_loss=0.2861
  update  40500/500000: consistency_loss=0.0002  pi_loss=-0.8660  reward_loss=0.0333  total_loss=0.0366  value_loss=0.2911
  update  41000/500000: consistency_loss=0.0002  pi_loss=-0.8939  reward_loss=0.0342  total_loss=0.0374  value_loss=0.2951
  update  41500/500000: consistency_loss=0.0002  pi_loss=-0.9071  reward_loss=0.0240  total_loss=0.0378  value_loss=0.3086
  update  42000/500000: consistency_loss=0.0002  pi_loss=-0.8845  reward_loss=0.0286  total_loss=0.0386  value_loss=0.3164
  update  42500/500000: consistency_loss=0.0002  pi_loss=-0.8819  reward_loss=0.0314  total_loss=0.0385  value_loss=0.3156
  update  43000/500000: consistency_loss=0.0002  pi_loss=-0.8542  reward_loss=0.0232  total_loss=0.0389  value_loss=0.3285
  update  43500/500000: consistency_loss=0.0002  pi_loss=-0.8549  reward_loss=0.0271  total_loss=0.0379  value_loss=0.3111
  update  44000/500000: consistency_loss=0.0002  pi_loss=-0.8029  reward_loss=0.0203  total_loss=0.0364  value_loss=0.3099
  update  44500/500000: consistency_loss=0.0002  pi_loss=-0.7866  reward_loss=0.0339  total_loss=0.0396  value_loss=0.3159
  update  45000/500000: consistency_loss=0.0002  pi_loss=-0.8155  reward_loss=0.0330  total_loss=0.0370  value_loss=0.3009
  update  45500/500000: consistency_loss=0.0002  pi_loss=-0.7794  reward_loss=0.0174  total_loss=0.0361  value_loss=0.3043
  update  46000/500000: consistency_loss=0.0002  pi_loss=-0.8202  reward_loss=0.0284  total_loss=0.0372  value_loss=0.2974
  update  46500/500000: consistency_loss=0.0002  pi_loss=-0.8268  reward_loss=0.0316  total_loss=0.0363  value_loss=0.2908
  update  47000/500000: consistency_loss=0.0002  pi_loss=-0.8192  reward_loss=0.0227  total_loss=0.0355  value_loss=0.2969
  update  47500/500000: consistency_loss=0.0002  pi_loss=-0.8503  reward_loss=0.0222  total_loss=0.0348  value_loss=0.2901
  update  48000/500000: consistency_loss=0.0002  pi_loss=-0.8923  reward_loss=0.0216  total_loss=0.0354  value_loss=0.2910
  update  48500/500000: consistency_loss=0.0002  pi_loss=-0.8935  reward_loss=0.0205  total_loss=0.0340  value_loss=0.2866
  update  49000/500000: consistency_loss=0.0002  pi_loss=-0.9311  reward_loss=0.0287  total_loss=0.0369  value_loss=0.2995
  update  49500/500000: consistency_loss=0.0002  pi_loss=-0.9655  reward_loss=0.0308  total_loss=0.0359  value_loss=0.2919
  update  50000/500000: consistency_loss=0.0002  pi_loss=-0.9683  reward_loss=0.0272  total_loss=0.0344  value_loss=0.2816
  update  50500/500000: consistency_loss=0.0002  pi_loss=-0.9906  reward_loss=0.0331  total_loss=0.0376  value_loss=0.2988
  update  51000/500000: consistency_loss=0.0002  pi_loss=-0.9919  reward_loss=0.0137  total_loss=0.0371  value_loss=0.3227
  update  51500/500000: consistency_loss=0.0002  pi_loss=-1.0455  reward_loss=0.0264  total_loss=0.0373  value_loss=0.3135
  update  52000/500000: consistency_loss=0.0002  pi_loss=-1.0416  reward_loss=0.0236  total_loss=0.0383  value_loss=0.3272
  update  52500/500000: consistency_loss=0.0002  pi_loss=-1.0252  reward_loss=0.0282  total_loss=0.0374  value_loss=0.3108
  update  53000/500000: consistency_loss=0.0002  pi_loss=-0.9489  reward_loss=0.0354  total_loss=0.0384  value_loss=0.3129
  update  53500/500000: consistency_loss=0.0002  pi_loss=-0.9021  reward_loss=0.0316  total_loss=0.0365  value_loss=0.2969
  update  54000/500000: consistency_loss=0.0002  pi_loss=-0.8259  reward_loss=0.0261  total_loss=0.0377  value_loss=0.3158
  update  54500/500000: consistency_loss=0.0002  pi_loss=-0.8219  reward_loss=0.0281  total_loss=0.0375  value_loss=0.3034
  update  55000/500000: consistency_loss=0.0002  pi_loss=-0.8078  reward_loss=0.0273  total_loss=0.0369  value_loss=0.3052
  update  55500/500000: consistency_loss=0.0002  pi_loss=-0.8305  reward_loss=0.0244  total_loss=0.0368  value_loss=0.3068
  update  56000/500000: consistency_loss=0.0002  pi_loss=-0.8561  reward_loss=0.0214  total_loss=0.0369  value_loss=0.3173
  update  56500/500000: consistency_loss=0.0001  pi_loss=-0.8647  reward_loss=0.0203  total_loss=0.0361  value_loss=0.3111
  update  57000/500000: consistency_loss=0.0002  pi_loss=-0.8893  reward_loss=0.0383  total_loss=0.0375  value_loss=0.3027
  update  57500/500000: consistency_loss=0.0002  pi_loss=-0.8744  reward_loss=0.0200  total_loss=0.0367  value_loss=0.3108
  update  58000/500000: consistency_loss=0.0002  pi_loss=-0.8944  reward_loss=0.0252  total_loss=0.0371  value_loss=0.3138
  update  58500/500000: consistency_loss=0.0002  pi_loss=-0.9004  reward_loss=0.0198  total_loss=0.0363  value_loss=0.3088
  update  59000/500000: consistency_loss=0.0002  pi_loss=-0.8980  reward_loss=0.0188  total_loss=0.0372  value_loss=0.3196
  update  59500/500000: consistency_loss=0.0002  pi_loss=-0.9146  reward_loss=0.0368  total_loss=0.0371  value_loss=0.3038
  update  60000/500000: consistency_loss=0.0002  pi_loss=-0.9314  reward_loss=0.0275  total_loss=0.0366  value_loss=0.3020
  update  60500/500000: consistency_loss=0.0002  pi_loss=-0.9299  reward_loss=0.0330  total_loss=0.0367  value_loss=0.2978
  update  61000/500000: consistency_loss=0.0001  pi_loss=-0.9420  reward_loss=0.0266  total_loss=0.0350  value_loss=0.2938
  update  61500/500000: consistency_loss=0.0001  pi_loss=-0.9181  reward_loss=0.0281  total_loss=0.0349  value_loss=0.2928
  update  62000/500000: consistency_loss=0.0002  pi_loss=-0.9340  reward_loss=0.0159  total_loss=0.0353  value_loss=0.3059
  update  62500/500000: consistency_loss=0.0002  pi_loss=-0.9409  reward_loss=0.0211  total_loss=0.0345  value_loss=0.2892
  update  63000/500000: consistency_loss=0.0002  pi_loss=-0.9616  reward_loss=0.0207  total_loss=0.0347  value_loss=0.2947
  update  63500/500000: consistency_loss=0.0002  pi_loss=-0.9643  reward_loss=0.0227  total_loss=0.0346  value_loss=0.2896
  update  64000/500000: consistency_loss=0.0002  pi_loss=-0.9769  reward_loss=0.0188  total_loss=0.0357  value_loss=0.3004
  update  64500/500000: consistency_loss=0.0002  pi_loss=-0.9927  reward_loss=0.0305  total_loss=0.0369  value_loss=0.3057
  update  65000/500000: consistency_loss=0.0001  pi_loss=-1.0155  reward_loss=0.0220  total_loss=0.0345  value_loss=0.2969
  update  65500/500000: consistency_loss=0.0002  pi_loss=-1.0573  reward_loss=0.0217  total_loss=0.0367  value_loss=0.3133
  update  66000/500000: consistency_loss=0.0002  pi_loss=-1.0497  reward_loss=0.0320  total_loss=0.0372  value_loss=0.3084
  update  66500/500000: consistency_loss=0.0002  pi_loss=-1.0507  reward_loss=0.0234  total_loss=0.0370  value_loss=0.3137
  update  67000/500000: consistency_loss=0.0001  pi_loss=-1.0136  reward_loss=0.0240  total_loss=0.0348  value_loss=0.2960
  update  67500/500000: consistency_loss=0.0002  pi_loss=-0.9929  reward_loss=0.0241  total_loss=0.0353  value_loss=0.2897
  update  68000/500000: consistency_loss=0.0002  pi_loss=-0.9831  reward_loss=0.0235  total_loss=0.0355  value_loss=0.2930
  update  68500/500000: consistency_loss=0.0002  pi_loss=-0.9693  reward_loss=0.0356  total_loss=0.0369  value_loss=0.2981
  update  69000/500000: consistency_loss=0.0002  pi_loss=-0.9820  reward_loss=0.0215  total_loss=0.0367  value_loss=0.3130
  update  69500/500000: consistency_loss=0.0002  pi_loss=-0.9910  reward_loss=0.0204  total_loss=0.0376  value_loss=0.3210
  update  70000/500000: consistency_loss=0.0002  pi_loss=-1.0246  reward_loss=0.0358  total_loss=0.0381  value_loss=0.3133
  update  70500/500000: consistency_loss=0.0001  pi_loss=-1.0299  reward_loss=0.0222  total_loss=0.0381  value_loss=0.3295
  update  71000/500000: consistency_loss=0.0002  pi_loss=-1.0404  reward_loss=0.0263  total_loss=0.0389  value_loss=0.3280
  update  71500/500000: consistency_loss=0.0002  pi_loss=-1.0048  reward_loss=0.0210  total_loss=0.0366  value_loss=0.3113
  update  72000/500000: consistency_loss=0.0001  pi_loss=-1.0287  reward_loss=0.0387  total_loss=0.0385  value_loss=0.3165
  update  72500/500000: consistency_loss=0.0002  pi_loss=-1.0362  reward_loss=0.0334  total_loss=0.0375  value_loss=0.3107
  update  73000/500000: consistency_loss=0.0001  pi_loss=-1.0384  reward_loss=0.0300  total_loss=0.0378  value_loss=0.3182
  update  73500/500000: consistency_loss=0.0002  pi_loss=-1.0115  reward_loss=0.0226  total_loss=0.0380  value_loss=0.3234
  update  74000/500000: consistency_loss=0.0002  pi_loss=-1.0569  reward_loss=0.0306  total_loss=0.0388  value_loss=0.3229
  update  74500/500000: consistency_loss=0.0002  pi_loss=-1.0334  reward_loss=0.0152  total_loss=0.0379  value_loss=0.3339
  update  75000/500000: consistency_loss=0.0002  pi_loss=-1.0725  reward_loss=0.0195  total_loss=0.0380  value_loss=0.3284
  update  75500/500000: consistency_loss=0.0001  pi_loss=-1.0864  reward_loss=0.0266  total_loss=0.0373  value_loss=0.3178
  update  76000/500000: consistency_loss=0.0002  pi_loss=-1.1337  reward_loss=0.0258  total_loss=0.0384  value_loss=0.3262
  update  76500/500000: consistency_loss=0.0001  pi_loss=-1.1620  reward_loss=0.0262  total_loss=0.0359  value_loss=0.3042
  update  77000/500000: consistency_loss=0.0001  pi_loss=-1.1997  reward_loss=0.0268  total_loss=0.0357  value_loss=0.3006
  update  77500/500000: consistency_loss=0.0002  pi_loss=-1.2185  reward_loss=0.0297  total_loss=0.0379  value_loss=0.3153
  update  78000/500000: consistency_loss=0.0002  pi_loss=-1.2453  reward_loss=0.0254  total_loss=0.0366  value_loss=0.3096
  update  78500/500000: consistency_loss=0.0002  pi_loss=-1.2184  reward_loss=0.0183  total_loss=0.0363  value_loss=0.3145
  update  79000/500000: consistency_loss=0.0001  pi_loss=-1.2338  reward_loss=0.0332  total_loss=0.0364  value_loss=0.3013
  update  79500/500000: consistency_loss=0.0001  pi_loss=-1.1971  reward_loss=0.0135  total_loss=0.0362  value_loss=0.3191
  update  80000/500000: consistency_loss=0.0002  pi_loss=-1.1773  reward_loss=0.0312  total_loss=0.0382  value_loss=0.3189
  update  80500/500000: consistency_loss=0.0001  pi_loss=-1.1691  reward_loss=0.0204  total_loss=0.0381  value_loss=0.3339
  update  81000/500000: consistency_loss=0.0001  pi_loss=-1.1406  reward_loss=0.0222  total_loss=0.0387  value_loss=0.3382
  update  81500/500000: consistency_loss=0.0002  pi_loss=-1.1084  reward_loss=0.0293  total_loss=0.0383  value_loss=0.3220
  update  82000/500000: consistency_loss=0.0001  pi_loss=-1.0712  reward_loss=0.0243  total_loss=0.0373  value_loss=0.3219
  update  82500/500000: consistency_loss=0.0002  pi_loss=-1.0843  reward_loss=0.0327  total_loss=0.0399  value_loss=0.3329
  update  83000/500000: consistency_loss=0.0002  pi_loss=-1.0664  reward_loss=0.0205  total_loss=0.0377  value_loss=0.3267
  update  83500/500000: consistency_loss=0.0002  pi_loss=-1.0499  reward_loss=0.0273  total_loss=0.0385  value_loss=0.3275
  update  84000/500000: consistency_loss=0.0001  pi_loss=-1.0296  reward_loss=0.0152  total_loss=0.0378  value_loss=0.3331
  update  84500/500000: consistency_loss=0.0002  pi_loss=-1.0588  reward_loss=0.0387  total_loss=0.0411  value_loss=0.3403
  update  85000/500000: consistency_loss=0.0001  pi_loss=-1.0480  reward_loss=0.0271  total_loss=0.0382  value_loss=0.3263
  update  85500/500000: consistency_loss=0.0001  pi_loss=-1.0558  reward_loss=0.0296  total_loss=0.0381  value_loss=0.3232
  update  86000/500000: consistency_loss=0.0001  pi_loss=-1.0931  reward_loss=0.0213  total_loss=0.0382  value_loss=0.3334
  update  86500/500000: consistency_loss=0.0001  pi_loss=-1.0883  reward_loss=0.0181  total_loss=0.0383  value_loss=0.3391
  update  87000/500000: consistency_loss=0.0001  pi_loss=-1.0888  reward_loss=0.0333  total_loss=0.0382  value_loss=0.3246
  update  87500/500000: consistency_loss=0.0001  pi_loss=-1.1008  reward_loss=0.0145  total_loss=0.0366  value_loss=0.3235
  update  88000/500000: consistency_loss=0.0002  pi_loss=-1.1511  reward_loss=0.0335  total_loss=0.0379  value_loss=0.3119
  update  88500/500000: consistency_loss=0.0001  pi_loss=-1.1826  reward_loss=0.0224  total_loss=0.0375  value_loss=0.3236
  update  89000/500000: consistency_loss=0.0002  pi_loss=-1.2221  reward_loss=0.0231  total_loss=0.0373  value_loss=0.3185
  update  89500/500000: consistency_loss=0.0001  pi_loss=-1.2226  reward_loss=0.0250  total_loss=0.0364  value_loss=0.3123
  update  90000/500000: consistency_loss=0.0001  pi_loss=-1.2346  reward_loss=0.0206  total_loss=0.0364  value_loss=0.3171
  update  90500/500000: consistency_loss=0.0001  pi_loss=-1.2384  reward_loss=0.0341  total_loss=0.0370  value_loss=0.3074
  update  91000/500000: consistency_loss=0.0002  pi_loss=-1.2520  reward_loss=0.0289  total_loss=0.0374  value_loss=0.3140
  update  91500/500000: consistency_loss=0.0002  pi_loss=-1.2476  reward_loss=0.0386  total_loss=0.0384  value_loss=0.3148
  update  92000/500000: consistency_loss=0.0001  pi_loss=-1.2657  reward_loss=0.0298  total_loss=0.0373  value_loss=0.3147
  update  92500/500000: consistency_loss=0.0002  pi_loss=-1.2745  reward_loss=0.0258  total_loss=0.0370  value_loss=0.3128
  update  93000/500000: consistency_loss=0.0001  pi_loss=-1.2820  reward_loss=0.0319  total_loss=0.0377  value_loss=0.3169
  update  93500/500000: consistency_loss=0.0001  pi_loss=-1.3206  reward_loss=0.0169  total_loss=0.0368  value_loss=0.3232
  update  94000/500000: consistency_loss=0.0001  pi_loss=-1.3327  reward_loss=0.0269  total_loss=0.0366  value_loss=0.3106
  update  94500/500000: consistency_loss=0.0001  pi_loss=-1.3529  reward_loss=0.0408  total_loss=0.0375  value_loss=0.3080
  update  95000/500000: consistency_loss=0.0002  pi_loss=-1.3825  reward_loss=0.0215  total_loss=0.0373  value_loss=0.3193
  update  95500/500000: consistency_loss=0.0001  pi_loss=-1.4251  reward_loss=0.0350  total_loss=0.0377  value_loss=0.3163
  update  96000/500000: consistency_loss=0.0001  pi_loss=-1.4617  reward_loss=0.0151  total_loss=0.0348  value_loss=0.3035
  update  96500/500000: consistency_loss=0.0001  pi_loss=-1.4848  reward_loss=0.0219  total_loss=0.0353  value_loss=0.3030
  update  97000/500000: consistency_loss=0.0001  pi_loss=-1.4838  reward_loss=0.0172  total_loss=0.0345  value_loss=0.2990
  update  97500/500000: consistency_loss=0.0001  pi_loss=-1.4949  reward_loss=0.0238  total_loss=0.0347  value_loss=0.2943
  update  98000/500000: consistency_loss=0.0001  pi_loss=-1.5206  reward_loss=0.0185  total_loss=0.0335  value_loss=0.2911
  update  98500/500000: consistency_loss=0.0001  pi_loss=-1.5120  reward_loss=0.0208  total_loss=0.0356  value_loss=0.3057
  update  99000/500000: consistency_loss=0.0001  pi_loss=-1.5220  reward_loss=0.0278  total_loss=0.0342  value_loss=0.2910
  update  99500/500000: consistency_loss=0.0001  pi_loss=-1.5230  reward_loss=0.0321  total_loss=0.0339  value_loss=0.2803
  update 100000/500000: consistency_loss=0.0001  pi_loss=-1.5079  reward_loss=0.0316  total_loss=0.0339  value_loss=0.2774
Saved checkpoint at update 100000
  update 100500/500000: consistency_loss=0.0001  pi_loss=-1.4913  reward_loss=0.0297  total_loss=0.0330  value_loss=0.2734
  update 101000/500000: consistency_loss=0.0001  pi_loss=-1.3817  reward_loss=0.0183  total_loss=0.0328  value_loss=0.2841
  update 101500/500000: consistency_loss=0.0001  pi_loss=-1.3600  reward_loss=0.0272  total_loss=0.0334  value_loss=0.2804
  update 102000/500000: consistency_loss=0.0001  pi_loss=-1.2711  reward_loss=0.0184  total_loss=0.0330  value_loss=0.2868
  update 102500/500000: consistency_loss=0.0002  pi_loss=-1.2022  reward_loss=0.0260  total_loss=0.0335  value_loss=0.2770
  update 103000/500000: consistency_loss=0.0001  pi_loss=-1.1994  reward_loss=0.0278  total_loss=0.0325  value_loss=0.2686
  update 103500/500000: consistency_loss=0.0001  pi_loss=-1.1694  reward_loss=0.0283  total_loss=0.0332  value_loss=0.2748
  update 104000/500000: consistency_loss=0.0001  pi_loss=-1.1752  reward_loss=0.0225  total_loss=0.0329  value_loss=0.2806
  update 104500/500000: consistency_loss=0.0001  pi_loss=-1.1998  reward_loss=0.0258  total_loss=0.0336  value_loss=0.2815
  update 105000/500000: consistency_loss=0.0001  pi_loss=-1.2006  reward_loss=0.0273  total_loss=0.0331  value_loss=0.2810
  update 105500/500000: consistency_loss=0.0001  pi_loss=-1.1677  reward_loss=0.0375  total_loss=0.0332  value_loss=0.2724
  update 106000/500000: consistency_loss=0.0002  pi_loss=-1.1436  reward_loss=0.0290  total_loss=0.0342  value_loss=0.2819
  update 106500/500000: consistency_loss=0.0001  pi_loss=-1.0963  reward_loss=0.0138  total_loss=0.0318  value_loss=0.2753
  update 107000/500000: consistency_loss=0.0001  pi_loss=-1.0911  reward_loss=0.0235  total_loss=0.0333  value_loss=0.2814
  update 107500/500000: consistency_loss=0.0001  pi_loss=-1.0673  reward_loss=0.0218  total_loss=0.0329  value_loss=0.2828
  update 108000/500000: consistency_loss=0.0001  pi_loss=-1.0799  reward_loss=0.0600  total_loss=0.0375  value_loss=0.2908
  update 108500/500000: consistency_loss=0.0001  pi_loss=-1.0368  reward_loss=0.0162  total_loss=0.0351  value_loss=0.3082
  update 109000/500000: consistency_loss=0.0001  pi_loss=-1.0419  reward_loss=0.0301  total_loss=0.0354  value_loss=0.2985
  update 109500/500000: consistency_loss=0.0001  pi_loss=-1.0568  reward_loss=0.0162  total_loss=0.0352  value_loss=0.3117
  update 110000/500000: consistency_loss=0.0001  pi_loss=-1.0584  reward_loss=0.0200  total_loss=0.0354  value_loss=0.3082
  update 110500/500000: consistency_loss=0.0001  pi_loss=-1.0724  reward_loss=0.0226  total_loss=0.0351  value_loss=0.3016
  update 111000/500000: consistency_loss=0.0001  pi_loss=-1.1149  reward_loss=0.0152  total_loss=0.0363  value_loss=0.3209
  update 111500/500000: consistency_loss=0.0001  pi_loss=-1.1180  reward_loss=0.0174  total_loss=0.0370  value_loss=0.3286
  update 112000/500000: consistency_loss=0.0001  pi_loss=-1.1374  reward_loss=0.0310  total_loss=0.0365  value_loss=0.3123
  update 112500/500000: consistency_loss=0.0002  pi_loss=-1.1467  reward_loss=0.0400  total_loss=0.0396  value_loss=0.3216
  update 113000/500000: consistency_loss=0.0001  pi_loss=-1.1450  reward_loss=0.0234  total_loss=0.0375  value_loss=0.3226
  update 113500/500000: consistency_loss=0.0001  pi_loss=-1.1112  reward_loss=0.0265  total_loss=0.0376  value_loss=0.3251
  update 114000/500000: consistency_loss=0.0001  pi_loss=-1.0822  reward_loss=0.0134  total_loss=0.0368  value_loss=0.3276
  update 114500/500000: consistency_loss=0.0001  pi_loss=-1.0689  reward_loss=0.0230  total_loss=0.0374  value_loss=0.3267
  update 115000/500000: consistency_loss=0.0001  pi_loss=-1.0746  reward_loss=0.0278  total_loss=0.0392  value_loss=0.3356
  update 115500/500000: consistency_loss=0.0001  pi_loss=-1.0511  reward_loss=0.0197  total_loss=0.0362  value_loss=0.3189
  update 116000/500000: consistency_loss=0.0002  pi_loss=-1.0476  reward_loss=0.0222  total_loss=0.0384  value_loss=0.3309
  update 116500/500000: consistency_loss=0.0001  pi_loss=-1.0212  reward_loss=0.0182  total_loss=0.0357  value_loss=0.3153
  update 117000/500000: consistency_loss=0.0001  pi_loss=-1.0236  reward_loss=0.0278  total_loss=0.0368  value_loss=0.3173
  update 117500/500000: consistency_loss=0.0001  pi_loss=-1.0218  reward_loss=0.0209  total_loss=0.0356  value_loss=0.3130
  update 118000/500000: consistency_loss=0.0001  pi_loss=-1.0197  reward_loss=0.0179  total_loss=0.0360  value_loss=0.3176
  update 118500/500000: consistency_loss=0.0002  pi_loss=-1.0114  reward_loss=0.0224  total_loss=0.0380  value_loss=0.3271
  update 119000/500000: consistency_loss=0.0001  pi_loss=-0.9977  reward_loss=0.0198  total_loss=0.0358  value_loss=0.3190
  update 119500/500000: consistency_loss=0.0001  pi_loss=-0.9824  reward_loss=0.0196  total_loss=0.0372  value_loss=0.3293
  update 120000/500000: consistency_loss=0.0001  pi_loss=-0.9892  reward_loss=0.0241  total_loss=0.0380  value_loss=0.3324
  update 120500/500000: consistency_loss=0.0001  pi_loss=-0.9832  reward_loss=0.0275  total_loss=0.0384  value_loss=0.3326
  update 121000/500000: consistency_loss=0.0002  pi_loss=-0.9926  reward_loss=0.0282  total_loss=0.0399  value_loss=0.3405
  update 121500/500000: consistency_loss=0.0001  pi_loss=-0.9996  reward_loss=0.0294  total_loss=0.0378  value_loss=0.3242
  update 122000/500000: consistency_loss=0.0001  pi_loss=-1.0236  reward_loss=0.0227  total_loss=0.0387  value_loss=0.3389
  update 122500/500000: consistency_loss=0.0001  pi_loss=-1.0248  reward_loss=0.0130  total_loss=0.0364  value_loss=0.3273
  update 123000/500000: consistency_loss=0.0001  pi_loss=-1.0189  reward_loss=0.0214  total_loss=0.0361  value_loss=0.3159
  update 123500/500000: consistency_loss=0.0001  pi_loss=-1.0118  reward_loss=0.0201  total_loss=0.0384  value_loss=0.3401
  update 124000/500000: consistency_loss=0.0001  pi_loss=-1.0193  reward_loss=0.0216  total_loss=0.0363  value_loss=0.3181
  update 124500/500000: consistency_loss=0.0001  pi_loss=-1.0280  reward_loss=0.0208  total_loss=0.0371  value_loss=0.3275
  update 125000/500000: consistency_loss=0.0001  pi_loss=-1.0159  reward_loss=0.0289  total_loss=0.0383  value_loss=0.3296
  update 125500/500000: consistency_loss=0.0001  pi_loss=-1.0271  reward_loss=0.0253  total_loss=0.0377  value_loss=0.3243
  update 126000/500000: consistency_loss=0.0001  pi_loss=-1.0207  reward_loss=0.0197  total_loss=0.0358  value_loss=0.3166
  update 126500/500000: consistency_loss=0.0001  pi_loss=-1.0422  reward_loss=0.0320  total_loss=0.0381  value_loss=0.3245
  update 127000/500000: consistency_loss=0.0001  pi_loss=-1.0582  reward_loss=0.0263  total_loss=0.0379  value_loss=0.3281
  update 127500/500000: consistency_loss=0.0001  pi_loss=-1.0418  reward_loss=0.0189  total_loss=0.0362  value_loss=0.3140
  update 128000/500000: consistency_loss=0.0001  pi_loss=-1.0808  reward_loss=0.0234  total_loss=0.0369  value_loss=0.3199
  update 128500/500000: consistency_loss=0.0001  pi_loss=-1.0913  reward_loss=0.0277  total_loss=0.0378  value_loss=0.3263
  update 129000/500000: consistency_loss=0.0001  pi_loss=-1.1012  reward_loss=0.0257  total_loss=0.0384  value_loss=0.3298
  update 129500/500000: consistency_loss=0.0001  pi_loss=-1.1029  reward_loss=0.0267  total_loss=0.0385  value_loss=0.3349
  update 130000/500000: consistency_loss=0.0002  pi_loss=-1.0846  reward_loss=0.0218  total_loss=0.0384  value_loss=0.3301
  update 130500/500000: consistency_loss=0.0001  pi_loss=-1.0659  reward_loss=0.0217  total_loss=0.0379  value_loss=0.3314
  update 131000/500000: consistency_loss=0.0001  pi_loss=-1.0377  reward_loss=0.0362  total_loss=0.0389  value_loss=0.3309
  update 131500/500000: consistency_loss=0.0001  pi_loss=-1.0276  reward_loss=0.0196  total_loss=0.0370  value_loss=0.3267
  update 132000/500000: consistency_loss=0.0001  pi_loss=-1.0265  reward_loss=0.0283  total_loss=0.0375  value_loss=0.3187
  update 132500/500000: consistency_loss=0.0001  pi_loss=-1.0024  reward_loss=0.0246  total_loss=0.0366  value_loss=0.3172
  update 133000/500000: consistency_loss=0.0001  pi_loss=-0.9977  reward_loss=0.0291  total_loss=0.0371  value_loss=0.3208
  update 133500/500000: consistency_loss=0.0001  pi_loss=-1.0012  reward_loss=0.0246  total_loss=0.0370  value_loss=0.3226
  update 134000/500000: consistency_loss=0.0001  pi_loss=-1.0056  reward_loss=0.0290  total_loss=0.0374  value_loss=0.3200
/workspace/conda_envs/tdmpc2/lib/python3.11/multiprocessing/resource_tracker.py:254: UserWarning: resource_tracker: There appear to be 3 leaked semaphore objects to clean up at shutdown
  warnings.warn('resource_tracker: There appear to be %d '
Terminated
