[Sun Jul 19 14:43:48 UTC 2026] bridge /workspace/dreamerv3_runs/axis1_finger/q1/side1 -> /workspace/dreamerv3_runs/tm2_data/finger_q1_side1.pt
wrote /workspace/dreamerv3_runs/tm2_data/finger_q1_side1.pt: 200 eps x 1001 steps, obs_dim 12, reward_sum 64699.00
[Sun Jul 19 14:43:54 UTC 2026] offline_fit WM_RUN=tm2wm_finger_awareq1s1_seed13 ARM=aware DATA=/workspace/dreamerv3_runs/tm2_data/finger_q1_side1.pt UPDATES=500000 SEED=13
/workspace/conda_envs/tdmpc2/lib/python3.11/site-packages/tensordict/_td.py:612: FutureWarning: TensorDict.to_module() is replacing an existing nn.Parameter in the destination module with a tensor leaf that is not an nn.Parameter. This historical behavior can remove the key from module.state_dict(). In tensordict v0.14, to_module() will preserve existing module parameter and buffer registrations by default. Pass preserve_module_state=False to keep the current replacement behavior, or preserve_module_state=True to opt in to the v0.14 behavior now.
  local_out = _set_tensor_dict(
Episode length: 1000
Discount factor: 0.995
Buffer capacity: 200,200
Storage required: 0.01 GB
Using CUDA:0 memory for storage.
[92m2026-07-19 14:43:57,703 [torchrl][INFO][0m    Initialized LazyTensorStorage with torch.Size([200200]) shape[92m [END][0m
Loaded static data: 200 eps x 1001 rows = 200200 rows; arm=aware (reward_coef=0.1, value_coef=0.1)
  update      1/500000: consistency_loss=0.0165  pi_loss=-0.0004  reward_loss=2.6922  total_loss=0.8686  value_loss=2.6922
  update    500/500000: consistency_loss=0.0014  pi_loss=-0.5992  reward_loss=0.1791  total_loss=0.0793  value_loss=0.3398
  update   1000/500000: consistency_loss=0.0011  pi_loss=-0.2814  reward_loss=0.1586  total_loss=0.0784  value_loss=0.3967
  update   1500/500000: consistency_loss=0.0011  pi_loss=-0.2150  reward_loss=0.1476  total_loss=0.0791  value_loss=0.4308
  update   2000/500000: consistency_loss=0.0011  pi_loss=-0.1983  reward_loss=0.1534  total_loss=0.0825  value_loss=0.4558
  update   2500/500000: consistency_loss=0.0007  pi_loss=-0.1953  reward_loss=0.1497  total_loss=0.0759  value_loss=0.4632
  update   3000/500000: consistency_loss=0.0006  pi_loss=-0.1844  reward_loss=0.1332  total_loss=0.0692  value_loss=0.4306
  update   3500/500000: consistency_loss=0.0007  pi_loss=-0.1871  reward_loss=0.1416  total_loss=0.0664  value_loss=0.3727
  update   4000/500000: consistency_loss=0.0007  pi_loss=-0.2132  reward_loss=0.1525  total_loss=0.0749  value_loss=0.4520
  update   4500/500000: consistency_loss=0.0006  pi_loss=-0.2126  reward_loss=0.1480  total_loss=0.0681  value_loss=0.4148
  update   5000/500000: consistency_loss=0.0006  pi_loss=-0.2185  reward_loss=0.1385  total_loss=0.0659  value_loss=0.4057
  update   5500/500000: consistency_loss=0.0006  pi_loss=-0.2191  reward_loss=0.1446  total_loss=0.0671  value_loss=0.4066
  update   6000/500000: consistency_loss=0.0005  pi_loss=-0.2259  reward_loss=0.1346  total_loss=0.0679  value_loss=0.4393
  update   6500/500000: consistency_loss=0.0005  pi_loss=-0.2832  reward_loss=0.1491  total_loss=0.0636  value_loss=0.3792
  update   7000/500000: consistency_loss=0.0005  pi_loss=-0.3193  reward_loss=0.1412  total_loss=0.0596  value_loss=0.3468
  update   7500/500000: consistency_loss=0.0005  pi_loss=-0.3014  reward_loss=0.1452  total_loss=0.0574  value_loss=0.3261
  update   8000/500000: consistency_loss=0.0004  pi_loss=-0.3013  reward_loss=0.1542  total_loss=0.0517  value_loss=0.2725
  update   8500/500000: consistency_loss=0.0004  pi_loss=-0.2767  reward_loss=0.1541  total_loss=0.0603  value_loss=0.3705
  update   9000/500000: consistency_loss=0.0005  pi_loss=-0.2711  reward_loss=0.1504  total_loss=0.0626  value_loss=0.3833
  update   9500/500000: consistency_loss=0.0005  pi_loss=-0.2482  reward_loss=0.1273  total_loss=0.0554  value_loss=0.3327
  update  10000/500000: consistency_loss=0.0004  pi_loss=-0.2583  reward_loss=0.1482  total_loss=0.0519  value_loss=0.2944
  update  10500/500000: consistency_loss=0.0004  pi_loss=-0.2656  reward_loss=0.1388  total_loss=0.0547  value_loss=0.3279
  update  11000/500000: consistency_loss=0.0004  pi_loss=-0.2744  reward_loss=0.1438  total_loss=0.0574  value_loss=0.3487
  update  11500/500000: consistency_loss=0.0003  pi_loss=-0.2674  reward_loss=0.1528  total_loss=0.0565  value_loss=0.3458
  update  12000/500000: consistency_loss=0.0005  pi_loss=-0.2525  reward_loss=0.1606  total_loss=0.0595  value_loss=0.3406
  update  12500/500000: consistency_loss=0.0004  pi_loss=-0.2813  reward_loss=0.1504  total_loss=0.0555  value_loss=0.3329
  update  13000/500000: consistency_loss=0.0004  pi_loss=-0.2655  reward_loss=0.1415  total_loss=0.0601  value_loss=0.3877
  update  13500/500000: consistency_loss=0.0004  pi_loss=-0.2566  reward_loss=0.1257  total_loss=0.0583  value_loss=0.3853
  update  14000/500000: consistency_loss=0.0004  pi_loss=-0.2691  reward_loss=0.1188  total_loss=0.0593  value_loss=0.3947
  update  14500/500000: consistency_loss=0.0003  pi_loss=-0.2742  reward_loss=0.1627  total_loss=0.0602  value_loss=0.3701
  update  15000/500000: consistency_loss=0.0004  pi_loss=-0.2998  reward_loss=0.1591  total_loss=0.0588  value_loss=0.3475
  update  15500/500000: consistency_loss=0.0004  pi_loss=-0.2816  reward_loss=0.1268  total_loss=0.0525  value_loss=0.3266
  update  16000/500000: consistency_loss=0.0003  pi_loss=-0.2965  reward_loss=0.1519  total_loss=0.0546  value_loss=0.3292
  update  16500/500000: consistency_loss=0.0004  pi_loss=-0.2794  reward_loss=0.1373  total_loss=0.0560  value_loss=0.3503
  update  17000/500000: consistency_loss=0.0003  pi_loss=-0.2815  reward_loss=0.1354  total_loss=0.0541  value_loss=0.3380
  update  17500/500000: consistency_loss=0.0004  pi_loss=-0.3029  reward_loss=0.1639  total_loss=0.0604  value_loss=0.3619
  update  18000/500000: consistency_loss=0.0003  pi_loss=-0.3153  reward_loss=0.1527  total_loss=0.0527  value_loss=0.3195
  update  18500/500000: consistency_loss=0.0003  pi_loss=-0.2985  reward_loss=0.1223  total_loss=0.0504  value_loss=0.3123
  update  19000/500000: consistency_loss=0.0003  pi_loss=-0.3377  reward_loss=0.1618  total_loss=0.0539  value_loss=0.3190
  update  19500/500000: consistency_loss=0.0003  pi_loss=-0.3448  reward_loss=0.1563  total_loss=0.0534  value_loss=0.3095
  update  20000/500000: consistency_loss=0.0004  pi_loss=-0.3612  reward_loss=0.1545  total_loss=0.0556  value_loss=0.3282
  update  20500/500000: consistency_loss=0.0003  pi_loss=-0.3616  reward_loss=0.1512  total_loss=0.0546  value_loss=0.3339
  update  21000/500000: consistency_loss=0.0003  pi_loss=-0.3608  reward_loss=0.1509  total_loss=0.0542  value_loss=0.3266
  update  21500/500000: consistency_loss=0.0003  pi_loss=-0.3938  reward_loss=0.1581  total_loss=0.0532  value_loss=0.3218
  update  22000/500000: consistency_loss=0.0003  pi_loss=-0.3851  reward_loss=0.1453  total_loss=0.0493  value_loss=0.2957
  update  22500/500000: consistency_loss=0.0002  pi_loss=-0.3881  reward_loss=0.1417  total_loss=0.0463  value_loss=0.2736
  update  23000/500000: consistency_loss=0.0003  pi_loss=-0.4044  reward_loss=0.1494  total_loss=0.0474  value_loss=0.2598
  update  23500/500000: consistency_loss=0.0003  pi_loss=-0.4199  reward_loss=0.1439  total_loss=0.0443  value_loss=0.2466
  update  24000/500000: consistency_loss=0.0003  pi_loss=-0.4559  reward_loss=0.1603  total_loss=0.0469  value_loss=0.2545
  update  24500/500000: consistency_loss=0.0002  pi_loss=-0.4521  reward_loss=0.1299  total_loss=0.0439  value_loss=0.2613
  update  25000/500000: consistency_loss=0.0002  pi_loss=-0.4585  reward_loss=0.1149  total_loss=0.0445  value_loss=0.2862
  update  25500/500000: consistency_loss=0.0003  pi_loss=-0.5057  reward_loss=0.1285  total_loss=0.0470  value_loss=0.2874
  update  26000/500000: consistency_loss=0.0002  pi_loss=-0.5198  reward_loss=0.1480  total_loss=0.0505  value_loss=0.3120
  update  26500/500000: consistency_loss=0.0002  pi_loss=-0.5533  reward_loss=0.1788  total_loss=0.0530  value_loss=0.3079
  update  27000/500000: consistency_loss=0.0002  pi_loss=-0.5585  reward_loss=0.1424  total_loss=0.0502  value_loss=0.3102
  update  27500/500000: consistency_loss=0.0002  pi_loss=-0.5289  reward_loss=0.1421  total_loss=0.0503  value_loss=0.3173
  update  28000/500000: consistency_loss=0.0002  pi_loss=-0.5844  reward_loss=0.1481  total_loss=0.0506  value_loss=0.3258
  update  28500/500000: consistency_loss=0.0002  pi_loss=-0.5596  reward_loss=0.1556  total_loss=0.0540  value_loss=0.3383
  update  29000/500000: consistency_loss=0.0002  pi_loss=-0.5671  reward_loss=0.1349  total_loss=0.0494  value_loss=0.3141
  update  29500/500000: consistency_loss=0.0002  pi_loss=-0.5770  reward_loss=0.1331  total_loss=0.0485  value_loss=0.3149
  update  30000/500000: consistency_loss=0.0003  pi_loss=-0.5949  reward_loss=0.1445  total_loss=0.0513  value_loss=0.3181
  update  30500/500000: consistency_loss=0.0002  pi_loss=-0.6124  reward_loss=0.1325  total_loss=0.0490  value_loss=0.3184
  update  31000/500000: consistency_loss=0.0002  pi_loss=-0.6793  reward_loss=0.1611  total_loss=0.0539  value_loss=0.3338
  update  31500/500000: consistency_loss=0.0002  pi_loss=-0.6804  reward_loss=0.1344  total_loss=0.0487  value_loss=0.3172
  update  32000/500000: consistency_loss=0.0002  pi_loss=-0.6822  reward_loss=0.1294  total_loss=0.0490  value_loss=0.3158
  update  32500/500000: consistency_loss=0.0002  pi_loss=-0.6781  reward_loss=0.1637  total_loss=0.0541  value_loss=0.3337
  update  33000/500000: consistency_loss=0.0002  pi_loss=-0.6599  reward_loss=0.1490  total_loss=0.0511  value_loss=0.3219
  update  33500/500000: consistency_loss=0.0002  pi_loss=-0.6519  reward_loss=0.1393  total_loss=0.0505  value_loss=0.3234
  update  34000/500000: consistency_loss=0.0002  pi_loss=-0.6260  reward_loss=0.1470  total_loss=0.0496  value_loss=0.3095
  update  34500/500000: consistency_loss=0.0002  pi_loss=-0.6044  reward_loss=0.1436  total_loss=0.0500  value_loss=0.3120
  update  35000/500000: consistency_loss=0.0002  pi_loss=-0.5705  reward_loss=0.1197  total_loss=0.0480  value_loss=0.3211
  update  35500/500000: consistency_loss=0.0002  pi_loss=-0.5752  reward_loss=0.1412  total_loss=0.0484  value_loss=0.3005
  update  36000/500000: consistency_loss=0.0002  pi_loss=-0.5386  reward_loss=0.1258  total_loss=0.0433  value_loss=0.2736
  update  36500/500000: consistency_loss=0.0002  pi_loss=-0.5524  reward_loss=0.1507  total_loss=0.0463  value_loss=0.2765
  update  37000/500000: consistency_loss=0.0002  pi_loss=-0.5551  reward_loss=0.1460  total_loss=0.0432  value_loss=0.2543
  update  37500/500000: consistency_loss=0.0002  pi_loss=-0.5484  reward_loss=0.1246  total_loss=0.0399  value_loss=0.2424
  update  38000/500000: consistency_loss=0.0002  pi_loss=-0.5494  reward_loss=0.1498  total_loss=0.0425  value_loss=0.2413
  update  38500/500000: consistency_loss=0.0002  pi_loss=-0.5332  reward_loss=0.1367  total_loss=0.0440  value_loss=0.2677
  update  39000/500000: consistency_loss=0.0002  pi_loss=-0.5649  reward_loss=0.1921  total_loss=0.0472  value_loss=0.2430
  update  39500/500000: consistency_loss=0.0002  pi_loss=-0.5668  reward_loss=0.1322  total_loss=0.0424  value_loss=0.2585
  update  40000/500000: consistency_loss=0.0002  pi_loss=-0.5535  reward_loss=0.1306  total_loss=0.0385  value_loss=0.2235
  update  40500/500000: consistency_loss=0.0001  pi_loss=-0.5783  reward_loss=0.1367  total_loss=0.0380  value_loss=0.2162
  update  41000/500000: consistency_loss=0.0001  pi_loss=-0.5885  reward_loss=0.1522  total_loss=0.0402  value_loss=0.2200
  update  41500/500000: consistency_loss=0.0002  pi_loss=-0.5612  reward_loss=0.1259  total_loss=0.0414  value_loss=0.2486
  update  42000/500000: consistency_loss=0.0002  pi_loss=-0.5689  reward_loss=0.1333  total_loss=0.0413  value_loss=0.2416
  update  42500/500000: consistency_loss=0.0002  pi_loss=-0.5694  reward_loss=0.1424  total_loss=0.0422  value_loss=0.2449
  update  43000/500000: consistency_loss=0.0002  pi_loss=-0.5673  reward_loss=0.1339  total_loss=0.0422  value_loss=0.2562
  update  43500/500000: consistency_loss=0.0001  pi_loss=-0.5758  reward_loss=0.1293  total_loss=0.0415  value_loss=0.2557
  update  44000/500000: consistency_loss=0.0001  pi_loss=-0.5598  reward_loss=0.1198  total_loss=0.0415  value_loss=0.2669
  update  44500/500000: consistency_loss=0.0002  pi_loss=-0.5438  reward_loss=0.1361  total_loss=0.0419  value_loss=0.2531
  update  45000/500000: consistency_loss=0.0002  pi_loss=-0.5633  reward_loss=0.1466  total_loss=0.0429  value_loss=0.2509
  update  45500/500000: consistency_loss=0.0002  pi_loss=-0.5500  reward_loss=0.1340  total_loss=0.0440  value_loss=0.2691
  update  46000/500000: consistency_loss=0.0001  pi_loss=-0.5393  reward_loss=0.1484  total_loss=0.0435  value_loss=0.2581
  update  46500/500000: consistency_loss=0.0001  pi_loss=-0.5340  reward_loss=0.1332  total_loss=0.0421  value_loss=0.2619
  update  47000/500000: consistency_loss=0.0002  pi_loss=-0.5346  reward_loss=0.1320  total_loss=0.0464  value_loss=0.2979
  update  47500/500000: consistency_loss=0.0001  pi_loss=-0.4854  reward_loss=0.1212  total_loss=0.0431  value_loss=0.2805
  update  48000/500000: consistency_loss=0.0002  pi_loss=-0.4657  reward_loss=0.1194  total_loss=0.0446  value_loss=0.2920
  update  48500/500000: consistency_loss=0.0002  pi_loss=-0.4512  reward_loss=0.1142  total_loss=0.0433  value_loss=0.2843
  update  49000/500000: consistency_loss=0.0001  pi_loss=-0.4520  reward_loss=0.1121  total_loss=0.0432  value_loss=0.2903
  update  49500/500000: consistency_loss=0.0002  pi_loss=-0.4679  reward_loss=0.1356  total_loss=0.0456  value_loss=0.2898
  update  50000/500000: consistency_loss=0.0001  pi_loss=-0.4734  reward_loss=0.1389  total_loss=0.0451  value_loss=0.2865
  update  50500/500000: consistency_loss=0.0001  pi_loss=-0.4650  reward_loss=0.1613  total_loss=0.0453  value_loss=0.2655
  update  51000/500000: consistency_loss=0.0002  pi_loss=-0.4298  reward_loss=0.1171  total_loss=0.0416  value_loss=0.2676
  update  51500/500000: consistency_loss=0.0001  pi_loss=-0.4502  reward_loss=0.1513  total_loss=0.0448  value_loss=0.2664
  update  52000/500000: consistency_loss=0.0002  pi_loss=-0.4387  reward_loss=0.1360  total_loss=0.0427  value_loss=0.2495
  update  52500/500000: consistency_loss=0.0002  pi_loss=-0.4365  reward_loss=0.1466  total_loss=0.0450  value_loss=0.2715
  update  53000/500000: consistency_loss=0.0001  pi_loss=-0.4363  reward_loss=0.1138  total_loss=0.0421  value_loss=0.2821
  update  53500/500000: consistency_loss=0.0001  pi_loss=-0.4400  reward_loss=0.1462  total_loss=0.0457  value_loss=0.2839
  update  54000/500000: consistency_loss=0.0001  pi_loss=-0.4339  reward_loss=0.1379  total_loss=0.0455  value_loss=0.2896
  update  54500/500000: consistency_loss=0.0001  pi_loss=-0.4313  reward_loss=0.1248  total_loss=0.0441  value_loss=0.2889
  update  55000/500000: consistency_loss=0.0001  pi_loss=-0.4274  reward_loss=0.1120  total_loss=0.0434  value_loss=0.2962
  update  55500/500000: consistency_loss=0.0001  pi_loss=-0.4301  reward_loss=0.1226  total_loss=0.0449  value_loss=0.2991
  update  56000/500000: consistency_loss=0.0001  pi_loss=-0.4582  reward_loss=0.1337  total_loss=0.0444  value_loss=0.2835
  update  56500/500000: consistency_loss=0.0001  pi_loss=-0.4588  reward_loss=0.1413  total_loss=0.0477  value_loss=0.3064
  update  57000/500000: consistency_loss=0.0001  pi_loss=-0.4405  reward_loss=0.1303  total_loss=0.0459  value_loss=0.3040
  update  57500/500000: consistency_loss=0.0001  pi_loss=-0.4331  reward_loss=0.1249  total_loss=0.0452  value_loss=0.3033
  update  58000/500000: consistency_loss=0.0002  pi_loss=-0.4441  reward_loss=0.1399  total_loss=0.0475  value_loss=0.2997
  update  58500/500000: consistency_loss=0.0001  pi_loss=-0.4570  reward_loss=0.1452  total_loss=0.0472  value_loss=0.2973
  update  59000/500000: consistency_loss=0.0002  pi_loss=-0.4484  reward_loss=0.1352  total_loss=0.0472  value_loss=0.3040
  update  59500/500000: consistency_loss=0.0001  pi_loss=-0.4671  reward_loss=0.1355  total_loss=0.0469  value_loss=0.3045
  update  60000/500000: consistency_loss=0.0001  pi_loss=-0.4750  reward_loss=0.1340  total_loss=0.0461  value_loss=0.3011
  update  60500/500000: consistency_loss=0.0002  pi_loss=-0.4898  reward_loss=0.1369  total_loss=0.0478  value_loss=0.3095
  update  61000/500000: consistency_loss=0.0001  pi_loss=-0.4959  reward_loss=0.1387  total_loss=0.0478  value_loss=0.3146
  update  61500/500000: consistency_loss=0.0001  pi_loss=-0.5078  reward_loss=0.1313  total_loss=0.0457  value_loss=0.3034
  update  62000/500000: consistency_loss=0.0001  pi_loss=-0.5094  reward_loss=0.1267  total_loss=0.0454  value_loss=0.3022
  update  62500/500000: consistency_loss=0.0001  pi_loss=-0.5181  reward_loss=0.1712  total_loss=0.0500  value_loss=0.3093
  update  63000/500000: consistency_loss=0.0001  pi_loss=-0.4989  reward_loss=0.1373  total_loss=0.0466  value_loss=0.3005
  update  63500/500000: consistency_loss=0.0001  pi_loss=-0.5096  reward_loss=0.1336  total_loss=0.0467  value_loss=0.3081
  update  64000/500000: consistency_loss=0.0001  pi_loss=-0.4993  reward_loss=0.1322  total_loss=0.0462  value_loss=0.3057
  update  64500/500000: consistency_loss=0.0001  pi_loss=-0.5042  reward_loss=0.1157  total_loss=0.0473  value_loss=0.3289
  update  65000/500000: consistency_loss=0.0001  pi_loss=-0.4881  reward_loss=0.1320  total_loss=0.0483  value_loss=0.3231
  update  65500/500000: consistency_loss=0.0001  pi_loss=-0.5052  reward_loss=0.1353  total_loss=0.0468  value_loss=0.3083
  update  66000/500000: consistency_loss=0.0001  pi_loss=-0.5293  reward_loss=0.1540  total_loss=0.0501  value_loss=0.3190
  update  66500/500000: consistency_loss=0.0001  pi_loss=-0.4954  reward_loss=0.1213  total_loss=0.0461  value_loss=0.3200
  update  67000/500000: consistency_loss=0.0001  pi_loss=-0.4997  reward_loss=0.1306  total_loss=0.0462  value_loss=0.3081
  update  67500/500000: consistency_loss=0.0001  pi_loss=-0.5191  reward_loss=0.1513  total_loss=0.0491  value_loss=0.3121
  update  68000/500000: consistency_loss=0.0001  pi_loss=-0.5109  reward_loss=0.1464  total_loss=0.0473  value_loss=0.3042
  update  68500/500000: consistency_loss=0.0001  pi_loss=-0.5314  reward_loss=0.1252  total_loss=0.0466  value_loss=0.3170
  update  69000/500000: consistency_loss=0.0001  pi_loss=-0.5410  reward_loss=0.1509  total_loss=0.0496  value_loss=0.3216
  update  69500/500000: consistency_loss=0.0001  pi_loss=-0.5316  reward_loss=0.1449  total_loss=0.0477  value_loss=0.3108
  update  70000/500000: consistency_loss=0.0001  pi_loss=-0.5398  reward_loss=0.1529  total_loss=0.0495  value_loss=0.3177
  update  70500/500000: consistency_loss=0.0002  pi_loss=-0.5223  reward_loss=0.1473  total_loss=0.0518  value_loss=0.3398
  update  71000/500000: consistency_loss=0.0001  pi_loss=-0.5421  reward_loss=0.1593  total_loss=0.0503  value_loss=0.3239
  update  71500/500000: consistency_loss=0.0001  pi_loss=-0.4929  reward_loss=0.1269  total_loss=0.0479  value_loss=0.3290
  update  72000/500000: consistency_loss=0.0001  pi_loss=-0.4815  reward_loss=0.1170  total_loss=0.0461  value_loss=0.3198
  update  72500/500000: consistency_loss=0.0001  pi_loss=-0.5172  reward_loss=0.1271  total_loss=0.0481  value_loss=0.3250
  update  73000/500000: consistency_loss=0.0001  pi_loss=-0.5218  reward_loss=0.1076  total_loss=0.0436  value_loss=0.3031
  update  73500/500000: consistency_loss=0.0001  pi_loss=-0.5576  reward_loss=0.1397  total_loss=0.0480  value_loss=0.3159
  update  74000/500000: consistency_loss=0.0001  pi_loss=-0.5620  reward_loss=0.1205  total_loss=0.0433  value_loss=0.2906
  update  74500/500000: consistency_loss=0.0001  pi_loss=-0.6079  reward_loss=0.1294  total_loss=0.0479  value_loss=0.3276
  update  75000/500000: consistency_loss=0.0001  pi_loss=-0.6348  reward_loss=0.1366  total_loss=0.0461  value_loss=0.3014
  update  75500/500000: consistency_loss=0.0001  pi_loss=-0.6442  reward_loss=0.1371  total_loss=0.0473  value_loss=0.3133
  update  76000/500000: consistency_loss=0.0001  pi_loss=-0.6227  reward_loss=0.1083  total_loss=0.0442  value_loss=0.3125
  update  76500/500000: consistency_loss=0.0001  pi_loss=-0.6332  reward_loss=0.1183  total_loss=0.0479  value_loss=0.3347
  update  77000/500000: consistency_loss=0.0002  pi_loss=-0.6353  reward_loss=0.1204  total_loss=0.0463  value_loss=0.3130
  update  77500/500000: consistency_loss=0.0001  pi_loss=-0.6207  reward_loss=0.1305  total_loss=0.0479  value_loss=0.3275
  update  78000/500000: consistency_loss=0.0001  pi_loss=-0.6403  reward_loss=0.1377  total_loss=0.0489  value_loss=0.3316
  update  78500/500000: consistency_loss=0.0001  pi_loss=-0.6434  reward_loss=0.1237  total_loss=0.0467  value_loss=0.3191
  update  79000/500000: consistency_loss=0.0001  pi_loss=-0.6165  reward_loss=0.1334  total_loss=0.0475  value_loss=0.3172
  update  79500/500000: consistency_loss=0.0001  pi_loss=-0.6592  reward_loss=0.1403  total_loss=0.0480  value_loss=0.3182
  update  80000/500000: consistency_loss=0.0001  pi_loss=-0.6289  reward_loss=0.1244  total_loss=0.0443  value_loss=0.2985
  update  80500/500000: consistency_loss=0.0001  pi_loss=-0.6549  reward_loss=0.1396  total_loss=0.0481  value_loss=0.3185
  update  81000/500000: consistency_loss=0.0001  pi_loss=-0.6427  reward_loss=0.1180  total_loss=0.0453  value_loss=0.3089
  update  81500/500000: consistency_loss=0.0001  pi_loss=-0.6495  reward_loss=0.1220  total_loss=0.0465  value_loss=0.3202
  update  82000/500000: consistency_loss=0.0001  pi_loss=-0.6704  reward_loss=0.1324  total_loss=0.0463  value_loss=0.3091
  update  82500/500000: consistency_loss=0.0001  pi_loss=-0.6343  reward_loss=0.1266  total_loss=0.0467  value_loss=0.3202
  update  83000/500000: consistency_loss=0.0001  pi_loss=-0.6304  reward_loss=0.1296  total_loss=0.0472  value_loss=0.3230
  update  83500/500000: consistency_loss=0.0001  pi_loss=-0.6227  reward_loss=0.1275  total_loss=0.0467  value_loss=0.3204
  update  84000/500000: consistency_loss=0.0001  pi_loss=-0.6420  reward_loss=0.1333  total_loss=0.0469  value_loss=0.3113
  update  84500/500000: consistency_loss=0.0001  pi_loss=-0.6705  reward_loss=0.1503  total_loss=0.0487  value_loss=0.3158
  update  85000/500000: consistency_loss=0.0001  pi_loss=-0.6769  reward_loss=0.1276  total_loss=0.0462  value_loss=0.3091
  update  85500/500000: consistency_loss=0.0001  pi_loss=-0.6775  reward_loss=0.1306  total_loss=0.0479  value_loss=0.3271
  update  86000/500000: consistency_loss=0.0001  pi_loss=-0.7146  reward_loss=0.1441  total_loss=0.0500  value_loss=0.3352
  update  86500/500000: consistency_loss=0.0001  pi_loss=-0.7471  reward_loss=0.1566  total_loss=0.0511  value_loss=0.3365
  update  87000/500000: consistency_loss=0.0001  pi_loss=-0.7632  reward_loss=0.1343  total_loss=0.0473  value_loss=0.3139
  update  87500/500000: consistency_loss=0.0001  pi_loss=-0.7597  reward_loss=0.1328  total_loss=0.0473  value_loss=0.3201
  update  88000/500000: consistency_loss=0.0001  pi_loss=-0.7522  reward_loss=0.1348  total_loss=0.0477  value_loss=0.3199
  update  88500/500000: consistency_loss=0.0001  pi_loss=-0.7847  reward_loss=0.1424  total_loss=0.0491  value_loss=0.3240
  update  89000/500000: consistency_loss=0.0001  pi_loss=-0.7563  reward_loss=0.1350  total_loss=0.0489  value_loss=0.3326
  update  89500/500000: consistency_loss=0.0001  pi_loss=-0.7255  reward_loss=0.1105  total_loss=0.0453  value_loss=0.3189
  update  90000/500000: consistency_loss=0.0001  pi_loss=-0.7632  reward_loss=0.1376  total_loss=0.0481  value_loss=0.3251
  update  90500/500000: consistency_loss=0.0001  pi_loss=-0.7438  reward_loss=0.1164  total_loss=0.0458  value_loss=0.3182
  update  91000/500000: consistency_loss=0.0001  pi_loss=-0.7562  reward_loss=0.1410  total_loss=0.0470  value_loss=0.3044
  update  91500/500000: consistency_loss=0.0001  pi_loss=-0.7440  reward_loss=0.1210  total_loss=0.0459  value_loss=0.3097
  update  92000/500000: consistency_loss=0.0001  pi_loss=-0.7786  reward_loss=0.1138  total_loss=0.0436  value_loss=0.3030
  update  92500/500000: consistency_loss=0.0001  pi_loss=-0.7861  reward_loss=0.1252  total_loss=0.0460  value_loss=0.3152
  update  93000/500000: consistency_loss=0.0001  pi_loss=-0.7894  reward_loss=0.1173  total_loss=0.0442  value_loss=0.3036
  update  93500/500000: consistency_loss=0.0001  pi_loss=-0.8175  reward_loss=0.1260  total_loss=0.0451  value_loss=0.3035
  update  94000/500000: consistency_loss=0.0001  pi_loss=-0.8437  reward_loss=0.1434  total_loss=0.0468  value_loss=0.3025
  update  94500/500000: consistency_loss=0.0001  pi_loss=-0.8155  reward_loss=0.1127  total_loss=0.0454  value_loss=0.3202
  update  95000/500000: consistency_loss=0.0001  pi_loss=-0.8315  reward_loss=0.1362  total_loss=0.0462  value_loss=0.3093
  update  95500/500000: consistency_loss=0.0001  pi_loss=-0.8420  reward_loss=0.1318  total_loss=0.0479  value_loss=0.3278
  update  96000/500000: consistency_loss=0.0001  pi_loss=-0.8514  reward_loss=0.1393  total_loss=0.0481  value_loss=0.3156
  update  96500/500000: consistency_loss=0.0001  pi_loss=-0.8548  reward_loss=0.1313  total_loss=0.0478  value_loss=0.3257
  update  97000/500000: consistency_loss=0.0001  pi_loss=-0.8599  reward_loss=0.1279  total_loss=0.0470  value_loss=0.3219
  update  97500/500000: consistency_loss=0.0001  pi_loss=-0.8568  reward_loss=0.1407  total_loss=0.0471  value_loss=0.3095
  update  98000/500000: consistency_loss=0.0001  pi_loss=-0.8533  reward_loss=0.1342  total_loss=0.0468  value_loss=0.3139
  update  98500/500000: consistency_loss=0.0001  pi_loss=-0.8656  reward_loss=0.1393  total_loss=0.0484  value_loss=0.3186
  update  99000/500000: consistency_loss=0.0001  pi_loss=-0.8725  reward_loss=0.1509  total_loss=0.0485  value_loss=0.3141
  update  99500/500000: consistency_loss=0.0001  pi_loss=-0.8808  reward_loss=0.1224  total_loss=0.0469  value_loss=0.3252
  update 100000/500000: consistency_loss=0.0001  pi_loss=-0.8694  reward_loss=0.1239  total_loss=0.0463  value_loss=0.3185
Saved checkpoint at update 100000
  update 100500/500000: consistency_loss=0.0001  pi_loss=-0.9348  reward_loss=0.1492  total_loss=0.0500  value_loss=0.3332
  update 101000/500000: consistency_loss=0.0001  pi_loss=-0.9317  reward_loss=0.1402  total_loss=0.0471  value_loss=0.3135
  update 101500/500000: consistency_loss=0.0001  pi_loss=-0.9702  reward_loss=0.1289  total_loss=0.0482  value_loss=0.3306
  update 102000/500000: consistency_loss=0.0001  pi_loss=-1.0079  reward_loss=0.1446  total_loss=0.0487  value_loss=0.3201
  update 102500/500000: consistency_loss=0.0001  pi_loss=-1.0025  reward_loss=0.1265  total_loss=0.0472  value_loss=0.3231
  update 103000/500000: consistency_loss=0.0001  pi_loss=-1.0396  reward_loss=0.1362  total_loss=0.0487  value_loss=0.3272
  update 103500/500000: consistency_loss=0.0001  pi_loss=-1.0369  reward_loss=0.1195  total_loss=0.0460  value_loss=0.3217
  update 104000/500000: consistency_loss=0.0001  pi_loss=-1.0657  reward_loss=0.1333  total_loss=0.0472  value_loss=0.3142
  update 104500/500000: consistency_loss=0.0001  pi_loss=-1.0593  reward_loss=0.1297  total_loss=0.0488  value_loss=0.3312
  update 105000/500000: consistency_loss=0.0001  pi_loss=-1.0783  reward_loss=0.1288  total_loss=0.0472  value_loss=0.3240
  update 105500/500000: consistency_loss=0.0001  pi_loss=-1.0750  reward_loss=0.1337  total_loss=0.0471  value_loss=0.3174
  update 106000/500000: consistency_loss=0.0001  pi_loss=-1.0730  reward_loss=0.1486  total_loss=0.0490  value_loss=0.3186
  update 106500/500000: consistency_loss=0.0001  pi_loss=-1.0632  reward_loss=0.1310  total_loss=0.0462  value_loss=0.3119
  update 107000/500000: consistency_loss=0.0001  pi_loss=-1.0448  reward_loss=0.1272  total_loss=0.0456  value_loss=0.3064
  update 107500/500000: consistency_loss=0.0001  pi_loss=-1.0711  reward_loss=0.1291  total_loss=0.0458  value_loss=0.3063
  update 108000/500000: consistency_loss=0.0001  pi_loss=-1.0816  reward_loss=0.1426  total_loss=0.0483  value_loss=0.3223
  update 108500/500000: consistency_loss=0.0001  pi_loss=-1.0702  reward_loss=0.1237  total_loss=0.0470  value_loss=0.3230
  update 109000/500000: consistency_loss=0.0001  pi_loss=-1.1127  reward_loss=0.1635  total_loss=0.0515  value_loss=0.3272
  update 109500/500000: consistency_loss=0.0001  pi_loss=-1.0924  reward_loss=0.1298  total_loss=0.0476  value_loss=0.3256
  update 110000/500000: consistency_loss=0.0001  pi_loss=-1.1104  reward_loss=0.1552  total_loss=0.0514  value_loss=0.3383
  update 110500/500000: consistency_loss=0.0001  pi_loss=-1.0890  reward_loss=0.1208  total_loss=0.0473  value_loss=0.3331
  update 111000/500000: consistency_loss=0.0001  pi_loss=-1.0828  reward_loss=0.1116  total_loss=0.0460  value_loss=0.3274
  update 111500/500000: consistency_loss=0.0001  pi_loss=-1.0953  reward_loss=0.1480  total_loss=0.0501  value_loss=0.3340
  update 112000/500000: consistency_loss=0.0001  pi_loss=-1.0712  reward_loss=0.1412  total_loss=0.0482  value_loss=0.3202
  update 112500/500000: consistency_loss=0.0001  pi_loss=-1.0558  reward_loss=0.1264  total_loss=0.0467  value_loss=0.3177
  update 113000/500000: consistency_loss=0.0001  pi_loss=-1.0501  reward_loss=0.1223  total_loss=0.0457  value_loss=0.3196
  update 113500/500000: consistency_loss=0.0001  pi_loss=-1.0767  reward_loss=0.1315  total_loss=0.0491  value_loss=0.3373
  update 114000/500000: consistency_loss=0.0001  pi_loss=-1.1105  reward_loss=0.1404  total_loss=0.0475  value_loss=0.3183
  update 114500/500000: consistency_loss=0.0001  pi_loss=-1.1075  reward_loss=0.1276  total_loss=0.0460  value_loss=0.3127
  update 115000/500000: consistency_loss=0.0001  pi_loss=-1.1525  reward_loss=0.1472  total_loss=0.0498  value_loss=0.3330
  update 115500/500000: consistency_loss=0.0001  pi_loss=-1.1278  reward_loss=0.1053  total_loss=0.0453  value_loss=0.3272
  update 116000/500000: consistency_loss=0.0001  pi_loss=-1.1626  reward_loss=0.1249  total_loss=0.0480  value_loss=0.3335
  update 116500/500000: consistency_loss=0.0001  pi_loss=-1.1736  reward_loss=0.1408  total_loss=0.0475  value_loss=0.3137
  update 117000/500000: consistency_loss=0.0001  pi_loss=-1.1512  reward_loss=0.1266  total_loss=0.0448  value_loss=0.3020
  update 117500/500000: consistency_loss=0.0001  pi_loss=-1.1642  reward_loss=0.1408  total_loss=0.0489  value_loss=0.3317
  update 118000/500000: consistency_loss=0.0001  pi_loss=-1.1511  reward_loss=0.1346  total_loss=0.0465  value_loss=0.3149
/workspace/conda_envs/tdmpc2/lib/python3.11/multiprocessing/resource_tracker.py:254: UserWarning: resource_tracker: There appear to be 3 leaked semaphore objects to clean up at shutdown
  warnings.warn('resource_tracker: There appear to be %d '
Terminated
