[Sat Jul 18 18:28:21 UTC 2026] tdmpc2_f1 start label=inst5 shard=0 gpu=0 tasks=1
[Sat Jul 18 18:28:21 UTC 2026] waiting for previous cloud jobs to finish
[Sat Jul 18 18:33:22 UTC 2026] waiting for previous cloud jobs to finish
[Sat Jul 18 18:38:22 UTC 2026] waiting for previous cloud jobs to finish
[Sat Jul 18 18:43:22 UTC 2026] waiting for previous cloud jobs to finish
[Sat Jul 18 18:48:22 UTC 2026] waiting for previous cloud jobs to finish
[Sat Jul 18 18:53:22 UTC 2026] waiting for previous cloud jobs to finish
[Sat Jul 18 18:58:22 UTC 2026] waiting for previous cloud jobs to finish
[Sat Jul 18 19:03:22 UTC 2026] waiting for previous cloud jobs to finish
[Sat Jul 18 19:08:22 UTC 2026] waiting for previous cloud jobs to finish
[Sat Jul 18 19:13:22 UTC 2026] waiting for previous cloud jobs to finish
[Sat Jul 18 19:18:22 UTC 2026] waiting for previous cloud jobs to finish
[Sat Jul 18 19:23:22 UTC 2026] waiting for previous cloud jobs to finish
[Sat Jul 18 19:28:22 UTC 2026] waiting for previous cloud jobs to finish
[Sat Jul 18 19:33:22 UTC 2026] waiting for previous cloud jobs to finish
[Sat Jul 18 19:38:22 UTC 2026] waiting for previous cloud jobs to finish
[Sat Jul 18 19:43:22 UTC 2026] waiting for previous cloud jobs to finish
[Sat Jul 18 19:48:22 UTC 2026] START gpu=0 adapt_tm2awareq1s0_finger_seed9_ckpt500000
[Sat Jul 18 20:57:50 UTC 2026] START gpu=0 adapt_tm2awareq1s0_finger_seed9_ckpt500000
[Sun Jul 19 05:54:31 UTC 2026] START gpu=0 run=adapt_ax1fv4q1v400s0_finger_seed1_ckpt500000
[Sun Jul 19 06:29:56 UTC 2026] DONE adapt_tm2awareq1s0_finger_seed9_ckpt500000
[Sun Jul 19 14:43:47 UTC 2026] START gpu=0 run=adapt_tm2awareq1s0_finger_seed14_ckpt500000
