nohup: ignoring input
[Thu Jul 16 22:50:04 UTC 2026] E4 measure ax1wm_cup_fq1s0_seed1
Observations
  reward           Space(float32, shape=(), low=-inf, high=inf)
  is_first         Space(bool, shape=(), low=False, high=True)
  is_last          Space(bool, shape=(), low=False, high=True)
  is_terminal      Space(bool, shape=(), low=False, high=True)
  position         Space(float32, shape=(4,), low=-inf, high=inf)
  velocity         Space(float32, shape=(4,), low=-inf, high=inf)
Actions
  action           Space(float32, shape=(2,), low=-1.0, high=1.0)
Extras
  consec           Space(int32, shape=(), low=-2147483648, high=2147483647)
  stepid           Space(uint8, shape=(20,), low=0, high=255)
  dyn/deter        Space(float32, shape=(512,), low=-inf, high=inf)
  dyn/stoch        Space(float32, shape=(32, 4), low=-inf, high=inf)
JAX devices (1): [cuda:0]
Policy devices: cuda:0
Train devices:  cuda:0
Initializing parameters...
/workspace/dreamerv3/embodied/jax/agent.py:112: DeprecationWarning: `with mesh:` context manager has been deprecated. Please use `with jax.set_mesh(mesh):` instead.
  with self.train_mesh:
Optimizer opt has 580,364 params:
       364,160 dyn
        66,111 val
        50,056 dec
        49,796 pol
        41,153 con
         9,088 enc
/workspace/conda_envs/dreamerv3/lib/python3.11/site-packages/optax/_src/linear_algebra.py:44: DeprecationWarning: optax.global_norm is deprecated in favor of optax.tree.norm
  warnings.warn(
Done initializing!
Compiling 1 checkpoint groups...
Largest checkpoint group: 0 GB
Loading checkpoint: /workspace/dreamerv3_runs/ax1wm_cup_fq1s0_seed1/ckpt/20260712T060227F334278-000000500000
Loaded checkpoint.
ax1wm_cup_fq1s0_seed1: expl.mode=apt reward_aware=False horizons=(1, 5, 20) probes 60x1001
  episodes 0-3
  episodes 4-7
  episodes 8-11
  episodes 12-15
  episodes 16-19
  episodes 20-23
  episodes 24-27
  episodes 28-31
  episodes 32-35
  episodes 36-39
  episodes 40-43
  episodes 44-47
  episodes 48-51
  episodes 52-55
  episodes 56-59
  h0: all=0.0355 in=0.0312 out=0.0363 rew=0.0366 norew=0.0352
  h1: all=0.0451 in=0.0406 out=0.0459 rew=0.0464 norew=0.0448
  h5: all=0.0638 in=0.0517 out=0.0661 rew=0.0559 norew=0.0658
  h20: all=0.1741 in=0.0954 out=0.1887 rew=0.1053 norew=0.1914
-> /workspace/dreamerv3_runs/ax1wm_cup_fq1s0_seed1/e4_cup_v1
[Thu Jul 16 22:50:35 UTC 2026] E4 measure ax1wm_cup_fq1s0_seed10
Observations
  reward           Space(float32, shape=(), low=-inf, high=inf)
  is_first         Space(bool, shape=(), low=False, high=True)
  is_last          Space(bool, shape=(), low=False, high=True)
  is_terminal      Space(bool, shape=(), low=False, high=True)
  position         Space(float32, shape=(4,), low=-inf, high=inf)
  velocity         Space(float32, shape=(4,), low=-inf, high=inf)
Actions
  action           Space(float32, shape=(2,), low=-1.0, high=1.0)
Extras
  consec           Space(int32, shape=(), low=-2147483648, high=2147483647)
  stepid           Space(uint8, shape=(20,), low=0, high=255)
  dyn/deter        Space(float32, shape=(512,), low=-inf, high=inf)
  dyn/stoch        Space(float32, shape=(32, 4), low=-inf, high=inf)
JAX devices (1): [cuda:0]
Policy devices: cuda:0
Train devices:  cuda:0
Initializing parameters...
/workspace/dreamerv3/embodied/jax/agent.py:112: DeprecationWarning: `with mesh:` context manager has been deprecated. Please use `with jax.set_mesh(mesh):` instead.
  with self.train_mesh:
Optimizer opt has 580,364 params:
       364,160 dyn
        66,111 val
        50,056 dec
        49,796 pol
        41,153 con
         9,088 enc
/workspace/conda_envs/dreamerv3/lib/python3.11/site-packages/optax/_src/linear_algebra.py:44: DeprecationWarning: optax.global_norm is deprecated in favor of optax.tree.norm
  warnings.warn(
Done initializing!
Compiling 1 checkpoint groups...
Largest checkpoint group: 0 GB
Loading checkpoint: /workspace/dreamerv3_runs/ax1wm_cup_fq1s0_seed10/ckpt/20260716T053313F925911-000000500000
Loaded checkpoint.
ax1wm_cup_fq1s0_seed10: expl.mode=apt reward_aware=False horizons=(1, 5, 20) probes 60x1001
  episodes 0-3
  episodes 4-7
  episodes 8-11
  episodes 12-15
  episodes 16-19
  episodes 20-23
  episodes 24-27
  episodes 28-31
  episodes 32-35
  episodes 36-39
  episodes 40-43
  episodes 44-47
  episodes 48-51
  episodes 52-55
  episodes 56-59
  h0: all=0.0446 in=0.0408 out=0.0453 rew=0.0390 norew=0.0460
  h1: all=0.0540 in=0.0482 out=0.0550 rew=0.0482 norew=0.0554
  h5: all=0.0759 in=0.0586 out=0.0791 rew=0.0636 norew=0.0789
  h20: all=0.1926 in=0.1068 out=0.2085 rew=0.1293 norew=0.2085
-> /workspace/dreamerv3_runs/ax1wm_cup_fq1s0_seed10/e4_cup_v1
[Thu Jul 16 22:51:05 UTC 2026] E4 measure ax1wm_cup_fq1s0_seed11
Observations
  reward           Space(float32, shape=(), low=-inf, high=inf)
  is_first         Space(bool, shape=(), low=False, high=True)
  is_last          Space(bool, shape=(), low=False, high=True)
  is_terminal      Space(bool, shape=(), low=False, high=True)
  position         Space(float32, shape=(4,), low=-inf, high=inf)
  velocity         Space(float32, shape=(4,), low=-inf, high=inf)
Actions
  action           Space(float32, shape=(2,), low=-1.0, high=1.0)
Extras
  consec           Space(int32, shape=(), low=-2147483648, high=2147483647)
  stepid           Space(uint8, shape=(20,), low=0, high=255)
  dyn/deter        Space(float32, shape=(512,), low=-inf, high=inf)
  dyn/stoch        Space(float32, shape=(32, 4), low=-inf, high=inf)
JAX devices (1): [cuda:0]
Policy devices: cuda:0
Train devices:  cuda:0
Initializing parameters...
/workspace/dreamerv3/embodied/jax/agent.py:112: DeprecationWarning: `with mesh:` context manager has been deprecated. Please use `with jax.set_mesh(mesh):` instead.
  with self.train_mesh:
Optimizer opt has 580,364 params:
       364,160 dyn
        66,111 val
        50,056 dec
        49,796 pol
        41,153 con
         9,088 enc
/workspace/conda_envs/dreamerv3/lib/python3.11/site-packages/optax/_src/linear_algebra.py:44: DeprecationWarning: optax.global_norm is deprecated in favor of optax.tree.norm
  warnings.warn(
Done initializing!
Compiling 1 checkpoint groups...
Largest checkpoint group: 0 GB
Loading checkpoint: /workspace/dreamerv3_runs/ax1wm_cup_fq1s0_seed11/ckpt/20260716T053756F065592-000000500000
Loaded checkpoint.
ax1wm_cup_fq1s0_seed11: expl.mode=apt reward_aware=False horizons=(1, 5, 20) probes 60x1001
  episodes 0-3
  episodes 4-7
  episodes 8-11
  episodes 12-15
  episodes 16-19
  episodes 20-23
  episodes 24-27
  episodes 28-31
  episodes 32-35
  episodes 36-39
  episodes 40-43
  episodes 44-47
  episodes 48-51
  episodes 52-55
  episodes 56-59
  h0: all=0.0605 in=0.0757 out=0.0577 rew=0.0340 norew=0.0670
  h1: all=0.0714 in=0.0874 out=0.0684 rew=0.0415 norew=0.0787
  h5: all=0.0921 in=0.0972 out=0.0912 rew=0.0504 norew=0.1025
  h20: all=0.2143 in=0.1566 out=0.2251 rew=0.1037 norew=0.2422
-> /workspace/dreamerv3_runs/ax1wm_cup_fq1s0_seed11/e4_cup_v1
[Thu Jul 16 22:51:35 UTC 2026] E4 measure ax1wm_cup_fq1s0_seed12
Observations
  reward           Space(float32, shape=(), low=-inf, high=inf)
  is_first         Space(bool, shape=(), low=False, high=True)
  is_last          Space(bool, shape=(), low=False, high=True)
  is_terminal      Space(bool, shape=(), low=False, high=True)
  position         Space(float32, shape=(4,), low=-inf, high=inf)
  velocity         Space(float32, shape=(4,), low=-inf, high=inf)
Actions
  action           Space(float32, shape=(2,), low=-1.0, high=1.0)
Extras
  consec           Space(int32, shape=(), low=-2147483648, high=2147483647)
  stepid           Space(uint8, shape=(20,), low=0, high=255)
  dyn/deter        Space(float32, shape=(512,), low=-inf, high=inf)
  dyn/stoch        Space(float32, shape=(32, 4), low=-inf, high=inf)
JAX devices (1): [cuda:0]
Policy devices: cuda:0
Train devices:  cuda:0
Initializing parameters...
/workspace/dreamerv3/embodied/jax/agent.py:112: DeprecationWarning: `with mesh:` context manager has been deprecated. Please use `with jax.set_mesh(mesh):` instead.
  with self.train_mesh:
Optimizer opt has 580,364 params:
       364,160 dyn
        66,111 val
        50,056 dec
        49,796 pol
        41,153 con
         9,088 enc
/workspace/conda_envs/dreamerv3/lib/python3.11/site-packages/optax/_src/linear_algebra.py:44: DeprecationWarning: optax.global_norm is deprecated in favor of optax.tree.norm
  warnings.warn(
Done initializing!
Compiling 1 checkpoint groups...
Largest checkpoint group: 0 GB
Loading checkpoint: /workspace/dreamerv3_runs/ax1wm_cup_fq1s0_seed12/ckpt/20260716T052558F826384-000000500000
Loaded checkpoint.
ax1wm_cup_fq1s0_seed12: expl.mode=apt reward_aware=False horizons=(1, 5, 20) probes 60x1001
  episodes 0-3
  episodes 4-7
  episodes 8-11
  episodes 12-15
  episodes 16-19
  episodes 20-23
  episodes 24-27
  episodes 28-31
  episodes 32-35
  episodes 36-39
  episodes 40-43
  episodes 44-47
  episodes 48-51
  episodes 52-55
  episodes 56-59
  h0: all=0.0469 in=0.0446 out=0.0473 rew=0.0431 norew=0.0478
  h1: all=0.0559 in=0.0521 out=0.0565 rew=0.0566 norew=0.0557
  h5: all=0.0768 in=0.0622 out=0.0795 rew=0.0674 norew=0.0791
  h20: all=0.2005 in=0.1077 out=0.2178 rew=0.1551 norew=0.2120
-> /workspace/dreamerv3_runs/ax1wm_cup_fq1s0_seed12/e4_cup_v1
[Thu Jul 16 22:52:05 UTC 2026] E4 measure ax1wm_cup_fq1s0_seed13
Observations
  reward           Space(float32, shape=(), low=-inf, high=inf)
  is_first         Space(bool, shape=(), low=False, high=True)
  is_last          Space(bool, shape=(), low=False, high=True)
  is_terminal      Space(bool, shape=(), low=False, high=True)
  position         Space(float32, shape=(4,), low=-inf, high=inf)
  velocity         Space(float32, shape=(4,), low=-inf, high=inf)
Actions
  action           Space(float32, shape=(2,), low=-1.0, high=1.0)
Extras
  consec           Space(int32, shape=(), low=-2147483648, high=2147483647)
  stepid           Space(uint8, shape=(20,), low=0, high=255)
  dyn/deter        Space(float32, shape=(512,), low=-inf, high=inf)
  dyn/stoch        Space(float32, shape=(32, 4), low=-inf, high=inf)
JAX devices (1): [cuda:0]
Policy devices: cuda:0
Train devices:  cuda:0
Initializing parameters...
/workspace/dreamerv3/embodied/jax/agent.py:112: DeprecationWarning: `with mesh:` context manager has been deprecated. Please use `with jax.set_mesh(mesh):` instead.
  with self.train_mesh:
Optimizer opt has 580,364 params:
       364,160 dyn
        66,111 val
        50,056 dec
        49,796 pol
        41,153 con
         9,088 enc
/workspace/conda_envs/dreamerv3/lib/python3.11/site-packages/optax/_src/linear_algebra.py:44: DeprecationWarning: optax.global_norm is deprecated in favor of optax.tree.norm
  warnings.warn(
Done initializing!
Compiling 1 checkpoint groups...
Largest checkpoint group: 0 GB
Loading checkpoint: /workspace/dreamerv3_runs/ax1wm_cup_fq1s0_seed13/ckpt/20260715T204333F131225-000000500000
Loaded checkpoint.
ax1wm_cup_fq1s0_seed13: expl.mode=apt reward_aware=False horizons=(1, 5, 20) probes 60x1001
  episodes 0-3
  episodes 4-7
  episodes 8-11
  episodes 12-15
  episodes 16-19
  episodes 20-23
  episodes 24-27
  episodes 28-31
  episodes 32-35
  episodes 36-39
  episodes 40-43
  episodes 44-47
  episodes 48-51
  episodes 52-55
  episodes 56-59
  h0: all=0.0370 in=0.0337 out=0.0376 rew=0.0273 norew=0.0393
  h1: all=0.0467 in=0.0410 out=0.0477 rew=0.0365 norew=0.0492
  h5: all=0.0672 in=0.0518 out=0.0701 rew=0.0468 norew=0.0723
  h20: all=0.1886 in=0.1083 out=0.2036 rew=0.0949 norew=0.2122
-> /workspace/dreamerv3_runs/ax1wm_cup_fq1s0_seed13/e4_cup_v1
[Thu Jul 16 22:52:36 UTC 2026] E4 measure ax1wm_cup_fq1s0_seed14
Observations
  reward           Space(float32, shape=(), low=-inf, high=inf)
  is_first         Space(bool, shape=(), low=False, high=True)
  is_last          Space(bool, shape=(), low=False, high=True)
  is_terminal      Space(bool, shape=(), low=False, high=True)
  position         Space(float32, shape=(4,), low=-inf, high=inf)
  velocity         Space(float32, shape=(4,), low=-inf, high=inf)
Actions
  action           Space(float32, shape=(2,), low=-1.0, high=1.0)
Extras
  consec           Space(int32, shape=(), low=-2147483648, high=2147483647)
  stepid           Space(uint8, shape=(20,), low=0, high=255)
  dyn/deter        Space(float32, shape=(512,), low=-inf, high=inf)
  dyn/stoch        Space(float32, shape=(32, 4), low=-inf, high=inf)
JAX devices (1): [cuda:0]
Policy devices: cuda:0
Train devices:  cuda:0
Initializing parameters...
/workspace/dreamerv3/embodied/jax/agent.py:112: DeprecationWarning: `with mesh:` context manager has been deprecated. Please use `with jax.set_mesh(mesh):` instead.
  with self.train_mesh:
Optimizer opt has 580,364 params:
       364,160 dyn
        66,111 val
        50,056 dec
        49,796 pol
        41,153 con
         9,088 enc
/workspace/conda_envs/dreamerv3/lib/python3.11/site-packages/optax/_src/linear_algebra.py:44: DeprecationWarning: optax.global_norm is deprecated in favor of optax.tree.norm
  warnings.warn(
Done initializing!
Compiling 1 checkpoint groups...
Largest checkpoint group: 0 GB
Loading checkpoint: /workspace/dreamerv3_runs/ax1wm_cup_fq1s0_seed14/ckpt/20260715T201027F165356-000000500000
Loaded checkpoint.
ax1wm_cup_fq1s0_seed14: expl.mode=apt reward_aware=False horizons=(1, 5, 20) probes 60x1001
  episodes 0-3
  episodes 4-7
  episodes 8-11
  episodes 12-15
  episodes 16-19
  episodes 20-23
  episodes 24-27
  episodes 28-31
  episodes 32-35
  episodes 36-39
  episodes 40-43
  episodes 44-47
  episodes 48-51
  episodes 52-55
  episodes 56-59
  h0: all=0.0435 in=0.0390 out=0.0443 rew=0.0511 norew=0.0416
  h1: all=0.0529 in=0.0462 out=0.0542 rew=0.0604 norew=0.0511
  h5: all=0.0729 in=0.0567 out=0.0759 rew=0.0710 norew=0.0734
  h20: all=0.1968 in=0.1094 out=0.2131 rew=0.1330 norew=0.2129
-> /workspace/dreamerv3_runs/ax1wm_cup_fq1s0_seed14/e4_cup_v1
[Thu Jul 16 22:53:06 UTC 2026] E4 measure ax1wm_cup_fq1s0_seed15
Observations
  reward           Space(float32, shape=(), low=-inf, high=inf)
  is_first         Space(bool, shape=(), low=False, high=True)
  is_last          Space(bool, shape=(), low=False, high=True)
  is_terminal      Space(bool, shape=(), low=False, high=True)
  position         Space(float32, shape=(4,), low=-inf, high=inf)
  velocity         Space(float32, shape=(4,), low=-inf, high=inf)
Actions
  action           Space(float32, shape=(2,), low=-1.0, high=1.0)
Extras
  consec           Space(int32, shape=(), low=-2147483648, high=2147483647)
  stepid           Space(uint8, shape=(20,), low=0, high=255)
  dyn/deter        Space(float32, shape=(512,), low=-inf, high=inf)
  dyn/stoch        Space(float32, shape=(32, 4), low=-inf, high=inf)
JAX devices (1): [cuda:0]
Policy devices: cuda:0
Train devices:  cuda:0
Initializing parameters...
/workspace/dreamerv3/embodied/jax/agent.py:112: DeprecationWarning: `with mesh:` context manager has been deprecated. Please use `with jax.set_mesh(mesh):` instead.
  with self.train_mesh:
Optimizer opt has 580,364 params:
       364,160 dyn
        66,111 val
        50,056 dec
        49,796 pol
        41,153 con
         9,088 enc
/workspace/conda_envs/dreamerv3/lib/python3.11/site-packages/optax/_src/linear_algebra.py:44: DeprecationWarning: optax.global_norm is deprecated in favor of optax.tree.norm
  warnings.warn(
Done initializing!
Compiling 1 checkpoint groups...
Largest checkpoint group: 0 GB
Loading checkpoint: /workspace/dreamerv3_runs/ax1wm_cup_fq1s0_seed15/ckpt/20260715T203743F320442-000000500000
Loaded checkpoint.
ax1wm_cup_fq1s0_seed15: expl.mode=apt reward_aware=False horizons=(1, 5, 20) probes 60x1001
  episodes 0-3
  episodes 4-7
  episodes 8-11
  episodes 12-15
  episodes 16-19
  episodes 20-23
  episodes 24-27
  episodes 28-31
  episodes 32-35
  episodes 36-39
  episodes 40-43
  episodes 44-47
  episodes 48-51
  episodes 52-55
  episodes 56-59
  h0: all=0.0407 in=0.0383 out=0.0411 rew=0.0336 norew=0.0425
  h1: all=0.0504 in=0.0465 out=0.0511 rew=0.0425 norew=0.0523
  h5: all=0.0711 in=0.0569 out=0.0737 rew=0.0547 norew=0.0752
  h20: all=0.1928 in=0.1110 out=0.2080 rew=0.1120 norew=0.2132
-> /workspace/dreamerv3_runs/ax1wm_cup_fq1s0_seed15/e4_cup_v1
[Thu Jul 16 22:53:35 UTC 2026] E4 measure ax1wm_cup_fq1s0_seed16
Observations
  reward           Space(float32, shape=(), low=-inf, high=inf)
  is_first         Space(bool, shape=(), low=False, high=True)
  is_last          Space(bool, shape=(), low=False, high=True)
  is_terminal      Space(bool, shape=(), low=False, high=True)
  position         Space(float32, shape=(4,), low=-inf, high=inf)
  velocity         Space(float32, shape=(4,), low=-inf, high=inf)
Actions
  action           Space(float32, shape=(2,), low=-1.0, high=1.0)
Extras
  consec           Space(int32, shape=(), low=-2147483648, high=2147483647)
  stepid           Space(uint8, shape=(20,), low=0, high=255)
  dyn/deter        Space(float32, shape=(512,), low=-inf, high=inf)
  dyn/stoch        Space(float32, shape=(32, 4), low=-inf, high=inf)
JAX devices (1): [cuda:0]
Policy devices: cuda:0
Train devices:  cuda:0
Initializing parameters...
/workspace/dreamerv3/embodied/jax/agent.py:112: DeprecationWarning: `with mesh:` context manager has been deprecated. Please use `with jax.set_mesh(mesh):` instead.
  with self.train_mesh:
Optimizer opt has 580,364 params:
       364,160 dyn
        66,111 val
        50,056 dec
        49,796 pol
        41,153 con
         9,088 enc
/workspace/conda_envs/dreamerv3/lib/python3.11/site-packages/optax/_src/linear_algebra.py:44: DeprecationWarning: optax.global_norm is deprecated in favor of optax.tree.norm
  warnings.warn(
Done initializing!
Compiling 1 checkpoint groups...
Largest checkpoint group: 0 GB
Loading checkpoint: /workspace/dreamerv3_runs/ax1wm_cup_fq1s0_seed16/ckpt/20260715T202731F021834-000000500000
Loaded checkpoint.
ax1wm_cup_fq1s0_seed16: expl.mode=apt reward_aware=False horizons=(1, 5, 20) probes 60x1001
  episodes 0-3
  episodes 4-7
  episodes 8-11
  episodes 12-15
  episodes 16-19
  episodes 20-23
  episodes 24-27
  episodes 28-31
  episodes 32-35
  episodes 36-39
  episodes 40-43
  episodes 44-47
  episodes 48-51
  episodes 52-55
  episodes 56-59
  h0: all=0.0504 in=0.0417 out=0.0520 rew=0.0620 norew=0.0475
  h1: all=0.0611 in=0.0501 out=0.0631 rew=0.0768 norew=0.0572
  h5: all=0.0808 in=0.0628 out=0.0842 rew=0.0870 norew=0.0793
  h20: all=0.2001 in=0.1171 out=0.2155 rew=0.1321 norew=0.2172
-> /workspace/dreamerv3_runs/ax1wm_cup_fq1s0_seed16/e4_cup_v1
[Thu Jul 16 22:54:05 UTC 2026] E4 measure ax1wm_cup_fq1s0_seed2
Observations
  reward           Space(float32, shape=(), low=-inf, high=inf)
  is_first         Space(bool, shape=(), low=False, high=True)
  is_last          Space(bool, shape=(), low=False, high=True)
  is_terminal      Space(bool, shape=(), low=False, high=True)
  position         Space(float32, shape=(4,), low=-inf, high=inf)
  velocity         Space(float32, shape=(4,), low=-inf, high=inf)
Actions
  action           Space(float32, shape=(2,), low=-1.0, high=1.0)
Extras
  consec           Space(int32, shape=(), low=-2147483648, high=2147483647)
  stepid           Space(uint8, shape=(20,), low=0, high=255)
  dyn/deter        Space(float32, shape=(512,), low=-inf, high=inf)
  dyn/stoch        Space(float32, shape=(32, 4), low=-inf, high=inf)
JAX devices (1): [cuda:0]
Policy devices: cuda:0
Train devices:  cuda:0
Initializing parameters...
/workspace/dreamerv3/embodied/jax/agent.py:112: DeprecationWarning: `with mesh:` context manager has been deprecated. Please use `with jax.set_mesh(mesh):` instead.
  with self.train_mesh:
Optimizer opt has 580,364 params:
       364,160 dyn
        66,111 val
        50,056 dec
        49,796 pol
        41,153 con
         9,088 enc
/workspace/conda_envs/dreamerv3/lib/python3.11/site-packages/optax/_src/linear_algebra.py:44: DeprecationWarning: optax.global_norm is deprecated in favor of optax.tree.norm
  warnings.warn(
Done initializing!
Compiling 1 checkpoint groups...
Largest checkpoint group: 0 GB
Loading checkpoint: /workspace/dreamerv3_runs/ax1wm_cup_fq1s0_seed2/ckpt/20260712T055805F990864-000000500000
Loaded checkpoint.
ax1wm_cup_fq1s0_seed2: expl.mode=apt reward_aware=False horizons=(1, 5, 20) probes 60x1001
  episodes 0-3
  episodes 4-7
  episodes 8-11
  episodes 12-15
  episodes 16-19
  episodes 20-23
  episodes 24-27
  episodes 28-31
  episodes 32-35
  episodes 36-39
  episodes 40-43
  episodes 44-47
  episodes 48-51
  episodes 52-55
  episodes 56-59
  h0: all=0.0370 in=0.0337 out=0.0376 rew=0.0295 norew=0.0388
  h1: all=0.0463 in=0.0426 out=0.0470 rew=0.0386 norew=0.0482
  h5: all=0.0677 in=0.0531 out=0.0704 rew=0.0485 norew=0.0725
  h20: all=0.1862 in=0.1078 out=0.2008 rew=0.1028 norew=0.2072
-> /workspace/dreamerv3_runs/ax1wm_cup_fq1s0_seed2/e4_cup_v1
[Thu Jul 16 22:54:34 UTC 2026] E4 measure ax1wm_cup_fq1s0_seed3
Observations
  reward           Space(float32, shape=(), low=-inf, high=inf)
  is_first         Space(bool, shape=(), low=False, high=True)
  is_last          Space(bool, shape=(), low=False, high=True)
  is_terminal      Space(bool, shape=(), low=False, high=True)
  position         Space(float32, shape=(4,), low=-inf, high=inf)
  velocity         Space(float32, shape=(4,), low=-inf, high=inf)
Actions
  action           Space(float32, shape=(2,), low=-1.0, high=1.0)
Extras
  consec           Space(int32, shape=(), low=-2147483648, high=2147483647)
  stepid           Space(uint8, shape=(20,), low=0, high=255)
  dyn/deter        Space(float32, shape=(512,), low=-inf, high=inf)
  dyn/stoch        Space(float32, shape=(32, 4), low=-inf, high=inf)
JAX devices (1): [cuda:0]
Policy devices: cuda:0
Train devices:  cuda:0
Initializing parameters...
/workspace/dreamerv3/embodied/jax/agent.py:112: DeprecationWarning: `with mesh:` context manager has been deprecated. Please use `with jax.set_mesh(mesh):` instead.
  with self.train_mesh:
Optimizer opt has 580,364 params:
       364,160 dyn
        66,111 val
        50,056 dec
        49,796 pol
        41,153 con
         9,088 enc
/workspace/conda_envs/dreamerv3/lib/python3.11/site-packages/optax/_src/linear_algebra.py:44: DeprecationWarning: optax.global_norm is deprecated in favor of optax.tree.norm
  warnings.warn(
Done initializing!
Compiling 1 checkpoint groups...
Largest checkpoint group: 0 GB
Loading checkpoint: /workspace/dreamerv3_runs/ax1wm_cup_fq1s0_seed3/ckpt/20260712T055603F456049-000000500000
Loaded checkpoint.
ax1wm_cup_fq1s0_seed3: expl.mode=apt reward_aware=False horizons=(1, 5, 20) probes 60x1001
  episodes 0-3
  episodes 4-7
  episodes 8-11
  episodes 12-15
  episodes 16-19
  episodes 20-23
  episodes 24-27
  episodes 28-31
  episodes 32-35
  episodes 36-39
  episodes 40-43
  episodes 44-47
  episodes 48-51
  episodes 52-55
  episodes 56-59
  h0: all=0.0399 in=0.0363 out=0.0405 rew=0.0313 norew=0.0420
  h1: all=0.0488 in=0.0438 out=0.0497 rew=0.0403 norew=0.0509
  h5: all=0.0701 in=0.0540 out=0.0731 rew=0.0521 norew=0.0746
  h20: all=0.1898 in=0.1031 out=0.2060 rew=0.1185 norew=0.2078
-> /workspace/dreamerv3_runs/ax1wm_cup_fq1s0_seed3/e4_cup_v1
[Thu Jul 16 22:55:04 UTC 2026] E4 measure ax1wm_cup_fq1s0_seed4
Observations
  reward           Space(float32, shape=(), low=-inf, high=inf)
  is_first         Space(bool, shape=(), low=False, high=True)
  is_last          Space(bool, shape=(), low=False, high=True)
  is_terminal      Space(bool, shape=(), low=False, high=True)
  position         Space(float32, shape=(4,), low=-inf, high=inf)
  velocity         Space(float32, shape=(4,), low=-inf, high=inf)
Actions
  action           Space(float32, shape=(2,), low=-1.0, high=1.0)
Extras
  consec           Space(int32, shape=(), low=-2147483648, high=2147483647)
  stepid           Space(uint8, shape=(20,), low=0, high=255)
  dyn/deter        Space(float32, shape=(512,), low=-inf, high=inf)
  dyn/stoch        Space(float32, shape=(32, 4), low=-inf, high=inf)
JAX devices (1): [cuda:0]
Policy devices: cuda:0
Train devices:  cuda:0
Initializing parameters...
/workspace/dreamerv3/embodied/jax/agent.py:112: DeprecationWarning: `with mesh:` context manager has been deprecated. Please use `with jax.set_mesh(mesh):` instead.
  with self.train_mesh:
Optimizer opt has 580,364 params:
       364,160 dyn
        66,111 val
        50,056 dec
        49,796 pol
        41,153 con
         9,088 enc
/workspace/conda_envs/dreamerv3/lib/python3.11/site-packages/optax/_src/linear_algebra.py:44: DeprecationWarning: optax.global_norm is deprecated in favor of optax.tree.norm
  warnings.warn(
Done initializing!
Compiling 1 checkpoint groups...
Largest checkpoint group: 0 GB
Loading checkpoint: /workspace/dreamerv3_runs/ax1wm_cup_fq1s0_seed4/ckpt/20260712T055645F353421-000000500000
Loaded checkpoint.
ax1wm_cup_fq1s0_seed4: expl.mode=apt reward_aware=False horizons=(1, 5, 20) probes 60x1001
  episodes 0-3
  episodes 4-7
  episodes 8-11
  episodes 12-15
  episodes 16-19
  episodes 20-23
  episodes 24-27
  episodes 28-31
  episodes 32-35
  episodes 36-39
  episodes 40-43
  episodes 44-47
  episodes 48-51
  episodes 52-55
  episodes 56-59
  h0: all=0.0429 in=0.0508 out=0.0414 rew=0.0303 norew=0.0460
  h1: all=0.0533 in=0.0614 out=0.0518 rew=0.0414 norew=0.0562
  h5: all=0.0727 in=0.0710 out=0.0731 rew=0.0519 norew=0.0779
  h20: all=0.1945 in=0.1225 out=0.2079 rew=0.1065 norew=0.2167
-> /workspace/dreamerv3_runs/ax1wm_cup_fq1s0_seed4/e4_cup_v1
SKIP no ckpt: /workspace/dreamerv3_runs/ax1wm_cup_fq1s0_seed5
SKIP no ckpt: /workspace/dreamerv3_runs/ax1wm_cup_fq1s0_seed6
SKIP no ckpt: /workspace/dreamerv3_runs/ax1wm_cup_fq1s0_seed7
SKIP no ckpt: /workspace/dreamerv3_runs/ax1wm_cup_fq1s0_seed8
[Thu Jul 16 22:55:33 UTC 2026] E4 measure ax1wm_cup_fq1s0_seed9
Observations
  reward           Space(float32, shape=(), low=-inf, high=inf)
  is_first         Space(bool, shape=(), low=False, high=True)
  is_last          Space(bool, shape=(), low=False, high=True)
  is_terminal      Space(bool, shape=(), low=False, high=True)
  position         Space(float32, shape=(4,), low=-inf, high=inf)
  velocity         Space(float32, shape=(4,), low=-inf, high=inf)
Actions
  action           Space(float32, shape=(2,), low=-1.0, high=1.0)
Extras
  consec           Space(int32, shape=(), low=-2147483648, high=2147483647)
  stepid           Space(uint8, shape=(20,), low=0, high=255)
  dyn/deter        Space(float32, shape=(512,), low=-inf, high=inf)
  dyn/stoch        Space(float32, shape=(32, 4), low=-inf, high=inf)
JAX devices (1): [cuda:0]
Policy devices: cuda:0
Train devices:  cuda:0
Initializing parameters...
/workspace/dreamerv3/embodied/jax/agent.py:112: DeprecationWarning: `with mesh:` context manager has been deprecated. Please use `with jax.set_mesh(mesh):` instead.
  with self.train_mesh:
Optimizer opt has 580,364 params:
       364,160 dyn
        66,111 val
        50,056 dec
        49,796 pol
        41,153 con
         9,088 enc
/workspace/conda_envs/dreamerv3/lib/python3.11/site-packages/optax/_src/linear_algebra.py:44: DeprecationWarning: optax.global_norm is deprecated in favor of optax.tree.norm
  warnings.warn(
Done initializing!
Compiling 1 checkpoint groups...
Largest checkpoint group: 0 GB
Loading checkpoint: /workspace/dreamerv3_runs/ax1wm_cup_fq1s0_seed9/ckpt/20260716T052939F024719-000000500000
Loaded checkpoint.
ax1wm_cup_fq1s0_seed9: expl.mode=apt reward_aware=False horizons=(1, 5, 20) probes 60x1001
  episodes 0-3
  episodes 4-7
  episodes 8-11
  episodes 12-15
  episodes 16-19
  episodes 20-23
  episodes 24-27
  episodes 28-31
  episodes 32-35
  episodes 36-39
  episodes 40-43
  episodes 44-47
  episodes 48-51
  episodes 52-55
  episodes 56-59
  h0: all=0.0379 in=0.0350 out=0.0385 rew=0.0376 norew=0.0380
  h1: all=0.0476 in=0.0429 out=0.0485 rew=0.0477 norew=0.0476
  h5: all=0.0679 in=0.0526 out=0.0707 rew=0.0610 norew=0.0695
  h20: all=0.1912 in=0.0976 out=0.2086 rew=0.1453 norew=0.2028
-> /workspace/dreamerv3_runs/ax1wm_cup_fq1s0_seed9/e4_cup_v1
[Thu Jul 16 22:56:03 UTC 2026] E4 measure ax1wm_cup_fq1s1_seed1
Observations
  reward           Space(float32, shape=(), low=-inf, high=inf)
  is_first         Space(bool, shape=(), low=False, high=True)
  is_last          Space(bool, shape=(), low=False, high=True)
  is_terminal      Space(bool, shape=(), low=False, high=True)
  position         Space(float32, shape=(4,), low=-inf, high=inf)
  velocity         Space(float32, shape=(4,), low=-inf, high=inf)
Actions
  action           Space(float32, shape=(2,), low=-1.0, high=1.0)
Extras
  consec           Space(int32, shape=(), low=-2147483648, high=2147483647)
  stepid           Space(uint8, shape=(20,), low=0, high=255)
  dyn/deter        Space(float32, shape=(512,), low=-inf, high=inf)
  dyn/stoch        Space(float32, shape=(32, 4), low=-inf, high=inf)
JAX devices (1): [cuda:0]
Policy devices: cuda:0
Train devices:  cuda:0
Initializing parameters...
/workspace/dreamerv3/embodied/jax/agent.py:112: DeprecationWarning: `with mesh:` context manager has been deprecated. Please use `with jax.set_mesh(mesh):` instead.
  with self.train_mesh:
Optimizer opt has 580,364 params:
       364,160 dyn
        66,111 val
        50,056 dec
        49,796 pol
        41,153 con
         9,088 enc
/workspace/conda_envs/dreamerv3/lib/python3.11/site-packages/optax/_src/linear_algebra.py:44: DeprecationWarning: optax.global_norm is deprecated in favor of optax.tree.norm
  warnings.warn(
Done initializing!
Compiling 1 checkpoint groups...
Largest checkpoint group: 0 GB
Loading checkpoint: /workspace/dreamerv3_runs/ax1wm_cup_fq1s1_seed1/ckpt/20260712T111559F921654-000000500000
Loaded checkpoint.
ax1wm_cup_fq1s1_seed1: expl.mode=apt reward_aware=False horizons=(1, 5, 20) probes 60x1001
  episodes 0-3
  episodes 4-7
  episodes 8-11
  episodes 12-15
  episodes 16-19
  episodes 20-23
  episodes 24-27
  episodes 28-31
  episodes 32-35
  episodes 36-39
  episodes 40-43
  episodes 44-47
  episodes 48-51
  episodes 52-55
  episodes 56-59
  h0: all=0.0280 in=0.0064 out=0.0320 rew=0.0265 norew=0.0284
  h1: all=0.0349 in=0.0079 out=0.0399 rew=0.0346 norew=0.0350
  h5: all=0.0513 in=0.0109 out=0.0587 rew=0.0453 norew=0.0528
  h20: all=0.1488 in=0.0355 out=0.1699 rew=0.1028 norew=0.1604
-> /workspace/dreamerv3_runs/ax1wm_cup_fq1s1_seed1/e4_cup_v1
[Thu Jul 16 22:56:32 UTC 2026] E4 measure ax1wm_cup_fq1s1_seed10
Observations
  reward           Space(float32, shape=(), low=-inf, high=inf)
  is_first         Space(bool, shape=(), low=False, high=True)
  is_last          Space(bool, shape=(), low=False, high=True)
  is_terminal      Space(bool, shape=(), low=False, high=True)
  position         Space(float32, shape=(4,), low=-inf, high=inf)
  velocity         Space(float32, shape=(4,), low=-inf, high=inf)
Actions
  action           Space(float32, shape=(2,), low=-1.0, high=1.0)
Extras
  consec           Space(int32, shape=(), low=-2147483648, high=2147483647)
  stepid           Space(uint8, shape=(20,), low=0, high=255)
  dyn/deter        Space(float32, shape=(512,), low=-inf, high=inf)
  dyn/stoch        Space(float32, shape=(32, 4), low=-inf, high=inf)
JAX devices (1): [cuda:0]
Policy devices: cuda:0
Train devices:  cuda:0
Initializing parameters...
/workspace/dreamerv3/embodied/jax/agent.py:112: DeprecationWarning: `with mesh:` context manager has been deprecated. Please use `with jax.set_mesh(mesh):` instead.
  with self.train_mesh:
Optimizer opt has 580,364 params:
       364,160 dyn
        66,111 val
        50,056 dec
        49,796 pol
        41,153 con
         9,088 enc
/workspace/conda_envs/dreamerv3/lib/python3.11/site-packages/optax/_src/linear_algebra.py:44: DeprecationWarning: optax.global_norm is deprecated in favor of optax.tree.norm
  warnings.warn(
Done initializing!
Compiling 1 checkpoint groups...
Largest checkpoint group: 0 GB
Loading checkpoint: /workspace/dreamerv3_runs/ax1wm_cup_fq1s1_seed10/ckpt/20260716T053651F367233-000000500000
Loaded checkpoint.
ax1wm_cup_fq1s1_seed10: expl.mode=apt reward_aware=False horizons=(1, 5, 20) probes 60x1001
  episodes 0-3
  episodes 4-7
  episodes 8-11
  episodes 12-15
  episodes 16-19
  episodes 20-23
  episodes 24-27
  episodes 28-31
  episodes 32-35
  episodes 36-39
  episodes 40-43
  episodes 44-47
  episodes 48-51
  episodes 52-55
  episodes 56-59
  h0: all=0.0189 in=0.0060 out=0.0213 rew=0.0188 norew=0.0189
  h1: all=0.0246 in=0.0075 out=0.0277 rew=0.0261 norew=0.0242
  h5: all=0.0407 in=0.0097 out=0.0464 rew=0.0359 norew=0.0419
  h20: all=0.1420 in=0.0402 out=0.1609 rew=0.1059 norew=0.1511
-> /workspace/dreamerv3_runs/ax1wm_cup_fq1s1_seed10/e4_cup_v1
[Thu Jul 16 22:57:02 UTC 2026] E4 measure ax1wm_cup_fq1s1_seed11
Observations
  reward           Space(float32, shape=(), low=-inf, high=inf)
  is_first         Space(bool, shape=(), low=False, high=True)
  is_last          Space(bool, shape=(), low=False, high=True)
  is_terminal      Space(bool, shape=(), low=False, high=True)
  position         Space(float32, shape=(4,), low=-inf, high=inf)
  velocity         Space(float32, shape=(4,), low=-inf, high=inf)
Actions
  action           Space(float32, shape=(2,), low=-1.0, high=1.0)
Extras
  consec           Space(int32, shape=(), low=-2147483648, high=2147483647)
  stepid           Space(uint8, shape=(20,), low=0, high=255)
  dyn/deter        Space(float32, shape=(512,), low=-inf, high=inf)
  dyn/stoch        Space(float32, shape=(32, 4), low=-inf, high=inf)
JAX devices (1): [cuda:0]
Policy devices: cuda:0
Train devices:  cuda:0
Initializing parameters...
/workspace/dreamerv3/embodied/jax/agent.py:112: DeprecationWarning: `with mesh:` context manager has been deprecated. Please use `with jax.set_mesh(mesh):` instead.
  with self.train_mesh:
Optimizer opt has 580,364 params:
       364,160 dyn
        66,111 val
        50,056 dec
        49,796 pol
        41,153 con
         9,088 enc
/workspace/conda_envs/dreamerv3/lib/python3.11/site-packages/optax/_src/linear_algebra.py:44: DeprecationWarning: optax.global_norm is deprecated in favor of optax.tree.norm
  warnings.warn(
Done initializing!
Compiling 1 checkpoint groups...
Largest checkpoint group: 0 GB
Loading checkpoint: /workspace/dreamerv3_runs/ax1wm_cup_fq1s1_seed11/ckpt/20260716T054059F245016-000000500000
Loaded checkpoint.
ax1wm_cup_fq1s1_seed11: expl.mode=apt reward_aware=False horizons=(1, 5, 20) probes 60x1001
  episodes 0-3
  episodes 4-7
  episodes 8-11
  episodes 12-15
  episodes 16-19
  episodes 20-23
  episodes 24-27
  episodes 28-31
  episodes 32-35
  episodes 36-39
  episodes 40-43
  episodes 44-47
  episodes 48-51
  episodes 52-55
  episodes 56-59
  h0: all=0.0271 in=0.0138 out=0.0296 rew=0.0199 norew=0.0289
  h1: all=0.0338 in=0.0158 out=0.0371 rew=0.0268 norew=0.0355
  h5: all=0.0517 in=0.0188 out=0.0578 rew=0.0356 norew=0.0557
  h20: all=0.1525 in=0.0456 out=0.1724 rew=0.1076 norew=0.1638
-> /workspace/dreamerv3_runs/ax1wm_cup_fq1s1_seed11/e4_cup_v1
[Thu Jul 16 22:57:32 UTC 2026] E4 measure ax1wm_cup_fq1s1_seed12
Observations
  reward           Space(float32, shape=(), low=-inf, high=inf)
  is_first         Space(bool, shape=(), low=False, high=True)
  is_last          Space(bool, shape=(), low=False, high=True)
  is_terminal      Space(bool, shape=(), low=False, high=True)
  position         Space(float32, shape=(4,), low=-inf, high=inf)
  velocity         Space(float32, shape=(4,), low=-inf, high=inf)
Actions
  action           Space(float32, shape=(2,), low=-1.0, high=1.0)
Extras
  consec           Space(int32, shape=(), low=-2147483648, high=2147483647)
  stepid           Space(uint8, shape=(20,), low=0, high=255)
  dyn/deter        Space(float32, shape=(512,), low=-inf, high=inf)
  dyn/stoch        Space(float32, shape=(32, 4), low=-inf, high=inf)
JAX devices (1): [cuda:0]
Policy devices: cuda:0
Train devices:  cuda:0
Initializing parameters...
/workspace/dreamerv3/embodied/jax/agent.py:112: DeprecationWarning: `with mesh:` context manager has been deprecated. Please use `with jax.set_mesh(mesh):` instead.
  with self.train_mesh:
Optimizer opt has 580,364 params:
       364,160 dyn
        66,111 val
        50,056 dec
        49,796 pol
        41,153 con
         9,088 enc
/workspace/conda_envs/dreamerv3/lib/python3.11/site-packages/optax/_src/linear_algebra.py:44: DeprecationWarning: optax.global_norm is deprecated in favor of optax.tree.norm
  warnings.warn(
Done initializing!
Compiling 1 checkpoint groups...
Largest checkpoint group: 0 GB
Loading checkpoint: /workspace/dreamerv3_runs/ax1wm_cup_fq1s1_seed12/ckpt/20260716T053911F588284-000000500000
Loaded checkpoint.
ax1wm_cup_fq1s1_seed12: expl.mode=apt reward_aware=False horizons=(1, 5, 20) probes 60x1001
  episodes 0-3
  episodes 4-7
  episodes 8-11
  episodes 12-15
  episodes 16-19
  episodes 20-23
  episodes 24-27
  episodes 28-31
  episodes 32-35
  episodes 36-39
  episodes 40-43
  episodes 44-47
  episodes 48-51
  episodes 52-55
  episodes 56-59
  h0: all=0.0188 in=0.0051 out=0.0213 rew=0.0181 norew=0.0190
  h1: all=0.0238 in=0.0059 out=0.0271 rew=0.0245 norew=0.0236
  h5: all=0.0387 in=0.0078 out=0.0444 rew=0.0333 norew=0.0401
  h20: all=0.1248 in=0.0325 out=0.1420 rew=0.0870 norew=0.1343
-> /workspace/dreamerv3_runs/ax1wm_cup_fq1s1_seed12/e4_cup_v1
[Thu Jul 16 22:58:03 UTC 2026] E4 measure ax1wm_cup_fq1s1_seed13
Observations
  reward           Space(float32, shape=(), low=-inf, high=inf)
  is_first         Space(bool, shape=(), low=False, high=True)
  is_last          Space(bool, shape=(), low=False, high=True)
  is_terminal      Space(bool, shape=(), low=False, high=True)
  position         Space(float32, shape=(4,), low=-inf, high=inf)
  velocity         Space(float32, shape=(4,), low=-inf, high=inf)
Actions
  action           Space(float32, shape=(2,), low=-1.0, high=1.0)
Extras
  consec           Space(int32, shape=(), low=-2147483648, high=2147483647)
  stepid           Space(uint8, shape=(20,), low=0, high=255)
  dyn/deter        Space(float32, shape=(512,), low=-inf, high=inf)
  dyn/stoch        Space(float32, shape=(32, 4), low=-inf, high=inf)
JAX devices (1): [cuda:0]
Policy devices: cuda:0
Train devices:  cuda:0
Initializing parameters...
/workspace/dreamerv3/embodied/jax/agent.py:112: DeprecationWarning: `with mesh:` context manager has been deprecated. Please use `with jax.set_mesh(mesh):` instead.
  with self.train_mesh:
Optimizer opt has 580,364 params:
       364,160 dyn
        66,111 val
        50,056 dec
        49,796 pol
        41,153 con
         9,088 enc
/workspace/conda_envs/dreamerv3/lib/python3.11/site-packages/optax/_src/linear_algebra.py:44: DeprecationWarning: optax.global_norm is deprecated in favor of optax.tree.norm
  warnings.warn(
Done initializing!
Compiling 1 checkpoint groups...
Largest checkpoint group: 0 GB
Loading checkpoint: /workspace/dreamerv3_runs/ax1wm_cup_fq1s1_seed13/ckpt/20260715T225632F669675-000000500000
Loaded checkpoint.
ax1wm_cup_fq1s1_seed13: expl.mode=apt reward_aware=False horizons=(1, 5, 20) probes 60x1001
  episodes 0-3
  episodes 4-7
  episodes 8-11
  episodes 12-15
  episodes 16-19
  episodes 20-23
  episodes 24-27
  episodes 28-31
  episodes 32-35
  episodes 36-39
  episodes 40-43
  episodes 44-47
  episodes 48-51
  episodes 52-55
  episodes 56-59
  h0: all=0.0218 in=0.0087 out=0.0243 rew=0.0186 norew=0.0226
  h1: all=0.0274 in=0.0095 out=0.0307 rew=0.0255 norew=0.0278
  h5: all=0.0452 in=0.0125 out=0.0513 rew=0.0349 norew=0.0478
  h20: all=0.1455 in=0.0406 out=0.1650 rew=0.0951 norew=0.1582
-> /workspace/dreamerv3_runs/ax1wm_cup_fq1s1_seed13/e4_cup_v1
[Thu Jul 16 22:58:33 UTC 2026] E4 measure ax1wm_cup_fq1s1_seed14
Observations
  reward           Space(float32, shape=(), low=-inf, high=inf)
  is_first         Space(bool, shape=(), low=False, high=True)
  is_last          Space(bool, shape=(), low=False, high=True)
  is_terminal      Space(bool, shape=(), low=False, high=True)
  position         Space(float32, shape=(4,), low=-inf, high=inf)
  velocity         Space(float32, shape=(4,), low=-inf, high=inf)
Actions
  action           Space(float32, shape=(2,), low=-1.0, high=1.0)
Extras
  consec           Space(int32, shape=(), low=-2147483648, high=2147483647)
  stepid           Space(uint8, shape=(20,), low=0, high=255)
  dyn/deter        Space(float32, shape=(512,), low=-inf, high=inf)
  dyn/stoch        Space(float32, shape=(32, 4), low=-inf, high=inf)
JAX devices (1): [cuda:0]
Policy devices: cuda:0
Train devices:  cuda:0
Initializing parameters...
/workspace/dreamerv3/embodied/jax/agent.py:112: DeprecationWarning: `with mesh:` context manager has been deprecated. Please use `with jax.set_mesh(mesh):` instead.
  with self.train_mesh:
Optimizer opt has 580,364 params:
       364,160 dyn
        66,111 val
        50,056 dec
        49,796 pol
        41,153 con
         9,088 enc
/workspace/conda_envs/dreamerv3/lib/python3.11/site-packages/optax/_src/linear_algebra.py:44: DeprecationWarning: optax.global_norm is deprecated in favor of optax.tree.norm
  warnings.warn(
Done initializing!
Compiling 1 checkpoint groups...
Largest checkpoint group: 0 GB
Loading checkpoint: /workspace/dreamerv3_runs/ax1wm_cup_fq1s1_seed14/ckpt/20260715T234104F906290-000000500000
Loaded checkpoint.
ax1wm_cup_fq1s1_seed14: expl.mode=apt reward_aware=False horizons=(1, 5, 20) probes 60x1001
  episodes 0-3
  episodes 4-7
  episodes 8-11
  episodes 12-15
  episodes 16-19
  episodes 20-23
  episodes 24-27
  episodes 28-31
  episodes 32-35
  episodes 36-39
  episodes 40-43
  episodes 44-47
  episodes 48-51
  episodes 52-55
  episodes 56-59
  h0: all=0.0153 in=0.0049 out=0.0172 rew=0.0163 norew=0.0150
  h1: all=0.0205 in=0.0060 out=0.0232 rew=0.0231 norew=0.0199
  h5: all=0.0350 in=0.0083 out=0.0399 rew=0.0323 norew=0.0356
  h20: all=0.1313 in=0.0383 out=0.1486 rew=0.0843 norew=0.1432
-> /workspace/dreamerv3_runs/ax1wm_cup_fq1s1_seed14/e4_cup_v1
[Thu Jul 16 22:59:03 UTC 2026] E4 measure ax1wm_cup_fq1s1_seed15
Observations
  reward           Space(float32, shape=(), low=-inf, high=inf)
  is_first         Space(bool, shape=(), low=False, high=True)
  is_last          Space(bool, shape=(), low=False, high=True)
  is_terminal      Space(bool, shape=(), low=False, high=True)
  position         Space(float32, shape=(4,), low=-inf, high=inf)
  velocity         Space(float32, shape=(4,), low=-inf, high=inf)
Actions
  action           Space(float32, shape=(2,), low=-1.0, high=1.0)
Extras
  consec           Space(int32, shape=(), low=-2147483648, high=2147483647)
  stepid           Space(uint8, shape=(20,), low=0, high=255)
  dyn/deter        Space(float32, shape=(512,), low=-inf, high=inf)
  dyn/stoch        Space(float32, shape=(32, 4), low=-inf, high=inf)
JAX devices (1): [cuda:0]
Policy devices: cuda:0
Train devices:  cuda:0
Initializing parameters...
/workspace/dreamerv3/embodied/jax/agent.py:112: DeprecationWarning: `with mesh:` context manager has been deprecated. Please use `with jax.set_mesh(mesh):` instead.
  with self.train_mesh:
Optimizer opt has 580,364 params:
       364,160 dyn
        66,111 val
        50,056 dec
        49,796 pol
        41,153 con
         9,088 enc
/workspace/conda_envs/dreamerv3/lib/python3.11/site-packages/optax/_src/linear_algebra.py:44: DeprecationWarning: optax.global_norm is deprecated in favor of optax.tree.norm
  warnings.warn(
Done initializing!
Compiling 1 checkpoint groups...
Largest checkpoint group: 0 GB
Loading checkpoint: /workspace/dreamerv3_runs/ax1wm_cup_fq1s1_seed15/ckpt/20260716T000859F008343-000000500000
Loaded checkpoint.
ax1wm_cup_fq1s1_seed15: expl.mode=apt reward_aware=False horizons=(1, 5, 20) probes 60x1001
  episodes 0-3
  episodes 4-7
  episodes 8-11
  episodes 12-15
  episodes 16-19
  episodes 20-23
  episodes 24-27
  episodes 28-31
  episodes 32-35
  episodes 36-39
  episodes 40-43
  episodes 44-47
  episodes 48-51
  episodes 52-55
  episodes 56-59
  h0: all=0.0189 in=0.0081 out=0.0208 rew=0.0177 norew=0.0191
  h1: all=0.0238 in=0.0093 out=0.0264 rew=0.0239 norew=0.0237
  h5: all=0.0402 in=0.0130 out=0.0452 rew=0.0340 norew=0.0417
  h20: all=0.1380 in=0.0431 out=0.1557 rew=0.1048 norew=0.1464
-> /workspace/dreamerv3_runs/ax1wm_cup_fq1s1_seed15/e4_cup_v1
[Thu Jul 16 22:59:33 UTC 2026] E4 measure ax1wm_cup_fq1s1_seed16
Observations
  reward           Space(float32, shape=(), low=-inf, high=inf)
  is_first         Space(bool, shape=(), low=False, high=True)
  is_last          Space(bool, shape=(), low=False, high=True)
  is_terminal      Space(bool, shape=(), low=False, high=True)
  position         Space(float32, shape=(4,), low=-inf, high=inf)
  velocity         Space(float32, shape=(4,), low=-inf, high=inf)
Actions
  action           Space(float32, shape=(2,), low=-1.0, high=1.0)
Extras
  consec           Space(int32, shape=(), low=-2147483648, high=2147483647)
  stepid           Space(uint8, shape=(20,), low=0, high=255)
  dyn/deter        Space(float32, shape=(512,), low=-inf, high=inf)
  dyn/stoch        Space(float32, shape=(32, 4), low=-inf, high=inf)
JAX devices (1): [cuda:0]
Policy devices: cuda:0
Train devices:  cuda:0
Initializing parameters...
/workspace/dreamerv3/embodied/jax/agent.py:112: DeprecationWarning: `with mesh:` context manager has been deprecated. Please use `with jax.set_mesh(mesh):` instead.
  with self.train_mesh:
Optimizer opt has 580,364 params:
       364,160 dyn
        66,111 val
        50,056 dec
        49,796 pol
        41,153 con
         9,088 enc
/workspace/conda_envs/dreamerv3/lib/python3.11/site-packages/optax/_src/linear_algebra.py:44: DeprecationWarning: optax.global_norm is deprecated in favor of optax.tree.norm
  warnings.warn(
Done initializing!
Compiling 1 checkpoint groups...
Largest checkpoint group: 0 GB
Loading checkpoint: /workspace/dreamerv3_runs/ax1wm_cup_fq1s1_seed16/ckpt/20260715T222047F726212-000000500000
Loaded checkpoint.
ax1wm_cup_fq1s1_seed16: expl.mode=apt reward_aware=False horizons=(1, 5, 20) probes 60x1001
  episodes 0-3
  episodes 4-7
  episodes 8-11
  episodes 12-15
  episodes 16-19
  episodes 20-23
  episodes 24-27
  episodes 28-31
  episodes 32-35
  episodes 36-39
  episodes 40-43
  episodes 44-47
  episodes 48-51
  episodes 52-55
  episodes 56-59
  h0: all=0.0215 in=0.0073 out=0.0242 rew=0.0188 norew=0.0222
  h1: all=0.0288 in=0.0087 out=0.0325 rew=0.0267 norew=0.0293
  h5: all=0.0492 in=0.0123 out=0.0560 rew=0.0379 norew=0.0520
  h20: all=0.1502 in=0.0429 out=0.1701 rew=0.0916 norew=0.1649
-> /workspace/dreamerv3_runs/ax1wm_cup_fq1s1_seed16/e4_cup_v1
[Thu Jul 16 23:00:04 UTC 2026] E4 measure ax1wm_cup_fq1s1_seed2
Observations
  reward           Space(float32, shape=(), low=-inf, high=inf)
  is_first         Space(bool, shape=(), low=False, high=True)
  is_last          Space(bool, shape=(), low=False, high=True)
  is_terminal      Space(bool, shape=(), low=False, high=True)
  position         Space(float32, shape=(4,), low=-inf, high=inf)
  velocity         Space(float32, shape=(4,), low=-inf, high=inf)
Actions
  action           Space(float32, shape=(2,), low=-1.0, high=1.0)
Extras
  consec           Space(int32, shape=(), low=-2147483648, high=2147483647)
  stepid           Space(uint8, shape=(20,), low=0, high=255)
  dyn/deter        Space(float32, shape=(512,), low=-inf, high=inf)
  dyn/stoch        Space(float32, shape=(32, 4), low=-inf, high=inf)
JAX devices (1): [cuda:0]
Policy devices: cuda:0
Train devices:  cuda:0
Initializing parameters...
/workspace/dreamerv3/embodied/jax/agent.py:112: DeprecationWarning: `with mesh:` context manager has been deprecated. Please use `with jax.set_mesh(mesh):` instead.
  with self.train_mesh:
Optimizer opt has 580,364 params:
       364,160 dyn
        66,111 val
        50,056 dec
        49,796 pol
        41,153 con
         9,088 enc
/workspace/conda_envs/dreamerv3/lib/python3.11/site-packages/optax/_src/linear_algebra.py:44: DeprecationWarning: optax.global_norm is deprecated in favor of optax.tree.norm
  warnings.warn(
Done initializing!
Compiling 1 checkpoint groups...
Largest checkpoint group: 0 GB
Loading checkpoint: /workspace/dreamerv3_runs/ax1wm_cup_fq1s1_seed2/ckpt/20260712T110645F127195-000000500000
Loaded checkpoint.
ax1wm_cup_fq1s1_seed2: expl.mode=apt reward_aware=False horizons=(1, 5, 20) probes 60x1001
  episodes 0-3
  episodes 4-7
  episodes 8-11
  episodes 12-15
  episodes 16-19
  episodes 20-23
  episodes 24-27
  episodes 28-31
  episodes 32-35
  episodes 36-39
  episodes 40-43
  episodes 44-47
  episodes 48-51
  episodes 52-55
  episodes 56-59
  h0: all=0.0162 in=0.0058 out=0.0181 rew=0.0188 norew=0.0156
  h1: all=0.0216 in=0.0070 out=0.0243 rew=0.0261 norew=0.0205
  h5: all=0.0387 in=0.0093 out=0.0441 rew=0.0360 norew=0.0394
  h20: all=0.1374 in=0.0398 out=0.1556 rew=0.0975 norew=0.1475
-> /workspace/dreamerv3_runs/ax1wm_cup_fq1s1_seed2/e4_cup_v1
[Thu Jul 16 23:00:34 UTC 2026] E4 measure ax1wm_cup_fq1s1_seed3
Observations
  reward           Space(float32, shape=(), low=-inf, high=inf)
  is_first         Space(bool, shape=(), low=False, high=True)
  is_last          Space(bool, shape=(), low=False, high=True)
  is_terminal      Space(bool, shape=(), low=False, high=True)
  position         Space(float32, shape=(4,), low=-inf, high=inf)
  velocity         Space(float32, shape=(4,), low=-inf, high=inf)
Actions
  action           Space(float32, shape=(2,), low=-1.0, high=1.0)
Extras
  consec           Space(int32, shape=(), low=-2147483648, high=2147483647)
  stepid           Space(uint8, shape=(20,), low=0, high=255)
  dyn/deter        Space(float32, shape=(512,), low=-inf, high=inf)
  dyn/stoch        Space(float32, shape=(32, 4), low=-inf, high=inf)
JAX devices (1): [cuda:0]
Policy devices: cuda:0
Train devices:  cuda:0
Initializing parameters...
/workspace/dreamerv3/embodied/jax/agent.py:112: DeprecationWarning: `with mesh:` context manager has been deprecated. Please use `with jax.set_mesh(mesh):` instead.
  with self.train_mesh:
Optimizer opt has 580,364 params:
       364,160 dyn
        66,111 val
        50,056 dec
        49,796 pol
        41,153 con
         9,088 enc
/workspace/conda_envs/dreamerv3/lib/python3.11/site-packages/optax/_src/linear_algebra.py:44: DeprecationWarning: optax.global_norm is deprecated in favor of optax.tree.norm
  warnings.warn(
Done initializing!
Compiling 1 checkpoint groups...
Largest checkpoint group: 0 GB
Loading checkpoint: /workspace/dreamerv3_runs/ax1wm_cup_fq1s1_seed3/ckpt/20260712T110209F940152-000000500000
Loaded checkpoint.
ax1wm_cup_fq1s1_seed3: expl.mode=apt reward_aware=False horizons=(1, 5, 20) probes 60x1001
  episodes 0-3
  episodes 4-7
  episodes 8-11
  episodes 12-15
  episodes 16-19
  episodes 20-23
  episodes 24-27
  episodes 28-31
  episodes 32-35
  episodes 36-39
  episodes 40-43
  episodes 44-47
  episodes 48-51
  episodes 52-55
  episodes 56-59
  h0: all=0.0207 in=0.0061 out=0.0234 rew=0.0212 norew=0.0206
  h1: all=0.0268 in=0.0069 out=0.0304 rew=0.0294 norew=0.0261
  h5: all=0.0431 in=0.0091 out=0.0494 rew=0.0397 norew=0.0440
  h20: all=0.1394 in=0.0334 out=0.1591 rew=0.1000 norew=0.1493
-> /workspace/dreamerv3_runs/ax1wm_cup_fq1s1_seed3/e4_cup_v1
[Thu Jul 16 23:01:04 UTC 2026] E4 measure ax1wm_cup_fq1s1_seed4
Observations
  reward           Space(float32, shape=(), low=-inf, high=inf)
  is_first         Space(bool, shape=(), low=False, high=True)
  is_last          Space(bool, shape=(), low=False, high=True)
  is_terminal      Space(bool, shape=(), low=False, high=True)
  position         Space(float32, shape=(4,), low=-inf, high=inf)
  velocity         Space(float32, shape=(4,), low=-inf, high=inf)
Actions
  action           Space(float32, shape=(2,), low=-1.0, high=1.0)
Extras
  consec           Space(int32, shape=(), low=-2147483648, high=2147483647)
  stepid           Space(uint8, shape=(20,), low=0, high=255)
  dyn/deter        Space(float32, shape=(512,), low=-inf, high=inf)
  dyn/stoch        Space(float32, shape=(32, 4), low=-inf, high=inf)
JAX devices (1): [cuda:0]
Policy devices: cuda:0
Train devices:  cuda:0
Initializing parameters...
/workspace/dreamerv3/embodied/jax/agent.py:112: DeprecationWarning: `with mesh:` context manager has been deprecated. Please use `with jax.set_mesh(mesh):` instead.
  with self.train_mesh:
Optimizer opt has 580,364 params:
       364,160 dyn
        66,111 val
        50,056 dec
        49,796 pol
        41,153 con
         9,088 enc
/workspace/conda_envs/dreamerv3/lib/python3.11/site-packages/optax/_src/linear_algebra.py:44: DeprecationWarning: optax.global_norm is deprecated in favor of optax.tree.norm
  warnings.warn(
Done initializing!
Compiling 1 checkpoint groups...
Largest checkpoint group: 0 GB
Loading checkpoint: /workspace/dreamerv3_runs/ax1wm_cup_fq1s1_seed4/ckpt/20260712T110355F658823-000000500000
Loaded checkpoint.
ax1wm_cup_fq1s1_seed4: expl.mode=apt reward_aware=False horizons=(1, 5, 20) probes 60x1001
  episodes 0-3
  episodes 4-7
  episodes 8-11
  episodes 12-15
  episodes 16-19
  episodes 20-23
  episodes 24-27
  episodes 28-31
  episodes 32-35
  episodes 36-39
  episodes 40-43
  episodes 44-47
  episodes 48-51
  episodes 52-55
  episodes 56-59
  h0: all=0.0170 in=0.0051 out=0.0192 rew=0.0180 norew=0.0168
  h1: all=0.0230 in=0.0060 out=0.0261 rew=0.0251 norew=0.0225
  h5: all=0.0420 in=0.0086 out=0.0481 rew=0.0352 norew=0.0436
  h20: all=0.1384 in=0.0378 out=0.1571 rew=0.0950 norew=0.1493
-> /workspace/dreamerv3_runs/ax1wm_cup_fq1s1_seed4/e4_cup_v1
SKIP no ckpt: /workspace/dreamerv3_runs/ax1wm_cup_fq1s1_seed5
SKIP no ckpt: /workspace/dreamerv3_runs/ax1wm_cup_fq1s1_seed6
SKIP no ckpt: /workspace/dreamerv3_runs/ax1wm_cup_fq1s1_seed7
SKIP no ckpt: /workspace/dreamerv3_runs/ax1wm_cup_fq1s1_seed8
[Thu Jul 16 23:01:34 UTC 2026] E4 measure ax1wm_cup_fq1s1_seed9
Observations
  reward           Space(float32, shape=(), low=-inf, high=inf)
  is_first         Space(bool, shape=(), low=False, high=True)
  is_last          Space(bool, shape=(), low=False, high=True)
  is_terminal      Space(bool, shape=(), low=False, high=True)
  position         Space(float32, shape=(4,), low=-inf, high=inf)
  velocity         Space(float32, shape=(4,), low=-inf, high=inf)
Actions
  action           Space(float32, shape=(2,), low=-1.0, high=1.0)
Extras
  consec           Space(int32, shape=(), low=-2147483648, high=2147483647)
  stepid           Space(uint8, shape=(20,), low=0, high=255)
  dyn/deter        Space(float32, shape=(512,), low=-inf, high=inf)
  dyn/stoch        Space(float32, shape=(32, 4), low=-inf, high=inf)
JAX devices (1): [cuda:0]
Policy devices: cuda:0
Train devices:  cuda:0
Initializing parameters...
/workspace/dreamerv3/embodied/jax/agent.py:112: DeprecationWarning: `with mesh:` context manager has been deprecated. Please use `with jax.set_mesh(mesh):` instead.
  with self.train_mesh:
Optimizer opt has 580,364 params:
       364,160 dyn
        66,111 val
        50,056 dec
        49,796 pol
        41,153 con
         9,088 enc
/workspace/conda_envs/dreamerv3/lib/python3.11/site-packages/optax/_src/linear_algebra.py:44: DeprecationWarning: optax.global_norm is deprecated in favor of optax.tree.norm
  warnings.warn(
Done initializing!
Compiling 1 checkpoint groups...
Largest checkpoint group: 0 GB
Loading checkpoint: /workspace/dreamerv3_runs/ax1wm_cup_fq1s1_seed9/ckpt/20260716T054034F885859-000000500000
Loaded checkpoint.
ax1wm_cup_fq1s1_seed9: expl.mode=apt reward_aware=False horizons=(1, 5, 20) probes 60x1001
  episodes 0-3
  episodes 4-7
  episodes 8-11
  episodes 12-15
  episodes 16-19
  episodes 20-23
  episodes 24-27
  episodes 28-31
  episodes 32-35
  episodes 36-39
  episodes 40-43
  episodes 44-47
  episodes 48-51
  episodes 52-55
  episodes 56-59
  h0: all=0.0180 in=0.0063 out=0.0201 rew=0.0173 norew=0.0181
  h1: all=0.0238 in=0.0075 out=0.0268 rew=0.0240 norew=0.0237
  h5: all=0.0410 in=0.0100 out=0.0467 rew=0.0348 norew=0.0425
  h20: all=0.1402 in=0.0400 out=0.1588 rew=0.1031 norew=0.1496
-> /workspace/dreamerv3_runs/ax1wm_cup_fq1s1_seed9/e4_cup_v1
[Thu Jul 16 23:02:05 UTC 2026] E4 measure ax1wm_cup_fq2s0_seed1
Observations
  reward           Space(float32, shape=(), low=-inf, high=inf)
  is_first         Space(bool, shape=(), low=False, high=True)
  is_last          Space(bool, shape=(), low=False, high=True)
  is_terminal      Space(bool, shape=(), low=False, high=True)
  position         Space(float32, shape=(4,), low=-inf, high=inf)
  velocity         Space(float32, shape=(4,), low=-inf, high=inf)
Actions
  action           Space(float32, shape=(2,), low=-1.0, high=1.0)
Extras
  consec           Space(int32, shape=(), low=-2147483648, high=2147483647)
  stepid           Space(uint8, shape=(20,), low=0, high=255)
  dyn/deter        Space(float32, shape=(512,), low=-inf, high=inf)
  dyn/stoch        Space(float32, shape=(32, 4), low=-inf, high=inf)
JAX devices (1): [cuda:0]
Policy devices: cuda:0
Train devices:  cuda:0
Initializing parameters...
/workspace/dreamerv3/embodied/jax/agent.py:112: DeprecationWarning: `with mesh:` context manager has been deprecated. Please use `with jax.set_mesh(mesh):` instead.
  with self.train_mesh:
Optimizer opt has 580,364 params:
       364,160 dyn
        66,111 val
        50,056 dec
        49,796 pol
        41,153 con
         9,088 enc
/workspace/conda_envs/dreamerv3/lib/python3.11/site-packages/optax/_src/linear_algebra.py:44: DeprecationWarning: optax.global_norm is deprecated in favor of optax.tree.norm
  warnings.warn(
Done initializing!
Compiling 1 checkpoint groups...
Largest checkpoint group: 0 GB
Loading checkpoint: /workspace/dreamerv3_runs/ax1wm_cup_fq2s0_seed1/ckpt/20260712T162925F224492-000000500000
Loaded checkpoint.
ax1wm_cup_fq2s0_seed1: expl.mode=apt reward_aware=False horizons=(1, 5, 20) probes 60x1001
  episodes 0-3
  episodes 4-7
  episodes 8-11
  episodes 12-15
  episodes 16-19
  episodes 20-23
  episodes 24-27
  episodes 28-31
  episodes 32-35
  episodes 36-39
  episodes 40-43
  episodes 44-47
  episodes 48-51
  episodes 52-55
  episodes 56-59
  h0: all=0.0289 in=0.0140 out=0.0316 rew=0.0401 norew=0.0261
  h1: all=0.0354 in=0.0172 out=0.0388 rew=0.0501 norew=0.0318
  h5: all=0.0588 in=0.0228 out=0.0655 rew=0.0787 norew=0.0539
  h20: all=0.1920 in=0.0605 out=0.2165 rew=0.2490 norew=0.1777
-> /workspace/dreamerv3_runs/ax1wm_cup_fq2s0_seed1/e4_cup_v1
[Thu Jul 16 23:02:35 UTC 2026] E4 measure ax1wm_cup_fq2s0_seed2
Observations
  reward           Space(float32, shape=(), low=-inf, high=inf)
  is_first         Space(bool, shape=(), low=False, high=True)
  is_last          Space(bool, shape=(), low=False, high=True)
  is_terminal      Space(bool, shape=(), low=False, high=True)
  position         Space(float32, shape=(4,), low=-inf, high=inf)
  velocity         Space(float32, shape=(4,), low=-inf, high=inf)
Actions
  action           Space(float32, shape=(2,), low=-1.0, high=1.0)
Extras
  consec           Space(int32, shape=(), low=-2147483648, high=2147483647)
  stepid           Space(uint8, shape=(20,), low=0, high=255)
  dyn/deter        Space(float32, shape=(512,), low=-inf, high=inf)
  dyn/stoch        Space(float32, shape=(32, 4), low=-inf, high=inf)
JAX devices (1): [cuda:0]
Policy devices: cuda:0
Train devices:  cuda:0
Initializing parameters...
/workspace/dreamerv3/embodied/jax/agent.py:112: DeprecationWarning: `with mesh:` context manager has been deprecated. Please use `with jax.set_mesh(mesh):` instead.
  with self.train_mesh:
Optimizer opt has 580,364 params:
       364,160 dyn
        66,111 val
        50,056 dec
        49,796 pol
        41,153 con
         9,088 enc
/workspace/conda_envs/dreamerv3/lib/python3.11/site-packages/optax/_src/linear_algebra.py:44: DeprecationWarning: optax.global_norm is deprecated in favor of optax.tree.norm
  warnings.warn(
Done initializing!
Compiling 1 checkpoint groups...
Largest checkpoint group: 0 GB
Loading checkpoint: /workspace/dreamerv3_runs/ax1wm_cup_fq2s0_seed2/ckpt/20260712T161504F812127-000000500000
Loaded checkpoint.
ax1wm_cup_fq2s0_seed2: expl.mode=apt reward_aware=False horizons=(1, 5, 20) probes 60x1001
  episodes 0-3
  episodes 4-7
  episodes 8-11
  episodes 12-15
  episodes 16-19
  episodes 20-23
  episodes 24-27
  episodes 28-31
  episodes 32-35
  episodes 36-39
  episodes 40-43
  episodes 44-47
  episodes 48-51
  episodes 52-55
  episodes 56-59
  h0: all=0.0256 in=0.0145 out=0.0277 rew=0.0327 norew=0.0239
  h1: all=0.0308 in=0.0170 out=0.0334 rew=0.0409 norew=0.0284
  h5: all=0.0479 in=0.0228 out=0.0526 rew=0.0501 norew=0.0474
  h20: all=0.1578 in=0.0555 out=0.1768 rew=0.1218 norew=0.1669
-> /workspace/dreamerv3_runs/ax1wm_cup_fq2s0_seed2/e4_cup_v1
[Thu Jul 16 23:03:05 UTC 2026] E4 measure ax1wm_cup_fq2s0_seed3
Observations
  reward           Space(float32, shape=(), low=-inf, high=inf)
  is_first         Space(bool, shape=(), low=False, high=True)
  is_last          Space(bool, shape=(), low=False, high=True)
  is_terminal      Space(bool, shape=(), low=False, high=True)
  position         Space(float32, shape=(4,), low=-inf, high=inf)
  velocity         Space(float32, shape=(4,), low=-inf, high=inf)
Actions
  action           Space(float32, shape=(2,), low=-1.0, high=1.0)
Extras
  consec           Space(int32, shape=(), low=-2147483648, high=2147483647)
  stepid           Space(uint8, shape=(20,), low=0, high=255)
  dyn/deter        Space(float32, shape=(512,), low=-inf, high=inf)
  dyn/stoch        Space(float32, shape=(32, 4), low=-inf, high=inf)
JAX devices (1): [cuda:0]
Policy devices: cuda:0
Train devices:  cuda:0
Initializing parameters...
/workspace/dreamerv3/embodied/jax/agent.py:112: DeprecationWarning: `with mesh:` context manager has been deprecated. Please use `with jax.set_mesh(mesh):` instead.
  with self.train_mesh:
Optimizer opt has 580,364 params:
       364,160 dyn
        66,111 val
        50,056 dec
        49,796 pol
        41,153 con
         9,088 enc
/workspace/conda_envs/dreamerv3/lib/python3.11/site-packages/optax/_src/linear_algebra.py:44: DeprecationWarning: optax.global_norm is deprecated in favor of optax.tree.norm
  warnings.warn(
Done initializing!
Compiling 1 checkpoint groups...
Largest checkpoint group: 0 GB
Loading checkpoint: /workspace/dreamerv3_runs/ax1wm_cup_fq2s0_seed3/ckpt/20260712T160758F386714-000000500000
Loaded checkpoint.
ax1wm_cup_fq2s0_seed3: expl.mode=apt reward_aware=False horizons=(1, 5, 20) probes 60x1001
  episodes 0-3
  episodes 4-7
  episodes 8-11
  episodes 12-15
  episodes 16-19
  episodes 20-23
  episodes 24-27
  episodes 28-31
  episodes 32-35
  episodes 36-39
  episodes 40-43
  episodes 44-47
  episodes 48-51
  episodes 52-55
  episodes 56-59
  h0: all=0.0299 in=0.0186 out=0.0320 rew=0.0335 norew=0.0291
  h1: all=0.0375 in=0.0230 out=0.0401 rew=0.0439 norew=0.0359
  h5: all=0.0586 in=0.0301 out=0.0639 rew=0.0575 norew=0.0589
  h20: all=0.1757 in=0.0747 out=0.1944 rew=0.1283 norew=0.1876
-> /workspace/dreamerv3_runs/ax1wm_cup_fq2s0_seed3/e4_cup_v1
[Thu Jul 16 23:03:36 UTC 2026] E4 measure ax1wm_cup_fq2s0_seed4
Observations
  reward           Space(float32, shape=(), low=-inf, high=inf)
  is_first         Space(bool, shape=(), low=False, high=True)
  is_last          Space(bool, shape=(), low=False, high=True)
  is_terminal      Space(bool, shape=(), low=False, high=True)
  position         Space(float32, shape=(4,), low=-inf, high=inf)
  velocity         Space(float32, shape=(4,), low=-inf, high=inf)
Actions
  action           Space(float32, shape=(2,), low=-1.0, high=1.0)
Extras
  consec           Space(int32, shape=(), low=-2147483648, high=2147483647)
  stepid           Space(uint8, shape=(20,), low=0, high=255)
  dyn/deter        Space(float32, shape=(512,), low=-inf, high=inf)
  dyn/stoch        Space(float32, shape=(32, 4), low=-inf, high=inf)
JAX devices (1): [cuda:0]
Policy devices: cuda:0
Train devices:  cuda:0
Initializing parameters...
/workspace/dreamerv3/embodied/jax/agent.py:112: DeprecationWarning: `with mesh:` context manager has been deprecated. Please use `with jax.set_mesh(mesh):` instead.
  with self.train_mesh:
Optimizer opt has 580,364 params:
       364,160 dyn
        66,111 val
        50,056 dec
        49,796 pol
        41,153 con
         9,088 enc
/workspace/conda_envs/dreamerv3/lib/python3.11/site-packages/optax/_src/linear_algebra.py:44: DeprecationWarning: optax.global_norm is deprecated in favor of optax.tree.norm
  warnings.warn(
Done initializing!
Compiling 1 checkpoint groups...
Largest checkpoint group: 0 GB
Loading checkpoint: /workspace/dreamerv3_runs/ax1wm_cup_fq2s0_seed4/ckpt/20260712T161022F205477-000000500000
Loaded checkpoint.
ax1wm_cup_fq2s0_seed4: expl.mode=apt reward_aware=False horizons=(1, 5, 20) probes 60x1001
  episodes 0-3
  episodes 4-7
  episodes 8-11
  episodes 12-15
  episodes 16-19
  episodes 20-23
  episodes 24-27
  episodes 28-31
  episodes 32-35
  episodes 36-39
  episodes 40-43
  episodes 44-47
  episodes 48-51
  episodes 52-55
  episodes 56-59
  h0: all=0.0335 in=0.0180 out=0.0363 rew=0.0349 norew=0.0332
  h1: all=0.0406 in=0.0219 out=0.0440 rew=0.0444 norew=0.0396
  h5: all=0.0730 in=0.0388 out=0.0794 rew=0.0649 norew=0.0751
  h20: all=0.2431 in=0.1190 out=0.2662 rew=0.1412 norew=0.2688
-> /workspace/dreamerv3_runs/ax1wm_cup_fq2s0_seed4/e4_cup_v1
SKIP no ckpt: /workspace/dreamerv3_runs/ax1wm_cup_fq2s0_seed5
SKIP no ckpt: /workspace/dreamerv3_runs/ax1wm_cup_fq2s0_seed6
SKIP no ckpt: /workspace/dreamerv3_runs/ax1wm_cup_fq2s0_seed7
SKIP no ckpt: /workspace/dreamerv3_runs/ax1wm_cup_fq2s0_seed8
[Thu Jul 16 23:04:05 UTC 2026] E4 measure ax1wm_cup_fq2s1_seed1
Observations
  reward           Space(float32, shape=(), low=-inf, high=inf)
  is_first         Space(bool, shape=(), low=False, high=True)
  is_last          Space(bool, shape=(), low=False, high=True)
  is_terminal      Space(bool, shape=(), low=False, high=True)
  position         Space(float32, shape=(4,), low=-inf, high=inf)
  velocity         Space(float32, shape=(4,), low=-inf, high=inf)
Actions
  action           Space(float32, shape=(2,), low=-1.0, high=1.0)
Extras
  consec           Space(int32, shape=(), low=-2147483648, high=2147483647)
  stepid           Space(uint8, shape=(20,), low=0, high=255)
  dyn/deter        Space(float32, shape=(512,), low=-inf, high=inf)
  dyn/stoch        Space(float32, shape=(32, 4), low=-inf, high=inf)
JAX devices (1): [cuda:0]
Policy devices: cuda:0
Train devices:  cuda:0
Initializing parameters...
/workspace/dreamerv3/embodied/jax/agent.py:112: DeprecationWarning: `with mesh:` context manager has been deprecated. Please use `with jax.set_mesh(mesh):` instead.
  with self.train_mesh:
Optimizer opt has 580,364 params:
       364,160 dyn
        66,111 val
        50,056 dec
        49,796 pol
        41,153 con
         9,088 enc
/workspace/conda_envs/dreamerv3/lib/python3.11/site-packages/optax/_src/linear_algebra.py:44: DeprecationWarning: optax.global_norm is deprecated in favor of optax.tree.norm
  warnings.warn(
Done initializing!
Compiling 1 checkpoint groups...
Largest checkpoint group: 0 GB
Loading checkpoint: /workspace/dreamerv3_runs/ax1wm_cup_fq2s1_seed1/ckpt/20260712T214301F448007-000000500000
Loaded checkpoint.
ax1wm_cup_fq2s1_seed1: expl.mode=apt reward_aware=False horizons=(1, 5, 20) probes 60x1001
  episodes 0-3
  episodes 4-7
  episodes 8-11
  episodes 12-15
  episodes 16-19
  episodes 20-23
  episodes 24-27
  episodes 28-31
  episodes 32-35
  episodes 36-39
  episodes 40-43
  episodes 44-47
  episodes 48-51
  episodes 52-55
  episodes 56-59
  h0: all=0.0431 in=0.0112 out=0.0489 rew=0.0175 norew=0.0494
  h1: all=0.0571 in=0.0134 out=0.0652 rew=0.0255 norew=0.0649
  h5: all=0.0837 in=0.0174 out=0.0960 rew=0.0368 norew=0.0954
  h20: all=0.2103 in=0.0597 out=0.2383 rew=0.1030 norew=0.2374
-> /workspace/dreamerv3_runs/ax1wm_cup_fq2s1_seed1/e4_cup_v1
[Thu Jul 16 23:04:35 UTC 2026] E4 measure ax1wm_cup_fq2s1_seed2
Observations
  reward           Space(float32, shape=(), low=-inf, high=inf)
  is_first         Space(bool, shape=(), low=False, high=True)
  is_last          Space(bool, shape=(), low=False, high=True)
  is_terminal      Space(bool, shape=(), low=False, high=True)
  position         Space(float32, shape=(4,), low=-inf, high=inf)
  velocity         Space(float32, shape=(4,), low=-inf, high=inf)
Actions
  action           Space(float32, shape=(2,), low=-1.0, high=1.0)
Extras
  consec           Space(int32, shape=(), low=-2147483648, high=2147483647)
  stepid           Space(uint8, shape=(20,), low=0, high=255)
  dyn/deter        Space(float32, shape=(512,), low=-inf, high=inf)
  dyn/stoch        Space(float32, shape=(32, 4), low=-inf, high=inf)
JAX devices (1): [cuda:0]
Policy devices: cuda:0
Train devices:  cuda:0
Initializing parameters...
/workspace/dreamerv3/embodied/jax/agent.py:112: DeprecationWarning: `with mesh:` context manager has been deprecated. Please use `with jax.set_mesh(mesh):` instead.
  with self.train_mesh:
Optimizer opt has 580,364 params:
       364,160 dyn
        66,111 val
        50,056 dec
        49,796 pol
        41,153 con
         9,088 enc
/workspace/conda_envs/dreamerv3/lib/python3.11/site-packages/optax/_src/linear_algebra.py:44: DeprecationWarning: optax.global_norm is deprecated in favor of optax.tree.norm
  warnings.warn(
Done initializing!
Compiling 1 checkpoint groups...
Largest checkpoint group: 0 GB
Loading checkpoint: /workspace/dreamerv3_runs/ax1wm_cup_fq2s1_seed2/ckpt/20260712T212327F204472-000000500000
Loaded checkpoint.
ax1wm_cup_fq2s1_seed2: expl.mode=apt reward_aware=False horizons=(1, 5, 20) probes 60x1001
  episodes 0-3
  episodes 4-7
  episodes 8-11
  episodes 12-15
  episodes 16-19
  episodes 20-23
  episodes 24-27
  episodes 28-31
  episodes 32-35
  episodes 36-39
  episodes 40-43
  episodes 44-47
  episodes 48-51
  episodes 52-55
  episodes 56-59
  h0: all=0.0326 in=0.0105 out=0.0366 rew=0.0174 norew=0.0363
  h1: all=0.0425 in=0.0134 out=0.0479 rew=0.0240 norew=0.0471
  h5: all=0.0673 in=0.0176 out=0.0765 rew=0.0346 norew=0.0754
  h20: all=0.1920 in=0.0573 out=0.2171 rew=0.0917 norew=0.2173
-> /workspace/dreamerv3_runs/ax1wm_cup_fq2s1_seed2/e4_cup_v1
[Thu Jul 16 23:05:05 UTC 2026] E4 measure ax1wm_cup_fq2s1_seed3
Observations
  reward           Space(float32, shape=(), low=-inf, high=inf)
  is_first         Space(bool, shape=(), low=False, high=True)
  is_last          Space(bool, shape=(), low=False, high=True)
  is_terminal      Space(bool, shape=(), low=False, high=True)
  position         Space(float32, shape=(4,), low=-inf, high=inf)
  velocity         Space(float32, shape=(4,), low=-inf, high=inf)
Actions
  action           Space(float32, shape=(2,), low=-1.0, high=1.0)
Extras
  consec           Space(int32, shape=(), low=-2147483648, high=2147483647)
  stepid           Space(uint8, shape=(20,), low=0, high=255)
  dyn/deter        Space(float32, shape=(512,), low=-inf, high=inf)
  dyn/stoch        Space(float32, shape=(32, 4), low=-inf, high=inf)
JAX devices (1): [cuda:0]
Policy devices: cuda:0
Train devices:  cuda:0
Initializing parameters...
/workspace/dreamerv3/embodied/jax/agent.py:112: DeprecationWarning: `with mesh:` context manager has been deprecated. Please use `with jax.set_mesh(mesh):` instead.
  with self.train_mesh:
Optimizer opt has 580,364 params:
       364,160 dyn
        66,111 val
        50,056 dec
        49,796 pol
        41,153 con
         9,088 enc
/workspace/conda_envs/dreamerv3/lib/python3.11/site-packages/optax/_src/linear_algebra.py:44: DeprecationWarning: optax.global_norm is deprecated in favor of optax.tree.norm
  warnings.warn(
Done initializing!
Compiling 1 checkpoint groups...
Largest checkpoint group: 0 GB
Loading checkpoint: /workspace/dreamerv3_runs/ax1wm_cup_fq2s1_seed3/ckpt/20260712T211413F055785-000000500000
Loaded checkpoint.
ax1wm_cup_fq2s1_seed3: expl.mode=apt reward_aware=False horizons=(1, 5, 20) probes 60x1001
  episodes 0-3
  episodes 4-7
  episodes 8-11
  episodes 12-15
  episodes 16-19
  episodes 20-23
  episodes 24-27
  episodes 28-31
  episodes 32-35
  episodes 36-39
  episodes 40-43
  episodes 44-47
  episodes 48-51
  episodes 52-55
  episodes 56-59
  h0: all=0.0414 in=0.0124 out=0.0467 rew=0.0184 norew=0.0471
  h1: all=0.0562 in=0.0151 out=0.0637 rew=0.0272 norew=0.0633
  h5: all=0.0820 in=0.0202 out=0.0934 rew=0.0390 norew=0.0926
  h20: all=0.2088 in=0.0571 out=0.2370 rew=0.0923 norew=0.2381
-> /workspace/dreamerv3_runs/ax1wm_cup_fq2s1_seed3/e4_cup_v1
[Thu Jul 16 23:05:35 UTC 2026] E4 measure ax1wm_cup_fq2s1_seed4
Observations
  reward           Space(float32, shape=(), low=-inf, high=inf)
  is_first         Space(bool, shape=(), low=False, high=True)
  is_last          Space(bool, shape=(), low=False, high=True)
  is_terminal      Space(bool, shape=(), low=False, high=True)
  position         Space(float32, shape=(4,), low=-inf, high=inf)
  velocity         Space(float32, shape=(4,), low=-inf, high=inf)
Actions
  action           Space(float32, shape=(2,), low=-1.0, high=1.0)
Extras
  consec           Space(int32, shape=(), low=-2147483648, high=2147483647)
  stepid           Space(uint8, shape=(20,), low=0, high=255)
  dyn/deter        Space(float32, shape=(512,), low=-inf, high=inf)
  dyn/stoch        Space(float32, shape=(32, 4), low=-inf, high=inf)
JAX devices (1): [cuda:0]
Policy devices: cuda:0
Train devices:  cuda:0
Initializing parameters...
/workspace/dreamerv3/embodied/jax/agent.py:112: DeprecationWarning: `with mesh:` context manager has been deprecated. Please use `with jax.set_mesh(mesh):` instead.
  with self.train_mesh:
Optimizer opt has 580,364 params:
       364,160 dyn
        66,111 val
        50,056 dec
        49,796 pol
        41,153 con
         9,088 enc
/workspace/conda_envs/dreamerv3/lib/python3.11/site-packages/optax/_src/linear_algebra.py:44: DeprecationWarning: optax.global_norm is deprecated in favor of optax.tree.norm
  warnings.warn(
Done initializing!
Compiling 1 checkpoint groups...
Largest checkpoint group: 0 GB
Loading checkpoint: /workspace/dreamerv3_runs/ax1wm_cup_fq2s1_seed4/ckpt/20260712T211657F641108-000000500000
Loaded checkpoint.
ax1wm_cup_fq2s1_seed4: expl.mode=apt reward_aware=False horizons=(1, 5, 20) probes 60x1001
  episodes 0-3
  episodes 4-7
  episodes 8-11
  episodes 12-15
  episodes 16-19
  episodes 20-23
  episodes 24-27
  episodes 28-31
  episodes 32-35
  episodes 36-39
  episodes 40-43
  episodes 44-47
  episodes 48-51
  episodes 52-55
  episodes 56-59
  h0: all=0.0311 in=0.0097 out=0.0350 rew=0.0139 norew=0.0353
  h1: all=0.0431 in=0.0126 out=0.0487 rew=0.0200 norew=0.0488
  h5: all=0.0656 in=0.0174 out=0.0746 rew=0.0279 norew=0.0750
  h20: all=0.1853 in=0.0549 out=0.2095 rew=0.0822 norew=0.2113
-> /workspace/dreamerv3_runs/ax1wm_cup_fq2s1_seed4/e4_cup_v1
SKIP no ckpt: /workspace/dreamerv3_runs/ax1wm_cup_fq2s1_seed5
SKIP no ckpt: /workspace/dreamerv3_runs/ax1wm_cup_fq2s1_seed6
SKIP no ckpt: /workspace/dreamerv3_runs/ax1wm_cup_fq2s1_seed7
SKIP no ckpt: /workspace/dreamerv3_runs/ax1wm_cup_fq2s1_seed8
[Thu Jul 16 23:06:05 UTC 2026] measured 32 new, 0 already done, 16 skipped
128 rows (32 runs) -> /workspace/dreamerv3_runs/e4_cup_apt_v1.csv
[Thu Jul 16 23:06:05 UTC 2026] E4 sweep DONE -> /workspace/dreamerv3_runs/e4_cup_apt_v1.csv
[Sat Jul 18 18:28:34 UTC 2026] tdmpc2_f1 start label=inst4 shard=3 gpu=3 tasks=1
[Sat Jul 18 18:28:34 UTC 2026] tdmpc2_f1 done label=inst4 shard=3 gpu=3
[Sat Jul 18 21:11:37 UTC 2026] START gpu=3 adapt_tm2freeq1s1_finger_seed12_ckpt500000
[Sun Jul 19 06:15:52 UTC 2026] DONE adapt_tm2freeq1s1_finger_seed12_ckpt500000
[Sun Jul 19 06:15:52 UTC 2026] START gpu=3 adapt_tm2freeq1s1_finger_seed16_ckpt500000
[Sun Jul 19 15:42:43 UTC 2026] DONE adapt_tm2freeq1s1_finger_seed16_ckpt500000
[Sun Jul 19 17:15:55 UTC 2026] GPU 3 busy; waiting
[Sun Jul 19 17:20:55 UTC 2026] GPU 3 busy; waiting
[Sun Jul 19 17:25:55 UTC 2026] GPU 3 busy; waiting
[Sun Jul 19 17:30:55 UTC 2026] GPU 3 busy; waiting
[Sun Jul 19 21:31:37 UTC 2026] START gpu=3 adapt_tm2awareq1s1_finger_seed16_ckpt500000
[Sun Jul 19 21:31:37 UTC 2026] START gpu=3 adapt_tm2freeq1s0_finger_seed13_ckpt500000
[Mon Jul 20 00:38:59 UTC 2026] DONE gpu=3 adapt_tm2awareq1s1_finger_seed16_ckpt500000 rc=0 log=/workspace/dreamerv3_runs/_cloud_logs/adapt_tm2awareq1s1_finger_seed16_ckpt500000.out
[Mon Jul 20 00:40:23 UTC 2026] DONE gpu=3 adapt_tm2freeq1s0_finger_seed13_ckpt500000 rc=0 log=/workspace/dreamerv3_runs/_cloud_logs/adapt_tm2freeq1s0_finger_seed13_ckpt500000.out
