[Fri Jul 17 08:58:14 CDT 2026] d0 RUN_ID=d1pilot_cup_e1_seed2 TASK=dmc_cup_catch DOSE=e1 SEED=2 STEPS=1e5 -> /scratch/midway3/rickybao/dreamerv3_runs/d1pilot_cup_e1_seed2
2026-07-17 09:00:15.077979: E external/xla/xla/python/profiler/internal/python_hooks.cc:400] Can't import tensorflow.python.profiler.trace
2026-07-17 09:00:17.079994: E external/xla/xla/python/profiler/internal/python_hooks.cc:400] Can't import tensorflow.python.profiler.trace
---  ___                           __   ______ ---
--- |   \ _ _ ___ __ _ _ __  ___ _ \ \ / /__ / ---
--- | |) | '_/ -_) _` | '  \/ -_) '/\ V / |_ \ ---
--- |___/|_| \___\__,_|_|_|_\___|_|  \_/ |___/ ---
Replica: 0 / 1
Logdir: /scratch/midway3/rickybao/dreamerv3_runs/d1pilot_cup_e1_seed2
Run script: train
Observations
  reward           Space(float32, shape=(), low=-inf, high=inf)
  is_first         Space(bool, shape=(), low=False, high=True)
  is_last          Space(bool, shape=(), low=False, high=True)
  is_terminal      Space(bool, shape=(), low=False, high=True)
  position         Space(float32, shape=(4,), low=-inf, high=inf)
  velocity         Space(float32, shape=(4,), low=-inf, high=inf)
Actions
  action           Space(float32, shape=(2,), low=-1.0, high=1.0)
Extras
  consec           Space(int32, shape=(), low=-2147483648, high=2147483647)
  stepid           Space(uint8, shape=(20,), low=0, high=255)
  dyn/deter        Space(float32, shape=(512,), low=-inf, high=inf)
  dyn/stoch        Space(float32, shape=(32, 4), low=-inf, high=inf)
JAX devices (1): [cuda:0]
Policy devices: cuda:0
Train devices:  cuda:0
Initializing parameters...
Optimizer opt has 4,131,718 params:
     3,163,136 disag
       396,666 val
       364,160 dyn
        66,111 valens2
        66,111 valens0
        66,111 valens4
        66,111 valens1
        66,111 valens3
        57,663 rew
        50,056 dec
        49,796 pol
        41,153 con
         9,088 enc
Done initializing!
Compiling 1 checkpoint groups...
Largest checkpoint group: 0 GB
Compiling train and report...
Train cost analysis:
  FLOPS:            2.9e+10
  Memory (temp):    7.0e+08
  Memory (inputs):  5.4e+07
  Memory (outputs): 5.3e+07
  Memory (code):    4.0e+06

Report cost analysis:
  FLOPS:            1.9e+06
  Memory (temp):    9.2e+05
  Memory (inputs):  2.7e+06
  Memory (outputs): 2.1e+04
  Memory (code):    9.6e+04

Done compiling!
Did not find any checkpoint.
Saving checkpoint: /scratch/midway3/rickybao/dreamerv3_runs/d1pilot_cup_e1_seed2/ckpt/20260717T090006F307516
Saved checkpoint.
Start training loop
Start JAX profiler: /scratch/midway3/rickybao/dreamerv3_runs/d1pilot_cup_e1_seed2
Stop JAX profiler

--------------------[Agent Step 3_888]--------------------
Metrics filtered by: 'score|length|fps|ratio|train/loss/|train/rand/'
train/loss/con 0.05 / train/loss/disag 0.06 / train/loss/dyn 1.58 / train/loss/policy 0.56 / train/loss/position 0.14 / train/loss/rep 1.58 / train/loss/repval 6.91 / train/loss/rew 2.75 / train/loss/valens 5.07 / train/loss/valensrep 7.04 / train/loss/value 4.95 / train/loss/velocity 0.49 / replay/replay_ratio 668.88 / fps/policy 31.6 / fps/train 1.5e4

Writing metrics: /scratch/midway3/rickybao/dreamerv3_runs/d1pilot_cup_e1_seed2/metrics.jsonl
Writing metrics: /scratch/midway3/rickybao/dreamerv3_runs/d1pilot_cup_e1_seed2/scores.jsonl

--------------------[Agent Step 5_824]--------------------
Metrics filtered by: 'score|length|fps|ratio|train/loss/|train/rand/'
train/loss/con 0.02 / train/loss/disag 6.4e-3 / train/loss/dyn 1.11 / train/loss/policy 0.68 / train/loss/position 8.7e-3 / train/loss/rep 1.11 / train/loss/repval 3.33 / train/loss/rew 0.27 / train/loss/valens 2.63 / train/loss/valensrep 3.53 / train/loss/value 2.47 / train/loss/velocity 0.07 / replay/replay_ratio 1040 / fps/policy 16.11 / fps/train 1.6e4

Writing metrics: /scratch/midway3/rickybao/dreamerv3_runs/d1pilot_cup_e1_seed2/metrics.jsonl
Writing metrics: /scratch/midway3/rickybao/dreamerv3_runs/d1pilot_cup_e1_seed2/scores.jsonl

--------------------[Agent Step 7_776]--------------------
Metrics filtered by: 'score|length|fps|ratio|train/loss/|train/rand/'
train/loss/con 0.02 / train/loss/disag 3.8e-3 / train/loss/dyn 1.03 / train/loss/policy 0.31 / train/loss/position 2.6e-3 / train/loss/rep 1.03 / train/loss/repval 1.68 / train/loss/rew 0.1 / train/loss/valens 1.35 / train/loss/valensrep 1.39 / train/loss/value 1.5 / train/loss/velocity 0.04 / replay/replay_ratio 1040 / fps/policy 16.16 / fps/train 1.7e4

Writing metrics: /scratch/midway3/rickybao/dreamerv3_runs/d1pilot_cup_e1_seed2/metrics.jsonl
Writing metrics: /scratch/midway3/rickybao/dreamerv3_runs/d1pilot_cup_e1_seed2/scores.jsonl

--------------------[Agent Step 9_744]--------------------
Metrics filtered by: 'score|length|fps|ratio|train/loss/|train/rand/'
train/loss/con 0.02 / train/loss/disag 2.3e-3 / train/loss/dyn 1.03 / train/loss/policy 0.09 / train/loss/position 1.7e-3 / train/loss/rep 1.03 / train/loss/repval 2 / train/loss/rew 0.06 / train/loss/valens 1.64 / train/loss/valensrep 1.98 / train/loss/value 1.78 / train/loss/velocity 0.03 / replay/replay_ratio 1040 / fps/policy 16.27 / fps/train 1.7e4

Writing metrics: /scratch/midway3/rickybao/dreamerv3_runs/d1pilot_cup_e1_seed2/metrics.jsonl
Writing metrics: /scratch/midway3/rickybao/dreamerv3_runs/d1pilot_cup_e1_seed2/scores.jsonl

--------------------[Agent Step 11_696]--------------------
Metrics filtered by: 'score|length|fps|ratio|train/loss/|train/rand/'
train/loss/con 0.02 / train/loss/disag 1.7e-3 / train/loss/dyn 1.02 / train/loss/policy 0.06 / train/loss/position 1.4e-3 / train/loss/rep 1.02 / train/loss/repval 1.94 / train/loss/rew 0.05 / train/loss/valens 1.32 / train/loss/valensrep 1.9 / train/loss/value 1.46 / train/loss/velocity 0.02 / replay/replay_ratio 1040 / fps/policy 16.16 / fps/train 1.7e4

Writing metrics: /scratch/midway3/rickybao/dreamerv3_runs/d1pilot_cup_e1_seed2/scores.jsonl
Writing metrics: /scratch/midway3/rickybao/dreamerv3_runs/d1pilot_cup_e1_seed2/metrics.jsonl

--------------------[Agent Step 13_632]--------------------
Metrics filtered by: 'score|length|fps|ratio|train/loss/|train/rand/'
train/loss/con 0.02 / train/loss/disag 1.4e-3 / train/loss/dyn 1.06 / train/loss/policy 0.04 / train/loss/position 2.7e-3 / train/loss/rep 1.06 / train/loss/repval 1.94 / train/loss/rew 0.06 / train/loss/valens 1.01 / train/loss/valensrep 1.57 / train/loss/value 1.39 / train/loss/velocity 0.03 / replay/replay_ratio 1040 / fps/policy 16.11 / fps/train 1.6e4

Writing metrics: /scratch/midway3/rickybao/dreamerv3_runs/d1pilot_cup_e1_seed2/metrics.jsonl
Writing metrics: /scratch/midway3/rickybao/dreamerv3_runs/d1pilot_cup_e1_seed2/scores.jsonl

--------------------[Agent Step 15_584]--------------------
Metrics filtered by: 'score|length|fps|ratio|train/loss/|train/rand/'
train/loss/con 0.02 / train/loss/disag 1.6e-3 / train/loss/dyn 1.15 / train/loss/policy 0.03 / train/loss/position 2.8e-3 / train/loss/rep 1.15 / train/loss/repval 1.82 / train/loss/rew 0.06 / train/loss/valens 1.82 / train/loss/valensrep 2.25 / train/loss/value 1.45 / train/loss/velocity 0.04 / replay/replay_ratio 1040 / fps/policy 16.22 / fps/train 1.7e4

Writing metrics: /scratch/midway3/rickybao/dreamerv3_runs/d1pilot_cup_e1_seed2/metrics.jsonl
Writing metrics: /scratch/midway3/rickybao/dreamerv3_runs/d1pilot_cup_e1_seed2/scores.jsonl
Saving checkpoint: /scratch/midway3/rickybao/dreamerv3_runs/d1pilot_cup_e1_seed2/ckpt/20260717T091508F242617
Saved checkpoint.

--------------------[Agent Step 17_520]--------------------
Metrics filtered by: 'score|length|fps|ratio|train/loss/|train/rand/'
episode/score 0 / episode/length 1001 / train/loss/con 0.02 / train/loss/disag 1.3e-3 / train/loss/dyn 1.06 / train/loss/policy 0.02 / train/loss/position 1.8e-3 / train/loss/rep 1.06 / train/loss/repval 1.59 / train/loss/rew 0.05 / train/loss/valens 1.11 / train/loss/valensrep 1.82 / train/loss/value 0.83 / train/loss/velocity 0.03 / replay/replay_ratio 1040 / fps/policy 16.01 / fps/train 1.6e4

Writing metrics: /scratch/midway3/rickybao/dreamerv3_runs/d1pilot_cup_e1_seed2/metrics.jsonl
Writing metrics: /scratch/midway3/rickybao/dreamerv3_runs/d1pilot_cup_e1_seed2/scores.jsonl

--------------------[Agent Step 19_440]--------------------
Metrics filtered by: 'score|length|fps|ratio|train/loss/|train/rand/'
train/loss/con 0.02 / train/loss/disag 1.2e-3 / train/loss/dyn 1.05 / train/loss/policy 0.01 / train/loss/position 1.9e-3 / train/loss/rep 1.05 / train/loss/repval 1.51 / train/loss/rew 0.05 / train/loss/valens 1.08 / train/loss/valensrep 1.64 / train/loss/value 1.11 / train/loss/velocity 0.03 / replay/replay_ratio 1040 / fps/policy 15.99 / fps/train 1.6e4

Writing metrics: /scratch/midway3/rickybao/dreamerv3_runs/d1pilot_cup_e1_seed2/metrics.jsonl
Writing metrics: /scratch/midway3/rickybao/dreamerv3_runs/d1pilot_cup_e1_seed2/scores.jsonl

--------------------[Agent Step 21_376]--------------------
Metrics filtered by: 'score|length|fps|ratio|train/loss/|train/rand/'
train/loss/con 0.02 / train/loss/disag 1.4e-3 / train/loss/dyn 1.09 / train/loss/policy 6.6e-3 / train/loss/position 2.5e-3 / train/loss/rep 1.09 / train/loss/repval 1.72 / train/loss/rew 0.05 / train/loss/valens 1.12 / train/loss/valensrep 1.68 / train/loss/value 1.03 / train/loss/velocity 0.03 / replay/replay_ratio 1040 / fps/policy 16 / fps/train 1.6e4

Writing metrics: /scratch/midway3/rickybao/dreamerv3_runs/d1pilot_cup_e1_seed2/metrics.jsonl
Writing metrics: /scratch/midway3/rickybao/dreamerv3_runs/d1pilot_cup_e1_seed2/scores.jsonl

--------------------[Agent Step 23_328]--------------------
Metrics filtered by: 'score|length|fps|ratio|train/loss/|train/rand/'
train/loss/con 0.02 / train/loss/disag 1.1e-3 / train/loss/dyn 1.04 / train/loss/policy 6.3e-3 / train/loss/position 2e-3 / train/loss/rep 1.04 / train/loss/repval 1.42 / train/loss/rew 0.06 / train/loss/valens 1.04 / train/loss/valensrep 1.5 / train/loss/value 0.88 / train/loss/velocity 0.03 / replay/replay_ratio 1040 / fps/policy 16.19 / fps/train 1.7e4

Writing metrics: /scratch/midway3/rickybao/dreamerv3_runs/d1pilot_cup_e1_seed2/metrics.jsonl
Writing metrics: /scratch/midway3/rickybao/dreamerv3_runs/d1pilot_cup_e1_seed2/scores.jsonl

--------------------[Agent Step 25_264]--------------------
Metrics filtered by: 'score|length|fps|ratio|train/loss/|train/rand/'
train/loss/con 0.02 / train/loss/disag 2.1e-3 / train/loss/dyn 1.19 / train/loss/policy 3.9e-3 / train/loss/position 4.2e-3 / train/loss/rep 1.19 / train/loss/repval 2.06 / train/loss/rew 0.09 / train/loss/valens 1.69 / train/loss/valensrep 2.1 / train/loss/value 1.71 / train/loss/velocity 0.05 / replay/replay_ratio 1040 / fps/policy 16.02 / fps/train 1.6e4

Writing metrics: /scratch/midway3/rickybao/dreamerv3_runs/d1pilot_cup_e1_seed2/scores.jsonl
Writing metrics: /scratch/midway3/rickybao/dreamerv3_runs/d1pilot_cup_e1_seed2/metrics.jsonl

--------------------[Agent Step 27_200]--------------------
Metrics filtered by: 'score|length|fps|ratio|train/loss/|train/rand/'
train/loss/con 0.02 / train/loss/disag 1.4e-3 / train/loss/dyn 1.05 / train/loss/policy 7.5e-3 / train/loss/position 1.7e-3 / train/loss/rep 1.05 / train/loss/repval 1.94 / train/loss/rew 0.07 / train/loss/valens 1.55 / train/loss/valensrep 1.99 / train/loss/value 1.4 / train/loss/velocity 0.03 / replay/replay_ratio 1040 / fps/policy 16.04 / fps/train 1.6e4

Writing metrics: /scratch/midway3/rickybao/dreamerv3_runs/d1pilot_cup_e1_seed2/metrics.jsonl
Writing metrics: /scratch/midway3/rickybao/dreamerv3_runs/d1pilot_cup_e1_seed2/scores.jsonl

--------------------[Agent Step 29_136]--------------------
Metrics filtered by: 'score|length|fps|ratio|train/loss/|train/rand/'
train/loss/con 0.02 / train/loss/disag 1.3e-3 / train/loss/dyn 1.05 / train/loss/policy 4.5e-3 / train/loss/position 1.6e-3 / train/loss/rep 1.05 / train/loss/repval 1.64 / train/loss/rew 0.07 / train/loss/valens 1.23 / train/loss/valensrep 1.6 / train/loss/value 1.26 / train/loss/velocity 0.03 / replay/replay_ratio 1040 / fps/policy 16.08 / fps/train 1.6e4

Writing metrics: /scratch/midway3/rickybao/dreamerv3_runs/d1pilot_cup_e1_seed2/metrics.jsonl
Writing metrics: /scratch/midway3/rickybao/dreamerv3_runs/d1pilot_cup_e1_seed2/scores.jsonl
Saving checkpoint: /scratch/midway3/rickybao/dreamerv3_runs/d1pilot_cup_e1_seed2/ckpt/20260717T093008F907128
Saved checkpoint.

--------------------[Agent Step 31_056]--------------------
Metrics filtered by: 'score|length|fps|ratio|train/loss/|train/rand/'
train/loss/con 0.02 / train/loss/disag 1.7e-3 / train/loss/dyn 1.06 / train/loss/policy 0.01 / train/loss/position 1.7e-3 / train/loss/rep 1.06 / train/loss/repval 1.83 / train/loss/rew 0.07 / train/loss/valens 1.59 / train/loss/valensrep 1.92 / train/loss/value 1.6 / train/loss/velocity 0.03 / replay/replay_ratio 1040 / fps/policy 15.9 / fps/train 1.6e4

Writing metrics: /scratch/midway3/rickybao/dreamerv3_runs/d1pilot_cup_e1_seed2/metrics.jsonl
Writing metrics: /scratch/midway3/rickybao/dreamerv3_runs/d1pilot_cup_e1_seed2/scores.jsonl

--------------------[Agent Step 32_992]--------------------
Metrics filtered by: 'score|length|fps|ratio|train/loss/|train/rand/'
episode/score 0 / episode/length 1001 / train/loss/con 0.02 / train/loss/disag 1.9e-3 / train/loss/dyn 1.06 / train/loss/policy 5.4e-3 / train/loss/position 1.9e-3 / train/loss/rep 1.06 / train/loss/repval 1.78 / train/loss/rew 0.07 / train/loss/valens 1.6 / train/loss/valensrep 1.87 / train/loss/value 1.4 / train/loss/velocity 0.03 / replay/replay_ratio 1040 / fps/policy 16.08 / fps/train 1.6e4

Writing metrics: /scratch/midway3/rickybao/dreamerv3_runs/d1pilot_cup_e1_seed2/metrics.jsonl
Writing metrics: /scratch/midway3/rickybao/dreamerv3_runs/d1pilot_cup_e1_seed2/scores.jsonl

--------------------[Agent Step 34_912]--------------------
Metrics filtered by: 'score|length|fps|ratio|train/loss/|train/rand/'
train/loss/con 0.02 / train/loss/disag 2.2e-3 / train/loss/dyn 1.08 / train/loss/policy 5.8e-3 / train/loss/position 2.1e-3 / train/loss/rep 1.08 / train/loss/repval 1.86 / train/loss/rew 0.08 / train/loss/valens 1.69 / train/loss/valensrep 2.05 / train/loss/value 1.32 / train/loss/velocity 0.03 / replay/replay_ratio 1040 / fps/policy 15.97 / fps/train 1.6e4

Writing metrics: /scratch/midway3/rickybao/dreamerv3_runs/d1pilot_cup_e1_seed2/metrics.jsonl
Writing metrics: /scratch/midway3/rickybao/dreamerv3_runs/d1pilot_cup_e1_seed2/scores.jsonl

--------------------[Agent Step 36_848]--------------------
Metrics filtered by: 'score|length|fps|ratio|train/loss/|train/rand/'
train/loss/con 0.02 / train/loss/disag 1.5e-3 / train/loss/dyn 1.05 / train/loss/policy 3.3e-3 / train/loss/position 1.5e-3 / train/loss/rep 1.05 / train/loss/repval 1.55 / train/loss/rew 0.08 / train/loss/valens 1.21 / train/loss/valensrep 1.68 / train/loss/value 1.3 / train/loss/velocity 0.03 / replay/replay_ratio 1040 / fps/policy 16 / fps/train 1.6e4

Writing metrics: /scratch/midway3/rickybao/dreamerv3_runs/d1pilot_cup_e1_seed2/metrics.jsonl
Writing metrics: /scratch/midway3/rickybao/dreamerv3_runs/d1pilot_cup_e1_seed2/scores.jsonl

--------------------[Agent Step 38_784]--------------------
Metrics filtered by: 'score|length|fps|ratio|train/loss/|train/rand/'
train/loss/con 0.02 / train/loss/disag 1.5e-3 / train/loss/dyn 1.07 / train/loss/policy 3.6e-3 / train/loss/position 1.7e-3 / train/loss/rep 1.07 / train/loss/repval 1.47 / train/loss/rew 0.08 / train/loss/valens 1.18 / train/loss/valensrep 1.58 / train/loss/value 1.41 / train/loss/velocity 0.03 / replay/replay_ratio 1040 / fps/policy 16.03 / fps/train 1.6e4

Writing metrics: /scratch/midway3/rickybao/dreamerv3_runs/d1pilot_cup_e1_seed2/metrics.jsonl
Writing metrics: /scratch/midway3/rickybao/dreamerv3_runs/d1pilot_cup_e1_seed2/scores.jsonl

--------------------[Agent Step 40_752]--------------------
Metrics filtered by: 'score|length|fps|ratio|train/loss/|train/rand/'
train/loss/con 0.02 / train/loss/disag 1.7e-3 / train/loss/dyn 1.09 / train/loss/policy 5.2e-3 / train/loss/position 1.7e-3 / train/loss/rep 1.09 / train/loss/repval 1.7 / train/loss/rew 0.09 / train/loss/valens 1.45 / train/loss/valensrep 1.83 / train/loss/value 1.43 / train/loss/velocity 0.03 / replay/replay_ratio 1040 / fps/policy 16.3 / fps/train 1.7e4

Writing metrics: /scratch/midway3/rickybao/dreamerv3_runs/d1pilot_cup_e1_seed2/metrics.jsonl
Writing metrics: /scratch/midway3/rickybao/dreamerv3_runs/d1pilot_cup_e1_seed2/scores.jsonl

--------------------[Agent Step 42_688]--------------------
Metrics filtered by: 'score|length|fps|ratio|train/loss/|train/rand/'
train/loss/con 0.02 / train/loss/disag 1.8e-3 / train/loss/dyn 1.09 / train/loss/policy 7.2e-3 / train/loss/position 1.7e-3 / train/loss/rep 1.09 / train/loss/repval 1.84 / train/loss/rew 0.09 / train/loss/valens 1.37 / train/loss/valensrep 1.74 / train/loss/value 1.68 / train/loss/velocity 0.03 / replay/replay_ratio 1040 / fps/policy 16.05 / fps/train 1.6e4

Writing metrics: /scratch/midway3/rickybao/dreamerv3_runs/d1pilot_cup_e1_seed2/metrics.jsonl
Writing metrics: /scratch/midway3/rickybao/dreamerv3_runs/d1pilot_cup_e1_seed2/scores.jsonl

--------------------[Agent Step 44_656]--------------------
Metrics filtered by: 'score|length|fps|ratio|train/loss/|train/rand/'
train/loss/con 0.02 / train/loss/disag 2.7e-3 / train/loss/dyn 1.15 / train/loss/policy 0.02 / train/loss/position 2.1e-3 / train/loss/rep 1.15 / train/loss/repval 2.37 / train/loss/rew 0.1 / train/loss/valens 2 / train/loss/valensrep 2.3 / train/loss/value 2.12 / train/loss/velocity 0.04 / replay/replay_ratio 1040 / fps/policy 16.29 / fps/train 1.7e4

Writing metrics: /scratch/midway3/rickybao/dreamerv3_runs/d1pilot_cup_e1_seed2/scores.jsonl
Writing metrics: /scratch/midway3/rickybao/dreamerv3_runs/d1pilot_cup_e1_seed2/metrics.jsonl
Saving checkpoint: /scratch/midway3/rickybao/dreamerv3_runs/d1pilot_cup_e1_seed2/ckpt/20260717T094509F272579
Saved checkpoint.

--------------------[Agent Step 46_608]--------------------
Metrics filtered by: 'score|length|fps|ratio|train/loss/|train/rand/'
train/loss/con 0.02 / train/loss/disag 1.7e-3 / train/loss/dyn 1.06 / train/loss/policy 0.01 / train/loss/position 1.2e-3 / train/loss/rep 1.06 / train/loss/repval 1.81 / train/loss/rew 0.11 / train/loss/valens 1.77 / train/loss/valensrep 1.98 / train/loss/value 1.7 / train/loss/velocity 0.03 / replay/replay_ratio 1040 / fps/policy 16.16 / fps/train 1.7e4

Writing metrics: /scratch/midway3/rickybao/dreamerv3_runs/d1pilot_cup_e1_seed2/metrics.jsonl
Writing metrics: /scratch/midway3/rickybao/dreamerv3_runs/d1pilot_cup_e1_seed2/scores.jsonl

--------------------[Agent Step 48_528]--------------------
Metrics filtered by: 'score|length|fps|ratio|train/loss/|train/rand/'
episode/score 978 / episode/length 1001 / train/loss/con 0.02 / train/loss/disag 1.7e-3 / train/loss/dyn 1.08 / train/loss/policy 0.01 / train/loss/position 1.5e-3 / train/loss/rep 1.08 / train/loss/repval 1.5 / train/loss/rew 0.12 / train/loss/valens 1.23 / train/loss/valensrep 1.49 / train/loss/value 1.34 / train/loss/velocity 0.03 / replay/replay_ratio 1040 / fps/policy 15.99 / fps/train 1.6e4

Writing metrics: /scratch/midway3/rickybao/dreamerv3_runs/d1pilot_cup_e1_seed2/metrics.jsonl
Writing metrics: /scratch/midway3/rickybao/dreamerv3_runs/d1pilot_cup_e1_seed2/scores.jsonl

--------------------[Agent Step 50_448]--------------------
Metrics filtered by: 'score|length|fps|ratio|train/loss/|train/rand/'
train/loss/con 0.02 / train/loss/disag 2.1e-3 / train/loss/dyn 1.12 / train/loss/policy 7.4e-3 / train/loss/position 1.6e-3 / train/loss/rep 1.12 / train/loss/repval 1.69 / train/loss/rew 0.12 / train/loss/valens 1.29 / train/loss/valensrep 1.51 / train/loss/value 1.53 / train/loss/velocity 0.03 / replay/replay_ratio 1040 / fps/policy 15.96 / fps/train 1.6e4

Writing metrics: /scratch/midway3/rickybao/dreamerv3_runs/d1pilot_cup_e1_seed2/metrics.jsonl
Writing metrics: /scratch/midway3/rickybao/dreamerv3_runs/d1pilot_cup_e1_seed2/scores.jsonl

--------------------[Agent Step 52_400]--------------------
Metrics filtered by: 'score|length|fps|ratio|train/loss/|train/rand/'
train/loss/con 0.02 / train/loss/disag 2.6e-3 / train/loss/dyn 1.14 / train/loss/policy 9.4e-3 / train/loss/position 1.7e-3 / train/loss/rep 1.14 / train/loss/repval 1.9 / train/loss/rew 0.12 / train/loss/valens 1.44 / train/loss/valensrep 1.78 / train/loss/value 1.61 / train/loss/velocity 0.04 / replay/replay_ratio 1040 / fps/policy 16.15 / fps/train 1.7e4

Writing metrics: /scratch/midway3/rickybao/dreamerv3_runs/d1pilot_cup_e1_seed2/metrics.jsonl
Writing metrics: /scratch/midway3/rickybao/dreamerv3_runs/d1pilot_cup_e1_seed2/scores.jsonl

--------------------[Agent Step 54_304]--------------------
Metrics filtered by: 'score|length|fps|ratio|train/loss/|train/rand/'
train/loss/con 0.02 / train/loss/disag 2.5e-3 / train/loss/dyn 1.12 / train/loss/policy 7.4e-3 / train/loss/position 2e-3 / train/loss/rep 1.12 / train/loss/repval 1.71 / train/loss/rew 0.12 / train/loss/valens 1.46 / train/loss/valensrep 1.63 / train/loss/value 1.56 / train/loss/velocity 0.04 / replay/replay_ratio 1040 / fps/policy 15.76 / fps/train 1.6e4

Writing metrics: /scratch/midway3/rickybao/dreamerv3_runs/d1pilot_cup_e1_seed2/metrics.jsonl
Writing metrics: /scratch/midway3/rickybao/dreamerv3_runs/d1pilot_cup_e1_seed2/scores.jsonl

--------------------[Agent Step 56_256]--------------------
Metrics filtered by: 'score|length|fps|ratio|train/loss/|train/rand/'
train/loss/con 0.02 / train/loss/disag 2.2e-3 / train/loss/dyn 1.1 / train/loss/policy 3.7e-3 / train/loss/position 1.7e-3 / train/loss/rep 1.1 / train/loss/repval 1.38 / train/loss/rew 0.13 / train/loss/valens 1.32 / train/loss/valensrep 1.44 / train/loss/value 1.36 / train/loss/velocity 0.03 / replay/replay_ratio 1040 / fps/policy 16.15 / fps/train 1.7e4

Writing metrics: /scratch/midway3/rickybao/dreamerv3_runs/d1pilot_cup_e1_seed2/metrics.jsonl
Writing metrics: /scratch/midway3/rickybao/dreamerv3_runs/d1pilot_cup_e1_seed2/scores.jsonl

--------------------[Agent Step 58_224]--------------------
Metrics filtered by: 'score|length|fps|ratio|train/loss/|train/rand/'
train/loss/con 0.02 / train/loss/disag 2.1e-3 / train/loss/dyn 1.11 / train/loss/policy -2.3e-3 / train/loss/position 1.6e-3 / train/loss/rep 1.11 / train/loss/repval 1.24 / train/loss/rew 0.14 / train/loss/valens 1.24 / train/loss/valensrep 1.35 / train/loss/value 1.09 / train/loss/velocity 0.03 / replay/replay_ratio 1040 / fps/policy 16.28 / fps/train 1.7e4

Writing metrics: /scratch/midway3/rickybao/dreamerv3_runs/d1pilot_cup_e1_seed2/metrics.jsonl
Writing metrics: /scratch/midway3/rickybao/dreamerv3_runs/d1pilot_cup_e1_seed2/scores.jsonl
Saving checkpoint: /scratch/midway3/rickybao/dreamerv3_runs/d1pilot_cup_e1_seed2/ckpt/20260717T100009F606604
Saved checkpoint.

--------------------[Agent Step 60_176]--------------------
Metrics filtered by: 'score|length|fps|ratio|train/loss/|train/rand/'
train/loss/con 0.02 / train/loss/disag 2.1e-3 / train/loss/dyn 1.09 / train/loss/policy -4.5e-3 / train/loss/position 1.4e-3 / train/loss/rep 1.09 / train/loss/repval 1.19 / train/loss/rew 0.15 / train/loss/valens 1.15 / train/loss/valensrep 1.24 / train/loss/value 1.02 / train/loss/velocity 0.03 / replay/replay_ratio 1040 / fps/policy 16.23 / fps/train 1.7e4

Writing metrics: /scratch/midway3/rickybao/dreamerv3_runs/d1pilot_cup_e1_seed2/metrics.jsonl
Writing metrics: /scratch/midway3/rickybao/dreamerv3_runs/d1pilot_cup_e1_seed2/scores.jsonl

--------------------[Agent Step 62_096]--------------------
Metrics filtered by: 'score|length|fps|ratio|train/loss/|train/rand/'
train/loss/con 0.02 / train/loss/disag 2e-3 / train/loss/dyn 1.07 / train/loss/policy -0.01 / train/loss/position 1.2e-3 / train/loss/rep 1.07 / train/loss/repval 1.25 / train/loss/rew 0.17 / train/loss/valens 1.01 / train/loss/valensrep 1.15 / train/loss/value 1.16 / train/loss/velocity 0.03 / replay/replay_ratio 1040 / fps/policy 15.99 / fps/train 1.6e4

Writing metrics: /scratch/midway3/rickybao/dreamerv3_runs/d1pilot_cup_e1_seed2/metrics.jsonl
Writing metrics: /scratch/midway3/rickybao/dreamerv3_runs/d1pilot_cup_e1_seed2/scores.jsonl

--------------------[Agent Step 64_064]--------------------
Metrics filtered by: 'score|length|fps|ratio|train/loss/|train/rand/'
episode/score 901 / episode/length 1001 / train/loss/con 0.02 / train/loss/disag 2e-3 / train/loss/dyn 1.07 / train/loss/policy -0.01 / train/loss/position 1.1e-3 / train/loss/rep 1.07 / train/loss/repval 1.08 / train/loss/rew 0.18 / train/loss/valens 0.95 / train/loss/valensrep 1.03 / train/loss/value 1.08 / train/loss/velocity 0.02 / replay/replay_ratio 1040 / fps/policy 16.3 / fps/train 1.7e4

Writing metrics: /scratch/midway3/rickybao/dreamerv3_runs/d1pilot_cup_e1_seed2/metrics.jsonl
Writing metrics: /scratch/midway3/rickybao/dreamerv3_runs/d1pilot_cup_e1_seed2/scores.jsonl

--------------------[Agent Step 66_000]--------------------
Metrics filtered by: 'score|length|fps|ratio|train/loss/|train/rand/'
train/loss/con 0.02 / train/loss/disag 2e-3 / train/loss/dyn 1.07 / train/loss/policy -0.01 / train/loss/position 9.5e-4 / train/loss/rep 1.07 / train/loss/repval 1.15 / train/loss/rew 0.19 / train/loss/valens 1.07 / train/loss/valensrep 0.98 / train/loss/value 0.92 / train/loss/velocity 0.02 / replay/replay_ratio 1040 / fps/policy 16.06 / fps/train 1.6e4

Writing metrics: /scratch/midway3/rickybao/dreamerv3_runs/d1pilot_cup_e1_seed2/metrics.jsonl
Writing metrics: /scratch/midway3/rickybao/dreamerv3_runs/d1pilot_cup_e1_seed2/scores.jsonl

--------------------[Agent Step 67_936]--------------------
Metrics filtered by: 'score|length|fps|ratio|train/loss/|train/rand/'
train/loss/con 0.02 / train/loss/disag 2.2e-3 / train/loss/dyn 1.1 / train/loss/policy -0.04 / train/loss/position 1.2e-3 / train/loss/rep 1.1 / train/loss/repval 1.12 / train/loss/rew 0.21 / train/loss/valens 1.09 / train/loss/valensrep 1.1 / train/loss/value 0.84 / train/loss/velocity 0.03 / replay/replay_ratio 1040 / fps/policy 16.03 / fps/train 1.6e4

Writing metrics: /scratch/midway3/rickybao/dreamerv3_runs/d1pilot_cup_e1_seed2/metrics.jsonl
Writing metrics: /scratch/midway3/rickybao/dreamerv3_runs/d1pilot_cup_e1_seed2/scores.jsonl

--------------------[Agent Step 69_904]--------------------
Metrics filtered by: 'score|length|fps|ratio|train/loss/|train/rand/'
train/loss/con 0.02 / train/loss/disag 2.1e-3 / train/loss/dyn 1.06 / train/loss/policy -0.03 / train/loss/position 1e-3 / train/loss/rep 1.06 / train/loss/repval 0.8 / train/loss/rew 0.22 / train/loss/valens 0.97 / train/loss/valensrep 1.19 / train/loss/value 0.87 / train/loss/velocity 0.02 / replay/replay_ratio 1040 / fps/policy 16.31 / fps/train 1.7e4

Writing metrics: /scratch/midway3/rickybao/dreamerv3_runs/d1pilot_cup_e1_seed2/metrics.jsonl
Writing metrics: /scratch/midway3/rickybao/dreamerv3_runs/d1pilot_cup_e1_seed2/scores.jsonl

--------------------[Agent Step 71_856]--------------------
Metrics filtered by: 'score|length|fps|ratio|train/loss/|train/rand/'
train/loss/con 0.02 / train/loss/disag 2e-3 / train/loss/dyn 1.06 / train/loss/policy -0.03 / train/loss/position 1e-3 / train/loss/rep 1.06 / train/loss/repval 1.16 / train/loss/rew 0.23 / train/loss/valens 0.95 / train/loss/valensrep 1.14 / train/loss/value 0.88 / train/loss/velocity 0.02 / replay/replay_ratio 1040 / fps/policy 16.25 / fps/train 1.7e4

Writing metrics: /scratch/midway3/rickybao/dreamerv3_runs/d1pilot_cup_e1_seed2/scores.jsonl
Writing metrics: /scratch/midway3/rickybao/dreamerv3_runs/d1pilot_cup_e1_seed2/metrics.jsonl

--------------------[Agent Step 73_792]--------------------
Metrics filtered by: 'score|length|fps|ratio|train/loss/|train/rand/'
train/loss/con 0.02 / train/loss/disag 2.2e-3 / train/loss/dyn 1.07 / train/loss/policy -0.04 / train/loss/position 1.1e-3 / train/loss/rep 1.07 / train/loss/repval 1.18 / train/loss/rew 0.24 / train/loss/valens 1 / train/loss/valensrep 1.18 / train/loss/value 1.05 / train/loss/velocity 0.03 / replay/replay_ratio 1040 / fps/policy 16.12 / fps/train 1.7e4

Writing metrics: /scratch/midway3/rickybao/dreamerv3_runs/d1pilot_cup_e1_seed2/metrics.jsonl
Writing metrics: /scratch/midway3/rickybao/dreamerv3_runs/d1pilot_cup_e1_seed2/scores.jsonl
Saving checkpoint: /scratch/midway3/rickybao/dreamerv3_runs/d1pilot_cup_e1_seed2/ckpt/20260717T101510F154688
Saved checkpoint.

--------------------[Agent Step 75_744]--------------------
Metrics filtered by: 'score|length|fps|ratio|train/loss/|train/rand/'
train/loss/con 0.02 / train/loss/disag 2.3e-3 / train/loss/dyn 1.06 / train/loss/policy -0.05 / train/loss/position 1e-3 / train/loss/rep 1.06 / train/loss/repval 1.15 / train/loss/rew 0.25 / train/loss/valens 0.99 / train/loss/valensrep 1.23 / train/loss/value 1.11 / train/loss/velocity 0.02 / replay/replay_ratio 1040 / fps/policy 16.17 / fps/train 1.7e4

Writing metrics: /scratch/midway3/rickybao/dreamerv3_runs/d1pilot_cup_e1_seed2/metrics.jsonl
Writing metrics: /scratch/midway3/rickybao/dreamerv3_runs/d1pilot_cup_e1_seed2/scores.jsonl

--------------------[Agent Step 77_712]--------------------
Metrics filtered by: 'score|length|fps|ratio|train/loss/|train/rand/'
train/loss/con 0.02 / train/loss/disag 2.2e-3 / train/loss/dyn 1.06 / train/loss/policy -0.04 / train/loss/position 9.2e-4 / train/loss/rep 1.06 / train/loss/repval 1.17 / train/loss/rew 0.26 / train/loss/valens 1.15 / train/loss/valensrep 1.19 / train/loss/value 0.91 / train/loss/velocity 0.02 / replay/replay_ratio 1040 / fps/policy 16.28 / fps/train 1.7e4

Writing metrics: /scratch/midway3/rickybao/dreamerv3_runs/d1pilot_cup_e1_seed2/scores.jsonl
Writing metrics: /scratch/midway3/rickybao/dreamerv3_runs/d1pilot_cup_e1_seed2/metrics.jsonl

--------------------[Agent Step 79_664]--------------------
Metrics filtered by: 'score|length|fps|ratio|train/loss/|train/rand/'
train/loss/con 0.02 / train/loss/disag 2.3e-3 / train/loss/dyn 1.06 / train/loss/policy -0.04 / train/loss/position 9.4e-4 / train/loss/rep 1.06 / train/loss/repval 1.15 / train/loss/rew 0.27 / train/loss/valens 0.99 / train/loss/valensrep 1.22 / train/loss/value 0.86 / train/loss/velocity 0.02 / replay/replay_ratio 1040 / fps/policy 16.18 / fps/train 1.7e4

Writing metrics: /scratch/midway3/rickybao/dreamerv3_runs/d1pilot_cup_e1_seed2/metrics.jsonl
Writing metrics: /scratch/midway3/rickybao/dreamerv3_runs/d1pilot_cup_e1_seed2/scores.jsonl

--------------------[Agent Step 81_616]--------------------
Metrics filtered by: 'score|length|fps|ratio|train/loss/|train/rand/'
episode/score 936 / episode/length 1001 / train/loss/con 0.02 / train/loss/disag 2.3e-3 / train/loss/dyn 1.07 / train/loss/policy -0.04 / train/loss/position 1e-3 / train/loss/rep 1.07 / train/loss/repval 1.13 / train/loss/rew 0.28 / train/loss/valens 0.86 / train/loss/valensrep 1.1 / train/loss/value 0.84 / train/loss/velocity 0.02 / replay/replay_ratio 1040 / fps/policy 16.23 / fps/train 1.7e4

Writing metrics: /scratch/midway3/rickybao/dreamerv3_runs/d1pilot_cup_e1_seed2/metrics.jsonl
Writing metrics: /scratch/midway3/rickybao/dreamerv3_runs/d1pilot_cup_e1_seed2/scores.jsonl

--------------------[Agent Step 83_568]--------------------
Metrics filtered by: 'score|length|fps|ratio|train/loss/|train/rand/'
train/loss/con 0.02 / train/loss/disag 2.3e-3 / train/loss/dyn 1.07 / train/loss/policy -0.04 / train/loss/position 1e-3 / train/loss/rep 1.07 / train/loss/repval 1.12 / train/loss/rew 0.28 / train/loss/valens 0.86 / train/loss/valensrep 1.06 / train/loss/value 0.84 / train/loss/velocity 0.02 / replay/replay_ratio 1040 / fps/policy 16.24 / fps/train 1.7e4

Writing metrics: /scratch/midway3/rickybao/dreamerv3_runs/d1pilot_cup_e1_seed2/metrics.jsonl
Writing metrics: /scratch/midway3/rickybao/dreamerv3_runs/d1pilot_cup_e1_seed2/scores.jsonl

--------------------[Agent Step 85_520]--------------------
Metrics filtered by: 'score|length|fps|ratio|train/loss/|train/rand/'
train/loss/con 0.02 / train/loss/disag 2.4e-3 / train/loss/dyn 1.07 / train/loss/policy -0.03 / train/loss/position 9.9e-4 / train/loss/rep 1.07 / train/loss/repval 1.05 / train/loss/rew 0.29 / train/loss/valens 0.83 / train/loss/valensrep 1.01 / train/loss/value 0.78 / train/loss/velocity 0.02 / replay/replay_ratio 1040 / fps/policy 16.25 / fps/train 1.7e4

Writing metrics: /scratch/midway3/rickybao/dreamerv3_runs/d1pilot_cup_e1_seed2/metrics.jsonl
Writing metrics: /scratch/midway3/rickybao/dreamerv3_runs/d1pilot_cup_e1_seed2/scores.jsonl

--------------------[Agent Step 87_488]--------------------
Metrics filtered by: 'score|length|fps|ratio|train/loss/|train/rand/'
train/loss/con 0.02 / train/loss/disag 2.4e-3 / train/loss/dyn 1.07 / train/loss/policy -0.03 / train/loss/position 9.7e-4 / train/loss/rep 1.07 / train/loss/repval 0.92 / train/loss/rew 0.3 / train/loss/valens 0.82 / train/loss/valensrep 0.99 / train/loss/value 0.71 / train/loss/velocity 0.02 / replay/replay_ratio 1040 / fps/policy 16.27 / fps/train 1.7e4

Writing metrics: /scratch/midway3/rickybao/dreamerv3_runs/d1pilot_cup_e1_seed2/metrics.jsonl
Writing metrics: /scratch/midway3/rickybao/dreamerv3_runs/d1pilot_cup_e1_seed2/scores.jsonl
Saving checkpoint: /scratch/midway3/rickybao/dreamerv3_runs/d1pilot_cup_e1_seed2/ckpt/20260717T103010F615717
Saved checkpoint.

--------------------[Agent Step 89_408]--------------------
Metrics filtered by: 'score|length|fps|ratio|train/loss/|train/rand/'
train/loss/con 0.02 / train/loss/disag 2.4e-3 / train/loss/dyn 1.08 / train/loss/policy -0.03 / train/loss/position 9.4e-4 / train/loss/rep 1.08 / train/loss/repval 0.86 / train/loss/rew 0.31 / train/loss/valens 0.82 / train/loss/valensrep 0.99 / train/loss/value 0.68 / train/loss/velocity 0.02 / replay/replay_ratio 1040 / fps/policy 15.92 / fps/train 1.6e4

Writing metrics: /scratch/midway3/rickybao/dreamerv3_runs/d1pilot_cup_e1_seed2/metrics.jsonl
Writing metrics: /scratch/midway3/rickybao/dreamerv3_runs/d1pilot_cup_e1_seed2/scores.jsonl

--------------------[Agent Step 91_344]--------------------
Metrics filtered by: 'score|length|fps|ratio|train/loss/|train/rand/'
train/loss/con 0.02 / train/loss/disag 2.4e-3 / train/loss/dyn 1.08 / train/loss/policy -0.03 / train/loss/position 9.1e-4 / train/loss/rep 1.08 / train/loss/repval 0.8 / train/loss/rew 0.32 / train/loss/valens 0.85 / train/loss/valensrep 0.95 / train/loss/value 0.71 / train/loss/velocity 0.02 / replay/replay_ratio 1040 / fps/policy 16.07 / fps/train 1.6e4

Writing metrics: /scratch/midway3/rickybao/dreamerv3_runs/d1pilot_cup_e1_seed2/metrics.jsonl
Writing metrics: /scratch/midway3/rickybao/dreamerv3_runs/d1pilot_cup_e1_seed2/scores.jsonl

--------------------[Agent Step 93_312]--------------------
Metrics filtered by: 'score|length|fps|ratio|train/loss/|train/rand/'
train/loss/con 0.02 / train/loss/disag 2.5e-3 / train/loss/dyn 1.09 / train/loss/policy -0.03 / train/loss/position 8.9e-4 / train/loss/rep 1.09 / train/loss/repval 0.76 / train/loss/rew 0.32 / train/loss/valens 0.87 / train/loss/valensrep 0.91 / train/loss/value 0.73 / train/loss/velocity 0.02 / replay/replay_ratio 1040 / fps/policy 16.38 / fps/train 1.7e4

Writing metrics: /scratch/midway3/rickybao/dreamerv3_runs/d1pilot_cup_e1_seed2/metrics.jsonl
Writing metrics: /scratch/midway3/rickybao/dreamerv3_runs/d1pilot_cup_e1_seed2/scores.jsonl

--------------------[Agent Step 95_280]--------------------
Metrics filtered by: 'score|length|fps|ratio|train/loss/|train/rand/'
train/loss/con 0.02 / train/loss/disag 2.5e-3 / train/loss/dyn 1.1 / train/loss/policy -0.03 / train/loss/position 8.7e-4 / train/loss/rep 1.1 / train/loss/repval 0.74 / train/loss/rew 0.33 / train/loss/valens 0.86 / train/loss/valensrep 0.89 / train/loss/value 0.72 / train/loss/velocity 0.02 / replay/replay_ratio 1040 / fps/policy 16.31 / fps/train 1.7e4

Writing metrics: /scratch/midway3/rickybao/dreamerv3_runs/d1pilot_cup_e1_seed2/scores.jsonl
Writing metrics: /scratch/midway3/rickybao/dreamerv3_runs/d1pilot_cup_e1_seed2/metrics.jsonl

--------------------[Agent Step 97_264]--------------------
Metrics filtered by: 'score|length|fps|ratio|train/loss/|train/rand/'
episode/score 944 / episode/length 1001 / train/loss/con 0.02 / train/loss/disag 2.6e-3 / train/loss/dyn 1.12 / train/loss/policy -0.03 / train/loss/position 8.6e-4 / train/loss/rep 1.12 / train/loss/repval 0.7 / train/loss/rew 0.33 / train/loss/valens 0.87 / train/loss/valensrep 0.86 / train/loss/value 0.73 / train/loss/velocity 0.02 / replay/replay_ratio 1040 / fps/policy 16.45 / fps/train 1.7e4

Writing metrics: /scratch/midway3/rickybao/dreamerv3_runs/d1pilot_cup_e1_seed2/metrics.jsonl
Writing metrics: /scratch/midway3/rickybao/dreamerv3_runs/d1pilot_cup_e1_seed2/scores.jsonl

--------------------[Agent Step 99_248]--------------------
Metrics filtered by: 'score|length|fps|ratio|train/loss/|train/rand/'
train/loss/con 0.02 / train/loss/disag 2.7e-3 / train/loss/dyn 1.14 / train/loss/policy -0.03 / train/loss/position 8.4e-4 / train/loss/rep 1.14 / train/loss/repval 0.65 / train/loss/rew 0.34 / train/loss/valens 0.86 / train/loss/valensrep 0.85 / train/loss/value 0.74 / train/loss/velocity 0.02 / replay/replay_ratio 1040 / fps/policy 16.47 / fps/train 1.7e4

Writing metrics: /scratch/midway3/rickybao/dreamerv3_runs/d1pilot_cup_e1_seed2/scores.jsonl
Writing metrics: /scratch/midway3/rickybao/dreamerv3_runs/d1pilot_cup_e1_seed2/metrics.jsonl
[Fri Jul 17 10:41:21 CDT 2026] d0 d1pilot_cup_e1_seed2 finished rc=0 status=DONE
