[Fri Jul 17 10:19:48 CDT 2026] d0 RUN_ID=d1pilot_cup_e1_seed3 TASK=dmc_cup_catch DOSE=e1 SEED=3 STEPS=1e5 -> /scratch/midway3/rickybao/dreamerv3_runs/d1pilot_cup_e1_seed3
2026-07-17 10:21:54.010894: E external/xla/xla/python/profiler/internal/python_hooks.cc:400] Can't import tensorflow.python.profiler.trace
2026-07-17 10:21:56.111730: E external/xla/xla/python/profiler/internal/python_hooks.cc:400] Can't import tensorflow.python.profiler.trace
---  ___                           __   ______ ---
--- |   \ _ _ ___ __ _ _ __  ___ _ \ \ / /__ / ---
--- | |) | '_/ -_) _` | '  \/ -_) '/\ V / |_ \ ---
--- |___/|_| \___\__,_|_|_|_\___|_|  \_/ |___/ ---
Replica: 0 / 1
Logdir: /scratch/midway3/rickybao/dreamerv3_runs/d1pilot_cup_e1_seed3
Run script: train
Observations
  reward           Space(float32, shape=(), low=-inf, high=inf)
  is_first         Space(bool, shape=(), low=False, high=True)
  is_last          Space(bool, shape=(), low=False, high=True)
  is_terminal      Space(bool, shape=(), low=False, high=True)
  position         Space(float32, shape=(4,), low=-inf, high=inf)
  velocity         Space(float32, shape=(4,), low=-inf, high=inf)
Actions
  action           Space(float32, shape=(2,), low=-1.0, high=1.0)
Extras
  consec           Space(int32, shape=(), low=-2147483648, high=2147483647)
  stepid           Space(uint8, shape=(20,), low=0, high=255)
  dyn/deter        Space(float32, shape=(512,), low=-inf, high=inf)
  dyn/stoch        Space(float32, shape=(32, 4), low=-inf, high=inf)
JAX devices (1): [cuda:0]
Policy devices: cuda:0
Train devices:  cuda:0
Initializing parameters...
Optimizer opt has 4,131,718 params:
     3,163,136 disag
       396,666 val
       364,160 dyn
        66,111 valens3
        66,111 valens4
        66,111 valens0
        66,111 valens2
        66,111 valens1
        57,663 rew
        50,056 dec
        49,796 pol
        41,153 con
         9,088 enc
Done initializing!
Compiling 1 checkpoint groups...
Largest checkpoint group: 0 GB
Compiling train and report...
Train cost analysis:
  FLOPS:            2.9e+10
  Memory (temp):    7.0e+08
  Memory (inputs):  5.4e+07
  Memory (outputs): 5.3e+07
  Memory (code):    4.0e+06

Report cost analysis:
  FLOPS:            1.9e+06
  Memory (temp):    9.2e+05
  Memory (inputs):  2.7e+06
  Memory (outputs): 2.1e+04
  Memory (code):    9.6e+04

Done compiling!
Did not find any checkpoint.
Saving checkpoint: /scratch/midway3/rickybao/dreamerv3_runs/d1pilot_cup_e1_seed3/ckpt/20260717T102145F127000
Saved checkpoint.
Start training loop
Start JAX profiler: /scratch/midway3/rickybao/dreamerv3_runs/d1pilot_cup_e1_seed3
Stop JAX profiler

--------------------[Agent Step 3_840]--------------------
Metrics filtered by: 'score|length|fps|ratio|train/loss/|train/rand/'
train/loss/con 0.1 / train/loss/disag 0.06 / train/loss/dyn 1.61 / train/loss/policy -6.5e-4 / train/loss/position 0.15 / train/loss/rep 1.61 / train/loss/repval 5.33 / train/loss/rew 2.74 / train/loss/valens 3.43 / train/loss/valensrep 5.41 / train/loss/value 3.34 / train/loss/velocity 0.51 / replay/replay_ratio 662.56 / fps/policy 31 / fps/train 1.5e4

Writing metrics: /scratch/midway3/rickybao/dreamerv3_runs/d1pilot_cup_e1_seed3/metrics.jsonl
Writing metrics: /scratch/midway3/rickybao/dreamerv3_runs/d1pilot_cup_e1_seed3/scores.jsonl

--------------------[Agent Step 5_760]--------------------
Metrics filtered by: 'score|length|fps|ratio|train/loss/|train/rand/'
train/loss/con 0.02 / train/loss/disag 6e-3 / train/loss/dyn 1.08 / train/loss/policy -8.2e-4 / train/loss/position 5.8e-3 / train/loss/rep 1.08 / train/loss/repval 0.04 / train/loss/rew 0.04 / train/loss/valens 0.12 / train/loss/valensrep 0.12 / train/loss/value 0.04 / train/loss/velocity 0.07 / replay/replay_ratio 1040 / fps/policy 15.99 / fps/train 1.6e4

Writing metrics: /scratch/midway3/rickybao/dreamerv3_runs/d1pilot_cup_e1_seed3/scores.jsonl
Writing metrics: /scratch/midway3/rickybao/dreamerv3_runs/d1pilot_cup_e1_seed3/metrics.jsonl

--------------------[Agent Step 7_680]--------------------
Metrics filtered by: 'score|length|fps|ratio|train/loss/|train/rand/'
train/loss/con 0.02 / train/loss/disag 3.5e-3 / train/loss/dyn 1.03 / train/loss/policy -8.3e-4 / train/loss/position 2.5e-3 / train/loss/rep 1.03 / train/loss/repval 7.9e-3 / train/loss/rew 8.1e-3 / train/loss/valens 0.02 / train/loss/valensrep 0.02 / train/loss/value 7.7e-3 / train/loss/velocity 0.03 / replay/replay_ratio 1040 / fps/policy 15.89 / fps/train 1.6e4

Writing metrics: /scratch/midway3/rickybao/dreamerv3_runs/d1pilot_cup_e1_seed3/metrics.jsonl
Writing metrics: /scratch/midway3/rickybao/dreamerv3_runs/d1pilot_cup_e1_seed3/scores.jsonl

--------------------[Agent Step 9_584]--------------------
Metrics filtered by: 'score|length|fps|ratio|train/loss/|train/rand/'
train/loss/con 0.02 / train/loss/disag 2.4e-3 / train/loss/dyn 1.02 / train/loss/policy -8.3e-4 / train/loss/position 1.4e-3 / train/loss/rep 1.02 / train/loss/repval 2.5e-3 / train/loss/rew 2.6e-3 / train/loss/valens 7e-3 / train/loss/valensrep 7.2e-3 / train/loss/value 2.4e-3 / train/loss/velocity 0.02 / replay/replay_ratio 1040 / fps/policy 15.76 / fps/train 1.6e4

Writing metrics: /scratch/midway3/rickybao/dreamerv3_runs/d1pilot_cup_e1_seed3/metrics.jsonl
Writing metrics: /scratch/midway3/rickybao/dreamerv3_runs/d1pilot_cup_e1_seed3/scores.jsonl

--------------------[Agent Step 11_488]--------------------
Metrics filtered by: 'score|length|fps|ratio|train/loss/|train/rand/'
train/loss/con 0.02 / train/loss/disag 2e-3 / train/loss/dyn 1.02 / train/loss/policy -8.3e-4 / train/loss/position 1e-3 / train/loss/rep 1.02 / train/loss/repval 9e-4 / train/loss/rew 9e-4 / train/loss/valens 2.4e-3 / train/loss/valensrep 2.5e-3 / train/loss/value 8.8e-4 / train/loss/velocity 0.02 / replay/replay_ratio 1040 / fps/policy 15.77 / fps/train 1.6e4

Writing metrics: /scratch/midway3/rickybao/dreamerv3_runs/d1pilot_cup_e1_seed3/metrics.jsonl
Writing metrics: /scratch/midway3/rickybao/dreamerv3_runs/d1pilot_cup_e1_seed3/scores.jsonl

--------------------[Agent Step 13_392]--------------------
Metrics filtered by: 'score|length|fps|ratio|train/loss/|train/rand/'
train/loss/con 0.02 / train/loss/disag 1.6e-3 / train/loss/dyn 1.01 / train/loss/policy -8.3e-4 / train/loss/position 8.1e-4 / train/loss/rep 1.01 / train/loss/repval 3.3e-4 / train/loss/rew 3.3e-4 / train/loss/valens 8.9e-4 / train/loss/valensrep 9.1e-4 / train/loss/value 3.3e-4 / train/loss/velocity 0.01 / replay/replay_ratio 1040 / fps/policy 15.75 / fps/train 1.6e4

Writing metrics: /scratch/midway3/rickybao/dreamerv3_runs/d1pilot_cup_e1_seed3/metrics.jsonl
Writing metrics: /scratch/midway3/rickybao/dreamerv3_runs/d1pilot_cup_e1_seed3/scores.jsonl

--------------------[Agent Step 15_296]--------------------
Metrics filtered by: 'score|length|fps|ratio|train/loss/|train/rand/'
train/loss/con 0.02 / train/loss/disag 1.5e-3 / train/loss/dyn 1.01 / train/loss/policy -8.3e-4 / train/loss/position 6.8e-4 / train/loss/rep 1.01 / train/loss/repval 1.3e-4 / train/loss/rew 1.2e-4 / train/loss/valens 3.3e-4 / train/loss/valensrep 3.3e-4 / train/loss/value 1.2e-4 / train/loss/velocity 0.01 / replay/replay_ratio 1040 / fps/policy 15.82 / fps/train 1.6e4

Writing metrics: /scratch/midway3/rickybao/dreamerv3_runs/d1pilot_cup_e1_seed3/metrics.jsonl
Writing metrics: /scratch/midway3/rickybao/dreamerv3_runs/d1pilot_cup_e1_seed3/scores.jsonl
Saving checkpoint: /scratch/midway3/rickybao/dreamerv3_runs/d1pilot_cup_e1_seed3/ckpt/20260717T103647F543083
Saved checkpoint.

--------------------[Agent Step 17_136]--------------------
Metrics filtered by: 'score|length|fps|ratio|train/loss/|train/rand/'
episode/score 0 / episode/length 1001 / train/loss/con 0.02 / train/loss/disag 1.3e-3 / train/loss/dyn 1.02 / train/loss/policy -9.8e-4 / train/loss/position 7.3e-4 / train/loss/rep 1.02 / train/loss/repval 0.07 / train/loss/rew 1.7e-3 / train/loss/valens 6.5e-4 / train/loss/valensrep 6.6e-3 / train/loss/value 0.06 / train/loss/velocity 0.01 / replay/replay_ratio 1040 / fps/policy 15.25 / fps/train 1.6e4

Writing metrics: /scratch/midway3/rickybao/dreamerv3_runs/d1pilot_cup_e1_seed3/metrics.jsonl
Writing metrics: /scratch/midway3/rickybao/dreamerv3_runs/d1pilot_cup_e1_seed3/scores.jsonl

--------------------[Agent Step 19_008]--------------------
Metrics filtered by: 'score|length|fps|ratio|train/loss/|train/rand/'
train/loss/con 0.02 / train/loss/disag 1.3e-3 / train/loss/dyn 1.02 / train/loss/policy -0.01 / train/loss/position 8.2e-4 / train/loss/rep 1.02 / train/loss/repval 1.83 / train/loss/rew 0.01 / train/loss/valens 1.42 / train/loss/valensrep 1.43 / train/loss/value 1.82 / train/loss/velocity 0.01 / replay/replay_ratio 1040 / fps/policy 15.48 / fps/train 1.6e4

Writing metrics: /scratch/midway3/rickybao/dreamerv3_runs/d1pilot_cup_e1_seed3/metrics.jsonl
Writing metrics: /scratch/midway3/rickybao/dreamerv3_runs/d1pilot_cup_e1_seed3/scores.jsonl

--------------------[Agent Step 20_816]--------------------
Metrics filtered by: 'score|length|fps|ratio|train/loss/|train/rand/'
train/loss/con 0.02 / train/loss/disag 1.2e-3 / train/loss/dyn 1.02 / train/loss/policy 0.08 / train/loss/position 7.6e-4 / train/loss/rep 1.02 / train/loss/repval 0.82 / train/loss/rew 0.01 / train/loss/valens 0.69 / train/loss/valensrep 0.83 / train/loss/value 0.88 / train/loss/velocity 0.01 / replay/replay_ratio 1040 / fps/policy 15.02 / fps/train 1.5e4

Writing metrics: /scratch/midway3/rickybao/dreamerv3_runs/d1pilot_cup_e1_seed3/metrics.jsonl
Writing metrics: /scratch/midway3/rickybao/dreamerv3_runs/d1pilot_cup_e1_seed3/scores.jsonl

--------------------[Agent Step 22_624]--------------------
Metrics filtered by: 'score|length|fps|ratio|train/loss/|train/rand/'
train/loss/con 0.02 / train/loss/disag 1e-3 / train/loss/dyn 1.01 / train/loss/policy 0.13 / train/loss/position 7.2e-4 / train/loss/rep 1.01 / train/loss/repval 1.85 / train/loss/rew 0.01 / train/loss/valens 1.5 / train/loss/valensrep 1.69 / train/loss/value 1.51 / train/loss/velocity 0.01 / replay/replay_ratio 1040 / fps/policy 15.06 / fps/train 1.5e4

Writing metrics: /scratch/midway3/rickybao/dreamerv3_runs/d1pilot_cup_e1_seed3/metrics.jsonl
Writing metrics: /scratch/midway3/rickybao/dreamerv3_runs/d1pilot_cup_e1_seed3/scores.jsonl

--------------------[Agent Step 24_448]--------------------
Metrics filtered by: 'score|length|fps|ratio|train/loss/|train/rand/'
train/loss/con 0.02 / train/loss/disag 9.6e-4 / train/loss/dyn 1.02 / train/loss/policy 0.15 / train/loss/position 7.9e-4 / train/loss/rep 1.02 / train/loss/repval 1.44 / train/loss/rew 0.02 / train/loss/valens 1.05 / train/loss/valensrep 1.49 / train/loss/value 1.07 / train/loss/velocity 0.01 / replay/replay_ratio 1040 / fps/policy 15.16 / fps/train 1.6e4

Writing metrics: /scratch/midway3/rickybao/dreamerv3_runs/d1pilot_cup_e1_seed3/metrics.jsonl
Writing metrics: /scratch/midway3/rickybao/dreamerv3_runs/d1pilot_cup_e1_seed3/scores.jsonl

--------------------[Agent Step 26_272]--------------------
Metrics filtered by: 'score|length|fps|ratio|train/loss/|train/rand/'
train/loss/con 0.02 / train/loss/disag 9.6e-4 / train/loss/dyn 1.03 / train/loss/policy 0.03 / train/loss/position 9.7e-4 / train/loss/rep 1.03 / train/loss/repval 2.2 / train/loss/rew 0.02 / train/loss/valens 1.37 / train/loss/valensrep 1.87 / train/loss/value 1.92 / train/loss/velocity 0.01 / replay/replay_ratio 1040 / fps/policy 15.15 / fps/train 1.6e4

Writing metrics: /scratch/midway3/rickybao/dreamerv3_runs/d1pilot_cup_e1_seed3/metrics.jsonl
Writing metrics: /scratch/midway3/rickybao/dreamerv3_runs/d1pilot_cup_e1_seed3/scores.jsonl

--------------------[Agent Step 28_096]--------------------
Metrics filtered by: 'score|length|fps|ratio|train/loss/|train/rand/'
train/loss/con 0.02 / train/loss/disag 8.8e-4 / train/loss/dyn 1.02 / train/loss/policy 0.07 / train/loss/position 8.3e-4 / train/loss/rep 1.02 / train/loss/repval 1.66 / train/loss/rew 0.02 / train/loss/valens 1 / train/loss/valensrep 1.31 / train/loss/value 1.16 / train/loss/velocity 0.01 / replay/replay_ratio 1040 / fps/policy 15.18 / fps/train 1.6e4

Writing metrics: /scratch/midway3/rickybao/dreamerv3_runs/d1pilot_cup_e1_seed3/metrics.jsonl
Writing metrics: /scratch/midway3/rickybao/dreamerv3_runs/d1pilot_cup_e1_seed3/scores.jsonl
Saving checkpoint: /scratch/midway3/rickybao/dreamerv3_runs/d1pilot_cup_e1_seed3/ckpt/20260717T105147F833645
Saved checkpoint.

--------------------[Agent Step 29_952]--------------------
Metrics filtered by: 'score|length|fps|ratio|train/loss/|train/rand/'
train/loss/con 0.02 / train/loss/disag 1e-3 / train/loss/dyn 1.06 / train/loss/policy 0.04 / train/loss/position 1.4e-3 / train/loss/rep 1.06 / train/loss/repval 2.05 / train/loss/rew 0.03 / train/loss/valens 1.61 / train/loss/valensrep 1.91 / train/loss/value 1.67 / train/loss/velocity 0.02 / replay/replay_ratio 1040 / fps/policy 15.4 / fps/train 1.6e4

Writing metrics: /scratch/midway3/rickybao/dreamerv3_runs/d1pilot_cup_e1_seed3/metrics.jsonl
Writing metrics: /scratch/midway3/rickybao/dreamerv3_runs/d1pilot_cup_e1_seed3/scores.jsonl

--------------------[Agent Step 31_808]--------------------
Metrics filtered by: 'score|length|fps|ratio|train/loss/|train/rand/'
train/loss/con 0.02 / train/loss/disag 1.2e-3 / train/loss/dyn 1.06 / train/loss/policy 0.04 / train/loss/position 1.7e-3 / train/loss/rep 1.06 / train/loss/repval 1.82 / train/loss/rew 0.02 / train/loss/valens 1.53 / train/loss/valensrep 1.95 / train/loss/value 1.41 / train/loss/velocity 0.02 / replay/replay_ratio 1040 / fps/policy 15.38 / fps/train 1.6e4

Writing metrics: /scratch/midway3/rickybao/dreamerv3_runs/d1pilot_cup_e1_seed3/metrics.jsonl
Writing metrics: /scratch/midway3/rickybao/dreamerv3_runs/d1pilot_cup_e1_seed3/scores.jsonl

--------------------[Agent Step 33_664]--------------------
Metrics filtered by: 'score|length|fps|ratio|train/loss/|train/rand/'
episode/score 0 / episode/length 1001 / train/loss/con 0.02 / train/loss/disag 9.2e-4 / train/loss/dyn 1.03 / train/loss/policy 0.04 / train/loss/position 1.2e-3 / train/loss/rep 1.03 / train/loss/repval 1.59 / train/loss/rew 0.02 / train/loss/valens 1.43 / train/loss/valensrep 1.81 / train/loss/value 1.28 / train/loss/velocity 0.02 / replay/replay_ratio 1040 / fps/policy 15.37 / fps/train 1.6e4

Writing metrics: /scratch/midway3/rickybao/dreamerv3_runs/d1pilot_cup_e1_seed3/metrics.jsonl
Writing metrics: /scratch/midway3/rickybao/dreamerv3_runs/d1pilot_cup_e1_seed3/scores.jsonl

--------------------[Agent Step 35_536]--------------------
Metrics filtered by: 'score|length|fps|ratio|train/loss/|train/rand/'
train/loss/con 0.02 / train/loss/disag 1.2e-3 / train/loss/dyn 1.06 / train/loss/policy 0.06 / train/loss/position 1.4e-3 / train/loss/rep 1.06 / train/loss/repval 2.08 / train/loss/rew 0.03 / train/loss/valens 1.92 / train/loss/valensrep 2.12 / train/loss/value 1.96 / train/loss/velocity 0.02 / replay/replay_ratio 1040 / fps/policy 15.49 / fps/train 1.6e4

Writing metrics: /scratch/midway3/rickybao/dreamerv3_runs/d1pilot_cup_e1_seed3/scores.jsonl
Writing metrics: /scratch/midway3/rickybao/dreamerv3_runs/d1pilot_cup_e1_seed3/metrics.jsonl

--------------------[Agent Step 37_392]--------------------
Metrics filtered by: 'score|length|fps|ratio|train/loss/|train/rand/'
train/loss/con 0.02 / train/loss/disag 1.2e-3 / train/loss/dyn 1.06 / train/loss/policy 0.04 / train/loss/position 1.4e-3 / train/loss/rep 1.06 / train/loss/repval 1.41 / train/loss/rew 0.04 / train/loss/valens 1.41 / train/loss/valensrep 1.43 / train/loss/value 1.33 / train/loss/velocity 0.03 / replay/replay_ratio 1040 / fps/policy 15.38 / fps/train 1.6e4

Writing metrics: /scratch/midway3/rickybao/dreamerv3_runs/d1pilot_cup_e1_seed3/metrics.jsonl
Writing metrics: /scratch/midway3/rickybao/dreamerv3_runs/d1pilot_cup_e1_seed3/scores.jsonl

--------------------[Agent Step 39_248]--------------------
Metrics filtered by: 'score|length|fps|ratio|train/loss/|train/rand/'
train/loss/con 0.02 / train/loss/disag 1.2e-3 / train/loss/dyn 1.09 / train/loss/policy 2.3e-3 / train/loss/position 1.9e-3 / train/loss/rep 1.09 / train/loss/repval 1.62 / train/loss/rew 0.05 / train/loss/valens 1.25 / train/loss/valensrep 1.54 / train/loss/value 1.42 / train/loss/velocity 0.03 / replay/replay_ratio 1040 / fps/policy 15.41 / fps/train 1.6e4

Writing metrics: /scratch/midway3/rickybao/dreamerv3_runs/d1pilot_cup_e1_seed3/scores.jsonl
Writing metrics: /scratch/midway3/rickybao/dreamerv3_runs/d1pilot_cup_e1_seed3/metrics.jsonl

--------------------[Agent Step 41_104]--------------------
Metrics filtered by: 'score|length|fps|ratio|train/loss/|train/rand/'
train/loss/con 0.02 / train/loss/disag 1.5e-3 / train/loss/dyn 1.11 / train/loss/policy 0.01 / train/loss/position 2e-3 / train/loss/rep 1.11 / train/loss/repval 1.83 / train/loss/rew 0.06 / train/loss/valens 1.44 / train/loss/valensrep 1.73 / train/loss/value 1.52 / train/loss/velocity 0.03 / replay/replay_ratio 1040 / fps/policy 15.41 / fps/train 1.6e4

Writing metrics: /scratch/midway3/rickybao/dreamerv3_runs/d1pilot_cup_e1_seed3/scores.jsonl
Writing metrics: /scratch/midway3/rickybao/dreamerv3_runs/d1pilot_cup_e1_seed3/metrics.jsonl

--------------------[Agent Step 42_960]--------------------
Metrics filtered by: 'score|length|fps|ratio|train/loss/|train/rand/'
train/loss/con 0.02 / train/loss/disag 1.3e-3 / train/loss/dyn 1.08 / train/loss/policy 5.6e-3 / train/loss/position 1.6e-3 / train/loss/rep 1.08 / train/loss/repval 1.7 / train/loss/rew 0.07 / train/loss/valens 1.27 / train/loss/valensrep 1.58 / train/loss/value 1.4 / train/loss/velocity 0.03 / replay/replay_ratio 1040 / fps/policy 15.44 / fps/train 1.6e4

Writing metrics: /scratch/midway3/rickybao/dreamerv3_runs/d1pilot_cup_e1_seed3/metrics.jsonl
Writing metrics: /scratch/midway3/rickybao/dreamerv3_runs/d1pilot_cup_e1_seed3/scores.jsonl
Saving checkpoint: /scratch/midway3/rickybao/dreamerv3_runs/d1pilot_cup_e1_seed3/ckpt/20260717T110648F021991
Saved checkpoint.

--------------------[Agent Step 44_800]--------------------
Metrics filtered by: 'score|length|fps|ratio|train/loss/|train/rand/'
train/loss/con 0.02 / train/loss/disag 1.3e-3 / train/loss/dyn 1.08 / train/loss/policy 0.01 / train/loss/position 1.5e-3 / train/loss/rep 1.08 / train/loss/repval 1.75 / train/loss/rew 0.09 / train/loss/valens 1.36 / train/loss/valensrep 1.6 / train/loss/value 1.38 / train/loss/velocity 0.03 / replay/replay_ratio 1040 / fps/policy 15.29 / fps/train 1.6e4

Writing metrics: /scratch/midway3/rickybao/dreamerv3_runs/d1pilot_cup_e1_seed3/scores.jsonl
Writing metrics: /scratch/midway3/rickybao/dreamerv3_runs/d1pilot_cup_e1_seed3/metrics.jsonl

--------------------[Agent Step 46_656]--------------------
Metrics filtered by: 'score|length|fps|ratio|train/loss/|train/rand/'
train/loss/con 0.02 / train/loss/disag 1.8e-3 / train/loss/dyn 1.11 / train/loss/policy 0.01 / train/loss/position 2e-3 / train/loss/rep 1.11 / train/loss/repval 2.05 / train/loss/rew 0.1 / train/loss/valens 1.35 / train/loss/valensrep 1.64 / train/loss/value 1.64 / train/loss/velocity 0.04 / replay/replay_ratio 1040 / fps/policy 15.37 / fps/train 1.6e4

Writing metrics: /scratch/midway3/rickybao/dreamerv3_runs/d1pilot_cup_e1_seed3/scores.jsonl
Writing metrics: /scratch/midway3/rickybao/dreamerv3_runs/d1pilot_cup_e1_seed3/metrics.jsonl

--------------------[Agent Step 48_528]--------------------
Metrics filtered by: 'score|length|fps|ratio|train/loss/|train/rand/'
episode/score 945 / episode/length 1001 / train/loss/con 0.02 / train/loss/disag 1.5e-3 / train/loss/dyn 1.07 / train/loss/policy 0.01 / train/loss/position 1.3e-3 / train/loss/rep 1.07 / train/loss/repval 1.66 / train/loss/rew 0.11 / train/loss/valens 1.24 / train/loss/valensrep 1.5 / train/loss/value 1.43 / train/loss/velocity 0.03 / replay/replay_ratio 1040 / fps/policy 15.5 / fps/train 1.6e4

Writing metrics: /scratch/midway3/rickybao/dreamerv3_runs/d1pilot_cup_e1_seed3/metrics.jsonl
Writing metrics: /scratch/midway3/rickybao/dreamerv3_runs/d1pilot_cup_e1_seed3/scores.jsonl

--------------------[Agent Step 50_384]--------------------
Metrics filtered by: 'score|length|fps|ratio|train/loss/|train/rand/'
train/loss/con 0.02 / train/loss/disag 1.3e-3 / train/loss/dyn 1.07 / train/loss/policy 0.01 / train/loss/position 1.4e-3 / train/loss/rep 1.07 / train/loss/repval 1.4 / train/loss/rew 0.12 / train/loss/valens 1.23 / train/loss/valensrep 1.4 / train/loss/value 1.32 / train/loss/velocity 0.03 / replay/replay_ratio 1040 / fps/policy 15.36 / fps/train 1.6e4

Writing metrics: /scratch/midway3/rickybao/dreamerv3_runs/d1pilot_cup_e1_seed3/metrics.jsonl
Writing metrics: /scratch/midway3/rickybao/dreamerv3_runs/d1pilot_cup_e1_seed3/scores.jsonl

--------------------[Agent Step 52_240]--------------------
Metrics filtered by: 'score|length|fps|ratio|train/loss/|train/rand/'
train/loss/con 0.02 / train/loss/disag 1.5e-3 / train/loss/dyn 1.08 / train/loss/policy 9.1e-3 / train/loss/position 1.7e-3 / train/loss/rep 1.08 / train/loss/repval 1.56 / train/loss/rew 0.12 / train/loss/valens 1.31 / train/loss/valensrep 1.44 / train/loss/value 1.46 / train/loss/velocity 0.03 / replay/replay_ratio 1040 / fps/policy 15.44 / fps/train 1.6e4

Writing metrics: /scratch/midway3/rickybao/dreamerv3_runs/d1pilot_cup_e1_seed3/metrics.jsonl
Writing metrics: /scratch/midway3/rickybao/dreamerv3_runs/d1pilot_cup_e1_seed3/scores.jsonl

--------------------[Agent Step 54_112]--------------------
Metrics filtered by: 'score|length|fps|ratio|train/loss/|train/rand/'
train/loss/con 0.02 / train/loss/disag 1.4e-3 / train/loss/dyn 1.06 / train/loss/policy 5.9e-3 / train/loss/position 1.4e-3 / train/loss/rep 1.06 / train/loss/repval 1.4 / train/loss/rew 0.13 / train/loss/valens 1.24 / train/loss/valensrep 1.31 / train/loss/value 1.37 / train/loss/velocity 0.03 / replay/replay_ratio 1040 / fps/policy 15.52 / fps/train 1.6e4

Writing metrics: /scratch/midway3/rickybao/dreamerv3_runs/d1pilot_cup_e1_seed3/metrics.jsonl
Writing metrics: /scratch/midway3/rickybao/dreamerv3_runs/d1pilot_cup_e1_seed3/scores.jsonl

--------------------[Agent Step 55_968]--------------------
Metrics filtered by: 'score|length|fps|ratio|train/loss/|train/rand/'
train/loss/con 0.02 / train/loss/disag 1.3e-3 / train/loss/dyn 1.06 / train/loss/policy 2.8e-3 / train/loss/position 1.3e-3 / train/loss/rep 1.06 / train/loss/repval 1.29 / train/loss/rew 0.13 / train/loss/valens 1.16 / train/loss/valensrep 1.27 / train/loss/value 1.24 / train/loss/velocity 0.03 / replay/replay_ratio 1040 / fps/policy 15.42 / fps/train 1.6e4

Writing metrics: /scratch/midway3/rickybao/dreamerv3_runs/d1pilot_cup_e1_seed3/metrics.jsonl
Writing metrics: /scratch/midway3/rickybao/dreamerv3_runs/d1pilot_cup_e1_seed3/scores.jsonl
Saving checkpoint: /scratch/midway3/rickybao/dreamerv3_runs/d1pilot_cup_e1_seed3/ckpt/20260717T112148F508202
Saved checkpoint.

--------------------[Agent Step 57_824]--------------------
Metrics filtered by: 'score|length|fps|ratio|train/loss/|train/rand/'
train/loss/con 0.02 / train/loss/disag 1.3e-3 / train/loss/dyn 1.06 / train/loss/policy -3.7e-3 / train/loss/position 1.3e-3 / train/loss/rep 1.06 / train/loss/repval 1.23 / train/loss/rew 0.15 / train/loss/valens 1.11 / train/loss/valensrep 1.21 / train/loss/value 1.14 / train/loss/velocity 0.03 / replay/replay_ratio 1040 / fps/policy 15.35 / fps/train 1.6e4

Writing metrics: /scratch/midway3/rickybao/dreamerv3_runs/d1pilot_cup_e1_seed3/metrics.jsonl
Writing metrics: /scratch/midway3/rickybao/dreamerv3_runs/d1pilot_cup_e1_seed3/scores.jsonl

--------------------[Agent Step 59_696]--------------------
Metrics filtered by: 'score|length|fps|ratio|train/loss/|train/rand/'
train/loss/con 0.02 / train/loss/disag 1.2e-3 / train/loss/dyn 1.06 / train/loss/policy -0.01 / train/loss/position 1.2e-3 / train/loss/rep 1.06 / train/loss/repval 1.08 / train/loss/rew 0.16 / train/loss/valens 1.04 / train/loss/valensrep 1.11 / train/loss/value 1.06 / train/loss/velocity 0.03 / replay/replay_ratio 1040 / fps/policy 15.49 / fps/train 1.6e4

Writing metrics: /scratch/midway3/rickybao/dreamerv3_runs/d1pilot_cup_e1_seed3/metrics.jsonl
Writing metrics: /scratch/midway3/rickybao/dreamerv3_runs/d1pilot_cup_e1_seed3/scores.jsonl

--------------------[Agent Step 61_552]--------------------
Metrics filtered by: 'score|length|fps|ratio|train/loss/|train/rand/'
train/loss/con 0.02 / train/loss/disag 1.3e-3 / train/loss/dyn 1.06 / train/loss/policy -0.01 / train/loss/position 1.2e-3 / train/loss/rep 1.06 / train/loss/repval 1.27 / train/loss/rew 0.17 / train/loss/valens 1.14 / train/loss/valensrep 1.23 / train/loss/value 1.16 / train/loss/velocity 0.03 / replay/replay_ratio 1040 / fps/policy 15.41 / fps/train 1.6e4

Writing metrics: /scratch/midway3/rickybao/dreamerv3_runs/d1pilot_cup_e1_seed3/metrics.jsonl
Writing metrics: /scratch/midway3/rickybao/dreamerv3_runs/d1pilot_cup_e1_seed3/scores.jsonl

--------------------[Agent Step 63_408]--------------------
Metrics filtered by: 'score|length|fps|ratio|train/loss/|train/rand/'
train/loss/con 0.02 / train/loss/disag 1.2e-3 / train/loss/dyn 1.05 / train/loss/policy -0.02 / train/loss/position 1.2e-3 / train/loss/rep 1.05 / train/loss/repval 1.06 / train/loss/rew 0.19 / train/loss/valens 1.05 / train/loss/valensrep 1.17 / train/loss/value 1.12 / train/loss/velocity 0.03 / replay/replay_ratio 1040 / fps/policy 15.4 / fps/train 1.6e4

Writing metrics: /scratch/midway3/rickybao/dreamerv3_runs/d1pilot_cup_e1_seed3/metrics.jsonl
Writing metrics: /scratch/midway3/rickybao/dreamerv3_runs/d1pilot_cup_e1_seed3/scores.jsonl

--------------------[Agent Step 65_280]--------------------
Metrics filtered by: 'score|length|fps|ratio|train/loss/|train/rand/'
episode/score 992 / episode/length 1001 / train/loss/con 0.02 / train/loss/disag 1.3e-3 / train/loss/dyn 1.05 / train/loss/policy -0.03 / train/loss/position 1.2e-3 / train/loss/rep 1.05 / train/loss/repval 1.17 / train/loss/rew 0.2 / train/loss/valens 0.98 / train/loss/valensrep 0.98 / train/loss/value 0.95 / train/loss/velocity 0.03 / replay/replay_ratio 1040 / fps/policy 15.5 / fps/train 1.6e4

Writing metrics: /scratch/midway3/rickybao/dreamerv3_runs/d1pilot_cup_e1_seed3/metrics.jsonl
Writing metrics: /scratch/midway3/rickybao/dreamerv3_runs/d1pilot_cup_e1_seed3/scores.jsonl

--------------------[Agent Step 67_152]--------------------
Metrics filtered by: 'score|length|fps|ratio|train/loss/|train/rand/'
train/loss/con 0.02 / train/loss/disag 1.4e-3 / train/loss/dyn 1.06 / train/loss/policy -0.03 / train/loss/position 1.2e-3 / train/loss/rep 1.06 / train/loss/repval 1.02 / train/loss/rew 0.21 / train/loss/valens 1.03 / train/loss/valensrep 0.95 / train/loss/value 0.98 / train/loss/velocity 0.03 / replay/replay_ratio 1040 / fps/policy 15.48 / fps/train 1.6e4

Writing metrics: /scratch/midway3/rickybao/dreamerv3_runs/d1pilot_cup_e1_seed3/metrics.jsonl
Writing metrics: /scratch/midway3/rickybao/dreamerv3_runs/d1pilot_cup_e1_seed3/scores.jsonl

--------------------[Agent Step 69_008]--------------------
Metrics filtered by: 'score|length|fps|ratio|train/loss/|train/rand/'
train/loss/con 0.02 / train/loss/disag 1.4e-3 / train/loss/dyn 1.05 / train/loss/policy -0.03 / train/loss/position 1.1e-3 / train/loss/rep 1.05 / train/loss/repval 0.93 / train/loss/rew 0.21 / train/loss/valens 1.07 / train/loss/valensrep 1.03 / train/loss/value 1.08 / train/loss/velocity 0.02 / replay/replay_ratio 1040 / fps/policy 15.39 / fps/train 1.6e4

Writing metrics: /scratch/midway3/rickybao/dreamerv3_runs/d1pilot_cup_e1_seed3/metrics.jsonl
Writing metrics: /scratch/midway3/rickybao/dreamerv3_runs/d1pilot_cup_e1_seed3/scores.jsonl

--------------------[Agent Step 70_864]--------------------
Metrics filtered by: 'score|length|fps|ratio|train/loss/|train/rand/'
train/loss/con 0.02 / train/loss/disag 1.4e-3 / train/loss/dyn 1.05 / train/loss/policy -0.03 / train/loss/position 1.1e-3 / train/loss/rep 1.05 / train/loss/repval 1.05 / train/loss/rew 0.23 / train/loss/valens 1.04 / train/loss/valensrep 1.14 / train/loss/value 1.1 / train/loss/velocity 0.02 / replay/replay_ratio 1040 / fps/policy 15.42 / fps/train 1.6e4

Writing metrics: /scratch/midway3/rickybao/dreamerv3_runs/d1pilot_cup_e1_seed3/metrics.jsonl
Writing metrics: /scratch/midway3/rickybao/dreamerv3_runs/d1pilot_cup_e1_seed3/scores.jsonl
Saving checkpoint: /scratch/midway3/rickybao/dreamerv3_runs/d1pilot_cup_e1_seed3/ckpt/20260717T113649F500518
Saved checkpoint.

--------------------[Agent Step 72_720]--------------------
Metrics filtered by: 'score|length|fps|ratio|train/loss/|train/rand/'
train/loss/con 0.02 / train/loss/disag 1.4e-3 / train/loss/dyn 1.05 / train/loss/policy -0.03 / train/loss/position 1.1e-3 / train/loss/rep 1.05 / train/loss/repval 1.17 / train/loss/rew 0.24 / train/loss/valens 0.98 / train/loss/valensrep 1.17 / train/loss/value 1.01 / train/loss/velocity 0.02 / replay/replay_ratio 1040 / fps/policy 15.44 / fps/train 1.6e4

Writing metrics: /scratch/midway3/rickybao/dreamerv3_runs/d1pilot_cup_e1_seed3/metrics.jsonl
Writing metrics: /scratch/midway3/rickybao/dreamerv3_runs/d1pilot_cup_e1_seed3/scores.jsonl

--------------------[Agent Step 74_560]--------------------
Metrics filtered by: 'score|length|fps|ratio|train/loss/|train/rand/'
train/loss/con 0.02 / train/loss/disag 1.4e-3 / train/loss/dyn 1.05 / train/loss/policy -0.03 / train/loss/position 1.1e-3 / train/loss/rep 1.05 / train/loss/repval 1.18 / train/loss/rew 0.25 / train/loss/valens 0.95 / train/loss/valensrep 1.17 / train/loss/value 0.95 / train/loss/velocity 0.02 / replay/replay_ratio 1040 / fps/policy 15.32 / fps/train 1.6e4

Writing metrics: /scratch/midway3/rickybao/dreamerv3_runs/d1pilot_cup_e1_seed3/metrics.jsonl
Writing metrics: /scratch/midway3/rickybao/dreamerv3_runs/d1pilot_cup_e1_seed3/scores.jsonl

--------------------[Agent Step 76_416]--------------------
Metrics filtered by: 'score|length|fps|ratio|train/loss/|train/rand/'
train/loss/con 0.02 / train/loss/disag 1.4e-3 / train/loss/dyn 1.05 / train/loss/policy -0.03 / train/loss/position 1.1e-3 / train/loss/rep 1.05 / train/loss/repval 1.15 / train/loss/rew 0.26 / train/loss/valens 0.92 / train/loss/valensrep 1.15 / train/loss/value 0.89 / train/loss/velocity 0.02 / replay/replay_ratio 1040 / fps/policy 15.38 / fps/train 1.6e4

Writing metrics: /scratch/midway3/rickybao/dreamerv3_runs/d1pilot_cup_e1_seed3/metrics.jsonl
Writing metrics: /scratch/midway3/rickybao/dreamerv3_runs/d1pilot_cup_e1_seed3/scores.jsonl

--------------------[Agent Step 78_288]--------------------
Metrics filtered by: 'score|length|fps|ratio|train/loss/|train/rand/'
train/loss/con 0.02 / train/loss/disag 1.4e-3 / train/loss/dyn 1.05 / train/loss/policy -0.03 / train/loss/position 1e-3 / train/loss/rep 1.05 / train/loss/repval 1.12 / train/loss/rew 0.27 / train/loss/valens 0.9 / train/loss/valensrep 1.11 / train/loss/value 0.89 / train/loss/velocity 0.02 / replay/replay_ratio 1040 / fps/policy 15.55 / fps/train 1.6e4

Writing metrics: /scratch/midway3/rickybao/dreamerv3_runs/d1pilot_cup_e1_seed3/metrics.jsonl
Writing metrics: /scratch/midway3/rickybao/dreamerv3_runs/d1pilot_cup_e1_seed3/scores.jsonl

--------------------[Agent Step 80_128]--------------------
Metrics filtered by: 'score|length|fps|ratio|train/loss/|train/rand/'
episode/score 975 / episode/length 1001 / train/loss/con 0.02 / train/loss/disag 1.3e-3 / train/loss/dyn 1.05 / train/loss/policy -0.02 / train/loss/position 9.4e-4 / train/loss/rep 1.05 / train/loss/repval 1.11 / train/loss/rew 0.28 / train/loss/valens 0.88 / train/loss/valensrep 1.1 / train/loss/value 0.87 / train/loss/velocity 0.02 / replay/replay_ratio 1040 / fps/policy 15.29 / fps/train 1.6e4

Writing metrics: /scratch/midway3/rickybao/dreamerv3_runs/d1pilot_cup_e1_seed3/scores.jsonl
Writing metrics: /scratch/midway3/rickybao/dreamerv3_runs/d1pilot_cup_e1_seed3/metrics.jsonl

--------------------[Agent Step 81_984]--------------------
Metrics filtered by: 'score|length|fps|ratio|train/loss/|train/rand/'
train/loss/con 0.02 / train/loss/disag 1.4e-3 / train/loss/dyn 1.05 / train/loss/policy -0.02 / train/loss/position 9.8e-4 / train/loss/rep 1.05 / train/loss/repval 1.09 / train/loss/rew 0.29 / train/loss/valens 0.86 / train/loss/valensrep 1.06 / train/loss/value 0.87 / train/loss/velocity 0.02 / replay/replay_ratio 1040 / fps/policy 15.41 / fps/train 1.6e4

Writing metrics: /scratch/midway3/rickybao/dreamerv3_runs/d1pilot_cup_e1_seed3/metrics.jsonl
Writing metrics: /scratch/midway3/rickybao/dreamerv3_runs/d1pilot_cup_e1_seed3/scores.jsonl

--------------------[Agent Step 83_856]--------------------
Metrics filtered by: 'score|length|fps|ratio|train/loss/|train/rand/'
train/loss/con 0.02 / train/loss/disag 1.4e-3 / train/loss/dyn 1.06 / train/loss/policy -0.03 / train/loss/position 9.3e-4 / train/loss/rep 1.06 / train/loss/repval 1.11 / train/loss/rew 0.29 / train/loss/valens 0.87 / train/loss/valensrep 1.07 / train/loss/value 0.89 / train/loss/velocity 0.02 / replay/replay_ratio 1040 / fps/policy 15.51 / fps/train 1.6e4

Writing metrics: /scratch/midway3/rickybao/dreamerv3_runs/d1pilot_cup_e1_seed3/metrics.jsonl
Writing metrics: /scratch/midway3/rickybao/dreamerv3_runs/d1pilot_cup_e1_seed3/scores.jsonl
Saving checkpoint: /scratch/midway3/rickybao/dreamerv3_runs/d1pilot_cup_e1_seed3/ckpt/20260717T115150F239672
Saved checkpoint.

--------------------[Agent Step 85_712]--------------------
Metrics filtered by: 'score|length|fps|ratio|train/loss/|train/rand/'
train/loss/con 0.02 / train/loss/disag 1.4e-3 / train/loss/dyn 1.06 / train/loss/policy -0.03 / train/loss/position 9.1e-4 / train/loss/rep 1.06 / train/loss/repval 1.09 / train/loss/rew 0.3 / train/loss/valens 0.85 / train/loss/valensrep 1.03 / train/loss/value 0.87 / train/loss/velocity 0.02 / replay/replay_ratio 1040 / fps/policy 15.39 / fps/train 1.6e4

Writing metrics: /scratch/midway3/rickybao/dreamerv3_runs/d1pilot_cup_e1_seed3/scores.jsonl
Writing metrics: /scratch/midway3/rickybao/dreamerv3_runs/d1pilot_cup_e1_seed3/metrics.jsonl

--------------------[Agent Step 87_568]--------------------
Metrics filtered by: 'score|length|fps|ratio|train/loss/|train/rand/'
train/loss/con 0.02 / train/loss/disag 1.4e-3 / train/loss/dyn 1.06 / train/loss/policy -0.03 / train/loss/position 9.4e-4 / train/loss/rep 1.06 / train/loss/repval 1.03 / train/loss/rew 0.31 / train/loss/valens 0.84 / train/loss/valensrep 0.97 / train/loss/value 0.84 / train/loss/velocity 0.02 / replay/replay_ratio 1040 / fps/policy 15.38 / fps/train 1.6e4

Writing metrics: /scratch/midway3/rickybao/dreamerv3_runs/d1pilot_cup_e1_seed3/scores.jsonl
Writing metrics: /scratch/midway3/rickybao/dreamerv3_runs/d1pilot_cup_e1_seed3/metrics.jsonl

--------------------[Agent Step 89_440]--------------------
Metrics filtered by: 'score|length|fps|ratio|train/loss/|train/rand/'
train/loss/con 0.02 / train/loss/disag 1.5e-3 / train/loss/dyn 1.06 / train/loss/policy -0.04 / train/loss/position 9.6e-4 / train/loss/rep 1.06 / train/loss/repval 0.98 / train/loss/rew 0.31 / train/loss/valens 0.84 / train/loss/valensrep 0.93 / train/loss/value 0.85 / train/loss/velocity 0.02 / replay/replay_ratio 1040 / fps/policy 15.47 / fps/train 1.6e4

Writing metrics: /scratch/midway3/rickybao/dreamerv3_runs/d1pilot_cup_e1_seed3/metrics.jsonl
Writing metrics: /scratch/midway3/rickybao/dreamerv3_runs/d1pilot_cup_e1_seed3/scores.jsonl

--------------------[Agent Step 91_312]--------------------
Metrics filtered by: 'score|length|fps|ratio|train/loss/|train/rand/'
train/loss/con 0.02 / train/loss/disag 1.5e-3 / train/loss/dyn 1.06 / train/loss/policy -0.04 / train/loss/position 9.6e-4 / train/loss/rep 1.06 / train/loss/repval 0.93 / train/loss/rew 0.32 / train/loss/valens 0.85 / train/loss/valensrep 0.9 / train/loss/value 0.87 / train/loss/velocity 0.02 / replay/replay_ratio 1040 / fps/policy 15.49 / fps/train 1.6e4

Writing metrics: /scratch/midway3/rickybao/dreamerv3_runs/d1pilot_cup_e1_seed3/metrics.jsonl
Writing metrics: /scratch/midway3/rickybao/dreamerv3_runs/d1pilot_cup_e1_seed3/scores.jsonl

--------------------[Agent Step 93_168]--------------------
Metrics filtered by: 'score|length|fps|ratio|train/loss/|train/rand/'
train/loss/con 0.02 / train/loss/disag 1.5e-3 / train/loss/dyn 1.06 / train/loss/policy -0.05 / train/loss/position 9.4e-4 / train/loss/rep 1.06 / train/loss/repval 0.99 / train/loss/rew 0.33 / train/loss/valens 0.82 / train/loss/valensrep 0.95 / train/loss/value 0.86 / train/loss/velocity 0.02 / replay/replay_ratio 1040 / fps/policy 15.38 / fps/train 1.6e4

Writing metrics: /scratch/midway3/rickybao/dreamerv3_runs/d1pilot_cup_e1_seed3/metrics.jsonl
Writing metrics: /scratch/midway3/rickybao/dreamerv3_runs/d1pilot_cup_e1_seed3/scores.jsonl

--------------------[Agent Step 95_024]--------------------
Metrics filtered by: 'score|length|fps|ratio|train/loss/|train/rand/'
train/loss/con 0.02 / train/loss/disag 1.5e-3 / train/loss/dyn 1.06 / train/loss/policy -0.04 / train/loss/position 9.8e-4 / train/loss/rep 1.06 / train/loss/repval 0.99 / train/loss/rew 0.33 / train/loss/valens 0.79 / train/loss/valensrep 0.93 / train/loss/value 0.82 / train/loss/velocity 0.02 / replay/replay_ratio 1040 / fps/policy 15.43 / fps/train 1.6e4

Writing metrics: /scratch/midway3/rickybao/dreamerv3_runs/d1pilot_cup_e1_seed3/metrics.jsonl
Writing metrics: /scratch/midway3/rickybao/dreamerv3_runs/d1pilot_cup_e1_seed3/scores.jsonl

--------------------[Agent Step 96_896]--------------------
Metrics filtered by: 'score|length|fps|ratio|train/loss/|train/rand/'
episode/score 911 / episode/length 1001 / train/loss/con 0.02 / train/loss/disag 1.5e-3 / train/loss/dyn 1.06 / train/loss/policy -0.04 / train/loss/position 9.6e-4 / train/loss/rep 1.06 / train/loss/repval 1 / train/loss/rew 0.34 / train/loss/valens 0.81 / train/loss/valensrep 0.95 / train/loss/value 0.83 / train/loss/velocity 0.02 / replay/replay_ratio 1040 / fps/policy 15.51 / fps/train 1.6e4

Writing metrics: /scratch/midway3/rickybao/dreamerv3_runs/d1pilot_cup_e1_seed3/metrics.jsonl
Writing metrics: /scratch/midway3/rickybao/dreamerv3_runs/d1pilot_cup_e1_seed3/scores.jsonl

--------------------[Agent Step 98_752]--------------------
Metrics filtered by: 'score|length|fps|ratio|train/loss/|train/rand/'
train/loss/con 0.02 / train/loss/disag 1.5e-3 / train/loss/dyn 1.06 / train/loss/policy -0.03 / train/loss/position 8.9e-4 / train/loss/rep 1.06 / train/loss/repval 0.98 / train/loss/rew 0.34 / train/loss/valens 0.83 / train/loss/valensrep 0.94 / train/loss/value 0.84 / train/loss/velocity 0.02 / replay/replay_ratio 1040 / fps/policy 15.41 / fps/train 1.6e4

Writing metrics: /scratch/midway3/rickybao/dreamerv3_runs/d1pilot_cup_e1_seed3/metrics.jsonl
Writing metrics: /scratch/midway3/rickybao/dreamerv3_runs/d1pilot_cup_e1_seed3/scores.jsonl
Saving checkpoint: /scratch/midway3/rickybao/dreamerv3_runs/d1pilot_cup_e1_seed3/ckpt/20260717T120650F309798
Saved checkpoint.

--------------------[Agent Step 99_440]--------------------
Metrics filtered by: 'score|length|fps|ratio|train/loss/|train/rand/'
No metrics.

Writing metrics: /scratch/midway3/rickybao/dreamerv3_runs/d1pilot_cup_e1_seed3/metrics.jsonl
Writing metrics: /scratch/midway3/rickybao/dreamerv3_runs/d1pilot_cup_e1_seed3/scores.jsonl
[Fri Jul 17 12:07:38 CDT 2026] d0 d1pilot_cup_e1_seed3 finished rc=0 status=DONE
