[Sun Jul 19 06:58:41 UTC 2026] offline_fit WM_RUN=tm2wm_finger_awareq1s1_seed15 ARM=aware DATA=/workspace/dreamerv3_runs/tm2_data/finger_q1_side1.pt UPDATES=500000 SEED=15
/workspace/conda_envs/dreamerv3/lib/python3.11/site-packages/tensordict/_td.py:612: FutureWarning: TensorDict.to_module() is replacing an existing nn.Parameter in the destination module with a tensor leaf that is not an nn.Parameter. This historical behavior can remove the key from module.state_dict(). In tensordict v0.14, to_module() will preserve existing module parameter and buffer registrations by default. Pass preserve_module_state=False to keep the current replacement behavior, or preserve_module_state=True to opt in to the v0.14 behavior now.
  local_out = _set_tensor_dict(
Episode length: 1000
Discount factor: 0.995
Buffer capacity: 200,200
Storage required: 0.01 GB
Using CUDA:0 memory for storage.
[92m2026-07-19 06:58:45,438 [torchrl][INFO][0m    Initialized LazyTensorStorage with torch.Size([200200]) shape[92m [END][0m
Loaded static data: 200 eps x 1001 rows = 200200 rows; arm=aware (reward_coef=0.1, value_coef=0.1)
[W719 06:58:47.205634681 CUDACachingAllocator.cpp:3933] memory allocation failed with OOM on device 0 while trying to allocate 10485760 bytes (free: 7929856, total: 16617766912).
Traceback (most recent call last):
  File "<frozen runpy>", line 198, in _run_module_as_main
  File "<frozen runpy>", line 88, in _run_code
  File "/workspace/dreamerv3/probing/tdmpc2_offline_fit.py", line 135, in <module>
    main()
  File "/workspace/dreamerv3/probing/tdmpc2_offline_fit.py", line 117, in main
    info = agent.update(buffer)
           ^^^^^^^^^^^^^^^^^^^^
  File "/workspace/tdmpc2/tdmpc2/tdmpc2.py", line 349, in update
    return self._update(obs, action, reward, terminated, **kwargs)
           ^^^^^^^^^^^^^^^^^^^^^^^^^^^^^^^^^^^^^^^^^^^^^^^^^^^^^^^
  File "/workspace/tdmpc2/tdmpc2/tdmpc2.py", line 313, in _update
    pi_info = self.update_pi(zs.detach(), task)
              ^^^^^^^^^^^^^^^^^^^^^^^^^^^^^^^^^
  File "/workspace/tdmpc2/tdmpc2/tdmpc2.py", line 221, in update_pi
    self.scale.update(qs[0])
  File "/workspace/tdmpc2/tdmpc2/common/scale.py", line 40, in update
    percentiles = self._percentile(x.detach())
                  ^^^^^^^^^^^^^^^^^^^^^^^^^^^^
  File "/workspace/tdmpc2/tdmpc2/common/scale.py", line 33, in _percentile
    in_sorted = torch.sort(x, dim=0).values
                ^^^^^^^^^^^^^^^^^^^^
torch.AcceleratorError: CUDA error: out of memory
Search for `cudaErrorMemoryAllocation' in https://docs.nvidia.com/cuda/cuda-runtime-api/group__CUDART__TYPES.html for more information.
For more detailed error information, run with CUDA_LOG_FILE=stderr

