[Sat Jul 25 01:30:21 CDT 2026] E4 measure ax1wm_finger_fpxpxq1ms0_seed1
Traceback (most recent call last):
  File "<frozen runpy>", line 198, in _run_module_as_main
  File "<frozen runpy>", line 88, in _run_code
  File "/home/rickybao/projects/dreamerv3/probing/stratified_error.py", line 581, in <module>
    main()
  File "/home/rickybao/projects/dreamerv3/probing/stratified_error.py", line 577, in main
    args.fn(args)
  File "/home/rickybao/projects/dreamerv3/probing/stratified_error.py", line 366, in cmd_measure
    _, out = jit(params, obs, action_dict, reward, reset, seed)
             ^^^^^^^^^^^^^^^^^^^^^^^^^^^^^^^^^^^^^^^^^^^^^^^^^^
  File "/home/rickybao/projects/dreamerv3/probing/stratified_error.py", line 353, in <lambda>
    jit = jax.jit(lambda p, o, a, r, re, s: pure(p, o, a, r, re, seed=s))
                                            ^^^^^^^^^^^^^^^^^^^^^^^^^^^^
  File "/scratch/midway3/rickybao/conda_envs/dreamerv3/lib/python3.11/site-packages/ninjax/ninjax.py", line 39, in hidewrapper
    raise e
  File "/home/rickybao/projects/dreamerv3/probing/stratified_error.py", line 318, in fn
    enc_carry, _, tokens = model.enc(enc_carry, obs, reset, training=False)
                           ^^^^^^^^^^^^^^^^^^^^^^^^^^^^^^^^^^^^^^^^^^^^^^^^
  File "/home/rickybao/projects/dreamerv3/dreamerv3/rssm.py", line 228, in __call__
    imgs = [obs[k] for k in sorted(self.imgkeys)]
           ^^^^^^^^^^^^^^^^^^^^^^^^^^^^^^^^^^^^^^
  File "/home/rickybao/projects/dreamerv3/dreamerv3/rssm.py", line 228, in <listcomp>
    imgs = [obs[k] for k in sorted(self.imgkeys)]
            ~~~^^^
KeyError: 'image'
Exception happened inside Ninjax scope 'enc'.
--------------------
For simplicity, JAX has removed its internal frames from the traceback of the following exception. Set JAX_TRACEBACK_FILTERING=off to include these.
Observations
  reward           Space(float32, shape=(), low=-inf, high=inf)
  is_first         Space(bool, shape=(), low=False, high=True)
  is_last          Space(bool, shape=(), low=False, high=True)
  is_terminal      Space(bool, shape=(), low=False, high=True)
  position         Space(float32, shape=(4,), low=-inf, high=inf)
  velocity         Space(float32, shape=(3,), low=-inf, high=inf)
  touch            Space(float32, shape=(2,), low=-inf, high=inf)
  target_position  Space(float32, shape=(2,), low=-inf, high=inf)
  dist_to_target   Space(float32, shape=(), low=-inf, high=inf)
  image            Space(uint8, shape=(64, 64, 3), low=0, high=255)
Actions
  action           Space(float32, shape=(2,), low=-1.0, high=1.0)
Extras
  consec           Space(int32, shape=(), low=-2147483648, high=2147483647)
  stepid           Space(uint8, shape=(20,), low=0, high=255)
  dyn/deter        Space(float32, shape=(512,), low=-inf, high=inf)
  dyn/stoch        Space(float32, shape=(32, 4), low=-inf, high=inf)
JAX devices (1): [cuda:0]
Policy devices: cuda:0
Train devices:  cuda:0
Initializing parameters...
Optimizer opt has 628,407 params:
       376,448 dyn
        80,595 dec
        66,111 val
        49,796 pol
        41,153 con
        14,304 enc
Done initializing!
Compiling 1 checkpoint groups...
Largest checkpoint group: 0 GB
Loading checkpoint: /scratch/midway3/rickybao/dreamerv3_runs/ax1wm_finger_fpxpxq1ms0_seed1/ckpt/20260722T073242F194151-000000500000
Loaded checkpoint.
ax1wm_finger_fpxpxq1ms0_seed1: expl.mode=apt reward_aware=False horizons=(1, 5, 20) probes 120x1001
