[Sat Jul 18 23:54:19 UTC 2026] python=/workspace/conda_envs/dreamerv3/bin/python
env ok: elements, jax 0.10.2 devices [CudaDevice(id=0)]
[Sat Jul 18 23:54:24 UTC 2026] pretrain RUN_ID=pretrain_random_finger_seed103 TASK=dmc_finger_turn_hard MODE=expl_random SEED=103 STEPS=1e5 -> /workspace/dreamerv3_runs/pretrain_random_finger_seed103
Watching /workspace/dreamerv3_runs/pretrain_random_finger_seed103/ckpt
  -> /workspace/dreamerv3_runs/pretrain_random_finger_seed103/ckpt_snapshots
  poll=60.0s  stop_step=100000
---  ___                           __   ______ ---
--- |   \ _ _ ___ __ _ _ __  ___ _ \ \ / /__ / ---
--- | |) | '_/ -_) _` | '  \/ -_) '/\ V / |_ \ ---
--- |___/|_| \___\__,_|_|_|_\___|_|  \_/ |___/ ---
Replica: 0 / 1
Logdir: /workspace/dreamerv3_runs/pretrain_random_finger_seed103
Run script: train
Observations
  reward           Space(float32, shape=(), low=-inf, high=inf)
  is_first         Space(bool, shape=(), low=False, high=True)
  is_last          Space(bool, shape=(), low=False, high=True)
  is_terminal      Space(bool, shape=(), low=False, high=True)
  position         Space(float32, shape=(4,), low=-inf, high=inf)
  velocity         Space(float32, shape=(3,), low=-inf, high=inf)
  touch            Space(float32, shape=(2,), low=-inf, high=inf)
  target_position  Space(float32, shape=(2,), low=-inf, high=inf)
  dist_to_target   Space(float32, shape=(), low=-inf, high=inf)
Actions
  action           Space(float32, shape=(2,), low=-1.0, high=1.0)
Extras
  consec           Space(int32, shape=(), low=-2147483648, high=2147483647)
  stepid           Space(uint8, shape=(20,), low=0, high=255)
  dyn/deter        Space(float32, shape=(512,), low=-inf, high=inf)
  dyn/stoch        Space(float32, shape=(32, 4), low=-inf, high=inf)
JAX devices (1): [cuda:0]
Policy devices: cuda:0
Train devices:  cuda:0
Initializing parameters...
/workspace/dreamerv3/embodied/jax/agent.py:112: DeprecationWarning: `with mesh:` context manager has been deprecated. Please use `with jax.set_mesh(mesh):` instead.
  with self.train_mesh:
Optimizer opt has 423,820 params:
       364,160 dyn
        50,316 dec
         9,344 enc
/workspace/conda_envs/dreamerv3/lib/python3.11/site-packages/optax/_src/linear_algebra.py:44: DeprecationWarning: optax.global_norm is deprecated in favor of optax.tree.norm
  warnings.warn(
Done initializing!
Compiling 1 checkpoint groups...
Largest checkpoint group: 0 GB
Compiling train and report...
/workspace/dreamerv3/embodied/jax/agent.py:187: DeprecationWarning: `with mesh:` context manager has been deprecated. Please use `with jax.set_mesh(mesh):` instead.
  with self.train_mesh:
/workspace/conda_envs/dreamerv3/lib/python3.11/site-packages/optax/_src/linear_algebra.py:44: DeprecationWarning: optax.global_norm is deprecated in favor of optax.tree.norm
  warnings.warn(
Train cost analysis:
No available
Report cost analysis:
No available
Done compiling!
Did not find any checkpoint.
Saving checkpoint: /workspace/dreamerv3_runs/pretrain_random_finger_seed103/ckpt/20260718T235516F133294
Saved checkpoint.
Start training loop
[23:55:24] snapshot step=0 -> /workspace/dreamerv3_runs/pretrain_random_finger_seed103/ckpt_snapshots/step000000000000
Start JAX profiler: /workspace/dreamerv3_runs/pretrain_random_finger_seed103
Stop JAX profiler

--------------------[Agent Step 8_432]--------------------
Metrics filtered by: 'score|length|fps|ratio|train/loss/|train/rand/'
train/loss/dist_to_target 0.02 / train/loss/dyn 1.41 / train/loss/position 0.19 / train/loss/rep 1.41 / train/loss/target_position 0.04 / train/loss/touch 0.08 / train/loss/velocity 0.52 / replay/replay_ratio 896.52 / fps/policy 65.96 / fps/train 5.1e4

Writing metrics: /workspace/dreamerv3_runs/pretrain_random_finger_seed103/metrics.jsonl
Writing metrics: /workspace/dreamerv3_runs/pretrain_random_finger_seed103/scores.jsonl

--------------------[Agent Step 16_208]--------------------
Metrics filtered by: 'score|length|fps|ratio|train/loss/|train/rand/'
episode/score 0 / episode/length 1001 / train/loss/dist_to_target 4.5e-3 / train/loss/dyn 1.12 / train/loss/position 0.02 / train/loss/rep 1.12 / train/loss/target_position 0.01 / train/loss/touch 0.02 / train/loss/velocity 0.07 / replay/replay_ratio 1040 / fps/policy 64.71 / fps/train 6.6e4

Writing metrics: /workspace/dreamerv3_runs/pretrain_random_finger_seed103/metrics.jsonlWriting metrics: /workspace/dreamerv3_runs/pretrain_random_finger_seed103/scores.jsonl

Saving checkpoint: /workspace/dreamerv3_runs/pretrain_random_finger_seed103/ckpt/20260719T000021F864193
Saved checkpoint.
[00:00:24] snapshot step=20032 -> /workspace/dreamerv3_runs/pretrain_random_finger_seed103/ckpt_snapshots/step000000020032

--------------------[Agent Step 23_936]--------------------
Metrics filtered by: 'score|length|fps|ratio|train/loss/|train/rand/'
train/loss/dist_to_target 4.1e-3 / train/loss/dyn 1.09 / train/loss/position 0.02 / train/loss/rep 1.09 / train/loss/target_position 0.01 / train/loss/touch 8.7e-3 / train/loss/velocity 0.04 / replay/replay_ratio 1040 / fps/policy 64.28 / fps/train 6.6e4

Writing metrics: /workspace/dreamerv3_runs/pretrain_random_finger_seed103/metrics.jsonl
Writing metrics: /workspace/dreamerv3_runs/pretrain_random_finger_seed103/scores.jsonl

--------------------[Agent Step 31_664]--------------------
Metrics filtered by: 'score|length|fps|ratio|train/loss/|train/rand/'
train/loss/dist_to_target 4e-3 / train/loss/dyn 1.08 / train/loss/position 0.02 / train/loss/rep 1.08 / train/loss/target_position 0.01 / train/loss/touch 5.7e-3 / train/loss/velocity 0.03 / replay/replay_ratio 1040 / fps/policy 64.41 / fps/train 6.6e4

Writing metrics: /workspace/dreamerv3_runs/pretrain_random_finger_seed103/metrics.jsonl
Writing metrics: /workspace/dreamerv3_runs/pretrain_random_finger_seed103/scores.jsonl
Saving checkpoint: /workspace/dreamerv3_runs/pretrain_random_finger_seed103/ckpt/20260719T000522F103611
Saved checkpoint.

--------------------[Agent Step 39_360]--------------------
Metrics filtered by: 'score|length|fps|ratio|train/loss/|train/rand/'
episode/score 0 / episode/length 1001 / train/loss/dist_to_target 3.7e-3 / train/loss/dyn 1.08 / train/loss/position 0.01 / train/loss/rep 1.08 / train/loss/target_position 8.9e-3 / train/loss/touch 4.7e-3 / train/loss/velocity 0.03 / replay/replay_ratio 1040 / fps/policy 64.05 / fps/train 6.6e4

Writing metrics: /workspace/dreamerv3_runs/pretrain_random_finger_seed103/metrics.jsonlWriting metrics: /workspace/dreamerv3_runs/pretrain_random_finger_seed103/scores.jsonl

[00:05:24] snapshot step=39344 -> /workspace/dreamerv3_runs/pretrain_random_finger_seed103/ckpt_snapshots/step000000039344

--------------------[Agent Step 47_072]--------------------
Metrics filtered by: 'score|length|fps|ratio|train/loss/|train/rand/'
train/loss/dist_to_target 3.7e-3 / train/loss/dyn 1.07 / train/loss/position 0.01 / train/loss/rep 1.07 / train/loss/target_position 9.1e-3 / train/loss/touch 4.1e-3 / train/loss/velocity 0.03 / replay/replay_ratio 1040 / fps/policy 64.25 / fps/train 6.6e4

Writing metrics: /workspace/dreamerv3_runs/pretrain_random_finger_seed103/metrics.jsonl
Writing metrics: /workspace/dreamerv3_runs/pretrain_random_finger_seed103/scores.jsonl

--------------------[Agent Step 54_752]--------------------
Metrics filtered by: 'score|length|fps|ratio|train/loss/|train/rand/'
episode/score 838 / episode/length 1001 / train/loss/dist_to_target 3.7e-3 / train/loss/dyn 1.08 / train/loss/position 0.01 / train/loss/rep 1.08 / train/loss/target_position 6.4e-3 / train/loss/touch 3.4e-3 / train/loss/velocity 0.03 / replay/replay_ratio 1040 / fps/policy 63.94 / fps/train 6.5e4

Writing metrics: /workspace/dreamerv3_runs/pretrain_random_finger_seed103/metrics.jsonlWriting metrics: /workspace/dreamerv3_runs/pretrain_random_finger_seed103/scores.jsonl

Saving checkpoint: /workspace/dreamerv3_runs/pretrain_random_finger_seed103/ckpt/20260719T001022F215662
Saved checkpoint.
[00:10:24] snapshot step=58544 -> /workspace/dreamerv3_runs/pretrain_random_finger_seed103/ckpt_snapshots/step000000058544

--------------------[Agent Step 62_400]--------------------
Metrics filtered by: 'score|length|fps|ratio|train/loss/|train/rand/'
train/loss/dist_to_target 3.4e-3 / train/loss/dyn 1.07 / train/loss/position 9.3e-3 / train/loss/rep 1.07 / train/loss/target_position 4.9e-3 / train/loss/touch 3.1e-3 / train/loss/velocity 0.02 / replay/replay_ratio 1040 / fps/policy 63.73 / fps/train 6.5e4

Writing metrics: /workspace/dreamerv3_runs/pretrain_random_finger_seed103/metrics.jsonlWriting metrics: /workspace/dreamerv3_runs/pretrain_random_finger_seed103/scores.jsonl


--------------------[Agent Step 70_064]--------------------
Metrics filtered by: 'score|length|fps|ratio|train/loss/|train/rand/'
episode/score 630 / episode/length 1001 / train/loss/dist_to_target 3e-3 / train/loss/dyn 1.06 / train/loss/position 9.1e-3 / train/loss/rep 1.06 / train/loss/target_position 4.7e-3 / train/loss/touch 2.8e-3 / train/loss/velocity 0.02 / replay/replay_ratio 1040 / fps/policy 63.7 / fps/train 6.5e4

Writing metrics: /workspace/dreamerv3_runs/pretrain_random_finger_seed103/metrics.jsonl
Writing metrics: /workspace/dreamerv3_runs/pretrain_random_finger_seed103/scores.jsonl
Saving checkpoint: /workspace/dreamerv3_runs/pretrain_random_finger_seed103/ckpt/20260719T001522F456930
Saved checkpoint.

--------------------[Agent Step 77_728]--------------------
Metrics filtered by: 'score|length|fps|ratio|train/loss/|train/rand/'
train/loss/dist_to_target 2.8e-3 / train/loss/dyn 1.06 / train/loss/position 9.1e-3 / train/loss/rep 1.06 / train/loss/target_position 4.7e-3 / train/loss/touch 2.5e-3 / train/loss/velocity 0.02 / replay/replay_ratio 1040 / fps/policy 63.78 / fps/train 6.5e4

Writing metrics: /workspace/dreamerv3_runs/pretrain_random_finger_seed103/metrics.jsonlWriting metrics: /workspace/dreamerv3_runs/pretrain_random_finger_seed103/scores.jsonl

[00:15:24] snapshot step=77696 -> /workspace/dreamerv3_runs/pretrain_random_finger_seed103/ckpt_snapshots/step000000077696

--------------------[Agent Step 85_408]--------------------
Metrics filtered by: 'score|length|fps|ratio|train/loss/|train/rand/'
episode/score 0 / episode/length 1001 / train/loss/dist_to_target 2.6e-3 / train/loss/dyn 1.06 / train/loss/position 9e-3 / train/loss/rep 1.06 / train/loss/target_position 4.8e-3 / train/loss/touch 2.4e-3 / train/loss/velocity 0.02 / replay/replay_ratio 1040 / fps/policy 63.96 / fps/train 6.5e4

Writing metrics: /workspace/dreamerv3_runs/pretrain_random_finger_seed103/metrics.jsonl
Writing metrics: /workspace/dreamerv3_runs/pretrain_random_finger_seed103/scores.jsonl

--------------------[Agent Step 93_104]--------------------
Metrics filtered by: 'score|length|fps|ratio|train/loss/|train/rand/'
train/loss/dist_to_target 2.4e-3 / train/loss/dyn 1.06 / train/loss/position 8.9e-3 / train/loss/rep 1.06 / train/loss/target_position 4.8e-3 / train/loss/touch 2.2e-3 / train/loss/velocity 0.02 / replay/replay_ratio 1040 / fps/policy 64.1 / fps/train 6.6e4

Writing metrics: /workspace/dreamerv3_runs/pretrain_random_finger_seed103/metrics.jsonl
Writing metrics: /workspace/dreamerv3_runs/pretrain_random_finger_seed103/scores.jsonl
Saving checkpoint: /workspace/dreamerv3_runs/pretrain_random_finger_seed103/ckpt/20260719T002022F708651
Saved checkpoint.
[00:20:24] snapshot step=96880 -> /workspace/dreamerv3_runs/pretrain_random_finger_seed103/ckpt_snapshots/step000000096880

--------------------[Agent Step 96_864]--------------------
Metrics filtered by: 'score|length|fps|ratio|train/loss/|train/rand/'
episode/score 0 / episode/length 1001

Writing metrics: /workspace/dreamerv3_runs/pretrain_random_finger_seed103/metrics.jsonlWriting metrics: /workspace/dreamerv3_runs/pretrain_random_finger_seed103/scores.jsonl

Stop file seen; final sweep then exit.
 milestone      actual     |err|  snapshot
    100000       96880      3120  /workspace/dreamerv3_runs/pretrain_random_finger_seed103/ckpt_snapshots/step000000096880
    200000       96880    103120  /workspace/dreamerv3_runs/pretrain_random_finger_seed103/ckpt_snapshots/step000000096880
    300000       96880    203120  /workspace/dreamerv3_runs/pretrain_random_finger_seed103/ckpt_snapshots/step000000096880
    400000       96880    303120  /workspace/dreamerv3_runs/pretrain_random_finger_seed103/ckpt_snapshots/step000000096880
    500000       96880    403120  /workspace/dreamerv3_runs/pretrain_random_finger_seed103/ckpt_snapshots/step000000096880
Done. 6 snapshots retained; worst milestone gap = 403120 steps.
 milestone      actual     |err|  snapshot
    100000       96880      3120  /workspace/dreamerv3_runs/pretrain_random_finger_seed103/ckpt_snapshots/step000000096880
    200000       96880    103120  /workspace/dreamerv3_runs/pretrain_random_finger_seed103/ckpt_snapshots/step000000096880
    300000       96880    203120  /workspace/dreamerv3_runs/pretrain_random_finger_seed103/ckpt_snapshots/step000000096880
    400000       96880    303120  /workspace/dreamerv3_runs/pretrain_random_finger_seed103/ckpt_snapshots/step000000096880
    500000       96880    403120  /workspace/dreamerv3_runs/pretrain_random_finger_seed103/ckpt_snapshots/step000000096880
[Sun Jul 19 00:21:24 UTC 2026] pretrain pretrain_random_finger_seed103 finished rc=0 status=DONE
