[Sun Jul 19 00:58:42 UTC 2026] python=/workspace/conda_envs/dreamerv3/bin/python
env ok: elements, jax 0.10.2 devices [CudaDevice(id=0)]
[Sun Jul 19 00:58:45 UTC 2026] pretrain RUN_ID=pretrain_p2e_finger_seed101 TASK=dmc_finger_turn_hard MODE=expl_p2e SEED=101 STEPS=1e5 -> /workspace/dreamerv3_runs/pretrain_p2e_finger_seed101
Watching /workspace/dreamerv3_runs/pretrain_p2e_finger_seed101/ckpt
  -> /workspace/dreamerv3_runs/pretrain_p2e_finger_seed101/ckpt_snapshots
  poll=60.0s  stop_step=100000
---  ___                           __   ______ ---
--- |   \ _ _ ___ __ _ _ __  ___ _ \ \ / /__ / ---
--- | |) | '_/ -_) _` | '  \/ -_) '/\ V / |_ \ ---
--- |___/|_| \___\__,_|_|_|_\___|_|  \_/ |___/ ---
Replica: 0 / 1
Logdir: /workspace/dreamerv3_runs/pretrain_p2e_finger_seed101
Run script: train
Observations
  reward           Space(float32, shape=(), low=-inf, high=inf)
  is_first         Space(bool, shape=(), low=False, high=True)
  is_last          Space(bool, shape=(), low=False, high=True)
  is_terminal      Space(bool, shape=(), low=False, high=True)
  position         Space(float32, shape=(4,), low=-inf, high=inf)
  velocity         Space(float32, shape=(3,), low=-inf, high=inf)
  touch            Space(float32, shape=(2,), low=-inf, high=inf)
  target_position  Space(float32, shape=(2,), low=-inf, high=inf)
  dist_to_target   Space(float32, shape=(), low=-inf, high=inf)
  image            Space(uint8, shape=(64, 64, 3), low=0, high=255)
Actions
  action           Space(float32, shape=(2,), low=-1.0, high=1.0)
Extras
  consec           Space(int32, shape=(), low=-2147483648, high=2147483647)
  stepid           Space(uint8, shape=(20,), low=0, high=255)
  dyn/deter        Space(float32, shape=(512,), low=-inf, high=inf)
  dyn/stoch        Space(float32, shape=(32, 4), low=-inf, high=inf)
JAX devices (1): [cuda:0]
Policy devices: cuda:0
Train devices:  cuda:0
Initializing parameters...
/workspace/dreamerv3/embodied/jax/agent.py:112: DeprecationWarning: `with mesh:` context manager has been deprecated. Please use `with jax.set_mesh(mesh):` instead.
  with self.train_mesh:
Optimizer opt has 3,791,543 params:
     3,163,136 disag
       376,448 dyn
        80,595 dec
        66,111 val
        49,796 pol
        41,153 con
        14,304 enc
Done initializing!
Compiling 1 checkpoint groups...
Largest checkpoint group: 0 GB
Compiling train and report...
/workspace/dreamerv3/embodied/jax/agent.py:187: DeprecationWarning: `with mesh:` context manager has been deprecated. Please use `with jax.set_mesh(mesh):` instead.
  with self.train_mesh:
Train cost analysis:
No available
Report cost analysis:
No available
Done compiling!
Did not find any checkpoint.
Saving checkpoint: /workspace/dreamerv3_runs/pretrain_p2e_finger_seed101/ckpt/20260719T010047F730628
Saved checkpoint.
Start training loop
Start JAX profiler: /workspace/dreamerv3_runs/pretrain_p2e_finger_seed101
Stop JAX profiler
[01:01:45] snapshot step=0 -> /workspace/dreamerv3_runs/pretrain_p2e_finger_seed101/ckpt_snapshots/step000000000000

--------------------[Agent Step 6_608]--------------------
Metrics filtered by: 'score|length|fps|ratio|train/loss/|train/rand/'
train/loss/con 0.14 / train/loss/disag 0.09 / train/loss/dyn 4.94 / train/loss/image 283.57 / train/loss/policy 1.07 / train/loss/rep 4.94 / train/loss/value 5.54 / replay/replay_ratio 212.69 / fps/policy 50.46 / fps/train 8922.87

Writing metrics: /workspace/dreamerv3_runs/pretrain_p2e_finger_seed101/metrics.jsonl
Writing metrics: /workspace/dreamerv3_runs/pretrain_p2e_finger_seed101/scores.jsonl

--------------------[Agent Step 11_824]--------------------
Metrics filtered by: 'score|length|fps|ratio|train/loss/|train/rand/'
train/loss/con 0.02 / train/loss/disag 0.02 / train/loss/dyn 2.77 / train/loss/image 40.32 / train/loss/policy 1.33 / train/loss/rep 2.77 / train/loss/value 3.51 / replay/replay_ratio 260 / fps/policy 43.37 / fps/train 1.1e4

Writing metrics: /workspace/dreamerv3_runs/pretrain_p2e_finger_seed101/scores.jsonlWriting metrics: /workspace/dreamerv3_runs/pretrain_p2e_finger_seed101/metrics.jsonl

Saving checkpoint: /workspace/dreamerv3_runs/pretrain_p2e_finger_seed101/ckpt/20260719T010556F489383
Saved checkpoint.
[01:06:45] snapshot step=14416 -> /workspace/dreamerv3_runs/pretrain_p2e_finger_seed101/ckpt_snapshots/step000000014416

--------------------[Agent Step 17_040]--------------------
Metrics filtered by: 'score|length|fps|ratio|train/loss/|train/rand/'
episode/score 4 / episode/length 1001 / train/loss/con 0.02 / train/loss/disag 8.3e-3 / train/loss/dyn 2.53 / train/loss/image 26.21 / train/loss/policy 1.09 / train/loss/rep 2.53 / train/loss/value 1.89 / replay/replay_ratio 260 / fps/policy 43.35 / fps/train 1.1e4

Writing metrics: /workspace/dreamerv3_runs/pretrain_p2e_finger_seed101/metrics.jsonl
Writing metrics: /workspace/dreamerv3_runs/pretrain_p2e_finger_seed101/scores.jsonl

--------------------[Agent Step 22_224]--------------------
Metrics filtered by: 'score|length|fps|ratio|train/loss/|train/rand/'
train/loss/con 0.02 / train/loss/disag 7.2e-3 / train/loss/dyn 2.55 / train/loss/image 20.32 / train/loss/policy 0.71 / train/loss/rep 2.55 / train/loss/value 1.25 / replay/replay_ratio 260 / fps/policy 43.1 / fps/train 1.1e4

Writing metrics: /workspace/dreamerv3_runs/pretrain_p2e_finger_seed101/scores.jsonlWriting metrics: /workspace/dreamerv3_runs/pretrain_p2e_finger_seed101/metrics.jsonl

Saving checkpoint: /workspace/dreamerv3_runs/pretrain_p2e_finger_seed101/ckpt/20260719T011056F718225
Saved checkpoint.

--------------------[Agent Step 27_424]--------------------
Metrics filtered by: 'score|length|fps|ratio|train/loss/|train/rand/'
train/loss/con 0.02 / train/loss/disag 6.7e-3 / train/loss/dyn 2.55 / train/loss/image 16.95 / train/loss/policy 0.5 / train/loss/rep 2.55 / train/loss/value 1.15 / replay/replay_ratio 260 / fps/policy 43.24 / fps/train 1.1e4

Writing metrics: /workspace/dreamerv3_runs/pretrain_p2e_finger_seed101/metrics.jsonlWriting metrics: /workspace/dreamerv3_runs/pretrain_p2e_finger_seed101/scores.jsonl

[01:11:45] snapshot step=27392 -> /workspace/dreamerv3_runs/pretrain_p2e_finger_seed101/ckpt_snapshots/step000000027392

--------------------[Agent Step 32_640]--------------------
Metrics filtered by: 'score|length|fps|ratio|train/loss/|train/rand/'
episode/score 0 / episode/length 1001 / train/loss/con 0.02 / train/loss/disag 6.2e-3 / train/loss/dyn 2.58 / train/loss/image 14.82 / train/loss/policy 0.17 / train/loss/rep 2.58 / train/loss/value 0.8 / replay/replay_ratio 260 / fps/policy 43.45 / fps/train 1.1e4

Writing metrics: /workspace/dreamerv3_runs/pretrain_p2e_finger_seed101/metrics.jsonl
Writing metrics: /workspace/dreamerv3_runs/pretrain_p2e_finger_seed101/scores.jsonl

--------------------[Agent Step 37_824]--------------------
Metrics filtered by: 'score|length|fps|ratio|train/loss/|train/rand/'
train/loss/con 0.02 / train/loss/disag 5.9e-3 / train/loss/dyn 2.64 / train/loss/image 14.47 / train/loss/policy -1e-2 / train/loss/rep 2.64 / train/loss/value 1.1 / replay/replay_ratio 260 / fps/policy 43.15 / fps/train 1.1e4

Writing metrics: /workspace/dreamerv3_runs/pretrain_p2e_finger_seed101/metrics.jsonlWriting metrics: /workspace/dreamerv3_runs/pretrain_p2e_finger_seed101/scores.jsonl

Saving checkpoint: /workspace/dreamerv3_runs/pretrain_p2e_finger_seed101/ckpt/20260719T011556F813767
Saved checkpoint.
[01:16:45] snapshot step=40384 -> /workspace/dreamerv3_runs/pretrain_p2e_finger_seed101/ckpt_snapshots/step000000040384

--------------------[Agent Step 43_024]--------------------
Metrics filtered by: 'score|length|fps|ratio|train/loss/|train/rand/'
train/loss/con 0.02 / train/loss/disag 5.4e-3 / train/loss/dyn 2.54 / train/loss/image 13.67 / train/loss/policy -0.16 / train/loss/rep 2.54 / train/loss/value 0.47 / replay/replay_ratio 260 / fps/policy 43.25 / fps/train 1.1e4

Writing metrics: /workspace/dreamerv3_runs/pretrain_p2e_finger_seed101/metrics.jsonlWriting metrics: /workspace/dreamerv3_runs/pretrain_p2e_finger_seed101/scores.jsonl


--------------------[Agent Step 48_240]--------------------
Metrics filtered by: 'score|length|fps|ratio|train/loss/|train/rand/'
episode/score 0 / episode/length 1001 / train/loss/con 0.02 / train/loss/disag 5.2e-3 / train/loss/dyn 2.61 / train/loss/image 13.4 / train/loss/policy -0.1 / train/loss/rep 2.61 / train/loss/value 1.08 / replay/replay_ratio 260 / fps/policy 43.43 / fps/train 1.1e4

Writing metrics: /workspace/dreamerv3_runs/pretrain_p2e_finger_seed101/metrics.jsonlWriting metrics: /workspace/dreamerv3_runs/pretrain_p2e_finger_seed101/scores.jsonl

Saving checkpoint: /workspace/dreamerv3_runs/pretrain_p2e_finger_seed101/ckpt/20260719T012057F137916
Saved checkpoint.

--------------------[Agent Step 53_408]--------------------
Metrics filtered by: 'score|length|fps|ratio|train/loss/|train/rand/'
train/loss/con 0.02 / train/loss/disag 5e-3 / train/loss/dyn 2.66 / train/loss/image 13.3 / train/loss/policy -0.09 / train/loss/rep 2.66 / train/loss/value 0.9 / replay/replay_ratio 260 / fps/policy 42.97 / fps/train 1.1e4

Writing metrics: /workspace/dreamerv3_runs/pretrain_p2e_finger_seed101/metrics.jsonlWriting metrics: /workspace/dreamerv3_runs/pretrain_p2e_finger_seed101/scores.jsonl

[01:21:45] snapshot step=53360 -> /workspace/dreamerv3_runs/pretrain_p2e_finger_seed101/ckpt_snapshots/step000000053360

--------------------[Agent Step 58_608]--------------------
Metrics filtered by: 'score|length|fps|ratio|train/loss/|train/rand/'
train/loss/con 0.02 / train/loss/disag 4.8e-3 / train/loss/dyn 2.67 / train/loss/image 12.95 / train/loss/policy -0.24 / train/loss/rep 2.67 / train/loss/value 0.19 / replay/replay_ratio 260 / fps/policy 43.22 / fps/train 1.1e4

Writing metrics: /workspace/dreamerv3_runs/pretrain_p2e_finger_seed101/metrics.jsonlWriting metrics: /workspace/dreamerv3_runs/pretrain_p2e_finger_seed101/scores.jsonl


--------------------[Agent Step 63_872]--------------------
Metrics filtered by: 'score|length|fps|ratio|train/loss/|train/rand/'
train/loss/con 0.02 / train/loss/disag 4.7e-3 / train/loss/dyn 2.72 / train/loss/image 12.64 / train/loss/policy -0.04 / train/loss/rep 2.72 / train/loss/value 0.25 / replay/replay_ratio 260 / fps/policy 43.83 / fps/train 1.1e4

Writing metrics: /workspace/dreamerv3_runs/pretrain_p2e_finger_seed101/scores.jsonl
Writing metrics: /workspace/dreamerv3_runs/pretrain_p2e_finger_seed101/metrics.jsonl
Saving checkpoint: /workspace/dreamerv3_runs/pretrain_p2e_finger_seed101/ckpt/20260719T012557F368371
Saved checkpoint.
[01:26:45] snapshot step=66432 -> /workspace/dreamerv3_runs/pretrain_p2e_finger_seed101/ckpt_snapshots/step000000066432

--------------------[Agent Step 69_168]--------------------
Metrics filtered by: 'score|length|fps|ratio|train/loss/|train/rand/'
episode/score 290 / episode/length 1001 / train/loss/con 0.02 / train/loss/disag 4.7e-3 / train/loss/dyn 2.71 / train/loss/image 12.27 / train/loss/policy -0.03 / train/loss/rep 2.71 / train/loss/value 0.49 / replay/replay_ratio 260 / fps/policy 44.12 / fps/train 1.1e4

Writing metrics: /workspace/dreamerv3_runs/pretrain_p2e_finger_seed101/metrics.jsonlWriting metrics: /workspace/dreamerv3_runs/pretrain_p2e_finger_seed101/scores.jsonl


--------------------[Agent Step 74_528]--------------------
Metrics filtered by: 'score|length|fps|ratio|train/loss/|train/rand/'
train/loss/con 0.02 / train/loss/disag 4.6e-3 / train/loss/dyn 2.63 / train/loss/image 11.92 / train/loss/policy -0.03 / train/loss/rep 2.63 / train/loss/value 0.78 / replay/replay_ratio 260 / fps/policy 44.57 / fps/train 1.1e4

Writing metrics: /workspace/dreamerv3_runs/pretrain_p2e_finger_seed101/metrics.jsonl
Writing metrics: /workspace/dreamerv3_runs/pretrain_p2e_finger_seed101/scores.jsonl
Saving checkpoint: /workspace/dreamerv3_runs/pretrain_p2e_finger_seed101/ckpt/20260719T013057F380827
Saved checkpoint.

--------------------[Agent Step 79_888]--------------------
Metrics filtered by: 'score|length|fps|ratio|train/loss/|train/rand/'
train/loss/con 0.02 / train/loss/disag 4.5e-3 / train/loss/dyn 2.64 / train/loss/image 11.69 / train/loss/policy 0.03 / train/loss/rep 2.64 / train/loss/value 0.67 / replay/replay_ratio 260 / fps/policy 44.48 / fps/train 1.1e4

Writing metrics: /workspace/dreamerv3_runs/pretrain_p2e_finger_seed101/metrics.jsonlWriting metrics: /workspace/dreamerv3_runs/pretrain_p2e_finger_seed101/scores.jsonl

[01:31:45] snapshot step=79808 -> /workspace/dreamerv3_runs/pretrain_p2e_finger_seed101/ckpt_snapshots/step000000079808

--------------------[Agent Step 85_216]--------------------
Metrics filtered by: 'score|length|fps|ratio|train/loss/|train/rand/'
episode/score 8 / episode/length 1001 / train/loss/con 0.02 / train/loss/disag 4.5e-3 / train/loss/dyn 2.66 / train/loss/image 11.45 / train/loss/policy 0.02 / train/loss/rep 2.66 / train/loss/value 0.37 / replay/replay_ratio 260 / fps/policy 44.43 / fps/train 1.1e4

Writing metrics: /workspace/dreamerv3_runs/pretrain_p2e_finger_seed101/metrics.jsonl
Writing metrics: /workspace/dreamerv3_runs/pretrain_p2e_finger_seed101/scores.jsonl

--------------------[Agent Step 90_576]--------------------
Metrics filtered by: 'score|length|fps|ratio|train/loss/|train/rand/'
train/loss/con 0.02 / train/loss/disag 4.4e-3 / train/loss/dyn 2.63 / train/loss/image 11.2 / train/loss/policy 1.7e-3 / train/loss/rep 2.63 / train/loss/value 0.51 / replay/replay_ratio 260 / fps/policy 44.59 / fps/train 1.1e4

Writing metrics: /workspace/dreamerv3_runs/pretrain_p2e_finger_seed101/scores.jsonlWriting metrics: /workspace/dreamerv3_runs/pretrain_p2e_finger_seed101/metrics.jsonl

Saving checkpoint: /workspace/dreamerv3_runs/pretrain_p2e_finger_seed101/ckpt/20260719T013557F688288
Saved checkpoint.
[01:36:45] snapshot step=93152 -> /workspace/dreamerv3_runs/pretrain_p2e_finger_seed101/ckpt_snapshots/step000000093152

--------------------[Agent Step 95_920]--------------------
Metrics filtered by: 'score|length|fps|ratio|train/loss/|train/rand/'
train/loss/con 0.02 / train/loss/disag 4.3e-3 / train/loss/dyn 2.6 / train/loss/image 10.98 / train/loss/policy -6.9e-3 / train/loss/rep 2.6 / train/loss/value 0.7 / replay/replay_ratio 260 / fps/policy 44.45 / fps/train 1.1e4

Writing metrics: /workspace/dreamerv3_runs/pretrain_p2e_finger_seed101/metrics.jsonlWriting metrics: /workspace/dreamerv3_runs/pretrain_p2e_finger_seed101/scores.jsonl


--------------------[Agent Step 96_096]--------------------
Metrics filtered by: 'score|length|fps|ratio|train/loss/|train/rand/'
episode/score 0 / episode/length 1001

Writing metrics: /workspace/dreamerv3_runs/pretrain_p2e_finger_seed101/metrics.jsonl
Writing metrics: /workspace/dreamerv3_runs/pretrain_p2e_finger_seed101/scores.jsonl
Stop file seen; final sweep then exit.
 milestone      actual     |err|  snapshot
    100000       93152      6848  /workspace/dreamerv3_runs/pretrain_p2e_finger_seed101/ckpt_snapshots/step000000093152
    200000       93152    106848  /workspace/dreamerv3_runs/pretrain_p2e_finger_seed101/ckpt_snapshots/step000000093152
    300000       93152    206848  /workspace/dreamerv3_runs/pretrain_p2e_finger_seed101/ckpt_snapshots/step000000093152
    400000       93152    306848  /workspace/dreamerv3_runs/pretrain_p2e_finger_seed101/ckpt_snapshots/step000000093152
    500000       93152    406848  /workspace/dreamerv3_runs/pretrain_p2e_finger_seed101/ckpt_snapshots/step000000093152
Done. 8 snapshots retained; worst milestone gap = 406848 steps.
 milestone      actual     |err|  snapshot
    100000       93152      6848  /workspace/dreamerv3_runs/pretrain_p2e_finger_seed101/ckpt_snapshots/step000000093152
    200000       93152    106848  /workspace/dreamerv3_runs/pretrain_p2e_finger_seed101/ckpt_snapshots/step000000093152
    300000       93152    206848  /workspace/dreamerv3_runs/pretrain_p2e_finger_seed101/ckpt_snapshots/step000000093152
    400000       93152    306848  /workspace/dreamerv3_runs/pretrain_p2e_finger_seed101/ckpt_snapshots/step000000093152
    500000       93152    406848  /workspace/dreamerv3_runs/pretrain_p2e_finger_seed101/ckpt_snapshots/step000000093152
[Sun Jul 19 01:38:46 UTC 2026] pretrain pretrain_p2e_finger_seed101 finished rc=0 status=DONE
