[Sun Jul 19 00:58:12 UTC 2026] python=/workspace/conda_envs/dreamerv3/bin/python
env ok: elements, jax 0.10.2 devices [CudaDevice(id=0)]
[Sun Jul 19 00:58:15 UTC 2026] pretrain RUN_ID=pretrain_random_finger_seed105 TASK=dmc_finger_turn_hard MODE=expl_random SEED=105 STEPS=1e5 -> /workspace/dreamerv3_runs/pretrain_random_finger_seed105
Watching /workspace/dreamerv3_runs/pretrain_random_finger_seed105/ckpt
  -> /workspace/dreamerv3_runs/pretrain_random_finger_seed105/ckpt_snapshots
  poll=60.0s  stop_step=100000
---  ___                           __   ______ ---
--- |   \ _ _ ___ __ _ _ __  ___ _ \ \ / /__ / ---
--- | |) | '_/ -_) _` | '  \/ -_) '/\ V / |_ \ ---
--- |___/|_| \___\__,_|_|_|_\___|_|  \_/ |___/ ---
Replica: 0 / 1
Logdir: /workspace/dreamerv3_runs/pretrain_random_finger_seed105
Run script: train
Observations
  reward           Space(float32, shape=(), low=-inf, high=inf)
  is_first         Space(bool, shape=(), low=False, high=True)
  is_last          Space(bool, shape=(), low=False, high=True)
  is_terminal      Space(bool, shape=(), low=False, high=True)
  position         Space(float32, shape=(4,), low=-inf, high=inf)
  velocity         Space(float32, shape=(3,), low=-inf, high=inf)
  touch            Space(float32, shape=(2,), low=-inf, high=inf)
  target_position  Space(float32, shape=(2,), low=-inf, high=inf)
  dist_to_target   Space(float32, shape=(), low=-inf, high=inf)
  image            Space(uint8, shape=(64, 64, 3), low=0, high=255)
Actions
  action           Space(float32, shape=(2,), low=-1.0, high=1.0)
Extras
  consec           Space(int32, shape=(), low=-2147483648, high=2147483647)
  stepid           Space(uint8, shape=(20,), low=0, high=255)
  dyn/deter        Space(float32, shape=(512,), low=-inf, high=inf)
  dyn/stoch        Space(float32, shape=(32, 4), low=-inf, high=inf)
JAX devices (1): [cuda:0]
Policy devices: cuda:0
Train devices:  cuda:0
Initializing parameters...
/workspace/dreamerv3/embodied/jax/agent.py:112: DeprecationWarning: `with mesh:` context manager has been deprecated. Please use `with jax.set_mesh(mesh):` instead.
  with self.train_mesh:
Optimizer opt has 471,347 params:
       376,448 dyn
        80,595 dec
        14,304 enc
Done initializing!
Compiling 1 checkpoint groups...
Largest checkpoint group: 0 GB
Compiling train and report...
/workspace/dreamerv3/embodied/jax/agent.py:187: DeprecationWarning: `with mesh:` context manager has been deprecated. Please use `with jax.set_mesh(mesh):` instead.
  with self.train_mesh:
Train cost analysis:
No available
Report cost analysis:
No available
Done compiling!
Did not find any checkpoint.
Saving checkpoint: /workspace/dreamerv3_runs/pretrain_random_finger_seed105/ckpt/20260719T005924F818552
Saved checkpoint.
Start training loop
Start JAX profiler: /workspace/dreamerv3_runs/pretrain_random_finger_seed105
Stop JAX profiler
[01:00:15] snapshot step=0 -> /workspace/dreamerv3_runs/pretrain_random_finger_seed105/ckpt_snapshots/step000000000000

--------------------[Agent Step 8_992]--------------------
Metrics filtered by: 'score|length|fps|ratio|train/loss/|train/rand/'
train/loss/dyn 3.71 / train/loss/image 255.15 / train/loss/rep 3.71 / replay/replay_ratio 226.85 / fps/policy 69.52 / fps/train 1.4e4

Writing metrics: /workspace/dreamerv3_runs/pretrain_random_finger_seed105/metrics.jsonl
Writing metrics: /workspace/dreamerv3_runs/pretrain_random_finger_seed105/scores.jsonl

--------------------[Agent Step 16_496]--------------------
Metrics filtered by: 'score|length|fps|ratio|train/loss/|train/rand/'
episode/score 809 / episode/length 1001 / train/loss/dyn 3 / train/loss/image 33.33 / train/loss/rep 3 / replay/replay_ratio 260 / fps/policy 62.47 / fps/train 1.6e4

Writing metrics: /workspace/dreamerv3_runs/pretrain_random_finger_seed105/scores.jsonlWriting metrics: /workspace/dreamerv3_runs/pretrain_random_finger_seed105/metrics.jsonl

Saving checkpoint: /workspace/dreamerv3_runs/pretrain_random_finger_seed105/ckpt/20260719T010432F040651
Saved checkpoint.
[01:05:15] snapshot step=20208 -> /workspace/dreamerv3_runs/pretrain_random_finger_seed105/ckpt_snapshots/step000000020208

--------------------[Agent Step 23_952]--------------------
Metrics filtered by: 'score|length|fps|ratio|train/loss/|train/rand/'
train/loss/dyn 3.27 / train/loss/image 22.69 / train/loss/rep 3.27 / replay/replay_ratio 260 / fps/policy 62.09 / fps/train 1.6e4

Writing metrics: /workspace/dreamerv3_runs/pretrain_random_finger_seed105/scores.jsonlWriting metrics: /workspace/dreamerv3_runs/pretrain_random_finger_seed105/metrics.jsonl


--------------------[Agent Step 31_360]--------------------
Metrics filtered by: 'score|length|fps|ratio|train/loss/|train/rand/'
train/loss/dyn 3.23 / train/loss/image 17.74 / train/loss/rep 3.23 / replay/replay_ratio 260 / fps/policy 61.68 / fps/train 1.6e4

Writing metrics: /workspace/dreamerv3_runs/pretrain_random_finger_seed105/scores.jsonlWriting metrics: /workspace/dreamerv3_runs/pretrain_random_finger_seed105/metrics.jsonl

Saving checkpoint: /workspace/dreamerv3_runs/pretrain_random_finger_seed105/ckpt/20260719T010932F139294
Saved checkpoint.

--------------------[Agent Step 38_816]--------------------
Metrics filtered by: 'score|length|fps|ratio|train/loss/|train/rand/'
episode/score 0 / episode/length 1001 / train/loss/dyn 3.09 / train/loss/image 15.5 / train/loss/rep 3.09 / replay/replay_ratio 260 / fps/policy 61.96 / fps/train 1.6e4

Writing metrics: /workspace/dreamerv3_runs/pretrain_random_finger_seed105/metrics.jsonlWriting metrics: /workspace/dreamerv3_runs/pretrain_random_finger_seed105/scores.jsonl

[01:10:15] snapshot step=38800 -> /workspace/dreamerv3_runs/pretrain_random_finger_seed105/ckpt_snapshots/step000000038800

--------------------[Agent Step 46_320]--------------------
Metrics filtered by: 'score|length|fps|ratio|train/loss/|train/rand/'
train/loss/dyn 2.94 / train/loss/image 14.21 / train/loss/rep 2.94 / replay/replay_ratio 260 / fps/policy 62.42 / fps/train 1.6e4

Writing metrics: /workspace/dreamerv3_runs/pretrain_random_finger_seed105/metrics.jsonlWriting metrics: /workspace/dreamerv3_runs/pretrain_random_finger_seed105/scores.jsonl


--------------------[Agent Step 53_696]--------------------
Metrics filtered by: 'score|length|fps|ratio|train/loss/|train/rand/'
episode/score 0 / episode/length 1001 / train/loss/dyn 2.85 / train/loss/image 13.37 / train/loss/rep 2.85 / replay/replay_ratio 260 / fps/policy 61.45 / fps/train 1.6e4

Writing metrics: /workspace/dreamerv3_runs/pretrain_random_finger_seed105/metrics.jsonlWriting metrics: /workspace/dreamerv3_runs/pretrain_random_finger_seed105/scores.jsonl

Saving checkpoint: /workspace/dreamerv3_runs/pretrain_random_finger_seed105/ckpt/20260719T011432F370421
Saved checkpoint.
[01:15:15] snapshot step=57360 -> /workspace/dreamerv3_runs/pretrain_random_finger_seed105/ckpt_snapshots/step000000057360

--------------------[Agent Step 61_104]--------------------
Metrics filtered by: 'score|length|fps|ratio|train/loss/|train/rand/'
train/loss/dyn 2.73 / train/loss/image 12.73 / train/loss/rep 2.73 / replay/replay_ratio 260 / fps/policy 61.67 / fps/train 1.6e4

Writing metrics: /workspace/dreamerv3_runs/pretrain_random_finger_seed105/scores.jsonl
Writing metrics: /workspace/dreamerv3_runs/pretrain_random_finger_seed105/metrics.jsonl

--------------------[Agent Step 68_512]--------------------
Metrics filtered by: 'score|length|fps|ratio|train/loss/|train/rand/'
episode/score 0 / episode/length 1001 / train/loss/dyn 2.66 / train/loss/image 12.27 / train/loss/rep 2.66 / replay/replay_ratio 260 / fps/policy 61.65 / fps/train 1.6e4

Writing metrics: /workspace/dreamerv3_runs/pretrain_random_finger_seed105/metrics.jsonlWriting metrics: /workspace/dreamerv3_runs/pretrain_random_finger_seed105/scores.jsonl

Saving checkpoint: /workspace/dreamerv3_runs/pretrain_random_finger_seed105/ckpt/20260719T011932F380647
Saved checkpoint.

--------------------[Agent Step 75_888]--------------------
Metrics filtered by: 'score|length|fps|ratio|train/loss/|train/rand/'
train/loss/dyn 2.62 / train/loss/image 11.91 / train/loss/rep 2.62 / replay/replay_ratio 260 / fps/policy 61.47 / fps/train 1.6e4

Writing metrics: /workspace/dreamerv3_runs/pretrain_random_finger_seed105/metrics.jsonlWriting metrics: /workspace/dreamerv3_runs/pretrain_random_finger_seed105/scores.jsonl

[01:20:15] snapshot step=75856 -> /workspace/dreamerv3_runs/pretrain_random_finger_seed105/ckpt_snapshots/step000000075856

--------------------[Agent Step 83_264]--------------------
Metrics filtered by: 'score|length|fps|ratio|train/loss/|train/rand/'
episode/score 332 / episode/length 1001 / train/loss/dyn 2.62 / train/loss/image 11.61 / train/loss/rep 2.62 / replay/replay_ratio 260 / fps/policy 61.36 / fps/train 1.6e4

Writing metrics: /workspace/dreamerv3_runs/pretrain_random_finger_seed105/metrics.jsonlWriting metrics: /workspace/dreamerv3_runs/pretrain_random_finger_seed105/scores.jsonl


--------------------[Agent Step 90_688]--------------------
Metrics filtered by: 'score|length|fps|ratio|train/loss/|train/rand/'
train/loss/dyn 2.52 / train/loss/image 11.28 / train/loss/rep 2.52 / replay/replay_ratio 260 / fps/policy 61.86 / fps/train 1.6e4

Writing metrics: /workspace/dreamerv3_runs/pretrain_random_finger_seed105/metrics.jsonlWriting metrics: /workspace/dreamerv3_runs/pretrain_random_finger_seed105/scores.jsonl

Saving checkpoint: /workspace/dreamerv3_runs/pretrain_random_finger_seed105/ckpt/20260719T012432F627697
Saved checkpoint.
[01:25:15] snapshot step=94368 -> /workspace/dreamerv3_runs/pretrain_random_finger_seed105/ckpt_snapshots/step000000094368

--------------------[Agent Step 98_160]--------------------
Metrics filtered by: 'score|length|fps|ratio|train/loss/|train/rand/'
episode/score 0 / episode/length 1001 / train/loss/dyn 2.42 / train/loss/image 10.95 / train/loss/rep 2.42 / replay/replay_ratio 260 / fps/policy 62.21 / fps/train 1.6e4

Writing metrics: /workspace/dreamerv3_runs/pretrain_random_finger_seed105/metrics.jsonlWriting metrics: /workspace/dreamerv3_runs/pretrain_random_finger_seed105/scores.jsonl

Stop file seen; final sweep then exit.
 milestone      actual     |err|  snapshot
    100000       94368      5632  /workspace/dreamerv3_runs/pretrain_random_finger_seed105/ckpt_snapshots/step000000094368
    200000       94368    105632  /workspace/dreamerv3_runs/pretrain_random_finger_seed105/ckpt_snapshots/step000000094368
    300000       94368    205632  /workspace/dreamerv3_runs/pretrain_random_finger_seed105/ckpt_snapshots/step000000094368
    400000       94368    305632  /workspace/dreamerv3_runs/pretrain_random_finger_seed105/ckpt_snapshots/step000000094368
    500000       94368    405632  /workspace/dreamerv3_runs/pretrain_random_finger_seed105/ckpt_snapshots/step000000094368
Done. 6 snapshots retained; worst milestone gap = 405632 steps.
 milestone      actual     |err|  snapshot
    100000       94368      5632  /workspace/dreamerv3_runs/pretrain_random_finger_seed105/ckpt_snapshots/step000000094368
    200000       94368    105632  /workspace/dreamerv3_runs/pretrain_random_finger_seed105/ckpt_snapshots/step000000094368
    300000       94368    205632  /workspace/dreamerv3_runs/pretrain_random_finger_seed105/ckpt_snapshots/step000000094368
    400000       94368    305632  /workspace/dreamerv3_runs/pretrain_random_finger_seed105/ckpt_snapshots/step000000094368
    500000       94368    405632  /workspace/dreamerv3_runs/pretrain_random_finger_seed105/ckpt_snapshots/step000000094368
[Sun Jul 19 01:26:15 UTC 2026] pretrain pretrain_random_finger_seed105 finished rc=0 status=DONE
