[Sat Jul 18 23:54:14 UTC 2026] python=/workspace/conda_envs/dreamerv3/bin/python
env ok: elements, jax 0.10.2 devices [CudaDevice(id=0)]
[Sat Jul 18 23:54:18 UTC 2026] pretrain RUN_ID=pretrain_p2e_finger_seed99 TASK=dmc_finger_turn_hard MODE=expl_p2e SEED=99 STEPS=1e5 -> /workspace/dreamerv3_runs/pretrain_p2e_finger_seed99
Watching /workspace/dreamerv3_runs/pretrain_p2e_finger_seed99/ckpt
  -> /workspace/dreamerv3_runs/pretrain_p2e_finger_seed99/ckpt_snapshots
  poll=60.0s  stop_step=100000
---  ___                           __   ______ ---
--- |   \ _ _ ___ __ _ _ __  ___ _ \ \ / /__ / ---
--- | |) | '_/ -_) _` | '  \/ -_) '/\ V / |_ \ ---
--- |___/|_| \___\__,_|_|_|_\___|_|  \_/ |___/ ---
Replica: 0 / 1
Logdir: /workspace/dreamerv3_runs/pretrain_p2e_finger_seed99
Run script: train
Observations
  reward           Space(float32, shape=(), low=-inf, high=inf)
  is_first         Space(bool, shape=(), low=False, high=True)
  is_last          Space(bool, shape=(), low=False, high=True)
  is_terminal      Space(bool, shape=(), low=False, high=True)
  position         Space(float32, shape=(4,), low=-inf, high=inf)
  velocity         Space(float32, shape=(3,), low=-inf, high=inf)
  touch            Space(float32, shape=(2,), low=-inf, high=inf)
  target_position  Space(float32, shape=(2,), low=-inf, high=inf)
  dist_to_target   Space(float32, shape=(), low=-inf, high=inf)
  image            Space(uint8, shape=(64, 64, 3), low=0, high=255)
Actions
  action           Space(float32, shape=(2,), low=-1.0, high=1.0)
Extras
  consec           Space(int32, shape=(), low=-2147483648, high=2147483647)
  stepid           Space(uint8, shape=(20,), low=0, high=255)
  dyn/deter        Space(float32, shape=(512,), low=-inf, high=inf)
  dyn/stoch        Space(float32, shape=(32, 4), low=-inf, high=inf)
JAX devices (1): [cuda:0]
Policy devices: cuda:0
Train devices:  cuda:0
Initializing parameters...
/workspace/dreamerv3/embodied/jax/agent.py:112: DeprecationWarning: `with mesh:` context manager has been deprecated. Please use `with jax.set_mesh(mesh):` instead.
  with self.train_mesh:
Optimizer opt has 3,791,543 params:
     3,163,136 disag
       376,448 dyn
        80,595 dec
        66,111 val
        49,796 pol
        41,153 con
        14,304 enc
Done initializing!
Compiling 1 checkpoint groups...
Largest checkpoint group: 0 GB
Compiling train and report...
/workspace/dreamerv3/embodied/jax/agent.py:187: DeprecationWarning: `with mesh:` context manager has been deprecated. Please use `with jax.set_mesh(mesh):` instead.
  with self.train_mesh:
Train cost analysis:
No available
Report cost analysis:
No available
Done compiling!
Did not find any checkpoint.
Saving checkpoint: /workspace/dreamerv3_runs/pretrain_p2e_finger_seed99/ckpt/20260718T235624F657451
Saved checkpoint.
Start training loop
Start JAX profiler: /workspace/dreamerv3_runs/pretrain_p2e_finger_seed99
Stop JAX profiler
[23:57:18] snapshot step=0 -> /workspace/dreamerv3_runs/pretrain_p2e_finger_seed99/ckpt_snapshots/step000000000000

--------------------[Agent Step 6_784]--------------------
Metrics filtered by: 'score|length|fps|ratio|train/loss/|train/rand/'
train/loss/con 0.15 / train/loss/disag 0.08 / train/loss/dyn 4.41 / train/loss/image 249.29 / train/loss/policy 1.08 / train/loss/rep 4.41 / train/loss/value 5.49 / replay/replay_ratio 214.14 / fps/policy 52.06 / fps/train 9311.17

Writing metrics: /workspace/dreamerv3_runs/pretrain_p2e_finger_seed99/metrics.jsonl
Writing metrics: /workspace/dreamerv3_runs/pretrain_p2e_finger_seed99/scores.jsonl

--------------------[Agent Step 12_128]--------------------
Metrics filtered by: 'score|length|fps|ratio|train/loss/|train/rand/'
train/loss/con 0.02 / train/loss/disag 0.02 / train/loss/dyn 2.66 / train/loss/image 41.53 / train/loss/policy 1.32 / train/loss/rep 2.66 / train/loss/value 3.38 / replay/replay_ratio 260 / fps/policy 44.51 / fps/train 1.1e4

Writing metrics: /workspace/dreamerv3_runs/pretrain_p2e_finger_seed99/scores.jsonlWriting metrics: /workspace/dreamerv3_runs/pretrain_p2e_finger_seed99/metrics.jsonl

Saving checkpoint: /workspace/dreamerv3_runs/pretrain_p2e_finger_seed99/ckpt/20260719T000132F737228
Saved checkpoint.
[00:02:18] snapshot step=14800 -> /workspace/dreamerv3_runs/pretrain_p2e_finger_seed99/ckpt_snapshots/step000000014800

--------------------[Agent Step 17_456]--------------------
Metrics filtered by: 'score|length|fps|ratio|train/loss/|train/rand/'
episode/score 0 / episode/length 1001 / train/loss/con 0.02 / train/loss/disag 8.9e-3 / train/loss/dyn 2.95 / train/loss/image 27.37 / train/loss/policy 1.26 / train/loss/rep 2.95 / train/loss/value 1.6 / replay/replay_ratio 260 / fps/policy 44.38 / fps/train 1.1e4

Writing metrics: /workspace/dreamerv3_runs/pretrain_p2e_finger_seed99/metrics.jsonlWriting metrics: /workspace/dreamerv3_runs/pretrain_p2e_finger_seed99/scores.jsonl


--------------------[Agent Step 22_800]--------------------
Metrics filtered by: 'score|length|fps|ratio|train/loss/|train/rand/'
train/loss/con 0.02 / train/loss/disag 8.3e-3 / train/loss/dyn 3.03 / train/loss/image 21.25 / train/loss/policy 0.98 / train/loss/rep 3.03 / train/loss/value 1.34 / replay/replay_ratio 260 / fps/policy 44.53 / fps/train 1.1e4

Writing metrics: /workspace/dreamerv3_runs/pretrain_p2e_finger_seed99/scores.jsonlWriting metrics: /workspace/dreamerv3_runs/pretrain_p2e_finger_seed99/metrics.jsonl


--------------------[Agent Step 28_144]--------------------
Metrics filtered by: 'score|length|fps|ratio|train/loss/|train/rand/'
train/loss/con 0.02 / train/loss/disag 7e-3 / train/loss/dyn 2.87 / train/loss/image 17.39 / train/loss/policy 0.71 / train/loss/rep 2.87 / train/loss/value 1.11 / replay/replay_ratio 260 / fps/policy 44.52 / fps/train 1.1e4

Saving checkpoint: /workspace/dreamerv3_runs/pretrain_p2e_finger_seed99/ckpt/20260719T000632F923527
Writing metrics: /workspace/dreamerv3_runs/pretrain_p2e_finger_seed99/metrics.jsonl
Writing metrics: /workspace/dreamerv3_runs/pretrain_p2e_finger_seed99/scores.jsonl
Saved checkpoint.
[00:07:19] snapshot step=28144 -> /workspace/dreamerv3_runs/pretrain_p2e_finger_seed99/ckpt_snapshots/step000000028144

--------------------[Agent Step 33_504]--------------------
Metrics filtered by: 'score|length|fps|ratio|train/loss/|train/rand/'
episode/score 0 / episode/length 1001 / train/loss/con 0.02 / train/loss/disag 6.3e-3 / train/loss/dyn 2.9 / train/loss/image 15.58 / train/loss/policy 0.25 / train/loss/rep 2.9 / train/loss/value 0.92 / replay/replay_ratio 260 / fps/policy 44.62 / fps/train 1.1e4

Writing metrics: /workspace/dreamerv3_runs/pretrain_p2e_finger_seed99/scores.jsonlWriting metrics: /workspace/dreamerv3_runs/pretrain_p2e_finger_seed99/metrics.jsonl


--------------------[Agent Step 38_880]--------------------
Metrics filtered by: 'score|length|fps|ratio|train/loss/|train/rand/'
train/loss/con 0.02 / train/loss/disag 5.7e-3 / train/loss/dyn 2.74 / train/loss/image 14.28 / train/loss/policy 0.11 / train/loss/rep 2.74 / train/loss/value 0.58 / replay/replay_ratio 260 / fps/policy 44.74 / fps/train 1.1e4

Writing metrics: /workspace/dreamerv3_runs/pretrain_p2e_finger_seed99/scores.jsonlWriting metrics: /workspace/dreamerv3_runs/pretrain_p2e_finger_seed99/metrics.jsonl

Saving checkpoint: /workspace/dreamerv3_runs/pretrain_p2e_finger_seed99/ckpt/20260719T001133F070881
Saved checkpoint.
[00:12:19] snapshot step=41552 -> /workspace/dreamerv3_runs/pretrain_p2e_finger_seed99/ckpt_snapshots/step000000041552

--------------------[Agent Step 44_240]--------------------
Metrics filtered by: 'score|length|fps|ratio|train/loss/|train/rand/'
train/loss/con 0.02 / train/loss/disag 5.3e-3 / train/loss/dyn 2.66 / train/loss/image 13.58 / train/loss/policy -0.01 / train/loss/rep 2.66 / train/loss/value 1.06 / replay/replay_ratio 260 / fps/policy 44.56 / fps/train 1.1e4

Writing metrics: /workspace/dreamerv3_runs/pretrain_p2e_finger_seed99/scores.jsonlWriting metrics: /workspace/dreamerv3_runs/pretrain_p2e_finger_seed99/metrics.jsonl


--------------------[Agent Step 49_616]--------------------
Metrics filtered by: 'score|length|fps|ratio|train/loss/|train/rand/'
episode/score 0 / episode/length 1001 / train/loss/con 0.02 / train/loss/disag 5.3e-3 / train/loss/dyn 2.78 / train/loss/image 13.43 / train/loss/policy -0.2 / train/loss/rep 2.78 / train/loss/value 0.34 / replay/replay_ratio 260 / fps/policy 44.73 / fps/train 1.1e4

Writing metrics: /workspace/dreamerv3_runs/pretrain_p2e_finger_seed99/metrics.jsonl
Writing metrics: /workspace/dreamerv3_runs/pretrain_p2e_finger_seed99/scores.jsonl
Saving checkpoint: /workspace/dreamerv3_runs/pretrain_p2e_finger_seed99/ckpt/20260719T001633F321444
Saved checkpoint.

--------------------[Agent Step 54_976]--------------------
Metrics filtered by: 'score|length|fps|ratio|train/loss/|train/rand/'
train/loss/con 0.02 / train/loss/disag 5.2e-3 / train/loss/dyn 2.86 / train/loss/image 13.08 / train/loss/policy -0.08 / train/loss/rep 2.86 / train/loss/value 0.88 / replay/replay_ratio 260 / fps/policy 44.55 / fps/train 1.1e4

Writing metrics: /workspace/dreamerv3_runs/pretrain_p2e_finger_seed99/metrics.jsonlWriting metrics: /workspace/dreamerv3_runs/pretrain_p2e_finger_seed99/scores.jsonl

[00:17:19] snapshot step=54960 -> /workspace/dreamerv3_runs/pretrain_p2e_finger_seed99/ckpt_snapshots/step000000054960

--------------------[Agent Step 60_336]--------------------
Metrics filtered by: 'score|length|fps|ratio|train/loss/|train/rand/'
train/loss/con 0.02 / train/loss/disag 5e-3 / train/loss/dyn 2.78 / train/loss/image 12.54 / train/loss/policy -0.1 / train/loss/rep 2.78 / train/loss/value 0.68 / replay/replay_ratio 260 / fps/policy 44.63 / fps/train 1.1e4

Writing metrics: /workspace/dreamerv3_runs/pretrain_p2e_finger_seed99/metrics.jsonlWriting metrics: /workspace/dreamerv3_runs/pretrain_p2e_finger_seed99/scores.jsonl


--------------------[Agent Step 65_712]--------------------
Metrics filtered by: 'score|length|fps|ratio|train/loss/|train/rand/'
episode/score 44 / episode/length 1001 / train/loss/con 0.02 / train/loss/disag 4.7e-3 / train/loss/dyn 2.66 / train/loss/image 12.21 / train/loss/policy -0.14 / train/loss/rep 2.66 / train/loss/value 0.48 / replay/replay_ratio 260 / fps/policy 44.72 / fps/train 1.1e4

Writing metrics: /workspace/dreamerv3_runs/pretrain_p2e_finger_seed99/metrics.jsonlWriting metrics: /workspace/dreamerv3_runs/pretrain_p2e_finger_seed99/scores.jsonl

Saving checkpoint: /workspace/dreamerv3_runs/pretrain_p2e_finger_seed99/ckpt/20260719T002133F649382
Saved checkpoint.
[00:22:19] snapshot step=68368 -> /workspace/dreamerv3_runs/pretrain_p2e_finger_seed99/ckpt_snapshots/step000000068368

--------------------[Agent Step 71_056]--------------------
Metrics filtered by: 'score|length|fps|ratio|train/loss/|train/rand/'
train/loss/con 0.02 / train/loss/disag 4.7e-3 / train/loss/dyn 2.64 / train/loss/image 11.83 / train/loss/policy -0.07 / train/loss/rep 2.64 / train/loss/value 0.95 / replay/replay_ratio 260 / fps/policy 44.45 / fps/train 1.1e4

Writing metrics: /workspace/dreamerv3_runs/pretrain_p2e_finger_seed99/scores.jsonlWriting metrics: /workspace/dreamerv3_runs/pretrain_p2e_finger_seed99/metrics.jsonl


--------------------[Agent Step 76_432]--------------------
Metrics filtered by: 'score|length|fps|ratio|train/loss/|train/rand/'
train/loss/con 0.02 / train/loss/disag 4.6e-3 / train/loss/dyn 2.61 / train/loss/image 11.51 / train/loss/policy -0.02 / train/loss/rep 2.61 / train/loss/value 1.16 / replay/replay_ratio 260 / fps/policy 44.72 / fps/train 1.1e4

Writing metrics: /workspace/dreamerv3_runs/pretrain_p2e_finger_seed99/metrics.jsonlWriting metrics: /workspace/dreamerv3_runs/pretrain_p2e_finger_seed99/scores.jsonl

Saving checkpoint: /workspace/dreamerv3_runs/pretrain_p2e_finger_seed99/ckpt/20260719T002633F739496
Saved checkpoint.

--------------------[Agent Step 81_808]--------------------
Metrics filtered by: 'score|length|fps|ratio|train/loss/|train/rand/'
episode/score 0 / episode/length 1001 / train/loss/con 0.02 / train/loss/disag 4.5e-3 / train/loss/dyn 2.59 / train/loss/image 11.38 / train/loss/policy 0.04 / train/loss/rep 2.59 / train/loss/value 0.83 / replay/replay_ratio 260 / fps/policy 44.77 / fps/train 1.1e4

Writing metrics: /workspace/dreamerv3_runs/pretrain_p2e_finger_seed99/metrics.jsonl
Writing metrics: /workspace/dreamerv3_runs/pretrain_p2e_finger_seed99/scores.jsonl
[00:27:19] snapshot step=81776 -> /workspace/dreamerv3_runs/pretrain_p2e_finger_seed99/ckpt_snapshots/step000000081776

--------------------[Agent Step 87_184]--------------------
Metrics filtered by: 'score|length|fps|ratio|train/loss/|train/rand/'
train/loss/con 0.02 / train/loss/disag 4.4e-3 / train/loss/dyn 2.57 / train/loss/image 11.16 / train/loss/policy 0.01 / train/loss/rep 2.57 / train/loss/value 0.94 / replay/replay_ratio 260 / fps/policy 44.69 / fps/train 1.1e4

Writing metrics: /workspace/dreamerv3_runs/pretrain_p2e_finger_seed99/metrics.jsonlWriting metrics: /workspace/dreamerv3_runs/pretrain_p2e_finger_seed99/scores.jsonl


--------------------[Agent Step 92_576]--------------------
Metrics filtered by: 'score|length|fps|ratio|train/loss/|train/rand/'
train/loss/con 0.02 / train/loss/disag 4.3e-3 / train/loss/dyn 2.5 / train/loss/image 10.9 / train/loss/policy 0.04 / train/loss/rep 2.5 / train/loss/value 0.59 / replay/replay_ratio 260 / fps/policy 44.84 / fps/train 1.1e4

Writing metrics: /workspace/dreamerv3_runs/pretrain_p2e_finger_seed99/metrics.jsonlWriting metrics: /workspace/dreamerv3_runs/pretrain_p2e_finger_seed99/scores.jsonl

Saving checkpoint: /workspace/dreamerv3_runs/pretrain_p2e_finger_seed99/ckpt/20260719T003133F846909
Saved checkpoint.
[00:32:19] snapshot step=95200 -> /workspace/dreamerv3_runs/pretrain_p2e_finger_seed99/ckpt_snapshots/step000000095200

--------------------[Agent Step 97_936]--------------------
Metrics filtered by: 'score|length|fps|ratio|train/loss/|train/rand/'
episode/score 8 / episode/length 1001 / train/loss/con 0.02 / train/loss/disag 4.2e-3 / train/loss/dyn 2.45 / train/loss/image 10.69 / train/loss/policy 0.03 / train/loss/rep 2.45 / train/loss/value 0.92 / replay/replay_ratio 260 / fps/policy 44.58 / fps/train 1.1e4

Writing metrics: /workspace/dreamerv3_runs/pretrain_p2e_finger_seed99/metrics.jsonl
Writing metrics: /workspace/dreamerv3_runs/pretrain_p2e_finger_seed99/scores.jsonl
Stop file seen; final sweep then exit.
 milestone      actual     |err|  snapshot
    100000       95200      4800  /workspace/dreamerv3_runs/pretrain_p2e_finger_seed99/ckpt_snapshots/step000000095200
    200000       95200    104800  /workspace/dreamerv3_runs/pretrain_p2e_finger_seed99/ckpt_snapshots/step000000095200
    300000       95200    204800  /workspace/dreamerv3_runs/pretrain_p2e_finger_seed99/ckpt_snapshots/step000000095200
    400000       95200    304800  /workspace/dreamerv3_runs/pretrain_p2e_finger_seed99/ckpt_snapshots/step000000095200
    500000       95200    404800  /workspace/dreamerv3_runs/pretrain_p2e_finger_seed99/ckpt_snapshots/step000000095200
Done. 8 snapshots retained; worst milestone gap = 404800 steps.
 milestone      actual     |err|  snapshot
    100000       95200      4800  /workspace/dreamerv3_runs/pretrain_p2e_finger_seed99/ckpt_snapshots/step000000095200
    200000       95200    104800  /workspace/dreamerv3_runs/pretrain_p2e_finger_seed99/ckpt_snapshots/step000000095200
    300000       95200    204800  /workspace/dreamerv3_runs/pretrain_p2e_finger_seed99/ckpt_snapshots/step000000095200
    400000       95200    304800  /workspace/dreamerv3_runs/pretrain_p2e_finger_seed99/ckpt_snapshots/step000000095200
    500000       95200    404800  /workspace/dreamerv3_runs/pretrain_p2e_finger_seed99/ckpt_snapshots/step000000095200
[Sun Jul 19 00:34:19 UTC 2026] pretrain pretrain_p2e_finger_seed99 finished rc=0 status=DONE
