[Sat Jul 18 23:54:19 UTC 2026] python=/workspace/conda_envs/dreamerv3/bin/python
env ok: elements, jax 0.10.2 devices [CudaDevice(id=0)]
[Sat Jul 18 23:54:24 UTC 2026] pretrain RUN_ID=pretrain_apt_finger_seed100 TASK=dmc_finger_turn_hard MODE=expl_apt SEED=100 STEPS=1e5 -> /workspace/dreamerv3_runs/pretrain_apt_finger_seed100
Watching /workspace/dreamerv3_runs/pretrain_apt_finger_seed100/ckpt
  -> /workspace/dreamerv3_runs/pretrain_apt_finger_seed100/ckpt_snapshots
  poll=60.0s  stop_step=100000
---  ___                           __   ______ ---
--- |   \ _ _ ___ __ _ _ __  ___ _ \ \ / /__ / ---
--- | |) | '_/ -_) _` | '  \/ -_) '/\ V / |_ \ ---
--- |___/|_| \___\__,_|_|_|_\___|_|  \_/ |___/ ---
Replica: 0 / 1
Logdir: /workspace/dreamerv3_runs/pretrain_apt_finger_seed100
Run script: train
Observations
  reward           Space(float32, shape=(), low=-inf, high=inf)
  is_first         Space(bool, shape=(), low=False, high=True)
  is_last          Space(bool, shape=(), low=False, high=True)
  is_terminal      Space(bool, shape=(), low=False, high=True)
  position         Space(float32, shape=(4,), low=-inf, high=inf)
  velocity         Space(float32, shape=(3,), low=-inf, high=inf)
  touch            Space(float32, shape=(2,), low=-inf, high=inf)
  target_position  Space(float32, shape=(2,), low=-inf, high=inf)
  dist_to_target   Space(float32, shape=(), low=-inf, high=inf)
Actions
  action           Space(float32, shape=(2,), low=-1.0, high=1.0)
Extras
  consec           Space(int32, shape=(), low=-2147483648, high=2147483647)
  stepid           Space(uint8, shape=(20,), low=0, high=255)
  dyn/deter        Space(float32, shape=(512,), low=-inf, high=inf)
  dyn/stoch        Space(float32, shape=(32, 4), low=-inf, high=inf)
JAX devices (1): [cuda:0]
Policy devices: cuda:0
Train devices:  cuda:0
Initializing parameters...
/workspace/dreamerv3/embodied/jax/agent.py:112: DeprecationWarning: `with mesh:` context manager has been deprecated. Please use `with jax.set_mesh(mesh):` instead.
  with self.train_mesh:
Optimizer opt has 580,880 params:
       364,160 dyn
        66,111 val
        50,316 dec
        49,796 pol
        41,153 con
         9,344 enc
/workspace/conda_envs/dreamerv3/lib/python3.11/site-packages/optax/_src/linear_algebra.py:44: DeprecationWarning: optax.global_norm is deprecated in favor of optax.tree.norm
  warnings.warn(
Done initializing!
Compiling 1 checkpoint groups...
Largest checkpoint group: 0 GB
Compiling train and report...
/workspace/dreamerv3/embodied/jax/agent.py:187: DeprecationWarning: `with mesh:` context manager has been deprecated. Please use `with jax.set_mesh(mesh):` instead.
  with self.train_mesh:
/workspace/conda_envs/dreamerv3/lib/python3.11/site-packages/optax/_src/linear_algebra.py:44: DeprecationWarning: optax.global_norm is deprecated in favor of optax.tree.norm
  warnings.warn(
Train cost analysis:
No available
Report cost analysis:
No available
Done compiling!
Did not find any checkpoint.
Saving checkpoint: /workspace/dreamerv3_runs/pretrain_apt_finger_seed100/ckpt/20260718T235541F746858
Saved checkpoint.
Start training loop
Traceback (most recent call last):
  File "/workspace/dreamerv3/dreamerv3/main.py", line 285, in <module>
    main()
  File "/workspace/dreamerv3/dreamerv3/main.py", line 69, in main
    embodied.run.train(
  File "/workspace/dreamerv3/embodied/run/train.py", line 97, in train
    driver(policy, steps=10)
  File "/workspace/dreamerv3/embodied/core/driver.py", line 54, in __call__
    step, episode = self._step(policy, step, episode)
                    ^^^^^^^^^^^^^^^^^^^^^^^^^^^^^^^^^
  File "/workspace/dreamerv3/embodied/core/driver.py", line 65, in _step
    obs = [env.step(act) for env, act in zip(self.envs, acts)]
          ^^^^^^^^^^^^^^^^^^^^^^^^^^^^^^^^^^^^^^^^^^^^^^^^^^^^
  File "/workspace/dreamerv3/embodied/core/driver.py", line 65, in <listcomp>
    obs = [env.step(act) for env, act in zip(self.envs, acts)]
           ^^^^^^^^^^^^^
  File "/workspace/dreamerv3/embodied/core/wrappers.py", line 86, in step
    return self.env.step({**action, self._key: clipped})
           ^^^^^^^^^^^^^^^^^^^^^^^^^^^^^^^^^^^^^^^^^^^^^
  File "/workspace/dreamerv3/embodied/core/wrappers.py", line 254, in step
    obs = self.env.step(action)
          ^^^^^^^^^^^^^^^^^^^^^
  File "/workspace/dreamerv3/embodied/core/wrappers.py", line 223, in step
    obs = self.env.step(action)
          ^^^^^^^^^^^^^^^^^^^^^
  File "/workspace/dreamerv3/embodied/core/wrappers.py", line 109, in step
    return self.env.step({**action, self._key: orig})
           ^^^^^^^^^^^^^^^^^^^^^^^^^^^^^^^^^^^^^^^^^^
  File "/workspace/dreamerv3/embodied/envs/dmc.py", line 80, in step
    obs[key] = self._dmenv.physics.render(*self._size, camera_id=self._camera)
               ^^^^^^^^^^^^^^^^^^^^^^^^^^^^^^^^^^^^^^^^^^^^^^^^^^^^^^^^^^^^^^^
  File "/workspace/conda_envs/dreamerv3/lib/python3.11/site-packages/dm_control/mujoco/engine.py", line 223, in render
    camera = Camera(
             ^^^^^^^
  File "/workspace/conda_envs/dreamerv3/lib/python3.11/site-packages/dm_control/mujoco/engine.py", line 734, in __init__
    if self._physics.contexts.mujoco is not None:
       ^^^^^^^^^^^^^^^^^^^^^^
  File "/workspace/conda_envs/dreamerv3/lib/python3.11/site-packages/dm_control/mujoco/engine.py", line 556, in contexts
    self._make_rendering_contexts()
  File "/workspace/conda_envs/dreamerv3/lib/python3.11/site-packages/dm_control/mujoco/engine.py", line 542, in _make_rendering_contexts
    mujoco_context = wrapper.MjrContext(self.model, render_context)
                     ^^^^^^^^^^^^^^^^^^^^^^^^^^^^^^^^^^^^^^^^^^^^^^
  File "/workspace/conda_envs/dreamerv3/lib/python3.11/site-packages/dm_control/mujoco/wrapper/core.py", line 608, in __init__
    ptr = ctx.call(mujoco.MjrContext, model.ptr, font_scale)
          ^^^^^^^^^^^^^^^^^^^^^^^^^^^^^^^^^^^^^^^^^^^^^^^^^^
  File "/workspace/conda_envs/dreamerv3/lib/python3.11/site-packages/dm_control/_render/executor/render_executor.py", line 138, in call
    return func(*args, **kwargs)
           ^^^^^^^^^^^^^^^^^^^^^
mujoco.FatalError: Offscreen framebuffer is not complete, error 0x8cdd
[23:56:25] snapshot step=0 -> /workspace/dreamerv3_runs/pretrain_apt_finger_seed100/ckpt_snapshots/step000000000000
Stop file seen; final sweep then exit.
 milestone      actual     |err|  snapshot
    100000           0    100000  /workspace/dreamerv3_runs/pretrain_apt_finger_seed100/ckpt_snapshots/step000000000000
    200000           0    200000  /workspace/dreamerv3_runs/pretrain_apt_finger_seed100/ckpt_snapshots/step000000000000
    300000           0    300000  /workspace/dreamerv3_runs/pretrain_apt_finger_seed100/ckpt_snapshots/step000000000000
    400000           0    400000  /workspace/dreamerv3_runs/pretrain_apt_finger_seed100/ckpt_snapshots/step000000000000
    500000           0    500000  /workspace/dreamerv3_runs/pretrain_apt_finger_seed100/ckpt_snapshots/step000000000000
Done. 1 snapshots retained; worst milestone gap = 500000 steps.
 milestone      actual     |err|  snapshot
    100000           0    100000  /workspace/dreamerv3_runs/pretrain_apt_finger_seed100/ckpt_snapshots/step000000000000
    200000           0    200000  /workspace/dreamerv3_runs/pretrain_apt_finger_seed100/ckpt_snapshots/step000000000000
    300000           0    300000  /workspace/dreamerv3_runs/pretrain_apt_finger_seed100/ckpt_snapshots/step000000000000
    400000           0    400000  /workspace/dreamerv3_runs/pretrain_apt_finger_seed100/ckpt_snapshots/step000000000000
    500000           0    500000  /workspace/dreamerv3_runs/pretrain_apt_finger_seed100/ckpt_snapshots/step000000000000
[Sat Jul 18 23:56:25 UTC 2026] pretrain pretrain_apt_finger_seed100 finished rc=1 status=FAILED
