[Sun Jul 19 00:58:59 UTC 2026] python=/workspace/conda_envs/dreamerv3/bin/python
env ok: elements, jax 0.10.2 devices [CudaDevice(id=0)]
[Sun Jul 19 00:59:01 UTC 2026] pretrain RUN_ID=pretrain_p2e_finger_seed102 TASK=dmc_finger_turn_hard MODE=expl_p2e SEED=102 STEPS=1e5 -> /workspace/dreamerv3_runs/pretrain_p2e_finger_seed102
Watching /workspace/dreamerv3_runs/pretrain_p2e_finger_seed102/ckpt
  -> /workspace/dreamerv3_runs/pretrain_p2e_finger_seed102/ckpt_snapshots
  poll=60.0s  stop_step=100000
---  ___                           __   ______ ---
--- |   \ _ _ ___ __ _ _ __  ___ _ \ \ / /__ / ---
--- | |) | '_/ -_) _` | '  \/ -_) '/\ V / |_ \ ---
--- |___/|_| \___\__,_|_|_|_\___|_|  \_/ |___/ ---
Replica: 0 / 1
Logdir: /workspace/dreamerv3_runs/pretrain_p2e_finger_seed102
Run script: train
Observations
  reward           Space(float32, shape=(), low=-inf, high=inf)
  is_first         Space(bool, shape=(), low=False, high=True)
  is_last          Space(bool, shape=(), low=False, high=True)
  is_terminal      Space(bool, shape=(), low=False, high=True)
  position         Space(float32, shape=(4,), low=-inf, high=inf)
  velocity         Space(float32, shape=(3,), low=-inf, high=inf)
  touch            Space(float32, shape=(2,), low=-inf, high=inf)
  target_position  Space(float32, shape=(2,), low=-inf, high=inf)
  dist_to_target   Space(float32, shape=(), low=-inf, high=inf)
Actions
  action           Space(float32, shape=(2,), low=-1.0, high=1.0)
Extras
  consec           Space(int32, shape=(), low=-2147483648, high=2147483647)
  stepid           Space(uint8, shape=(20,), low=0, high=255)
  dyn/deter        Space(float32, shape=(512,), low=-inf, high=inf)
  dyn/stoch        Space(float32, shape=(32, 4), low=-inf, high=inf)
JAX devices (1): [cuda:0]
Policy devices: cuda:0
Train devices:  cuda:0
Initializing parameters...
/workspace/dreamerv3/embodied/jax/agent.py:112: DeprecationWarning: `with mesh:` context manager has been deprecated. Please use `with jax.set_mesh(mesh):` instead.
  with self.train_mesh:
Optimizer opt has 3,744,016 params:
     3,163,136 disag
       364,160 dyn
        66,111 val
        50,316 dec
        49,796 pol
        41,153 con
         9,344 enc
/workspace/conda_envs/dreamerv3/lib/python3.11/site-packages/optax/_src/linear_algebra.py:44: DeprecationWarning: optax.global_norm is deprecated in favor of optax.tree.norm
  warnings.warn(
Done initializing!
Compiling 1 checkpoint groups...
Largest checkpoint group: 0 GB
Compiling train and report...
/workspace/dreamerv3/embodied/jax/agent.py:187: DeprecationWarning: `with mesh:` context manager has been deprecated. Please use `with jax.set_mesh(mesh):` instead.
  with self.train_mesh:
/workspace/conda_envs/dreamerv3/lib/python3.11/site-packages/optax/_src/linear_algebra.py:44: DeprecationWarning: optax.global_norm is deprecated in favor of optax.tree.norm
  warnings.warn(
Train cost analysis:
No available
Report cost analysis:
No available
Done compiling!
Did not find any checkpoint.
Saving checkpoint: /workspace/dreamerv3_runs/pretrain_p2e_finger_seed102/ckpt/20260719T010045F050916
Saved checkpoint.
Start training loop
[01:01:01] snapshot step=0 -> /workspace/dreamerv3_runs/pretrain_p2e_finger_seed102/ckpt_snapshots/step000000000000
Start JAX profiler: /workspace/dreamerv3_runs/pretrain_p2e_finger_seed102
Stop JAX profiler

--------------------[Agent Step 4_176]--------------------
Metrics filtered by: 'score|length|fps|ratio|train/loss/|train/rand/'
train/loss/con 0.09 / train/loss/disag 0.05 / train/loss/dist_to_target 0.05 / train/loss/dyn 2.07 / train/loss/policy 1.09 / train/loss/position 0.49 / train/loss/rep 2.07 / train/loss/target_position 0.1 / train/loss/touch 0.12 / train/loss/value 3.8 / train/loss/velocity 1.31 / replay/replay_ratio 702.79 / fps/policy 32.55 / fps/train 1.7e4

Writing metrics: /workspace/dreamerv3_runs/pretrain_p2e_finger_seed102/metrics.jsonlWriting metrics: /workspace/dreamerv3_runs/pretrain_p2e_finger_seed102/scores.jsonl


--------------------[Agent Step 6_592]--------------------
Metrics filtered by: 'score|length|fps|ratio|train/loss/|train/rand/'
train/loss/con 0.02 / train/loss/disag 6.5e-3 / train/loss/dist_to_target 5.2e-3 / train/loss/dyn 1.23 / train/loss/policy 0.92 / train/loss/position 0.04 / train/loss/rep 1.23 / train/loss/target_position 0.02 / train/loss/touch 0.03 / train/loss/value 1.72 / train/loss/velocity 0.16 / replay/replay_ratio 1040 / fps/policy 20.1 / fps/train 2.1e4

Writing metrics: /workspace/dreamerv3_runs/pretrain_p2e_finger_seed102/metrics.jsonlWriting metrics: /workspace/dreamerv3_runs/pretrain_p2e_finger_seed102/scores.jsonl

Saving checkpoint: /workspace/dreamerv3_runs/pretrain_p2e_finger_seed102/ckpt/20260719T010551F373158
Saved checkpoint.
[01:06:01] snapshot step=7792 -> /workspace/dreamerv3_runs/pretrain_p2e_finger_seed102/ckpt_snapshots/step000000007792

--------------------[Agent Step 9_008]--------------------
Metrics filtered by: 'score|length|fps|ratio|train/loss/|train/rand/'
train/loss/con 0.02 / train/loss/disag 4.1e-3 / train/loss/dist_to_target 5.2e-3 / train/loss/dyn 1.13 / train/loss/policy 0.06 / train/loss/position 0.03 / train/loss/rep 1.13 / train/loss/target_position 0.01 / train/loss/touch 0.03 / train/loss/value 1.19 / train/loss/velocity 0.13 / replay/replay_ratio 1040 / fps/policy 20.02 / fps/train 2.1e4

Writing metrics: /workspace/dreamerv3_runs/pretrain_p2e_finger_seed102/metrics.jsonlWriting metrics: /workspace/dreamerv3_runs/pretrain_p2e_finger_seed102/scores.jsonl


--------------------[Agent Step 11_424]--------------------
Metrics filtered by: 'score|length|fps|ratio|train/loss/|train/rand/'
train/loss/con 0.02 / train/loss/disag 3.1e-3 / train/loss/dist_to_target 5.3e-3 / train/loss/dyn 1.07 / train/loss/policy -0.2 / train/loss/position 0.02 / train/loss/rep 1.07 / train/loss/target_position 0.01 / train/loss/touch 0.02 / train/loss/value 0.49 / train/loss/velocity 0.08 / replay/replay_ratio 1040 / fps/policy 20.13 / fps/train 2.1e4

Writing metrics: /workspace/dreamerv3_runs/pretrain_p2e_finger_seed102/metrics.jsonl
Writing metrics: /workspace/dreamerv3_runs/pretrain_p2e_finger_seed102/scores.jsonl

--------------------[Agent Step 13_840]--------------------
Metrics filtered by: 'score|length|fps|ratio|train/loss/|train/rand/'
train/loss/con 0.02 / train/loss/disag 2.7e-3 / train/loss/dist_to_target 5.4e-3 / train/loss/dyn 1.08 / train/loss/policy -0.15 / train/loss/position 0.02 / train/loss/rep 1.08 / train/loss/target_position 0.01 / train/loss/touch 0.02 / train/loss/value 0.65 / train/loss/velocity 0.06 / replay/replay_ratio 1040 / fps/policy 20.13 / fps/train 2.1e4

Writing metrics: /workspace/dreamerv3_runs/pretrain_p2e_finger_seed102/scores.jsonlWriting metrics: /workspace/dreamerv3_runs/pretrain_p2e_finger_seed102/metrics.jsonlSaving checkpoint: /workspace/dreamerv3_runs/pretrain_p2e_finger_seed102/ckpt/20260719T011052F129740


Saved checkpoint.
[01:11:01] snapshot step=13840 -> /workspace/dreamerv3_runs/pretrain_p2e_finger_seed102/ckpt_snapshots/step000000013840

--------------------[Agent Step 16_256]--------------------
Metrics filtered by: 'score|length|fps|ratio|train/loss/|train/rand/'
episode/score 0 / episode/length 1001 / train/loss/con 0.02 / train/loss/disag 2.6e-3 / train/loss/dist_to_target 5.5e-3 / train/loss/dyn 1.21 / train/loss/policy -0.35 / train/loss/position 0.02 / train/loss/rep 1.21 / train/loss/target_position 0.02 / train/loss/touch 0.03 / train/loss/value 0.89 / train/loss/velocity 0.08 / replay/replay_ratio 1040 / fps/policy 20.11 / fps/train 2.1e4

Writing metrics: /workspace/dreamerv3_runs/pretrain_p2e_finger_seed102/metrics.jsonlWriting metrics: /workspace/dreamerv3_runs/pretrain_p2e_finger_seed102/scores.jsonl


--------------------[Agent Step 18_672]--------------------
Metrics filtered by: 'score|length|fps|ratio|train/loss/|train/rand/'
train/loss/con 0.02 / train/loss/disag 2.5e-3 / train/loss/dist_to_target 5.6e-3 / train/loss/dyn 1.33 / train/loss/policy -0.24 / train/loss/position 0.03 / train/loss/rep 1.33 / train/loss/target_position 0.02 / train/loss/touch 0.04 / train/loss/value 0.44 / train/loss/velocity 0.09 / replay/replay_ratio 1040 / fps/policy 20.02 / fps/train 2.1e4

Writing metrics: /workspace/dreamerv3_runs/pretrain_p2e_finger_seed102/metrics.jsonlWriting metrics: /workspace/dreamerv3_runs/pretrain_p2e_finger_seed102/scores.jsonl

Saving checkpoint: /workspace/dreamerv3_runs/pretrain_p2e_finger_seed102/ckpt/20260719T011552F683536
Saved checkpoint.
[01:16:01] snapshot step=19872 -> /workspace/dreamerv3_runs/pretrain_p2e_finger_seed102/ckpt_snapshots/step000000019872

--------------------[Agent Step 21_088]--------------------
Metrics filtered by: 'score|length|fps|ratio|train/loss/|train/rand/'
train/loss/con 0.02 / train/loss/disag 2.6e-3 / train/loss/dist_to_target 5.7e-3 / train/loss/dyn 1.43 / train/loss/policy -0.07 / train/loss/position 0.03 / train/loss/rep 1.43 / train/loss/target_position 0.02 / train/loss/touch 0.04 / train/loss/value 1.18 / train/loss/velocity 0.08 / replay/replay_ratio 1040 / fps/policy 20.04 / fps/train 2.1e4

Writing metrics: /workspace/dreamerv3_runs/pretrain_p2e_finger_seed102/metrics.jsonlWriting metrics: /workspace/dreamerv3_runs/pretrain_p2e_finger_seed102/scores.jsonl


--------------------[Agent Step 23_504]--------------------
Metrics filtered by: 'score|length|fps|ratio|train/loss/|train/rand/'
train/loss/con 0.02 / train/loss/disag 2.6e-3 / train/loss/dist_to_target 5.8e-3 / train/loss/dyn 1.49 / train/loss/policy -0.07 / train/loss/position 0.02 / train/loss/rep 1.49 / train/loss/target_position 0.02 / train/loss/touch 0.04 / train/loss/value 0.93 / train/loss/velocity 0.08 / replay/replay_ratio 1040 / fps/policy 20.07 / fps/train 2.1e4

Writing metrics: /workspace/dreamerv3_runs/pretrain_p2e_finger_seed102/scores.jsonlWriting metrics: /workspace/dreamerv3_runs/pretrain_p2e_finger_seed102/metrics.jsonl

Saving checkpoint: /workspace/dreamerv3_runs/pretrain_p2e_finger_seed102/ckpt/20260719T012053F204761
Saved checkpoint.

--------------------[Agent Step 25_920]--------------------
Metrics filtered by: 'score|length|fps|ratio|train/loss/|train/rand/'
train/loss/con 0.02 / train/loss/disag 2.6e-3 / train/loss/dist_to_target 5.8e-3 / train/loss/dyn 1.46 / train/loss/policy -9e-3 / train/loss/position 0.02 / train/loss/rep 1.46 / train/loss/target_position 0.01 / train/loss/touch 0.04 / train/loss/value 0.52 / train/loss/velocity 0.07 / replay/replay_ratio 1040 / fps/policy 20.06 / fps/train 2.1e4

Writing metrics: /workspace/dreamerv3_runs/pretrain_p2e_finger_seed102/scores.jsonl
Writing metrics: /workspace/dreamerv3_runs/pretrain_p2e_finger_seed102/metrics.jsonl
[01:21:01] snapshot step=25904 -> /workspace/dreamerv3_runs/pretrain_p2e_finger_seed102/ckpt_snapshots/step000000025904

--------------------[Agent Step 28_336]--------------------
Metrics filtered by: 'score|length|fps|ratio|train/loss/|train/rand/'
train/loss/con 0.02 / train/loss/disag 2.7e-3 / train/loss/dist_to_target 5.8e-3 / train/loss/dyn 1.49 / train/loss/policy 4.6e-3 / train/loss/position 0.02 / train/loss/rep 1.49 / train/loss/target_position 0.01 / train/loss/touch 0.03 / train/loss/value 0.61 / train/loss/velocity 0.08 / replay/replay_ratio 1040 / fps/policy 20.06 / fps/train 2.1e4

Writing metrics: /workspace/dreamerv3_runs/pretrain_p2e_finger_seed102/metrics.jsonlWriting metrics: /workspace/dreamerv3_runs/pretrain_p2e_finger_seed102/scores.jsonl


--------------------[Agent Step 30_800]--------------------
Metrics filtered by: 'score|length|fps|ratio|train/loss/|train/rand/'
train/loss/con 0.02 / train/loss/disag 2.6e-3 / train/loss/dist_to_target 5.7e-3 / train/loss/dyn 1.45 / train/loss/policy 0.02 / train/loss/position 0.02 / train/loss/rep 1.45 / train/loss/target_position 0.01 / train/loss/touch 0.03 / train/loss/value 0.77 / train/loss/velocity 0.07 / replay/replay_ratio 1040 / fps/policy 20.41 / fps/train 2.1e4

Writing metrics: /workspace/dreamerv3_runs/pretrain_p2e_finger_seed102/metrics.jsonlWriting metrics: /workspace/dreamerv3_runs/pretrain_p2e_finger_seed102/scores.jsonl

Saving checkpoint: /workspace/dreamerv3_runs/pretrain_p2e_finger_seed102/ckpt/20260719T012553F923598
Saved checkpoint.
[01:26:01] snapshot step=32000 -> /workspace/dreamerv3_runs/pretrain_p2e_finger_seed102/ckpt_snapshots/step000000032000

--------------------[Agent Step 33_264]--------------------
Metrics filtered by: 'score|length|fps|ratio|train/loss/|train/rand/'
episode/score 138 / episode/length 1001 / train/loss/con 0.02 / train/loss/disag 2.7e-3 / train/loss/dist_to_target 5.6e-3 / train/loss/dyn 1.52 / train/loss/policy 0.02 / train/loss/position 0.02 / train/loss/rep 1.52 / train/loss/target_position 0.01 / train/loss/touch 0.03 / train/loss/value 0.97 / train/loss/velocity 0.08 / replay/replay_ratio 1040 / fps/policy 20.51 / fps/train 2.1e4

Writing metrics: /workspace/dreamerv3_runs/pretrain_p2e_finger_seed102/metrics.jsonlWriting metrics: /workspace/dreamerv3_runs/pretrain_p2e_finger_seed102/scores.jsonl


--------------------[Agent Step 35_744]--------------------
Metrics filtered by: 'score|length|fps|ratio|train/loss/|train/rand/'
train/loss/con 0.02 / train/loss/disag 2.7e-3 / train/loss/dist_to_target 5.5e-3 / train/loss/dyn 1.57 / train/loss/policy -0.08 / train/loss/position 0.02 / train/loss/rep 1.57 / train/loss/target_position 0.01 / train/loss/touch 0.03 / train/loss/value 0.71 / train/loss/velocity 0.08 / replay/replay_ratio 1040 / fps/policy 20.63 / fps/train 2.1e4

Writing metrics: /workspace/dreamerv3_runs/pretrain_p2e_finger_seed102/metrics.jsonlWriting metrics: /workspace/dreamerv3_runs/pretrain_p2e_finger_seed102/scores.jsonl

Saving checkpoint: /workspace/dreamerv3_runs/pretrain_p2e_finger_seed102/ckpt/20260719T013054F558805
Saved checkpoint.

--------------------[Agent Step 38_224]--------------------
Metrics filtered by: 'score|length|fps|ratio|train/loss/|train/rand/'
train/loss/con 0.02 / train/loss/disag 2.7e-3 / train/loss/dist_to_target 5.5e-3 / train/loss/dyn 1.53 / train/loss/policy -0.1 / train/loss/position 0.02 / train/loss/rep 1.53 / train/loss/target_position 0.01 / train/loss/touch 0.03 / train/loss/value 1.04 / train/loss/velocity 0.07 / replay/replay_ratio 1040 / fps/policy 20.55 / fps/train 2.1e4

Writing metrics: /workspace/dreamerv3_runs/pretrain_p2e_finger_seed102/metrics.jsonlWriting metrics: /workspace/dreamerv3_runs/pretrain_p2e_finger_seed102/scores.jsonl

[01:31:01] snapshot step=38192 -> /workspace/dreamerv3_runs/pretrain_p2e_finger_seed102/ckpt_snapshots/step000000038192

--------------------[Agent Step 40_704]--------------------
Metrics filtered by: 'score|length|fps|ratio|train/loss/|train/rand/'
train/loss/con 0.02 / train/loss/disag 2.7e-3 / train/loss/dist_to_target 5.4e-3 / train/loss/dyn 1.53 / train/loss/policy 0.09 / train/loss/position 0.02 / train/loss/rep 1.53 / train/loss/target_position 0.01 / train/loss/touch 0.03 / train/loss/value 1.21 / train/loss/velocity 0.07 / replay/replay_ratio 1040 / fps/policy 20.57 / fps/train 2.1e4

Writing metrics: /workspace/dreamerv3_runs/pretrain_p2e_finger_seed102/metrics.jsonlWriting metrics: /workspace/dreamerv3_runs/pretrain_p2e_finger_seed102/scores.jsonl


--------------------[Agent Step 43_184]--------------------
Metrics filtered by: 'score|length|fps|ratio|train/loss/|train/rand/'
train/loss/con 0.02 / train/loss/disag 2.7e-3 / train/loss/dist_to_target 5.3e-3 / train/loss/dyn 1.56 / train/loss/policy -0.09 / train/loss/position 0.02 / train/loss/rep 1.56 / train/loss/target_position 0.01 / train/loss/touch 0.03 / train/loss/value 1.29 / train/loss/velocity 0.07 / replay/replay_ratio 1040 / fps/policy 20.66 / fps/train 2.1e4

Writing metrics: /workspace/dreamerv3_runs/pretrain_p2e_finger_seed102/scores.jsonl
Writing metrics: /workspace/dreamerv3_runs/pretrain_p2e_finger_seed102/metrics.jsonl
Saving checkpoint: /workspace/dreamerv3_runs/pretrain_p2e_finger_seed102/ckpt/20260719T013555F185364
Saved checkpoint.
[01:36:01] snapshot step=44384 -> /workspace/dreamerv3_runs/pretrain_p2e_finger_seed102/ckpt_snapshots/step000000044384

--------------------[Agent Step 45_664]--------------------
Metrics filtered by: 'score|length|fps|ratio|train/loss/|train/rand/'
train/loss/con 0.02 / train/loss/disag 2.8e-3 / train/loss/dist_to_target 5.3e-3 / train/loss/dyn 1.62 / train/loss/policy -0.02 / train/loss/position 0.02 / train/loss/rep 1.62 / train/loss/target_position 0.01 / train/loss/touch 0.03 / train/loss/value 1.11 / train/loss/velocity 0.08 / replay/replay_ratio 1040 / fps/policy 20.57 / fps/train 2.1e4

Writing metrics: /workspace/dreamerv3_runs/pretrain_p2e_finger_seed102/metrics.jsonlWriting metrics: /workspace/dreamerv3_runs/pretrain_p2e_finger_seed102/scores.jsonl


--------------------[Agent Step 48_144]--------------------
Metrics filtered by: 'score|length|fps|ratio|train/loss/|train/rand/'
episode/score 219 / episode/length 1001 / train/loss/con 0.02 / train/loss/disag 2.8e-3 / train/loss/dist_to_target 5.2e-3 / train/loss/dyn 1.69 / train/loss/policy 0.05 / train/loss/position 0.02 / train/loss/rep 1.69 / train/loss/target_position 0.01 / train/loss/touch 0.03 / train/loss/value 1.23 / train/loss/velocity 0.08 / replay/replay_ratio 1040 / fps/policy 20.57 / fps/train 2.1e4

Writing metrics: /workspace/dreamerv3_runs/pretrain_p2e_finger_seed102/metrics.jsonlWriting metrics: /workspace/dreamerv3_runs/pretrain_p2e_finger_seed102/scores.jsonl

Saving checkpoint: /workspace/dreamerv3_runs/pretrain_p2e_finger_seed102/ckpt/20260719T014055F536583
Saved checkpoint.

--------------------[Agent Step 50_624]--------------------
Metrics filtered by: 'score|length|fps|ratio|train/loss/|train/rand/'
train/loss/con 0.02 / train/loss/disag 2.8e-3 / train/loss/dist_to_target 5.1e-3 / train/loss/dyn 1.73 / train/loss/policy 0.05 / train/loss/position 0.02 / train/loss/rep 1.73 / train/loss/target_position 0.01 / train/loss/touch 0.03 / train/loss/value 1.32 / train/loss/velocity 0.08 / replay/replay_ratio 1040 / fps/policy 20.54 / fps/train 2.1e4

Writing metrics: /workspace/dreamerv3_runs/pretrain_p2e_finger_seed102/metrics.jsonlWriting metrics: /workspace/dreamerv3_runs/pretrain_p2e_finger_seed102/scores.jsonl

[01:41:01] snapshot step=50560 -> /workspace/dreamerv3_runs/pretrain_p2e_finger_seed102/ckpt_snapshots/step000000050560

--------------------[Agent Step 53_120]--------------------
Metrics filtered by: 'score|length|fps|ratio|train/loss/|train/rand/'
train/loss/con 0.02 / train/loss/disag 2.8e-3 / train/loss/dist_to_target 5.1e-3 / train/loss/dyn 1.69 / train/loss/policy 0.11 / train/loss/position 0.02 / train/loss/rep 1.69 / train/loss/target_position 0.01 / train/loss/touch 0.03 / train/loss/value 0.79 / train/loss/velocity 0.08 / replay/replay_ratio 1040 / fps/policy 20.74 / fps/train 2.1e4

Writing metrics: /workspace/dreamerv3_runs/pretrain_p2e_finger_seed102/metrics.jsonlWriting metrics: /workspace/dreamerv3_runs/pretrain_p2e_finger_seed102/scores.jsonl


--------------------[Agent Step 55_616]--------------------
Metrics filtered by: 'score|length|fps|ratio|train/loss/|train/rand/'
train/loss/con 0.02 / train/loss/disag 2.8e-3 / train/loss/dist_to_target 5.1e-3 / train/loss/dyn 1.68 / train/loss/policy -0.08 / train/loss/position 0.02 / train/loss/rep 1.68 / train/loss/target_position 0.01 / train/loss/touch 0.03 / train/loss/value 0.99 / train/loss/velocity 0.08 / replay/replay_ratio 1040 / fps/policy 20.75 / fps/train 2.1e4

Writing metrics: /workspace/dreamerv3_runs/pretrain_p2e_finger_seed102/metrics.jsonlWriting metrics: /workspace/dreamerv3_runs/pretrain_p2e_finger_seed102/scores.jsonl

Saving checkpoint: /workspace/dreamerv3_runs/pretrain_p2e_finger_seed102/ckpt/20260719T014555F802211
Saved checkpoint.
[01:46:01] snapshot step=56784 -> /workspace/dreamerv3_runs/pretrain_p2e_finger_seed102/ckpt_snapshots/step000000056784

--------------------[Agent Step 58_112]--------------------
Metrics filtered by: 'score|length|fps|ratio|train/loss/|train/rand/'
train/loss/con 0.02 / train/loss/disag 2.7e-3 / train/loss/dist_to_target 5.2e-3 / train/loss/dyn 1.65 / train/loss/policy 0.03 / train/loss/position 0.02 / train/loss/rep 1.65 / train/loss/target_position 0.01 / train/loss/touch 0.03 / train/loss/value 1.29 / train/loss/velocity 0.08 / replay/replay_ratio 1040 / fps/policy 20.72 / fps/train 2.1e4

Writing metrics: /workspace/dreamerv3_runs/pretrain_p2e_finger_seed102/metrics.jsonl
Writing metrics: /workspace/dreamerv3_runs/pretrain_p2e_finger_seed102/scores.jsonl

--------------------[Agent Step 60_608]--------------------
Metrics filtered by: 'score|length|fps|ratio|train/loss/|train/rand/'
train/loss/con 0.02 / train/loss/disag 2.7e-3 / train/loss/dist_to_target 5.2e-3 / train/loss/dyn 1.65 / train/loss/policy 6e-3 / train/loss/position 0.02 / train/loss/rep 1.65 / train/loss/target_position 0.01 / train/loss/touch 0.03 / train/loss/value 1.03 / train/loss/velocity 0.08 / replay/replay_ratio 1040 / fps/policy 20.76 / fps/train 2.1e4

Writing metrics: /workspace/dreamerv3_runs/pretrain_p2e_finger_seed102/metrics.jsonlWriting metrics: /workspace/dreamerv3_runs/pretrain_p2e_finger_seed102/scores.jsonl

Saving checkpoint: /workspace/dreamerv3_runs/pretrain_p2e_finger_seed102/ckpt/20260719T015056F022633
Saved checkpoint.

--------------------[Agent Step 63_088]--------------------
Metrics filtered by: 'score|length|fps|ratio|train/loss/|train/rand/'
train/loss/con 0.02 / train/loss/disag 2.8e-3 / train/loss/dist_to_target 5.2e-3 / train/loss/dyn 1.68 / train/loss/policy -0.05 / train/loss/position 0.02 / train/loss/rep 1.68 / train/loss/target_position 0.01 / train/loss/touch 0.03 / train/loss/value 1.09 / train/loss/velocity 0.08 / replay/replay_ratio 1040 / fps/policy 20.66 / fps/train 2.1e4

Writing metrics: /workspace/dreamerv3_runs/pretrain_p2e_finger_seed102/metrics.jsonlWriting metrics: /workspace/dreamerv3_runs/pretrain_p2e_finger_seed102/scores.jsonl

[01:51:01] snapshot step=63008 -> /workspace/dreamerv3_runs/pretrain_p2e_finger_seed102/ckpt_snapshots/step000000063008

--------------------[Agent Step 65_584]--------------------
Metrics filtered by: 'score|length|fps|ratio|train/loss/|train/rand/'
episode/score 0 / episode/length 1001 / train/loss/con 0.02 / train/loss/disag 2.8e-3 / train/loss/dist_to_target 5.2e-3 / train/loss/dyn 1.71 / train/loss/policy -0.07 / train/loss/position 0.02 / train/loss/rep 1.71 / train/loss/target_position 0.01 / train/loss/touch 0.03 / train/loss/value 0.64 / train/loss/velocity 0.08 / replay/replay_ratio 1040 / fps/policy 20.74 / fps/train 2.1e4

Writing metrics: /workspace/dreamerv3_runs/pretrain_p2e_finger_seed102/metrics.jsonl
Writing metrics: /workspace/dreamerv3_runs/pretrain_p2e_finger_seed102/scores.jsonl

--------------------[Agent Step 68_080]--------------------
Metrics filtered by: 'score|length|fps|ratio|train/loss/|train/rand/'
train/loss/con 0.02 / train/loss/disag 2.8e-3 / train/loss/dist_to_target 5.2e-3 / train/loss/dyn 1.71 / train/loss/policy -0.04 / train/loss/position 0.02 / train/loss/rep 1.71 / train/loss/target_position 0.01 / train/loss/touch 0.03 / train/loss/value 0.72 / train/loss/velocity 0.08 / replay/replay_ratio 1040 / fps/policy 20.78 / fps/train 2.1e4

Writing metrics: /workspace/dreamerv3_runs/pretrain_p2e_finger_seed102/metrics.jsonlWriting metrics: /workspace/dreamerv3_runs/pretrain_p2e_finger_seed102/scores.jsonl

Saving checkpoint: /workspace/dreamerv3_runs/pretrain_p2e_finger_seed102/ckpt/20260719T015556F123576
Saved checkpoint.
[01:56:02] snapshot step=69232 -> /workspace/dreamerv3_runs/pretrain_p2e_finger_seed102/ckpt_snapshots/step000000069232

--------------------[Agent Step 70_576]--------------------
Metrics filtered by: 'score|length|fps|ratio|train/loss/|train/rand/'
train/loss/con 0.02 / train/loss/disag 2.8e-3 / train/loss/dist_to_target 5.2e-3 / train/loss/dyn 1.7 / train/loss/policy 0.04 / train/loss/position 0.02 / train/loss/rep 1.7 / train/loss/target_position 0.01 / train/loss/touch 0.03 / train/loss/value 1.3 / train/loss/velocity 0.08 / replay/replay_ratio 1040 / fps/policy 20.67 / fps/train 2.1e4

Writing metrics: /workspace/dreamerv3_runs/pretrain_p2e_finger_seed102/scores.jsonlWriting metrics: /workspace/dreamerv3_runs/pretrain_p2e_finger_seed102/metrics.jsonl


--------------------[Agent Step 73_056]--------------------
Metrics filtered by: 'score|length|fps|ratio|train/loss/|train/rand/'
train/loss/con 0.02 / train/loss/disag 2.8e-3 / train/loss/dist_to_target 5.2e-3 / train/loss/dyn 1.72 / train/loss/policy 0.07 / train/loss/position 0.02 / train/loss/rep 1.72 / train/loss/target_position 0.01 / train/loss/touch 0.03 / train/loss/value 0.98 / train/loss/velocity 0.08 / replay/replay_ratio 1040 / fps/policy 20.63 / fps/train 2.1e4

Writing metrics: /workspace/dreamerv3_runs/pretrain_p2e_finger_seed102/metrics.jsonlWriting metrics: /workspace/dreamerv3_runs/pretrain_p2e_finger_seed102/scores.jsonl

Saving checkpoint: /workspace/dreamerv3_runs/pretrain_p2e_finger_seed102/ckpt/20260719T020056F478706
Saved checkpoint.
[02:01:02] snapshot step=75424 -> /workspace/dreamerv3_runs/pretrain_p2e_finger_seed102/ckpt_snapshots/step000000075424

--------------------[Agent Step 75_536]--------------------
Metrics filtered by: 'score|length|fps|ratio|train/loss/|train/rand/'
train/loss/con 0.02 / train/loss/disag 2.8e-3 / train/loss/dist_to_target 5.3e-3 / train/loss/dyn 1.76 / train/loss/policy 0.03 / train/loss/position 0.02 / train/loss/rep 1.76 / train/loss/target_position 0.01 / train/loss/touch 0.03 / train/loss/value 0.56 / train/loss/velocity 0.08 / replay/replay_ratio 1040 / fps/policy 20.56 / fps/train 2.1e4

Writing metrics: /workspace/dreamerv3_runs/pretrain_p2e_finger_seed102/metrics.jsonlWriting metrics: /workspace/dreamerv3_runs/pretrain_p2e_finger_seed102/scores.jsonl


--------------------[Agent Step 78_016]--------------------
Metrics filtered by: 'score|length|fps|ratio|train/loss/|train/rand/'
train/loss/con 0.02 / train/loss/disag 2.9e-3 / train/loss/dist_to_target 5.4e-3 / train/loss/dyn 1.77 / train/loss/policy 0.01 / train/loss/position 0.02 / train/loss/rep 1.77 / train/loss/target_position 0.01 / train/loss/touch 0.03 / train/loss/value 0.8 / train/loss/velocity 0.08 / replay/replay_ratio 1040 / fps/policy 20.64 / fps/train 2.1e4

Writing metrics: /workspace/dreamerv3_runs/pretrain_p2e_finger_seed102/scores.jsonl
Writing metrics: /workspace/dreamerv3_runs/pretrain_p2e_finger_seed102/metrics.jsonl

--------------------[Agent Step 80_496]--------------------
Metrics filtered by: 'score|length|fps|ratio|train/loss/|train/rand/'
episode/score 0 / episode/length 1001 / train/loss/con 0.02 / train/loss/disag 2.8e-3 / train/loss/dist_to_target 5.3e-3 / train/loss/dyn 1.76 / train/loss/policy -0.01 / train/loss/position 0.01 / train/loss/rep 1.76 / train/loss/target_position 0.01 / train/loss/touch 0.03 / train/loss/value 0.87 / train/loss/velocity 0.08 / replay/replay_ratio 1040 / fps/policy 20.61 / fps/train 2.1e4

Writing metrics: /workspace/dreamerv3_runs/pretrain_p2e_finger_seed102/metrics.jsonlWriting metrics: /workspace/dreamerv3_runs/pretrain_p2e_finger_seed102/scores.jsonl

Saving checkpoint: /workspace/dreamerv3_runs/pretrain_p2e_finger_seed102/ckpt/20260719T020556F595833
Saved checkpoint.
[02:06:02] snapshot step=81600 -> /workspace/dreamerv3_runs/pretrain_p2e_finger_seed102/ckpt_snapshots/step000000081600

--------------------[Agent Step 82_960]--------------------
Metrics filtered by: 'score|length|fps|ratio|train/loss/|train/rand/'
train/loss/con 0.02 / train/loss/disag 2.9e-3 / train/loss/dist_to_target 5.3e-3 / train/loss/dyn 1.79 / train/loss/policy 6.2e-3 / train/loss/position 0.01 / train/loss/rep 1.79 / train/loss/target_position 0.01 / train/loss/touch 0.03 / train/loss/value 1.26 / train/loss/velocity 0.08 / replay/replay_ratio 1040 / fps/policy 20.51 / fps/train 2.1e4

Writing metrics: /workspace/dreamerv3_runs/pretrain_p2e_finger_seed102/metrics.jsonlWriting metrics: /workspace/dreamerv3_runs/pretrain_p2e_finger_seed102/scores.jsonl


--------------------[Agent Step 85_440]--------------------
Metrics filtered by: 'score|length|fps|ratio|train/loss/|train/rand/'
train/loss/con 0.02 / train/loss/disag 2.9e-3 / train/loss/dist_to_target 5.3e-3 / train/loss/dyn 1.8 / train/loss/policy 0.04 / train/loss/position 0.01 / train/loss/rep 1.8 / train/loss/target_position 0.01 / train/loss/touch 0.03 / train/loss/value 0.7 / train/loss/velocity 0.08 / replay/replay_ratio 1040 / fps/policy 20.56 / fps/train 2.1e4

Writing metrics: /workspace/dreamerv3_runs/pretrain_p2e_finger_seed102/scores.jsonlWriting metrics: /workspace/dreamerv3_runs/pretrain_p2e_finger_seed102/metrics.jsonl

Saving checkpoint: /workspace/dreamerv3_runs/pretrain_p2e_finger_seed102/ckpt/20260719T021056F772484
Saved checkpoint.
[02:11:02] snapshot step=87776 -> /workspace/dreamerv3_runs/pretrain_p2e_finger_seed102/ckpt_snapshots/step000000087776

--------------------[Agent Step 87_920]--------------------
Metrics filtered by: 'score|length|fps|ratio|train/loss/|train/rand/'
train/loss/con 0.02 / train/loss/disag 2.9e-3 / train/loss/dist_to_target 5.3e-3 / train/loss/dyn 1.82 / train/loss/policy 4.6e-3 / train/loss/position 0.01 / train/loss/rep 1.82 / train/loss/target_position 0.01 / train/loss/touch 0.03 / train/loss/value 0.81 / train/loss/velocity 0.08 / replay/replay_ratio 1040 / fps/policy 20.57 / fps/train 2.1e4

Writing metrics: /workspace/dreamerv3_runs/pretrain_p2e_finger_seed102/metrics.jsonlWriting metrics: /workspace/dreamerv3_runs/pretrain_p2e_finger_seed102/scores.jsonl


--------------------[Agent Step 90_400]--------------------
Metrics filtered by: 'score|length|fps|ratio|train/loss/|train/rand/'
train/loss/con 0.02 / train/loss/disag 2.9e-3 / train/loss/dist_to_target 5.3e-3 / train/loss/dyn 1.83 / train/loss/policy 1.9e-3 / train/loss/position 0.01 / train/loss/rep 1.83 / train/loss/target_position 0.01 / train/loss/touch 0.03 / train/loss/value 0.9 / train/loss/velocity 0.08 / replay/replay_ratio 1040 / fps/policy 20.63 / fps/train 2.1e4

Writing metrics: /workspace/dreamerv3_runs/pretrain_p2e_finger_seed102/metrics.jsonlWriting metrics: /workspace/dreamerv3_runs/pretrain_p2e_finger_seed102/scores.jsonl


--------------------[Agent Step 92_880]--------------------
Metrics filtered by: 'score|length|fps|ratio|train/loss/|train/rand/'
train/loss/con 0.02 / train/loss/disag 2.9e-3 / train/loss/dist_to_target 5.3e-3 / train/loss/dyn 1.82 / train/loss/policy 0.01 / train/loss/position 0.01 / train/loss/rep 1.82 / train/loss/target_position 0.01 / train/loss/touch 0.03 / train/loss/value 0.72 / train/loss/velocity 0.08 / replay/replay_ratio 1040 / fps/policy 20.63 / fps/train 2.1e4

Writing metrics: /workspace/dreamerv3_runs/pretrain_p2e_finger_seed102/metrics.jsonlWriting metrics: /workspace/dreamerv3_runs/pretrain_p2e_finger_seed102/scores.jsonl

Saving checkpoint: /workspace/dreamerv3_runs/pretrain_p2e_finger_seed102/ckpt/20260719T021557F327179
Saved checkpoint.
[02:16:02] snapshot step=93968 -> /workspace/dreamerv3_runs/pretrain_p2e_finger_seed102/ckpt_snapshots/step000000093968

--------------------[Agent Step 95_360]--------------------
Metrics filtered by: 'score|length|fps|ratio|train/loss/|train/rand/'
train/loss/con 0.02 / train/loss/disag 2.9e-3 / train/loss/dist_to_target 5.3e-3 / train/loss/dyn 1.82 / train/loss/policy 0.02 / train/loss/position 0.01 / train/loss/rep 1.82 / train/loss/target_position 0.01 / train/loss/touch 0.03 / train/loss/value 0.77 / train/loss/velocity 0.08 / replay/replay_ratio 1040 / fps/policy 20.57 / fps/train 2.1e4

Writing metrics: /workspace/dreamerv3_runs/pretrain_p2e_finger_seed102/metrics.jsonlWriting metrics: /workspace/dreamerv3_runs/pretrain_p2e_finger_seed102/scores.jsonl


--------------------[Agent Step 97_824]--------------------
Metrics filtered by: 'score|length|fps|ratio|train/loss/|train/rand/'
episode/score 0 / episode/length 1001 / train/loss/con 0.02 / train/loss/disag 2.9e-3 / train/loss/dist_to_target 5.3e-3 / train/loss/dyn 1.84 / train/loss/policy -0.02 / train/loss/position 0.01 / train/loss/rep 1.84 / train/loss/target_position 0.01 / train/loss/touch 0.03 / train/loss/value 0.93 / train/loss/velocity 0.08 / replay/replay_ratio 1040 / fps/policy 20.48 / fps/train 2.1e4

Writing metrics: /workspace/dreamerv3_runs/pretrain_p2e_finger_seed102/metrics.jsonlWriting metrics: /workspace/dreamerv3_runs/pretrain_p2e_finger_seed102/scores.jsonl

Stop file seen; final sweep then exit.
 milestone      actual     |err|  snapshot
    100000       93968      6032  /workspace/dreamerv3_runs/pretrain_p2e_finger_seed102/ckpt_snapshots/step000000093968
    200000       93968    106032  /workspace/dreamerv3_runs/pretrain_p2e_finger_seed102/ckpt_snapshots/step000000093968
    300000       93968    206032  /workspace/dreamerv3_runs/pretrain_p2e_finger_seed102/ckpt_snapshots/step000000093968
    400000       93968    306032  /workspace/dreamerv3_runs/pretrain_p2e_finger_seed102/ckpt_snapshots/step000000093968
    500000       93968    406032  /workspace/dreamerv3_runs/pretrain_p2e_finger_seed102/ckpt_snapshots/step000000093968
Done. 16 snapshots retained; worst milestone gap = 406032 steps.
 milestone      actual     |err|  snapshot
    100000       93968      6032  /workspace/dreamerv3_runs/pretrain_p2e_finger_seed102/ckpt_snapshots/step000000093968
    200000       93968    106032  /workspace/dreamerv3_runs/pretrain_p2e_finger_seed102/ckpt_snapshots/step000000093968
    300000       93968    206032  /workspace/dreamerv3_runs/pretrain_p2e_finger_seed102/ckpt_snapshots/step000000093968
    400000       93968    306032  /workspace/dreamerv3_runs/pretrain_p2e_finger_seed102/ckpt_snapshots/step000000093968
    500000       93968    406032  /workspace/dreamerv3_runs/pretrain_p2e_finger_seed102/ckpt_snapshots/step000000093968
[Sun Jul 19 02:21:02 UTC 2026] pretrain pretrain_p2e_finger_seed102 finished rc=0 status=DONE
