[Thu Jul 16 20:24:41 UTC 2026] axis1 child starting RUN_ID=adapt_ax1fq1s1_cup_seed10_ckpt500000 WM_RUN=ax1wm_cup_fq1s1_seed10 job=NA host=7882d2cf5dc9
[Thu Jul 16 20:24:41 UTC 2026] env prepared: python=/workspace/conda_envs/dreamerv3/bin/python
python_executable=/workspace/conda_envs/dreamerv3/bin/python
[Thu Jul 16 20:24:41 UTC 2026] offline_fit WM_RUN=ax1wm_cup_fq1s1_seed10 REPLAY=/workspace/dreamerv3_runs/axis1_cup/q1/side1 UPDATES=500000 SEED=10
Logdir: /workspace/dreamerv3_runs/ax1wm_cup_fq1s1_seed10
Static replay: /workspace/dreamerv3_runs/axis1_cup/q1/side1
Observations
  reward           Space(float32, shape=(), low=-inf, high=inf)
  is_first         Space(bool, shape=(), low=False, high=True)
  is_last          Space(bool, shape=(), low=False, high=True)
  is_terminal      Space(bool, shape=(), low=False, high=True)
  position         Space(float32, shape=(4,), low=-inf, high=inf)
  velocity         Space(float32, shape=(4,), low=-inf, high=inf)
Actions
  action           Space(float32, shape=(2,), low=-1.0, high=1.0)
Extras
  consec           Space(int32, shape=(), low=-2147483648, high=2147483647)
  stepid           Space(uint8, shape=(20,), low=0, high=255)
  dyn/deter        Space(float32, shape=(512,), low=-inf, high=inf)
  dyn/stoch        Space(float32, shape=(32, 4), low=-inf, high=inf)
JAX devices (1): [cuda:0]
Policy devices: cuda:0
Train devices:  cuda:0
Initializing parameters...
/workspace/dreamerv3/embodied/jax/agent.py:112: DeprecationWarning: `with mesh:` context manager has been deprecated. Please use `with jax.set_mesh(mesh):` instead.
  with self.train_mesh:
Optimizer opt has 580,364 params:
       364,160 dyn
        66,111 val
        50,056 dec
        49,796 pol
        41,153 con
         9,088 enc
/workspace/conda_envs/dreamerv3/lib/python3.11/site-packages/optax/_src/linear_algebra.py:44: DeprecationWarning: optax.global_norm is deprecated in favor of optax.tree.norm
  warnings.warn(
Done initializing!
Compiling 1 checkpoint groups...
Largest checkpoint group: 0 GB
Compiling train and report...
/workspace/dreamerv3/embodied/jax/agent.py:187: DeprecationWarning: `with mesh:` context manager has been deprecated. Please use `with jax.set_mesh(mesh):` instead.
  with self.train_mesh:
/workspace/conda_envs/dreamerv3/lib/python3.11/site-packages/optax/_src/linear_algebra.py:44: DeprecationWarning: optax.global_norm is deprecated in favor of optax.tree.norm
  warnings.warn(
Terminated
[Thu Jul 16 20:25:09 UTC 2026] offline_fit FAILED rc=143
