==============================
Slurm job started | Job ID: 49756644 | Node: midway3-0278.rcc.local
Start time: Mon May 18 13:14:33 CDT 2026
Frozen-readout adaptation | Cond: apt | Task: run | Seed: 1
==============================
PYTHON=/scratch/midway3/rickybao/conda_envs/dreamerv3/bin/python
LOGDIR=/scratch/midway3/rickybao/dreamerv3_runs/adapt_apt_run_seed1
Pretrained world model: /scratch/midway3/rickybao/dreamerv3_runs/pretrain_apt_seed1/ckpt/20260517T180238F226879
GPU check:
Mon May 18 13:14:33 2026       
+---------------------------------------------------------------------------------------+
| NVIDIA-SMI 535.216.03             Driver Version: 535.216.03   CUDA Version: 12.2     |
|-----------------------------------------+----------------------+----------------------+
| GPU  Name                 Persistence-M | Bus-Id        Disp.A | Volatile Uncorr. ECC |
| Fan  Temp   Perf          Pwr:Usage/Cap |         Memory-Usage | GPU-Util  Compute M. |
|                                         |                      |               MIG M. |
|=========================================+======================+======================|
|   0  Tesla V100-PCIE-16GB           On  | 00000000:D8:00.0 Off |                  Off |
| N/A   33C    P0              27W / 250W |      0MiB / 16384MiB |      0%      Default |
|                                         |                      |                  N/A |
+-----------------------------------------+----------------------+----------------------+
                                                                                         
+---------------------------------------------------------------------------------------+
| Processes:                                                                            |
|  GPU   GI   CI        PID   Type   Process name                            GPU Memory |
|        ID   ID                                                             Usage      |
|=======================================================================================|
|  No running processes found                                                           |
+---------------------------------------------------------------------------------------+
Starting frozen-readout adaptation
---  ___                           __   ______ ---
--- |   \ _ _ ___ __ _ _ __  ___ _ \ \ / /__ / ---
--- | |) | '_/ -_) _` | '  \/ -_) '/\ V / |_ \ ---
--- |___/|_| \___\__,_|_|_|_\___|_|  \_/ |___/ ---
Replica: 0 / 1
Logdir: /scratch/midway3/rickybao/dreamerv3_runs/adapt_apt_run_seed1
Run script: train
Observations
  reward           Space(float32, shape=(), low=-inf, high=inf)
  is_first         Space(bool, shape=(), low=False, high=True)
  is_last          Space(bool, shape=(), low=False, high=True)
  is_terminal      Space(bool, shape=(), low=False, high=True)
  orientations     Space(float32, shape=(14,), low=-inf, high=inf)
  height           Space(float32, shape=(), low=-inf, high=inf)
  velocity         Space(float32, shape=(9,), low=-inf, high=inf)
Actions
  action           Space(float32, shape=(6,), low=-1.0, high=1.0)
Extras
  consec           Space(int32, shape=(), low=-2147483648, high=2147483647)
  stepid           Space(uint8, shape=(20,), low=0, high=255)
  dyn/deter        Space(float32, shape=(512,), low=-inf, high=inf)
  dyn/stoch        Space(float32, shape=(32, 4), low=-inf, high=inf)
JAX devices (1): [cuda:0]
Policy devices: cuda:0
Train devices:  cuda:0
Initializing parameters...
Optimizer opt has 215,243 params:
        66,111 val
        57,663 rew
        50,316 pol
        41,153 con
Done initializing!
Compiling 1 checkpoint groups...
Largest checkpoint group: 0 GB
Compiling train and report...
Train cost analysis:
  FLOPS:            7.2e+09
  Memory (temp):    2.0e+08
  Memory (inputs):  7.4e+06
  Memory (outputs): 5.9e+06
  Memory (code):    1.5e+06

Report cost analysis:
  FLOPS:            1.9e+06
  Memory (temp):    9.3e+05
  Memory (inputs):  2.8e+06
  Memory (outputs): 2.1e+04
  Memory (code):    9.7e+04

Done compiling!
Loaded pretrained checkpoint with keys: ['dec/mlp/linear0/bias', 'dec/mlp/linear0/kernel', 'dec/mlp/linear1/bias', 'dec/mlp/linear1/kernel', 'dec/mlp/linear2/bias', 'dec/mlp/linear2/kernel', 'dec/mlp/norm0/scale', 'dec/mlp/norm1/scale', 'dec/mlp/norm2/scale', 'dec/vec/height/pred/bias', 'dec/vec/height/pred/kernel', 'dec/vec/orientations/pred/bias', 'dec/vec/orientations/pred/kernel', 'dec/vec/velocity/pred/bias', 'dec/vec/velocity/pred/kernel', 'dyn/dyngru/bias', 'dyn/dyngru/kernel', 'dyn/dynhid0/bias', 'dyn/dynhid0/kernel', 'dyn/dynhid0norm/scale', 'dyn/dynin0/bias', 'dyn/dynin0/kernel', 'dyn/dynin0norm/scale', 'dyn/dynin1/bias', 'dyn/dynin1/kernel', 'dyn/dynin1norm/scale', 'dyn/dynin2/bias', 'dyn/dynin2/kernel', 'dyn/dynin2norm/scale', 'dyn/obs0/bias', 'dyn/obs0/kernel', 'dyn/obs0norm/scale', 'dyn/obslogit/bias', 'dyn/obslogit/kernel', 'dyn/prior0/bias', 'dyn/prior0/kernel', 'dyn/prior0norm/scale', 'dyn/prior1/bias', 'dyn/prior1/kernel', 'dyn/prior1norm/scale', 'dyn/priorlogit/bias', 'dyn/priorlogit/kernel', 'enc/mlp0/bias', 'enc/mlp0/kernel', 'enc/mlp0norm/scale', 'enc/mlp1/bias', 'enc/mlp1/kernel', 'enc/mlp1norm/scale', 'enc/mlp2/bias', 'enc/mlp2/kernel', 'enc/mlp2norm/scale']
Did not find any checkpoint.
Saving checkpoint: /scratch/midway3/rickybao/dreamerv3_runs/adapt_apt_run_seed1/ckpt/20260518T131543F823454
Saved checkpoint.
Start training loop

--------------------[Agent Step 6_240]--------------------
Metrics filtered by: 'score|length|fps|ratio|train/loss/|train/rand/'
train/loss/con 0.06 / train/loss/dyn 7.6 / train/loss/height 6.3e-4 / train/loss/orientations 0.06 / train/loss/policy 0.75 / train/loss/rep 7.6 / train/loss/repval 4.7 / train/loss/rew 1.45 / train/loss/value 2.14 / train/loss/velocity 0.84 / replay/replay_ratio 836.23 / fps/policy 50.17 / fps/train 3.5e4

Writing metrics: /scratch/midway3/rickybao/dreamerv3_runs/adapt_apt_run_seed1/metrics.jsonlWriting metrics: /scratch/midway3/rickybao/dreamerv3_runs/adapt_apt_run_seed1/scores.jsonl


--------------------[Agent Step 10_672]--------------------
Metrics filtered by: 'score|length|fps|ratio|train/loss/|train/rand/'
train/loss/con 0.02 / train/loss/dyn 7.42 / train/loss/height 5.8e-4 / train/loss/orientations 0.06 / train/loss/policy 1.28 / train/loss/rep 7.42 / train/loss/repval 1.99 / train/loss/rew 0.41 / train/loss/value 1.24 / train/loss/velocity 0.82 / replay/replay_ratio 1040 / fps/policy 36.87 / fps/train 3.8e4

Writing metrics: /scratch/midway3/rickybao/dreamerv3_runs/adapt_apt_run_seed1/metrics.jsonlWriting metrics: /scratch/midway3/rickybao/dreamerv3_runs/adapt_apt_run_seed1/scores.jsonl


--------------------[Agent Step 15_104]--------------------
Metrics filtered by: 'score|length|fps|ratio|train/loss/|train/rand/'
train/loss/con 0.02 / train/loss/dyn 7.48 / train/loss/height 6.5e-4 / train/loss/orientations 0.06 / train/loss/policy 1.31 / train/loss/rep 7.48 / train/loss/repval 1.31 / train/loss/rew 0.46 / train/loss/value 1.01 / train/loss/velocity 0.83 / replay/replay_ratio 1040 / fps/policy 36.84 / fps/train 3.8e4

Writing metrics: /scratch/midway3/rickybao/dreamerv3_runs/adapt_apt_run_seed1/metrics.jsonlWriting metrics: /scratch/midway3/rickybao/dreamerv3_runs/adapt_apt_run_seed1/scores.jsonl


--------------------[Agent Step 19_536]--------------------
Metrics filtered by: 'score|length|fps|ratio|train/loss/|train/rand/'
episode/score 47.12 / episode/length 1001 / train/loss/con 0.02 / train/loss/dyn 7.62 / train/loss/height 9e-4 / train/loss/orientations 0.07 / train/loss/policy 0.6 / train/loss/rep 7.62 / train/loss/repval 1.12 / train/loss/rew 0.49 / train/loss/value 0.99 / train/loss/velocity 0.9 / replay/replay_ratio 1040 / fps/policy 36.83 / fps/train 3.8e4

Writing metrics: /scratch/midway3/rickybao/dreamerv3_runs/adapt_apt_run_seed1/metrics.jsonlWriting metrics: /scratch/midway3/rickybao/dreamerv3_runs/adapt_apt_run_seed1/scores.jsonl


--------------------[Agent Step 23_728]--------------------
Metrics filtered by: 'score|length|fps|ratio|train/loss/|train/rand/'
train/loss/con 0.02 / train/loss/dyn 7.68 / train/loss/height 1.1e-3 / train/loss/orientations 0.08 / train/loss/policy 0.21 / train/loss/rep 7.68 / train/loss/repval 1.13 / train/loss/rew 0.51 / train/loss/value 0.93 / train/loss/velocity 0.96 / replay/replay_ratio 1040 / fps/policy 34.94 / fps/train 3.6e4

Writing metrics: /scratch/midway3/rickybao/dreamerv3_runs/adapt_apt_run_seed1/metrics.jsonlWriting metrics: /scratch/midway3/rickybao/dreamerv3_runs/adapt_apt_run_seed1/scores.jsonl


--------------------[Agent Step 28_160]--------------------
Metrics filtered by: 'score|length|fps|ratio|train/loss/|train/rand/'
train/loss/con 0.02 / train/loss/dyn 7.6 / train/loss/height 1.4e-3 / train/loss/orientations 0.1 / train/loss/policy 9.2e-3 / train/loss/rep 7.6 / train/loss/repval 1.12 / train/loss/rew 0.52 / train/loss/value 0.89 / train/loss/velocity 1.01 / replay/replay_ratio 1040 / fps/policy 36.9 / fps/train 3.8e4

Writing metrics: /scratch/midway3/rickybao/dreamerv3_runs/adapt_apt_run_seed1/metrics.jsonlWriting metrics: /scratch/midway3/rickybao/dreamerv3_runs/adapt_apt_run_seed1/scores.jsonl


--------------------[Agent Step 32_592]--------------------
Metrics filtered by: 'score|length|fps|ratio|train/loss/|train/rand/'
episode/score 74.5 / episode/length 1001 / train/loss/con 0.02 / train/loss/dyn 7.52 / train/loss/height 1.5e-3 / train/loss/orientations 0.11 / train/loss/policy -0.17 / train/loss/rep 7.52 / train/loss/repval 1.09 / train/loss/rew 0.53 / train/loss/value 0.96 / train/loss/velocity 1.03 / replay/replay_ratio 1040 / fps/policy 36.86 / fps/train 3.8e4

Writing metrics: /scratch/midway3/rickybao/dreamerv3_runs/adapt_apt_run_seed1/metrics.jsonl
Writing metrics: /scratch/midway3/rickybao/dreamerv3_runs/adapt_apt_run_seed1/scores.jsonl
Saving checkpoint: /scratch/midway3/rickybao/dreamerv3_runs/adapt_apt_run_seed1/ckpt/20260518T133046F382627
Saved checkpoint.

--------------------[Agent Step 36_976]--------------------
Metrics filtered by: 'score|length|fps|ratio|train/loss/|train/rand/'
train/loss/con 0.02 / train/loss/dyn 7.67 / train/loss/height 1.7e-3 / train/loss/orientations 0.12 / train/loss/policy -0.18 / train/loss/rep 7.67 / train/loss/repval 1.1 / train/loss/rew 0.54 / train/loss/value 0.93 / train/loss/velocity 1.09 / replay/replay_ratio 1040 / fps/policy 36.41 / fps/train 3.7e4

Writing metrics: /scratch/midway3/rickybao/dreamerv3_runs/adapt_apt_run_seed1/metrics.jsonlWriting metrics: /scratch/midway3/rickybao/dreamerv3_runs/adapt_apt_run_seed1/scores.jsonl


--------------------[Agent Step 41_408]--------------------
Metrics filtered by: 'score|length|fps|ratio|train/loss/|train/rand/'
train/loss/con 0.02 / train/loss/dyn 7.86 / train/loss/height 1.8e-3 / train/loss/orientations 0.13 / train/loss/policy -0.18 / train/loss/rep 7.86 / train/loss/repval 0.99 / train/loss/rew 0.54 / train/loss/value 0.74 / train/loss/velocity 1.15 / replay/replay_ratio 1040 / fps/policy 36.93 / fps/train 3.8e4

Writing metrics: /scratch/midway3/rickybao/dreamerv3_runs/adapt_apt_run_seed1/metrics.jsonlWriting metrics: /scratch/midway3/rickybao/dreamerv3_runs/adapt_apt_run_seed1/scores.jsonl


--------------------[Agent Step 45_840]--------------------
Metrics filtered by: 'score|length|fps|ratio|train/loss/|train/rand/'
train/loss/con 0.02 / train/loss/dyn 7.99 / train/loss/height 1.8e-3 / train/loss/orientations 0.14 / train/loss/policy -0.19 / train/loss/rep 7.99 / train/loss/repval 1.16 / train/loss/rew 0.54 / train/loss/value 1.2 / train/loss/velocity 1.2 / replay/replay_ratio 1040 / fps/policy 36.88 / fps/train 3.8e4

Writing metrics: /scratch/midway3/rickybao/dreamerv3_runs/adapt_apt_run_seed1/metrics.jsonlWriting metrics: /scratch/midway3/rickybao/dreamerv3_runs/adapt_apt_run_seed1/scores.jsonl


--------------------[Agent Step 50_272]--------------------
Metrics filtered by: 'score|length|fps|ratio|train/loss/|train/rand/'
episode/score 183.19 / episode/length 1001 / train/loss/con 0.02 / train/loss/dyn 8.07 / train/loss/height 2e-3 / train/loss/orientations 0.15 / train/loss/policy -0.15 / train/loss/rep 8.07 / train/loss/repval 1.02 / train/loss/rew 0.54 / train/loss/value 0.72 / train/loss/velocity 1.24 / replay/replay_ratio 1040 / fps/policy 36.82 / fps/train 3.8e4

Writing metrics: /scratch/midway3/rickybao/dreamerv3_runs/adapt_apt_run_seed1/metrics.jsonlWriting metrics: /scratch/midway3/rickybao/dreamerv3_runs/adapt_apt_run_seed1/scores.jsonl


--------------------[Agent Step 54_704]--------------------
Metrics filtered by: 'score|length|fps|ratio|train/loss/|train/rand/'
train/loss/con 0.02 / train/loss/dyn 8.14 / train/loss/height 2e-3 / train/loss/orientations 0.16 / train/loss/policy -0.09 / train/loss/rep 8.14 / train/loss/repval 0.99 / train/loss/rew 0.53 / train/loss/value 1.11 / train/loss/velocity 1.27 / replay/replay_ratio 1040 / fps/policy 36.89 / fps/train 3.8e4

Writing metrics: /scratch/midway3/rickybao/dreamerv3_runs/adapt_apt_run_seed1/metrics.jsonlWriting metrics: /scratch/midway3/rickybao/dreamerv3_runs/adapt_apt_run_seed1/scores.jsonl


--------------------[Agent Step 59_136]--------------------
Metrics filtered by: 'score|length|fps|ratio|train/loss/|train/rand/'
train/loss/con 0.02 / train/loss/dyn 8.16 / train/loss/height 2.1e-3 / train/loss/orientations 0.16 / train/loss/policy -0.09 / train/loss/rep 8.16 / train/loss/repval 1.17 / train/loss/rew 0.53 / train/loss/value 1.13 / train/loss/velocity 1.29 / replay/replay_ratio 1040 / fps/policy 36.9 / fps/train 3.8e4

Writing metrics: /scratch/midway3/rickybao/dreamerv3_runs/adapt_apt_run_seed1/metrics.jsonlWriting metrics: /scratch/midway3/rickybao/dreamerv3_runs/adapt_apt_run_seed1/scores.jsonl


--------------------[Agent Step 63_568]--------------------
Metrics filtered by: 'score|length|fps|ratio|train/loss/|train/rand/'
train/loss/con 0.02 / train/loss/dyn 8.22 / train/loss/height 2e-3 / train/loss/orientations 0.17 / train/loss/policy -0.1 / train/loss/rep 8.22 / train/loss/repval 1.06 / train/loss/rew 0.53 / train/loss/value 0.81 / train/loss/velocity 1.32 / replay/replay_ratio 1040 / fps/policy 36.85 / fps/train 3.8e4

Writing metrics: /scratch/midway3/rickybao/dreamerv3_runs/adapt_apt_run_seed1/metrics.jsonl
Writing metrics: /scratch/midway3/rickybao/dreamerv3_runs/adapt_apt_run_seed1/scores.jsonl
Saving checkpoint: /scratch/midway3/rickybao/dreamerv3_runs/adapt_apt_run_seed1/ckpt/20260518T134546F432186
Saved checkpoint.

--------------------[Agent Step 67_952]--------------------
Metrics filtered by: 'score|length|fps|ratio|train/loss/|train/rand/'
episode/score 189.91 / episode/length 1001 / train/loss/con 0.02 / train/loss/dyn 8.29 / train/loss/height 2.1e-3 / train/loss/orientations 0.17 / train/loss/policy -0.09 / train/loss/rep 8.29 / train/loss/repval 0.95 / train/loss/rew 0.53 / train/loss/value 1.16 / train/loss/velocity 1.35 / replay/replay_ratio 1040 / fps/policy 36.42 / fps/train 3.7e4

Writing metrics: /scratch/midway3/rickybao/dreamerv3_runs/adapt_apt_run_seed1/metrics.jsonlWriting metrics: /scratch/midway3/rickybao/dreamerv3_runs/adapt_apt_run_seed1/scores.jsonl


--------------------[Agent Step 72_384]--------------------
Metrics filtered by: 'score|length|fps|ratio|train/loss/|train/rand/'
train/loss/con 0.02 / train/loss/dyn 8.33 / train/loss/height 2.1e-3 / train/loss/orientations 0.18 / train/loss/policy -0.09 / train/loss/rep 8.33 / train/loss/repval 1.13 / train/loss/rew 0.53 / train/loss/value 1.22 / train/loss/velocity 1.37 / replay/replay_ratio 1040 / fps/policy 36.89 / fps/train 3.8e4

Writing metrics: /scratch/midway3/rickybao/dreamerv3_runs/adapt_apt_run_seed1/metrics.jsonlWriting metrics: /scratch/midway3/rickybao/dreamerv3_runs/adapt_apt_run_seed1/scores.jsonl


--------------------[Agent Step 76_816]--------------------
Metrics filtered by: 'score|length|fps|ratio|train/loss/|train/rand/'
train/loss/con 0.02 / train/loss/dyn 8.36 / train/loss/height 2.1e-3 / train/loss/orientations 0.18 / train/loss/policy -0.08 / train/loss/rep 8.36 / train/loss/repval 1.18 / train/loss/rew 0.53 / train/loss/value 1 / train/loss/velocity 1.39 / replay/replay_ratio 1040 / fps/policy 36.85 / fps/train 3.8e4

Writing metrics: /scratch/midway3/rickybao/dreamerv3_runs/adapt_apt_run_seed1/metrics.jsonlWriting metrics: /scratch/midway3/rickybao/dreamerv3_runs/adapt_apt_run_seed1/scores.jsonl


--------------------[Agent Step 81_232]--------------------
Metrics filtered by: 'score|length|fps|ratio|train/loss/|train/rand/'
episode/score 261.08 / episode/length 1001 / train/loss/con 0.02 / train/loss/dyn 8.44 / train/loss/height 2.1e-3 / train/loss/orientations 0.18 / train/loss/policy -0.07 / train/loss/rep 8.44 / train/loss/repval 1.08 / train/loss/rew 0.53 / train/loss/value 0.79 / train/loss/velocity 1.42 / replay/replay_ratio 1040 / fps/policy 36.79 / fps/train 3.8e4

Writing metrics: /scratch/midway3/rickybao/dreamerv3_runs/adapt_apt_run_seed1/metrics.jsonlWriting metrics: /scratch/midway3/rickybao/dreamerv3_runs/adapt_apt_run_seed1/scores.jsonl


--------------------[Agent Step 85_664]--------------------
Metrics filtered by: 'score|length|fps|ratio|train/loss/|train/rand/'
train/loss/con 0.02 / train/loss/dyn 8.53 / train/loss/height 2.2e-3 / train/loss/orientations 0.19 / train/loss/policy -0.08 / train/loss/rep 8.53 / train/loss/repval 0.98 / train/loss/rew 0.53 / train/loss/value 0.82 / train/loss/velocity 1.43 / replay/replay_ratio 1040 / fps/policy 36.83 / fps/train 3.8e4

Writing metrics: /scratch/midway3/rickybao/dreamerv3_runs/adapt_apt_run_seed1/metrics.jsonlWriting metrics: /scratch/midway3/rickybao/dreamerv3_runs/adapt_apt_run_seed1/scores.jsonl


--------------------[Agent Step 90_096]--------------------
Metrics filtered by: 'score|length|fps|ratio|train/loss/|train/rand/'
train/loss/con 0.02 / train/loss/dyn 8.63 / train/loss/height 2.2e-3 / train/loss/orientations 0.19 / train/loss/policy -0.08 / train/loss/rep 8.63 / train/loss/repval 0.91 / train/loss/rew 0.53 / train/loss/value 0.95 / train/loss/velocity 1.45 / replay/replay_ratio 1040 / fps/policy 36.86 / fps/train 3.8e4

Writing metrics: /scratch/midway3/rickybao/dreamerv3_runs/adapt_apt_run_seed1/metrics.jsonlWriting metrics: /scratch/midway3/rickybao/dreamerv3_runs/adapt_apt_run_seed1/scores.jsonl


--------------------[Agent Step 94_528]--------------------
Metrics filtered by: 'score|length|fps|ratio|train/loss/|train/rand/'
train/loss/con 0.02 / train/loss/dyn 8.71 / train/loss/height 2.1e-3 / train/loss/orientations 0.19 / train/loss/policy -0.09 / train/loss/rep 8.71 / train/loss/repval 0.96 / train/loss/rew 0.53 / train/loss/value 1.17 / train/loss/velocity 1.47 / replay/replay_ratio 1040 / fps/policy 36.82 / fps/train 3.8e4

Writing metrics: /scratch/midway3/rickybao/dreamerv3_runs/adapt_apt_run_seed1/metrics.jsonlWriting metrics: /scratch/midway3/rickybao/dreamerv3_runs/adapt_apt_run_seed1/scores.jsonl


--------------------[Agent Step 98_944]--------------------
Metrics filtered by: 'score|length|fps|ratio|train/loss/|train/rand/'
episode/score 288.65 / episode/length 1001 / train/loss/con 0.02 / train/loss/dyn 8.79 / train/loss/height 2.2e-3 / train/loss/orientations 0.2 / train/loss/policy -0.09 / train/loss/rep 8.79 / train/loss/repval 1.11 / train/loss/rew 0.53 / train/loss/value 1.27 / train/loss/velocity 1.5 / replay/replay_ratio 1040 / fps/policy 36.77 / fps/train 3.8e4

Writing metrics: /scratch/midway3/rickybao/dreamerv3_runs/adapt_apt_run_seed1/metrics.jsonlWriting metrics: /scratch/midway3/rickybao/dreamerv3_runs/adapt_apt_run_seed1/scores.jsonl

Saving checkpoint: /scratch/midway3/rickybao/dreamerv3_runs/adapt_apt_run_seed1/ckpt/20260518T140046F459183
Saved checkpoint.

--------------------[Agent Step 103_328]--------------------
Metrics filtered by: 'score|length|fps|ratio|train/loss/|train/rand/'
train/loss/con 0.02 / train/loss/dyn 8.88 / train/loss/height 2.2e-3 / train/loss/orientations 0.2 / train/loss/policy -0.09 / train/loss/rep 8.88 / train/loss/repval 1.21 / train/loss/rew 0.53 / train/loss/value 1.24 / train/loss/velocity 1.52 / replay/replay_ratio 1040 / fps/policy 36.52 / fps/train 3.7e4

Writing metrics: /scratch/midway3/rickybao/dreamerv3_runs/adapt_apt_run_seed1/metrics.jsonlWriting metrics: /scratch/midway3/rickybao/dreamerv3_runs/adapt_apt_run_seed1/scores.jsonl


--------------------[Agent Step 107_760]--------------------
Metrics filtered by: 'score|length|fps|ratio|train/loss/|train/rand/'
train/loss/con 0.02 / train/loss/dyn 8.94 / train/loss/height 2.2e-3 / train/loss/orientations 0.2 / train/loss/policy -0.09 / train/loss/rep 8.94 / train/loss/repval 1.22 / train/loss/rew 0.53 / train/loss/value 1.14 / train/loss/velocity 1.54 / replay/replay_ratio 1040 / fps/policy 36.85 / fps/train 3.8e4

Writing metrics: /scratch/midway3/rickybao/dreamerv3_runs/adapt_apt_run_seed1/metrics.jsonlWriting metrics: /scratch/midway3/rickybao/dreamerv3_runs/adapt_apt_run_seed1/scores.jsonl


--------------------[Agent Step 112_192]--------------------
Metrics filtered by: 'score|length|fps|ratio|train/loss/|train/rand/'
episode/score 255.26 / episode/length 1001 / train/loss/con 0.02 / train/loss/dyn 9.02 / train/loss/height 2.2e-3 / train/loss/orientations 0.2 / train/loss/policy -0.09 / train/loss/rep 9.02 / train/loss/repval 1.19 / train/loss/rew 0.54 / train/loss/value 1.01 / train/loss/velocity 1.56 / replay/replay_ratio 1040 / fps/policy 36.8 / fps/train 3.8e4

Writing metrics: /scratch/midway3/rickybao/dreamerv3_runs/adapt_apt_run_seed1/metrics.jsonlWriting metrics: /scratch/midway3/rickybao/dreamerv3_runs/adapt_apt_run_seed1/scores.jsonl


--------------------[Agent Step 116_608]--------------------
Metrics filtered by: 'score|length|fps|ratio|train/loss/|train/rand/'
train/loss/con 0.02 / train/loss/dyn 9.09 / train/loss/height 2.2e-3 / train/loss/orientations 0.21 / train/loss/policy -0.09 / train/loss/rep 9.09 / train/loss/repval 1.14 / train/loss/rew 0.54 / train/loss/value 0.89 / train/loss/velocity 1.57 / replay/replay_ratio 1040 / fps/policy 36.74 / fps/train 3.8e4

Writing metrics: /scratch/midway3/rickybao/dreamerv3_runs/adapt_apt_run_seed1/metrics.jsonlWriting metrics: /scratch/midway3/rickybao/dreamerv3_runs/adapt_apt_run_seed1/scores.jsonl


--------------------[Agent Step 121_024]--------------------
Metrics filtered by: 'score|length|fps|ratio|train/loss/|train/rand/'
train/loss/con 0.02 / train/loss/dyn 9.14 / train/loss/height 2.2e-3 / train/loss/orientations 0.21 / train/loss/policy -0.09 / train/loss/rep 9.14 / train/loss/repval 1.09 / train/loss/rew 0.54 / train/loss/value 0.78 / train/loss/velocity 1.59 / replay/replay_ratio 1040 / fps/policy 36.78 / fps/train 3.8e4

Writing metrics: /scratch/midway3/rickybao/dreamerv3_runs/adapt_apt_run_seed1/metrics.jsonlWriting metrics: /scratch/midway3/rickybao/dreamerv3_runs/adapt_apt_run_seed1/scores.jsonl


--------------------[Agent Step 125_456]--------------------
Metrics filtered by: 'score|length|fps|ratio|train/loss/|train/rand/'
train/loss/con 0.02 / train/loss/dyn 9.19 / train/loss/height 2.2e-3 / train/loss/orientations 0.21 / train/loss/policy -0.09 / train/loss/rep 9.19 / train/loss/repval 1 / train/loss/rew 0.54 / train/loss/value 0.68 / train/loss/velocity 1.61 / replay/replay_ratio 1040 / fps/policy 36.8 / fps/train 3.8e4

Writing metrics: /scratch/midway3/rickybao/dreamerv3_runs/adapt_apt_run_seed1/metrics.jsonlWriting metrics: /scratch/midway3/rickybao/dreamerv3_runs/adapt_apt_run_seed1/scores.jsonl


--------------------[Agent Step 129_872]--------------------
Metrics filtered by: 'score|length|fps|ratio|train/loss/|train/rand/'
episode/score 263.82 / episode/length 1001 / train/loss/con 0.02 / train/loss/dyn 9.23 / train/loss/height 2.2e-3 / train/loss/orientations 0.21 / train/loss/policy -0.09 / train/loss/rep 9.23 / train/loss/repval 0.9 / train/loss/rew 0.54 / train/loss/value 0.57 / train/loss/velocity 1.62 / replay/replay_ratio 1040 / fps/policy 36.74 / fps/train 3.8e4

Writing metrics: /scratch/midway3/rickybao/dreamerv3_runs/adapt_apt_run_seed1/metrics.jsonlWriting metrics: /scratch/midway3/rickybao/dreamerv3_runs/adapt_apt_run_seed1/scores.jsonl

Saving checkpoint: /scratch/midway3/rickybao/dreamerv3_runs/adapt_apt_run_seed1/ckpt/20260518T141546F868548
Saved checkpoint.

--------------------[Agent Step 134_240]--------------------
Metrics filtered by: 'score|length|fps|ratio|train/loss/|train/rand/'
train/loss/con 0.02 / train/loss/dyn 9.27 / train/loss/height 2.2e-3 / train/loss/orientations 0.21 / train/loss/policy -0.1 / train/loss/rep 9.27 / train/loss/repval 0.83 / train/loss/rew 0.54 / train/loss/value 0.58 / train/loss/velocity 1.64 / replay/replay_ratio 1040 / fps/policy 36.39 / fps/train 3.7e4

Writing metrics: /scratch/midway3/rickybao/dreamerv3_runs/adapt_apt_run_seed1/metrics.jsonlWriting metrics: /scratch/midway3/rickybao/dreamerv3_runs/adapt_apt_run_seed1/scores.jsonl


--------------------[Agent Step 138_672]--------------------
Metrics filtered by: 'score|length|fps|ratio|train/loss/|train/rand/'
train/loss/con 0.02 / train/loss/dyn 9.26 / train/loss/height 2.2e-3 / train/loss/orientations 0.21 / train/loss/policy -0.1 / train/loss/rep 9.26 / train/loss/repval 0.8 / train/loss/rew 0.54 / train/loss/value 0.75 / train/loss/velocity 1.65 / replay/replay_ratio 1040 / fps/policy 36.82 / fps/train 3.8e4

Writing metrics: /scratch/midway3/rickybao/dreamerv3_runs/adapt_apt_run_seed1/metrics.jsonlWriting metrics: /scratch/midway3/rickybao/dreamerv3_runs/adapt_apt_run_seed1/scores.jsonl


--------------------[Agent Step 143_088]--------------------
Metrics filtered by: 'score|length|fps|ratio|train/loss/|train/rand/'
train/loss/con 0.02 / train/loss/dyn 9.27 / train/loss/height 2.2e-3 / train/loss/orientations 0.21 / train/loss/policy -0.11 / train/loss/rep 9.27 / train/loss/repval 0.87 / train/loss/rew 0.54 / train/loss/value 0.95 / train/loss/velocity 1.66 / replay/replay_ratio 1040 / fps/policy 36.77 / fps/train 3.8e4

Writing metrics: /scratch/midway3/rickybao/dreamerv3_runs/adapt_apt_run_seed1/metrics.jsonlWriting metrics: /scratch/midway3/rickybao/dreamerv3_runs/adapt_apt_run_seed1/scores.jsonl


--------------------[Agent Step 147_504]--------------------
Metrics filtered by: 'score|length|fps|ratio|train/loss/|train/rand/'
episode/score 245.79 / episode/length 1001 / train/loss/con 0.02 / train/loss/dyn 9.29 / train/loss/height 2.2e-3 / train/loss/orientations 0.21 / train/loss/policy -0.11 / train/loss/rep 9.29 / train/loss/repval 0.94 / train/loss/rew 0.54 / train/loss/value 1.1 / train/loss/velocity 1.67 / replay/replay_ratio 1040 / fps/policy 36.69 / fps/train 3.8e4

Writing metrics: /scratch/midway3/rickybao/dreamerv3_runs/adapt_apt_run_seed1/metrics.jsonl
Writing metrics: /scratch/midway3/rickybao/dreamerv3_runs/adapt_apt_run_seed1/scores.jsonl

--------------------[Agent Step 151_920]--------------------
Metrics filtered by: 'score|length|fps|ratio|train/loss/|train/rand/'
train/loss/con 0.02 / train/loss/dyn 9.31 / train/loss/height 2.2e-3 / train/loss/orientations 0.21 / train/loss/policy -0.11 / train/loss/rep 9.31 / train/loss/repval 1.01 / train/loss/rew 0.55 / train/loss/value 1.2 / train/loss/velocity 1.68 / replay/replay_ratio 1040 / fps/policy 36.8 / fps/train 3.8e4

Writing metrics: /scratch/midway3/rickybao/dreamerv3_runs/adapt_apt_run_seed1/metrics.jsonlWriting metrics: /scratch/midway3/rickybao/dreamerv3_runs/adapt_apt_run_seed1/scores.jsonl


--------------------[Agent Step 156_336]--------------------
Metrics filtered by: 'score|length|fps|ratio|train/loss/|train/rand/'
train/loss/con 0.02 / train/loss/dyn 9.33 / train/loss/height 2.2e-3 / train/loss/orientations 0.21 / train/loss/policy -0.11 / train/loss/rep 9.33 / train/loss/repval 1.08 / train/loss/rew 0.55 / train/loss/value 1.27 / train/loss/velocity 1.7 / replay/replay_ratio 1040 / fps/policy 36.78 / fps/train 3.8e4

Writing metrics: /scratch/midway3/rickybao/dreamerv3_runs/adapt_apt_run_seed1/metrics.jsonlWriting metrics: /scratch/midway3/rickybao/dreamerv3_runs/adapt_apt_run_seed1/scores.jsonl


--------------------[Agent Step 160_752]--------------------
Metrics filtered by: 'score|length|fps|ratio|train/loss/|train/rand/'
episode/score 311.89 / episode/length 1001 / train/loss/con 0.02 / train/loss/dyn 9.34 / train/loss/height 2.2e-3 / train/loss/orientations 0.21 / train/loss/policy -0.12 / train/loss/rep 9.34 / train/loss/repval 1.17 / train/loss/rew 0.55 / train/loss/value 1.31 / train/loss/velocity 1.71 / replay/replay_ratio 1040 / fps/policy 36.73 / fps/train 3.8e4

Writing metrics: /scratch/midway3/rickybao/dreamerv3_runs/adapt_apt_run_seed1/metrics.jsonlWriting metrics: /scratch/midway3/rickybao/dreamerv3_runs/adapt_apt_run_seed1/scores.jsonl


--------------------[Agent Step 165_168]--------------------
Metrics filtered by: 'score|length|fps|ratio|train/loss/|train/rand/'
train/loss/con 0.02 / train/loss/dyn 9.36 / train/loss/height 2.2e-3 / train/loss/orientations 0.21 / train/loss/policy -0.11 / train/loss/rep 9.36 / train/loss/repval 1.21 / train/loss/rew 0.55 / train/loss/value 1.31 / train/loss/velocity 1.71 / replay/replay_ratio 1040 / fps/policy 36.73 / fps/train 3.8e4

Writing metrics: /scratch/midway3/rickybao/dreamerv3_runs/adapt_apt_run_seed1/metrics.jsonlWriting metrics: /scratch/midway3/rickybao/dreamerv3_runs/adapt_apt_run_seed1/scores.jsonl

Saving checkpoint: /scratch/midway3/rickybao/dreamerv3_runs/adapt_apt_run_seed1/ckpt/20260518T143047F088313
Saved checkpoint.

--------------------[Agent Step 169_568]--------------------
Metrics filtered by: 'score|length|fps|ratio|train/loss/|train/rand/'
train/loss/con 0.02 / train/loss/dyn 9.38 / train/loss/height 2.2e-3 / train/loss/orientations 0.21 / train/loss/policy -0.11 / train/loss/rep 9.38 / train/loss/repval 1.22 / train/loss/rew 0.55 / train/loss/value 1.31 / train/loss/velocity 1.73 / replay/replay_ratio 1040 / fps/policy 36.55 / fps/train 3.7e4

Writing metrics: /scratch/midway3/rickybao/dreamerv3_runs/adapt_apt_run_seed1/scores.jsonlWriting metrics: /scratch/midway3/rickybao/dreamerv3_runs/adapt_apt_run_seed1/metrics.jsonl


--------------------[Agent Step 174_016]--------------------
Metrics filtered by: 'score|length|fps|ratio|train/loss/|train/rand/'
train/loss/con 0.02 / train/loss/dyn 9.4 / train/loss/height 2.2e-3 / train/loss/orientations 0.21 / train/loss/policy -0.12 / train/loss/rep 9.4 / train/loss/repval 1.24 / train/loss/rew 0.55 / train/loss/value 1.3 / train/loss/velocity 1.74 / replay/replay_ratio 1040 / fps/policy 36.98 / fps/train 3.8e4

Writing metrics: /scratch/midway3/rickybao/dreamerv3_runs/adapt_apt_run_seed1/scores.jsonlWriting metrics: /scratch/midway3/rickybao/dreamerv3_runs/adapt_apt_run_seed1/metrics.jsonl


--------------------[Agent Step 178_464]--------------------
Metrics filtered by: 'score|length|fps|ratio|train/loss/|train/rand/'
episode/score 308.38 / episode/length 1001 / train/loss/con 0.02 / train/loss/dyn 9.39 / train/loss/height 2.2e-3 / train/loss/orientations 0.21 / train/loss/policy -0.12 / train/loss/rep 9.39 / train/loss/repval 1.26 / train/loss/rew 0.55 / train/loss/value 1.29 / train/loss/velocity 1.74 / replay/replay_ratio 1040 / fps/policy 36.94 / fps/train 3.8e4

Writing metrics: /scratch/midway3/rickybao/dreamerv3_runs/adapt_apt_run_seed1/metrics.jsonlWriting metrics: /scratch/midway3/rickybao/dreamerv3_runs/adapt_apt_run_seed1/scores.jsonl


--------------------[Agent Step 182_912]--------------------
Metrics filtered by: 'score|length|fps|ratio|train/loss/|train/rand/'
train/loss/con 0.02 / train/loss/dyn 9.4 / train/loss/height 2.2e-3 / train/loss/orientations 0.21 / train/loss/policy -0.12 / train/loss/rep 9.4 / train/loss/repval 1.27 / train/loss/rew 0.55 / train/loss/value 1.27 / train/loss/velocity 1.75 / replay/replay_ratio 1040 / fps/policy 36.96 / fps/train 3.8e4

Writing metrics: /scratch/midway3/rickybao/dreamerv3_runs/adapt_apt_run_seed1/metrics.jsonlWriting metrics: /scratch/midway3/rickybao/dreamerv3_runs/adapt_apt_run_seed1/scores.jsonl


--------------------[Agent Step 187_360]--------------------
Metrics filtered by: 'score|length|fps|ratio|train/loss/|train/rand/'
train/loss/con 0.02 / train/loss/dyn 9.41 / train/loss/height 2.2e-3 / train/loss/orientations 0.21 / train/loss/policy -0.12 / train/loss/rep 9.41 / train/loss/repval 1.28 / train/loss/rew 0.55 / train/loss/value 1.24 / train/loss/velocity 1.75 / replay/replay_ratio 1040 / fps/policy 36.99 / fps/train 3.8e4

Writing metrics: /scratch/midway3/rickybao/dreamerv3_runs/adapt_apt_run_seed1/metrics.jsonlWriting metrics: /scratch/midway3/rickybao/dreamerv3_runs/adapt_apt_run_seed1/scores.jsonl


--------------------[Agent Step 191_808]--------------------
Metrics filtered by: 'score|length|fps|ratio|train/loss/|train/rand/'
train/loss/con 0.02 / train/loss/dyn 9.44 / train/loss/height 2.1e-3 / train/loss/orientations 0.22 / train/loss/policy -0.12 / train/loss/rep 9.44 / train/loss/repval 1.28 / train/loss/rew 0.56 / train/loss/value 1.2 / train/loss/velocity 1.77 / replay/replay_ratio 1040 / fps/policy 36.96 / fps/train 3.8e4

Writing metrics: /scratch/midway3/rickybao/dreamerv3_runs/adapt_apt_run_seed1/metrics.jsonlWriting metrics: /scratch/midway3/rickybao/dreamerv3_runs/adapt_apt_run_seed1/scores.jsonl


--------------------[Agent Step 196_240]--------------------
Metrics filtered by: 'score|length|fps|ratio|train/loss/|train/rand/'
episode/score 254.58 / episode/length 1001 / train/loss/con 0.02 / train/loss/dyn 9.44 / train/loss/height 2.2e-3 / train/loss/orientations 0.22 / train/loss/policy -0.12 / train/loss/rep 9.44 / train/loss/repval 1.27 / train/loss/rew 0.56 / train/loss/value 1.17 / train/loss/velocity 1.77 / replay/replay_ratio 1040 / fps/policy 36.92 / fps/train 3.8e4

Writing metrics: /scratch/midway3/rickybao/dreamerv3_runs/adapt_apt_run_seed1/metrics.jsonlWriting metrics: /scratch/midway3/rickybao/dreamerv3_runs/adapt_apt_run_seed1/scores.jsonl

Saving checkpoint: /scratch/midway3/rickybao/dreamerv3_runs/adapt_apt_run_seed1/ckpt/20260518T144547F481141
Saved checkpoint.

--------------------[Agent Step 200_640]--------------------
Metrics filtered by: 'score|length|fps|ratio|train/loss/|train/rand/'
train/loss/con 0.02 / train/loss/dyn 9.45 / train/loss/height 2.1e-3 / train/loss/orientations 0.22 / train/loss/policy -0.12 / train/loss/rep 9.45 / train/loss/repval 1.26 / train/loss/rew 0.56 / train/loss/value 1.15 / train/loss/velocity 1.77 / replay/replay_ratio 1040 / fps/policy 36.6 / fps/train 3.7e4

Writing metrics: /scratch/midway3/rickybao/dreamerv3_runs/adapt_apt_run_seed1/metrics.jsonlWriting metrics: /scratch/midway3/rickybao/dreamerv3_runs/adapt_apt_run_seed1/scores.jsonl


--------------------[Agent Step 205_088]--------------------
Metrics filtered by: 'score|length|fps|ratio|train/loss/|train/rand/'
train/loss/con 0.02 / train/loss/dyn 9.46 / train/loss/height 2.1e-3 / train/loss/orientations 0.22 / train/loss/policy -0.11 / train/loss/rep 9.46 / train/loss/repval 1.25 / train/loss/rew 0.56 / train/loss/value 1.12 / train/loss/velocity 1.78 / replay/replay_ratio 1040 / fps/policy 37 / fps/train 3.8e4

Writing metrics: /scratch/midway3/rickybao/dreamerv3_runs/adapt_apt_run_seed1/metrics.jsonlWriting metrics: /scratch/midway3/rickybao/dreamerv3_runs/adapt_apt_run_seed1/scores.jsonl


--------------------[Agent Step 209_536]--------------------
Metrics filtered by: 'score|length|fps|ratio|train/loss/|train/rand/'
episode/score 272.64 / episode/length 1001 / train/loss/con 0.02 / train/loss/dyn 9.49 / train/loss/height 2.1e-3 / train/loss/orientations 0.22 / train/loss/policy -0.12 / train/loss/rep 9.49 / train/loss/repval 1.24 / train/loss/rew 0.56 / train/loss/value 1.07 / train/loss/velocity 1.79 / replay/replay_ratio 1040 / fps/policy 36.96 / fps/train 3.8e4

Writing metrics: /scratch/midway3/rickybao/dreamerv3_runs/adapt_apt_run_seed1/metrics.jsonlWriting metrics: /scratch/midway3/rickybao/dreamerv3_runs/adapt_apt_run_seed1/scores.jsonl


--------------------[Agent Step 213_984]--------------------
Metrics filtered by: 'score|length|fps|ratio|train/loss/|train/rand/'
train/loss/con 0.02 / train/loss/dyn 9.48 / train/loss/height 2.2e-3 / train/loss/orientations 0.22 / train/loss/policy -0.11 / train/loss/rep 9.48 / train/loss/repval 1.22 / train/loss/rew 0.56 / train/loss/value 1.03 / train/loss/velocity 1.79 / replay/replay_ratio 1040 / fps/policy 36.96 / fps/train 3.8e4

Writing metrics: /scratch/midway3/rickybao/dreamerv3_runs/adapt_apt_run_seed1/scores.jsonlWriting metrics: /scratch/midway3/rickybao/dreamerv3_runs/adapt_apt_run_seed1/metrics.jsonl


--------------------[Agent Step 218_416]--------------------
Metrics filtered by: 'score|length|fps|ratio|train/loss/|train/rand/'
train/loss/con 0.02 / train/loss/dyn 9.49 / train/loss/height 2.2e-3 / train/loss/orientations 0.22 / train/loss/policy -0.12 / train/loss/rep 9.49 / train/loss/repval 1.21 / train/loss/rew 0.56 / train/loss/value 1.02 / train/loss/velocity 1.8 / replay/replay_ratio 1040 / fps/policy 36.93 / fps/train 3.8e4

Writing metrics: /scratch/midway3/rickybao/dreamerv3_runs/adapt_apt_run_seed1/metrics.jsonlWriting metrics: /scratch/midway3/rickybao/dreamerv3_runs/adapt_apt_run_seed1/scores.jsonl


--------------------[Agent Step 222_864]--------------------
Metrics filtered by: 'score|length|fps|ratio|train/loss/|train/rand/'
train/loss/con 0.02 / train/loss/dyn 9.5 / train/loss/height 2.1e-3 / train/loss/orientations 0.22 / train/loss/policy -0.12 / train/loss/rep 9.5 / train/loss/repval 1.19 / train/loss/rew 0.56 / train/loss/value 0.97 / train/loss/velocity 1.81 / replay/replay_ratio 1040 / fps/policy 37.01 / fps/train 3.8e4

Writing metrics: /scratch/midway3/rickybao/dreamerv3_runs/adapt_apt_run_seed1/metrics.jsonlWriting metrics: /scratch/midway3/rickybao/dreamerv3_runs/adapt_apt_run_seed1/scores.jsonl


--------------------[Agent Step 227_312]--------------------
Metrics filtered by: 'score|length|fps|ratio|train/loss/|train/rand/'
episode/score 276.23 / episode/length 1001 / train/loss/con 0.02 / train/loss/dyn 9.52 / train/loss/height 2.2e-3 / train/loss/orientations 0.22 / train/loss/policy -0.11 / train/loss/rep 9.52 / train/loss/repval 1.18 / train/loss/rew 0.56 / train/loss/value 0.96 / train/loss/velocity 1.81 / replay/replay_ratio 1040 / fps/policy 36.93 / fps/train 3.8e4

Writing metrics: /scratch/midway3/rickybao/dreamerv3_runs/adapt_apt_run_seed1/metrics.jsonlWriting metrics: /scratch/midway3/rickybao/dreamerv3_runs/adapt_apt_run_seed1/scores.jsonl


--------------------[Agent Step 231_760]--------------------
Metrics filtered by: 'score|length|fps|ratio|train/loss/|train/rand/'
train/loss/con 0.02 / train/loss/dyn 9.5 / train/loss/height 2.2e-3 / train/loss/orientations 0.22 / train/loss/policy -0.12 / train/loss/rep 9.5 / train/loss/repval 1.16 / train/loss/rew 0.56 / train/loss/value 0.93 / train/loss/velocity 1.81 / replay/replay_ratio 1040 / fps/policy 36.97 / fps/train 3.8e4

Writing metrics: /scratch/midway3/rickybao/dreamerv3_runs/adapt_apt_run_seed1/metrics.jsonlWriting metrics: /scratch/midway3/rickybao/dreamerv3_runs/adapt_apt_run_seed1/scores.jsonl

Saving checkpoint: /scratch/midway3/rickybao/dreamerv3_runs/adapt_apt_run_seed1/ckpt/20260518T150047F700318
Saved checkpoint.

--------------------[Agent Step 236_160]--------------------
Metrics filtered by: 'score|length|fps|ratio|train/loss/|train/rand/'
train/loss/con 0.02 / train/loss/dyn 9.52 / train/loss/height 2.2e-3 / train/loss/orientations 0.22 / train/loss/policy -0.12 / train/loss/rep 9.52 / train/loss/repval 1.14 / train/loss/rew 0.56 / train/loss/value 0.88 / train/loss/velocity 1.82 / replay/replay_ratio 1040 / fps/policy 36.63 / fps/train 3.8e4

Writing metrics: /scratch/midway3/rickybao/dreamerv3_runs/adapt_apt_run_seed1/metrics.jsonlWriting metrics: /scratch/midway3/rickybao/dreamerv3_runs/adapt_apt_run_seed1/scores.jsonl


--------------------[Agent Step 240_608]--------------------
Metrics filtered by: 'score|length|fps|ratio|train/loss/|train/rand/'
episode/score 277 / episode/length 1001 / train/loss/con 0.02 / train/loss/dyn 9.53 / train/loss/height 2.2e-3 / train/loss/orientations 0.22 / train/loss/policy -0.12 / train/loss/rep 9.53 / train/loss/repval 1.1 / train/loss/rew 0.56 / train/loss/value 0.81 / train/loss/velocity 1.82 / replay/replay_ratio 1040 / fps/policy 36.99 / fps/train 3.8e4

Writing metrics: /scratch/midway3/rickybao/dreamerv3_runs/adapt_apt_run_seed1/metrics.jsonlWriting metrics: /scratch/midway3/rickybao/dreamerv3_runs/adapt_apt_run_seed1/scores.jsonl


--------------------[Agent Step 245_040]--------------------
Metrics filtered by: 'score|length|fps|ratio|train/loss/|train/rand/'
train/loss/con 0.02 / train/loss/dyn 9.54 / train/loss/height 2.1e-3 / train/loss/orientations 0.22 / train/loss/policy -0.11 / train/loss/rep 9.54 / train/loss/repval 1.1 / train/loss/rew 0.56 / train/loss/value 0.82 / train/loss/velocity 1.83 / replay/replay_ratio 1040 / fps/policy 36.92 / fps/train 3.8e4

Writing metrics: /scratch/midway3/rickybao/dreamerv3_runs/adapt_apt_run_seed1/metrics.jsonlWriting metrics: /scratch/midway3/rickybao/dreamerv3_runs/adapt_apt_run_seed1/scores.jsonl


--------------------[Agent Step 249_488]--------------------
Metrics filtered by: 'score|length|fps|ratio|train/loss/|train/rand/'
train/loss/con 0.02 / train/loss/dyn 9.55 / train/loss/height 2.2e-3 / train/loss/orientations 0.22 / train/loss/policy -0.12 / train/loss/rep 9.55 / train/loss/repval 1.1 / train/loss/rew 0.56 / train/loss/value 0.81 / train/loss/velocity 1.83 / replay/replay_ratio 1040 / fps/policy 36.99 / fps/train 3.8e4

Writing metrics: /scratch/midway3/rickybao/dreamerv3_runs/adapt_apt_run_seed1/metrics.jsonlWriting metrics: /scratch/midway3/rickybao/dreamerv3_runs/adapt_apt_run_seed1/scores.jsonl

Adaptation finished | End time: Mon May 18 15:08:13 CDT 2026
Logdir: /scratch/midway3/rickybao/dreamerv3_runs/adapt_apt_run_seed1
