==============================
Slurm job started | Job ID: 49738111 | Node: midway3-0278.rcc.local
Start time: Mon May 18 03:14:13 CDT 2026
Frozen-readout adaptation | Cond: p2e | Task: walk | Seed: 2
==============================
PYTHON=/scratch/midway3/rickybao/conda_envs/dreamerv3/bin/python
LOGDIR=/scratch/midway3/rickybao/dreamerv3_runs/adapt_p2e_walk_seed2
Pretrained world model: /scratch/midway3/rickybao/dreamerv3_runs/pretrain_p2e_seed2/ckpt/20260517T222146F753894
GPU check:
Mon May 18 03:14:13 2026       
+---------------------------------------------------------------------------------------+
| NVIDIA-SMI 535.216.03             Driver Version: 535.216.03   CUDA Version: 12.2     |
|-----------------------------------------+----------------------+----------------------+
| GPU  Name                 Persistence-M | Bus-Id        Disp.A | Volatile Uncorr. ECC |
| Fan  Temp   Perf          Pwr:Usage/Cap |         Memory-Usage | GPU-Util  Compute M. |
|                                         |                      |               MIG M. |
|=========================================+======================+======================|
|   0  Tesla V100-PCIE-16GB           On  | 00000000:D8:00.0 Off |                  Off |
| N/A   32C    P0              26W / 250W |      0MiB / 16384MiB |      0%      Default |
|                                         |                      |                  N/A |
+-----------------------------------------+----------------------+----------------------+
                                                                                         
+---------------------------------------------------------------------------------------+
| Processes:                                                                            |
|  GPU   GI   CI        PID   Type   Process name                            GPU Memory |
|        ID   ID                                                             Usage      |
|=======================================================================================|
|  No running processes found                                                           |
+---------------------------------------------------------------------------------------+
Starting frozen-readout adaptation
---  ___                           __   ______ ---
--- |   \ _ _ ___ __ _ _ __  ___ _ \ \ / /__ / ---
--- | |) | '_/ -_) _` | '  \/ -_) '/\ V / |_ \ ---
--- |___/|_| \___\__,_|_|_|_\___|_|  \_/ |___/ ---
Replica: 0 / 1
Logdir: /scratch/midway3/rickybao/dreamerv3_runs/adapt_p2e_walk_seed2
Run script: train
Observations
  reward           Space(float32, shape=(), low=-inf, high=inf)
  is_first         Space(bool, shape=(), low=False, high=True)
  is_last          Space(bool, shape=(), low=False, high=True)
  is_terminal      Space(bool, shape=(), low=False, high=True)
  orientations     Space(float32, shape=(14,), low=-inf, high=inf)
  height           Space(float32, shape=(), low=-inf, high=inf)
  velocity         Space(float32, shape=(9,), low=-inf, high=inf)
Actions
  action           Space(float32, shape=(6,), low=-1.0, high=1.0)
Extras
  consec           Space(int32, shape=(), low=-2147483648, high=2147483647)
  stepid           Space(uint8, shape=(20,), low=0, high=255)
  dyn/deter        Space(float32, shape=(512,), low=-inf, high=inf)
  dyn/stoch        Space(float32, shape=(32, 4), low=-inf, high=inf)
JAX devices (1): [cuda:0]
Policy devices: cuda:0
Train devices:  cuda:0
Initializing parameters...
Optimizer opt has 215,243 params:
        66,111 val
        57,663 rew
        50,316 pol
        41,153 con
Done initializing!
Compiling 1 checkpoint groups...
Largest checkpoint group: 0 GB
Compiling train and report...
Train cost analysis:
  FLOPS:            7.2e+09
  Memory (temp):    2.0e+08
  Memory (inputs):  7.4e+06
  Memory (outputs): 5.9e+06
  Memory (code):    1.5e+06

Report cost analysis:
  FLOPS:            1.9e+06
  Memory (temp):    9.3e+05
  Memory (inputs):  2.8e+06
  Memory (outputs): 2.1e+04
  Memory (code):    9.7e+04

Done compiling!
Loaded pretrained checkpoint with keys: ['dec/mlp/linear0/bias', 'dec/mlp/linear0/kernel', 'dec/mlp/linear1/bias', 'dec/mlp/linear1/kernel', 'dec/mlp/linear2/bias', 'dec/mlp/linear2/kernel', 'dec/mlp/norm0/scale', 'dec/mlp/norm1/scale', 'dec/mlp/norm2/scale', 'dec/vec/height/pred/bias', 'dec/vec/height/pred/kernel', 'dec/vec/orientations/pred/bias', 'dec/vec/orientations/pred/kernel', 'dec/vec/velocity/pred/bias', 'dec/vec/velocity/pred/kernel', 'dyn/dyngru/bias', 'dyn/dyngru/kernel', 'dyn/dynhid0/bias', 'dyn/dynhid0/kernel', 'dyn/dynhid0norm/scale', 'dyn/dynin0/bias', 'dyn/dynin0/kernel', 'dyn/dynin0norm/scale', 'dyn/dynin1/bias', 'dyn/dynin1/kernel', 'dyn/dynin1norm/scale', 'dyn/dynin2/bias', 'dyn/dynin2/kernel', 'dyn/dynin2norm/scale', 'dyn/obs0/bias', 'dyn/obs0/kernel', 'dyn/obs0norm/scale', 'dyn/obslogit/bias', 'dyn/obslogit/kernel', 'dyn/prior0/bias', 'dyn/prior0/kernel', 'dyn/prior0norm/scale', 'dyn/prior1/bias', 'dyn/prior1/kernel', 'dyn/prior1norm/scale', 'dyn/priorlogit/bias', 'dyn/priorlogit/kernel', 'enc/mlp0/bias', 'enc/mlp0/kernel', 'enc/mlp0norm/scale', 'enc/mlp1/bias', 'enc/mlp1/kernel', 'enc/mlp1norm/scale', 'enc/mlp2/bias', 'enc/mlp2/kernel', 'enc/mlp2norm/scale']
Did not find any checkpoint.
Saving checkpoint: /scratch/midway3/rickybao/dreamerv3_runs/adapt_p2e_walk_seed2/ckpt/20260518T031448F184255
Saved checkpoint.
Start training loop

--------------------[Agent Step 6_192]--------------------
Metrics filtered by: 'score|length|fps|ratio|train/loss/|train/rand/'
train/loss/con 0.08 / train/loss/dyn 8.61 / train/loss/height 7.3e-4 / train/loss/orientations 0.07 / train/loss/policy 1.16 / train/loss/rep 8.61 / train/loss/repval 5.02 / train/loss/rew 1.56 / train/loss/value 2.33 / train/loss/velocity 1.03 / replay/replay_ratio 834.33 / fps/policy 50.02 / fps/train 3.4e4

Writing metrics: /scratch/midway3/rickybao/dreamerv3_runs/adapt_p2e_walk_seed2/metrics.jsonlWriting metrics: /scratch/midway3/rickybao/dreamerv3_runs/adapt_p2e_walk_seed2/scores.jsonl


--------------------[Agent Step 10_592]--------------------
Metrics filtered by: 'score|length|fps|ratio|train/loss/|train/rand/'
train/loss/con 0.02 / train/loss/dyn 8.48 / train/loss/height 6.3e-4 / train/loss/orientations 0.07 / train/loss/policy 2.09 / train/loss/rep 8.48 / train/loss/repval 2.15 / train/loss/rew 0.51 / train/loss/value 1.38 / train/loss/velocity 1.02 / replay/replay_ratio 1040 / fps/policy 36.66 / fps/train 3.8e4

Writing metrics: /scratch/midway3/rickybao/dreamerv3_runs/adapt_p2e_walk_seed2/metrics.jsonlWriting metrics: /scratch/midway3/rickybao/dreamerv3_runs/adapt_p2e_walk_seed2/scores.jsonl


--------------------[Agent Step 14_992]--------------------
Metrics filtered by: 'score|length|fps|ratio|train/loss/|train/rand/'
train/loss/con 0.02 / train/loss/dyn 8.33 / train/loss/height 7.1e-4 / train/loss/orientations 0.07 / train/loss/policy 1.38 / train/loss/rep 8.33 / train/loss/repval 1.48 / train/loss/rew 0.56 / train/loss/value 1.16 / train/loss/velocity 1.04 / replay/replay_ratio 1040 / fps/policy 36.59 / fps/train 3.7e4

Writing metrics: /scratch/midway3/rickybao/dreamerv3_runs/adapt_p2e_walk_seed2/metrics.jsonlWriting metrics: /scratch/midway3/rickybao/dreamerv3_runs/adapt_p2e_walk_seed2/scores.jsonl


--------------------[Agent Step 19_392]--------------------
Metrics filtered by: 'score|length|fps|ratio|train/loss/|train/rand/'
episode/score 132.05 / episode/length 1001 / train/loss/con 0.02 / train/loss/dyn 8.54 / train/loss/height 8.7e-4 / train/loss/orientations 0.08 / train/loss/policy 0.33 / train/loss/rep 8.54 / train/loss/repval 1.31 / train/loss/rew 0.59 / train/loss/value 1.09 / train/loss/velocity 1.1 / replay/replay_ratio 1040 / fps/policy 36.62 / fps/train 3.8e4

Writing metrics: /scratch/midway3/rickybao/dreamerv3_runs/adapt_p2e_walk_seed2/metrics.jsonlWriting metrics: /scratch/midway3/rickybao/dreamerv3_runs/adapt_p2e_walk_seed2/scores.jsonl


--------------------[Agent Step 23_744]--------------------
Metrics filtered by: 'score|length|fps|ratio|train/loss/|train/rand/'
train/loss/con 0.02 / train/loss/dyn 8.76 / train/loss/height 1e-3 / train/loss/orientations 0.1 / train/loss/policy 0.15 / train/loss/rep 8.76 / train/loss/repval 1.23 / train/loss/rew 0.61 / train/loss/value 1 / train/loss/velocity 1.16 / replay/replay_ratio 1040 / fps/policy 36.23 / fps/train 3.7e4

Writing metrics: /scratch/midway3/rickybao/dreamerv3_runs/adapt_p2e_walk_seed2/metrics.jsonlWriting metrics: /scratch/midway3/rickybao/dreamerv3_runs/adapt_p2e_walk_seed2/scores.jsonl


--------------------[Agent Step 28_160]--------------------
Metrics filtered by: 'score|length|fps|ratio|train/loss/|train/rand/'
train/loss/con 0.02 / train/loss/dyn 8.85 / train/loss/height 1.1e-3 / train/loss/orientations 0.1 / train/loss/policy 0.07 / train/loss/rep 8.85 / train/loss/repval 1.16 / train/loss/rew 0.62 / train/loss/value 1.02 / train/loss/velocity 1.19 / replay/replay_ratio 1040 / fps/policy 36.72 / fps/train 3.8e4

Writing metrics: /scratch/midway3/rickybao/dreamerv3_runs/adapt_p2e_walk_seed2/metrics.jsonlWriting metrics: /scratch/midway3/rickybao/dreamerv3_runs/adapt_p2e_walk_seed2/scores.jsonl


--------------------[Agent Step 32_576]--------------------
Metrics filtered by: 'score|length|fps|ratio|train/loss/|train/rand/'
episode/score 366.56 / episode/length 1001 / train/loss/con 0.02 / train/loss/dyn 8.93 / train/loss/height 1.2e-3 / train/loss/orientations 0.1 / train/loss/policy 0.03 / train/loss/rep 8.93 / train/loss/repval 1.1 / train/loss/rew 0.62 / train/loss/value 1.01 / train/loss/velocity 1.19 / replay/replay_ratio 1040 / fps/policy 36.67 / fps/train 3.8e4

Writing metrics: /scratch/midway3/rickybao/dreamerv3_runs/adapt_p2e_walk_seed2/metrics.jsonlWriting metrics: /scratch/midway3/rickybao/dreamerv3_runs/adapt_p2e_walk_seed2/scores.jsonl

Saving checkpoint: /scratch/midway3/rickybao/dreamerv3_runs/adapt_p2e_walk_seed2/ckpt/20260518T032950F695885
Saved checkpoint.

--------------------[Agent Step 36_928]--------------------
Metrics filtered by: 'score|length|fps|ratio|train/loss/|train/rand/'
train/loss/con 0.02 / train/loss/dyn 9.07 / train/loss/height 1.5e-3 / train/loss/orientations 0.11 / train/loss/policy -0.04 / train/loss/rep 9.07 / train/loss/repval 1.1 / train/loss/rew 0.63 / train/loss/value 1 / train/loss/velocity 1.21 / replay/replay_ratio 1040 / fps/policy 36.19 / fps/train 3.7e4

Writing metrics: /scratch/midway3/rickybao/dreamerv3_runs/adapt_p2e_walk_seed2/metrics.jsonlWriting metrics: /scratch/midway3/rickybao/dreamerv3_runs/adapt_p2e_walk_seed2/scores.jsonl


--------------------[Agent Step 41_344]--------------------
Metrics filtered by: 'score|length|fps|ratio|train/loss/|train/rand/'
train/loss/con 0.02 / train/loss/dyn 9.19 / train/loss/height 1.7e-3 / train/loss/orientations 0.11 / train/loss/policy -0.07 / train/loss/rep 9.19 / train/loss/repval 1.06 / train/loss/rew 0.62 / train/loss/value 0.98 / train/loss/velocity 1.23 / replay/replay_ratio 1040 / fps/policy 36.75 / fps/train 3.8e4

Writing metrics: /scratch/midway3/rickybao/dreamerv3_runs/adapt_p2e_walk_seed2/metrics.jsonlWriting metrics: /scratch/midway3/rickybao/dreamerv3_runs/adapt_p2e_walk_seed2/scores.jsonl


--------------------[Agent Step 45_760]--------------------
Metrics filtered by: 'score|length|fps|ratio|train/loss/|train/rand/'
train/loss/con 0.02 / train/loss/dyn 9.35 / train/loss/height 1.9e-3 / train/loss/orientations 0.12 / train/loss/policy -0.07 / train/loss/rep 9.35 / train/loss/repval 1.02 / train/loss/rew 0.63 / train/loss/value 0.95 / train/loss/velocity 1.25 / replay/replay_ratio 1040 / fps/policy 36.72 / fps/train 3.8e4

Writing metrics: /scratch/midway3/rickybao/dreamerv3_runs/adapt_p2e_walk_seed2/scores.jsonlWriting metrics: /scratch/midway3/rickybao/dreamerv3_runs/adapt_p2e_walk_seed2/metrics.jsonl


--------------------[Agent Step 50_160]--------------------
Metrics filtered by: 'score|length|fps|ratio|train/loss/|train/rand/'
episode/score 426.35 / episode/length 1001 / train/loss/con 0.02 / train/loss/dyn 9.52 / train/loss/height 2.1e-3 / train/loss/orientations 0.12 / train/loss/policy -0.08 / train/loss/rep 9.52 / train/loss/repval 1.04 / train/loss/rew 0.63 / train/loss/value 1.04 / train/loss/velocity 1.28 / replay/replay_ratio 1040 / fps/policy 36.62 / fps/train 3.7e4

Writing metrics: /scratch/midway3/rickybao/dreamerv3_runs/adapt_p2e_walk_seed2/metrics.jsonlWriting metrics: /scratch/midway3/rickybao/dreamerv3_runs/adapt_p2e_walk_seed2/scores.jsonl


--------------------[Agent Step 54_576]--------------------
Metrics filtered by: 'score|length|fps|ratio|train/loss/|train/rand/'
train/loss/con 0.02 / train/loss/dyn 9.63 / train/loss/height 2.2e-3 / train/loss/orientations 0.13 / train/loss/policy -0.07 / train/loss/rep 9.63 / train/loss/repval 1.11 / train/loss/rew 0.63 / train/loss/value 1.12 / train/loss/velocity 1.3 / replay/replay_ratio 1040 / fps/policy 36.72 / fps/train 3.8e4

Writing metrics: /scratch/midway3/rickybao/dreamerv3_runs/adapt_p2e_walk_seed2/metrics.jsonlWriting metrics: /scratch/midway3/rickybao/dreamerv3_runs/adapt_p2e_walk_seed2/scores.jsonl


--------------------[Agent Step 58_992]--------------------
Metrics filtered by: 'score|length|fps|ratio|train/loss/|train/rand/'
train/loss/con 0.02 / train/loss/dyn 9.68 / train/loss/height 2.3e-3 / train/loss/orientations 0.13 / train/loss/policy -0.07 / train/loss/rep 9.68 / train/loss/repval 1 / train/loss/rew 0.63 / train/loss/value 0.8 / train/loss/velocity 1.31 / replay/replay_ratio 1040 / fps/policy 36.7 / fps/train 3.8e4

Writing metrics: /scratch/midway3/rickybao/dreamerv3_runs/adapt_p2e_walk_seed2/metrics.jsonlWriting metrics: /scratch/midway3/rickybao/dreamerv3_runs/adapt_p2e_walk_seed2/scores.jsonl


--------------------[Agent Step 63_392]--------------------
Metrics filtered by: 'score|length|fps|ratio|train/loss/|train/rand/'
train/loss/con 0.02 / train/loss/dyn 9.69 / train/loss/height 2.5e-3 / train/loss/orientations 0.13 / train/loss/policy -0.1 / train/loss/rep 9.69 / train/loss/repval 0.93 / train/loss/rew 0.62 / train/loss/value 1.01 / train/loss/velocity 1.3 / replay/replay_ratio 1040 / fps/policy 36.64 / fps/train 3.8e4

Writing metrics: /scratch/midway3/rickybao/dreamerv3_runs/adapt_p2e_walk_seed2/metrics.jsonlWriting metrics: /scratch/midway3/rickybao/dreamerv3_runs/adapt_p2e_walk_seed2/scores.jsonl

Saving checkpoint: /scratch/midway3/rickybao/dreamerv3_runs/adapt_p2e_walk_seed2/ckpt/20260518T034451F041721
Saved checkpoint.

--------------------[Agent Step 67_744]--------------------
Metrics filtered by: 'score|length|fps|ratio|train/loss/|train/rand/'
episode/score 458.07 / episode/length 1001 / train/loss/con 0.02 / train/loss/dyn 9.69 / train/loss/height 2.6e-3 / train/loss/orientations 0.14 / train/loss/policy -0.1 / train/loss/rep 9.69 / train/loss/repval 1.14 / train/loss/rew 0.62 / train/loss/value 1.19 / train/loss/velocity 1.3 / replay/replay_ratio 1040 / fps/policy 36.24 / fps/train 3.7e4

Writing metrics: /scratch/midway3/rickybao/dreamerv3_runs/adapt_p2e_walk_seed2/metrics.jsonlWriting metrics: /scratch/midway3/rickybao/dreamerv3_runs/adapt_p2e_walk_seed2/scores.jsonl


--------------------[Agent Step 72_160]--------------------
Metrics filtered by: 'score|length|fps|ratio|train/loss/|train/rand/'
train/loss/con 0.02 / train/loss/dyn 9.68 / train/loss/height 2.7e-3 / train/loss/orientations 0.14 / train/loss/policy -0.09 / train/loss/rep 9.68 / train/loss/repval 1.17 / train/loss/rew 0.62 / train/loss/value 0.84 / train/loss/velocity 1.3 / replay/replay_ratio 1040 / fps/policy 36.72 / fps/train 3.8e4

Writing metrics: /scratch/midway3/rickybao/dreamerv3_runs/adapt_p2e_walk_seed2/metrics.jsonlWriting metrics: /scratch/midway3/rickybao/dreamerv3_runs/adapt_p2e_walk_seed2/scores.jsonl


--------------------[Agent Step 76_576]--------------------
Metrics filtered by: 'score|length|fps|ratio|train/loss/|train/rand/'
train/loss/con 0.02 / train/loss/dyn 9.7 / train/loss/height 2.8e-3 / train/loss/orientations 0.14 / train/loss/policy -0.1 / train/loss/rep 9.7 / train/loss/repval 0.96 / train/loss/rew 0.62 / train/loss/value 0.8 / train/loss/velocity 1.3 / replay/replay_ratio 1040 / fps/policy 36.69 / fps/train 3.8e4

Writing metrics: /scratch/midway3/rickybao/dreamerv3_runs/adapt_p2e_walk_seed2/metrics.jsonlWriting metrics: /scratch/midway3/rickybao/dreamerv3_runs/adapt_p2e_walk_seed2/scores.jsonl


--------------------[Agent Step 80_976]--------------------
Metrics filtered by: 'score|length|fps|ratio|train/loss/|train/rand/'
episode/score 495.2 / episode/length 1001 / train/loss/con 0.02 / train/loss/dyn 9.72 / train/loss/height 2.8e-3 / train/loss/orientations 0.14 / train/loss/policy -0.1 / train/loss/rep 9.72 / train/loss/repval 0.95 / train/loss/rew 0.62 / train/loss/value 1.08 / train/loss/velocity 1.3 / replay/replay_ratio 1040 / fps/policy 36.6 / fps/train 3.7e4

Writing metrics: /scratch/midway3/rickybao/dreamerv3_runs/adapt_p2e_walk_seed2/metrics.jsonlWriting metrics: /scratch/midway3/rickybao/dreamerv3_runs/adapt_p2e_walk_seed2/scores.jsonl


--------------------[Agent Step 85_376]--------------------
Metrics filtered by: 'score|length|fps|ratio|train/loss/|train/rand/'
train/loss/con 0.02 / train/loss/dyn 9.74 / train/loss/height 2.8e-3 / train/loss/orientations 0.14 / train/loss/policy -0.09 / train/loss/rep 9.74 / train/loss/repval 0.95 / train/loss/rew 0.62 / train/loss/value 1.07 / train/loss/velocity 1.3 / replay/replay_ratio 1040 / fps/policy 36.61 / fps/train 3.7e4

Writing metrics: /scratch/midway3/rickybao/dreamerv3_runs/adapt_p2e_walk_seed2/scores.jsonlWriting metrics: /scratch/midway3/rickybao/dreamerv3_runs/adapt_p2e_walk_seed2/metrics.jsonl


--------------------[Agent Step 89_792]--------------------
Metrics filtered by: 'score|length|fps|ratio|train/loss/|train/rand/'
train/loss/con 0.02 / train/loss/dyn 9.76 / train/loss/height 2.9e-3 / train/loss/orientations 0.15 / train/loss/policy -0.09 / train/loss/rep 9.76 / train/loss/repval 0.93 / train/loss/rew 0.62 / train/loss/value 1.06 / train/loss/velocity 1.3 / replay/replay_ratio 1040 / fps/policy 36.7 / fps/train 3.8e4

Writing metrics: /scratch/midway3/rickybao/dreamerv3_runs/adapt_p2e_walk_seed2/scores.jsonlWriting metrics: /scratch/midway3/rickybao/dreamerv3_runs/adapt_p2e_walk_seed2/metrics.jsonl


--------------------[Agent Step 94_192]--------------------
Metrics filtered by: 'score|length|fps|ratio|train/loss/|train/rand/'
train/loss/con 0.02 / train/loss/dyn 9.78 / train/loss/height 2.9e-3 / train/loss/orientations 0.15 / train/loss/policy -0.1 / train/loss/rep 9.78 / train/loss/repval 1.04 / train/loss/rew 0.62 / train/loss/value 1.18 / train/loss/velocity 1.3 / replay/replay_ratio 1040 / fps/policy 36.64 / fps/train 3.8e4

Writing metrics: /scratch/midway3/rickybao/dreamerv3_runs/adapt_p2e_walk_seed2/metrics.jsonlWriting metrics: /scratch/midway3/rickybao/dreamerv3_runs/adapt_p2e_walk_seed2/scores.jsonl


--------------------[Agent Step 98_576]--------------------
Metrics filtered by: 'score|length|fps|ratio|train/loss/|train/rand/'
episode/score 411.59 / episode/length 1001 / train/loss/con 0.02 / train/loss/dyn 9.81 / train/loss/height 2.9e-3 / train/loss/orientations 0.15 / train/loss/policy -0.11 / train/loss/rep 9.81 / train/loss/repval 1.06 / train/loss/rew 0.62 / train/loss/value 1.22 / train/loss/velocity 1.3 / replay/replay_ratio 1040 / fps/policy 36.53 / fps/train 3.7e4

Writing metrics: /scratch/midway3/rickybao/dreamerv3_runs/adapt_p2e_walk_seed2/metrics.jsonlWriting metrics: /scratch/midway3/rickybao/dreamerv3_runs/adapt_p2e_walk_seed2/scores.jsonl

Saving checkpoint: /scratch/midway3/rickybao/dreamerv3_runs/adapt_p2e_walk_seed2/ckpt/20260518T035951F434902
Saved checkpoint.

--------------------[Agent Step 102_928]--------------------
Metrics filtered by: 'score|length|fps|ratio|train/loss/|train/rand/'
train/loss/con 0.02 / train/loss/dyn 9.84 / train/loss/height 3e-3 / train/loss/orientations 0.15 / train/loss/policy -0.12 / train/loss/rep 9.84 / train/loss/repval 1.1 / train/loss/rew 0.62 / train/loss/value 1.26 / train/loss/velocity 1.31 / replay/replay_ratio 1040 / fps/policy 36.25 / fps/train 3.7e4

Writing metrics: /scratch/midway3/rickybao/dreamerv3_runs/adapt_p2e_walk_seed2/metrics.jsonlWriting metrics: /scratch/midway3/rickybao/dreamerv3_runs/adapt_p2e_walk_seed2/scores.jsonl


--------------------[Agent Step 107_328]--------------------
Metrics filtered by: 'score|length|fps|ratio|train/loss/|train/rand/'
train/loss/con 0.02 / train/loss/dyn 9.86 / train/loss/height 3e-3 / train/loss/orientations 0.15 / train/loss/policy -0.12 / train/loss/rep 9.86 / train/loss/repval 1.16 / train/loss/rew 0.62 / train/loss/value 1.27 / train/loss/velocity 1.31 / replay/replay_ratio 1040 / fps/policy 36.65 / fps/train 3.8e4

Writing metrics: /scratch/midway3/rickybao/dreamerv3_runs/adapt_p2e_walk_seed2/metrics.jsonlWriting metrics: /scratch/midway3/rickybao/dreamerv3_runs/adapt_p2e_walk_seed2/scores.jsonl


--------------------[Agent Step 111_728]--------------------
Metrics filtered by: 'score|length|fps|ratio|train/loss/|train/rand/'
train/loss/con 0.02 / train/loss/dyn 9.89 / train/loss/height 3e-3 / train/loss/orientations 0.15 / train/loss/policy -0.12 / train/loss/rep 9.89 / train/loss/repval 1.2 / train/loss/rew 0.62 / train/loss/value 1.26 / train/loss/velocity 1.31 / replay/replay_ratio 1040 / fps/policy 36.59 / fps/train 3.7e4

Writing metrics: /scratch/midway3/rickybao/dreamerv3_runs/adapt_p2e_walk_seed2/metrics.jsonlWriting metrics: /scratch/midway3/rickybao/dreamerv3_runs/adapt_p2e_walk_seed2/scores.jsonl


--------------------[Agent Step 116_112]--------------------
Metrics filtered by: 'score|length|fps|ratio|train/loss/|train/rand/'
episode/score 161.5 / episode/length 1001 / train/loss/con 0.02 / train/loss/dyn 9.92 / train/loss/height 3e-3 / train/loss/orientations 0.16 / train/loss/policy -0.11 / train/loss/rep 9.92 / train/loss/repval 1.2 / train/loss/rew 0.62 / train/loss/value 1.26 / train/loss/velocity 1.31 / replay/replay_ratio 1040 / fps/policy 36.5 / fps/train 3.7e4

Writing metrics: /scratch/midway3/rickybao/dreamerv3_runs/adapt_p2e_walk_seed2/metrics.jsonlWriting metrics: /scratch/midway3/rickybao/dreamerv3_runs/adapt_p2e_walk_seed2/scores.jsonl


--------------------[Agent Step 120_512]--------------------
Metrics filtered by: 'score|length|fps|ratio|train/loss/|train/rand/'
train/loss/con 0.02 / train/loss/dyn 9.98 / train/loss/height 3e-3 / train/loss/orientations 0.16 / train/loss/policy -0.12 / train/loss/rep 9.98 / train/loss/repval 1.2 / train/loss/rew 0.61 / train/loss/value 1.27 / train/loss/velocity 1.32 / replay/replay_ratio 1040 / fps/policy 36.56 / fps/train 3.7e4

Writing metrics: /scratch/midway3/rickybao/dreamerv3_runs/adapt_p2e_walk_seed2/metrics.jsonlWriting metrics: /scratch/midway3/rickybao/dreamerv3_runs/adapt_p2e_walk_seed2/scores.jsonl


--------------------[Agent Step 124_912]--------------------
Metrics filtered by: 'score|length|fps|ratio|train/loss/|train/rand/'
train/loss/con 0.02 / train/loss/dyn 10.03 / train/loss/height 3.1e-3 / train/loss/orientations 0.16 / train/loss/policy -0.12 / train/loss/rep 10.03 / train/loss/repval 1.22 / train/loss/rew 0.61 / train/loss/value 1.27 / train/loss/velocity 1.32 / replay/replay_ratio 1040 / fps/policy 36.62 / fps/train 3.7e4

Writing metrics: /scratch/midway3/rickybao/dreamerv3_runs/adapt_p2e_walk_seed2/metrics.jsonl
Writing metrics: /scratch/midway3/rickybao/dreamerv3_runs/adapt_p2e_walk_seed2/scores.jsonl

--------------------[Agent Step 129_296]--------------------
Metrics filtered by: 'score|length|fps|ratio|train/loss/|train/rand/'
episode/score 500.72 / episode/length 1001 / train/loss/con 0.02 / train/loss/dyn 10.06 / train/loss/height 3.1e-3 / train/loss/orientations 0.16 / train/loss/policy -0.12 / train/loss/rep 10.06 / train/loss/repval 1.22 / train/loss/rew 0.61 / train/loss/value 1.27 / train/loss/velocity 1.32 / replay/replay_ratio 1040 / fps/policy 36.52 / fps/train 3.7e4

Writing metrics: /scratch/midway3/rickybao/dreamerv3_runs/adapt_p2e_walk_seed2/metrics.jsonlWriting metrics: /scratch/midway3/rickybao/dreamerv3_runs/adapt_p2e_walk_seed2/scores.jsonl

Saving checkpoint: /scratch/midway3/rickybao/dreamerv3_runs/adapt_p2e_walk_seed2/ckpt/20260518T041451F634197
Saved checkpoint.

--------------------[Agent Step 133_648]--------------------
Metrics filtered by: 'score|length|fps|ratio|train/loss/|train/rand/'
train/loss/con 0.02 / train/loss/dyn 10.1 / train/loss/height 3.1e-3 / train/loss/orientations 0.17 / train/loss/policy -0.12 / train/loss/rep 10.1 / train/loss/repval 1.19 / train/loss/rew 0.61 / train/loss/value 1.29 / train/loss/velocity 1.33 / replay/replay_ratio 1040 / fps/policy 36.19 / fps/train 3.7e4

Writing metrics: /scratch/midway3/rickybao/dreamerv3_runs/adapt_p2e_walk_seed2/metrics.jsonlWriting metrics: /scratch/midway3/rickybao/dreamerv3_runs/adapt_p2e_walk_seed2/scores.jsonl


--------------------[Agent Step 138_048]--------------------
Metrics filtered by: 'score|length|fps|ratio|train/loss/|train/rand/'
train/loss/con 0.02 / train/loss/dyn 10.12 / train/loss/height 3.1e-3 / train/loss/orientations 0.17 / train/loss/policy -0.12 / train/loss/rep 10.12 / train/loss/repval 1.16 / train/loss/rew 0.61 / train/loss/value 1.29 / train/loss/velocity 1.33 / replay/replay_ratio 1040 / fps/policy 36.62 / fps/train 3.7e4

Writing metrics: /scratch/midway3/rickybao/dreamerv3_runs/adapt_p2e_walk_seed2/metrics.jsonlWriting metrics: /scratch/midway3/rickybao/dreamerv3_runs/adapt_p2e_walk_seed2/scores.jsonl


--------------------[Agent Step 142_448]--------------------
Metrics filtered by: 'score|length|fps|ratio|train/loss/|train/rand/'
train/loss/con 0.02 / train/loss/dyn 10.15 / train/loss/height 3.2e-3 / train/loss/orientations 0.17 / train/loss/policy -0.13 / train/loss/rep 10.15 / train/loss/repval 1.17 / train/loss/rew 0.61 / train/loss/value 1.3 / train/loss/velocity 1.33 / replay/replay_ratio 1040 / fps/policy 36.59 / fps/train 3.7e4

Writing metrics: /scratch/midway3/rickybao/dreamerv3_runs/adapt_p2e_walk_seed2/metrics.jsonlWriting metrics: /scratch/midway3/rickybao/dreamerv3_runs/adapt_p2e_walk_seed2/scores.jsonl


--------------------[Agent Step 146_832]--------------------
Metrics filtered by: 'score|length|fps|ratio|train/loss/|train/rand/'
episode/score 511.44 / episode/length 1001 / train/loss/con 0.02 / train/loss/dyn 10.17 / train/loss/height 3.2e-3 / train/loss/orientations 0.17 / train/loss/policy -0.13 / train/loss/rep 10.17 / train/loss/repval 1.17 / train/loss/rew 0.61 / train/loss/value 1.3 / train/loss/velocity 1.33 / replay/replay_ratio 1040 / fps/policy 36.46 / fps/train 3.7e4

Writing metrics: /scratch/midway3/rickybao/dreamerv3_runs/adapt_p2e_walk_seed2/scores.jsonlWriting metrics: /scratch/midway3/rickybao/dreamerv3_runs/adapt_p2e_walk_seed2/metrics.jsonl


--------------------[Agent Step 151_232]--------------------
Metrics filtered by: 'score|length|fps|ratio|train/loss/|train/rand/'
train/loss/con 0.02 / train/loss/dyn 10.2 / train/loss/height 3.3e-3 / train/loss/orientations 0.17 / train/loss/policy -0.13 / train/loss/rep 10.2 / train/loss/repval 1.19 / train/loss/rew 0.61 / train/loss/value 1.3 / train/loss/velocity 1.34 / replay/replay_ratio 1040 / fps/policy 36.61 / fps/train 3.7e4

Writing metrics: /scratch/midway3/rickybao/dreamerv3_runs/adapt_p2e_walk_seed2/metrics.jsonlWriting metrics: /scratch/midway3/rickybao/dreamerv3_runs/adapt_p2e_walk_seed2/scores.jsonl


--------------------[Agent Step 155_632]--------------------
Metrics filtered by: 'score|length|fps|ratio|train/loss/|train/rand/'
train/loss/con 0.02 / train/loss/dyn 10.22 / train/loss/height 3.3e-3 / train/loss/orientations 0.17 / train/loss/policy -0.13 / train/loss/rep 10.22 / train/loss/repval 1.2 / train/loss/rew 0.61 / train/loss/value 1.3 / train/loss/velocity 1.34 / replay/replay_ratio 1040 / fps/policy 36.6 / fps/train 3.7e4

Writing metrics: /scratch/midway3/rickybao/dreamerv3_runs/adapt_p2e_walk_seed2/scores.jsonlWriting metrics: /scratch/midway3/rickybao/dreamerv3_runs/adapt_p2e_walk_seed2/metrics.jsonl


--------------------[Agent Step 160_032]--------------------
Metrics filtered by: 'score|length|fps|ratio|train/loss/|train/rand/'
train/loss/con 0.02 / train/loss/dyn 10.22 / train/loss/height 3.3e-3 / train/loss/orientations 0.17 / train/loss/policy -0.13 / train/loss/rep 10.22 / train/loss/repval 1.21 / train/loss/rew 0.61 / train/loss/value 1.29 / train/loss/velocity 1.34 / replay/replay_ratio 1040 / fps/policy 36.53 / fps/train 3.7e4

Writing metrics: /scratch/midway3/rickybao/dreamerv3_runs/adapt_p2e_walk_seed2/metrics.jsonlWriting metrics: /scratch/midway3/rickybao/dreamerv3_runs/adapt_p2e_walk_seed2/scores.jsonl


--------------------[Agent Step 164_416]--------------------
Metrics filtered by: 'score|length|fps|ratio|train/loss/|train/rand/'
episode/score 134.28 / episode/length 1001 / train/loss/con 0.02 / train/loss/dyn 10.24 / train/loss/height 3.3e-3 / train/loss/orientations 0.17 / train/loss/policy -0.13 / train/loss/rep 10.24 / train/loss/repval 1.22 / train/loss/rew 0.61 / train/loss/value 1.29 / train/loss/velocity 1.34 / replay/replay_ratio 1040 / fps/policy 36.44 / fps/train 3.7e4

Writing metrics: /scratch/midway3/rickybao/dreamerv3_runs/adapt_p2e_walk_seed2/metrics.jsonlWriting metrics: /scratch/midway3/rickybao/dreamerv3_runs/adapt_p2e_walk_seed2/scores.jsonl

Saving checkpoint: /scratch/midway3/rickybao/dreamerv3_runs/adapt_p2e_walk_seed2/ckpt/20260518T042951F927419
Saved checkpoint.

--------------------[Agent Step 168_768]--------------------
Metrics filtered by: 'score|length|fps|ratio|train/loss/|train/rand/'
train/loss/con 0.02 / train/loss/dyn 10.26 / train/loss/height 3.3e-3 / train/loss/orientations 0.17 / train/loss/policy -0.13 / train/loss/rep 10.26 / train/loss/repval 1.23 / train/loss/rew 0.61 / train/loss/value 1.29 / train/loss/velocity 1.34 / replay/replay_ratio 1040 / fps/policy 36.2 / fps/train 3.7e4

Writing metrics: /scratch/midway3/rickybao/dreamerv3_runs/adapt_p2e_walk_seed2/scores.jsonlWriting metrics: /scratch/midway3/rickybao/dreamerv3_runs/adapt_p2e_walk_seed2/metrics.jsonl


--------------------[Agent Step 173_168]--------------------
Metrics filtered by: 'score|length|fps|ratio|train/loss/|train/rand/'
train/loss/con 0.02 / train/loss/dyn 10.29 / train/loss/height 3.4e-3 / train/loss/orientations 0.17 / train/loss/policy -0.13 / train/loss/rep 10.29 / train/loss/repval 1.24 / train/loss/rew 0.61 / train/loss/value 1.29 / train/loss/velocity 1.34 / replay/replay_ratio 1040 / fps/policy 36.57 / fps/train 3.7e4

Writing metrics: /scratch/midway3/rickybao/dreamerv3_runs/adapt_p2e_walk_seed2/metrics.jsonlWriting metrics: /scratch/midway3/rickybao/dreamerv3_runs/adapt_p2e_walk_seed2/scores.jsonl


--------------------[Agent Step 177_552]--------------------
Metrics filtered by: 'score|length|fps|ratio|train/loss/|train/rand/'
episode/score 537.59 / episode/length 1001 / train/loss/con 0.02 / train/loss/dyn 10.29 / train/loss/height 3.4e-3 / train/loss/orientations 0.17 / train/loss/policy -0.13 / train/loss/rep 10.29 / train/loss/repval 1.25 / train/loss/rew 0.6 / train/loss/value 1.29 / train/loss/velocity 1.34 / replay/replay_ratio 1040 / fps/policy 36.46 / fps/train 3.7e4

Writing metrics: /scratch/midway3/rickybao/dreamerv3_runs/adapt_p2e_walk_seed2/scores.jsonlWriting metrics: /scratch/midway3/rickybao/dreamerv3_runs/adapt_p2e_walk_seed2/metrics.jsonl


--------------------[Agent Step 181_936]--------------------
Metrics filtered by: 'score|length|fps|ratio|train/loss/|train/rand/'
train/loss/con 0.02 / train/loss/dyn 10.3 / train/loss/height 3.4e-3 / train/loss/orientations 0.17 / train/loss/policy -0.12 / train/loss/rep 10.3 / train/loss/repval 1.24 / train/loss/rew 0.6 / train/loss/value 1.29 / train/loss/velocity 1.34 / replay/replay_ratio 1040 / fps/policy 36.49 / fps/train 3.7e4

Writing metrics: /scratch/midway3/rickybao/dreamerv3_runs/adapt_p2e_walk_seed2/metrics.jsonlWriting metrics: /scratch/midway3/rickybao/dreamerv3_runs/adapt_p2e_walk_seed2/scores.jsonl


--------------------[Agent Step 186_336]--------------------
Metrics filtered by: 'score|length|fps|ratio|train/loss/|train/rand/'
train/loss/con 0.02 / train/loss/dyn 10.31 / train/loss/height 3.4e-3 / train/loss/orientations 0.17 / train/loss/policy -0.13 / train/loss/rep 10.31 / train/loss/repval 1.24 / train/loss/rew 0.6 / train/loss/value 1.29 / train/loss/velocity 1.34 / replay/replay_ratio 1040 / fps/policy 36.57 / fps/train 3.7e4

Writing metrics: /scratch/midway3/rickybao/dreamerv3_runs/adapt_p2e_walk_seed2/metrics.jsonlWriting metrics: /scratch/midway3/rickybao/dreamerv3_runs/adapt_p2e_walk_seed2/scores.jsonl


--------------------[Agent Step 190_736]--------------------
Metrics filtered by: 'score|length|fps|ratio|train/loss/|train/rand/'
train/loss/con 0.02 / train/loss/dyn 10.33 / train/loss/height 3.4e-3 / train/loss/orientations 0.17 / train/loss/policy -0.13 / train/loss/rep 10.33 / train/loss/repval 1.25 / train/loss/rew 0.6 / train/loss/value 1.29 / train/loss/velocity 1.34 / replay/replay_ratio 1040 / fps/policy 36.55 / fps/train 3.7e4

Writing metrics: /scratch/midway3/rickybao/dreamerv3_runs/adapt_p2e_walk_seed2/metrics.jsonlWriting metrics: /scratch/midway3/rickybao/dreamerv3_runs/adapt_p2e_walk_seed2/scores.jsonl


--------------------[Agent Step 195_120]--------------------
Metrics filtered by: 'score|length|fps|ratio|train/loss/|train/rand/'
episode/score 389.45 / episode/length 1001 / train/loss/con 0.02 / train/loss/dyn 10.33 / train/loss/height 3.4e-3 / train/loss/orientations 0.17 / train/loss/policy -0.13 / train/loss/rep 10.33 / train/loss/repval 1.25 / train/loss/rew 0.6 / train/loss/value 1.29 / train/loss/velocity 1.34 / replay/replay_ratio 1040 / fps/policy 36.4 / fps/train 3.7e4

Writing metrics: /scratch/midway3/rickybao/dreamerv3_runs/adapt_p2e_walk_seed2/metrics.jsonlWriting metrics: /scratch/midway3/rickybao/dreamerv3_runs/adapt_p2e_walk_seed2/scores.jsonl

Saving checkpoint: /scratch/midway3/rickybao/dreamerv3_runs/adapt_p2e_walk_seed2/ckpt/20260518T044451F968969
Saved checkpoint.

--------------------[Agent Step 199_456]--------------------
Metrics filtered by: 'score|length|fps|ratio|train/loss/|train/rand/'
train/loss/con 0.02 / train/loss/dyn 10.35 / train/loss/height 3.4e-3 / train/loss/orientations 0.18 / train/loss/policy -0.13 / train/loss/rep 10.35 / train/loss/repval 1.26 / train/loss/rew 0.6 / train/loss/value 1.29 / train/loss/velocity 1.34 / replay/replay_ratio 1040 / fps/policy 36.12 / fps/train 3.7e4

Writing metrics: /scratch/midway3/rickybao/dreamerv3_runs/adapt_p2e_walk_seed2/metrics.jsonlWriting metrics: /scratch/midway3/rickybao/dreamerv3_runs/adapt_p2e_walk_seed2/scores.jsonl


--------------------[Agent Step 203_856]--------------------
Metrics filtered by: 'score|length|fps|ratio|train/loss/|train/rand/'
train/loss/con 0.02 / train/loss/dyn 10.35 / train/loss/height 3.4e-3 / train/loss/orientations 0.18 / train/loss/policy -0.13 / train/loss/rep 10.35 / train/loss/repval 1.25 / train/loss/rew 0.6 / train/loss/value 1.29 / train/loss/velocity 1.34 / replay/replay_ratio 1040 / fps/policy 36.55 / fps/train 3.7e4

Writing metrics: /scratch/midway3/rickybao/dreamerv3_runs/adapt_p2e_walk_seed2/metrics.jsonlWriting metrics: /scratch/midway3/rickybao/dreamerv3_runs/adapt_p2e_walk_seed2/scores.jsonl


--------------------[Agent Step 208_240]--------------------
Metrics filtered by: 'score|length|fps|ratio|train/loss/|train/rand/'
episode/score 457.3 / episode/length 1001 / train/loss/con 0.02 / train/loss/dyn 10.37 / train/loss/height 3.4e-3 / train/loss/orientations 0.18 / train/loss/policy -0.14 / train/loss/rep 10.37 / train/loss/repval 1.26 / train/loss/rew 0.6 / train/loss/value 1.29 / train/loss/velocity 1.34 / replay/replay_ratio 1040 / fps/policy 36.5 / fps/train 3.7e4

Writing metrics: /scratch/midway3/rickybao/dreamerv3_runs/adapt_p2e_walk_seed2/metrics.jsonlWriting metrics: /scratch/midway3/rickybao/dreamerv3_runs/adapt_p2e_walk_seed2/scores.jsonl


--------------------[Agent Step 212_608]--------------------
Metrics filtered by: 'score|length|fps|ratio|train/loss/|train/rand/'
train/loss/con 0.02 / train/loss/dyn 10.38 / train/loss/height 3.4e-3 / train/loss/orientations 0.18 / train/loss/policy -0.14 / train/loss/rep 10.38 / train/loss/repval 1.26 / train/loss/rew 0.6 / train/loss/value 1.29 / train/loss/velocity 1.34 / replay/replay_ratio 1040 / fps/policy 36.38 / fps/train 3.7e4

Writing metrics: /scratch/midway3/rickybao/dreamerv3_runs/adapt_p2e_walk_seed2/metrics.jsonlWriting metrics: /scratch/midway3/rickybao/dreamerv3_runs/adapt_p2e_walk_seed2/scores.jsonl


--------------------[Agent Step 216_992]--------------------
Metrics filtered by: 'score|length|fps|ratio|train/loss/|train/rand/'
train/loss/con 0.02 / train/loss/dyn 10.39 / train/loss/height 3.4e-3 / train/loss/orientations 0.18 / train/loss/policy -0.13 / train/loss/rep 10.39 / train/loss/repval 1.26 / train/loss/rew 0.6 / train/loss/value 1.29 / train/loss/velocity 1.34 / replay/replay_ratio 1040 / fps/policy 36.46 / fps/train 3.7e4

Writing metrics: /scratch/midway3/rickybao/dreamerv3_runs/adapt_p2e_walk_seed2/scores.jsonlWriting metrics: /scratch/midway3/rickybao/dreamerv3_runs/adapt_p2e_walk_seed2/metrics.jsonl


--------------------[Agent Step 221_392]--------------------
Metrics filtered by: 'score|length|fps|ratio|train/loss/|train/rand/'
train/loss/con 0.02 / train/loss/dyn 10.4 / train/loss/height 3.4e-3 / train/loss/orientations 0.18 / train/loss/policy -0.14 / train/loss/rep 10.4 / train/loss/repval 1.26 / train/loss/rew 0.6 / train/loss/value 1.29 / train/loss/velocity 1.34 / replay/replay_ratio 1040 / fps/policy 36.54 / fps/train 3.7e4

Writing metrics: /scratch/midway3/rickybao/dreamerv3_runs/adapt_p2e_walk_seed2/metrics.jsonlWriting metrics: /scratch/midway3/rickybao/dreamerv3_runs/adapt_p2e_walk_seed2/scores.jsonl


--------------------[Agent Step 225_776]--------------------
Metrics filtered by: 'score|length|fps|ratio|train/loss/|train/rand/'
episode/score 460.5 / episode/length 1001 / train/loss/con 0.02 / train/loss/dyn 10.41 / train/loss/height 3.4e-3 / train/loss/orientations 0.18 / train/loss/policy -0.14 / train/loss/rep 10.41 / train/loss/repval 1.26 / train/loss/rew 0.6 / train/loss/value 1.3 / train/loss/velocity 1.34 / replay/replay_ratio 1040 / fps/policy 36.52 / fps/train 3.7e4

Writing metrics: /scratch/midway3/rickybao/dreamerv3_runs/adapt_p2e_walk_seed2/metrics.jsonlWriting metrics: /scratch/midway3/rickybao/dreamerv3_runs/adapt_p2e_walk_seed2/scores.jsonl


--------------------[Agent Step 230_192]--------------------
Metrics filtered by: 'score|length|fps|ratio|train/loss/|train/rand/'
train/loss/con 0.02 / train/loss/dyn 10.41 / train/loss/height 3.4e-3 / train/loss/orientations 0.18 / train/loss/policy -0.14 / train/loss/rep 10.41 / train/loss/repval 1.26 / train/loss/rew 0.6 / train/loss/value 1.3 / train/loss/velocity 1.34 / replay/replay_ratio 1040 / fps/policy 36.7 / fps/train 3.8e4

Writing metrics: /scratch/midway3/rickybao/dreamerv3_runs/adapt_p2e_walk_seed2/metrics.jsonlWriting metrics: /scratch/midway3/rickybao/dreamerv3_runs/adapt_p2e_walk_seed2/scores.jsonl

Saving checkpoint: /scratch/midway3/rickybao/dreamerv3_runs/adapt_p2e_walk_seed2/ckpt/20260518T045952F192731
Saved checkpoint.

--------------------[Agent Step 234_576]--------------------
Metrics filtered by: 'score|length|fps|ratio|train/loss/|train/rand/'
train/loss/con 0.02 / train/loss/dyn 10.42 / train/loss/height 3.4e-3 / train/loss/orientations 0.18 / train/loss/policy -0.14 / train/loss/rep 10.42 / train/loss/repval 1.27 / train/loss/rew 0.6 / train/loss/value 1.29 / train/loss/velocity 1.34 / replay/replay_ratio 1040 / fps/policy 36.46 / fps/train 3.7e4

Writing metrics: /scratch/midway3/rickybao/dreamerv3_runs/adapt_p2e_walk_seed2/metrics.jsonlWriting metrics: /scratch/midway3/rickybao/dreamerv3_runs/adapt_p2e_walk_seed2/scores.jsonl


--------------------[Agent Step 239_008]--------------------
Metrics filtered by: 'score|length|fps|ratio|train/loss/|train/rand/'
train/loss/con 0.02 / train/loss/dyn 10.42 / train/loss/height 3.4e-3 / train/loss/orientations 0.18 / train/loss/policy -0.14 / train/loss/rep 10.42 / train/loss/repval 1.28 / train/loss/rew 0.6 / train/loss/value 1.28 / train/loss/velocity 1.34 / replay/replay_ratio 1040 / fps/policy 36.84 / fps/train 3.8e4

Writing metrics: /scratch/midway3/rickybao/dreamerv3_runs/adapt_p2e_walk_seed2/scores.jsonlWriting metrics: /scratch/midway3/rickybao/dreamerv3_runs/adapt_p2e_walk_seed2/metrics.jsonl


--------------------[Agent Step 243_424]--------------------
Metrics filtered by: 'score|length|fps|ratio|train/loss/|train/rand/'
episode/score 489.64 / episode/length 1001 / train/loss/con 0.02 / train/loss/dyn 10.44 / train/loss/height 3.4e-3 / train/loss/orientations 0.18 / train/loss/policy -0.14 / train/loss/rep 10.44 / train/loss/repval 1.28 / train/loss/rew 0.6 / train/loss/value 1.28 / train/loss/velocity 1.34 / replay/replay_ratio 1040 / fps/policy 36.7 / fps/train 3.8e4

Writing metrics: /scratch/midway3/rickybao/dreamerv3_runs/adapt_p2e_walk_seed2/metrics.jsonl
Writing metrics: /scratch/midway3/rickybao/dreamerv3_runs/adapt_p2e_walk_seed2/scores.jsonl

--------------------[Agent Step 247_840]--------------------
Metrics filtered by: 'score|length|fps|ratio|train/loss/|train/rand/'
train/loss/con 0.02 / train/loss/dyn 10.44 / train/loss/height 3.4e-3 / train/loss/orientations 0.18 / train/loss/policy -0.14 / train/loss/rep 10.44 / train/loss/repval 1.28 / train/loss/rew 0.6 / train/loss/value 1.28 / train/loss/velocity 1.34 / replay/replay_ratio 1040 / fps/policy 36.78 / fps/train 3.8e4

Writing metrics: /scratch/midway3/rickybao/dreamerv3_runs/adapt_p2e_walk_seed2/metrics.jsonlWriting metrics: /scratch/midway3/rickybao/dreamerv3_runs/adapt_p2e_walk_seed2/scores.jsonl

Adaptation finished | End time: Mon May 18 05:08:02 CDT 2026
Logdir: /scratch/midway3/rickybao/dreamerv3_runs/adapt_p2e_walk_seed2
