==============================
Slurm job started | Job ID: 49737738 | Node: midway3-0281.rcc.local
Start time: Mon May 18 01:35:34 CDT 2026
Frozen-readout adaptation | Cond: random | Task: stand | Seed: 2
==============================
PYTHON=/scratch/midway3/rickybao/conda_envs/dreamerv3/bin/python
LOGDIR=/scratch/midway3/rickybao/dreamerv3_runs/adapt_random_stand_seed2
Pretrained world model: /scratch/midway3/rickybao/dreamerv3_runs/pretrain_random_seed2/ckpt/20260517T204407F604304
GPU check:
Mon May 18 01:35:34 2026       
+---------------------------------------------------------------------------------------+
| NVIDIA-SMI 535.216.03             Driver Version: 535.216.03   CUDA Version: 12.2     |
|-----------------------------------------+----------------------+----------------------+
| GPU  Name                 Persistence-M | Bus-Id        Disp.A | Volatile Uncorr. ECC |
| Fan  Temp   Perf          Pwr:Usage/Cap |         Memory-Usage | GPU-Util  Compute M. |
|                                         |                      |               MIG M. |
|=========================================+======================+======================|
|   0  Tesla V100-PCIE-16GB           On  | 00000000:06:00.0 Off |                  Off |
| N/A   39C    P0              39W / 250W |      0MiB / 16384MiB |      0%      Default |
|                                         |                      |                  N/A |
+-----------------------------------------+----------------------+----------------------+
                                                                                         
+---------------------------------------------------------------------------------------+
| Processes:                                                                            |
|  GPU   GI   CI        PID   Type   Process name                            GPU Memory |
|        ID   ID                                                             Usage      |
|=======================================================================================|
|  No running processes found                                                           |
+---------------------------------------------------------------------------------------+
Starting frozen-readout adaptation
---  ___                           __   ______ ---
--- |   \ _ _ ___ __ _ _ __  ___ _ \ \ / /__ / ---
--- | |) | '_/ -_) _` | '  \/ -_) '/\ V / |_ \ ---
--- |___/|_| \___\__,_|_|_|_\___|_|  \_/ |___/ ---
Replica: 0 / 1
Logdir: /scratch/midway3/rickybao/dreamerv3_runs/adapt_random_stand_seed2
Run script: train
Observations
  reward           Space(float32, shape=(), low=-inf, high=inf)
  is_first         Space(bool, shape=(), low=False, high=True)
  is_last          Space(bool, shape=(), low=False, high=True)
  is_terminal      Space(bool, shape=(), low=False, high=True)
  orientations     Space(float32, shape=(14,), low=-inf, high=inf)
  height           Space(float32, shape=(), low=-inf, high=inf)
  velocity         Space(float32, shape=(9,), low=-inf, high=inf)
Actions
  action           Space(float32, shape=(6,), low=-1.0, high=1.0)
Extras
  consec           Space(int32, shape=(), low=-2147483648, high=2147483647)
  stepid           Space(uint8, shape=(20,), low=0, high=255)
  dyn/deter        Space(float32, shape=(512,), low=-inf, high=inf)
  dyn/stoch        Space(float32, shape=(32, 4), low=-inf, high=inf)
JAX devices (1): [cuda:0]
Policy devices: cuda:0
Train devices:  cuda:0
Initializing parameters...
Optimizer opt has 215,243 params:
        66,111 val
        57,663 rew
        50,316 pol
        41,153 con
Done initializing!
Compiling 1 checkpoint groups...
Largest checkpoint group: 0 GB
Compiling train and report...
Train cost analysis:
  FLOPS:            7.2e+09
  Memory (temp):    2.0e+08
  Memory (inputs):  7.4e+06
  Memory (outputs): 5.9e+06
  Memory (code):    1.5e+06

Report cost analysis:
  FLOPS:            1.9e+06
  Memory (temp):    9.3e+05
  Memory (inputs):  2.8e+06
  Memory (outputs): 2.1e+04
  Memory (code):    9.7e+04

Done compiling!
Loaded pretrained checkpoint with keys: ['dec/mlp/linear0/bias', 'dec/mlp/linear0/kernel', 'dec/mlp/linear1/bias', 'dec/mlp/linear1/kernel', 'dec/mlp/linear2/bias', 'dec/mlp/linear2/kernel', 'dec/mlp/norm0/scale', 'dec/mlp/norm1/scale', 'dec/mlp/norm2/scale', 'dec/vec/height/pred/bias', 'dec/vec/height/pred/kernel', 'dec/vec/orientations/pred/bias', 'dec/vec/orientations/pred/kernel', 'dec/vec/velocity/pred/bias', 'dec/vec/velocity/pred/kernel', 'dyn/dyngru/bias', 'dyn/dyngru/kernel', 'dyn/dynhid0/bias', 'dyn/dynhid0/kernel', 'dyn/dynhid0norm/scale', 'dyn/dynin0/bias', 'dyn/dynin0/kernel', 'dyn/dynin0norm/scale', 'dyn/dynin1/bias', 'dyn/dynin1/kernel', 'dyn/dynin1norm/scale', 'dyn/dynin2/bias', 'dyn/dynin2/kernel', 'dyn/dynin2norm/scale', 'dyn/obs0/bias', 'dyn/obs0/kernel', 'dyn/obs0norm/scale', 'dyn/obslogit/bias', 'dyn/obslogit/kernel', 'dyn/prior0/bias', 'dyn/prior0/kernel', 'dyn/prior0norm/scale', 'dyn/prior1/bias', 'dyn/prior1/kernel', 'dyn/prior1norm/scale', 'dyn/priorlogit/bias', 'dyn/priorlogit/kernel', 'enc/mlp0/bias', 'enc/mlp0/kernel', 'enc/mlp0norm/scale', 'enc/mlp1/bias', 'enc/mlp1/kernel', 'enc/mlp1norm/scale', 'enc/mlp2/bias', 'enc/mlp2/kernel', 'enc/mlp2norm/scale']
Did not find any checkpoint.
Saving checkpoint: /scratch/midway3/rickybao/dreamerv3_runs/adapt_random_stand_seed2/ckpt/20260518T013621F873895
Saved checkpoint.
Start training loop

--------------------[Agent Step 6_224]--------------------
Metrics filtered by: 'score|length|fps|ratio|train/loss/|train/rand/'
train/loss/con 0.08 / train/loss/dyn 6.92 / train/loss/height 7e-4 / train/loss/orientations 0.09 / train/loss/policy 3.58 / train/loss/rep 6.92 / train/loss/repval 5.85 / train/loss/rew 1.71 / train/loss/value 3.07 / train/loss/velocity 0.87 / replay/replay_ratio 835.6 / fps/policy 50.13 / fps/train 3.4e4

Writing metrics: /scratch/midway3/rickybao/dreamerv3_runs/adapt_random_stand_seed2/metrics.jsonl
Writing metrics: /scratch/midway3/rickybao/dreamerv3_runs/adapt_random_stand_seed2/scores.jsonl

--------------------[Agent Step 10_640]--------------------
Metrics filtered by: 'score|length|fps|ratio|train/loss/|train/rand/'
train/loss/con 0.02 / train/loss/dyn 7.76 / train/loss/height 8.3e-4 / train/loss/orientations 0.2 / train/loss/policy 4.28 / train/loss/rep 7.76 / train/loss/repval 2.84 / train/loss/rew 0.54 / train/loss/value 1.7 / train/loss/velocity 1.16 / replay/replay_ratio 1040 / fps/policy 36.73 / fps/train 3.8e4

Writing metrics: /scratch/midway3/rickybao/dreamerv3_runs/adapt_random_stand_seed2/metrics.jsonlWriting metrics: /scratch/midway3/rickybao/dreamerv3_runs/adapt_random_stand_seed2/scores.jsonl


--------------------[Agent Step 15_056]--------------------
Metrics filtered by: 'score|length|fps|ratio|train/loss/|train/rand/'
train/loss/con 0.02 / train/loss/dyn 8.14 / train/loss/height 1.2e-3 / train/loss/orientations 0.24 / train/loss/policy 2.59 / train/loss/rep 8.14 / train/loss/repval 1.43 / train/loss/rew 0.51 / train/loss/value 1.02 / train/loss/velocity 1.28 / replay/replay_ratio 1040 / fps/policy 36.73 / fps/train 3.8e4

Writing metrics: /scratch/midway3/rickybao/dreamerv3_runs/adapt_random_stand_seed2/metrics.jsonlWriting metrics: /scratch/midway3/rickybao/dreamerv3_runs/adapt_random_stand_seed2/scores.jsonl


--------------------[Agent Step 19_472]--------------------
Metrics filtered by: 'score|length|fps|ratio|train/loss/|train/rand/'
episode/score 132.22 / episode/length 1001 / train/loss/con 0.02 / train/loss/dyn 8.44 / train/loss/height 1.8e-3 / train/loss/orientations 0.26 / train/loss/policy 0.91 / train/loss/rep 8.44 / train/loss/repval 1.09 / train/loss/rew 0.51 / train/loss/value 0.93 / train/loss/velocity 1.38 / replay/replay_ratio 1040 / fps/policy 36.69 / fps/train 3.8e4

Writing metrics: /scratch/midway3/rickybao/dreamerv3_runs/adapt_random_stand_seed2/metrics.jsonl
Writing metrics: /scratch/midway3/rickybao/dreamerv3_runs/adapt_random_stand_seed2/scores.jsonl

--------------------[Agent Step 23_824]--------------------
Metrics filtered by: 'score|length|fps|ratio|train/loss/|train/rand/'
train/loss/con 0.02 / train/loss/dyn 9.43 / train/loss/height 2.9e-3 / train/loss/orientations 0.4 / train/loss/policy 0.35 / train/loss/rep 9.43 / train/loss/repval 0.99 / train/loss/rew 0.53 / train/loss/value 0.85 / train/loss/velocity 1.63 / replay/replay_ratio 1040 / fps/policy 36.23 / fps/train 3.7e4

Writing metrics: /scratch/midway3/rickybao/dreamerv3_runs/adapt_random_stand_seed2/metrics.jsonlWriting metrics: /scratch/midway3/rickybao/dreamerv3_runs/adapt_random_stand_seed2/scores.jsonl


--------------------[Agent Step 28_240]--------------------
Metrics filtered by: 'score|length|fps|ratio|train/loss/|train/rand/'
train/loss/con 0.02 / train/loss/dyn 10.21 / train/loss/height 3.9e-3 / train/loss/orientations 0.57 / train/loss/policy -0.13 / train/loss/rep 10.21 / train/loss/repval 0.97 / train/loss/rew 0.55 / train/loss/value 0.8 / train/loss/velocity 1.83 / replay/replay_ratio 1040 / fps/policy 36.74 / fps/train 3.8e4

Writing metrics: /scratch/midway3/rickybao/dreamerv3_runs/adapt_random_stand_seed2/metrics.jsonlWriting metrics: /scratch/midway3/rickybao/dreamerv3_runs/adapt_random_stand_seed2/scores.jsonl


--------------------[Agent Step 32_656]--------------------
Metrics filtered by: 'score|length|fps|ratio|train/loss/|train/rand/'
episode/score 266.74 / episode/length 1001 / train/loss/con 0.02 / train/loss/dyn 10.88 / train/loss/height 4.7e-3 / train/loss/orientations 0.71 / train/loss/policy -0.33 / train/loss/rep 10.88 / train/loss/repval 1.03 / train/loss/rew 0.56 / train/loss/value 0.95 / train/loss/velocity 1.97 / replay/replay_ratio 1040 / fps/policy 36.71 / fps/train 3.8e4

Writing metrics: /scratch/midway3/rickybao/dreamerv3_runs/adapt_random_stand_seed2/metrics.jsonl
Writing metrics: /scratch/midway3/rickybao/dreamerv3_runs/adapt_random_stand_seed2/scores.jsonl
Saving checkpoint: /scratch/midway3/rickybao/dreamerv3_runs/adapt_random_stand_seed2/ckpt/20260518T015124F144280
Saved checkpoint.

--------------------[Agent Step 37_008]--------------------
Metrics filtered by: 'score|length|fps|ratio|train/loss/|train/rand/'
train/loss/con 0.02 / train/loss/dyn 11.45 / train/loss/height 5.3e-3 / train/loss/orientations 0.79 / train/loss/policy -0.28 / train/loss/rep 11.45 / train/loss/repval 0.83 / train/loss/rew 0.57 / train/loss/value 0.76 / train/loss/velocity 2.1 / replay/replay_ratio 1040 / fps/policy 36.21 / fps/train 3.7e4

Writing metrics: /scratch/midway3/rickybao/dreamerv3_runs/adapt_random_stand_seed2/metrics.jsonlWriting metrics: /scratch/midway3/rickybao/dreamerv3_runs/adapt_random_stand_seed2/scores.jsonl


--------------------[Agent Step 41_424]--------------------
Metrics filtered by: 'score|length|fps|ratio|train/loss/|train/rand/'
train/loss/con 0.02 / train/loss/dyn 11.9 / train/loss/height 6e-3 / train/loss/orientations 0.91 / train/loss/policy -0.27 / train/loss/rep 11.9 / train/loss/repval 1.27 / train/loss/rew 0.58 / train/loss/value 1.17 / train/loss/velocity 2.18 / replay/replay_ratio 1040 / fps/policy 36.78 / fps/train 3.8e4

Writing metrics: /scratch/midway3/rickybao/dreamerv3_runs/adapt_random_stand_seed2/scores.jsonlWriting metrics: /scratch/midway3/rickybao/dreamerv3_runs/adapt_random_stand_seed2/metrics.jsonl


--------------------[Agent Step 45_840]--------------------
Metrics filtered by: 'score|length|fps|ratio|train/loss/|train/rand/'
train/loss/con 0.02 / train/loss/dyn 12.22 / train/loss/height 6.4e-3 / train/loss/orientations 1 / train/loss/policy -0.32 / train/loss/rep 12.22 / train/loss/repval 0.82 / train/loss/rew 0.59 / train/loss/value 0.69 / train/loss/velocity 2.23 / replay/replay_ratio 1040 / fps/policy 36.73 / fps/train 3.8e4

Writing metrics: /scratch/midway3/rickybao/dreamerv3_runs/adapt_random_stand_seed2/metrics.jsonlWriting metrics: /scratch/midway3/rickybao/dreamerv3_runs/adapt_random_stand_seed2/scores.jsonl


--------------------[Agent Step 50_240]--------------------
Metrics filtered by: 'score|length|fps|ratio|train/loss/|train/rand/'
episode/score 272 / episode/length 1001 / train/loss/con 0.02 / train/loss/dyn 12.54 / train/loss/height 6.6e-3 / train/loss/orientations 1.1 / train/loss/policy -0.28 / train/loss/rep 12.54 / train/loss/repval 1.19 / train/loss/rew 0.6 / train/loss/value 1.28 / train/loss/velocity 2.27 / replay/replay_ratio 1040 / fps/policy 36.66 / fps/train 3.8e4

Writing metrics: /scratch/midway3/rickybao/dreamerv3_runs/adapt_random_stand_seed2/metrics.jsonl
Writing metrics: /scratch/midway3/rickybao/dreamerv3_runs/adapt_random_stand_seed2/scores.jsonl

--------------------[Agent Step 54_656]--------------------
Metrics filtered by: 'score|length|fps|ratio|train/loss/|train/rand/'
train/loss/con 0.02 / train/loss/dyn 12.91 / train/loss/height 6.9e-3 / train/loss/orientations 1.15 / train/loss/policy -0.27 / train/loss/rep 12.91 / train/loss/repval 1.17 / train/loss/rew 0.6 / train/loss/value 0.6 / train/loss/velocity 2.36 / replay/replay_ratio 1040 / fps/policy 36.75 / fps/train 3.8e4

Writing metrics: /scratch/midway3/rickybao/dreamerv3_runs/adapt_random_stand_seed2/metrics.jsonlWriting metrics: /scratch/midway3/rickybao/dreamerv3_runs/adapt_random_stand_seed2/scores.jsonl


--------------------[Agent Step 59_072]--------------------
Metrics filtered by: 'score|length|fps|ratio|train/loss/|train/rand/'
train/loss/con 0.02 / train/loss/dyn 13.14 / train/loss/height 7.1e-3 / train/loss/orientations 1.2 / train/loss/policy -0.26 / train/loss/rep 13.14 / train/loss/repval 0.71 / train/loss/rew 0.61 / train/loss/value 0.69 / train/loss/velocity 2.4 / replay/replay_ratio 1040 / fps/policy 36.73 / fps/train 3.8e4

Writing metrics: /scratch/midway3/rickybao/dreamerv3_runs/adapt_random_stand_seed2/metrics.jsonlWriting metrics: /scratch/midway3/rickybao/dreamerv3_runs/adapt_random_stand_seed2/scores.jsonl


--------------------[Agent Step 63_488]--------------------
Metrics filtered by: 'score|length|fps|ratio|train/loss/|train/rand/'
train/loss/con 0.02 / train/loss/dyn 13.36 / train/loss/height 7.3e-3 / train/loss/orientations 1.27 / train/loss/policy -0.25 / train/loss/rep 13.36 / train/loss/repval 0.67 / train/loss/rew 0.61 / train/loss/value 1.13 / train/loss/velocity 2.42 / replay/replay_ratio 1040 / fps/policy 36.69 / fps/train 3.8e4

Writing metrics: /scratch/midway3/rickybao/dreamerv3_runs/adapt_random_stand_seed2/metrics.jsonlWriting metrics: /scratch/midway3/rickybao/dreamerv3_runs/adapt_random_stand_seed2/scores.jsonl

Saving checkpoint: /scratch/midway3/rickybao/dreamerv3_runs/adapt_random_stand_seed2/ckpt/20260518T020624F569490
Saved checkpoint.

--------------------[Agent Step 67_856]--------------------
Metrics filtered by: 'score|length|fps|ratio|train/loss/|train/rand/'
episode/score 289.73 / episode/length 1001 / train/loss/con 0.02 / train/loss/dyn 13.45 / train/loss/height 7.4e-3 / train/loss/orientations 1.3 / train/loss/policy -0.25 / train/loss/rep 13.45 / train/loss/repval 0.94 / train/loss/rew 0.62 / train/loss/value 1.27 / train/loss/velocity 2.45 / replay/replay_ratio 1040 / fps/policy 36.27 / fps/train 3.7e4

Writing metrics: /scratch/midway3/rickybao/dreamerv3_runs/adapt_random_stand_seed2/metrics.jsonl
Writing metrics: /scratch/midway3/rickybao/dreamerv3_runs/adapt_random_stand_seed2/scores.jsonl

--------------------[Agent Step 72_272]--------------------
Metrics filtered by: 'score|length|fps|ratio|train/loss/|train/rand/'
train/loss/con 0.02 / train/loss/dyn 13.42 / train/loss/height 7.6e-3 / train/loss/orientations 1.29 / train/loss/policy -0.21 / train/loss/rep 13.42 / train/loss/repval 1.11 / train/loss/rew 0.62 / train/loss/value 1.3 / train/loss/velocity 2.46 / replay/replay_ratio 1040 / fps/policy 36.73 / fps/train 3.8e4

Writing metrics: /scratch/midway3/rickybao/dreamerv3_runs/adapt_random_stand_seed2/metrics.jsonlWriting metrics: /scratch/midway3/rickybao/dreamerv3_runs/adapt_random_stand_seed2/scores.jsonl


--------------------[Agent Step 76_688]--------------------
Metrics filtered by: 'score|length|fps|ratio|train/loss/|train/rand/'
train/loss/con 0.02 / train/loss/dyn 13.47 / train/loss/height 7.6e-3 / train/loss/orientations 1.27 / train/loss/policy -0.23 / train/loss/rep 13.47 / train/loss/repval 1.28 / train/loss/rew 0.62 / train/loss/value 0.89 / train/loss/velocity 2.47 / replay/replay_ratio 1040 / fps/policy 36.72 / fps/train 3.8e4

Writing metrics: /scratch/midway3/rickybao/dreamerv3_runs/adapt_random_stand_seed2/metrics.jsonl
Writing metrics: /scratch/midway3/rickybao/dreamerv3_runs/adapt_random_stand_seed2/scores.jsonl

--------------------[Agent Step 81_088]--------------------
Metrics filtered by: 'score|length|fps|ratio|train/loss/|train/rand/'
episode/score 258.08 / episode/length 1001 / train/loss/con 0.02 / train/loss/dyn 13.49 / train/loss/height 7.3e-3 / train/loss/orientations 1.23 / train/loss/policy -0.28 / train/loss/rep 13.49 / train/loss/repval 1.09 / train/loss/rew 0.62 / train/loss/value 0.35 / train/loss/velocity 2.47 / replay/replay_ratio 1040 / fps/policy 36.62 / fps/train 3.7e4

Writing metrics: /scratch/midway3/rickybao/dreamerv3_runs/adapt_random_stand_seed2/metrics.jsonlWriting metrics: /scratch/midway3/rickybao/dreamerv3_runs/adapt_random_stand_seed2/scores.jsonl


--------------------[Agent Step 85_488]--------------------
Metrics filtered by: 'score|length|fps|ratio|train/loss/|train/rand/'
train/loss/con 0.02 / train/loss/dyn 13.6 / train/loss/height 7.3e-3 / train/loss/orientations 1.22 / train/loss/policy -0.28 / train/loss/rep 13.6 / train/loss/repval 1.02 / train/loss/rew 0.62 / train/loss/value 0.42 / train/loss/velocity 2.5 / replay/replay_ratio 1040 / fps/policy 36.66 / fps/train 3.8e4

Writing metrics: /scratch/midway3/rickybao/dreamerv3_runs/adapt_random_stand_seed2/metrics.jsonlWriting metrics: /scratch/midway3/rickybao/dreamerv3_runs/adapt_random_stand_seed2/scores.jsonl


--------------------[Agent Step 89_904]--------------------
Metrics filtered by: 'score|length|fps|ratio|train/loss/|train/rand/'
train/loss/con 0.02 / train/loss/dyn 13.73 / train/loss/height 7.4e-3 / train/loss/orientations 1.25 / train/loss/policy -0.3 / train/loss/rep 13.73 / train/loss/repval 0.66 / train/loss/rew 0.63 / train/loss/value 0.86 / train/loss/velocity 2.54 / replay/replay_ratio 1040 / fps/policy 36.7 / fps/train 3.8e4

Writing metrics: /scratch/midway3/rickybao/dreamerv3_runs/adapt_random_stand_seed2/metrics.jsonlWriting metrics: /scratch/midway3/rickybao/dreamerv3_runs/adapt_random_stand_seed2/scores.jsonl


--------------------[Agent Step 94_304]--------------------
Metrics filtered by: 'score|length|fps|ratio|train/loss/|train/rand/'
train/loss/con 0.02 / train/loss/dyn 13.78 / train/loss/height 7.5e-3 / train/loss/orientations 1.28 / train/loss/policy -0.28 / train/loss/rep 13.78 / train/loss/repval 0.81 / train/loss/rew 0.63 / train/loss/value 1.23 / train/loss/velocity 2.55 / replay/replay_ratio 1040 / fps/policy 36.65 / fps/train 3.8e4

Writing metrics: /scratch/midway3/rickybao/dreamerv3_runs/adapt_random_stand_seed2/metrics.jsonlWriting metrics: /scratch/midway3/rickybao/dreamerv3_runs/adapt_random_stand_seed2/scores.jsonl


--------------------[Agent Step 98_704]--------------------
Metrics filtered by: 'score|length|fps|ratio|train/loss/|train/rand/'
episode/score 265.07 / episode/length 1001 / train/loss/con 0.02 / train/loss/dyn 13.81 / train/loss/height 7.5e-3 / train/loss/orientations 1.3 / train/loss/policy -0.32 / train/loss/rep 13.81 / train/loss/repval 1.2 / train/loss/rew 0.63 / train/loss/value 1.23 / train/loss/velocity 2.55 / replay/replay_ratio 1040 / fps/policy 36.56 / fps/train 3.7e4

Writing metrics: /scratch/midway3/rickybao/dreamerv3_runs/adapt_random_stand_seed2/metrics.jsonl
Writing metrics: /scratch/midway3/rickybao/dreamerv3_runs/adapt_random_stand_seed2/scores.jsonl
Saving checkpoint: /scratch/midway3/rickybao/dreamerv3_runs/adapt_random_stand_seed2/ckpt/20260518T022124F820879
Saved checkpoint.

--------------------[Agent Step 103_072]--------------------
Metrics filtered by: 'score|length|fps|ratio|train/loss/|train/rand/'
train/loss/con 0.02 / train/loss/dyn 13.84 / train/loss/height 7.6e-3 / train/loss/orientations 1.3 / train/loss/policy -0.26 / train/loss/rep 13.84 / train/loss/repval 1.17 / train/loss/rew 0.63 / train/loss/value 0.46 / train/loss/velocity 2.56 / replay/replay_ratio 1040 / fps/policy 36.35 / fps/train 3.7e4

Writing metrics: /scratch/midway3/rickybao/dreamerv3_runs/adapt_random_stand_seed2/scores.jsonlWriting metrics: /scratch/midway3/rickybao/dreamerv3_runs/adapt_random_stand_seed2/metrics.jsonl


--------------------[Agent Step 107_488]--------------------
Metrics filtered by: 'score|length|fps|ratio|train/loss/|train/rand/'
train/loss/con 0.02 / train/loss/dyn 13.82 / train/loss/height 7.6e-3 / train/loss/orientations 1.29 / train/loss/policy -0.18 / train/loss/rep 13.82 / train/loss/repval 0.99 / train/loss/rew 0.63 / train/loss/value 0.55 / train/loss/velocity 2.56 / replay/replay_ratio 1040 / fps/policy 36.71 / fps/train 3.8e4

Writing metrics: /scratch/midway3/rickybao/dreamerv3_runs/adapt_random_stand_seed2/metrics.jsonl
Writing metrics: /scratch/midway3/rickybao/dreamerv3_runs/adapt_random_stand_seed2/scores.jsonl

--------------------[Agent Step 111_888]--------------------
Metrics filtered by: 'score|length|fps|ratio|train/loss/|train/rand/'
train/loss/con 0.02 / train/loss/dyn 13.83 / train/loss/height 7.4e-3 / train/loss/orientations 1.28 / train/loss/policy -0.2 / train/loss/rep 13.83 / train/loss/repval 0.99 / train/loss/rew 0.63 / train/loss/value 0.53 / train/loss/velocity 2.58 / replay/replay_ratio 1040 / fps/policy 36.63 / fps/train 3.8e4

Writing metrics: /scratch/midway3/rickybao/dreamerv3_runs/adapt_random_stand_seed2/metrics.jsonl
Writing metrics: /scratch/midway3/rickybao/dreamerv3_runs/adapt_random_stand_seed2/scores.jsonl

--------------------[Agent Step 116_288]--------------------
Metrics filtered by: 'score|length|fps|ratio|train/loss/|train/rand/'
episode/score 272.04 / episode/length 1001 / train/loss/con 0.02 / train/loss/dyn 13.86 / train/loss/height 7.3e-3 / train/loss/orientations 1.28 / train/loss/policy -0.2 / train/loss/rep 13.86 / train/loss/repval 0.66 / train/loss/rew 0.63 / train/loss/value 0.84 / train/loss/velocity 2.6 / replay/replay_ratio 1040 / fps/policy 36.58 / fps/train 3.7e4

Writing metrics: /scratch/midway3/rickybao/dreamerv3_runs/adapt_random_stand_seed2/metrics.jsonlWriting metrics: /scratch/midway3/rickybao/dreamerv3_runs/adapt_random_stand_seed2/scores.jsonl


--------------------[Agent Step 120_688]--------------------
Metrics filtered by: 'score|length|fps|ratio|train/loss/|train/rand/'
train/loss/con 0.02 / train/loss/dyn 13.92 / train/loss/height 7.3e-3 / train/loss/orientations 1.3 / train/loss/policy -0.18 / train/loss/rep 13.92 / train/loss/repval 0.68 / train/loss/rew 0.64 / train/loss/value 0.79 / train/loss/velocity 2.62 / replay/replay_ratio 1040 / fps/policy 36.6 / fps/train 3.7e4

Writing metrics: /scratch/midway3/rickybao/dreamerv3_runs/adapt_random_stand_seed2/metrics.jsonlWriting metrics: /scratch/midway3/rickybao/dreamerv3_runs/adapt_random_stand_seed2/scores.jsonl


--------------------[Agent Step 125_088]--------------------
Metrics filtered by: 'score|length|fps|ratio|train/loss/|train/rand/'
train/loss/con 0.02 / train/loss/dyn 13.96 / train/loss/height 7.2e-3 / train/loss/orientations 1.32 / train/loss/policy -0.19 / train/loss/rep 13.96 / train/loss/repval 0.57 / train/loss/rew 0.64 / train/loss/value 0.89 / train/loss/velocity 2.64 / replay/replay_ratio 1040 / fps/policy 36.64 / fps/train 3.8e4

Writing metrics: /scratch/midway3/rickybao/dreamerv3_runs/adapt_random_stand_seed2/metrics.jsonlWriting metrics: /scratch/midway3/rickybao/dreamerv3_runs/adapt_random_stand_seed2/scores.jsonl


--------------------[Agent Step 129_488]--------------------
Metrics filtered by: 'score|length|fps|ratio|train/loss/|train/rand/'
episode/score 263.82 / episode/length 1001 / train/loss/con 0.02 / train/loss/dyn 13.97 / train/loss/height 7.1e-3 / train/loss/orientations 1.33 / train/loss/policy -0.19 / train/loss/rep 13.97 / train/loss/repval 0.61 / train/loss/rew 0.64 / train/loss/value 1.1 / train/loss/velocity 2.64 / replay/replay_ratio 1040 / fps/policy 36.54 / fps/train 3.7e4

Writing metrics: /scratch/midway3/rickybao/dreamerv3_runs/adapt_random_stand_seed2/metrics.jsonlWriting metrics: /scratch/midway3/rickybao/dreamerv3_runs/adapt_random_stand_seed2/scores.jsonl

Saving checkpoint: /scratch/midway3/rickybao/dreamerv3_runs/adapt_random_stand_seed2/ckpt/20260518T023625F132859
Saved checkpoint.

--------------------[Agent Step 133_840]--------------------
Metrics filtered by: 'score|length|fps|ratio|train/loss/|train/rand/'
train/loss/con 0.02 / train/loss/dyn 14.04 / train/loss/height 7.1e-3 / train/loss/orientations 1.35 / train/loss/policy -0.15 / train/loss/rep 14.04 / train/loss/repval 0.87 / train/loss/rew 0.64 / train/loss/value 1.27 / train/loss/velocity 2.65 / replay/replay_ratio 1040 / fps/policy 36.2 / fps/train 3.7e4

Writing metrics: /scratch/midway3/rickybao/dreamerv3_runs/adapt_random_stand_seed2/metrics.jsonlWriting metrics: /scratch/midway3/rickybao/dreamerv3_runs/adapt_random_stand_seed2/scores.jsonl


--------------------[Agent Step 138_240]--------------------
Metrics filtered by: 'score|length|fps|ratio|train/loss/|train/rand/'
train/loss/con 0.02 / train/loss/dyn 14.05 / train/loss/height 7.1e-3 / train/loss/orientations 1.36 / train/loss/policy -0.17 / train/loss/rep 14.05 / train/loss/repval 1.14 / train/loss/rew 0.64 / train/loss/value 1.32 / train/loss/velocity 2.65 / replay/replay_ratio 1040 / fps/policy 36.64 / fps/train 3.8e4

Writing metrics: /scratch/midway3/rickybao/dreamerv3_runs/adapt_random_stand_seed2/metrics.jsonlWriting metrics: /scratch/midway3/rickybao/dreamerv3_runs/adapt_random_stand_seed2/scores.jsonl


--------------------[Agent Step 142_640]--------------------
Metrics filtered by: 'score|length|fps|ratio|train/loss/|train/rand/'
train/loss/con 0.02 / train/loss/dyn 14.06 / train/loss/height 7e-3 / train/loss/orientations 1.37 / train/loss/policy -0.16 / train/loss/rep 14.06 / train/loss/repval 1.3 / train/loss/rew 0.64 / train/loss/value 1.27 / train/loss/velocity 2.65 / replay/replay_ratio 1040 / fps/policy 36.61 / fps/train 3.7e4

Writing metrics: /scratch/midway3/rickybao/dreamerv3_runs/adapt_random_stand_seed2/metrics.jsonl
Writing metrics: /scratch/midway3/rickybao/dreamerv3_runs/adapt_random_stand_seed2/scores.jsonl

--------------------[Agent Step 147_024]--------------------
Metrics filtered by: 'score|length|fps|ratio|train/loss/|train/rand/'
episode/score 318.9 / episode/length 1001 / train/loss/con 0.02 / train/loss/dyn 14.09 / train/loss/height 7.1e-3 / train/loss/orientations 1.38 / train/loss/policy -0.13 / train/loss/rep 14.09 / train/loss/repval 1.34 / train/loss/rew 0.64 / train/loss/value 1.22 / train/loss/velocity 2.65 / replay/replay_ratio 1040 / fps/policy 36.51 / fps/train 3.7e4

Writing metrics: /scratch/midway3/rickybao/dreamerv3_runs/adapt_random_stand_seed2/metrics.jsonl
Writing metrics: /scratch/midway3/rickybao/dreamerv3_runs/adapt_random_stand_seed2/scores.jsonl

--------------------[Agent Step 151_424]--------------------
Metrics filtered by: 'score|length|fps|ratio|train/loss/|train/rand/'
train/loss/con 0.02 / train/loss/dyn 14.11 / train/loss/height 7.1e-3 / train/loss/orientations 1.38 / train/loss/policy -0.14 / train/loss/rep 14.11 / train/loss/repval 1.34 / train/loss/rew 0.64 / train/loss/value 1.22 / train/loss/velocity 2.66 / replay/replay_ratio 1040 / fps/policy 36.64 / fps/train 3.8e4

Writing metrics: /scratch/midway3/rickybao/dreamerv3_runs/adapt_random_stand_seed2/metrics.jsonlWriting metrics: /scratch/midway3/rickybao/dreamerv3_runs/adapt_random_stand_seed2/scores.jsonl


--------------------[Agent Step 155_824]--------------------
Metrics filtered by: 'score|length|fps|ratio|train/loss/|train/rand/'
train/loss/con 0.02 / train/loss/dyn 14.11 / train/loss/height 7.1e-3 / train/loss/orientations 1.39 / train/loss/policy -0.16 / train/loss/rep 14.11 / train/loss/repval 1.36 / train/loss/rew 0.65 / train/loss/value 1.17 / train/loss/velocity 2.66 / replay/replay_ratio 1040 / fps/policy 36.61 / fps/train 3.7e4

Writing metrics: /scratch/midway3/rickybao/dreamerv3_runs/adapt_random_stand_seed2/metrics.jsonlWriting metrics: /scratch/midway3/rickybao/dreamerv3_runs/adapt_random_stand_seed2/scores.jsonl


--------------------[Agent Step 160_224]--------------------
Metrics filtered by: 'score|length|fps|ratio|train/loss/|train/rand/'
episode/score 265.91 / episode/length 1001 / train/loss/con 0.02 / train/loss/dyn 14.11 / train/loss/height 7.1e-3 / train/loss/orientations 1.38 / train/loss/policy -0.16 / train/loss/rep 14.11 / train/loss/repval 1.37 / train/loss/rew 0.65 / train/loss/value 1.13 / train/loss/velocity 2.65 / replay/replay_ratio 1040 / fps/policy 36.57 / fps/train 3.7e4

Writing metrics: /scratch/midway3/rickybao/dreamerv3_runs/adapt_random_stand_seed2/metrics.jsonlWriting metrics: /scratch/midway3/rickybao/dreamerv3_runs/adapt_random_stand_seed2/scores.jsonl


--------------------[Agent Step 164_608]--------------------
Metrics filtered by: 'score|length|fps|ratio|train/loss/|train/rand/'
train/loss/con 0.02 / train/loss/dyn 14.12 / train/loss/height 7.1e-3 / train/loss/orientations 1.38 / train/loss/policy -0.18 / train/loss/rep 14.12 / train/loss/repval 1.36 / train/loss/rew 0.65 / train/loss/value 1.15 / train/loss/velocity 2.66 / replay/replay_ratio 1040 / fps/policy 36.5 / fps/train 3.7e4

Writing metrics: /scratch/midway3/rickybao/dreamerv3_runs/adapt_random_stand_seed2/metrics.jsonlWriting metrics: /scratch/midway3/rickybao/dreamerv3_runs/adapt_random_stand_seed2/scores.jsonl

Saving checkpoint: /scratch/midway3/rickybao/dreamerv3_runs/adapt_random_stand_seed2/ckpt/20260518T025125F533070
Saved checkpoint.

--------------------[Agent Step 168_960]--------------------
Metrics filtered by: 'score|length|fps|ratio|train/loss/|train/rand/'
train/loss/con 0.02 / train/loss/dyn 14.14 / train/loss/height 7.1e-3 / train/loss/orientations 1.39 / train/loss/policy -0.15 / train/loss/rep 14.14 / train/loss/repval 1.37 / train/loss/rew 0.65 / train/loss/value 1.14 / train/loss/velocity 2.67 / replay/replay_ratio 1040 / fps/policy 36.24 / fps/train 3.7e4

Writing metrics: /scratch/midway3/rickybao/dreamerv3_runs/adapt_random_stand_seed2/metrics.jsonlWriting metrics: /scratch/midway3/rickybao/dreamerv3_runs/adapt_random_stand_seed2/scores.jsonl


--------------------[Agent Step 173_360]--------------------
Metrics filtered by: 'score|length|fps|ratio|train/loss/|train/rand/'
train/loss/con 0.02 / train/loss/dyn 14.13 / train/loss/height 7e-3 / train/loss/orientations 1.4 / train/loss/policy -0.14 / train/loss/rep 14.13 / train/loss/repval 1.37 / train/loss/rew 0.65 / train/loss/value 1.11 / train/loss/velocity 2.67 / replay/replay_ratio 1040 / fps/policy 36.66 / fps/train 3.8e4

Writing metrics: /scratch/midway3/rickybao/dreamerv3_runs/adapt_random_stand_seed2/metrics.jsonlWriting metrics: /scratch/midway3/rickybao/dreamerv3_runs/adapt_random_stand_seed2/scores.jsonl


--------------------[Agent Step 177_776]--------------------
Metrics filtered by: 'score|length|fps|ratio|train/loss/|train/rand/'
episode/score 376.35 / episode/length 1001 / train/loss/con 0.02 / train/loss/dyn 14.13 / train/loss/height 7e-3 / train/loss/orientations 1.43 / train/loss/policy -0.13 / train/loss/rep 14.13 / train/loss/repval 1.37 / train/loss/rew 0.64 / train/loss/value 1.12 / train/loss/velocity 2.67 / replay/replay_ratio 1040 / fps/policy 36.78 / fps/train 3.8e4

Writing metrics: /scratch/midway3/rickybao/dreamerv3_runs/adapt_random_stand_seed2/metrics.jsonlWriting metrics: /scratch/midway3/rickybao/dreamerv3_runs/adapt_random_stand_seed2/scores.jsonl


--------------------[Agent Step 182_208]--------------------
Metrics filtered by: 'score|length|fps|ratio|train/loss/|train/rand/'
train/loss/con 0.02 / train/loss/dyn 14.17 / train/loss/height 7.1e-3 / train/loss/orientations 1.43 / train/loss/policy -0.14 / train/loss/rep 14.17 / train/loss/repval 1.37 / train/loss/rew 0.64 / train/loss/value 1.11 / train/loss/velocity 2.69 / replay/replay_ratio 1040 / fps/policy 36.86 / fps/train 3.8e4

Writing metrics: /scratch/midway3/rickybao/dreamerv3_runs/adapt_random_stand_seed2/metrics.jsonlWriting metrics: /scratch/midway3/rickybao/dreamerv3_runs/adapt_random_stand_seed2/scores.jsonl


--------------------[Agent Step 186_640]--------------------
Metrics filtered by: 'score|length|fps|ratio|train/loss/|train/rand/'
train/loss/con 0.02 / train/loss/dyn 14.19 / train/loss/height 7.1e-3 / train/loss/orientations 1.43 / train/loss/policy -0.14 / train/loss/rep 14.19 / train/loss/repval 1.37 / train/loss/rew 0.65 / train/loss/value 1.13 / train/loss/velocity 2.69 / replay/replay_ratio 1040 / fps/policy 36.89 / fps/train 3.8e4

Writing metrics: /scratch/midway3/rickybao/dreamerv3_runs/adapt_random_stand_seed2/metrics.jsonlWriting metrics: /scratch/midway3/rickybao/dreamerv3_runs/adapt_random_stand_seed2/scores.jsonl


--------------------[Agent Step 191_072]--------------------
Metrics filtered by: 'score|length|fps|ratio|train/loss/|train/rand/'
train/loss/con 0.02 / train/loss/dyn 14.18 / train/loss/height 7.1e-3 / train/loss/orientations 1.43 / train/loss/policy -0.17 / train/loss/rep 14.18 / train/loss/repval 1.37 / train/loss/rew 0.65 / train/loss/value 1.17 / train/loss/velocity 2.68 / replay/replay_ratio 1040 / fps/policy 36.88 / fps/train 3.8e4

Writing metrics: /scratch/midway3/rickybao/dreamerv3_runs/adapt_random_stand_seed2/metrics.jsonl
Writing metrics: /scratch/midway3/rickybao/dreamerv3_runs/adapt_random_stand_seed2/scores.jsonl

--------------------[Agent Step 195_504]--------------------
Metrics filtered by: 'score|length|fps|ratio|train/loss/|train/rand/'
episode/score 348.04 / episode/length 1001 / train/loss/con 0.02 / train/loss/dyn 14.18 / train/loss/height 7.1e-3 / train/loss/orientations 1.43 / train/loss/policy -0.16 / train/loss/rep 14.18 / train/loss/repval 1.36 / train/loss/rew 0.65 / train/loss/value 1.21 / train/loss/velocity 2.68 / replay/replay_ratio 1040 / fps/policy 36.8 / fps/train 3.8e4

Writing metrics: /scratch/midway3/rickybao/dreamerv3_runs/adapt_random_stand_seed2/scores.jsonlWriting metrics: /scratch/midway3/rickybao/dreamerv3_runs/adapt_random_stand_seed2/metrics.jsonl

Saving checkpoint: /scratch/midway3/rickybao/dreamerv3_runs/adapt_random_stand_seed2/ckpt/20260518T030625F800879
Saved checkpoint.

--------------------[Agent Step 199_888]--------------------
Metrics filtered by: 'score|length|fps|ratio|train/loss/|train/rand/'
train/loss/con 0.02 / train/loss/dyn 14.2 / train/loss/height 7.1e-3 / train/loss/orientations 1.42 / train/loss/policy -0.16 / train/loss/rep 14.2 / train/loss/repval 1.35 / train/loss/rew 0.65 / train/loss/value 1.22 / train/loss/velocity 2.68 / replay/replay_ratio 1040 / fps/policy 36.47 / fps/train 3.7e4

Writing metrics: /scratch/midway3/rickybao/dreamerv3_runs/adapt_random_stand_seed2/metrics.jsonlWriting metrics: /scratch/midway3/rickybao/dreamerv3_runs/adapt_random_stand_seed2/scores.jsonl


--------------------[Agent Step 204_320]--------------------
Metrics filtered by: 'score|length|fps|ratio|train/loss/|train/rand/'
train/loss/con 0.02 / train/loss/dyn 14.2 / train/loss/height 7e-3 / train/loss/orientations 1.41 / train/loss/policy -0.19 / train/loss/rep 14.2 / train/loss/repval 1.35 / train/loss/rew 0.65 / train/loss/value 1.23 / train/loss/velocity 2.67 / replay/replay_ratio 1040 / fps/policy 36.87 / fps/train 3.8e4

Writing metrics: /scratch/midway3/rickybao/dreamerv3_runs/adapt_random_stand_seed2/metrics.jsonlWriting metrics: /scratch/midway3/rickybao/dreamerv3_runs/adapt_random_stand_seed2/scores.jsonl


--------------------[Agent Step 208_752]--------------------
Metrics filtered by: 'score|length|fps|ratio|train/loss/|train/rand/'
episode/score 296.78 / episode/length 1001 / train/loss/con 0.02 / train/loss/dyn 14.23 / train/loss/height 7e-3 / train/loss/orientations 1.44 / train/loss/policy -0.21 / train/loss/rep 14.23 / train/loss/repval 1.33 / train/loss/rew 0.65 / train/loss/value 1.26 / train/loss/velocity 2.68 / replay/replay_ratio 1040 / fps/policy 36.85 / fps/train 3.8e4

Writing metrics: /scratch/midway3/rickybao/dreamerv3_runs/adapt_random_stand_seed2/metrics.jsonl
Writing metrics: /scratch/midway3/rickybao/dreamerv3_runs/adapt_random_stand_seed2/scores.jsonl

--------------------[Agent Step 213_168]--------------------
Metrics filtered by: 'score|length|fps|ratio|train/loss/|train/rand/'
train/loss/con 0.02 / train/loss/dyn 14.27 / train/loss/height 7e-3 / train/loss/orientations 1.43 / train/loss/policy -0.17 / train/loss/rep 14.27 / train/loss/repval 1.35 / train/loss/rew 0.65 / train/loss/value 1.22 / train/loss/velocity 2.68 / replay/replay_ratio 1040 / fps/policy 36.8 / fps/train 3.8e4

Writing metrics: /scratch/midway3/rickybao/dreamerv3_runs/adapt_random_stand_seed2/metrics.jsonlWriting metrics: /scratch/midway3/rickybao/dreamerv3_runs/adapt_random_stand_seed2/scores.jsonl


--------------------[Agent Step 217_584]--------------------
Metrics filtered by: 'score|length|fps|ratio|train/loss/|train/rand/'
train/loss/con 0.02 / train/loss/dyn 14.27 / train/loss/height 7e-3 / train/loss/orientations 1.43 / train/loss/policy -0.19 / train/loss/rep 14.27 / train/loss/repval 1.36 / train/loss/rew 0.65 / train/loss/value 1.19 / train/loss/velocity 2.68 / replay/replay_ratio 1040 / fps/policy 36.79 / fps/train 3.8e4

Writing metrics: /scratch/midway3/rickybao/dreamerv3_runs/adapt_random_stand_seed2/metrics.jsonlWriting metrics: /scratch/midway3/rickybao/dreamerv3_runs/adapt_random_stand_seed2/scores.jsonl


--------------------[Agent Step 222_016]--------------------
Metrics filtered by: 'score|length|fps|ratio|train/loss/|train/rand/'
train/loss/con 0.02 / train/loss/dyn 14.31 / train/loss/height 7e-3 / train/loss/orientations 1.45 / train/loss/policy -0.18 / train/loss/rep 14.31 / train/loss/repval 1.37 / train/loss/rew 0.65 / train/loss/value 1.15 / train/loss/velocity 2.68 / replay/replay_ratio 1040 / fps/policy 36.88 / fps/train 3.8e4

Writing metrics: /scratch/midway3/rickybao/dreamerv3_runs/adapt_random_stand_seed2/metrics.jsonl
Writing metrics: /scratch/midway3/rickybao/dreamerv3_runs/adapt_random_stand_seed2/scores.jsonl

--------------------[Agent Step 226_448]--------------------
Metrics filtered by: 'score|length|fps|ratio|train/loss/|train/rand/'
episode/score 265.64 / episode/length 1001 / train/loss/con 0.02 / train/loss/dyn 14.33 / train/loss/height 7.1e-3 / train/loss/orientations 1.46 / train/loss/policy -0.18 / train/loss/rep 14.33 / train/loss/repval 1.37 / train/loss/rew 0.65 / train/loss/value 1.16 / train/loss/velocity 2.68 / replay/replay_ratio 1040 / fps/policy 36.82 / fps/train 3.8e4

Writing metrics: /scratch/midway3/rickybao/dreamerv3_runs/adapt_random_stand_seed2/scores.jsonlWriting metrics: /scratch/midway3/rickybao/dreamerv3_runs/adapt_random_stand_seed2/metrics.jsonl


--------------------[Agent Step 230_880]--------------------
Metrics filtered by: 'score|length|fps|ratio|train/loss/|train/rand/'
train/loss/con 0.02 / train/loss/dyn 14.37 / train/loss/height 7.1e-3 / train/loss/orientations 1.46 / train/loss/policy -0.18 / train/loss/rep 14.37 / train/loss/repval 1.37 / train/loss/rew 0.65 / train/loss/value 1.16 / train/loss/velocity 2.68 / replay/replay_ratio 1040 / fps/policy 36.84 / fps/train 3.8e4

Writing metrics: /scratch/midway3/rickybao/dreamerv3_runs/adapt_random_stand_seed2/metrics.jsonlWriting metrics: /scratch/midway3/rickybao/dreamerv3_runs/adapt_random_stand_seed2/scores.jsonl

Saving checkpoint: /scratch/midway3/rickybao/dreamerv3_runs/adapt_random_stand_seed2/ckpt/20260518T032126F107018
Saved checkpoint.

--------------------[Agent Step 235_264]--------------------
Metrics filtered by: 'score|length|fps|ratio|train/loss/|train/rand/'
train/loss/con 0.02 / train/loss/dyn 14.38 / train/loss/height 7.1e-3 / train/loss/orientations 1.46 / train/loss/policy -0.22 / train/loss/rep 14.38 / train/loss/repval 1.37 / train/loss/rew 0.65 / train/loss/value 1.18 / train/loss/velocity 2.69 / replay/replay_ratio 1040 / fps/policy 36.52 / fps/train 3.7e4

Writing metrics: /scratch/midway3/rickybao/dreamerv3_runs/adapt_random_stand_seed2/metrics.jsonlWriting metrics: /scratch/midway3/rickybao/dreamerv3_runs/adapt_random_stand_seed2/scores.jsonl


--------------------[Agent Step 239_696]--------------------
Metrics filtered by: 'score|length|fps|ratio|train/loss/|train/rand/'
train/loss/con 0.02 / train/loss/dyn 14.36 / train/loss/height 7.1e-3 / train/loss/orientations 1.46 / train/loss/policy -0.22 / train/loss/rep 14.36 / train/loss/repval 1.37 / train/loss/rew 0.65 / train/loss/value 1.15 / train/loss/velocity 2.68 / replay/replay_ratio 1040 / fps/policy 36.88 / fps/train 3.8e4

Writing metrics: /scratch/midway3/rickybao/dreamerv3_runs/adapt_random_stand_seed2/metrics.jsonlWriting metrics: /scratch/midway3/rickybao/dreamerv3_runs/adapt_random_stand_seed2/scores.jsonl


--------------------[Agent Step 244_112]--------------------
Metrics filtered by: 'score|length|fps|ratio|train/loss/|train/rand/'
episode/score 305.53 / episode/length 1001 / train/loss/con 0.02 / train/loss/dyn 14.4 / train/loss/height 7.1e-3 / train/loss/orientations 1.47 / train/loss/policy -0.19 / train/loss/rep 14.4 / train/loss/repval 1.37 / train/loss/rew 0.65 / train/loss/value 1.14 / train/loss/velocity 2.69 / replay/replay_ratio 1040 / fps/policy 36.78 / fps/train 3.8e4

Writing metrics: /scratch/midway3/rickybao/dreamerv3_runs/adapt_random_stand_seed2/metrics.jsonlWriting metrics: /scratch/midway3/rickybao/dreamerv3_runs/adapt_random_stand_seed2/scores.jsonl


--------------------[Agent Step 248_544]--------------------
Metrics filtered by: 'score|length|fps|ratio|train/loss/|train/rand/'
train/loss/con 0.02 / train/loss/dyn 14.38 / train/loss/height 7.1e-3 / train/loss/orientations 1.45 / train/loss/policy -0.18 / train/loss/rep 14.38 / train/loss/repval 1.37 / train/loss/rew 0.65 / train/loss/value 1.17 / train/loss/velocity 2.68 / replay/replay_ratio 1040 / fps/policy 36.86 / fps/train 3.8e4

Writing metrics: /scratch/midway3/rickybao/dreamerv3_runs/adapt_random_stand_seed2/scores.jsonlWriting metrics: /scratch/midway3/rickybao/dreamerv3_runs/adapt_random_stand_seed2/metrics.jsonl

Adaptation finished | End time: Mon May 18 03:29:18 CDT 2026
Logdir: /scratch/midway3/rickybao/dreamerv3_runs/adapt_random_stand_seed2
