==============================
Slurm job started | Job ID: 49737744 | Node: midway3-0279.rcc.local
Start time: Mon May 18 02:16:43 CDT 2026
Frozen-readout adaptation | Cond: random | Task: walk | Seed: 2
==============================
PYTHON=/scratch/midway3/rickybao/conda_envs/dreamerv3/bin/python
LOGDIR=/scratch/midway3/rickybao/dreamerv3_runs/adapt_random_walk_seed2
Pretrained world model: /scratch/midway3/rickybao/dreamerv3_runs/pretrain_random_seed2/ckpt/20260517T204407F604304
GPU check:
Mon May 18 02:16:43 2026       
+---------------------------------------------------------------------------------------+
| NVIDIA-SMI 535.216.03             Driver Version: 535.216.03   CUDA Version: 12.2     |
|-----------------------------------------+----------------------+----------------------+
| GPU  Name                 Persistence-M | Bus-Id        Disp.A | Volatile Uncorr. ECC |
| Fan  Temp   Perf          Pwr:Usage/Cap |         Memory-Usage | GPU-Util  Compute M. |
|                                         |                      |               MIG M. |
|=========================================+======================+======================|
|   0  Tesla V100-PCIE-16GB           On  | 00000000:2F:00.0 Off |                  Off |
| N/A   63C    P0              52W / 250W |      0MiB / 16384MiB |      0%      Default |
|                                         |                      |                  N/A |
+-----------------------------------------+----------------------+----------------------+
                                                                                         
+---------------------------------------------------------------------------------------+
| Processes:                                                                            |
|  GPU   GI   CI        PID   Type   Process name                            GPU Memory |
|        ID   ID                                                             Usage      |
|=======================================================================================|
|  No running processes found                                                           |
+---------------------------------------------------------------------------------------+
Starting frozen-readout adaptation
---  ___                           __   ______ ---
--- |   \ _ _ ___ __ _ _ __  ___ _ \ \ / /__ / ---
--- | |) | '_/ -_) _` | '  \/ -_) '/\ V / |_ \ ---
--- |___/|_| \___\__,_|_|_|_\___|_|  \_/ |___/ ---
Replica: 0 / 1
Logdir: /scratch/midway3/rickybao/dreamerv3_runs/adapt_random_walk_seed2
Run script: train
Observations
  reward           Space(float32, shape=(), low=-inf, high=inf)
  is_first         Space(bool, shape=(), low=False, high=True)
  is_last          Space(bool, shape=(), low=False, high=True)
  is_terminal      Space(bool, shape=(), low=False, high=True)
  orientations     Space(float32, shape=(14,), low=-inf, high=inf)
  height           Space(float32, shape=(), low=-inf, high=inf)
  velocity         Space(float32, shape=(9,), low=-inf, high=inf)
Actions
  action           Space(float32, shape=(6,), low=-1.0, high=1.0)
Extras
  consec           Space(int32, shape=(), low=-2147483648, high=2147483647)
  stepid           Space(uint8, shape=(20,), low=0, high=255)
  dyn/deter        Space(float32, shape=(512,), low=-inf, high=inf)
  dyn/stoch        Space(float32, shape=(32, 4), low=-inf, high=inf)
JAX devices (1): [cuda:0]
Policy devices: cuda:0
Train devices:  cuda:0
Initializing parameters...
Optimizer opt has 215,243 params:
        66,111 val
        57,663 rew
        50,316 pol
        41,153 con
Done initializing!
Compiling 1 checkpoint groups...
Largest checkpoint group: 0 GB
Compiling train and report...
Train cost analysis:
  FLOPS:            7.2e+09
  Memory (temp):    2.0e+08
  Memory (inputs):  7.4e+06
  Memory (outputs): 5.9e+06
  Memory (code):    1.5e+06

Report cost analysis:
  FLOPS:            1.9e+06
  Memory (temp):    9.3e+05
  Memory (inputs):  2.8e+06
  Memory (outputs): 2.1e+04
  Memory (code):    9.7e+04

Done compiling!
Loaded pretrained checkpoint with keys: ['dec/mlp/linear0/bias', 'dec/mlp/linear0/kernel', 'dec/mlp/linear1/bias', 'dec/mlp/linear1/kernel', 'dec/mlp/linear2/bias', 'dec/mlp/linear2/kernel', 'dec/mlp/norm0/scale', 'dec/mlp/norm1/scale', 'dec/mlp/norm2/scale', 'dec/vec/height/pred/bias', 'dec/vec/height/pred/kernel', 'dec/vec/orientations/pred/bias', 'dec/vec/orientations/pred/kernel', 'dec/vec/velocity/pred/bias', 'dec/vec/velocity/pred/kernel', 'dyn/dyngru/bias', 'dyn/dyngru/kernel', 'dyn/dynhid0/bias', 'dyn/dynhid0/kernel', 'dyn/dynhid0norm/scale', 'dyn/dynin0/bias', 'dyn/dynin0/kernel', 'dyn/dynin0norm/scale', 'dyn/dynin1/bias', 'dyn/dynin1/kernel', 'dyn/dynin1norm/scale', 'dyn/dynin2/bias', 'dyn/dynin2/kernel', 'dyn/dynin2norm/scale', 'dyn/obs0/bias', 'dyn/obs0/kernel', 'dyn/obs0norm/scale', 'dyn/obslogit/bias', 'dyn/obslogit/kernel', 'dyn/prior0/bias', 'dyn/prior0/kernel', 'dyn/prior0norm/scale', 'dyn/prior1/bias', 'dyn/prior1/kernel', 'dyn/prior1norm/scale', 'dyn/priorlogit/bias', 'dyn/priorlogit/kernel', 'enc/mlp0/bias', 'enc/mlp0/kernel', 'enc/mlp0norm/scale', 'enc/mlp1/bias', 'enc/mlp1/kernel', 'enc/mlp1norm/scale', 'enc/mlp2/bias', 'enc/mlp2/kernel', 'enc/mlp2norm/scale']
Did not find any checkpoint.
Saving checkpoint: /scratch/midway3/rickybao/dreamerv3_runs/adapt_random_walk_seed2/ckpt/20260518T021711F780866
Saved checkpoint.
Start training loop

--------------------[Agent Step 6_240]--------------------
Metrics filtered by: 'score|length|fps|ratio|train/loss/|train/rand/'
train/loss/con 0.08 / train/loss/dyn 6.97 / train/loss/height 8.2e-4 / train/loss/orientations 0.08 / train/loss/policy 1.12 / train/loss/rep 6.97 / train/loss/repval 5 / train/loss/rew 1.54 / train/loss/value 2.25 / train/loss/velocity 0.87 / replay/replay_ratio 836.23 / fps/policy 50.47 / fps/train 3.5e4

Writing metrics: /scratch/midway3/rickybao/dreamerv3_runs/adapt_random_walk_seed2/metrics.jsonl
Writing metrics: /scratch/midway3/rickybao/dreamerv3_runs/adapt_random_walk_seed2/scores.jsonl

--------------------[Agent Step 10_672]--------------------
Metrics filtered by: 'score|length|fps|ratio|train/loss/|train/rand/'
train/loss/con 0.02 / train/loss/dyn 7.27 / train/loss/height 9.6e-4 / train/loss/orientations 0.09 / train/loss/policy 2.45 / train/loss/rep 7.27 / train/loss/repval 2.32 / train/loss/rew 0.48 / train/loss/value 1.51 / train/loss/velocity 0.95 / replay/replay_ratio 1040 / fps/policy 36.93 / fps/train 3.8e4

Writing metrics: /scratch/midway3/rickybao/dreamerv3_runs/adapt_random_walk_seed2/metrics.jsonlWriting metrics: /scratch/midway3/rickybao/dreamerv3_runs/adapt_random_walk_seed2/scores.jsonl


--------------------[Agent Step 15_120]--------------------
Metrics filtered by: 'score|length|fps|ratio|train/loss/|train/rand/'
train/loss/con 0.02 / train/loss/dyn 8.23 / train/loss/height 2.2e-3 / train/loss/orientations 0.17 / train/loss/policy 1.72 / train/loss/rep 8.23 / train/loss/repval 1.44 / train/loss/rew 0.53 / train/loss/value 1.17 / train/loss/velocity 1.2 / replay/replay_ratio 1040 / fps/policy 36.95 / fps/train 3.8e4

Writing metrics: /scratch/midway3/rickybao/dreamerv3_runs/adapt_random_walk_seed2/metrics.jsonlWriting metrics: /scratch/midway3/rickybao/dreamerv3_runs/adapt_random_walk_seed2/scores.jsonl


--------------------[Agent Step 19_552]--------------------
Metrics filtered by: 'score|length|fps|ratio|train/loss/|train/rand/'
episode/score 70.85 / episode/length 1001 / train/loss/con 0.02 / train/loss/dyn 9.14 / train/loss/height 3.3e-3 / train/loss/orientations 0.22 / train/loss/policy 0.44 / train/loss/rep 9.14 / train/loss/repval 1.24 / train/loss/rew 0.58 / train/loss/value 1.03 / train/loss/velocity 1.44 / replay/replay_ratio 1040 / fps/policy 36.89 / fps/train 3.8e4

Writing metrics: /scratch/midway3/rickybao/dreamerv3_runs/adapt_random_walk_seed2/metrics.jsonlWriting metrics: /scratch/midway3/rickybao/dreamerv3_runs/adapt_random_walk_seed2/scores.jsonl


--------------------[Agent Step 23_984]--------------------
Metrics filtered by: 'score|length|fps|ratio|train/loss/|train/rand/'
train/loss/con 0.02 / train/loss/dyn 9.76 / train/loss/height 4.4e-3 / train/loss/orientations 0.25 / train/loss/policy -3.7e-3 / train/loss/rep 9.76 / train/loss/repval 1.1 / train/loss/rew 0.6 / train/loss/value 0.94 / train/loss/velocity 1.61 / replay/replay_ratio 1040 / fps/policy 36.91 / fps/train 3.8e4

Writing metrics: /scratch/midway3/rickybao/dreamerv3_runs/adapt_random_walk_seed2/metrics.jsonl
Writing metrics: /scratch/midway3/rickybao/dreamerv3_runs/adapt_random_walk_seed2/scores.jsonl

--------------------[Agent Step 28_432]--------------------
Metrics filtered by: 'score|length|fps|ratio|train/loss/|train/rand/'
train/loss/con 0.02 / train/loss/dyn 10.15 / train/loss/height 5.2e-3 / train/loss/orientations 0.26 / train/loss/policy -2e-3 / train/loss/rep 10.15 / train/loss/repval 1.09 / train/loss/rew 0.61 / train/loss/value 0.98 / train/loss/velocity 1.71 / replay/replay_ratio 1040 / fps/policy 36.96 / fps/train 3.8e4

Writing metrics: /scratch/midway3/rickybao/dreamerv3_runs/adapt_random_walk_seed2/metrics.jsonl
Writing metrics: /scratch/midway3/rickybao/dreamerv3_runs/adapt_random_walk_seed2/scores.jsonl

--------------------[Agent Step 32_864]--------------------
Metrics filtered by: 'score|length|fps|ratio|train/loss/|train/rand/'
episode/score 176.58 / episode/length 1001 / train/loss/con 0.02 / train/loss/dyn 10.57 / train/loss/height 5.6e-3 / train/loss/orientations 0.27 / train/loss/policy 5.3e-3 / train/loss/rep 10.57 / train/loss/repval 1.14 / train/loss/rew 0.62 / train/loss/value 0.99 / train/loss/velocity 1.82 / replay/replay_ratio 1040 / fps/policy 36.9 / fps/train 3.8e4

Writing metrics: /scratch/midway3/rickybao/dreamerv3_runs/adapt_random_walk_seed2/scores.jsonlWriting metrics: /scratch/midway3/rickybao/dreamerv3_runs/adapt_random_walk_seed2/metrics.jsonl

Saving checkpoint: /scratch/midway3/rickybao/dreamerv3_runs/adapt_random_walk_seed2/ckpt/20260518T023214F090767
Saved checkpoint.

--------------------[Agent Step 37_248]--------------------
Metrics filtered by: 'score|length|fps|ratio|train/loss/|train/rand/'
train/loss/con 0.02 / train/loss/dyn 11.13 / train/loss/height 6.2e-3 / train/loss/orientations 0.29 / train/loss/policy -0.04 / train/loss/rep 11.13 / train/loss/repval 1.16 / train/loss/rew 0.63 / train/loss/value 0.91 / train/loss/velocity 1.99 / replay/replay_ratio 1040 / fps/policy 36.46 / fps/train 3.7e4

Writing metrics: /scratch/midway3/rickybao/dreamerv3_runs/adapt_random_walk_seed2/metrics.jsonlWriting metrics: /scratch/midway3/rickybao/dreamerv3_runs/adapt_random_walk_seed2/scores.jsonl


--------------------[Agent Step 41_696]--------------------
Metrics filtered by: 'score|length|fps|ratio|train/loss/|train/rand/'
train/loss/con 0.02 / train/loss/dyn 11.79 / train/loss/height 6.7e-3 / train/loss/orientations 0.3 / train/loss/policy -0.04 / train/loss/rep 11.79 / train/loss/repval 1.17 / train/loss/rew 0.63 / train/loss/value 0.95 / train/loss/velocity 2.15 / replay/replay_ratio 1040 / fps/policy 36.98 / fps/train 3.8e4

Writing metrics: /scratch/midway3/rickybao/dreamerv3_runs/adapt_random_walk_seed2/metrics.jsonlWriting metrics: /scratch/midway3/rickybao/dreamerv3_runs/adapt_random_walk_seed2/scores.jsonl


--------------------[Agent Step 46_144]--------------------
Metrics filtered by: 'score|length|fps|ratio|train/loss/|train/rand/'
train/loss/con 0.02 / train/loss/dyn 12.38 / train/loss/height 6.7e-3 / train/loss/orientations 0.31 / train/loss/policy -0.04 / train/loss/rep 12.38 / train/loss/repval 1.1 / train/loss/rew 0.64 / train/loss/value 0.86 / train/loss/velocity 2.34 / replay/replay_ratio 1040 / fps/policy 36.94 / fps/train 3.8e4

Writing metrics: /scratch/midway3/rickybao/dreamerv3_runs/adapt_random_walk_seed2/scores.jsonlWriting metrics: /scratch/midway3/rickybao/dreamerv3_runs/adapt_random_walk_seed2/metrics.jsonl


--------------------[Agent Step 50_576]--------------------
Metrics filtered by: 'score|length|fps|ratio|train/loss/|train/rand/'
episode/score 123.24 / episode/length 1001 / train/loss/con 0.02 / train/loss/dyn 12.74 / train/loss/height 6.9e-3 / train/loss/orientations 0.32 / train/loss/policy -0.08 / train/loss/rep 12.74 / train/loss/repval 1 / train/loss/rew 0.64 / train/loss/value 1.27 / train/loss/velocity 2.48 / replay/replay_ratio 1040 / fps/policy 36.89 / fps/train 3.8e4

Writing metrics: /scratch/midway3/rickybao/dreamerv3_runs/adapt_random_walk_seed2/scores.jsonlWriting metrics: /scratch/midway3/rickybao/dreamerv3_runs/adapt_random_walk_seed2/metrics.jsonl


--------------------[Agent Step 55_024]--------------------
Metrics filtered by: 'score|length|fps|ratio|train/loss/|train/rand/'
train/loss/con 0.02 / train/loss/dyn 12.98 / train/loss/height 7.8e-3 / train/loss/orientations 0.35 / train/loss/policy -0.1 / train/loss/rep 12.98 / train/loss/repval 1.04 / train/loss/rew 0.65 / train/loss/value 1.29 / train/loss/velocity 2.59 / replay/replay_ratio 1040 / fps/policy 36.98 / fps/train 3.8e4

Writing metrics: /scratch/midway3/rickybao/dreamerv3_runs/adapt_random_walk_seed2/metrics.jsonlWriting metrics: /scratch/midway3/rickybao/dreamerv3_runs/adapt_random_walk_seed2/scores.jsonl


--------------------[Agent Step 59_472]--------------------
Metrics filtered by: 'score|length|fps|ratio|train/loss/|train/rand/'
train/loss/con 0.02 / train/loss/dyn 13.11 / train/loss/height 8.1e-3 / train/loss/orientations 0.37 / train/loss/policy -0.12 / train/loss/rep 13.11 / train/loss/repval 1.27 / train/loss/rew 0.65 / train/loss/value 1.14 / train/loss/velocity 2.63 / replay/replay_ratio 1040 / fps/policy 36.96 / fps/train 3.8e4

Writing metrics: /scratch/midway3/rickybao/dreamerv3_runs/adapt_random_walk_seed2/metrics.jsonlWriting metrics: /scratch/midway3/rickybao/dreamerv3_runs/adapt_random_walk_seed2/scores.jsonl


--------------------[Agent Step 63_904]--------------------
Metrics filtered by: 'score|length|fps|ratio|train/loss/|train/rand/'
train/loss/con 0.02 / train/loss/dyn 13.34 / train/loss/height 8.3e-3 / train/loss/orientations 0.43 / train/loss/policy -0.14 / train/loss/rep 13.34 / train/loss/repval 1.26 / train/loss/rew 0.65 / train/loss/value 0.79 / train/loss/velocity 2.66 / replay/replay_ratio 1040 / fps/policy 36.89 / fps/train 3.8e4

Writing metrics: /scratch/midway3/rickybao/dreamerv3_runs/adapt_random_walk_seed2/metrics.jsonlWriting metrics: /scratch/midway3/rickybao/dreamerv3_runs/adapt_random_walk_seed2/scores.jsonl

Saving checkpoint: /scratch/midway3/rickybao/dreamerv3_runs/adapt_random_walk_seed2/ckpt/20260518T024714F441357
Saved checkpoint.

--------------------[Agent Step 68_288]--------------------
Metrics filtered by: 'score|length|fps|ratio|train/loss/|train/rand/'
episode/score 311.96 / episode/length 1001 / train/loss/con 0.02 / train/loss/dyn 13.39 / train/loss/height 8.7e-3 / train/loss/orientations 0.49 / train/loss/policy -0.17 / train/loss/rep 13.39 / train/loss/repval 0.91 / train/loss/rew 0.64 / train/loss/value 0.98 / train/loss/velocity 2.67 / replay/replay_ratio 1040 / fps/policy 36.46 / fps/train 3.7e4

Writing metrics: /scratch/midway3/rickybao/dreamerv3_runs/adapt_random_walk_seed2/metrics.jsonlWriting metrics: /scratch/midway3/rickybao/dreamerv3_runs/adapt_random_walk_seed2/scores.jsonl


--------------------[Agent Step 72_720]--------------------
Metrics filtered by: 'score|length|fps|ratio|train/loss/|train/rand/'
train/loss/con 0.02 / train/loss/dyn 13.5 / train/loss/height 8.8e-3 / train/loss/orientations 0.59 / train/loss/policy -0.13 / train/loss/rep 13.5 / train/loss/repval 1.18 / train/loss/rew 0.64 / train/loss/value 1.3 / train/loss/velocity 2.68 / replay/replay_ratio 1040 / fps/policy 36.9 / fps/train 3.8e4

Writing metrics: /scratch/midway3/rickybao/dreamerv3_runs/adapt_random_walk_seed2/metrics.jsonlWriting metrics: /scratch/midway3/rickybao/dreamerv3_runs/adapt_random_walk_seed2/scores.jsonl


--------------------[Agent Step 77_152]--------------------
Metrics filtered by: 'score|length|fps|ratio|train/loss/|train/rand/'
train/loss/con 0.02 / train/loss/dyn 13.7 / train/loss/height 8.8e-3 / train/loss/orientations 0.71 / train/loss/policy -0.15 / train/loss/rep 13.7 / train/loss/repval 1.15 / train/loss/rew 0.64 / train/loss/value 1.31 / train/loss/velocity 2.67 / replay/replay_ratio 1040 / fps/policy 36.9 / fps/train 3.8e4

Writing metrics: /scratch/midway3/rickybao/dreamerv3_runs/adapt_random_walk_seed2/scores.jsonlWriting metrics: /scratch/midway3/rickybao/dreamerv3_runs/adapt_random_walk_seed2/metrics.jsonl


--------------------[Agent Step 81_584]--------------------
Metrics filtered by: 'score|length|fps|ratio|train/loss/|train/rand/'
episode/score 356.48 / episode/length 1001 / train/loss/con 0.02 / train/loss/dyn 13.84 / train/loss/height 8.7e-3 / train/loss/orientations 0.83 / train/loss/policy -0.16 / train/loss/rep 13.84 / train/loss/repval 1.27 / train/loss/rew 0.63 / train/loss/value 1.24 / train/loss/velocity 2.66 / replay/replay_ratio 1040 / fps/policy 36.83 / fps/train 3.8e4

Writing metrics: /scratch/midway3/rickybao/dreamerv3_runs/adapt_random_walk_seed2/metrics.jsonlWriting metrics: /scratch/midway3/rickybao/dreamerv3_runs/adapt_random_walk_seed2/scores.jsonl


--------------------[Agent Step 86_016]--------------------
Metrics filtered by: 'score|length|fps|ratio|train/loss/|train/rand/'
train/loss/con 0.02 / train/loss/dyn 13.92 / train/loss/height 8.9e-3 / train/loss/orientations 0.88 / train/loss/policy -0.17 / train/loss/rep 13.92 / train/loss/repval 1.35 / train/loss/rew 0.64 / train/loss/value 1.05 / train/loss/velocity 2.7 / replay/replay_ratio 1040 / fps/policy 36.88 / fps/train 3.8e4

Writing metrics: /scratch/midway3/rickybao/dreamerv3_runs/adapt_random_walk_seed2/metrics.jsonlWriting metrics: /scratch/midway3/rickybao/dreamerv3_runs/adapt_random_walk_seed2/scores.jsonl


--------------------[Agent Step 90_448]--------------------
Metrics filtered by: 'score|length|fps|ratio|train/loss/|train/rand/'
train/loss/con 0.02 / train/loss/dyn 14 / train/loss/height 8.9e-3 / train/loss/orientations 0.93 / train/loss/policy -0.17 / train/loss/rep 14 / train/loss/repval 1.35 / train/loss/rew 0.63 / train/loss/value 0.94 / train/loss/velocity 2.73 / replay/replay_ratio 1040 / fps/policy 36.89 / fps/train 3.8e4

Writing metrics: /scratch/midway3/rickybao/dreamerv3_runs/adapt_random_walk_seed2/metrics.jsonlWriting metrics: /scratch/midway3/rickybao/dreamerv3_runs/adapt_random_walk_seed2/scores.jsonl


--------------------[Agent Step 94_896]--------------------
Metrics filtered by: 'score|length|fps|ratio|train/loss/|train/rand/'
train/loss/con 0.02 / train/loss/dyn 14.07 / train/loss/height 8.8e-3 / train/loss/orientations 0.99 / train/loss/policy -0.17 / train/loss/rep 14.07 / train/loss/repval 1.34 / train/loss/rew 0.63 / train/loss/value 0.83 / train/loss/velocity 2.74 / replay/replay_ratio 1040 / fps/policy 36.95 / fps/train 3.8e4

Writing metrics: /scratch/midway3/rickybao/dreamerv3_runs/adapt_random_walk_seed2/metrics.jsonlWriting metrics: /scratch/midway3/rickybao/dreamerv3_runs/adapt_random_walk_seed2/scores.jsonl


--------------------[Agent Step 99_344]--------------------
Metrics filtered by: 'score|length|fps|ratio|train/loss/|train/rand/'
episode/score 185.46 / episode/length 1001 / train/loss/con 0.02 / train/loss/dyn 14.11 / train/loss/height 8.7e-3 / train/loss/orientations 1 / train/loss/policy -0.17 / train/loss/rep 14.11 / train/loss/repval 1.32 / train/loss/rew 0.62 / train/loss/value 0.68 / train/loss/velocity 2.74 / replay/replay_ratio 1040 / fps/policy 36.99 / fps/train 3.8e4

Writing metrics: /scratch/midway3/rickybao/dreamerv3_runs/adapt_random_walk_seed2/metrics.jsonlWriting metrics: /scratch/midway3/rickybao/dreamerv3_runs/adapt_random_walk_seed2/scores.jsonl

Saving checkpoint: /scratch/midway3/rickybao/dreamerv3_runs/adapt_random_walk_seed2/ckpt/20260518T030214F621843
Saved checkpoint.

--------------------[Agent Step 103_760]--------------------
Metrics filtered by: 'score|length|fps|ratio|train/loss/|train/rand/'
train/loss/con 0.02 / train/loss/dyn 14.13 / train/loss/height 8.8e-3 / train/loss/orientations 1.01 / train/loss/policy -0.19 / train/loss/rep 14.13 / train/loss/repval 1.23 / train/loss/rew 0.62 / train/loss/value 0.54 / train/loss/velocity 2.74 / replay/replay_ratio 1040 / fps/policy 36.71 / fps/train 3.8e4

Writing metrics: /scratch/midway3/rickybao/dreamerv3_runs/adapt_random_walk_seed2/metrics.jsonlWriting metrics: /scratch/midway3/rickybao/dreamerv3_runs/adapt_random_walk_seed2/scores.jsonl


--------------------[Agent Step 108_208]--------------------
Metrics filtered by: 'score|length|fps|ratio|train/loss/|train/rand/'
train/loss/con 0.02 / train/loss/dyn 14.14 / train/loss/height 8.7e-3 / train/loss/orientations 1.01 / train/loss/policy -0.19 / train/loss/rep 14.14 / train/loss/repval 1.13 / train/loss/rew 0.62 / train/loss/value 0.52 / train/loss/velocity 2.72 / replay/replay_ratio 1040 / fps/policy 37.06 / fps/train 3.8e4

Writing metrics: /scratch/midway3/rickybao/dreamerv3_runs/adapt_random_walk_seed2/metrics.jsonlWriting metrics: /scratch/midway3/rickybao/dreamerv3_runs/adapt_random_walk_seed2/scores.jsonl


--------------------[Agent Step 112_656]--------------------
Metrics filtered by: 'score|length|fps|ratio|train/loss/|train/rand/'
episode/score 53.6 / episode/length 1001 / train/loss/con 0.02 / train/loss/dyn 14.17 / train/loss/height 8.5e-3 / train/loss/orientations 1.04 / train/loss/policy -0.2 / train/loss/rep 14.17 / train/loss/repval 0.95 / train/loss/rew 0.61 / train/loss/value 0.71 / train/loss/velocity 2.71 / replay/replay_ratio 1040 / fps/policy 37.01 / fps/train 3.8e4

Writing metrics: /scratch/midway3/rickybao/dreamerv3_runs/adapt_random_walk_seed2/metrics.jsonlWriting metrics: /scratch/midway3/rickybao/dreamerv3_runs/adapt_random_walk_seed2/scores.jsonl


--------------------[Agent Step 117_104]--------------------
Metrics filtered by: 'score|length|fps|ratio|train/loss/|train/rand/'
train/loss/con 0.02 / train/loss/dyn 14.22 / train/loss/height 8.5e-3 / train/loss/orientations 1.04 / train/loss/policy -0.2 / train/loss/rep 14.22 / train/loss/repval 0.77 / train/loss/rew 0.62 / train/loss/value 1.21 / train/loss/velocity 2.72 / replay/replay_ratio 1040 / fps/policy 37.04 / fps/train 3.8e4

Writing metrics: /scratch/midway3/rickybao/dreamerv3_runs/adapt_random_walk_seed2/metrics.jsonl
Writing metrics: /scratch/midway3/rickybao/dreamerv3_runs/adapt_random_walk_seed2/scores.jsonl

--------------------[Agent Step 121_552]--------------------
Metrics filtered by: 'score|length|fps|ratio|train/loss/|train/rand/'
train/loss/con 0.02 / train/loss/dyn 14.27 / train/loss/height 8.5e-3 / train/loss/orientations 1.04 / train/loss/policy -0.2 / train/loss/rep 14.27 / train/loss/repval 1.25 / train/loss/rew 0.62 / train/loss/value 1.24 / train/loss/velocity 2.72 / replay/replay_ratio 1040 / fps/policy 37 / fps/train 3.8e4

Writing metrics: /scratch/midway3/rickybao/dreamerv3_runs/adapt_random_walk_seed2/metrics.jsonlWriting metrics: /scratch/midway3/rickybao/dreamerv3_runs/adapt_random_walk_seed2/scores.jsonl


--------------------[Agent Step 126_000]--------------------
Metrics filtered by: 'score|length|fps|ratio|train/loss/|train/rand/'
train/loss/con 0.02 / train/loss/dyn 14.25 / train/loss/height 8.3e-3 / train/loss/orientations 1.04 / train/loss/policy -0.18 / train/loss/rep 14.25 / train/loss/repval 1.35 / train/loss/rew 0.62 / train/loss/value 0.82 / train/loss/velocity 2.72 / replay/replay_ratio 1040 / fps/policy 37.04 / fps/train 3.8e4

Writing metrics: /scratch/midway3/rickybao/dreamerv3_runs/adapt_random_walk_seed2/metrics.jsonl
Writing metrics: /scratch/midway3/rickybao/dreamerv3_runs/adapt_random_walk_seed2/scores.jsonl

--------------------[Agent Step 130_448]--------------------
Metrics filtered by: 'score|length|fps|ratio|train/loss/|train/rand/'
episode/score 63.54 / episode/length 1001 / train/loss/con 0.02 / train/loss/dyn 14.22 / train/loss/height 8.2e-3 / train/loss/orientations 1.05 / train/loss/policy -0.18 / train/loss/rep 14.22 / train/loss/repval 1.33 / train/loss/rew 0.62 / train/loss/value 0.64 / train/loss/velocity 2.7 / replay/replay_ratio 1040 / fps/policy 37.01 / fps/train 3.8e4

Writing metrics: /scratch/midway3/rickybao/dreamerv3_runs/adapt_random_walk_seed2/metrics.jsonl
Writing metrics: /scratch/midway3/rickybao/dreamerv3_runs/adapt_random_walk_seed2/scores.jsonl
Saving checkpoint: /scratch/midway3/rickybao/dreamerv3_runs/adapt_random_walk_seed2/ckpt/20260518T031714F703671
Saved checkpoint.

--------------------[Agent Step 134_864]--------------------
Metrics filtered by: 'score|length|fps|ratio|train/loss/|train/rand/'
train/loss/con 0.02 / train/loss/dyn 14.26 / train/loss/height 8.1e-3 / train/loss/orientations 1.06 / train/loss/policy -0.19 / train/loss/rep 14.26 / train/loss/repval 1.28 / train/loss/rew 0.62 / train/loss/value 0.53 / train/loss/velocity 2.72 / replay/replay_ratio 1040 / fps/policy 36.73 / fps/train 3.8e4

Writing metrics: /scratch/midway3/rickybao/dreamerv3_runs/adapt_random_walk_seed2/metrics.jsonlWriting metrics: /scratch/midway3/rickybao/dreamerv3_runs/adapt_random_walk_seed2/scores.jsonl


--------------------[Agent Step 139_312]--------------------
Metrics filtered by: 'score|length|fps|ratio|train/loss/|train/rand/'
train/loss/con 0.02 / train/loss/dyn 14.23 / train/loss/height 8.1e-3 / train/loss/orientations 1.06 / train/loss/policy -0.19 / train/loss/rep 14.23 / train/loss/repval 1.26 / train/loss/rew 0.62 / train/loss/value 0.49 / train/loss/velocity 2.71 / replay/replay_ratio 1040 / fps/policy 37.03 / fps/train 3.8e4

Writing metrics: /scratch/midway3/rickybao/dreamerv3_runs/adapt_random_walk_seed2/metrics.jsonlWriting metrics: /scratch/midway3/rickybao/dreamerv3_runs/adapt_random_walk_seed2/scores.jsonl


--------------------[Agent Step 143_760]--------------------
Metrics filtered by: 'score|length|fps|ratio|train/loss/|train/rand/'
train/loss/con 0.02 / train/loss/dyn 14.19 / train/loss/height 8.1e-3 / train/loss/orientations 1.05 / train/loss/policy -0.2 / train/loss/rep 14.19 / train/loss/repval 1.19 / train/loss/rew 0.62 / train/loss/value 0.51 / train/loss/velocity 2.71 / replay/replay_ratio 1040 / fps/policy 37.03 / fps/train 3.8e4

Writing metrics: /scratch/midway3/rickybao/dreamerv3_runs/adapt_random_walk_seed2/metrics.jsonl
Writing metrics: /scratch/midway3/rickybao/dreamerv3_runs/adapt_random_walk_seed2/scores.jsonl

--------------------[Agent Step 148_208]--------------------
Metrics filtered by: 'score|length|fps|ratio|train/loss/|train/rand/'
episode/score 262.2 / episode/length 1001 / train/loss/con 0.02 / train/loss/dyn 14.17 / train/loss/height 8e-3 / train/loss/orientations 1.05 / train/loss/policy -0.22 / train/loss/rep 14.17 / train/loss/repval 0.98 / train/loss/rew 0.62 / train/loss/value 0.72 / train/loss/velocity 2.71 / replay/replay_ratio 1040 / fps/policy 36.98 / fps/train 3.8e4

Writing metrics: /scratch/midway3/rickybao/dreamerv3_runs/adapt_random_walk_seed2/metrics.jsonl
Writing metrics: /scratch/midway3/rickybao/dreamerv3_runs/adapt_random_walk_seed2/scores.jsonl

--------------------[Agent Step 152_656]--------------------
Metrics filtered by: 'score|length|fps|ratio|train/loss/|train/rand/'
train/loss/con 0.02 / train/loss/dyn 14.12 / train/loss/height 8e-3 / train/loss/orientations 1.04 / train/loss/policy -0.19 / train/loss/rep 14.12 / train/loss/repval 0.93 / train/loss/rew 0.62 / train/loss/value 0.78 / train/loss/velocity 2.7 / replay/replay_ratio 1040 / fps/policy 37.06 / fps/train 3.8e4

Writing metrics: /scratch/midway3/rickybao/dreamerv3_runs/adapt_random_walk_seed2/metrics.jsonlWriting metrics: /scratch/midway3/rickybao/dreamerv3_runs/adapt_random_walk_seed2/scores.jsonl


--------------------[Agent Step 157_104]--------------------
Metrics filtered by: 'score|length|fps|ratio|train/loss/|train/rand/'
train/loss/con 0.02 / train/loss/dyn 14.15 / train/loss/height 7.9e-3 / train/loss/orientations 1.03 / train/loss/policy -0.2 / train/loss/rep 14.15 / train/loss/repval 0.95 / train/loss/rew 0.62 / train/loss/value 0.76 / train/loss/velocity 2.72 / replay/replay_ratio 1040 / fps/policy 37.04 / fps/train 3.8e4

Writing metrics: /scratch/midway3/rickybao/dreamerv3_runs/adapt_random_walk_seed2/metrics.jsonlWriting metrics: /scratch/midway3/rickybao/dreamerv3_runs/adapt_random_walk_seed2/scores.jsonl


--------------------[Agent Step 161_552]--------------------
Metrics filtered by: 'score|length|fps|ratio|train/loss/|train/rand/'
episode/score 206.36 / episode/length 1001 / train/loss/con 0.02 / train/loss/dyn 14.18 / train/loss/height 7.9e-3 / train/loss/orientations 1.02 / train/loss/policy -0.21 / train/loss/rep 14.18 / train/loss/repval 0.77 / train/loss/rew 0.62 / train/loss/value 0.93 / train/loss/velocity 2.72 / replay/replay_ratio 1040 / fps/policy 37 / fps/train 3.8e4

Writing metrics: /scratch/midway3/rickybao/dreamerv3_runs/adapt_random_walk_seed2/metrics.jsonlWriting metrics: /scratch/midway3/rickybao/dreamerv3_runs/adapt_random_walk_seed2/scores.jsonl


--------------------[Agent Step 166_000]--------------------
Metrics filtered by: 'score|length|fps|ratio|train/loss/|train/rand/'
train/loss/con 0.02 / train/loss/dyn 14.21 / train/loss/height 7.9e-3 / train/loss/orientations 1.02 / train/loss/policy -0.19 / train/loss/rep 14.21 / train/loss/repval 0.68 / train/loss/rew 0.62 / train/loss/value 1 / train/loss/velocity 2.73 / replay/replay_ratio 1040 / fps/policy 36.99 / fps/train 3.8e4

Writing metrics: /scratch/midway3/rickybao/dreamerv3_runs/adapt_random_walk_seed2/metrics.jsonlWriting metrics: /scratch/midway3/rickybao/dreamerv3_runs/adapt_random_walk_seed2/scores.jsonl

Saving checkpoint: /scratch/midway3/rickybao/dreamerv3_runs/adapt_random_walk_seed2/ckpt/20260518T033214F776579
Saved checkpoint.

--------------------[Agent Step 170_400]--------------------
Metrics filtered by: 'score|length|fps|ratio|train/loss/|train/rand/'
train/loss/con 0.02 / train/loss/dyn 14.25 / train/loss/height 7.9e-3 / train/loss/orientations 1.02 / train/loss/policy -0.19 / train/loss/rep 14.25 / train/loss/repval 0.78 / train/loss/rew 0.62 / train/loss/value 0.93 / train/loss/velocity 2.75 / replay/replay_ratio 1040 / fps/policy 36.66 / fps/train 3.8e4

Writing metrics: /scratch/midway3/rickybao/dreamerv3_runs/adapt_random_walk_seed2/metrics.jsonlWriting metrics: /scratch/midway3/rickybao/dreamerv3_runs/adapt_random_walk_seed2/scores.jsonl


--------------------[Agent Step 174_848]--------------------
Metrics filtered by: 'score|length|fps|ratio|train/loss/|train/rand/'
train/loss/con 0.02 / train/loss/dyn 14.33 / train/loss/height 8e-3 / train/loss/orientations 1.05 / train/loss/policy -0.2 / train/loss/rep 14.33 / train/loss/repval 0.71 / train/loss/rew 0.62 / train/loss/value 1 / train/loss/velocity 2.77 / replay/replay_ratio 1040 / fps/policy 37.02 / fps/train 3.8e4

Writing metrics: /scratch/midway3/rickybao/dreamerv3_runs/adapt_random_walk_seed2/metrics.jsonlWriting metrics: /scratch/midway3/rickybao/dreamerv3_runs/adapt_random_walk_seed2/scores.jsonl


--------------------[Agent Step 179_296]--------------------
Metrics filtered by: 'score|length|fps|ratio|train/loss/|train/rand/'
episode/score 73.71 / episode/length 1001 / train/loss/con 0.02 / train/loss/dyn 14.41 / train/loss/height 7.9e-3 / train/loss/orientations 1.08 / train/loss/policy -0.2 / train/loss/rep 14.41 / train/loss/repval 0.6 / train/loss/rew 0.62 / train/loss/value 1.13 / train/loss/velocity 2.77 / replay/replay_ratio 1040 / fps/policy 37.01 / fps/train 3.8e4

Writing metrics: /scratch/midway3/rickybao/dreamerv3_runs/adapt_random_walk_seed2/metrics.jsonlWriting metrics: /scratch/midway3/rickybao/dreamerv3_runs/adapt_random_walk_seed2/scores.jsonl


--------------------[Agent Step 183_744]--------------------
Metrics filtered by: 'score|length|fps|ratio|train/loss/|train/rand/'
train/loss/con 0.02 / train/loss/dyn 14.46 / train/loss/height 8e-3 / train/loss/orientations 1.09 / train/loss/policy -0.21 / train/loss/rep 14.46 / train/loss/repval 0.65 / train/loss/rew 0.62 / train/loss/value 1.22 / train/loss/velocity 2.79 / replay/replay_ratio 1040 / fps/policy 37.01 / fps/train 3.8e4

Writing metrics: /scratch/midway3/rickybao/dreamerv3_runs/adapt_random_walk_seed2/metrics.jsonlWriting metrics: /scratch/midway3/rickybao/dreamerv3_runs/adapt_random_walk_seed2/scores.jsonl


--------------------[Agent Step 188_192]--------------------
Metrics filtered by: 'score|length|fps|ratio|train/loss/|train/rand/'
train/loss/con 0.02 / train/loss/dyn 14.53 / train/loss/height 8e-3 / train/loss/orientations 1.11 / train/loss/policy -0.21 / train/loss/rep 14.53 / train/loss/repval 0.9 / train/loss/rew 0.62 / train/loss/value 1.31 / train/loss/velocity 2.79 / replay/replay_ratio 1040 / fps/policy 37.03 / fps/train 3.8e4

Writing metrics: /scratch/midway3/rickybao/dreamerv3_runs/adapt_random_walk_seed2/metrics.jsonlWriting metrics: /scratch/midway3/rickybao/dreamerv3_runs/adapt_random_walk_seed2/scores.jsonl


--------------------[Agent Step 192_640]--------------------
Metrics filtered by: 'score|length|fps|ratio|train/loss/|train/rand/'
episode/score 76.53 / episode/length 1001 / train/loss/con 0.02 / train/loss/dyn 14.68 / train/loss/height 7.9e-3 / train/loss/orientations 1.14 / train/loss/policy -0.2 / train/loss/rep 14.68 / train/loss/repval 1.02 / train/loss/rew 0.62 / train/loss/value 1.32 / train/loss/velocity 2.81 / replay/replay_ratio 1040 / fps/policy 36.99 / fps/train 3.8e4

Writing metrics: /scratch/midway3/rickybao/dreamerv3_runs/adapt_random_walk_seed2/metrics.jsonl
Writing metrics: /scratch/midway3/rickybao/dreamerv3_runs/adapt_random_walk_seed2/scores.jsonl

--------------------[Agent Step 197_088]--------------------
Metrics filtered by: 'score|length|fps|ratio|train/loss/|train/rand/'
train/loss/con 0.02 / train/loss/dyn 14.71 / train/loss/height 7.9e-3 / train/loss/orientations 1.16 / train/loss/policy -0.2 / train/loss/rep 14.71 / train/loss/repval 1.14 / train/loss/rew 0.62 / train/loss/value 1.3 / train/loss/velocity 2.81 / replay/replay_ratio 1040 / fps/policy 37.01 / fps/train 3.8e4

Writing metrics: /scratch/midway3/rickybao/dreamerv3_runs/adapt_random_walk_seed2/metrics.jsonlWriting metrics: /scratch/midway3/rickybao/dreamerv3_runs/adapt_random_walk_seed2/scores.jsonl

Saving checkpoint: /scratch/midway3/rickybao/dreamerv3_runs/adapt_random_walk_seed2/ckpt/20260518T034715F031798
Saved checkpoint.

--------------------[Agent Step 201_504]--------------------
Metrics filtered by: 'score|length|fps|ratio|train/loss/|train/rand/'
train/loss/con 0.02 / train/loss/dyn 14.81 / train/loss/height 8e-3 / train/loss/orientations 1.18 / train/loss/policy -0.2 / train/loss/rep 14.81 / train/loss/repval 1.26 / train/loss/rew 0.62 / train/loss/value 1.24 / train/loss/velocity 2.83 / replay/replay_ratio 1040 / fps/policy 36.69 / fps/train 3.8e4

Writing metrics: /scratch/midway3/rickybao/dreamerv3_runs/adapt_random_walk_seed2/metrics.jsonlWriting metrics: /scratch/midway3/rickybao/dreamerv3_runs/adapt_random_walk_seed2/scores.jsonl


--------------------[Agent Step 205_952]--------------------
Metrics filtered by: 'score|length|fps|ratio|train/loss/|train/rand/'
train/loss/con 0.02 / train/loss/dyn 15.01 / train/loss/height 8e-3 / train/loss/orientations 1.25 / train/loss/policy -0.2 / train/loss/rep 15.01 / train/loss/repval 1.31 / train/loss/rew 0.62 / train/loss/value 1.19 / train/loss/velocity 2.84 / replay/replay_ratio 1040 / fps/policy 37.03 / fps/train 3.8e4

Writing metrics: /scratch/midway3/rickybao/dreamerv3_runs/adapt_random_walk_seed2/metrics.jsonlWriting metrics: /scratch/midway3/rickybao/dreamerv3_runs/adapt_random_walk_seed2/scores.jsonl


--------------------[Agent Step 210_400]--------------------
Metrics filtered by: 'score|length|fps|ratio|train/loss/|train/rand/'
episode/score 120.01 / episode/length 1001 / train/loss/con 0.02 / train/loss/dyn 15.3 / train/loss/height 8.1e-3 / train/loss/orientations 1.31 / train/loss/policy -0.2 / train/loss/rep 15.3 / train/loss/repval 1.32 / train/loss/rew 0.62 / train/loss/value 1.16 / train/loss/velocity 2.87 / replay/replay_ratio 1040 / fps/policy 37 / fps/train 3.8e4

Writing metrics: /scratch/midway3/rickybao/dreamerv3_runs/adapt_random_walk_seed2/metrics.jsonlWriting metrics: /scratch/midway3/rickybao/dreamerv3_runs/adapt_random_walk_seed2/scores.jsonl


--------------------[Agent Step 214_848]--------------------
Metrics filtered by: 'score|length|fps|ratio|train/loss/|train/rand/'
train/loss/con 0.02 / train/loss/dyn 15.36 / train/loss/height 8.1e-3 / train/loss/orientations 1.33 / train/loss/policy -0.2 / train/loss/rep 15.36 / train/loss/repval 1.34 / train/loss/rew 0.62 / train/loss/value 1.1 / train/loss/velocity 2.89 / replay/replay_ratio 1040 / fps/policy 36.98 / fps/train 3.8e4

Writing metrics: /scratch/midway3/rickybao/dreamerv3_runs/adapt_random_walk_seed2/metrics.jsonlWriting metrics: /scratch/midway3/rickybao/dreamerv3_runs/adapt_random_walk_seed2/scores.jsonl


--------------------[Agent Step 219_296]--------------------
Metrics filtered by: 'score|length|fps|ratio|train/loss/|train/rand/'
train/loss/con 0.02 / train/loss/dyn 15.34 / train/loss/height 8.1e-3 / train/loss/orientations 1.34 / train/loss/policy -0.19 / train/loss/rep 15.34 / train/loss/repval 1.35 / train/loss/rew 0.62 / train/loss/value 1.07 / train/loss/velocity 2.88 / replay/replay_ratio 1040 / fps/policy 36.94 / fps/train 3.8e4

Writing metrics: /scratch/midway3/rickybao/dreamerv3_runs/adapt_random_walk_seed2/scores.jsonlWriting metrics: /scratch/midway3/rickybao/dreamerv3_runs/adapt_random_walk_seed2/metrics.jsonl


--------------------[Agent Step 223_744]--------------------
Metrics filtered by: 'score|length|fps|ratio|train/loss/|train/rand/'
train/loss/con 0.02 / train/loss/dyn 15.53 / train/loss/height 8.1e-3 / train/loss/orientations 1.38 / train/loss/policy -0.19 / train/loss/rep 15.53 / train/loss/repval 1.35 / train/loss/rew 0.62 / train/loss/value 1.06 / train/loss/velocity 2.9 / replay/replay_ratio 1040 / fps/policy 37.02 / fps/train 3.8e4

Writing metrics: /scratch/midway3/rickybao/dreamerv3_runs/adapt_random_walk_seed2/metrics.jsonl
Writing metrics: /scratch/midway3/rickybao/dreamerv3_runs/adapt_random_walk_seed2/scores.jsonl

--------------------[Agent Step 228_192]--------------------
Metrics filtered by: 'score|length|fps|ratio|train/loss/|train/rand/'
episode/score 159.9 / episode/length 1001 / train/loss/con 0.02 / train/loss/dyn 15.71 / train/loss/height 8.1e-3 / train/loss/orientations 1.43 / train/loss/policy -0.19 / train/loss/rep 15.71 / train/loss/repval 1.36 / train/loss/rew 0.62 / train/loss/value 0.98 / train/loss/velocity 2.92 / replay/replay_ratio 1040 / fps/policy 36.97 / fps/train 3.8e4

Writing metrics: /scratch/midway3/rickybao/dreamerv3_runs/adapt_random_walk_seed2/scores.jsonlWriting metrics: /scratch/midway3/rickybao/dreamerv3_runs/adapt_random_walk_seed2/metrics.jsonl


--------------------[Agent Step 232_640]--------------------
Metrics filtered by: 'score|length|fps|ratio|train/loss/|train/rand/'
train/loss/con 0.02 / train/loss/dyn 15.74 / train/loss/height 8.1e-3 / train/loss/orientations 1.43 / train/loss/policy -0.19 / train/loss/rep 15.74 / train/loss/repval 1.36 / train/loss/rew 0.63 / train/loss/value 0.92 / train/loss/velocity 2.94 / replay/replay_ratio 1040 / fps/policy 37 / fps/train 3.8e4

Writing metrics: /scratch/midway3/rickybao/dreamerv3_runs/adapt_random_walk_seed2/metrics.jsonl
Writing metrics: /scratch/midway3/rickybao/dreamerv3_runs/adapt_random_walk_seed2/scores.jsonl
Saving checkpoint: /scratch/midway3/rickybao/dreamerv3_runs/adapt_random_walk_seed2/ckpt/20260518T040215F362696
Saved checkpoint.

--------------------[Agent Step 237_040]--------------------
Metrics filtered by: 'score|length|fps|ratio|train/loss/|train/rand/'
train/loss/con 0.02 / train/loss/dyn 15.86 / train/loss/height 8.2e-3 / train/loss/orientations 1.46 / train/loss/policy -0.19 / train/loss/rep 15.86 / train/loss/repval 1.36 / train/loss/rew 0.63 / train/loss/value 0.94 / train/loss/velocity 2.94 / replay/replay_ratio 1040 / fps/policy 36.63 / fps/train 3.8e4

Writing metrics: /scratch/midway3/rickybao/dreamerv3_runs/adapt_random_walk_seed2/metrics.jsonlWriting metrics: /scratch/midway3/rickybao/dreamerv3_runs/adapt_random_walk_seed2/scores.jsonl


--------------------[Agent Step 241_488]--------------------
Metrics filtered by: 'score|length|fps|ratio|train/loss/|train/rand/'
episode/score 114.89 / episode/length 1001 / train/loss/con 0.02 / train/loss/dyn 15.97 / train/loss/height 8.2e-3 / train/loss/orientations 1.5 / train/loss/policy -0.19 / train/loss/rep 15.97 / train/loss/repval 1.36 / train/loss/rew 0.63 / train/loss/value 0.96 / train/loss/velocity 2.95 / replay/replay_ratio 1040 / fps/policy 37 / fps/train 3.8e4

Writing metrics: /scratch/midway3/rickybao/dreamerv3_runs/adapt_random_walk_seed2/metrics.jsonlWriting metrics: /scratch/midway3/rickybao/dreamerv3_runs/adapt_random_walk_seed2/scores.jsonl


--------------------[Agent Step 245_936]--------------------
Metrics filtered by: 'score|length|fps|ratio|train/loss/|train/rand/'
train/loss/con 0.02 / train/loss/dyn 16.06 / train/loss/height 8.3e-3 / train/loss/orientations 1.51 / train/loss/policy -0.19 / train/loss/rep 16.06 / train/loss/repval 1.36 / train/loss/rew 0.63 / train/loss/value 1 / train/loss/velocity 2.97 / replay/replay_ratio 1040 / fps/policy 36.99 / fps/train 3.8e4

Writing metrics: /scratch/midway3/rickybao/dreamerv3_runs/adapt_random_walk_seed2/metrics.jsonlWriting metrics: /scratch/midway3/rickybao/dreamerv3_runs/adapt_random_walk_seed2/scores.jsonl

Adaptation finished | End time: Mon May 18 04:09:15 CDT 2026
Logdir: /scratch/midway3/rickybao/dreamerv3_runs/adapt_random_walk_seed2
