==============================
Slurm job started | Job ID: 49737737 | Node: midway3-0280.rcc.local
Start time: Mon May 18 01:19:17 CDT 2026
Frozen-readout adaptation | Cond: random | Task: stand | Seed: 1
==============================
PYTHON=/scratch/midway3/rickybao/conda_envs/dreamerv3/bin/python
LOGDIR=/scratch/midway3/rickybao/dreamerv3_runs/adapt_random_stand_seed1
Pretrained world model: /scratch/midway3/rickybao/dreamerv3_runs/pretrain_random_seed1/ckpt/20260517T183924F733100
GPU check:
Mon May 18 01:19:17 2026       
+---------------------------------------------------------------------------------------+
| NVIDIA-SMI 535.216.03             Driver Version: 535.216.03   CUDA Version: 12.2     |
|-----------------------------------------+----------------------+----------------------+
| GPU  Name                 Persistence-M | Bus-Id        Disp.A | Volatile Uncorr. ECC |
| Fan  Temp   Perf          Pwr:Usage/Cap |         Memory-Usage | GPU-Util  Compute M. |
|                                         |                      |               MIG M. |
|=========================================+======================+======================|
|   0  Tesla V100-PCIE-16GB           On  | 00000000:2F:00.0 Off |                  Off |
| N/A   41C    P0              31W / 250W |      0MiB / 16384MiB |      0%      Default |
|                                         |                      |                  N/A |
+-----------------------------------------+----------------------+----------------------+
                                                                                         
+---------------------------------------------------------------------------------------+
| Processes:                                                                            |
|  GPU   GI   CI        PID   Type   Process name                            GPU Memory |
|        ID   ID                                                             Usage      |
|=======================================================================================|
|  No running processes found                                                           |
+---------------------------------------------------------------------------------------+
Starting frozen-readout adaptation
---  ___                           __   ______ ---
--- |   \ _ _ ___ __ _ _ __  ___ _ \ \ / /__ / ---
--- | |) | '_/ -_) _` | '  \/ -_) '/\ V / |_ \ ---
--- |___/|_| \___\__,_|_|_|_\___|_|  \_/ |___/ ---
Replica: 0 / 1
Logdir: /scratch/midway3/rickybao/dreamerv3_runs/adapt_random_stand_seed1
Run script: train
Observations
  reward           Space(float32, shape=(), low=-inf, high=inf)
  is_first         Space(bool, shape=(), low=False, high=True)
  is_last          Space(bool, shape=(), low=False, high=True)
  is_terminal      Space(bool, shape=(), low=False, high=True)
  orientations     Space(float32, shape=(14,), low=-inf, high=inf)
  height           Space(float32, shape=(), low=-inf, high=inf)
  velocity         Space(float32, shape=(9,), low=-inf, high=inf)
Actions
  action           Space(float32, shape=(6,), low=-1.0, high=1.0)
Extras
  consec           Space(int32, shape=(), low=-2147483648, high=2147483647)
  stepid           Space(uint8, shape=(20,), low=0, high=255)
  dyn/deter        Space(float32, shape=(512,), low=-inf, high=inf)
  dyn/stoch        Space(float32, shape=(32, 4), low=-inf, high=inf)
JAX devices (1): [cuda:0]
Policy devices: cuda:0
Train devices:  cuda:0
Initializing parameters...
Optimizer opt has 215,243 params:
        66,111 val
        57,663 rew
        50,316 pol
        41,153 con
Done initializing!
Compiling 1 checkpoint groups...
Largest checkpoint group: 0 GB
Compiling train and report...
Train cost analysis:
  FLOPS:            7.2e+09
  Memory (temp):    2.0e+08
  Memory (inputs):  7.4e+06
  Memory (outputs): 5.9e+06
  Memory (code):    1.5e+06

Report cost analysis:
  FLOPS:            1.9e+06
  Memory (temp):    9.3e+05
  Memory (inputs):  2.8e+06
  Memory (outputs): 2.1e+04
  Memory (code):    9.7e+04

Done compiling!
Loaded pretrained checkpoint with keys: ['dec/mlp/linear0/bias', 'dec/mlp/linear0/kernel', 'dec/mlp/linear1/bias', 'dec/mlp/linear1/kernel', 'dec/mlp/linear2/bias', 'dec/mlp/linear2/kernel', 'dec/mlp/norm0/scale', 'dec/mlp/norm1/scale', 'dec/mlp/norm2/scale', 'dec/vec/height/pred/bias', 'dec/vec/height/pred/kernel', 'dec/vec/orientations/pred/bias', 'dec/vec/orientations/pred/kernel', 'dec/vec/velocity/pred/bias', 'dec/vec/velocity/pred/kernel', 'dyn/dyngru/bias', 'dyn/dyngru/kernel', 'dyn/dynhid0/bias', 'dyn/dynhid0/kernel', 'dyn/dynhid0norm/scale', 'dyn/dynin0/bias', 'dyn/dynin0/kernel', 'dyn/dynin0norm/scale', 'dyn/dynin1/bias', 'dyn/dynin1/kernel', 'dyn/dynin1norm/scale', 'dyn/dynin2/bias', 'dyn/dynin2/kernel', 'dyn/dynin2norm/scale', 'dyn/obs0/bias', 'dyn/obs0/kernel', 'dyn/obs0norm/scale', 'dyn/obslogit/bias', 'dyn/obslogit/kernel', 'dyn/prior0/bias', 'dyn/prior0/kernel', 'dyn/prior0norm/scale', 'dyn/prior1/bias', 'dyn/prior1/kernel', 'dyn/prior1norm/scale', 'dyn/priorlogit/bias', 'dyn/priorlogit/kernel', 'enc/mlp0/bias', 'enc/mlp0/kernel', 'enc/mlp0norm/scale', 'enc/mlp1/bias', 'enc/mlp1/kernel', 'enc/mlp1norm/scale', 'enc/mlp2/bias', 'enc/mlp2/kernel', 'enc/mlp2norm/scale']
Did not find any checkpoint.
Saving checkpoint: /scratch/midway3/rickybao/dreamerv3_runs/adapt_random_stand_seed1/ckpt/20260518T011946F372378
Saved checkpoint.
Start training loop

--------------------[Agent Step 6_256]--------------------
Metrics filtered by: 'score|length|fps|ratio|train/loss/|train/rand/'
train/loss/con 0.07 / train/loss/dyn 6.86 / train/loss/height 7.4e-4 / train/loss/orientations 0.06 / train/loss/policy 3.61 / train/loss/rep 6.86 / train/loss/repval 5.67 / train/loss/rew 1.67 / train/loss/value 3.08 / train/loss/velocity 0.87 / replay/replay_ratio 836.85 / fps/policy 50.61 / fps/train 3.5e4

Writing metrics: /scratch/midway3/rickybao/dreamerv3_runs/adapt_random_stand_seed1/metrics.jsonlWriting metrics: /scratch/midway3/rickybao/dreamerv3_runs/adapt_random_stand_seed1/scores.jsonl


--------------------[Agent Step 10_704]--------------------
Metrics filtered by: 'score|length|fps|ratio|train/loss/|train/rand/'
train/loss/con 0.02 / train/loss/dyn 6.51 / train/loss/height 6.3e-4 / train/loss/orientations 0.05 / train/loss/policy 4.68 / train/loss/rep 6.51 / train/loss/repval 3.22 / train/loss/rew 0.55 / train/loss/value 1.75 / train/loss/velocity 0.81 / replay/replay_ratio 1040 / fps/policy 36.95 / fps/train 3.8e4

Writing metrics: /scratch/midway3/rickybao/dreamerv3_runs/adapt_random_stand_seed1/metrics.jsonlWriting metrics: /scratch/midway3/rickybao/dreamerv3_runs/adapt_random_stand_seed1/scores.jsonl


--------------------[Agent Step 15_136]--------------------
Metrics filtered by: 'score|length|fps|ratio|train/loss/|train/rand/'
train/loss/con 0.02 / train/loss/dyn 7.5 / train/loss/height 9.9e-4 / train/loss/orientations 0.08 / train/loss/policy 3.22 / train/loss/rep 7.5 / train/loss/repval 1.9 / train/loss/rew 0.55 / train/loss/value 1.16 / train/loss/velocity 1.1 / replay/replay_ratio 1040 / fps/policy 36.91 / fps/train 3.8e4

Writing metrics: /scratch/midway3/rickybao/dreamerv3_runs/adapt_random_stand_seed1/metrics.jsonlWriting metrics: /scratch/midway3/rickybao/dreamerv3_runs/adapt_random_stand_seed1/scores.jsonl


--------------------[Agent Step 19_568]--------------------
Metrics filtered by: 'score|length|fps|ratio|train/loss/|train/rand/'
episode/score 196.28 / episode/length 1001 / train/loss/con 0.02 / train/loss/dyn 8.14 / train/loss/height 1.3e-3 / train/loss/orientations 0.1 / train/loss/policy 1.14 / train/loss/rep 8.14 / train/loss/repval 1.21 / train/loss/rew 0.56 / train/loss/value 0.95 / train/loss/velocity 1.28 / replay/replay_ratio 1040 / fps/policy 36.89 / fps/train 3.8e4

Writing metrics: /scratch/midway3/rickybao/dreamerv3_runs/adapt_random_stand_seed1/metrics.jsonlWriting metrics: /scratch/midway3/rickybao/dreamerv3_runs/adapt_random_stand_seed1/scores.jsonl


--------------------[Agent Step 23_952]--------------------
Metrics filtered by: 'score|length|fps|ratio|train/loss/|train/rand/'
train/loss/con 0.02 / train/loss/dyn 8.79 / train/loss/height 1.5e-3 / train/loss/orientations 0.14 / train/loss/policy 0.17 / train/loss/rep 8.79 / train/loss/repval 0.96 / train/loss/rew 0.57 / train/loss/value 0.85 / train/loss/velocity 1.45 / replay/replay_ratio 1040 / fps/policy 36.44 / fps/train 3.7e4

Writing metrics: /scratch/midway3/rickybao/dreamerv3_runs/adapt_random_stand_seed1/metrics.jsonlWriting metrics: /scratch/midway3/rickybao/dreamerv3_runs/adapt_random_stand_seed1/scores.jsonl


--------------------[Agent Step 28_400]--------------------
Metrics filtered by: 'score|length|fps|ratio|train/loss/|train/rand/'
train/loss/con 0.02 / train/loss/dyn 9.16 / train/loss/height 1.7e-3 / train/loss/orientations 0.15 / train/loss/policy 0.15 / train/loss/rep 9.16 / train/loss/repval 0.97 / train/loss/rew 0.58 / train/loss/value 0.88 / train/loss/velocity 1.56 / replay/replay_ratio 1040 / fps/policy 36.96 / fps/train 3.8e4

Writing metrics: /scratch/midway3/rickybao/dreamerv3_runs/adapt_random_stand_seed1/metrics.jsonlWriting metrics: /scratch/midway3/rickybao/dreamerv3_runs/adapt_random_stand_seed1/scores.jsonl


--------------------[Agent Step 32_848]--------------------
Metrics filtered by: 'score|length|fps|ratio|train/loss/|train/rand/'
episode/score 277.9 / episode/length 1001 / train/loss/con 0.02 / train/loss/dyn 9.56 / train/loss/height 1.9e-3 / train/loss/orientations 0.18 / train/loss/policy 0.09 / train/loss/rep 9.56 / train/loss/repval 0.95 / train/loss/rew 0.59 / train/loss/value 0.83 / train/loss/velocity 1.73 / replay/replay_ratio 1040 / fps/policy 36.94 / fps/train 3.8e4

Writing metrics: /scratch/midway3/rickybao/dreamerv3_runs/adapt_random_stand_seed1/scores.jsonlWriting metrics: /scratch/midway3/rickybao/dreamerv3_runs/adapt_random_stand_seed1/metrics.jsonl

Saving checkpoint: /scratch/midway3/rickybao/dreamerv3_runs/adapt_random_stand_seed1/ckpt/20260518T013448F759078
Saved checkpoint.

--------------------[Agent Step 37_232]--------------------
Metrics filtered by: 'score|length|fps|ratio|train/loss/|train/rand/'
train/loss/con 0.02 / train/loss/dyn 10.04 / train/loss/height 2.3e-3 / train/loss/orientations 0.21 / train/loss/policy -0.06 / train/loss/rep 10.04 / train/loss/repval 1.05 / train/loss/rew 0.59 / train/loss/value 0.91 / train/loss/velocity 1.94 / replay/replay_ratio 1040 / fps/policy 36.48 / fps/train 3.7e4

Writing metrics: /scratch/midway3/rickybao/dreamerv3_runs/adapt_random_stand_seed1/metrics.jsonlWriting metrics: /scratch/midway3/rickybao/dreamerv3_runs/adapt_random_stand_seed1/scores.jsonl


--------------------[Agent Step 41_680]--------------------
Metrics filtered by: 'score|length|fps|ratio|train/loss/|train/rand/'
train/loss/con 0.02 / train/loss/dyn 10.51 / train/loss/height 2.6e-3 / train/loss/orientations 0.24 / train/loss/policy -0.1 / train/loss/rep 10.51 / train/loss/repval 1.01 / train/loss/rew 0.6 / train/loss/value 0.8 / train/loss/velocity 2.1 / replay/replay_ratio 1040 / fps/policy 36.96 / fps/train 3.8e4

Writing metrics: /scratch/midway3/rickybao/dreamerv3_runs/adapt_random_stand_seed1/metrics.jsonlWriting metrics: /scratch/midway3/rickybao/dreamerv3_runs/adapt_random_stand_seed1/scores.jsonl


--------------------[Agent Step 46_112]--------------------
Metrics filtered by: 'score|length|fps|ratio|train/loss/|train/rand/'
train/loss/con 0.02 / train/loss/dyn 10.98 / train/loss/height 3e-3 / train/loss/orientations 0.26 / train/loss/policy -0.09 / train/loss/rep 10.98 / train/loss/repval 1.15 / train/loss/rew 0.61 / train/loss/value 0.99 / train/loss/velocity 2.26 / replay/replay_ratio 1040 / fps/policy 36.92 / fps/train 3.8e4

Writing metrics: /scratch/midway3/rickybao/dreamerv3_runs/adapt_random_stand_seed1/metrics.jsonl
Writing metrics: /scratch/midway3/rickybao/dreamerv3_runs/adapt_random_stand_seed1/scores.jsonl

--------------------[Agent Step 50_544]--------------------
Metrics filtered by: 'score|length|fps|ratio|train/loss/|train/rand/'
episode/score 432.84 / episode/length 1001 / train/loss/con 0.02 / train/loss/dyn 11.35 / train/loss/height 3.2e-3 / train/loss/orientations 0.28 / train/loss/policy -0.15 / train/loss/rep 11.35 / train/loss/repval 0.87 / train/loss/rew 0.61 / train/loss/value 0.83 / train/loss/velocity 2.35 / replay/replay_ratio 1040 / fps/policy 36.87 / fps/train 3.8e4

Writing metrics: /scratch/midway3/rickybao/dreamerv3_runs/adapt_random_stand_seed1/metrics.jsonlWriting metrics: /scratch/midway3/rickybao/dreamerv3_runs/adapt_random_stand_seed1/scores.jsonl


--------------------[Agent Step 54_992]--------------------
Metrics filtered by: 'score|length|fps|ratio|train/loss/|train/rand/'
train/loss/con 0.02 / train/loss/dyn 11.69 / train/loss/height 3.6e-3 / train/loss/orientations 0.29 / train/loss/policy -0.16 / train/loss/rep 11.69 / train/loss/repval 1.2 / train/loss/rew 0.61 / train/loss/value 1.06 / train/loss/velocity 2.45 / replay/replay_ratio 1040 / fps/policy 36.95 / fps/train 3.8e4

Writing metrics: /scratch/midway3/rickybao/dreamerv3_runs/adapt_random_stand_seed1/metrics.jsonlWriting metrics: /scratch/midway3/rickybao/dreamerv3_runs/adapt_random_stand_seed1/scores.jsonl


--------------------[Agent Step 59_440]--------------------
Metrics filtered by: 'score|length|fps|ratio|train/loss/|train/rand/'
train/loss/con 0.02 / train/loss/dyn 11.94 / train/loss/height 3.8e-3 / train/loss/orientations 0.3 / train/loss/policy -0.23 / train/loss/rep 11.94 / train/loss/repval 0.98 / train/loss/rew 0.61 / train/loss/value 0.73 / train/loss/velocity 2.53 / replay/replay_ratio 1040 / fps/policy 36.95 / fps/train 3.8e4

Writing metrics: /scratch/midway3/rickybao/dreamerv3_runs/adapt_random_stand_seed1/metrics.jsonlWriting metrics: /scratch/midway3/rickybao/dreamerv3_runs/adapt_random_stand_seed1/scores.jsonl


--------------------[Agent Step 63_872]--------------------
Metrics filtered by: 'score|length|fps|ratio|train/loss/|train/rand/'
train/loss/con 0.02 / train/loss/dyn 12.2 / train/loss/height 4.1e-3 / train/loss/orientations 0.32 / train/loss/policy -0.24 / train/loss/rep 12.2 / train/loss/repval 1.28 / train/loss/rew 0.62 / train/loss/value 1 / train/loss/velocity 2.63 / replay/replay_ratio 1040 / fps/policy 36.9 / fps/train 3.8e4

Writing metrics: /scratch/midway3/rickybao/dreamerv3_runs/adapt_random_stand_seed1/metrics.jsonlWriting metrics: /scratch/midway3/rickybao/dreamerv3_runs/adapt_random_stand_seed1/scores.jsonl

Saving checkpoint: /scratch/midway3/rickybao/dreamerv3_runs/adapt_random_stand_seed1/ckpt/20260518T014948F911328
Saved checkpoint.

--------------------[Agent Step 68_256]--------------------
Metrics filtered by: 'score|length|fps|ratio|train/loss/|train/rand/'
episode/score 420.35 / episode/length 1001 / train/loss/con 0.02 / train/loss/dyn 12.42 / train/loss/height 4.3e-3 / train/loss/orientations 0.33 / train/loss/policy -0.24 / train/loss/rep 12.42 / train/loss/repval 1.03 / train/loss/rew 0.62 / train/loss/value 0.56 / train/loss/velocity 2.73 / replay/replay_ratio 1040 / fps/policy 36.5 / fps/train 3.7e4

Writing metrics: /scratch/midway3/rickybao/dreamerv3_runs/adapt_random_stand_seed1/metrics.jsonlWriting metrics: /scratch/midway3/rickybao/dreamerv3_runs/adapt_random_stand_seed1/scores.jsonl


--------------------[Agent Step 72_688]--------------------
Metrics filtered by: 'score|length|fps|ratio|train/loss/|train/rand/'
train/loss/con 0.02 / train/loss/dyn 12.65 / train/loss/height 4.5e-3 / train/loss/orientations 0.34 / train/loss/policy -0.21 / train/loss/rep 12.65 / train/loss/repval 0.75 / train/loss/rew 0.62 / train/loss/value 0.75 / train/loss/velocity 2.82 / replay/replay_ratio 1040 / fps/policy 36.92 / fps/train 3.8e4

Writing metrics: /scratch/midway3/rickybao/dreamerv3_runs/adapt_random_stand_seed1/scores.jsonlWriting metrics: /scratch/midway3/rickybao/dreamerv3_runs/adapt_random_stand_seed1/metrics.jsonl


--------------------[Agent Step 77_120]--------------------
Metrics filtered by: 'score|length|fps|ratio|train/loss/|train/rand/'
train/loss/con 0.02 / train/loss/dyn 12.92 / train/loss/height 4.8e-3 / train/loss/orientations 0.36 / train/loss/policy -0.19 / train/loss/rep 12.92 / train/loss/repval 0.85 / train/loss/rew 0.62 / train/loss/value 0.6 / train/loss/velocity 2.94 / replay/replay_ratio 1040 / fps/policy 36.9 / fps/train 3.8e4

Writing metrics: /scratch/midway3/rickybao/dreamerv3_runs/adapt_random_stand_seed1/scores.jsonlWriting metrics: /scratch/midway3/rickybao/dreamerv3_runs/adapt_random_stand_seed1/metrics.jsonl


--------------------[Agent Step 81_552]--------------------
Metrics filtered by: 'score|length|fps|ratio|train/loss/|train/rand/'
episode/score 430.1 / episode/length 1001 / train/loss/con 0.02 / train/loss/dyn 13.09 / train/loss/height 5e-3 / train/loss/orientations 0.36 / train/loss/policy -0.22 / train/loss/rep 13.09 / train/loss/repval 0.71 / train/loss/rew 0.62 / train/loss/value 0.79 / train/loss/velocity 3 / replay/replay_ratio 1040 / fps/policy 36.83 / fps/train 3.8e4

Writing metrics: /scratch/midway3/rickybao/dreamerv3_runs/adapt_random_stand_seed1/metrics.jsonlWriting metrics: /scratch/midway3/rickybao/dreamerv3_runs/adapt_random_stand_seed1/scores.jsonl


--------------------[Agent Step 85_984]--------------------
Metrics filtered by: 'score|length|fps|ratio|train/loss/|train/rand/'
train/loss/con 0.02 / train/loss/dyn 13.28 / train/loss/height 5.2e-3 / train/loss/orientations 0.38 / train/loss/policy -0.23 / train/loss/rep 13.28 / train/loss/repval 0.67 / train/loss/rew 0.62 / train/loss/value 0.91 / train/loss/velocity 3.09 / replay/replay_ratio 1040 / fps/policy 36.89 / fps/train 3.8e4

Writing metrics: /scratch/midway3/rickybao/dreamerv3_runs/adapt_random_stand_seed1/scores.jsonlWriting metrics: /scratch/midway3/rickybao/dreamerv3_runs/adapt_random_stand_seed1/metrics.jsonl


--------------------[Agent Step 90_432]--------------------
Metrics filtered by: 'score|length|fps|ratio|train/loss/|train/rand/'
train/loss/con 0.02 / train/loss/dyn 13.42 / train/loss/height 5.4e-3 / train/loss/orientations 0.38 / train/loss/policy -0.25 / train/loss/rep 13.42 / train/loss/repval 0.67 / train/loss/rew 0.62 / train/loss/value 1.03 / train/loss/velocity 3.16 / replay/replay_ratio 1040 / fps/policy 36.94 / fps/train 3.8e4

Writing metrics: /scratch/midway3/rickybao/dreamerv3_runs/adapt_random_stand_seed1/metrics.jsonl
Writing metrics: /scratch/midway3/rickybao/dreamerv3_runs/adapt_random_stand_seed1/scores.jsonl

--------------------[Agent Step 94_864]--------------------
Metrics filtered by: 'score|length|fps|ratio|train/loss/|train/rand/'
train/loss/con 0.02 / train/loss/dyn 13.56 / train/loss/height 5.5e-3 / train/loss/orientations 0.39 / train/loss/policy -0.25 / train/loss/rep 13.56 / train/loss/repval 0.85 / train/loss/rew 0.62 / train/loss/value 1.22 / train/loss/velocity 3.21 / replay/replay_ratio 1040 / fps/policy 36.88 / fps/train 3.8e4

Writing metrics: /scratch/midway3/rickybao/dreamerv3_runs/adapt_random_stand_seed1/metrics.jsonl
Writing metrics: /scratch/midway3/rickybao/dreamerv3_runs/adapt_random_stand_seed1/scores.jsonl

--------------------[Agent Step 99_312]--------------------
Metrics filtered by: 'score|length|fps|ratio|train/loss/|train/rand/'
episode/score 392.08 / episode/length 1001 / train/loss/con 0.02 / train/loss/dyn 13.71 / train/loss/height 5.5e-3 / train/loss/orientations 0.4 / train/loss/policy -0.25 / train/loss/rep 13.71 / train/loss/repval 1.2 / train/loss/rew 0.62 / train/loss/value 1.32 / train/loss/velocity 3.27 / replay/replay_ratio 1040 / fps/policy 36.94 / fps/train 3.8e4

Writing metrics: /scratch/midway3/rickybao/dreamerv3_runs/adapt_random_stand_seed1/scores.jsonlWriting metrics: /scratch/midway3/rickybao/dreamerv3_runs/adapt_random_stand_seed1/metrics.jsonl

Saving checkpoint: /scratch/midway3/rickybao/dreamerv3_runs/adapt_random_stand_seed1/ckpt/20260518T020449F146159
Saved checkpoint.

--------------------[Agent Step 103_728]--------------------
Metrics filtered by: 'score|length|fps|ratio|train/loss/|train/rand/'
train/loss/con 0.02 / train/loss/dyn 13.85 / train/loss/height 5.6e-3 / train/loss/orientations 0.41 / train/loss/policy -0.23 / train/loss/rep 13.85 / train/loss/repval 1.32 / train/loss/rew 0.62 / train/loss/value 1.25 / train/loss/velocity 3.34 / replay/replay_ratio 1040 / fps/policy 36.75 / fps/train 3.8e4

Writing metrics: /scratch/midway3/rickybao/dreamerv3_runs/adapt_random_stand_seed1/metrics.jsonlWriting metrics: /scratch/midway3/rickybao/dreamerv3_runs/adapt_random_stand_seed1/scores.jsonl


--------------------[Agent Step 108_192]--------------------
Metrics filtered by: 'score|length|fps|ratio|train/loss/|train/rand/'
train/loss/con 0.02 / train/loss/dyn 13.97 / train/loss/height 5.7e-3 / train/loss/orientations 0.41 / train/loss/policy -0.23 / train/loss/rep 13.97 / train/loss/repval 1.34 / train/loss/rew 0.62 / train/loss/value 1.12 / train/loss/velocity 3.38 / replay/replay_ratio 1040 / fps/policy 37.13 / fps/train 3.8e4

Writing metrics: /scratch/midway3/rickybao/dreamerv3_runs/adapt_random_stand_seed1/metrics.jsonl
Writing metrics: /scratch/midway3/rickybao/dreamerv3_runs/adapt_random_stand_seed1/scores.jsonl

--------------------[Agent Step 112_656]--------------------
Metrics filtered by: 'score|length|fps|ratio|train/loss/|train/rand/'
episode/score 352.19 / episode/length 1001 / train/loss/con 0.02 / train/loss/dyn 14.07 / train/loss/height 5.7e-3 / train/loss/orientations 0.42 / train/loss/policy -0.22 / train/loss/rep 14.07 / train/loss/repval 1.33 / train/loss/rew 0.62 / train/loss/value 1.04 / train/loss/velocity 3.42 / replay/replay_ratio 1040 / fps/policy 37.08 / fps/train 3.8e4

Writing metrics: /scratch/midway3/rickybao/dreamerv3_runs/adapt_random_stand_seed1/metrics.jsonlWriting metrics: /scratch/midway3/rickybao/dreamerv3_runs/adapt_random_stand_seed1/scores.jsonl


--------------------[Agent Step 117_104]--------------------
Metrics filtered by: 'score|length|fps|ratio|train/loss/|train/rand/'
train/loss/con 0.02 / train/loss/dyn 14.16 / train/loss/height 5.8e-3 / train/loss/orientations 0.43 / train/loss/policy -0.22 / train/loss/rep 14.16 / train/loss/repval 1.29 / train/loss/rew 0.62 / train/loss/value 0.87 / train/loss/velocity 3.47 / replay/replay_ratio 1040 / fps/policy 37.06 / fps/train 3.8e4

Writing metrics: /scratch/midway3/rickybao/dreamerv3_runs/adapt_random_stand_seed1/metrics.jsonlWriting metrics: /scratch/midway3/rickybao/dreamerv3_runs/adapt_random_stand_seed1/scores.jsonl


--------------------[Agent Step 121_568]--------------------
Metrics filtered by: 'score|length|fps|ratio|train/loss/|train/rand/'
train/loss/con 0.02 / train/loss/dyn 14.27 / train/loss/height 5.8e-3 / train/loss/orientations 0.43 / train/loss/policy -0.22 / train/loss/rep 14.27 / train/loss/repval 1.21 / train/loss/rew 0.62 / train/loss/value 0.62 / train/loss/velocity 3.5 / replay/replay_ratio 1040 / fps/policy 37.08 / fps/train 3.8e4

Writing metrics: /scratch/midway3/rickybao/dreamerv3_runs/adapt_random_stand_seed1/metrics.jsonlWriting metrics: /scratch/midway3/rickybao/dreamerv3_runs/adapt_random_stand_seed1/scores.jsonl


--------------------[Agent Step 126_032]--------------------
Metrics filtered by: 'score|length|fps|ratio|train/loss/|train/rand/'
train/loss/con 0.02 / train/loss/dyn 14.38 / train/loss/height 5.8e-3 / train/loss/orientations 0.44 / train/loss/policy -0.22 / train/loss/rep 14.38 / train/loss/repval 1.17 / train/loss/rew 0.62 / train/loss/value 0.51 / train/loss/velocity 3.55 / replay/replay_ratio 1040 / fps/policy 37.12 / fps/train 3.8e4

Writing metrics: /scratch/midway3/rickybao/dreamerv3_runs/adapt_random_stand_seed1/metrics.jsonlWriting metrics: /scratch/midway3/rickybao/dreamerv3_runs/adapt_random_stand_seed1/scores.jsonl


--------------------[Agent Step 130_496]--------------------
Metrics filtered by: 'score|length|fps|ratio|train/loss/|train/rand/'
episode/score 383.72 / episode/length 1001 / train/loss/con 0.02 / train/loss/dyn 14.44 / train/loss/height 5.8e-3 / train/loss/orientations 0.44 / train/loss/policy -0.23 / train/loss/rep 14.44 / train/loss/repval 1.14 / train/loss/rew 0.62 / train/loss/value 0.45 / train/loss/velocity 3.58 / replay/replay_ratio 1040 / fps/policy 37.07 / fps/train 3.8e4

Writing metrics: /scratch/midway3/rickybao/dreamerv3_runs/adapt_random_stand_seed1/metrics.jsonlWriting metrics: /scratch/midway3/rickybao/dreamerv3_runs/adapt_random_stand_seed1/scores.jsonl

Saving checkpoint: /scratch/midway3/rickybao/dreamerv3_runs/adapt_random_stand_seed1/ckpt/20260518T021949F278278
Saved checkpoint.

--------------------[Agent Step 134_912]--------------------
Metrics filtered by: 'score|length|fps|ratio|train/loss/|train/rand/'
train/loss/con 0.02 / train/loss/dyn 14.5 / train/loss/height 5.8e-3 / train/loss/orientations 0.44 / train/loss/policy -0.23 / train/loss/rep 14.5 / train/loss/repval 1.09 / train/loss/rew 0.62 / train/loss/value 0.43 / train/loss/velocity 3.61 / replay/replay_ratio 1040 / fps/policy 36.75 / fps/train 3.8e4

Writing metrics: /scratch/midway3/rickybao/dreamerv3_runs/adapt_random_stand_seed1/metrics.jsonlWriting metrics: /scratch/midway3/rickybao/dreamerv3_runs/adapt_random_stand_seed1/scores.jsonl


--------------------[Agent Step 139_376]--------------------
Metrics filtered by: 'score|length|fps|ratio|train/loss/|train/rand/'
train/loss/con 0.02 / train/loss/dyn 14.55 / train/loss/height 5.8e-3 / train/loss/orientations 0.44 / train/loss/policy -0.24 / train/loss/rep 14.55 / train/loss/repval 0.92 / train/loss/rew 0.62 / train/loss/value 0.51 / train/loss/velocity 3.62 / replay/replay_ratio 1040 / fps/policy 37.09 / fps/train 3.8e4

Writing metrics: /scratch/midway3/rickybao/dreamerv3_runs/adapt_random_stand_seed1/metrics.jsonlWriting metrics: /scratch/midway3/rickybao/dreamerv3_runs/adapt_random_stand_seed1/scores.jsonl


--------------------[Agent Step 143_824]--------------------
Metrics filtered by: 'score|length|fps|ratio|train/loss/|train/rand/'
train/loss/con 0.02 / train/loss/dyn 14.61 / train/loss/height 5.8e-3 / train/loss/orientations 0.45 / train/loss/policy -0.24 / train/loss/rep 14.61 / train/loss/repval 0.83 / train/loss/rew 0.62 / train/loss/value 0.58 / train/loss/velocity 3.63 / replay/replay_ratio 1040 / fps/policy 37.02 / fps/train 3.8e4

Writing metrics: /scratch/midway3/rickybao/dreamerv3_runs/adapt_random_stand_seed1/metrics.jsonlWriting metrics: /scratch/midway3/rickybao/dreamerv3_runs/adapt_random_stand_seed1/scores.jsonl


--------------------[Agent Step 148_272]--------------------
Metrics filtered by: 'score|length|fps|ratio|train/loss/|train/rand/'
episode/score 302.55 / episode/length 1001 / train/loss/con 0.02 / train/loss/dyn 14.7 / train/loss/height 5.8e-3 / train/loss/orientations 0.45 / train/loss/policy -0.23 / train/loss/rep 14.7 / train/loss/repval 0.82 / train/loss/rew 0.62 / train/loss/value 0.6 / train/loss/velocity 3.67 / replay/replay_ratio 1040 / fps/policy 36.96 / fps/train 3.8e4

Writing metrics: /scratch/midway3/rickybao/dreamerv3_runs/adapt_random_stand_seed1/metrics.jsonl
Writing metrics: /scratch/midway3/rickybao/dreamerv3_runs/adapt_random_stand_seed1/scores.jsonl

--------------------[Agent Step 152_736]--------------------
Metrics filtered by: 'score|length|fps|ratio|train/loss/|train/rand/'
train/loss/con 0.02 / train/loss/dyn 14.73 / train/loss/height 5.8e-3 / train/loss/orientations 0.46 / train/loss/policy -0.23 / train/loss/rep 14.73 / train/loss/repval 0.78 / train/loss/rew 0.62 / train/loss/value 0.64 / train/loss/velocity 3.68 / replay/replay_ratio 1040 / fps/policy 37.08 / fps/train 3.8e4

Writing metrics: /scratch/midway3/rickybao/dreamerv3_runs/adapt_random_stand_seed1/metrics.jsonlWriting metrics: /scratch/midway3/rickybao/dreamerv3_runs/adapt_random_stand_seed1/scores.jsonl


--------------------[Agent Step 157_184]--------------------
Metrics filtered by: 'score|length|fps|ratio|train/loss/|train/rand/'
train/loss/con 0.02 / train/loss/dyn 14.77 / train/loss/height 5.8e-3 / train/loss/orientations 0.46 / train/loss/policy -0.23 / train/loss/rep 14.77 / train/loss/repval 0.72 / train/loss/rew 0.62 / train/loss/value 0.73 / train/loss/velocity 3.7 / replay/replay_ratio 1040 / fps/policy 37.05 / fps/train 3.8e4

Writing metrics: /scratch/midway3/rickybao/dreamerv3_runs/adapt_random_stand_seed1/scores.jsonlWriting metrics: /scratch/midway3/rickybao/dreamerv3_runs/adapt_random_stand_seed1/metrics.jsonl


--------------------[Agent Step 161_632]--------------------
Metrics filtered by: 'score|length|fps|ratio|train/loss/|train/rand/'
episode/score 342.46 / episode/length 1001 / train/loss/con 0.02 / train/loss/dyn 14.82 / train/loss/height 5.9e-3 / train/loss/orientations 0.46 / train/loss/policy -0.22 / train/loss/rep 14.82 / train/loss/repval 0.69 / train/loss/rew 0.61 / train/loss/value 0.77 / train/loss/velocity 3.72 / replay/replay_ratio 1040 / fps/policy 36.98 / fps/train 3.8e4

Writing metrics: /scratch/midway3/rickybao/dreamerv3_runs/adapt_random_stand_seed1/metrics.jsonlWriting metrics: /scratch/midway3/rickybao/dreamerv3_runs/adapt_random_stand_seed1/scores.jsonl


--------------------[Agent Step 166_080]--------------------
Metrics filtered by: 'score|length|fps|ratio|train/loss/|train/rand/'
train/loss/con 0.02 / train/loss/dyn 14.88 / train/loss/height 5.9e-3 / train/loss/orientations 0.47 / train/loss/policy -0.23 / train/loss/rep 14.88 / train/loss/repval 0.69 / train/loss/rew 0.62 / train/loss/value 0.78 / train/loss/velocity 3.76 / replay/replay_ratio 1040 / fps/policy 36.99 / fps/train 3.8e4

Writing metrics: /scratch/midway3/rickybao/dreamerv3_runs/adapt_random_stand_seed1/metrics.jsonlWriting metrics: /scratch/midway3/rickybao/dreamerv3_runs/adapt_random_stand_seed1/scores.jsonl

Saving checkpoint: /scratch/midway3/rickybao/dreamerv3_runs/adapt_random_stand_seed1/ckpt/20260518T023449F705459
Saved checkpoint.

--------------------[Agent Step 170_496]--------------------
Metrics filtered by: 'score|length|fps|ratio|train/loss/|train/rand/'
train/loss/con 0.02 / train/loss/dyn 14.97 / train/loss/height 6e-3 / train/loss/orientations 0.47 / train/loss/policy -0.23 / train/loss/rep 14.97 / train/loss/repval 0.66 / train/loss/rew 0.62 / train/loss/value 0.85 / train/loss/velocity 3.79 / replay/replay_ratio 1040 / fps/policy 36.69 / fps/train 3.8e4

Writing metrics: /scratch/midway3/rickybao/dreamerv3_runs/adapt_random_stand_seed1/metrics.jsonlWriting metrics: /scratch/midway3/rickybao/dreamerv3_runs/adapt_random_stand_seed1/scores.jsonl


--------------------[Agent Step 174_944]--------------------
Metrics filtered by: 'score|length|fps|ratio|train/loss/|train/rand/'
train/loss/con 0.02 / train/loss/dyn 15 / train/loss/height 6e-3 / train/loss/orientations 0.47 / train/loss/policy -0.23 / train/loss/rep 15 / train/loss/repval 0.64 / train/loss/rew 0.61 / train/loss/value 0.88 / train/loss/velocity 3.81 / replay/replay_ratio 1040 / fps/policy 37.04 / fps/train 3.8e4

Writing metrics: /scratch/midway3/rickybao/dreamerv3_runs/adapt_random_stand_seed1/metrics.jsonl
Writing metrics: /scratch/midway3/rickybao/dreamerv3_runs/adapt_random_stand_seed1/scores.jsonl

--------------------[Agent Step 179_392]--------------------
Metrics filtered by: 'score|length|fps|ratio|train/loss/|train/rand/'
episode/score 383.01 / episode/length 1001 / train/loss/con 0.02 / train/loss/dyn 15.03 / train/loss/height 6.1e-3 / train/loss/orientations 0.47 / train/loss/policy -0.23 / train/loss/rep 15.03 / train/loss/repval 0.63 / train/loss/rew 0.62 / train/loss/value 0.92 / train/loss/velocity 3.83 / replay/replay_ratio 1040 / fps/policy 36.99 / fps/train 3.8e4

Writing metrics: /scratch/midway3/rickybao/dreamerv3_runs/adapt_random_stand_seed1/metrics.jsonl
Writing metrics: /scratch/midway3/rickybao/dreamerv3_runs/adapt_random_stand_seed1/scores.jsonl

--------------------[Agent Step 183_840]--------------------
Metrics filtered by: 'score|length|fps|ratio|train/loss/|train/rand/'
train/loss/con 0.02 / train/loss/dyn 15.09 / train/loss/height 6.1e-3 / train/loss/orientations 0.48 / train/loss/policy -0.23 / train/loss/rep 15.09 / train/loss/repval 0.64 / train/loss/rew 0.61 / train/loss/value 0.99 / train/loss/velocity 3.86 / replay/replay_ratio 1040 / fps/policy 37.05 / fps/train 3.8e4

Writing metrics: /scratch/midway3/rickybao/dreamerv3_runs/adapt_random_stand_seed1/metrics.jsonlWriting metrics: /scratch/midway3/rickybao/dreamerv3_runs/adapt_random_stand_seed1/scores.jsonl


--------------------[Agent Step 188_304]--------------------
Metrics filtered by: 'score|length|fps|ratio|train/loss/|train/rand/'
train/loss/con 0.02 / train/loss/dyn 15.12 / train/loss/height 6.1e-3 / train/loss/orientations 0.49 / train/loss/policy -0.23 / train/loss/rep 15.12 / train/loss/repval 0.65 / train/loss/rew 0.61 / train/loss/value 1.05 / train/loss/velocity 3.87 / replay/replay_ratio 1040 / fps/policy 37.08 / fps/train 3.8e4

Writing metrics: /scratch/midway3/rickybao/dreamerv3_runs/adapt_random_stand_seed1/metrics.jsonlWriting metrics: /scratch/midway3/rickybao/dreamerv3_runs/adapt_random_stand_seed1/scores.jsonl


--------------------[Agent Step 192_752]--------------------
Metrics filtered by: 'score|length|fps|ratio|train/loss/|train/rand/'
episode/score 292.41 / episode/length 1001 / train/loss/con 0.02 / train/loss/dyn 15.13 / train/loss/height 6.2e-3 / train/loss/orientations 0.49 / train/loss/policy -0.23 / train/loss/rep 15.13 / train/loss/repval 0.66 / train/loss/rew 0.61 / train/loss/value 1.09 / train/loss/velocity 3.89 / replay/replay_ratio 1040 / fps/policy 37.06 / fps/train 3.8e4

Writing metrics: /scratch/midway3/rickybao/dreamerv3_runs/adapt_random_stand_seed1/metrics.jsonl
Writing metrics: /scratch/midway3/rickybao/dreamerv3_runs/adapt_random_stand_seed1/scores.jsonl

--------------------[Agent Step 197_200]--------------------
Metrics filtered by: 'score|length|fps|ratio|train/loss/|train/rand/'
train/loss/con 0.02 / train/loss/dyn 15.15 / train/loss/height 6.2e-3 / train/loss/orientations 0.48 / train/loss/policy -0.22 / train/loss/rep 15.15 / train/loss/repval 0.67 / train/loss/rew 0.61 / train/loss/value 1.11 / train/loss/velocity 3.89 / replay/replay_ratio 1040 / fps/policy 36.98 / fps/train 3.8e4

Writing metrics: /scratch/midway3/rickybao/dreamerv3_runs/adapt_random_stand_seed1/metrics.jsonlWriting metrics: /scratch/midway3/rickybao/dreamerv3_runs/adapt_random_stand_seed1/scores.jsonl

Saving checkpoint: /scratch/midway3/rickybao/dreamerv3_runs/adapt_random_stand_seed1/ckpt/20260518T024949F791546
Saved checkpoint.

--------------------[Agent Step 201_616]--------------------
Metrics filtered by: 'score|length|fps|ratio|train/loss/|train/rand/'
train/loss/con 0.02 / train/loss/dyn 15.2 / train/loss/height 6.2e-3 / train/loss/orientations 0.49 / train/loss/policy -0.23 / train/loss/rep 15.2 / train/loss/repval 0.71 / train/loss/rew 0.61 / train/loss/value 1.15 / train/loss/velocity 3.92 / replay/replay_ratio 1040 / fps/policy 36.68 / fps/train 3.8e4

Writing metrics: /scratch/midway3/rickybao/dreamerv3_runs/adapt_random_stand_seed1/metrics.jsonlWriting metrics: /scratch/midway3/rickybao/dreamerv3_runs/adapt_random_stand_seed1/scores.jsonl


--------------------[Agent Step 206_064]--------------------
Metrics filtered by: 'score|length|fps|ratio|train/loss/|train/rand/'
train/loss/con 0.02 / train/loss/dyn 15.26 / train/loss/height 6.2e-3 / train/loss/orientations 0.5 / train/loss/policy -0.23 / train/loss/rep 15.26 / train/loss/repval 0.79 / train/loss/rew 0.61 / train/loss/value 1.21 / train/loss/velocity 3.94 / replay/replay_ratio 1040 / fps/policy 37.04 / fps/train 3.8e4

Writing metrics: /scratch/midway3/rickybao/dreamerv3_runs/adapt_random_stand_seed1/metrics.jsonlWriting metrics: /scratch/midway3/rickybao/dreamerv3_runs/adapt_random_stand_seed1/scores.jsonl


--------------------[Agent Step 210_512]--------------------
Metrics filtered by: 'score|length|fps|ratio|train/loss/|train/rand/'
episode/score 363.96 / episode/length 1001 / train/loss/con 0.02 / train/loss/dyn 15.28 / train/loss/height 6.3e-3 / train/loss/orientations 0.49 / train/loss/policy -0.23 / train/loss/rep 15.28 / train/loss/repval 0.85 / train/loss/rew 0.61 / train/loss/value 1.24 / train/loss/velocity 3.95 / replay/replay_ratio 1040 / fps/policy 37 / fps/train 3.8e4

Writing metrics: /scratch/midway3/rickybao/dreamerv3_runs/adapt_random_stand_seed1/metrics.jsonlWriting metrics: /scratch/midway3/rickybao/dreamerv3_runs/adapt_random_stand_seed1/scores.jsonl


--------------------[Agent Step 214_960]--------------------
Metrics filtered by: 'score|length|fps|ratio|train/loss/|train/rand/'
train/loss/con 0.02 / train/loss/dyn 15.33 / train/loss/height 6.3e-3 / train/loss/orientations 0.49 / train/loss/policy -0.23 / train/loss/rep 15.33 / train/loss/repval 0.9 / train/loss/rew 0.61 / train/loss/value 1.27 / train/loss/velocity 3.96 / replay/replay_ratio 1040 / fps/policy 36.99 / fps/train 3.8e4

Writing metrics: /scratch/midway3/rickybao/dreamerv3_runs/adapt_random_stand_seed1/metrics.jsonlWriting metrics: /scratch/midway3/rickybao/dreamerv3_runs/adapt_random_stand_seed1/scores.jsonl


--------------------[Agent Step 219_408]--------------------
Metrics filtered by: 'score|length|fps|ratio|train/loss/|train/rand/'
train/loss/con 0.02 / train/loss/dyn 15.34 / train/loss/height 6.3e-3 / train/loss/orientations 0.5 / train/loss/policy -0.23 / train/loss/rep 15.34 / train/loss/repval 0.95 / train/loss/rew 0.61 / train/loss/value 1.28 / train/loss/velocity 3.98 / replay/replay_ratio 1040 / fps/policy 36.99 / fps/train 3.8e4

Writing metrics: /scratch/midway3/rickybao/dreamerv3_runs/adapt_random_stand_seed1/metrics.jsonlWriting metrics: /scratch/midway3/rickybao/dreamerv3_runs/adapt_random_stand_seed1/scores.jsonl


--------------------[Agent Step 223_856]--------------------
Metrics filtered by: 'score|length|fps|ratio|train/loss/|train/rand/'
train/loss/con 0.02 / train/loss/dyn 15.4 / train/loss/height 6.3e-3 / train/loss/orientations 0.5 / train/loss/policy -0.23 / train/loss/rep 15.4 / train/loss/repval 1 / train/loss/rew 0.61 / train/loss/value 1.3 / train/loss/velocity 4 / replay/replay_ratio 1040 / fps/policy 37.05 / fps/train 3.8e4

Writing metrics: /scratch/midway3/rickybao/dreamerv3_runs/adapt_random_stand_seed1/metrics.jsonlWriting metrics: /scratch/midway3/rickybao/dreamerv3_runs/adapt_random_stand_seed1/scores.jsonl


--------------------[Agent Step 228_304]--------------------
Metrics filtered by: 'score|length|fps|ratio|train/loss/|train/rand/'
episode/score 389.24 / episode/length 1001 / train/loss/con 0.02 / train/loss/dyn 15.43 / train/loss/height 6.4e-3 / train/loss/orientations 0.5 / train/loss/policy -0.22 / train/loss/rep 15.43 / train/loss/repval 1.02 / train/loss/rew 0.61 / train/loss/value 1.31 / train/loss/velocity 4.01 / replay/replay_ratio 1040 / fps/policy 36.98 / fps/train 3.8e4

Writing metrics: /scratch/midway3/rickybao/dreamerv3_runs/adapt_random_stand_seed1/metrics.jsonlWriting metrics: /scratch/midway3/rickybao/dreamerv3_runs/adapt_random_stand_seed1/scores.jsonl


--------------------[Agent Step 232_752]--------------------
Metrics filtered by: 'score|length|fps|ratio|train/loss/|train/rand/'
train/loss/con 0.02 / train/loss/dyn 15.46 / train/loss/height 6.4e-3 / train/loss/orientations 0.51 / train/loss/policy -0.22 / train/loss/rep 15.46 / train/loss/repval 1.03 / train/loss/rew 0.61 / train/loss/value 1.31 / train/loss/velocity 4.02 / replay/replay_ratio 1040 / fps/policy 37.01 / fps/train 3.8e4

Writing metrics: /scratch/midway3/rickybao/dreamerv3_runs/adapt_random_stand_seed1/metrics.jsonlWriting metrics: /scratch/midway3/rickybao/dreamerv3_runs/adapt_random_stand_seed1/scores.jsonl

Saving checkpoint: /scratch/midway3/rickybao/dreamerv3_runs/adapt_random_stand_seed1/ckpt/20260518T030449F827414
Saved checkpoint.

--------------------[Agent Step 237_152]--------------------
Metrics filtered by: 'score|length|fps|ratio|train/loss/|train/rand/'
train/loss/con 0.02 / train/loss/dyn 15.5 / train/loss/height 6.5e-3 / train/loss/orientations 0.51 / train/loss/policy -0.22 / train/loss/rep 15.5 / train/loss/repval 1.04 / train/loss/rew 0.61 / train/loss/value 1.31 / train/loss/velocity 4.04 / replay/replay_ratio 1040 / fps/policy 36.62 / fps/train 3.7e4

Writing metrics: /scratch/midway3/rickybao/dreamerv3_runs/adapt_random_stand_seed1/metrics.jsonlWriting metrics: /scratch/midway3/rickybao/dreamerv3_runs/adapt_random_stand_seed1/scores.jsonl


--------------------[Agent Step 241_600]--------------------
Metrics filtered by: 'score|length|fps|ratio|train/loss/|train/rand/'
episode/score 375.19 / episode/length 1001 / train/loss/con 0.02 / train/loss/dyn 15.53 / train/loss/height 6.5e-3 / train/loss/orientations 0.51 / train/loss/policy -0.22 / train/loss/rep 15.53 / train/loss/repval 1.02 / train/loss/rew 0.61 / train/loss/value 1.31 / train/loss/velocity 4.06 / replay/replay_ratio 1040 / fps/policy 36.98 / fps/train 3.8e4

Writing metrics: /scratch/midway3/rickybao/dreamerv3_runs/adapt_random_stand_seed1/metrics.jsonlWriting metrics: /scratch/midway3/rickybao/dreamerv3_runs/adapt_random_stand_seed1/scores.jsonl


--------------------[Agent Step 246_048]--------------------
Metrics filtered by: 'score|length|fps|ratio|train/loss/|train/rand/'
train/loss/con 0.02 / train/loss/dyn 15.58 / train/loss/height 6.5e-3 / train/loss/orientations 0.52 / train/loss/policy -0.23 / train/loss/rep 15.58 / train/loss/repval 1 / train/loss/rew 0.61 / train/loss/value 1.3 / train/loss/velocity 4.07 / replay/replay_ratio 1040 / fps/policy 36.96 / fps/train 3.8e4

Writing metrics: /scratch/midway3/rickybao/dreamerv3_runs/adapt_random_stand_seed1/metrics.jsonl
Writing metrics: /scratch/midway3/rickybao/dreamerv3_runs/adapt_random_stand_seed1/scores.jsonl
Adaptation finished | End time: Mon May 18 03:11:49 CDT 2026
Logdir: /scratch/midway3/rickybao/dreamerv3_runs/adapt_random_stand_seed1
