==============================
Slurm job started | Job ID: 49756645 | Node: midway3-0279.rcc.local
Start time: Mon May 18 14:02:22 CDT 2026
Frozen-readout adaptation | Cond: apt | Task: run | Seed: 2
==============================
PYTHON=/scratch/midway3/rickybao/conda_envs/dreamerv3/bin/python
LOGDIR=/scratch/midway3/rickybao/dreamerv3_runs/adapt_apt_run_seed2
Pretrained world model: /scratch/midway3/rickybao/dreamerv3_runs/pretrain_apt_seed2/ckpt/20260518T062131F613125
GPU check:
Mon May 18 14:02:22 2026       
+---------------------------------------------------------------------------------------+
| NVIDIA-SMI 535.216.03             Driver Version: 535.216.03   CUDA Version: 12.2     |
|-----------------------------------------+----------------------+----------------------+
| GPU  Name                 Persistence-M | Bus-Id        Disp.A | Volatile Uncorr. ECC |
| Fan  Temp   Perf          Pwr:Usage/Cap |         Memory-Usage | GPU-Util  Compute M. |
|                                         |                      |               MIG M. |
|=========================================+======================+======================|
|   0  Tesla V100-PCIE-16GB           On  | 00000000:D8:00.0 Off |                  Off |
| N/A   34C    P0              28W / 250W |      0MiB / 16384MiB |      0%      Default |
|                                         |                      |                  N/A |
+-----------------------------------------+----------------------+----------------------+
                                                                                         
+---------------------------------------------------------------------------------------+
| Processes:                                                                            |
|  GPU   GI   CI        PID   Type   Process name                            GPU Memory |
|        ID   ID                                                             Usage      |
|=======================================================================================|
|  No running processes found                                                           |
+---------------------------------------------------------------------------------------+
Starting frozen-readout adaptation
---  ___                           __   ______ ---
--- |   \ _ _ ___ __ _ _ __  ___ _ \ \ / /__ / ---
--- | |) | '_/ -_) _` | '  \/ -_) '/\ V / |_ \ ---
--- |___/|_| \___\__,_|_|_|_\___|_|  \_/ |___/ ---
Replica: 0 / 1
Logdir: /scratch/midway3/rickybao/dreamerv3_runs/adapt_apt_run_seed2
Run script: train
Observations
  reward           Space(float32, shape=(), low=-inf, high=inf)
  is_first         Space(bool, shape=(), low=False, high=True)
  is_last          Space(bool, shape=(), low=False, high=True)
  is_terminal      Space(bool, shape=(), low=False, high=True)
  orientations     Space(float32, shape=(14,), low=-inf, high=inf)
  height           Space(float32, shape=(), low=-inf, high=inf)
  velocity         Space(float32, shape=(9,), low=-inf, high=inf)
Actions
  action           Space(float32, shape=(6,), low=-1.0, high=1.0)
Extras
  consec           Space(int32, shape=(), low=-2147483648, high=2147483647)
  stepid           Space(uint8, shape=(20,), low=0, high=255)
  dyn/deter        Space(float32, shape=(512,), low=-inf, high=inf)
  dyn/stoch        Space(float32, shape=(32, 4), low=-inf, high=inf)
JAX devices (1): [cuda:0]
Policy devices: cuda:0
Train devices:  cuda:0
Initializing parameters...
Optimizer opt has 215,243 params:
        66,111 val
        57,663 rew
        50,316 pol
        41,153 con
Done initializing!
Compiling 1 checkpoint groups...
Largest checkpoint group: 0 GB
Compiling train and report...
Train cost analysis:
  FLOPS:            7.2e+09
  Memory (temp):    2.0e+08
  Memory (inputs):  7.4e+06
  Memory (outputs): 5.9e+06
  Memory (code):    1.5e+06

Report cost analysis:
  FLOPS:            1.9e+06
  Memory (temp):    9.3e+05
  Memory (inputs):  2.8e+06
  Memory (outputs): 2.1e+04
  Memory (code):    9.7e+04

Done compiling!
Loaded pretrained checkpoint with keys: ['dec/mlp/linear0/bias', 'dec/mlp/linear0/kernel', 'dec/mlp/linear1/bias', 'dec/mlp/linear1/kernel', 'dec/mlp/linear2/bias', 'dec/mlp/linear2/kernel', 'dec/mlp/norm0/scale', 'dec/mlp/norm1/scale', 'dec/mlp/norm2/scale', 'dec/vec/height/pred/bias', 'dec/vec/height/pred/kernel', 'dec/vec/orientations/pred/bias', 'dec/vec/orientations/pred/kernel', 'dec/vec/velocity/pred/bias', 'dec/vec/velocity/pred/kernel', 'dyn/dyngru/bias', 'dyn/dyngru/kernel', 'dyn/dynhid0/bias', 'dyn/dynhid0/kernel', 'dyn/dynhid0norm/scale', 'dyn/dynin0/bias', 'dyn/dynin0/kernel', 'dyn/dynin0norm/scale', 'dyn/dynin1/bias', 'dyn/dynin1/kernel', 'dyn/dynin1norm/scale', 'dyn/dynin2/bias', 'dyn/dynin2/kernel', 'dyn/dynin2norm/scale', 'dyn/obs0/bias', 'dyn/obs0/kernel', 'dyn/obs0norm/scale', 'dyn/obslogit/bias', 'dyn/obslogit/kernel', 'dyn/prior0/bias', 'dyn/prior0/kernel', 'dyn/prior0norm/scale', 'dyn/prior1/bias', 'dyn/prior1/kernel', 'dyn/prior1norm/scale', 'dyn/priorlogit/bias', 'dyn/priorlogit/kernel', 'enc/mlp0/bias', 'enc/mlp0/kernel', 'enc/mlp0norm/scale', 'enc/mlp1/bias', 'enc/mlp1/kernel', 'enc/mlp1norm/scale', 'enc/mlp2/bias', 'enc/mlp2/kernel', 'enc/mlp2norm/scale']
Did not find any checkpoint.
Saving checkpoint: /scratch/midway3/rickybao/dreamerv3_runs/adapt_apt_run_seed2/ckpt/20260518T140314F491497
Saved checkpoint.
Start training loop

--------------------[Agent Step 6_272]--------------------
Metrics filtered by: 'score|length|fps|ratio|train/loss/|train/rand/'
train/loss/con 0.08 / train/loss/dyn 7.24 / train/loss/height 6.2e-4 / train/loss/orientations 0.05 / train/loss/policy 0.71 / train/loss/rep 7.24 / train/loss/repval 4.63 / train/loss/rew 1.45 / train/loss/value 2.06 / train/loss/velocity 0.83 / replay/replay_ratio 837.47 / fps/policy 50.63 / fps/train 3.5e4

Writing metrics: /scratch/midway3/rickybao/dreamerv3_runs/adapt_apt_run_seed2/metrics.jsonlWriting metrics: /scratch/midway3/rickybao/dreamerv3_runs/adapt_apt_run_seed2/scores.jsonl


--------------------[Agent Step 10_752]--------------------
Metrics filtered by: 'score|length|fps|ratio|train/loss/|train/rand/'
train/loss/con 0.02 / train/loss/dyn 6.97 / train/loss/height 5.5e-4 / train/loss/orientations 0.05 / train/loss/policy 1.29 / train/loss/rep 6.97 / train/loss/repval 1.97 / train/loss/rew 0.39 / train/loss/value 1.27 / train/loss/velocity 0.8 / replay/replay_ratio 1040 / fps/policy 37.24 / fps/train 3.8e4

Writing metrics: /scratch/midway3/rickybao/dreamerv3_runs/adapt_apt_run_seed2/scores.jsonlWriting metrics: /scratch/midway3/rickybao/dreamerv3_runs/adapt_apt_run_seed2/metrics.jsonl


--------------------[Agent Step 15_232]--------------------
Metrics filtered by: 'score|length|fps|ratio|train/loss/|train/rand/'
train/loss/con 0.02 / train/loss/dyn 6.88 / train/loss/height 5.7e-4 / train/loss/orientations 0.05 / train/loss/policy 1.02 / train/loss/rep 6.88 / train/loss/repval 1.25 / train/loss/rew 0.43 / train/loss/value 1.01 / train/loss/velocity 0.81 / replay/replay_ratio 1040 / fps/policy 37.21 / fps/train 3.8e4

Writing metrics: /scratch/midway3/rickybao/dreamerv3_runs/adapt_apt_run_seed2/metrics.jsonlWriting metrics: /scratch/midway3/rickybao/dreamerv3_runs/adapt_apt_run_seed2/scores.jsonl


--------------------[Agent Step 19_696]--------------------
Metrics filtered by: 'score|length|fps|ratio|train/loss/|train/rand/'
episode/score 36.47 / episode/length 1001 / train/loss/con 0.02 / train/loss/dyn 7.1 / train/loss/height 7.7e-4 / train/loss/orientations 0.07 / train/loss/policy 1.01 / train/loss/rep 7.1 / train/loss/repval 1.14 / train/loss/rew 0.46 / train/loss/value 0.94 / train/loss/velocity 0.87 / replay/replay_ratio 1040 / fps/policy 37.18 / fps/train 3.8e4

Writing metrics: /scratch/midway3/rickybao/dreamerv3_runs/adapt_apt_run_seed2/metrics.jsonlWriting metrics: /scratch/midway3/rickybao/dreamerv3_runs/adapt_apt_run_seed2/scores.jsonl


--------------------[Agent Step 23_904]--------------------
Metrics filtered by: 'score|length|fps|ratio|train/loss/|train/rand/'
train/loss/con 0.02 / train/loss/dyn 7.59 / train/loss/height 1e-3 / train/loss/orientations 0.08 / train/loss/policy 0.42 / train/loss/rep 7.59 / train/loss/repval 1.13 / train/loss/rew 0.48 / train/loss/value 0.95 / train/loss/velocity 0.97 / replay/replay_ratio 1040 / fps/policy 34.94 / fps/train 3.6e4

Writing metrics: /scratch/midway3/rickybao/dreamerv3_runs/adapt_apt_run_seed2/metrics.jsonlWriting metrics: /scratch/midway3/rickybao/dreamerv3_runs/adapt_apt_run_seed2/scores.jsonl


--------------------[Agent Step 28_352]--------------------
Metrics filtered by: 'score|length|fps|ratio|train/loss/|train/rand/'
train/loss/con 0.02 / train/loss/dyn 8.06 / train/loss/height 1.2e-3 / train/loss/orientations 0.1 / train/loss/policy 0.1 / train/loss/rep 8.06 / train/loss/repval 1.13 / train/loss/rew 0.49 / train/loss/value 0.93 / train/loss/velocity 1.07 / replay/replay_ratio 1040 / fps/policy 37.02 / fps/train 3.8e4

Writing metrics: /scratch/midway3/rickybao/dreamerv3_runs/adapt_apt_run_seed2/metrics.jsonlWriting metrics: /scratch/midway3/rickybao/dreamerv3_runs/adapt_apt_run_seed2/scores.jsonl


--------------------[Agent Step 32_800]--------------------
Metrics filtered by: 'score|length|fps|ratio|train/loss/|train/rand/'
episode/score 130.99 / episode/length 1001 / train/loss/con 0.02 / train/loss/dyn 8.44 / train/loss/height 1.4e-3 / train/loss/orientations 0.11 / train/loss/policy -0.01 / train/loss/rep 8.44 / train/loss/repval 1.11 / train/loss/rew 0.5 / train/loss/value 0.88 / train/loss/velocity 1.15 / replay/replay_ratio 1040 / fps/policy 37 / fps/train 3.8e4

Writing metrics: /scratch/midway3/rickybao/dreamerv3_runs/adapt_apt_run_seed2/metrics.jsonlWriting metrics: /scratch/midway3/rickybao/dreamerv3_runs/adapt_apt_run_seed2/scores.jsonl

Saving checkpoint: /scratch/midway3/rickybao/dreamerv3_runs/adapt_apt_run_seed2/ckpt/20260518T141816F831454
Saved checkpoint.

--------------------[Agent Step 37_200]--------------------
Metrics filtered by: 'score|length|fps|ratio|train/loss/|train/rand/'
train/loss/con 0.02 / train/loss/dyn 8.75 / train/loss/height 1.5e-3 / train/loss/orientations 0.12 / train/loss/policy -0.08 / train/loss/rep 8.75 / train/loss/repval 1.07 / train/loss/rew 0.5 / train/loss/value 1 / train/loss/velocity 1.21 / replay/replay_ratio 1040 / fps/policy 36.56 / fps/train 3.7e4

Writing metrics: /scratch/midway3/rickybao/dreamerv3_runs/adapt_apt_run_seed2/metrics.jsonl
Writing metrics: /scratch/midway3/rickybao/dreamerv3_runs/adapt_apt_run_seed2/scores.jsonl

--------------------[Agent Step 41_648]--------------------
Metrics filtered by: 'score|length|fps|ratio|train/loss/|train/rand/'
train/loss/con 0.02 / train/loss/dyn 9.04 / train/loss/height 1.5e-3 / train/loss/orientations 0.13 / train/loss/policy -0.1 / train/loss/rep 9.04 / train/loss/repval 1 / train/loss/rew 0.51 / train/loss/value 0.85 / train/loss/velocity 1.28 / replay/replay_ratio 1040 / fps/policy 37.06 / fps/train 3.8e4

Writing metrics: /scratch/midway3/rickybao/dreamerv3_runs/adapt_apt_run_seed2/metrics.jsonlWriting metrics: /scratch/midway3/rickybao/dreamerv3_runs/adapt_apt_run_seed2/scores.jsonl


--------------------[Agent Step 46_096]--------------------
Metrics filtered by: 'score|length|fps|ratio|train/loss/|train/rand/'
train/loss/con 0.02 / train/loss/dyn 9.21 / train/loss/height 1.6e-3 / train/loss/orientations 0.14 / train/loss/policy -0.1 / train/loss/rep 9.21 / train/loss/repval 1.2 / train/loss/rew 0.52 / train/loss/value 0.95 / train/loss/velocity 1.33 / replay/replay_ratio 1040 / fps/policy 36.99 / fps/train 3.8e4

Writing metrics: /scratch/midway3/rickybao/dreamerv3_runs/adapt_apt_run_seed2/metrics.jsonlWriting metrics: /scratch/midway3/rickybao/dreamerv3_runs/adapt_apt_run_seed2/scores.jsonl


--------------------[Agent Step 50_544]--------------------
Metrics filtered by: 'score|length|fps|ratio|train/loss/|train/rand/'
episode/score 157.65 / episode/length 1001 / train/loss/con 0.02 / train/loss/dyn 9.37 / train/loss/height 1.7e-3 / train/loss/orientations 0.15 / train/loss/policy -0.1 / train/loss/rep 9.37 / train/loss/repval 0.93 / train/loss/rew 0.52 / train/loss/value 0.91 / train/loss/velocity 1.38 / replay/replay_ratio 1040 / fps/policy 36.98 / fps/train 3.8e4

Writing metrics: /scratch/midway3/rickybao/dreamerv3_runs/adapt_apt_run_seed2/metrics.jsonlWriting metrics: /scratch/midway3/rickybao/dreamerv3_runs/adapt_apt_run_seed2/scores.jsonl


--------------------[Agent Step 55_008]--------------------
Metrics filtered by: 'score|length|fps|ratio|train/loss/|train/rand/'
train/loss/con 0.02 / train/loss/dyn 9.57 / train/loss/height 1.7e-3 / train/loss/orientations 0.16 / train/loss/policy -0.08 / train/loss/rep 9.57 / train/loss/repval 0.98 / train/loss/rew 0.52 / train/loss/value 1.19 / train/loss/velocity 1.42 / replay/replay_ratio 1040 / fps/policy 37.14 / fps/train 3.8e4

Writing metrics: /scratch/midway3/rickybao/dreamerv3_runs/adapt_apt_run_seed2/metrics.jsonlWriting metrics: /scratch/midway3/rickybao/dreamerv3_runs/adapt_apt_run_seed2/scores.jsonl


--------------------[Agent Step 59_488]--------------------
Metrics filtered by: 'score|length|fps|ratio|train/loss/|train/rand/'
train/loss/con 0.02 / train/loss/dyn 9.71 / train/loss/height 1.8e-3 / train/loss/orientations 0.17 / train/loss/policy -0.09 / train/loss/rep 9.71 / train/loss/repval 1.15 / train/loss/rew 0.52 / train/loss/value 1.26 / train/loss/velocity 1.45 / replay/replay_ratio 1040 / fps/policy 37.22 / fps/train 3.8e4

Writing metrics: /scratch/midway3/rickybao/dreamerv3_runs/adapt_apt_run_seed2/metrics.jsonlWriting metrics: /scratch/midway3/rickybao/dreamerv3_runs/adapt_apt_run_seed2/scores.jsonl


--------------------[Agent Step 63_952]--------------------
Metrics filtered by: 'score|length|fps|ratio|train/loss/|train/rand/'
train/loss/con 0.02 / train/loss/dyn 9.85 / train/loss/height 1.9e-3 / train/loss/orientations 0.18 / train/loss/policy -0.09 / train/loss/rep 9.85 / train/loss/repval 1.25 / train/loss/rew 0.52 / train/loss/value 1.26 / train/loss/velocity 1.49 / replay/replay_ratio 1040 / fps/policy 37.11 / fps/train 3.8e4

Writing metrics: /scratch/midway3/rickybao/dreamerv3_runs/adapt_apt_run_seed2/metrics.jsonlWriting metrics: /scratch/midway3/rickybao/dreamerv3_runs/adapt_apt_run_seed2/scores.jsonl

Saving checkpoint: /scratch/midway3/rickybao/dreamerv3_runs/adapt_apt_run_seed2/ckpt/20260518T143316F840382
Saved checkpoint.

--------------------[Agent Step 68_352]--------------------
Metrics filtered by: 'score|length|fps|ratio|train/loss/|train/rand/'
episode/score 157.67 / episode/length 1001 / train/loss/con 0.02 / train/loss/dyn 9.97 / train/loss/height 1.9e-3 / train/loss/orientations 0.18 / train/loss/policy -0.09 / train/loss/rep 9.97 / train/loss/repval 1.27 / train/loss/rew 0.52 / train/loss/value 1.17 / train/loss/velocity 1.52 / replay/replay_ratio 1040 / fps/policy 36.58 / fps/train 3.7e4

Writing metrics: /scratch/midway3/rickybao/dreamerv3_runs/adapt_apt_run_seed2/metrics.jsonlWriting metrics: /scratch/midway3/rickybao/dreamerv3_runs/adapt_apt_run_seed2/scores.jsonl


--------------------[Agent Step 72_800]--------------------
Metrics filtered by: 'score|length|fps|ratio|train/loss/|train/rand/'
train/loss/con 0.02 / train/loss/dyn 10.07 / train/loss/height 2e-3 / train/loss/orientations 0.19 / train/loss/policy -0.09 / train/loss/rep 10.07 / train/loss/repval 1.2 / train/loss/rew 0.53 / train/loss/value 0.91 / train/loss/velocity 1.54 / replay/replay_ratio 1040 / fps/policy 37.04 / fps/train 3.8e4

Writing metrics: /scratch/midway3/rickybao/dreamerv3_runs/adapt_apt_run_seed2/scores.jsonlWriting metrics: /scratch/midway3/rickybao/dreamerv3_runs/adapt_apt_run_seed2/metrics.jsonl


--------------------[Agent Step 77_248]--------------------
Metrics filtered by: 'score|length|fps|ratio|train/loss/|train/rand/'
train/loss/con 0.02 / train/loss/dyn 10.19 / train/loss/height 2e-3 / train/loss/orientations 0.2 / train/loss/policy -0.1 / train/loss/rep 10.19 / train/loss/repval 1.03 / train/loss/rew 0.53 / train/loss/value 0.62 / train/loss/velocity 1.57 / replay/replay_ratio 1040 / fps/policy 37.02 / fps/train 3.8e4

Writing metrics: /scratch/midway3/rickybao/dreamerv3_runs/adapt_apt_run_seed2/scores.jsonlWriting metrics: /scratch/midway3/rickybao/dreamerv3_runs/adapt_apt_run_seed2/metrics.jsonl


--------------------[Agent Step 81_696]--------------------
Metrics filtered by: 'score|length|fps|ratio|train/loss/|train/rand/'
episode/score 164.05 / episode/length 1001 / train/loss/con 0.02 / train/loss/dyn 10.25 / train/loss/height 2.1e-3 / train/loss/orientations 0.2 / train/loss/policy -0.09 / train/loss/rep 10.25 / train/loss/repval 0.84 / train/loss/rew 0.53 / train/loss/value 0.62 / train/loss/velocity 1.59 / replay/replay_ratio 1040 / fps/policy 36.97 / fps/train 3.8e4

Writing metrics: /scratch/midway3/rickybao/dreamerv3_runs/adapt_apt_run_seed2/metrics.jsonlWriting metrics: /scratch/midway3/rickybao/dreamerv3_runs/adapt_apt_run_seed2/scores.jsonl


--------------------[Agent Step 86_144]--------------------
Metrics filtered by: 'score|length|fps|ratio|train/loss/|train/rand/'
train/loss/con 0.02 / train/loss/dyn 10.33 / train/loss/height 2.2e-3 / train/loss/orientations 0.21 / train/loss/policy -0.1 / train/loss/rep 10.33 / train/loss/repval 0.8 / train/loss/rew 0.53 / train/loss/value 0.81 / train/loss/velocity 1.6 / replay/replay_ratio 1040 / fps/policy 37.02 / fps/train 3.8e4

Writing metrics: /scratch/midway3/rickybao/dreamerv3_runs/adapt_apt_run_seed2/metrics.jsonlWriting metrics: /scratch/midway3/rickybao/dreamerv3_runs/adapt_apt_run_seed2/scores.jsonl


--------------------[Agent Step 90_592]--------------------
Metrics filtered by: 'score|length|fps|ratio|train/loss/|train/rand/'
train/loss/con 0.02 / train/loss/dyn 10.39 / train/loss/height 2.2e-3 / train/loss/orientations 0.21 / train/loss/policy -0.1 / train/loss/rep 10.39 / train/loss/repval 0.87 / train/loss/rew 0.53 / train/loss/value 1.05 / train/loss/velocity 1.62 / replay/replay_ratio 1040 / fps/policy 37.03 / fps/train 3.8e4

Writing metrics: /scratch/midway3/rickybao/dreamerv3_runs/adapt_apt_run_seed2/metrics.jsonl
Writing metrics: /scratch/midway3/rickybao/dreamerv3_runs/adapt_apt_run_seed2/scores.jsonl

--------------------[Agent Step 95_056]--------------------
Metrics filtered by: 'score|length|fps|ratio|train/loss/|train/rand/'
train/loss/con 0.02 / train/loss/dyn 10.45 / train/loss/height 2.2e-3 / train/loss/orientations 0.21 / train/loss/policy -0.11 / train/loss/rep 10.45 / train/loss/repval 1.05 / train/loss/rew 0.54 / train/loss/value 1.25 / train/loss/velocity 1.64 / replay/replay_ratio 1040 / fps/policy 37.13 / fps/train 3.8e4

Writing metrics: /scratch/midway3/rickybao/dreamerv3_runs/adapt_apt_run_seed2/metrics.jsonlWriting metrics: /scratch/midway3/rickybao/dreamerv3_runs/adapt_apt_run_seed2/scores.jsonl


--------------------[Agent Step 99_520]--------------------
Metrics filtered by: 'score|length|fps|ratio|train/loss/|train/rand/'
episode/score 186.05 / episode/length 1001 / train/loss/con 0.02 / train/loss/dyn 10.52 / train/loss/height 2.3e-3 / train/loss/orientations 0.22 / train/loss/policy -0.12 / train/loss/rep 10.52 / train/loss/repval 1.23 / train/loss/rew 0.54 / train/loss/value 1.28 / train/loss/velocity 1.66 / replay/replay_ratio 1040 / fps/policy 37.12 / fps/train 3.8e4

Writing metrics: /scratch/midway3/rickybao/dreamerv3_runs/adapt_apt_run_seed2/metrics.jsonlWriting metrics: /scratch/midway3/rickybao/dreamerv3_runs/adapt_apt_run_seed2/scores.jsonl

Saving checkpoint: /scratch/midway3/rickybao/dreamerv3_runs/adapt_apt_run_seed2/ckpt/20260518T144817F139105
Saved checkpoint.

--------------------[Agent Step 103_952]--------------------
Metrics filtered by: 'score|length|fps|ratio|train/loss/|train/rand/'
train/loss/con 0.02 / train/loss/dyn 10.57 / train/loss/height 2.3e-3 / train/loss/orientations 0.22 / train/loss/policy -0.12 / train/loss/rep 10.57 / train/loss/repval 1.29 / train/loss/rew 0.54 / train/loss/value 1.19 / train/loss/velocity 1.67 / replay/replay_ratio 1040 / fps/policy 36.82 / fps/train 3.8e4

Writing metrics: /scratch/midway3/rickybao/dreamerv3_runs/adapt_apt_run_seed2/metrics.jsonlWriting metrics: /scratch/midway3/rickybao/dreamerv3_runs/adapt_apt_run_seed2/scores.jsonl


--------------------[Agent Step 108_432]--------------------
Metrics filtered by: 'score|length|fps|ratio|train/loss/|train/rand/'
train/loss/con 0.02 / train/loss/dyn 10.64 / train/loss/height 2.3e-3 / train/loss/orientations 0.22 / train/loss/policy -0.12 / train/loss/rep 10.64 / train/loss/repval 1.25 / train/loss/rew 0.54 / train/loss/value 1.02 / train/loss/velocity 1.69 / replay/replay_ratio 1040 / fps/policy 37.2 / fps/train 3.8e4

Writing metrics: /scratch/midway3/rickybao/dreamerv3_runs/adapt_apt_run_seed2/metrics.jsonlWriting metrics: /scratch/midway3/rickybao/dreamerv3_runs/adapt_apt_run_seed2/scores.jsonl


--------------------[Agent Step 112_896]--------------------
Metrics filtered by: 'score|length|fps|ratio|train/loss/|train/rand/'
episode/score 173.3 / episode/length 1001 / train/loss/con 0.02 / train/loss/dyn 10.69 / train/loss/height 2.4e-3 / train/loss/orientations 0.22 / train/loss/policy -0.12 / train/loss/rep 10.69 / train/loss/repval 1.19 / train/loss/rew 0.54 / train/loss/value 0.84 / train/loss/velocity 1.71 / replay/replay_ratio 1040 / fps/policy 37.12 / fps/train 3.8e4

Writing metrics: /scratch/midway3/rickybao/dreamerv3_runs/adapt_apt_run_seed2/metrics.jsonlWriting metrics: /scratch/midway3/rickybao/dreamerv3_runs/adapt_apt_run_seed2/scores.jsonl


--------------------[Agent Step 117_360]--------------------
Metrics filtered by: 'score|length|fps|ratio|train/loss/|train/rand/'
train/loss/con 0.02 / train/loss/dyn 10.73 / train/loss/height 2.4e-3 / train/loss/orientations 0.23 / train/loss/policy -0.11 / train/loss/rep 10.73 / train/loss/repval 1.12 / train/loss/rew 0.54 / train/loss/value 0.7 / train/loss/velocity 1.72 / replay/replay_ratio 1040 / fps/policy 37.15 / fps/train 3.8e4

Writing metrics: /scratch/midway3/rickybao/dreamerv3_runs/adapt_apt_run_seed2/metrics.jsonlWriting metrics: /scratch/midway3/rickybao/dreamerv3_runs/adapt_apt_run_seed2/scores.jsonl


--------------------[Agent Step 121_824]--------------------
Metrics filtered by: 'score|length|fps|ratio|train/loss/|train/rand/'
train/loss/con 0.02 / train/loss/dyn 10.8 / train/loss/height 2.4e-3 / train/loss/orientations 0.23 / train/loss/policy -0.11 / train/loss/rep 10.8 / train/loss/repval 1.02 / train/loss/rew 0.54 / train/loss/value 0.57 / train/loss/velocity 1.74 / replay/replay_ratio 1040 / fps/policy 37.18 / fps/train 3.8e4

Writing metrics: /scratch/midway3/rickybao/dreamerv3_runs/adapt_apt_run_seed2/metrics.jsonlWriting metrics: /scratch/midway3/rickybao/dreamerv3_runs/adapt_apt_run_seed2/scores.jsonl


--------------------[Agent Step 126_288]--------------------
Metrics filtered by: 'score|length|fps|ratio|train/loss/|train/rand/'
train/loss/con 0.02 / train/loss/dyn 10.84 / train/loss/height 2.4e-3 / train/loss/orientations 0.23 / train/loss/policy -0.12 / train/loss/rep 10.84 / train/loss/repval 0.89 / train/loss/rew 0.54 / train/loss/value 0.53 / train/loss/velocity 1.75 / replay/replay_ratio 1040 / fps/policy 37.2 / fps/train 3.8e4

Writing metrics: /scratch/midway3/rickybao/dreamerv3_runs/adapt_apt_run_seed2/metrics.jsonlWriting metrics: /scratch/midway3/rickybao/dreamerv3_runs/adapt_apt_run_seed2/scores.jsonl


--------------------[Agent Step 130_752]--------------------
Metrics filtered by: 'score|length|fps|ratio|train/loss/|train/rand/'
episode/score 189.36 / episode/length 1001 / train/loss/con 0.02 / train/loss/dyn 10.88 / train/loss/height 2.4e-3 / train/loss/orientations 0.23 / train/loss/policy -0.12 / train/loss/rep 10.88 / train/loss/repval 0.84 / train/loss/rew 0.54 / train/loss/value 0.56 / train/loss/velocity 1.76 / replay/replay_ratio 1040 / fps/policy 37.14 / fps/train 3.8e4

Writing metrics: /scratch/midway3/rickybao/dreamerv3_runs/adapt_apt_run_seed2/metrics.jsonlWriting metrics: /scratch/midway3/rickybao/dreamerv3_runs/adapt_apt_run_seed2/scores.jsonl

Saving checkpoint: /scratch/midway3/rickybao/dreamerv3_runs/adapt_apt_run_seed2/ckpt/20260518T150317F513229
Saved checkpoint.

--------------------[Agent Step 135_184]--------------------
Metrics filtered by: 'score|length|fps|ratio|train/loss/|train/rand/'
train/loss/con 0.02 / train/loss/dyn 10.92 / train/loss/height 2.4e-3 / train/loss/orientations 0.23 / train/loss/policy -0.12 / train/loss/rep 10.92 / train/loss/repval 0.8 / train/loss/rew 0.54 / train/loss/value 0.61 / train/loss/velocity 1.77 / replay/replay_ratio 1040 / fps/policy 36.86 / fps/train 3.8e4

Writing metrics: /scratch/midway3/rickybao/dreamerv3_runs/adapt_apt_run_seed2/metrics.jsonlWriting metrics: /scratch/midway3/rickybao/dreamerv3_runs/adapt_apt_run_seed2/scores.jsonl


--------------------[Agent Step 139_632]--------------------
Metrics filtered by: 'score|length|fps|ratio|train/loss/|train/rand/'
train/loss/con 0.02 / train/loss/dyn 10.95 / train/loss/height 2.5e-3 / train/loss/orientations 0.24 / train/loss/policy -0.11 / train/loss/rep 10.95 / train/loss/repval 0.77 / train/loss/rew 0.55 / train/loss/value 0.67 / train/loss/velocity 1.78 / replay/replay_ratio 1040 / fps/policy 37.07 / fps/train 3.8e4

Writing metrics: /scratch/midway3/rickybao/dreamerv3_runs/adapt_apt_run_seed2/metrics.jsonlWriting metrics: /scratch/midway3/rickybao/dreamerv3_runs/adapt_apt_run_seed2/scores.jsonl


--------------------[Agent Step 144_080]--------------------
Metrics filtered by: 'score|length|fps|ratio|train/loss/|train/rand/'
train/loss/con 0.02 / train/loss/dyn 10.98 / train/loss/height 2.5e-3 / train/loss/orientations 0.24 / train/loss/policy -0.12 / train/loss/rep 10.98 / train/loss/repval 0.77 / train/loss/rew 0.55 / train/loss/value 0.72 / train/loss/velocity 1.79 / replay/replay_ratio 1040 / fps/policy 36.99 / fps/train 3.8e4

Writing metrics: /scratch/midway3/rickybao/dreamerv3_runs/adapt_apt_run_seed2/metrics.jsonlWriting metrics: /scratch/midway3/rickybao/dreamerv3_runs/adapt_apt_run_seed2/scores.jsonl


--------------------[Agent Step 148_512]--------------------
Metrics filtered by: 'score|length|fps|ratio|train/loss/|train/rand/'
episode/score 189.4 / episode/length 1001 / train/loss/con 0.02 / train/loss/dyn 11.03 / train/loss/height 2.5e-3 / train/loss/orientations 0.24 / train/loss/policy -0.12 / train/loss/rep 11.03 / train/loss/repval 0.76 / train/loss/rew 0.55 / train/loss/value 0.83 / train/loss/velocity 1.8 / replay/replay_ratio 1040 / fps/policy 36.91 / fps/train 3.8e4

Writing metrics: /scratch/midway3/rickybao/dreamerv3_runs/adapt_apt_run_seed2/metrics.jsonlWriting metrics: /scratch/midway3/rickybao/dreamerv3_runs/adapt_apt_run_seed2/scores.jsonl


--------------------[Agent Step 152_960]--------------------
Metrics filtered by: 'score|length|fps|ratio|train/loss/|train/rand/'
train/loss/con 0.02 / train/loss/dyn 11.04 / train/loss/height 2.5e-3 / train/loss/orientations 0.24 / train/loss/policy -0.12 / train/loss/rep 11.04 / train/loss/repval 0.77 / train/loss/rew 0.55 / train/loss/value 0.92 / train/loss/velocity 1.8 / replay/replay_ratio 1040 / fps/policy 37.01 / fps/train 3.8e4

Writing metrics: /scratch/midway3/rickybao/dreamerv3_runs/adapt_apt_run_seed2/metrics.jsonlWriting metrics: /scratch/midway3/rickybao/dreamerv3_runs/adapt_apt_run_seed2/scores.jsonl


--------------------[Agent Step 157_408]--------------------
Metrics filtered by: 'score|length|fps|ratio|train/loss/|train/rand/'
train/loss/con 0.02 / train/loss/dyn 11.07 / train/loss/height 2.5e-3 / train/loss/orientations 0.24 / train/loss/policy -0.12 / train/loss/rep 11.07 / train/loss/repval 0.79 / train/loss/rew 0.55 / train/loss/value 0.97 / train/loss/velocity 1.81 / replay/replay_ratio 1040 / fps/policy 37 / fps/train 3.8e4

Writing metrics: /scratch/midway3/rickybao/dreamerv3_runs/adapt_apt_run_seed2/metrics.jsonl
Writing metrics: /scratch/midway3/rickybao/dreamerv3_runs/adapt_apt_run_seed2/scores.jsonl

--------------------[Agent Step 161_840]--------------------
Metrics filtered by: 'score|length|fps|ratio|train/loss/|train/rand/'
episode/score 216.55 / episode/length 1001 / train/loss/con 0.02 / train/loss/dyn 11.1 / train/loss/height 2.5e-3 / train/loss/orientations 0.24 / train/loss/policy -0.12 / train/loss/rep 11.1 / train/loss/repval 0.82 / train/loss/rew 0.55 / train/loss/value 1.03 / train/loss/velocity 1.82 / replay/replay_ratio 1040 / fps/policy 36.92 / fps/train 3.8e4

Writing metrics: /scratch/midway3/rickybao/dreamerv3_runs/adapt_apt_run_seed2/metrics.jsonlWriting metrics: /scratch/midway3/rickybao/dreamerv3_runs/adapt_apt_run_seed2/scores.jsonl


--------------------[Agent Step 166_288]--------------------
Metrics filtered by: 'score|length|fps|ratio|train/loss/|train/rand/'
train/loss/con 0.02 / train/loss/dyn 11.12 / train/loss/height 2.6e-3 / train/loss/orientations 0.25 / train/loss/policy -0.11 / train/loss/rep 11.12 / train/loss/repval 0.86 / train/loss/rew 0.55 / train/loss/value 1.09 / train/loss/velocity 1.83 / replay/replay_ratio 1040 / fps/policy 36.95 / fps/train 3.8e4

Writing metrics: /scratch/midway3/rickybao/dreamerv3_runs/adapt_apt_run_seed2/metrics.jsonlWriting metrics: /scratch/midway3/rickybao/dreamerv3_runs/adapt_apt_run_seed2/scores.jsonl

Saving checkpoint: /scratch/midway3/rickybao/dreamerv3_runs/adapt_apt_run_seed2/ckpt/20260518T151817F905253
Saved checkpoint.

--------------------[Agent Step 170_704]--------------------
Metrics filtered by: 'score|length|fps|ratio|train/loss/|train/rand/'
train/loss/con 0.02 / train/loss/dyn 11.16 / train/loss/height 2.6e-3 / train/loss/orientations 0.25 / train/loss/policy -0.12 / train/loss/rep 11.16 / train/loss/repval 0.91 / train/loss/rew 0.55 / train/loss/value 1.14 / train/loss/velocity 1.84 / replay/replay_ratio 1040 / fps/policy 36.78 / fps/train 3.8e4

Writing metrics: /scratch/midway3/rickybao/dreamerv3_runs/adapt_apt_run_seed2/metrics.jsonlWriting metrics: /scratch/midway3/rickybao/dreamerv3_runs/adapt_apt_run_seed2/scores.jsonl


--------------------[Agent Step 175_168]--------------------
Metrics filtered by: 'score|length|fps|ratio|train/loss/|train/rand/'
train/loss/con 0.02 / train/loss/dyn 11.19 / train/loss/height 2.6e-3 / train/loss/orientations 0.25 / train/loss/policy -0.12 / train/loss/rep 11.19 / train/loss/repval 0.97 / train/loss/rew 0.55 / train/loss/value 1.2 / train/loss/velocity 1.85 / replay/replay_ratio 1040 / fps/policy 37.19 / fps/train 3.8e4

Writing metrics: /scratch/midway3/rickybao/dreamerv3_runs/adapt_apt_run_seed2/metrics.jsonlWriting metrics: /scratch/midway3/rickybao/dreamerv3_runs/adapt_apt_run_seed2/scores.jsonl


--------------------[Agent Step 179_632]--------------------
Metrics filtered by: 'score|length|fps|ratio|train/loss/|train/rand/'
episode/score 199.02 / episode/length 1001 / train/loss/con 0.02 / train/loss/dyn 11.19 / train/loss/height 2.6e-3 / train/loss/orientations 0.25 / train/loss/policy -0.12 / train/loss/rep 11.19 / train/loss/repval 1.04 / train/loss/rew 0.55 / train/loss/value 1.25 / train/loss/velocity 1.85 / replay/replay_ratio 1040 / fps/policy 37.09 / fps/train 3.8e4

Writing metrics: /scratch/midway3/rickybao/dreamerv3_runs/adapt_apt_run_seed2/metrics.jsonlWriting metrics: /scratch/midway3/rickybao/dreamerv3_runs/adapt_apt_run_seed2/scores.jsonl


--------------------[Agent Step 184_096]--------------------
Metrics filtered by: 'score|length|fps|ratio|train/loss/|train/rand/'
train/loss/con 0.02 / train/loss/dyn 11.22 / train/loss/height 2.6e-3 / train/loss/orientations 0.25 / train/loss/policy -0.12 / train/loss/rep 11.22 / train/loss/repval 1.12 / train/loss/rew 0.55 / train/loss/value 1.29 / train/loss/velocity 1.85 / replay/replay_ratio 1040 / fps/policy 37.15 / fps/train 3.8e4

Writing metrics: /scratch/midway3/rickybao/dreamerv3_runs/adapt_apt_run_seed2/metrics.jsonlWriting metrics: /scratch/midway3/rickybao/dreamerv3_runs/adapt_apt_run_seed2/scores.jsonl


--------------------[Agent Step 188_560]--------------------
Metrics filtered by: 'score|length|fps|ratio|train/loss/|train/rand/'
train/loss/con 0.02 / train/loss/dyn 11.21 / train/loss/height 2.6e-3 / train/loss/orientations 0.25 / train/loss/policy -0.12 / train/loss/rep 11.21 / train/loss/repval 1.17 / train/loss/rew 0.55 / train/loss/value 1.31 / train/loss/velocity 1.86 / replay/replay_ratio 1040 / fps/policy 37.17 / fps/train 3.8e4

Writing metrics: /scratch/midway3/rickybao/dreamerv3_runs/adapt_apt_run_seed2/metrics.jsonlWriting metrics: /scratch/midway3/rickybao/dreamerv3_runs/adapt_apt_run_seed2/scores.jsonl


--------------------[Agent Step 193_024]--------------------
Metrics filtered by: 'score|length|fps|ratio|train/loss/|train/rand/'
episode/score 207.98 / episode/length 1001 / train/loss/con 0.02 / train/loss/dyn 11.24 / train/loss/height 2.6e-3 / train/loss/orientations 0.25 / train/loss/policy -0.12 / train/loss/rep 11.24 / train/loss/repval 1.2 / train/loss/rew 0.55 / train/loss/value 1.31 / train/loss/velocity 1.86 / replay/replay_ratio 1040 / fps/policy 37.13 / fps/train 3.8e4

Writing metrics: /scratch/midway3/rickybao/dreamerv3_runs/adapt_apt_run_seed2/metrics.jsonlWriting metrics: /scratch/midway3/rickybao/dreamerv3_runs/adapt_apt_run_seed2/scores.jsonl


--------------------[Agent Step 197_488]--------------------
Metrics filtered by: 'score|length|fps|ratio|train/loss/|train/rand/'
train/loss/con 0.02 / train/loss/dyn 11.23 / train/loss/height 2.6e-3 / train/loss/orientations 0.25 / train/loss/policy -0.11 / train/loss/rep 11.23 / train/loss/repval 1.23 / train/loss/rew 0.55 / train/loss/value 1.31 / train/loss/velocity 1.86 / replay/replay_ratio 1040 / fps/policy 37.08 / fps/train 3.8e4

Writing metrics: /scratch/midway3/rickybao/dreamerv3_runs/adapt_apt_run_seed2/metrics.jsonlWriting metrics: /scratch/midway3/rickybao/dreamerv3_runs/adapt_apt_run_seed2/scores.jsonl

Saving checkpoint: /scratch/midway3/rickybao/dreamerv3_runs/adapt_apt_run_seed2/ckpt/20260518T153317F914249
Saved checkpoint.

--------------------[Agent Step 201_904]--------------------
Metrics filtered by: 'score|length|fps|ratio|train/loss/|train/rand/'
train/loss/con 0.02 / train/loss/dyn 11.24 / train/loss/height 2.6e-3 / train/loss/orientations 0.25 / train/loss/policy -0.11 / train/loss/rep 11.24 / train/loss/repval 1.24 / train/loss/rew 0.55 / train/loss/value 1.31 / train/loss/velocity 1.87 / replay/replay_ratio 1040 / fps/policy 36.74 / fps/train 3.8e4

Writing metrics: /scratch/midway3/rickybao/dreamerv3_runs/adapt_apt_run_seed2/metrics.jsonlWriting metrics: /scratch/midway3/rickybao/dreamerv3_runs/adapt_apt_run_seed2/scores.jsonl


--------------------[Agent Step 206_368]--------------------
Metrics filtered by: 'score|length|fps|ratio|train/loss/|train/rand/'
train/loss/con 0.02 / train/loss/dyn 11.25 / train/loss/height 2.6e-3 / train/loss/orientations 0.25 / train/loss/policy -0.11 / train/loss/rep 11.25 / train/loss/repval 1.26 / train/loss/rew 0.55 / train/loss/value 1.3 / train/loss/velocity 1.87 / replay/replay_ratio 1040 / fps/policy 37.19 / fps/train 3.8e4

Writing metrics: /scratch/midway3/rickybao/dreamerv3_runs/adapt_apt_run_seed2/scores.jsonlWriting metrics: /scratch/midway3/rickybao/dreamerv3_runs/adapt_apt_run_seed2/metrics.jsonl


--------------------[Agent Step 210_832]--------------------
Metrics filtered by: 'score|length|fps|ratio|train/loss/|train/rand/'
episode/score 183.93 / episode/length 1001 / train/loss/con 0.02 / train/loss/dyn 11.28 / train/loss/height 2.6e-3 / train/loss/orientations 0.26 / train/loss/policy -0.11 / train/loss/rep 11.28 / train/loss/repval 1.27 / train/loss/rew 0.55 / train/loss/value 1.3 / train/loss/velocity 1.88 / replay/replay_ratio 1040 / fps/policy 37.06 / fps/train 3.8e4

Writing metrics: /scratch/midway3/rickybao/dreamerv3_runs/adapt_apt_run_seed2/metrics.jsonlWriting metrics: /scratch/midway3/rickybao/dreamerv3_runs/adapt_apt_run_seed2/scores.jsonl


--------------------[Agent Step 215_280]--------------------
Metrics filtered by: 'score|length|fps|ratio|train/loss/|train/rand/'
train/loss/con 0.02 / train/loss/dyn 11.27 / train/loss/height 2.6e-3 / train/loss/orientations 0.26 / train/loss/policy -0.12 / train/loss/rep 11.27 / train/loss/repval 1.29 / train/loss/rew 0.55 / train/loss/value 1.28 / train/loss/velocity 1.88 / replay/replay_ratio 1040 / fps/policy 37.06 / fps/train 3.8e4

Writing metrics: /scratch/midway3/rickybao/dreamerv3_runs/adapt_apt_run_seed2/metrics.jsonlWriting metrics: /scratch/midway3/rickybao/dreamerv3_runs/adapt_apt_run_seed2/scores.jsonl


--------------------[Agent Step 219_728]--------------------
Metrics filtered by: 'score|length|fps|ratio|train/loss/|train/rand/'
train/loss/con 0.02 / train/loss/dyn 11.28 / train/loss/height 2.6e-3 / train/loss/orientations 0.26 / train/loss/policy -0.12 / train/loss/rep 11.28 / train/loss/repval 1.3 / train/loss/rew 0.55 / train/loss/value 1.27 / train/loss/velocity 1.88 / replay/replay_ratio 1040 / fps/policy 37.03 / fps/train 3.8e4

Writing metrics: /scratch/midway3/rickybao/dreamerv3_runs/adapt_apt_run_seed2/metrics.jsonlWriting metrics: /scratch/midway3/rickybao/dreamerv3_runs/adapt_apt_run_seed2/scores.jsonl


--------------------[Agent Step 224_192]--------------------
Metrics filtered by: 'score|length|fps|ratio|train/loss/|train/rand/'
train/loss/con 0.02 / train/loss/dyn 11.3 / train/loss/height 2.6e-3 / train/loss/orientations 0.26 / train/loss/policy -0.11 / train/loss/rep 11.3 / train/loss/repval 1.3 / train/loss/rew 0.55 / train/loss/value 1.26 / train/loss/velocity 1.88 / replay/replay_ratio 1040 / fps/policy 37.19 / fps/train 3.8e4

Writing metrics: /scratch/midway3/rickybao/dreamerv3_runs/adapt_apt_run_seed2/scores.jsonlWriting metrics: /scratch/midway3/rickybao/dreamerv3_runs/adapt_apt_run_seed2/metrics.jsonl


--------------------[Agent Step 228_656]--------------------
Metrics filtered by: 'score|length|fps|ratio|train/loss/|train/rand/'
episode/score 189.14 / episode/length 1001 / train/loss/con 0.02 / train/loss/dyn 11.31 / train/loss/height 2.6e-3 / train/loss/orientations 0.26 / train/loss/policy -0.11 / train/loss/rep 11.31 / train/loss/repval 1.3 / train/loss/rew 0.55 / train/loss/value 1.25 / train/loss/velocity 1.88 / replay/replay_ratio 1040 / fps/policy 37.09 / fps/train 3.8e4

Writing metrics: /scratch/midway3/rickybao/dreamerv3_runs/adapt_apt_run_seed2/metrics.jsonl
Writing metrics: /scratch/midway3/rickybao/dreamerv3_runs/adapt_apt_run_seed2/scores.jsonl

--------------------[Agent Step 233_120]--------------------
Metrics filtered by: 'score|length|fps|ratio|train/loss/|train/rand/'
train/loss/con 0.02 / train/loss/dyn 11.31 / train/loss/height 2.6e-3 / train/loss/orientations 0.26 / train/loss/policy -0.11 / train/loss/rep 11.31 / train/loss/repval 1.31 / train/loss/rew 0.55 / train/loss/value 1.23 / train/loss/velocity 1.88 / replay/replay_ratio 1040 / fps/policy 37.16 / fps/train 3.8e4

Writing metrics: /scratch/midway3/rickybao/dreamerv3_runs/adapt_apt_run_seed2/metrics.jsonlWriting metrics: /scratch/midway3/rickybao/dreamerv3_runs/adapt_apt_run_seed2/scores.jsonl

Saving checkpoint: /scratch/midway3/rickybao/dreamerv3_runs/adapt_apt_run_seed2/ckpt/20260518T154817F949611
Saved checkpoint.

--------------------[Agent Step 237_552]--------------------
Metrics filtered by: 'score|length|fps|ratio|train/loss/|train/rand/'
train/loss/con 0.02 / train/loss/dyn 11.32 / train/loss/height 2.7e-3 / train/loss/orientations 0.26 / train/loss/policy -0.11 / train/loss/rep 11.32 / train/loss/repval 1.31 / train/loss/rew 0.55 / train/loss/value 1.22 / train/loss/velocity 1.89 / replay/replay_ratio 1040 / fps/policy 36.84 / fps/train 3.8e4

Writing metrics: /scratch/midway3/rickybao/dreamerv3_runs/adapt_apt_run_seed2/metrics.jsonlWriting metrics: /scratch/midway3/rickybao/dreamerv3_runs/adapt_apt_run_seed2/scores.jsonl


--------------------[Agent Step 242_016]--------------------
Metrics filtered by: 'score|length|fps|ratio|train/loss/|train/rand/'
episode/score 207.5 / episode/length 1001 / train/loss/con 0.02 / train/loss/dyn 11.33 / train/loss/height 2.7e-3 / train/loss/orientations 0.26 / train/loss/policy -0.11 / train/loss/rep 11.33 / train/loss/repval 1.31 / train/loss/rew 0.55 / train/loss/value 1.2 / train/loss/velocity 1.89 / replay/replay_ratio 1040 / fps/policy 37.15 / fps/train 3.8e4

Writing metrics: /scratch/midway3/rickybao/dreamerv3_runs/adapt_apt_run_seed2/metrics.jsonlWriting metrics: /scratch/midway3/rickybao/dreamerv3_runs/adapt_apt_run_seed2/scores.jsonl


--------------------[Agent Step 246_480]--------------------
Metrics filtered by: 'score|length|fps|ratio|train/loss/|train/rand/'
train/loss/con 0.02 / train/loss/dyn 11.34 / train/loss/height 2.7e-3 / train/loss/orientations 0.26 / train/loss/policy -0.12 / train/loss/rep 11.34 / train/loss/repval 1.3 / train/loss/rew 0.55 / train/loss/value 1.17 / train/loss/velocity 1.89 / replay/replay_ratio 1040 / fps/policy 37.1 / fps/train 3.8e4

Writing metrics: /scratch/midway3/rickybao/dreamerv3_runs/adapt_apt_run_seed2/metrics.jsonlWriting metrics: /scratch/midway3/rickybao/dreamerv3_runs/adapt_apt_run_seed2/scores.jsonl

Adaptation finished | End time: Mon May 18 15:55:03 CDT 2026
Logdir: /scratch/midway3/rickybao/dreamerv3_runs/adapt_apt_run_seed2
