==============================
Slurm job started | Job ID: 49756004 | Node: midway3-0278.rcc.local
Start time: Mon May 18 10:24:28 CDT 2026
Frozen-readout adaptation | Cond: random | Task: run | Seed: 2
==============================
PYTHON=/scratch/midway3/rickybao/conda_envs/dreamerv3/bin/python
LOGDIR=/scratch/midway3/rickybao/dreamerv3_runs/adapt_random_run_seed2
Pretrained world model: /scratch/midway3/rickybao/dreamerv3_runs/pretrain_random_seed2/ckpt/20260517T204407F604304
GPU check:
Mon May 18 10:24:28 2026       
+---------------------------------------------------------------------------------------+
| NVIDIA-SMI 535.216.03             Driver Version: 535.216.03   CUDA Version: 12.2     |
|-----------------------------------------+----------------------+----------------------+
| GPU  Name                 Persistence-M | Bus-Id        Disp.A | Volatile Uncorr. ECC |
| Fan  Temp   Perf          Pwr:Usage/Cap |         Memory-Usage | GPU-Util  Compute M. |
|                                         |                      |               MIG M. |
|=========================================+======================+======================|
|   0  Tesla V100-PCIE-16GB           On  | 00000000:D8:00.0 Off |                  Off |
| N/A   31C    P0              26W / 250W |      0MiB / 16384MiB |      0%      Default |
|                                         |                      |                  N/A |
+-----------------------------------------+----------------------+----------------------+
                                                                                         
+---------------------------------------------------------------------------------------+
| Processes:                                                                            |
|  GPU   GI   CI        PID   Type   Process name                            GPU Memory |
|        ID   ID                                                             Usage      |
|=======================================================================================|
|  No running processes found                                                           |
+---------------------------------------------------------------------------------------+
Starting frozen-readout adaptation
---  ___                           __   ______ ---
--- |   \ _ _ ___ __ _ _ __  ___ _ \ \ / /__ / ---
--- | |) | '_/ -_) _` | '  \/ -_) '/\ V / |_ \ ---
--- |___/|_| \___\__,_|_|_|_\___|_|  \_/ |___/ ---
Replica: 0 / 1
Logdir: /scratch/midway3/rickybao/dreamerv3_runs/adapt_random_run_seed2
Run script: train
Observations
  reward           Space(float32, shape=(), low=-inf, high=inf)
  is_first         Space(bool, shape=(), low=False, high=True)
  is_last          Space(bool, shape=(), low=False, high=True)
  is_terminal      Space(bool, shape=(), low=False, high=True)
  orientations     Space(float32, shape=(14,), low=-inf, high=inf)
  height           Space(float32, shape=(), low=-inf, high=inf)
  velocity         Space(float32, shape=(9,), low=-inf, high=inf)
Actions
  action           Space(float32, shape=(6,), low=-1.0, high=1.0)
Extras
  consec           Space(int32, shape=(), low=-2147483648, high=2147483647)
  stepid           Space(uint8, shape=(20,), low=0, high=255)
  dyn/deter        Space(float32, shape=(512,), low=-inf, high=inf)
  dyn/stoch        Space(float32, shape=(32, 4), low=-inf, high=inf)
JAX devices (1): [cuda:0]
Policy devices: cuda:0
Train devices:  cuda:0
Initializing parameters...
Optimizer opt has 215,243 params:
        66,111 val
        57,663 rew
        50,316 pol
        41,153 con
Done initializing!
Compiling 1 checkpoint groups...
Largest checkpoint group: 0 GB
Compiling train and report...
Train cost analysis:
  FLOPS:            7.2e+09
  Memory (temp):    2.0e+08
  Memory (inputs):  7.4e+06
  Memory (outputs): 5.9e+06
  Memory (code):    1.5e+06

Report cost analysis:
  FLOPS:            1.9e+06
  Memory (temp):    9.3e+05
  Memory (inputs):  2.8e+06
  Memory (outputs): 2.1e+04
  Memory (code):    9.7e+04

Done compiling!
Loaded pretrained checkpoint with keys: ['dec/mlp/linear0/bias', 'dec/mlp/linear0/kernel', 'dec/mlp/linear1/bias', 'dec/mlp/linear1/kernel', 'dec/mlp/linear2/bias', 'dec/mlp/linear2/kernel', 'dec/mlp/norm0/scale', 'dec/mlp/norm1/scale', 'dec/mlp/norm2/scale', 'dec/vec/height/pred/bias', 'dec/vec/height/pred/kernel', 'dec/vec/orientations/pred/bias', 'dec/vec/orientations/pred/kernel', 'dec/vec/velocity/pred/bias', 'dec/vec/velocity/pred/kernel', 'dyn/dyngru/bias', 'dyn/dyngru/kernel', 'dyn/dynhid0/bias', 'dyn/dynhid0/kernel', 'dyn/dynhid0norm/scale', 'dyn/dynin0/bias', 'dyn/dynin0/kernel', 'dyn/dynin0norm/scale', 'dyn/dynin1/bias', 'dyn/dynin1/kernel', 'dyn/dynin1norm/scale', 'dyn/dynin2/bias', 'dyn/dynin2/kernel', 'dyn/dynin2norm/scale', 'dyn/obs0/bias', 'dyn/obs0/kernel', 'dyn/obs0norm/scale', 'dyn/obslogit/bias', 'dyn/obslogit/kernel', 'dyn/prior0/bias', 'dyn/prior0/kernel', 'dyn/prior0norm/scale', 'dyn/prior1/bias', 'dyn/prior1/kernel', 'dyn/prior1norm/scale', 'dyn/priorlogit/bias', 'dyn/priorlogit/kernel', 'enc/mlp0/bias', 'enc/mlp0/kernel', 'enc/mlp0norm/scale', 'enc/mlp1/bias', 'enc/mlp1/kernel', 'enc/mlp1norm/scale', 'enc/mlp2/bias', 'enc/mlp2/kernel', 'enc/mlp2norm/scale']
Did not find any checkpoint.
Saving checkpoint: /scratch/midway3/rickybao/dreamerv3_runs/adapt_random_run_seed2/ckpt/20260518T102500F374285
Saved checkpoint.
Start training loop

--------------------[Agent Step 6_240]--------------------
Metrics filtered by: 'score|length|fps|ratio|train/loss/|train/rand/'
train/loss/con 0.09 / train/loss/dyn 7.56 / train/loss/height 1.3e-3 / train/loss/orientations 0.12 / train/loss/policy 0.8 / train/loss/rep 7.56 / train/loss/repval 4.71 / train/loss/rew 1.47 / train/loss/value 2.06 / train/loss/velocity 1.01 / replay/replay_ratio 836.23 / fps/policy 50.4 / fps/train 3.5e4

Writing metrics: /scratch/midway3/rickybao/dreamerv3_runs/adapt_random_run_seed2/metrics.jsonl
Writing metrics: /scratch/midway3/rickybao/dreamerv3_runs/adapt_random_run_seed2/scores.jsonl

--------------------[Agent Step 10_672]--------------------
Metrics filtered by: 'score|length|fps|ratio|train/loss/|train/rand/'
train/loss/con 0.02 / train/loss/dyn 8 / train/loss/height 1.7e-3 / train/loss/orientations 0.13 / train/loss/policy 1.32 / train/loss/rep 8 / train/loss/repval 1.95 / train/loss/rew 0.41 / train/loss/value 1.27 / train/loss/velocity 1.16 / replay/replay_ratio 1040 / fps/policy 36.88 / fps/train 3.8e4

Writing metrics: /scratch/midway3/rickybao/dreamerv3_runs/adapt_random_run_seed2/metrics.jsonlWriting metrics: /scratch/midway3/rickybao/dreamerv3_runs/adapt_random_run_seed2/scores.jsonl


--------------------[Agent Step 15_104]--------------------
Metrics filtered by: 'score|length|fps|ratio|train/loss/|train/rand/'
train/loss/con 0.02 / train/loss/dyn 8.72 / train/loss/height 2.7e-3 / train/loss/orientations 0.15 / train/loss/policy 1.01 / train/loss/rep 8.72 / train/loss/repval 1.16 / train/loss/rew 0.45 / train/loss/value 0.93 / train/loss/velocity 1.32 / replay/replay_ratio 1040 / fps/policy 36.84 / fps/train 3.8e4

Writing metrics: /scratch/midway3/rickybao/dreamerv3_runs/adapt_random_run_seed2/metrics.jsonlWriting metrics: /scratch/midway3/rickybao/dreamerv3_runs/adapt_random_run_seed2/scores.jsonl


--------------------[Agent Step 19_536]--------------------
Metrics filtered by: 'score|length|fps|ratio|train/loss/|train/rand/'
episode/score 36.27 / episode/length 1001 / train/loss/con 0.02 / train/loss/dyn 9.44 / train/loss/height 3.3e-3 / train/loss/orientations 0.18 / train/loss/policy 0.79 / train/loss/rep 9.44 / train/loss/repval 1.06 / train/loss/rew 0.48 / train/loss/value 0.92 / train/loss/velocity 1.49 / replay/replay_ratio 1040 / fps/policy 36.84 / fps/train 3.8e4

Writing metrics: /scratch/midway3/rickybao/dreamerv3_runs/adapt_random_run_seed2/scores.jsonlWriting metrics: /scratch/midway3/rickybao/dreamerv3_runs/adapt_random_run_seed2/metrics.jsonl


--------------------[Agent Step 23_872]--------------------
Metrics filtered by: 'score|length|fps|ratio|train/loss/|train/rand/'
train/loss/con 0.02 / train/loss/dyn 10 / train/loss/height 4.1e-3 / train/loss/orientations 0.21 / train/loss/policy 0.19 / train/loss/rep 10 / train/loss/repval 1.01 / train/loss/rew 0.5 / train/loss/value 0.85 / train/loss/velocity 1.64 / replay/replay_ratio 1040 / fps/policy 36.04 / fps/train 3.7e4

Writing metrics: /scratch/midway3/rickybao/dreamerv3_runs/adapt_random_run_seed2/metrics.jsonlWriting metrics: /scratch/midway3/rickybao/dreamerv3_runs/adapt_random_run_seed2/scores.jsonl


--------------------[Agent Step 28_304]--------------------
Metrics filtered by: 'score|length|fps|ratio|train/loss/|train/rand/'
train/loss/con 0.02 / train/loss/dyn 10.24 / train/loss/height 5.4e-3 / train/loss/orientations 0.24 / train/loss/policy -0.12 / train/loss/rep 10.24 / train/loss/repval 1 / train/loss/rew 0.51 / train/loss/value 0.83 / train/loss/velocity 1.74 / replay/replay_ratio 1040 / fps/policy 36.89 / fps/train 3.8e4

Writing metrics: /scratch/midway3/rickybao/dreamerv3_runs/adapt_random_run_seed2/metrics.jsonl
Writing metrics: /scratch/midway3/rickybao/dreamerv3_runs/adapt_random_run_seed2/scores.jsonl

--------------------[Agent Step 32_736]--------------------
Metrics filtered by: 'score|length|fps|ratio|train/loss/|train/rand/'
episode/score 64.3 / episode/length 1001 / train/loss/con 0.02 / train/loss/dyn 10.33 / train/loss/height 6.1e-3 / train/loss/orientations 0.25 / train/loss/policy -0.23 / train/loss/rep 10.33 / train/loss/repval 1.07 / train/loss/rew 0.52 / train/loss/value 0.77 / train/loss/velocity 1.79 / replay/replay_ratio 1040 / fps/policy 36.88 / fps/train 3.8e4

Writing metrics: /scratch/midway3/rickybao/dreamerv3_runs/adapt_random_run_seed2/metrics.jsonlWriting metrics: /scratch/midway3/rickybao/dreamerv3_runs/adapt_random_run_seed2/scores.jsonl

Saving checkpoint: /scratch/midway3/rickybao/dreamerv3_runs/adapt_random_run_seed2/ckpt/20260518T104002F720547
Saved checkpoint.

--------------------[Agent Step 37_120]--------------------
Metrics filtered by: 'score|length|fps|ratio|train/loss/|train/rand/'
train/loss/con 0.02 / train/loss/dyn 10.52 / train/loss/height 6.5e-3 / train/loss/orientations 0.27 / train/loss/policy -0.19 / train/loss/rep 10.52 / train/loss/repval 1.04 / train/loss/rew 0.53 / train/loss/value 1.09 / train/loss/velocity 1.85 / replay/replay_ratio 1040 / fps/policy 36.43 / fps/train 3.7e4

Writing metrics: /scratch/midway3/rickybao/dreamerv3_runs/adapt_random_run_seed2/scores.jsonl
Writing metrics: /scratch/midway3/rickybao/dreamerv3_runs/adapt_random_run_seed2/metrics.jsonl

--------------------[Agent Step 41_568]--------------------
Metrics filtered by: 'score|length|fps|ratio|train/loss/|train/rand/'
train/loss/con 0.02 / train/loss/dyn 10.65 / train/loss/height 6.9e-3 / train/loss/orientations 0.29 / train/loss/policy -0.16 / train/loss/rep 10.65 / train/loss/repval 1.12 / train/loss/rew 0.53 / train/loss/value 0.82 / train/loss/velocity 1.87 / replay/replay_ratio 1040 / fps/policy 36.95 / fps/train 3.8e4

Writing metrics: /scratch/midway3/rickybao/dreamerv3_runs/adapt_random_run_seed2/metrics.jsonlWriting metrics: /scratch/midway3/rickybao/dreamerv3_runs/adapt_random_run_seed2/scores.jsonl


--------------------[Agent Step 46_000]--------------------
Metrics filtered by: 'score|length|fps|ratio|train/loss/|train/rand/'
train/loss/con 0.02 / train/loss/dyn 11.1 / train/loss/height 7.2e-3 / train/loss/orientations 0.43 / train/loss/policy -0.16 / train/loss/rep 11.1 / train/loss/repval 0.86 / train/loss/rew 0.54 / train/loss/value 1.19 / train/loss/velocity 1.93 / replay/replay_ratio 1040 / fps/policy 36.9 / fps/train 3.8e4

Writing metrics: /scratch/midway3/rickybao/dreamerv3_runs/adapt_random_run_seed2/scores.jsonlWriting metrics: /scratch/midway3/rickybao/dreamerv3_runs/adapt_random_run_seed2/metrics.jsonl


--------------------[Agent Step 50_432]--------------------
Metrics filtered by: 'score|length|fps|ratio|train/loss/|train/rand/'
episode/score 43.54 / episode/length 1001 / train/loss/con 0.02 / train/loss/dyn 11.45 / train/loss/height 7.5e-3 / train/loss/orientations 0.49 / train/loss/policy -0.16 / train/loss/rep 11.45 / train/loss/repval 1.29 / train/loss/rew 0.54 / train/loss/value 1.23 / train/loss/velocity 1.99 / replay/replay_ratio 1040 / fps/policy 36.83 / fps/train 3.8e4

Writing metrics: /scratch/midway3/rickybao/dreamerv3_runs/adapt_random_run_seed2/metrics.jsonlWriting metrics: /scratch/midway3/rickybao/dreamerv3_runs/adapt_random_run_seed2/scores.jsonl


--------------------[Agent Step 54_864]--------------------
Metrics filtered by: 'score|length|fps|ratio|train/loss/|train/rand/'
train/loss/con 0.02 / train/loss/dyn 11.74 / train/loss/height 7.5e-3 / train/loss/orientations 0.54 / train/loss/policy -0.21 / train/loss/rep 11.74 / train/loss/repval 1.22 / train/loss/rew 0.54 / train/loss/value 0.78 / train/loss/velocity 2.07 / replay/replay_ratio 1040 / fps/policy 36.89 / fps/train 3.8e4

Writing metrics: /scratch/midway3/rickybao/dreamerv3_runs/adapt_random_run_seed2/metrics.jsonlWriting metrics: /scratch/midway3/rickybao/dreamerv3_runs/adapt_random_run_seed2/scores.jsonl


--------------------[Agent Step 59_296]--------------------
Metrics filtered by: 'score|length|fps|ratio|train/loss/|train/rand/'
train/loss/con 0.02 / train/loss/dyn 11.91 / train/loss/height 7.5e-3 / train/loss/orientations 0.62 / train/loss/policy -0.22 / train/loss/rep 11.91 / train/loss/repval 0.81 / train/loss/rew 0.54 / train/loss/value 1.07 / train/loss/velocity 2.12 / replay/replay_ratio 1040 / fps/policy 36.87 / fps/train 3.8e4

Writing metrics: /scratch/midway3/rickybao/dreamerv3_runs/adapt_random_run_seed2/scores.jsonlWriting metrics: /scratch/midway3/rickybao/dreamerv3_runs/adapt_random_run_seed2/metrics.jsonl


--------------------[Agent Step 63_728]--------------------
Metrics filtered by: 'score|length|fps|ratio|train/loss/|train/rand/'
train/loss/con 0.02 / train/loss/dyn 12.08 / train/loss/height 7.6e-3 / train/loss/orientations 0.69 / train/loss/policy -0.22 / train/loss/rep 12.08 / train/loss/repval 1.29 / train/loss/rew 0.55 / train/loss/value 1.04 / train/loss/velocity 2.16 / replay/replay_ratio 1040 / fps/policy 36.84 / fps/train 3.8e4

Writing metrics: /scratch/midway3/rickybao/dreamerv3_runs/adapt_random_run_seed2/metrics.jsonlWriting metrics: /scratch/midway3/rickybao/dreamerv3_runs/adapt_random_run_seed2/scores.jsonl

Saving checkpoint: /scratch/midway3/rickybao/dreamerv3_runs/adapt_random_run_seed2/ckpt/20260518T105503F138180
Saved checkpoint.

--------------------[Agent Step 68_112]--------------------
Metrics filtered by: 'score|length|fps|ratio|train/loss/|train/rand/'
episode/score 45.24 / episode/length 1001 / train/loss/con 0.02 / train/loss/dyn 12.2 / train/loss/height 7.6e-3 / train/loss/orientations 0.73 / train/loss/policy -0.21 / train/loss/rep 12.2 / train/loss/repval 1.1 / train/loss/rew 0.55 / train/loss/value 0.73 / train/loss/velocity 2.21 / replay/replay_ratio 1040 / fps/policy 36.42 / fps/train 3.7e4

Writing metrics: /scratch/midway3/rickybao/dreamerv3_runs/adapt_random_run_seed2/metrics.jsonlWriting metrics: /scratch/midway3/rickybao/dreamerv3_runs/adapt_random_run_seed2/scores.jsonl


--------------------[Agent Step 72_544]--------------------
Metrics filtered by: 'score|length|fps|ratio|train/loss/|train/rand/'
train/loss/con 0.02 / train/loss/dyn 12.29 / train/loss/height 7.7e-3 / train/loss/orientations 0.75 / train/loss/policy -0.2 / train/loss/rep 12.29 / train/loss/repval 1.14 / train/loss/rew 0.55 / train/loss/value 1.27 / train/loss/velocity 2.23 / replay/replay_ratio 1040 / fps/policy 36.88 / fps/train 3.8e4

Writing metrics: /scratch/midway3/rickybao/dreamerv3_runs/adapt_random_run_seed2/metrics.jsonlWriting metrics: /scratch/midway3/rickybao/dreamerv3_runs/adapt_random_run_seed2/scores.jsonl


--------------------[Agent Step 76_976]--------------------
Metrics filtered by: 'score|length|fps|ratio|train/loss/|train/rand/'
train/loss/con 0.02 / train/loss/dyn 12.48 / train/loss/height 7.8e-3 / train/loss/orientations 0.79 / train/loss/policy -0.17 / train/loss/rep 12.48 / train/loss/repval 1.32 / train/loss/rew 0.55 / train/loss/value 1.14 / train/loss/velocity 2.26 / replay/replay_ratio 1040 / fps/policy 36.86 / fps/train 3.8e4

Writing metrics: /scratch/midway3/rickybao/dreamerv3_runs/adapt_random_run_seed2/scores.jsonlWriting metrics: /scratch/midway3/rickybao/dreamerv3_runs/adapt_random_run_seed2/metrics.jsonl


--------------------[Agent Step 81_392]--------------------
Metrics filtered by: 'score|length|fps|ratio|train/loss/|train/rand/'
episode/score 49.82 / episode/length 1001 / train/loss/con 0.02 / train/loss/dyn 12.54 / train/loss/height 7.9e-3 / train/loss/orientations 0.81 / train/loss/policy -0.18 / train/loss/rep 12.54 / train/loss/repval 1.33 / train/loss/rew 0.55 / train/loss/value 0.97 / train/loss/velocity 2.27 / replay/replay_ratio 1040 / fps/policy 36.78 / fps/train 3.8e4

Writing metrics: /scratch/midway3/rickybao/dreamerv3_runs/adapt_random_run_seed2/metrics.jsonlWriting metrics: /scratch/midway3/rickybao/dreamerv3_runs/adapt_random_run_seed2/scores.jsonl


--------------------[Agent Step 85_824]--------------------
Metrics filtered by: 'score|length|fps|ratio|train/loss/|train/rand/'
train/loss/con 0.02 / train/loss/dyn 12.65 / train/loss/height 8e-3 / train/loss/orientations 0.83 / train/loss/policy -0.17 / train/loss/rep 12.65 / train/loss/repval 1.34 / train/loss/rew 0.55 / train/loss/value 0.96 / train/loss/velocity 2.3 / replay/replay_ratio 1040 / fps/policy 36.83 / fps/train 3.8e4

Writing metrics: /scratch/midway3/rickybao/dreamerv3_runs/adapt_random_run_seed2/metrics.jsonlWriting metrics: /scratch/midway3/rickybao/dreamerv3_runs/adapt_random_run_seed2/scores.jsonl


--------------------[Agent Step 90_256]--------------------
Metrics filtered by: 'score|length|fps|ratio|train/loss/|train/rand/'
train/loss/con 0.02 / train/loss/dyn 12.69 / train/loss/height 8e-3 / train/loss/orientations 0.85 / train/loss/policy -0.21 / train/loss/rep 12.69 / train/loss/repval 1.33 / train/loss/rew 0.55 / train/loss/value 0.82 / train/loss/velocity 2.31 / replay/replay_ratio 1040 / fps/policy 36.87 / fps/train 3.8e4

Writing metrics: /scratch/midway3/rickybao/dreamerv3_runs/adapt_random_run_seed2/metrics.jsonl
Writing metrics: /scratch/midway3/rickybao/dreamerv3_runs/adapt_random_run_seed2/scores.jsonl

--------------------[Agent Step 94_688]--------------------
Metrics filtered by: 'score|length|fps|ratio|train/loss/|train/rand/'
train/loss/con 0.02 / train/loss/dyn 12.67 / train/loss/height 8.1e-3 / train/loss/orientations 0.86 / train/loss/policy -0.28 / train/loss/rep 12.67 / train/loss/repval 0.79 / train/loss/rew 0.55 / train/loss/value 0.98 / train/loss/velocity 2.31 / replay/replay_ratio 1040 / fps/policy 36.84 / fps/train 3.8e4

Writing metrics: /scratch/midway3/rickybao/dreamerv3_runs/adapt_random_run_seed2/metrics.jsonlWriting metrics: /scratch/midway3/rickybao/dreamerv3_runs/adapt_random_run_seed2/scores.jsonl


--------------------[Agent Step 99_104]--------------------
Metrics filtered by: 'score|length|fps|ratio|train/loss/|train/rand/'
episode/score 44.7 / episode/length 1001 / train/loss/con 0.02 / train/loss/dyn 12.71 / train/loss/height 8.1e-3 / train/loss/orientations 0.87 / train/loss/policy -0.21 / train/loss/rep 12.71 / train/loss/repval 0.64 / train/loss/rew 0.55 / train/loss/value 1.2 / train/loss/velocity 2.32 / replay/replay_ratio 1040 / fps/policy 36.77 / fps/train 3.8e4

Writing metrics: /scratch/midway3/rickybao/dreamerv3_runs/adapt_random_run_seed2/metrics.jsonlWriting metrics: /scratch/midway3/rickybao/dreamerv3_runs/adapt_random_run_seed2/scores.jsonl

Saving checkpoint: /scratch/midway3/rickybao/dreamerv3_runs/adapt_random_run_seed2/ckpt/20260518T111003F258363
Saved checkpoint.

--------------------[Agent Step 103_488]--------------------
Metrics filtered by: 'score|length|fps|ratio|train/loss/|train/rand/'
train/loss/con 0.02 / train/loss/dyn 12.88 / train/loss/height 8.2e-3 / train/loss/orientations 0.88 / train/loss/policy -0.21 / train/loss/rep 12.88 / train/loss/repval 0.74 / train/loss/rew 0.55 / train/loss/value 1.25 / train/loss/velocity 2.34 / replay/replay_ratio 1040 / fps/policy 36.48 / fps/train 3.7e4

Writing metrics: /scratch/midway3/rickybao/dreamerv3_runs/adapt_random_run_seed2/metrics.jsonl
Writing metrics: /scratch/midway3/rickybao/dreamerv3_runs/adapt_random_run_seed2/scores.jsonl

--------------------[Agent Step 107_920]--------------------
Metrics filtered by: 'score|length|fps|ratio|train/loss/|train/rand/'
train/loss/con 0.02 / train/loss/dyn 13.1 / train/loss/height 8.4e-3 / train/loss/orientations 0.9 / train/loss/policy -0.21 / train/loss/rep 13.1 / train/loss/repval 1.01 / train/loss/rew 0.54 / train/loss/value 1.31 / train/loss/velocity 2.36 / replay/replay_ratio 1040 / fps/policy 36.84 / fps/train 3.8e4

Writing metrics: /scratch/midway3/rickybao/dreamerv3_runs/adapt_random_run_seed2/metrics.jsonlWriting metrics: /scratch/midway3/rickybao/dreamerv3_runs/adapt_random_run_seed2/scores.jsonl


--------------------[Agent Step 112_352]--------------------
Metrics filtered by: 'score|length|fps|ratio|train/loss/|train/rand/'
episode/score 46.71 / episode/length 1001 / train/loss/con 0.02 / train/loss/dyn 13.32 / train/loss/height 8.7e-3 / train/loss/orientations 0.92 / train/loss/policy -0.22 / train/loss/rep 13.32 / train/loss/repval 1.31 / train/loss/rew 0.54 / train/loss/value 1.13 / train/loss/velocity 2.37 / replay/replay_ratio 1040 / fps/policy 36.87 / fps/train 3.8e4

Writing metrics: /scratch/midway3/rickybao/dreamerv3_runs/adapt_random_run_seed2/scores.jsonlWriting metrics: /scratch/midway3/rickybao/dreamerv3_runs/adapt_random_run_seed2/metrics.jsonl


--------------------[Agent Step 116_800]--------------------
Metrics filtered by: 'score|length|fps|ratio|train/loss/|train/rand/'
train/loss/con 0.02 / train/loss/dyn 13.34 / train/loss/height 8.7e-3 / train/loss/orientations 0.92 / train/loss/policy -0.19 / train/loss/rep 13.34 / train/loss/repval 1.35 / train/loss/rew 0.54 / train/loss/value 0.91 / train/loss/velocity 2.4 / replay/replay_ratio 1040 / fps/policy 36.97 / fps/train 3.8e4

Writing metrics: /scratch/midway3/rickybao/dreamerv3_runs/adapt_random_run_seed2/scores.jsonlWriting metrics: /scratch/midway3/rickybao/dreamerv3_runs/adapt_random_run_seed2/metrics.jsonl


--------------------[Agent Step 121_248]--------------------
Metrics filtered by: 'score|length|fps|ratio|train/loss/|train/rand/'
train/loss/con 0.02 / train/loss/dyn 13.52 / train/loss/height 8.9e-3 / train/loss/orientations 0.93 / train/loss/policy -0.21 / train/loss/rep 13.52 / train/loss/repval 1.3 / train/loss/rew 0.54 / train/loss/value 0.73 / train/loss/velocity 2.41 / replay/replay_ratio 1040 / fps/policy 36.98 / fps/train 3.8e4

Writing metrics: /scratch/midway3/rickybao/dreamerv3_runs/adapt_random_run_seed2/metrics.jsonlWriting metrics: /scratch/midway3/rickybao/dreamerv3_runs/adapt_random_run_seed2/scores.jsonl


--------------------[Agent Step 125_696]--------------------
Metrics filtered by: 'score|length|fps|ratio|train/loss/|train/rand/'
train/loss/con 0.02 / train/loss/dyn 13.71 / train/loss/height 9.1e-3 / train/loss/orientations 0.95 / train/loss/policy -0.23 / train/loss/rep 13.71 / train/loss/repval 0.95 / train/loss/rew 0.54 / train/loss/value 0.73 / train/loss/velocity 2.41 / replay/replay_ratio 1040 / fps/policy 37.03 / fps/train 3.8e4

Writing metrics: /scratch/midway3/rickybao/dreamerv3_runs/adapt_random_run_seed2/metrics.jsonlWriting metrics: /scratch/midway3/rickybao/dreamerv3_runs/adapt_random_run_seed2/scores.jsonl


--------------------[Agent Step 130_144]--------------------
Metrics filtered by: 'score|length|fps|ratio|train/loss/|train/rand/'
episode/score 49.48 / episode/length 1001 / train/loss/con 0.02 / train/loss/dyn 13.74 / train/loss/height 9.1e-3 / train/loss/orientations 0.96 / train/loss/policy -0.23 / train/loss/rep 13.74 / train/loss/repval 0.73 / train/loss/rew 0.54 / train/loss/value 1.18 / train/loss/velocity 2.42 / replay/replay_ratio 1040 / fps/policy 36.97 / fps/train 3.8e4

Writing metrics: /scratch/midway3/rickybao/dreamerv3_runs/adapt_random_run_seed2/metrics.jsonlWriting metrics: /scratch/midway3/rickybao/dreamerv3_runs/adapt_random_run_seed2/scores.jsonl

Saving checkpoint: /scratch/midway3/rickybao/dreamerv3_runs/adapt_random_run_seed2/ckpt/20260518T112503F454623
Saved checkpoint.

--------------------[Agent Step 134_544]--------------------
Metrics filtered by: 'score|length|fps|ratio|train/loss/|train/rand/'
train/loss/con 0.02 / train/loss/dyn 13.94 / train/loss/height 9.3e-3 / train/loss/orientations 0.97 / train/loss/policy -0.22 / train/loss/rep 13.94 / train/loss/repval 1.24 / train/loss/rew 0.54 / train/loss/value 1.21 / train/loss/velocity 2.43 / replay/replay_ratio 1040 / fps/policy 36.65 / fps/train 3.8e4

Writing metrics: /scratch/midway3/rickybao/dreamerv3_runs/adapt_random_run_seed2/metrics.jsonlWriting metrics: /scratch/midway3/rickybao/dreamerv3_runs/adapt_random_run_seed2/scores.jsonl


--------------------[Agent Step 138_992]--------------------
Metrics filtered by: 'score|length|fps|ratio|train/loss/|train/rand/'
train/loss/con 0.02 / train/loss/dyn 14.08 / train/loss/height 9.4e-3 / train/loss/orientations 0.97 / train/loss/policy -0.19 / train/loss/rep 14.08 / train/loss/repval 1.35 / train/loss/rew 0.54 / train/loss/value 0.94 / train/loss/velocity 2.44 / replay/replay_ratio 1040 / fps/policy 37.03 / fps/train 3.8e4

Writing metrics: /scratch/midway3/rickybao/dreamerv3_runs/adapt_random_run_seed2/metrics.jsonl
Writing metrics: /scratch/midway3/rickybao/dreamerv3_runs/adapt_random_run_seed2/scores.jsonl

--------------------[Agent Step 143_440]--------------------
Metrics filtered by: 'score|length|fps|ratio|train/loss/|train/rand/'
train/loss/con 0.02 / train/loss/dyn 14.33 / train/loss/height 9.7e-3 / train/loss/orientations 0.98 / train/loss/policy -0.18 / train/loss/rep 14.33 / train/loss/repval 1.35 / train/loss/rew 0.54 / train/loss/value 0.87 / train/loss/velocity 2.46 / replay/replay_ratio 1040 / fps/policy 37.02 / fps/train 3.8e4

Writing metrics: /scratch/midway3/rickybao/dreamerv3_runs/adapt_random_run_seed2/metrics.jsonlWriting metrics: /scratch/midway3/rickybao/dreamerv3_runs/adapt_random_run_seed2/scores.jsonl


--------------------[Agent Step 147_888]--------------------
Metrics filtered by: 'score|length|fps|ratio|train/loss/|train/rand/'
episode/score 44.96 / episode/length 1001 / train/loss/con 0.02 / train/loss/dyn 14.47 / train/loss/height 9.8e-3 / train/loss/orientations 0.99 / train/loss/policy -0.18 / train/loss/rep 14.47 / train/loss/repval 1.35 / train/loss/rew 0.54 / train/loss/value 0.9 / train/loss/velocity 2.48 / replay/replay_ratio 1040 / fps/policy 36.96 / fps/train 3.8e4

Writing metrics: /scratch/midway3/rickybao/dreamerv3_runs/adapt_random_run_seed2/metrics.jsonlWriting metrics: /scratch/midway3/rickybao/dreamerv3_runs/adapt_random_run_seed2/scores.jsonl


--------------------[Agent Step 152_336]--------------------
Metrics filtered by: 'score|length|fps|ratio|train/loss/|train/rand/'
train/loss/con 0.02 / train/loss/dyn 14.45 / train/loss/height 9.8e-3 / train/loss/orientations 0.99 / train/loss/policy -0.18 / train/loss/rep 14.45 / train/loss/repval 1.35 / train/loss/rew 0.54 / train/loss/value 0.93 / train/loss/velocity 2.49 / replay/replay_ratio 1040 / fps/policy 37.02 / fps/train 3.8e4

Writing metrics: /scratch/midway3/rickybao/dreamerv3_runs/adapt_random_run_seed2/metrics.jsonlWriting metrics: /scratch/midway3/rickybao/dreamerv3_runs/adapt_random_run_seed2/scores.jsonl


--------------------[Agent Step 156_784]--------------------
Metrics filtered by: 'score|length|fps|ratio|train/loss/|train/rand/'
train/loss/con 0.02 / train/loss/dyn 14.52 / train/loss/height 9.9e-3 / train/loss/orientations 1 / train/loss/policy -0.19 / train/loss/rep 14.52 / train/loss/repval 1.34 / train/loss/rew 0.54 / train/loss/value 0.86 / train/loss/velocity 2.5 / replay/replay_ratio 1040 / fps/policy 37.02 / fps/train 3.8e4

Writing metrics: /scratch/midway3/rickybao/dreamerv3_runs/adapt_random_run_seed2/metrics.jsonlWriting metrics: /scratch/midway3/rickybao/dreamerv3_runs/adapt_random_run_seed2/scores.jsonl


--------------------[Agent Step 161_232]--------------------
Metrics filtered by: 'score|length|fps|ratio|train/loss/|train/rand/'
episode/score 44.41 / episode/length 1001 / train/loss/con 0.02 / train/loss/dyn 14.57 / train/loss/height 9.9e-3 / train/loss/orientations 1.01 / train/loss/policy -0.22 / train/loss/rep 14.57 / train/loss/repval 0.98 / train/loss/rew 0.54 / train/loss/value 0.79 / train/loss/velocity 2.5 / replay/replay_ratio 1040 / fps/policy 36.98 / fps/train 3.8e4

Writing metrics: /scratch/midway3/rickybao/dreamerv3_runs/adapt_random_run_seed2/metrics.jsonlWriting metrics: /scratch/midway3/rickybao/dreamerv3_runs/adapt_random_run_seed2/scores.jsonl


--------------------[Agent Step 165_680]--------------------
Metrics filtered by: 'score|length|fps|ratio|train/loss/|train/rand/'
train/loss/con 0.02 / train/loss/dyn 14.63 / train/loss/height 1e-2 / train/loss/orientations 1.02 / train/loss/policy -0.15 / train/loss/rep 14.63 / train/loss/repval 0.97 / train/loss/rew 0.54 / train/loss/value 0.7 / train/loss/velocity 2.52 / replay/replay_ratio 1040 / fps/policy 36.98 / fps/train 3.8e4

Writing metrics: /scratch/midway3/rickybao/dreamerv3_runs/adapt_random_run_seed2/metrics.jsonlWriting metrics: /scratch/midway3/rickybao/dreamerv3_runs/adapt_random_run_seed2/scores.jsonl

Saving checkpoint: /scratch/midway3/rickybao/dreamerv3_runs/adapt_random_run_seed2/ckpt/20260518T114003F599052
Saved checkpoint.

--------------------[Agent Step 170_080]--------------------
Metrics filtered by: 'score|length|fps|ratio|train/loss/|train/rand/'
train/loss/con 0.02 / train/loss/dyn 14.73 / train/loss/height 0.01 / train/loss/orientations 1.03 / train/loss/policy -0.16 / train/loss/rep 14.73 / train/loss/repval 1.33 / train/loss/rew 0.54 / train/loss/value 0.79 / train/loss/velocity 2.53 / replay/replay_ratio 1040 / fps/policy 36.65 / fps/train 3.8e4

Writing metrics: /scratch/midway3/rickybao/dreamerv3_runs/adapt_random_run_seed2/metrics.jsonlWriting metrics: /scratch/midway3/rickybao/dreamerv3_runs/adapt_random_run_seed2/scores.jsonl


--------------------[Agent Step 174_528]--------------------
Metrics filtered by: 'score|length|fps|ratio|train/loss/|train/rand/'
train/loss/con 0.02 / train/loss/dyn 14.7 / train/loss/height 0.01 / train/loss/orientations 1.03 / train/loss/policy -0.2 / train/loss/rep 14.7 / train/loss/repval 1.34 / train/loss/rew 0.54 / train/loss/value 0.81 / train/loss/velocity 2.54 / replay/replay_ratio 1040 / fps/policy 37.04 / fps/train 3.8e4

Writing metrics: /scratch/midway3/rickybao/dreamerv3_runs/adapt_random_run_seed2/metrics.jsonlWriting metrics: /scratch/midway3/rickybao/dreamerv3_runs/adapt_random_run_seed2/scores.jsonl


--------------------[Agent Step 178_976]--------------------
Metrics filtered by: 'score|length|fps|ratio|train/loss/|train/rand/'
episode/score 45.11 / episode/length 1001 / train/loss/con 0.02 / train/loss/dyn 14.78 / train/loss/height 0.01 / train/loss/orientations 1.04 / train/loss/policy -0.2 / train/loss/rep 14.78 / train/loss/repval 1.34 / train/loss/rew 0.54 / train/loss/value 0.79 / train/loss/velocity 2.55 / replay/replay_ratio 1040 / fps/policy 36.97 / fps/train 3.8e4

Writing metrics: /scratch/midway3/rickybao/dreamerv3_runs/adapt_random_run_seed2/metrics.jsonlWriting metrics: /scratch/midway3/rickybao/dreamerv3_runs/adapt_random_run_seed2/scores.jsonl


--------------------[Agent Step 183_424]--------------------
Metrics filtered by: 'score|length|fps|ratio|train/loss/|train/rand/'
train/loss/con 0.02 / train/loss/dyn 14.86 / train/loss/height 0.01 / train/loss/orientations 1.05 / train/loss/policy -0.19 / train/loss/rep 14.86 / train/loss/repval 1.34 / train/loss/rew 0.54 / train/loss/value 0.77 / train/loss/velocity 2.56 / replay/replay_ratio 1040 / fps/policy 37.01 / fps/train 3.8e4

Writing metrics: /scratch/midway3/rickybao/dreamerv3_runs/adapt_random_run_seed2/scores.jsonlWriting metrics: /scratch/midway3/rickybao/dreamerv3_runs/adapt_random_run_seed2/metrics.jsonl


--------------------[Agent Step 187_872]--------------------
Metrics filtered by: 'score|length|fps|ratio|train/loss/|train/rand/'
train/loss/con 0.02 / train/loss/dyn 14.92 / train/loss/height 0.01 / train/loss/orientations 1.06 / train/loss/policy -0.18 / train/loss/rep 14.92 / train/loss/repval 1.28 / train/loss/rew 0.54 / train/loss/value 0.57 / train/loss/velocity 2.57 / replay/replay_ratio 1040 / fps/policy 37.03 / fps/train 3.8e4

Writing metrics: /scratch/midway3/rickybao/dreamerv3_runs/adapt_random_run_seed2/scores.jsonlWriting metrics: /scratch/midway3/rickybao/dreamerv3_runs/adapt_random_run_seed2/metrics.jsonl


--------------------[Agent Step 192_320]--------------------
Metrics filtered by: 'score|length|fps|ratio|train/loss/|train/rand/'
episode/score 44.08 / episode/length 1001 / train/loss/con 0.02 / train/loss/dyn 14.87 / train/loss/height 0.01 / train/loss/orientations 1.08 / train/loss/policy -0.18 / train/loss/rep 14.87 / train/loss/repval 1.27 / train/loss/rew 0.54 / train/loss/value 0.54 / train/loss/velocity 2.57 / replay/replay_ratio 1040 / fps/policy 37 / fps/train 3.8e4

Writing metrics: /scratch/midway3/rickybao/dreamerv3_runs/adapt_random_run_seed2/metrics.jsonlWriting metrics: /scratch/midway3/rickybao/dreamerv3_runs/adapt_random_run_seed2/scores.jsonl


--------------------[Agent Step 196_768]--------------------
Metrics filtered by: 'score|length|fps|ratio|train/loss/|train/rand/'
train/loss/con 0.02 / train/loss/dyn 14.91 / train/loss/height 0.01 / train/loss/orientations 1.09 / train/loss/policy -0.18 / train/loss/rep 14.91 / train/loss/repval 1.2 / train/loss/rew 0.54 / train/loss/value 0.51 / train/loss/velocity 2.59 / replay/replay_ratio 1040 / fps/policy 36.95 / fps/train 3.8e4

Writing metrics: /scratch/midway3/rickybao/dreamerv3_runs/adapt_random_run_seed2/metrics.jsonl
Writing metrics: /scratch/midway3/rickybao/dreamerv3_runs/adapt_random_run_seed2/scores.jsonl
Saving checkpoint: /scratch/midway3/rickybao/dreamerv3_runs/adapt_random_run_seed2/ckpt/20260518T115503F798545
Saved checkpoint.

--------------------[Agent Step 201_168]--------------------
Metrics filtered by: 'score|length|fps|ratio|train/loss/|train/rand/'
train/loss/con 0.02 / train/loss/dyn 15.04 / train/loss/height 0.01 / train/loss/orientations 1.11 / train/loss/policy -0.2 / train/loss/rep 15.04 / train/loss/repval 1.02 / train/loss/rew 0.54 / train/loss/value 0.65 / train/loss/velocity 2.6 / replay/replay_ratio 1040 / fps/policy 36.63 / fps/train 3.8e4

Writing metrics: /scratch/midway3/rickybao/dreamerv3_runs/adapt_random_run_seed2/metrics.jsonlWriting metrics: /scratch/midway3/rickybao/dreamerv3_runs/adapt_random_run_seed2/scores.jsonl


--------------------[Agent Step 205_616]--------------------
Metrics filtered by: 'score|length|fps|ratio|train/loss/|train/rand/'
train/loss/con 0.02 / train/loss/dyn 15.13 / train/loss/height 0.01 / train/loss/orientations 1.14 / train/loss/policy -0.19 / train/loss/rep 15.13 / train/loss/repval 0.8 / train/loss/rew 0.54 / train/loss/value 0.88 / train/loss/velocity 2.6 / replay/replay_ratio 1040 / fps/policy 37.02 / fps/train 3.8e4

Writing metrics: /scratch/midway3/rickybao/dreamerv3_runs/adapt_random_run_seed2/metrics.jsonlWriting metrics: /scratch/midway3/rickybao/dreamerv3_runs/adapt_random_run_seed2/scores.jsonl


--------------------[Agent Step 210_064]--------------------
Metrics filtered by: 'score|length|fps|ratio|train/loss/|train/rand/'
episode/score 44.41 / episode/length 1001 / train/loss/con 0.02 / train/loss/dyn 15.1 / train/loss/height 0.01 / train/loss/orientations 1.15 / train/loss/policy -0.19 / train/loss/rep 15.1 / train/loss/repval 0.68 / train/loss/rew 0.54 / train/loss/value 0.99 / train/loss/velocity 2.61 / replay/replay_ratio 1040 / fps/policy 36.97 / fps/train 3.8e4

Writing metrics: /scratch/midway3/rickybao/dreamerv3_runs/adapt_random_run_seed2/metrics.jsonlWriting metrics: /scratch/midway3/rickybao/dreamerv3_runs/adapt_random_run_seed2/scores.jsonl


--------------------[Agent Step 214_512]--------------------
Metrics filtered by: 'score|length|fps|ratio|train/loss/|train/rand/'
train/loss/con 0.02 / train/loss/dyn 15.23 / train/loss/height 0.01 / train/loss/orientations 1.17 / train/loss/policy -0.18 / train/loss/rep 15.23 / train/loss/repval 0.59 / train/loss/rew 0.54 / train/loss/value 1.11 / train/loss/velocity 2.62 / replay/replay_ratio 1040 / fps/policy 36.95 / fps/train 3.8e4

Writing metrics: /scratch/midway3/rickybao/dreamerv3_runs/adapt_random_run_seed2/metrics.jsonlWriting metrics: /scratch/midway3/rickybao/dreamerv3_runs/adapt_random_run_seed2/scores.jsonl


--------------------[Agent Step 218_944]--------------------
Metrics filtered by: 'score|length|fps|ratio|train/loss/|train/rand/'
train/loss/con 0.02 / train/loss/dyn 15.21 / train/loss/height 0.01 / train/loss/orientations 1.18 / train/loss/policy -0.18 / train/loss/rep 15.21 / train/loss/repval 0.63 / train/loss/rew 0.54 / train/loss/value 1.21 / train/loss/velocity 2.62 / replay/replay_ratio 1040 / fps/policy 36.91 / fps/train 3.8e4

Writing metrics: /scratch/midway3/rickybao/dreamerv3_runs/adapt_random_run_seed2/metrics.jsonlWriting metrics: /scratch/midway3/rickybao/dreamerv3_runs/adapt_random_run_seed2/scores.jsonl


--------------------[Agent Step 223_392]--------------------
Metrics filtered by: 'score|length|fps|ratio|train/loss/|train/rand/'
train/loss/con 0.02 / train/loss/dyn 15.35 / train/loss/height 0.01 / train/loss/orientations 1.22 / train/loss/policy -0.19 / train/loss/rep 15.35 / train/loss/repval 0.7 / train/loss/rew 0.54 / train/loss/value 1.26 / train/loss/velocity 2.63 / replay/replay_ratio 1040 / fps/policy 37 / fps/train 3.8e4

Writing metrics: /scratch/midway3/rickybao/dreamerv3_runs/adapt_random_run_seed2/metrics.jsonlWriting metrics: /scratch/midway3/rickybao/dreamerv3_runs/adapt_random_run_seed2/scores.jsonl


--------------------[Agent Step 227_840]--------------------
Metrics filtered by: 'score|length|fps|ratio|train/loss/|train/rand/'
episode/score 44.1 / episode/length 1001 / train/loss/con 0.02 / train/loss/dyn 15.47 / train/loss/height 0.01 / train/loss/orientations 1.23 / train/loss/policy -0.18 / train/loss/rep 15.47 / train/loss/repval 0.7 / train/loss/rew 0.54 / train/loss/value 1.26 / train/loss/velocity 2.63 / replay/replay_ratio 1040 / fps/policy 36.94 / fps/train 3.8e4

Writing metrics: /scratch/midway3/rickybao/dreamerv3_runs/adapt_random_run_seed2/metrics.jsonlWriting metrics: /scratch/midway3/rickybao/dreamerv3_runs/adapt_random_run_seed2/scores.jsonl


--------------------[Agent Step 232_288]--------------------
Metrics filtered by: 'score|length|fps|ratio|train/loss/|train/rand/'
train/loss/con 0.02 / train/loss/dyn 15.51 / train/loss/height 0.01 / train/loss/orientations 1.23 / train/loss/policy -0.18 / train/loss/rep 15.51 / train/loss/repval 0.7 / train/loss/rew 0.54 / train/loss/value 1.25 / train/loss/velocity 2.63 / replay/replay_ratio 1040 / fps/policy 36.96 / fps/train 3.8e4

Writing metrics: /scratch/midway3/rickybao/dreamerv3_runs/adapt_random_run_seed2/metrics.jsonlWriting metrics: /scratch/midway3/rickybao/dreamerv3_runs/adapt_random_run_seed2/scores.jsonl

Saving checkpoint: /scratch/midway3/rickybao/dreamerv3_runs/adapt_random_run_seed2/ckpt/20260518T121004F044910
Saved checkpoint.

--------------------[Agent Step 236_688]--------------------
Metrics filtered by: 'score|length|fps|ratio|train/loss/|train/rand/'
train/loss/con 0.02 / train/loss/dyn 15.52 / train/loss/height 0.01 / train/loss/orientations 1.23 / train/loss/policy -0.17 / train/loss/rep 15.52 / train/loss/repval 0.64 / train/loss/rew 0.54 / train/loss/value 1.21 / train/loss/velocity 2.65 / replay/replay_ratio 1040 / fps/policy 36.63 / fps/train 3.8e4

Writing metrics: /scratch/midway3/rickybao/dreamerv3_runs/adapt_random_run_seed2/metrics.jsonlWriting metrics: /scratch/midway3/rickybao/dreamerv3_runs/adapt_random_run_seed2/scores.jsonl


--------------------[Agent Step 241_136]--------------------
Metrics filtered by: 'score|length|fps|ratio|train/loss/|train/rand/'
episode/score 22.62 / episode/length 1001 / train/loss/con 0.02 / train/loss/dyn 15.61 / train/loss/height 0.01 / train/loss/orientations 1.25 / train/loss/policy -0.19 / train/loss/rep 15.61 / train/loss/repval 0.62 / train/loss/rew 0.54 / train/loss/value 1.2 / train/loss/velocity 2.65 / replay/replay_ratio 1040 / fps/policy 36.97 / fps/train 3.8e4

Writing metrics: /scratch/midway3/rickybao/dreamerv3_runs/adapt_random_run_seed2/metrics.jsonlWriting metrics: /scratch/midway3/rickybao/dreamerv3_runs/adapt_random_run_seed2/scores.jsonl


--------------------[Agent Step 245_568]--------------------
Metrics filtered by: 'score|length|fps|ratio|train/loss/|train/rand/'
train/loss/con 0.02 / train/loss/dyn 15.87 / train/loss/height 0.01 / train/loss/orientations 1.27 / train/loss/policy -0.18 / train/loss/rep 15.87 / train/loss/repval 0.69 / train/loss/rew 0.54 / train/loss/value 1.25 / train/loss/velocity 2.66 / replay/replay_ratio 1040 / fps/policy 36.92 / fps/train 3.8e4

Writing metrics: /scratch/midway3/rickybao/dreamerv3_runs/adapt_random_run_seed2/metrics.jsonlWriting metrics: /scratch/midway3/rickybao/dreamerv3_runs/adapt_random_run_seed2/scores.jsonl

Adaptation finished | End time: Mon May 18 12:17:15 CDT 2026
Logdir: /scratch/midway3/rickybao/dreamerv3_runs/adapt_random_run_seed2
