==============================
Slurm job started | Job ID: 49738112 | Node: midway3-0279.rcc.local
Start time: Mon May 18 03:16:18 CDT 2026
Frozen-readout adaptation | Cond: p2e | Task: run | Seed: 2
==============================
PYTHON=/scratch/midway3/rickybao/conda_envs/dreamerv3/bin/python
LOGDIR=/scratch/midway3/rickybao/dreamerv3_runs/adapt_p2e_run_seed2
Pretrained world model: /scratch/midway3/rickybao/dreamerv3_runs/pretrain_p2e_seed2/ckpt/20260517T222146F753894
GPU check:
Mon May 18 03:16:19 2026       
+---------------------------------------------------------------------------------------+
| NVIDIA-SMI 535.216.03             Driver Version: 535.216.03   CUDA Version: 12.2     |
|-----------------------------------------+----------------------+----------------------+
| GPU  Name                 Persistence-M | Bus-Id        Disp.A | Volatile Uncorr. ECC |
| Fan  Temp   Perf          Pwr:Usage/Cap |         Memory-Usage | GPU-Util  Compute M. |
|                                         |                      |               MIG M. |
|=========================================+======================+======================|
|   0  Tesla V100-PCIE-16GB           On  | 00000000:06:00.0 Off |                  Off |
| N/A   48C    P0              28W / 250W |      0MiB / 16384MiB |      0%      Default |
|                                         |                      |                  N/A |
+-----------------------------------------+----------------------+----------------------+
                                                                                         
+---------------------------------------------------------------------------------------+
| Processes:                                                                            |
|  GPU   GI   CI        PID   Type   Process name                            GPU Memory |
|        ID   ID                                                             Usage      |
|=======================================================================================|
|  No running processes found                                                           |
+---------------------------------------------------------------------------------------+
Starting frozen-readout adaptation
---  ___                           __   ______ ---
--- |   \ _ _ ___ __ _ _ __  ___ _ \ \ / /__ / ---
--- | |) | '_/ -_) _` | '  \/ -_) '/\ V / |_ \ ---
--- |___/|_| \___\__,_|_|_|_\___|_|  \_/ |___/ ---
Replica: 0 / 1
Logdir: /scratch/midway3/rickybao/dreamerv3_runs/adapt_p2e_run_seed2
Run script: train
Observations
  reward           Space(float32, shape=(), low=-inf, high=inf)
  is_first         Space(bool, shape=(), low=False, high=True)
  is_last          Space(bool, shape=(), low=False, high=True)
  is_terminal      Space(bool, shape=(), low=False, high=True)
  orientations     Space(float32, shape=(14,), low=-inf, high=inf)
  height           Space(float32, shape=(), low=-inf, high=inf)
  velocity         Space(float32, shape=(9,), low=-inf, high=inf)
Actions
  action           Space(float32, shape=(6,), low=-1.0, high=1.0)
Extras
  consec           Space(int32, shape=(), low=-2147483648, high=2147483647)
  stepid           Space(uint8, shape=(20,), low=0, high=255)
  dyn/deter        Space(float32, shape=(512,), low=-inf, high=inf)
  dyn/stoch        Space(float32, shape=(32, 4), low=-inf, high=inf)
JAX devices (1): [cuda:0]
Policy devices: cuda:0
Train devices:  cuda:0
Initializing parameters...
Optimizer opt has 215,243 params:
        66,111 val
        57,663 rew
        50,316 pol
        41,153 con
Done initializing!
Compiling 1 checkpoint groups...
Largest checkpoint group: 0 GB
Compiling train and report...
Train cost analysis:
  FLOPS:            7.2e+09
  Memory (temp):    2.0e+08
  Memory (inputs):  7.4e+06
  Memory (outputs): 5.9e+06
  Memory (code):    1.5e+06

Report cost analysis:
  FLOPS:            1.9e+06
  Memory (temp):    9.3e+05
  Memory (inputs):  2.8e+06
  Memory (outputs): 2.1e+04
  Memory (code):    9.7e+04

Done compiling!
Loaded pretrained checkpoint with keys: ['dec/mlp/linear0/bias', 'dec/mlp/linear0/kernel', 'dec/mlp/linear1/bias', 'dec/mlp/linear1/kernel', 'dec/mlp/linear2/bias', 'dec/mlp/linear2/kernel', 'dec/mlp/norm0/scale', 'dec/mlp/norm1/scale', 'dec/mlp/norm2/scale', 'dec/vec/height/pred/bias', 'dec/vec/height/pred/kernel', 'dec/vec/orientations/pred/bias', 'dec/vec/orientations/pred/kernel', 'dec/vec/velocity/pred/bias', 'dec/vec/velocity/pred/kernel', 'dyn/dyngru/bias', 'dyn/dyngru/kernel', 'dyn/dynhid0/bias', 'dyn/dynhid0/kernel', 'dyn/dynhid0norm/scale', 'dyn/dynin0/bias', 'dyn/dynin0/kernel', 'dyn/dynin0norm/scale', 'dyn/dynin1/bias', 'dyn/dynin1/kernel', 'dyn/dynin1norm/scale', 'dyn/dynin2/bias', 'dyn/dynin2/kernel', 'dyn/dynin2norm/scale', 'dyn/obs0/bias', 'dyn/obs0/kernel', 'dyn/obs0norm/scale', 'dyn/obslogit/bias', 'dyn/obslogit/kernel', 'dyn/prior0/bias', 'dyn/prior0/kernel', 'dyn/prior0norm/scale', 'dyn/prior1/bias', 'dyn/prior1/kernel', 'dyn/prior1norm/scale', 'dyn/priorlogit/bias', 'dyn/priorlogit/kernel', 'enc/mlp0/bias', 'enc/mlp0/kernel', 'enc/mlp0norm/scale', 'enc/mlp1/bias', 'enc/mlp1/kernel', 'enc/mlp1norm/scale', 'enc/mlp2/bias', 'enc/mlp2/kernel', 'enc/mlp2norm/scale']
Did not find any checkpoint.
Saving checkpoint: /scratch/midway3/rickybao/dreamerv3_runs/adapt_p2e_run_seed2/ckpt/20260518T031647F233082
Saved checkpoint.
Start training loop

--------------------[Agent Step 6_256]--------------------
Metrics filtered by: 'score|length|fps|ratio|train/loss/|train/rand/'
train/loss/con 0.08 / train/loss/dyn 8.57 / train/loss/height 7e-4 / train/loss/orientations 0.08 / train/loss/policy 0.86 / train/loss/rep 8.57 / train/loss/repval 4.84 / train/loss/rew 1.47 / train/loss/value 2.19 / train/loss/velocity 1.03 / replay/replay_ratio 836.85 / fps/policy 50.49 / fps/train 3.5e4

Writing metrics: /scratch/midway3/rickybao/dreamerv3_runs/adapt_p2e_run_seed2/metrics.jsonlWriting metrics: /scratch/midway3/rickybao/dreamerv3_runs/adapt_p2e_run_seed2/scores.jsonl


--------------------[Agent Step 10_704]--------------------
Metrics filtered by: 'score|length|fps|ratio|train/loss/|train/rand/'
train/loss/con 0.02 / train/loss/dyn 8.34 / train/loss/height 5.9e-4 / train/loss/orientations 0.07 / train/loss/policy 1.2 / train/loss/rep 8.34 / train/loss/repval 1.91 / train/loss/rew 0.41 / train/loss/value 1.26 / train/loss/velocity 1.01 / replay/replay_ratio 1040 / fps/policy 36.98 / fps/train 3.8e4

Writing metrics: /scratch/midway3/rickybao/dreamerv3_runs/adapt_p2e_run_seed2/scores.jsonlWriting metrics: /scratch/midway3/rickybao/dreamerv3_runs/adapt_p2e_run_seed2/metrics.jsonl


--------------------[Agent Step 15_152]--------------------
Metrics filtered by: 'score|length|fps|ratio|train/loss/|train/rand/'
train/loss/con 0.02 / train/loss/dyn 8.41 / train/loss/height 6.7e-4 / train/loss/orientations 0.07 / train/loss/policy 1.16 / train/loss/rep 8.41 / train/loss/repval 1.25 / train/loss/rew 0.45 / train/loss/value 0.99 / train/loss/velocity 1.03 / replay/replay_ratio 1040 / fps/policy 36.97 / fps/train 3.8e4

Writing metrics: /scratch/midway3/rickybao/dreamerv3_runs/adapt_p2e_run_seed2/metrics.jsonlWriting metrics: /scratch/midway3/rickybao/dreamerv3_runs/adapt_p2e_run_seed2/scores.jsonl


--------------------[Agent Step 19_600]--------------------
Metrics filtered by: 'score|length|fps|ratio|train/loss/|train/rand/'
episode/score 41.64 / episode/length 1001 / train/loss/con 0.02 / train/loss/dyn 8.72 / train/loss/height 9.4e-4 / train/loss/orientations 0.09 / train/loss/policy 0.62 / train/loss/rep 8.72 / train/loss/repval 1.17 / train/loss/rew 0.48 / train/loss/value 0.96 / train/loss/velocity 1.09 / replay/replay_ratio 1040 / fps/policy 36.94 / fps/train 3.8e4

Writing metrics: /scratch/midway3/rickybao/dreamerv3_runs/adapt_p2e_run_seed2/metrics.jsonlWriting metrics: /scratch/midway3/rickybao/dreamerv3_runs/adapt_p2e_run_seed2/scores.jsonl


--------------------[Agent Step 24_048]--------------------
Metrics filtered by: 'score|length|fps|ratio|train/loss/|train/rand/'
train/loss/con 0.02 / train/loss/dyn 9.02 / train/loss/height 1.1e-3 / train/loss/orientations 0.1 / train/loss/policy 0.43 / train/loss/rep 9.02 / train/loss/repval 1.16 / train/loss/rew 0.5 / train/loss/value 0.94 / train/loss/velocity 1.15 / replay/replay_ratio 1040 / fps/policy 36.96 / fps/train 3.8e4

Writing metrics: /scratch/midway3/rickybao/dreamerv3_runs/adapt_p2e_run_seed2/metrics.jsonlWriting metrics: /scratch/midway3/rickybao/dreamerv3_runs/adapt_p2e_run_seed2/scores.jsonl


--------------------[Agent Step 28_496]--------------------
Metrics filtered by: 'score|length|fps|ratio|train/loss/|train/rand/'
train/loss/con 0.02 / train/loss/dyn 9.29 / train/loss/height 1.2e-3 / train/loss/orientations 0.12 / train/loss/policy 0.2 / train/loss/rep 9.29 / train/loss/repval 1.1 / train/loss/rew 0.52 / train/loss/value 0.91 / train/loss/velocity 1.21 / replay/replay_ratio 1040 / fps/policy 37 / fps/train 3.8e4

Writing metrics: /scratch/midway3/rickybao/dreamerv3_runs/adapt_p2e_run_seed2/metrics.jsonlWriting metrics: /scratch/midway3/rickybao/dreamerv3_runs/adapt_p2e_run_seed2/scores.jsonl


--------------------[Agent Step 32_944]--------------------
Metrics filtered by: 'score|length|fps|ratio|train/loss/|train/rand/'
episode/score 111.86 / episode/length 1001 / train/loss/con 0.02 / train/loss/dyn 9.48 / train/loss/height 1.2e-3 / train/loss/orientations 0.13 / train/loss/policy 8e-3 / train/loss/rep 9.48 / train/loss/repval 1.08 / train/loss/rew 0.53 / train/loss/value 0.91 / train/loss/velocity 1.25 / replay/replay_ratio 1040 / fps/policy 36.96 / fps/train 3.8e4

Writing metrics: /scratch/midway3/rickybao/dreamerv3_runs/adapt_p2e_run_seed2/metrics.jsonlWriting metrics: /scratch/midway3/rickybao/dreamerv3_runs/adapt_p2e_run_seed2/scores.jsonl

Saving checkpoint: /scratch/midway3/rickybao/dreamerv3_runs/adapt_p2e_run_seed2/ckpt/20260518T033149F687418
Saved checkpoint.

--------------------[Agent Step 37_328]--------------------
Metrics filtered by: 'score|length|fps|ratio|train/loss/|train/rand/'
train/loss/con 0.02 / train/loss/dyn 9.64 / train/loss/height 1.4e-3 / train/loss/orientations 0.14 / train/loss/policy -0.09 / train/loss/rep 9.64 / train/loss/repval 1.02 / train/loss/rew 0.54 / train/loss/value 0.92 / train/loss/velocity 1.28 / replay/replay_ratio 1040 / fps/policy 36.5 / fps/train 3.7e4

Writing metrics: /scratch/midway3/rickybao/dreamerv3_runs/adapt_p2e_run_seed2/metrics.jsonl
Writing metrics: /scratch/midway3/rickybao/dreamerv3_runs/adapt_p2e_run_seed2/scores.jsonl

--------------------[Agent Step 41_776]--------------------
Metrics filtered by: 'score|length|fps|ratio|train/loss/|train/rand/'
train/loss/con 0.02 / train/loss/dyn 9.8 / train/loss/height 1.5e-3 / train/loss/orientations 0.14 / train/loss/policy -0.09 / train/loss/rep 9.8 / train/loss/repval 1.04 / train/loss/rew 0.54 / train/loss/value 0.88 / train/loss/velocity 1.3 / replay/replay_ratio 1040 / fps/policy 37.03 / fps/train 3.8e4

Writing metrics: /scratch/midway3/rickybao/dreamerv3_runs/adapt_p2e_run_seed2/metrics.jsonlWriting metrics: /scratch/midway3/rickybao/dreamerv3_runs/adapt_p2e_run_seed2/scores.jsonl


--------------------[Agent Step 46_224]--------------------
Metrics filtered by: 'score|length|fps|ratio|train/loss/|train/rand/'
train/loss/con 0.02 / train/loss/dyn 9.91 / train/loss/height 1.6e-3 / train/loss/orientations 0.15 / train/loss/policy -0.1 / train/loss/rep 9.91 / train/loss/repval 1.13 / train/loss/rew 0.54 / train/loss/value 1.03 / train/loss/velocity 1.31 / replay/replay_ratio 1040 / fps/policy 37.05 / fps/train 3.8e4

Writing metrics: /scratch/midway3/rickybao/dreamerv3_runs/adapt_p2e_run_seed2/metrics.jsonlWriting metrics: /scratch/midway3/rickybao/dreamerv3_runs/adapt_p2e_run_seed2/scores.jsonl


--------------------[Agent Step 50_688]--------------------
Metrics filtered by: 'score|length|fps|ratio|train/loss/|train/rand/'
episode/score 154.44 / episode/length 1001 / train/loss/con 0.02 / train/loss/dyn 9.99 / train/loss/height 1.7e-3 / train/loss/orientations 0.15 / train/loss/policy -0.09 / train/loss/rep 9.99 / train/loss/repval 0.92 / train/loss/rew 0.55 / train/loss/value 0.7 / train/loss/velocity 1.32 / replay/replay_ratio 1040 / fps/policy 37.1 / fps/train 3.8e4

Writing metrics: /scratch/midway3/rickybao/dreamerv3_runs/adapt_p2e_run_seed2/metrics.jsonl
Writing metrics: /scratch/midway3/rickybao/dreamerv3_runs/adapt_p2e_run_seed2/scores.jsonl

--------------------[Agent Step 55_152]--------------------
Metrics filtered by: 'score|length|fps|ratio|train/loss/|train/rand/'
train/loss/con 0.02 / train/loss/dyn 10.07 / train/loss/height 1.7e-3 / train/loss/orientations 0.15 / train/loss/policy -0.09 / train/loss/rep 10.07 / train/loss/repval 0.88 / train/loss/rew 0.55 / train/loss/value 1.09 / train/loss/velocity 1.33 / replay/replay_ratio 1040 / fps/policy 37.16 / fps/train 3.8e4

Writing metrics: /scratch/midway3/rickybao/dreamerv3_runs/adapt_p2e_run_seed2/metrics.jsonlWriting metrics: /scratch/midway3/rickybao/dreamerv3_runs/adapt_p2e_run_seed2/scores.jsonl


--------------------[Agent Step 59_616]--------------------
Metrics filtered by: 'score|length|fps|ratio|train/loss/|train/rand/'
train/loss/con 0.02 / train/loss/dyn 10.13 / train/loss/height 1.8e-3 / train/loss/orientations 0.15 / train/loss/policy -0.1 / train/loss/rep 10.13 / train/loss/repval 1.21 / train/loss/rew 0.55 / train/loss/value 1.23 / train/loss/velocity 1.33 / replay/replay_ratio 1040 / fps/policy 37.15 / fps/train 3.8e4

Writing metrics: /scratch/midway3/rickybao/dreamerv3_runs/adapt_p2e_run_seed2/metrics.jsonl
Writing metrics: /scratch/midway3/rickybao/dreamerv3_runs/adapt_p2e_run_seed2/scores.jsonl

--------------------[Agent Step 64_080]--------------------
Metrics filtered by: 'score|length|fps|ratio|train/loss/|train/rand/'
episode/score 143.34 / episode/length 1001 / train/loss/con 0.02 / train/loss/dyn 10.22 / train/loss/height 1.8e-3 / train/loss/orientations 0.15 / train/loss/policy -0.11 / train/loss/rep 10.22 / train/loss/repval 1.22 / train/loss/rew 0.55 / train/loss/value 0.85 / train/loss/velocity 1.34 / replay/replay_ratio 1040 / fps/policy 37.13 / fps/train 3.8e4

Writing metrics: /scratch/midway3/rickybao/dreamerv3_runs/adapt_p2e_run_seed2/metrics.jsonlWriting metrics: /scratch/midway3/rickybao/dreamerv3_runs/adapt_p2e_run_seed2/scores.jsonl

Saving checkpoint: /scratch/midway3/rickybao/dreamerv3_runs/adapt_p2e_run_seed2/ckpt/20260518T034649F813520
Saved checkpoint.

--------------------[Agent Step 68_496]--------------------
Metrics filtered by: 'score|length|fps|ratio|train/loss/|train/rand/'
train/loss/con 0.02 / train/loss/dyn 10.28 / train/loss/height 1.8e-3 / train/loss/orientations 0.15 / train/loss/policy -0.11 / train/loss/rep 10.28 / train/loss/repval 1.07 / train/loss/rew 0.55 / train/loss/value 0.6 / train/loss/velocity 1.35 / replay/replay_ratio 1040 / fps/policy 36.71 / fps/train 3.8e4

Writing metrics: /scratch/midway3/rickybao/dreamerv3_runs/adapt_p2e_run_seed2/metrics.jsonlWriting metrics: /scratch/midway3/rickybao/dreamerv3_runs/adapt_p2e_run_seed2/scores.jsonl


--------------------[Agent Step 72_960]--------------------
Metrics filtered by: 'score|length|fps|ratio|train/loss/|train/rand/'
train/loss/con 0.02 / train/loss/dyn 10.33 / train/loss/height 1.8e-3 / train/loss/orientations 0.15 / train/loss/policy -0.11 / train/loss/rep 10.33 / train/loss/repval 0.87 / train/loss/rew 0.54 / train/loss/value 0.62 / train/loss/velocity 1.36 / replay/replay_ratio 1040 / fps/policy 37.16 / fps/train 3.8e4

Writing metrics: /scratch/midway3/rickybao/dreamerv3_runs/adapt_p2e_run_seed2/metrics.jsonl
Writing metrics: /scratch/midway3/rickybao/dreamerv3_runs/adapt_p2e_run_seed2/scores.jsonl

--------------------[Agent Step 77_424]--------------------
Metrics filtered by: 'score|length|fps|ratio|train/loss/|train/rand/'
train/loss/con 0.02 / train/loss/dyn 10.41 / train/loss/height 1.8e-3 / train/loss/orientations 0.15 / train/loss/policy -0.13 / train/loss/rep 10.41 / train/loss/repval 0.75 / train/loss/rew 0.54 / train/loss/value 0.87 / train/loss/velocity 1.37 / replay/replay_ratio 1040 / fps/policy 37.14 / fps/train 3.8e4

Writing metrics: /scratch/midway3/rickybao/dreamerv3_runs/adapt_p2e_run_seed2/metrics.jsonlWriting metrics: /scratch/midway3/rickybao/dreamerv3_runs/adapt_p2e_run_seed2/scores.jsonl


--------------------[Agent Step 81_888]--------------------
Metrics filtered by: 'score|length|fps|ratio|train/loss/|train/rand/'
episode/score 167.53 / episode/length 1001 / train/loss/con 0.02 / train/loss/dyn 10.44 / train/loss/height 1.8e-3 / train/loss/orientations 0.15 / train/loss/policy -0.14 / train/loss/rep 10.44 / train/loss/repval 1.05 / train/loss/rew 0.54 / train/loss/value 1.24 / train/loss/velocity 1.37 / replay/replay_ratio 1040 / fps/policy 37.11 / fps/train 3.8e4

Writing metrics: /scratch/midway3/rickybao/dreamerv3_runs/adapt_p2e_run_seed2/scores.jsonlWriting metrics: /scratch/midway3/rickybao/dreamerv3_runs/adapt_p2e_run_seed2/metrics.jsonl


--------------------[Agent Step 86_352]--------------------
Metrics filtered by: 'score|length|fps|ratio|train/loss/|train/rand/'
train/loss/con 0.02 / train/loss/dyn 10.46 / train/loss/height 1.9e-3 / train/loss/orientations 0.16 / train/loss/policy -0.13 / train/loss/rep 10.46 / train/loss/repval 1.23 / train/loss/rew 0.54 / train/loss/value 1.27 / train/loss/velocity 1.38 / replay/replay_ratio 1040 / fps/policy 37.14 / fps/train 3.8e4

Writing metrics: /scratch/midway3/rickybao/dreamerv3_runs/adapt_p2e_run_seed2/scores.jsonlWriting metrics: /scratch/midway3/rickybao/dreamerv3_runs/adapt_p2e_run_seed2/metrics.jsonl


--------------------[Agent Step 90_816]--------------------
Metrics filtered by: 'score|length|fps|ratio|train/loss/|train/rand/'
train/loss/con 0.02 / train/loss/dyn 10.5 / train/loss/height 1.9e-3 / train/loss/orientations 0.16 / train/loss/policy -0.13 / train/loss/rep 10.5 / train/loss/repval 1.29 / train/loss/rew 0.54 / train/loss/value 1.2 / train/loss/velocity 1.38 / replay/replay_ratio 1040 / fps/policy 37.15 / fps/train 3.8e4

Writing metrics: /scratch/midway3/rickybao/dreamerv3_runs/adapt_p2e_run_seed2/scores.jsonlWriting metrics: /scratch/midway3/rickybao/dreamerv3_runs/adapt_p2e_run_seed2/metrics.jsonl


--------------------[Agent Step 95_280]--------------------
Metrics filtered by: 'score|length|fps|ratio|train/loss/|train/rand/'
train/loss/con 0.02 / train/loss/dyn 10.54 / train/loss/height 1.8e-3 / train/loss/orientations 0.16 / train/loss/policy -0.13 / train/loss/rep 10.54 / train/loss/repval 1.3 / train/loss/rew 0.54 / train/loss/value 1.08 / train/loss/velocity 1.38 / replay/replay_ratio 1040 / fps/policy 37.12 / fps/train 3.8e4

Writing metrics: /scratch/midway3/rickybao/dreamerv3_runs/adapt_p2e_run_seed2/metrics.jsonlWriting metrics: /scratch/midway3/rickybao/dreamerv3_runs/adapt_p2e_run_seed2/scores.jsonl


--------------------[Agent Step 99_744]--------------------
Metrics filtered by: 'score|length|fps|ratio|train/loss/|train/rand/'
episode/score 147.45 / episode/length 1001 / train/loss/con 0.02 / train/loss/dyn 10.57 / train/loss/height 1.8e-3 / train/loss/orientations 0.16 / train/loss/policy -0.13 / train/loss/rep 10.57 / train/loss/repval 1.26 / train/loss/rew 0.54 / train/loss/value 0.87 / train/loss/velocity 1.39 / replay/replay_ratio 1040 / fps/policy 37.1 / fps/train 3.8e4

Writing metrics: /scratch/midway3/rickybao/dreamerv3_runs/adapt_p2e_run_seed2/metrics.jsonlWriting metrics: /scratch/midway3/rickybao/dreamerv3_runs/adapt_p2e_run_seed2/scores.jsonl

Saving checkpoint: /scratch/midway3/rickybao/dreamerv3_runs/adapt_p2e_run_seed2/ckpt/20260518T040149F965744
Saved checkpoint.

--------------------[Agent Step 104_160]--------------------
Metrics filtered by: 'score|length|fps|ratio|train/loss/|train/rand/'
train/loss/con 0.02 / train/loss/dyn 10.6 / train/loss/height 1.8e-3 / train/loss/orientations 0.16 / train/loss/policy -0.13 / train/loss/rep 10.6 / train/loss/repval 1.23 / train/loss/rew 0.54 / train/loss/value 0.75 / train/loss/velocity 1.39 / replay/replay_ratio 1040 / fps/policy 36.77 / fps/train 3.8e4

Writing metrics: /scratch/midway3/rickybao/dreamerv3_runs/adapt_p2e_run_seed2/metrics.jsonl
Writing metrics: /scratch/midway3/rickybao/dreamerv3_runs/adapt_p2e_run_seed2/scores.jsonl

--------------------[Agent Step 108_624]--------------------
Metrics filtered by: 'score|length|fps|ratio|train/loss/|train/rand/'
train/loss/con 0.02 / train/loss/dyn 10.65 / train/loss/height 1.8e-3 / train/loss/orientations 0.16 / train/loss/policy -0.13 / train/loss/rep 10.65 / train/loss/repval 1.2 / train/loss/rew 0.54 / train/loss/value 0.66 / train/loss/velocity 1.39 / replay/replay_ratio 1040 / fps/policy 37.15 / fps/train 3.8e4

Writing metrics: /scratch/midway3/rickybao/dreamerv3_runs/adapt_p2e_run_seed2/metrics.jsonlWriting metrics: /scratch/midway3/rickybao/dreamerv3_runs/adapt_p2e_run_seed2/scores.jsonl


--------------------[Agent Step 113_088]--------------------
Metrics filtered by: 'score|length|fps|ratio|train/loss/|train/rand/'
episode/score 150.88 / episode/length 1001 / train/loss/con 0.02 / train/loss/dyn 10.68 / train/loss/height 1.8e-3 / train/loss/orientations 0.16 / train/loss/policy -0.13 / train/loss/rep 10.68 / train/loss/repval 1.17 / train/loss/rew 0.54 / train/loss/value 0.6 / train/loss/velocity 1.4 / replay/replay_ratio 1040 / fps/policy 37.14 / fps/train 3.8e4

Writing metrics: /scratch/midway3/rickybao/dreamerv3_runs/adapt_p2e_run_seed2/metrics.jsonlWriting metrics: /scratch/midway3/rickybao/dreamerv3_runs/adapt_p2e_run_seed2/scores.jsonl


--------------------[Agent Step 117_552]--------------------
Metrics filtered by: 'score|length|fps|ratio|train/loss/|train/rand/'
train/loss/con 0.02 / train/loss/dyn 10.7 / train/loss/height 1.8e-3 / train/loss/orientations 0.16 / train/loss/policy -0.13 / train/loss/rep 10.7 / train/loss/repval 1.13 / train/loss/rew 0.54 / train/loss/value 0.56 / train/loss/velocity 1.4 / replay/replay_ratio 1040 / fps/policy 37.17 / fps/train 3.8e4

Writing metrics: /scratch/midway3/rickybao/dreamerv3_runs/adapt_p2e_run_seed2/scores.jsonlWriting metrics: /scratch/midway3/rickybao/dreamerv3_runs/adapt_p2e_run_seed2/metrics.jsonl


--------------------[Agent Step 122_032]--------------------
Metrics filtered by: 'score|length|fps|ratio|train/loss/|train/rand/'
train/loss/con 0.02 / train/loss/dyn 10.74 / train/loss/height 1.8e-3 / train/loss/orientations 0.16 / train/loss/policy -0.14 / train/loss/rep 10.74 / train/loss/repval 1.1 / train/loss/rew 0.54 / train/loss/value 0.55 / train/loss/velocity 1.4 / replay/replay_ratio 1040 / fps/policy 37.25 / fps/train 3.8e4

Writing metrics: /scratch/midway3/rickybao/dreamerv3_runs/adapt_p2e_run_seed2/scores.jsonlWriting metrics: /scratch/midway3/rickybao/dreamerv3_runs/adapt_p2e_run_seed2/metrics.jsonl


--------------------[Agent Step 126_512]--------------------
Metrics filtered by: 'score|length|fps|ratio|train/loss/|train/rand/'
train/loss/con 0.02 / train/loss/dyn 10.77 / train/loss/height 1.8e-3 / train/loss/orientations 0.16 / train/loss/policy -0.14 / train/loss/rep 10.77 / train/loss/repval 1.01 / train/loss/rew 0.54 / train/loss/value 0.56 / train/loss/velocity 1.41 / replay/replay_ratio 1040 / fps/policy 37.31 / fps/train 3.8e4

Writing metrics: /scratch/midway3/rickybao/dreamerv3_runs/adapt_p2e_run_seed2/metrics.jsonlWriting metrics: /scratch/midway3/rickybao/dreamerv3_runs/adapt_p2e_run_seed2/scores.jsonl


--------------------[Agent Step 130_992]--------------------
Metrics filtered by: 'score|length|fps|ratio|train/loss/|train/rand/'
episode/score 150.95 / episode/length 1001 / train/loss/con 0.02 / train/loss/dyn 10.8 / train/loss/height 1.8e-3 / train/loss/orientations 0.16 / train/loss/policy -0.14 / train/loss/rep 10.8 / train/loss/repval 0.82 / train/loss/rew 0.54 / train/loss/value 0.65 / train/loss/velocity 1.41 / replay/replay_ratio 1040 / fps/policy 37.26 / fps/train 3.8e4

Writing metrics: /scratch/midway3/rickybao/dreamerv3_runs/adapt_p2e_run_seed2/metrics.jsonlWriting metrics: /scratch/midway3/rickybao/dreamerv3_runs/adapt_p2e_run_seed2/scores.jsonl

Saving checkpoint: /scratch/midway3/rickybao/dreamerv3_runs/adapt_p2e_run_seed2/ckpt/20260518T041650F193663
Saved checkpoint.

--------------------[Agent Step 135_424]--------------------
Metrics filtered by: 'score|length|fps|ratio|train/loss/|train/rand/'
train/loss/con 0.02 / train/loss/dyn 10.82 / train/loss/height 1.8e-3 / train/loss/orientations 0.16 / train/loss/policy -0.14 / train/loss/rep 10.82 / train/loss/repval 0.69 / train/loss/rew 0.54 / train/loss/value 0.75 / train/loss/velocity 1.41 / replay/replay_ratio 1040 / fps/policy 36.92 / fps/train 3.8e4

Writing metrics: /scratch/midway3/rickybao/dreamerv3_runs/adapt_p2e_run_seed2/metrics.jsonlWriting metrics: /scratch/midway3/rickybao/dreamerv3_runs/adapt_p2e_run_seed2/scores.jsonl


--------------------[Agent Step 139_888]--------------------
Metrics filtered by: 'score|length|fps|ratio|train/loss/|train/rand/'
train/loss/con 0.02 / train/loss/dyn 10.83 / train/loss/height 1.8e-3 / train/loss/orientations 0.16 / train/loss/policy -0.14 / train/loss/rep 10.83 / train/loss/repval 0.64 / train/loss/rew 0.54 / train/loss/value 0.8 / train/loss/velocity 1.41 / replay/replay_ratio 1040 / fps/policy 37.17 / fps/train 3.8e4

Writing metrics: /scratch/midway3/rickybao/dreamerv3_runs/adapt_p2e_run_seed2/metrics.jsonlWriting metrics: /scratch/midway3/rickybao/dreamerv3_runs/adapt_p2e_run_seed2/scores.jsonl


--------------------[Agent Step 144_352]--------------------
Metrics filtered by: 'score|length|fps|ratio|train/loss/|train/rand/'
episode/score 147.3 / episode/length 1001 / train/loss/con 0.02 / train/loss/dyn 10.84 / train/loss/height 1.8e-3 / train/loss/orientations 0.16 / train/loss/policy -0.14 / train/loss/rep 10.84 / train/loss/repval 0.61 / train/loss/rew 0.54 / train/loss/value 0.89 / train/loss/velocity 1.41 / replay/replay_ratio 1040 / fps/policy 37.16 / fps/train 3.8e4

Writing metrics: /scratch/midway3/rickybao/dreamerv3_runs/adapt_p2e_run_seed2/metrics.jsonlWriting metrics: /scratch/midway3/rickybao/dreamerv3_runs/adapt_p2e_run_seed2/scores.jsonl


--------------------[Agent Step 148_832]--------------------
Metrics filtered by: 'score|length|fps|ratio|train/loss/|train/rand/'
train/loss/con 0.02 / train/loss/dyn 10.87 / train/loss/height 1.8e-3 / train/loss/orientations 0.16 / train/loss/policy -0.13 / train/loss/rep 10.87 / train/loss/repval 0.61 / train/loss/rew 0.54 / train/loss/value 0.91 / train/loss/velocity 1.42 / replay/replay_ratio 1040 / fps/policy 37.24 / fps/train 3.8e4

Writing metrics: /scratch/midway3/rickybao/dreamerv3_runs/adapt_p2e_run_seed2/scores.jsonlWriting metrics: /scratch/midway3/rickybao/dreamerv3_runs/adapt_p2e_run_seed2/metrics.jsonl


--------------------[Agent Step 153_312]--------------------
Metrics filtered by: 'score|length|fps|ratio|train/loss/|train/rand/'
train/loss/con 0.02 / train/loss/dyn 10.87 / train/loss/height 1.8e-3 / train/loss/orientations 0.16 / train/loss/policy -0.13 / train/loss/rep 10.87 / train/loss/repval 0.63 / train/loss/rew 0.54 / train/loss/value 0.97 / train/loss/velocity 1.42 / replay/replay_ratio 1040 / fps/policy 37.32 / fps/train 3.8e4

Writing metrics: /scratch/midway3/rickybao/dreamerv3_runs/adapt_p2e_run_seed2/scores.jsonlWriting metrics: /scratch/midway3/rickybao/dreamerv3_runs/adapt_p2e_run_seed2/metrics.jsonl


--------------------[Agent Step 157_792]--------------------
Metrics filtered by: 'score|length|fps|ratio|train/loss/|train/rand/'
train/loss/con 0.02 / train/loss/dyn 10.9 / train/loss/height 1.8e-3 / train/loss/orientations 0.16 / train/loss/policy -0.14 / train/loss/rep 10.9 / train/loss/repval 0.66 / train/loss/rew 0.54 / train/loss/value 1.02 / train/loss/velocity 1.42 / replay/replay_ratio 1040 / fps/policy 37.29 / fps/train 3.8e4

Writing metrics: /scratch/midway3/rickybao/dreamerv3_runs/adapt_p2e_run_seed2/metrics.jsonlWriting metrics: /scratch/midway3/rickybao/dreamerv3_runs/adapt_p2e_run_seed2/scores.jsonl


--------------------[Agent Step 162_272]--------------------
Metrics filtered by: 'score|length|fps|ratio|train/loss/|train/rand/'
episode/score 160.8 / episode/length 1001 / train/loss/con 0.02 / train/loss/dyn 10.91 / train/loss/height 1.8e-3 / train/loss/orientations 0.16 / train/loss/policy -0.13 / train/loss/rep 10.91 / train/loss/repval 0.7 / train/loss/rew 0.54 / train/loss/value 1.06 / train/loss/velocity 1.42 / replay/replay_ratio 1040 / fps/policy 37.24 / fps/train 3.8e4

Writing metrics: /scratch/midway3/rickybao/dreamerv3_runs/adapt_p2e_run_seed2/metrics.jsonlWriting metrics: /scratch/midway3/rickybao/dreamerv3_runs/adapt_p2e_run_seed2/scores.jsonl


--------------------[Agent Step 166_752]--------------------
Metrics filtered by: 'score|length|fps|ratio|train/loss/|train/rand/'
train/loss/con 0.02 / train/loss/dyn 10.93 / train/loss/height 1.8e-3 / train/loss/orientations 0.16 / train/loss/policy -0.13 / train/loss/rep 10.93 / train/loss/repval 0.72 / train/loss/rew 0.54 / train/loss/value 1.07 / train/loss/velocity 1.43 / replay/replay_ratio 1040 / fps/policy 37.27 / fps/train 3.8e4

Writing metrics: /scratch/midway3/rickybao/dreamerv3_runs/adapt_p2e_run_seed2/metrics.jsonlWriting metrics: /scratch/midway3/rickybao/dreamerv3_runs/adapt_p2e_run_seed2/scores.jsonl

Saving checkpoint: /scratch/midway3/rickybao/dreamerv3_runs/adapt_p2e_run_seed2/ckpt/20260518T043150F386825
Saved checkpoint.

--------------------[Agent Step 171_184]--------------------
Metrics filtered by: 'score|length|fps|ratio|train/loss/|train/rand/'
train/loss/con 0.02 / train/loss/dyn 10.95 / train/loss/height 1.8e-3 / train/loss/orientations 0.16 / train/loss/policy -0.14 / train/loss/rep 10.95 / train/loss/repval 0.77 / train/loss/rew 0.54 / train/loss/value 1.11 / train/loss/velocity 1.43 / replay/replay_ratio 1040 / fps/policy 36.93 / fps/train 3.8e4

Writing metrics: /scratch/midway3/rickybao/dreamerv3_runs/adapt_p2e_run_seed2/metrics.jsonlWriting metrics: /scratch/midway3/rickybao/dreamerv3_runs/adapt_p2e_run_seed2/scores.jsonl


--------------------[Agent Step 175_664]--------------------
Metrics filtered by: 'score|length|fps|ratio|train/loss/|train/rand/'
train/loss/con 0.02 / train/loss/dyn 10.96 / train/loss/height 1.8e-3 / train/loss/orientations 0.16 / train/loss/policy -0.14 / train/loss/rep 10.96 / train/loss/repval 0.84 / train/loss/rew 0.54 / train/loss/value 1.17 / train/loss/velocity 1.43 / replay/replay_ratio 1040 / fps/policy 37.28 / fps/train 3.8e4

Writing metrics: /scratch/midway3/rickybao/dreamerv3_runs/adapt_p2e_run_seed2/metrics.jsonlWriting metrics: /scratch/midway3/rickybao/dreamerv3_runs/adapt_p2e_run_seed2/scores.jsonl


--------------------[Agent Step 180_144]--------------------
Metrics filtered by: 'score|length|fps|ratio|train/loss/|train/rand/'
episode/score 138.4 / episode/length 1001 / train/loss/con 0.02 / train/loss/dyn 10.96 / train/loss/height 1.8e-3 / train/loss/orientations 0.16 / train/loss/policy -0.14 / train/loss/rep 10.96 / train/loss/repval 0.93 / train/loss/rew 0.54 / train/loss/value 1.22 / train/loss/velocity 1.43 / replay/replay_ratio 1040 / fps/policy 37.21 / fps/train 3.8e4

Writing metrics: /scratch/midway3/rickybao/dreamerv3_runs/adapt_p2e_run_seed2/metrics.jsonlWriting metrics: /scratch/midway3/rickybao/dreamerv3_runs/adapt_p2e_run_seed2/scores.jsonl


--------------------[Agent Step 184_624]--------------------
Metrics filtered by: 'score|length|fps|ratio|train/loss/|train/rand/'
train/loss/con 0.02 / train/loss/dyn 10.97 / train/loss/height 1.8e-3 / train/loss/orientations 0.16 / train/loss/policy -0.14 / train/loss/rep 10.97 / train/loss/repval 1.05 / train/loss/rew 0.54 / train/loss/value 1.27 / train/loss/velocity 1.43 / replay/replay_ratio 1040 / fps/policy 37.29 / fps/train 3.8e4

Writing metrics: /scratch/midway3/rickybao/dreamerv3_runs/adapt_p2e_run_seed2/metrics.jsonlWriting metrics: /scratch/midway3/rickybao/dreamerv3_runs/adapt_p2e_run_seed2/scores.jsonl


--------------------[Agent Step 189_104]--------------------
Metrics filtered by: 'score|length|fps|ratio|train/loss/|train/rand/'
train/loss/con 0.02 / train/loss/dyn 10.97 / train/loss/height 1.8e-3 / train/loss/orientations 0.16 / train/loss/policy -0.14 / train/loss/rep 10.97 / train/loss/repval 1.12 / train/loss/rew 0.54 / train/loss/value 1.29 / train/loss/velocity 1.43 / replay/replay_ratio 1040 / fps/policy 37.29 / fps/train 3.8e4

Writing metrics: /scratch/midway3/rickybao/dreamerv3_runs/adapt_p2e_run_seed2/metrics.jsonlWriting metrics: /scratch/midway3/rickybao/dreamerv3_runs/adapt_p2e_run_seed2/scores.jsonl


--------------------[Agent Step 193_584]--------------------
Metrics filtered by: 'score|length|fps|ratio|train/loss/|train/rand/'
episode/score 131.04 / episode/length 1001 / train/loss/con 0.02 / train/loss/dyn 10.97 / train/loss/height 1.8e-3 / train/loss/orientations 0.16 / train/loss/policy -0.14 / train/loss/rep 10.97 / train/loss/repval 1.19 / train/loss/rew 0.54 / train/loss/value 1.3 / train/loss/velocity 1.43 / replay/replay_ratio 1040 / fps/policy 37.24 / fps/train 3.8e4

Writing metrics: /scratch/midway3/rickybao/dreamerv3_runs/adapt_p2e_run_seed2/metrics.jsonlWriting metrics: /scratch/midway3/rickybao/dreamerv3_runs/adapt_p2e_run_seed2/scores.jsonl


--------------------[Agent Step 198_064]--------------------
Metrics filtered by: 'score|length|fps|ratio|train/loss/|train/rand/'
train/loss/con 0.02 / train/loss/dyn 10.98 / train/loss/height 1.8e-3 / train/loss/orientations 0.16 / train/loss/policy -0.14 / train/loss/rep 10.98 / train/loss/repval 1.23 / train/loss/rew 0.54 / train/loss/value 1.3 / train/loss/velocity 1.43 / replay/replay_ratio 1040 / fps/policy 37.23 / fps/train 3.8e4

Writing metrics: /scratch/midway3/rickybao/dreamerv3_runs/adapt_p2e_run_seed2/metrics.jsonlWriting metrics: /scratch/midway3/rickybao/dreamerv3_runs/adapt_p2e_run_seed2/scores.jsonl

Saving checkpoint: /scratch/midway3/rickybao/dreamerv3_runs/adapt_p2e_run_seed2/ckpt/20260518T044650F695475
Saved checkpoint.

--------------------[Agent Step 202_496]--------------------
Metrics filtered by: 'score|length|fps|ratio|train/loss/|train/rand/'
train/loss/con 0.02 / train/loss/dyn 10.97 / train/loss/height 1.8e-3 / train/loss/orientations 0.16 / train/loss/policy -0.14 / train/loss/rep 10.97 / train/loss/repval 1.26 / train/loss/rew 0.54 / train/loss/value 1.29 / train/loss/velocity 1.43 / replay/replay_ratio 1040 / fps/policy 36.91 / fps/train 3.8e4

Writing metrics: /scratch/midway3/rickybao/dreamerv3_runs/adapt_p2e_run_seed2/metrics.jsonlWriting metrics: /scratch/midway3/rickybao/dreamerv3_runs/adapt_p2e_run_seed2/scores.jsonl


--------------------[Agent Step 206_976]--------------------
Metrics filtered by: 'score|length|fps|ratio|train/loss/|train/rand/'
train/loss/con 0.02 / train/loss/dyn 10.99 / train/loss/height 1.8e-3 / train/loss/orientations 0.16 / train/loss/policy -0.14 / train/loss/rep 10.99 / train/loss/repval 1.29 / train/loss/rew 0.54 / train/loss/value 1.27 / train/loss/velocity 1.44 / replay/replay_ratio 1040 / fps/policy 37.28 / fps/train 3.8e4

Writing metrics: /scratch/midway3/rickybao/dreamerv3_runs/adapt_p2e_run_seed2/metrics.jsonlWriting metrics: /scratch/midway3/rickybao/dreamerv3_runs/adapt_p2e_run_seed2/scores.jsonl


--------------------[Agent Step 211_456]--------------------
Metrics filtered by: 'score|length|fps|ratio|train/loss/|train/rand/'
episode/score 146.99 / episode/length 1001 / train/loss/con 0.02 / train/loss/dyn 10.99 / train/loss/height 1.8e-3 / train/loss/orientations 0.16 / train/loss/policy -0.14 / train/loss/rep 10.99 / train/loss/repval 1.31 / train/loss/rew 0.54 / train/loss/value 1.25 / train/loss/velocity 1.44 / replay/replay_ratio 1040 / fps/policy 37.27 / fps/train 3.8e4

Writing metrics: /scratch/midway3/rickybao/dreamerv3_runs/adapt_p2e_run_seed2/metrics.jsonlWriting metrics: /scratch/midway3/rickybao/dreamerv3_runs/adapt_p2e_run_seed2/scores.jsonl


--------------------[Agent Step 215_936]--------------------
Metrics filtered by: 'score|length|fps|ratio|train/loss/|train/rand/'
train/loss/con 0.02 / train/loss/dyn 10.99 / train/loss/height 1.8e-3 / train/loss/orientations 0.16 / train/loss/policy -0.14 / train/loss/rep 10.99 / train/loss/repval 1.32 / train/loss/rew 0.54 / train/loss/value 1.22 / train/loss/velocity 1.44 / replay/replay_ratio 1040 / fps/policy 37.24 / fps/train 3.8e4

Writing metrics: /scratch/midway3/rickybao/dreamerv3_runs/adapt_p2e_run_seed2/scores.jsonlWriting metrics: /scratch/midway3/rickybao/dreamerv3_runs/adapt_p2e_run_seed2/metrics.jsonl


--------------------[Agent Step 220_432]--------------------
Metrics filtered by: 'score|length|fps|ratio|train/loss/|train/rand/'
train/loss/con 0.02 / train/loss/dyn 10.99 / train/loss/height 1.8e-3 / train/loss/orientations 0.15 / train/loss/policy -0.15 / train/loss/rep 10.99 / train/loss/repval 1.33 / train/loss/rew 0.53 / train/loss/value 1.17 / train/loss/velocity 1.44 / replay/replay_ratio 1040 / fps/policy 37.33 / fps/train 3.8e4

Writing metrics: /scratch/midway3/rickybao/dreamerv3_runs/adapt_p2e_run_seed2/metrics.jsonlWriting metrics: /scratch/midway3/rickybao/dreamerv3_runs/adapt_p2e_run_seed2/scores.jsonl


--------------------[Agent Step 224_912]--------------------
Metrics filtered by: 'score|length|fps|ratio|train/loss/|train/rand/'
episode/score 142.55 / episode/length 1001 / train/loss/con 0.02 / train/loss/dyn 10.99 / train/loss/height 1.8e-3 / train/loss/orientations 0.15 / train/loss/policy -0.14 / train/loss/rep 10.99 / train/loss/repval 1.34 / train/loss/rew 0.53 / train/loss/value 1.15 / train/loss/velocity 1.44 / replay/replay_ratio 1040 / fps/policy 37.3 / fps/train 3.8e4

Writing metrics: /scratch/midway3/rickybao/dreamerv3_runs/adapt_p2e_run_seed2/metrics.jsonl
Writing metrics: /scratch/midway3/rickybao/dreamerv3_runs/adapt_p2e_run_seed2/scores.jsonl

--------------------[Agent Step 229_392]--------------------
Metrics filtered by: 'score|length|fps|ratio|train/loss/|train/rand/'
train/loss/con 0.02 / train/loss/dyn 11 / train/loss/height 1.8e-3 / train/loss/orientations 0.15 / train/loss/policy -0.15 / train/loss/rep 11 / train/loss/repval 1.34 / train/loss/rew 0.53 / train/loss/value 1.09 / train/loss/velocity 1.44 / replay/replay_ratio 1040 / fps/policy 37.26 / fps/train 3.8e4

Writing metrics: /scratch/midway3/rickybao/dreamerv3_runs/adapt_p2e_run_seed2/metrics.jsonlWriting metrics: /scratch/midway3/rickybao/dreamerv3_runs/adapt_p2e_run_seed2/scores.jsonl


--------------------[Agent Step 233_872]--------------------
Metrics filtered by: 'score|length|fps|ratio|train/loss/|train/rand/'
train/loss/con 0.02 / train/loss/dyn 11 / train/loss/height 1.8e-3 / train/loss/orientations 0.15 / train/loss/policy -0.15 / train/loss/rep 11 / train/loss/repval 1.32 / train/loss/rew 0.53 / train/loss/value 0.94 / train/loss/velocity 1.44 / replay/replay_ratio 1040 / fps/policy 37.33 / fps/train 3.8e4

Writing metrics: /scratch/midway3/rickybao/dreamerv3_runs/adapt_p2e_run_seed2/metrics.jsonlWriting metrics: /scratch/midway3/rickybao/dreamerv3_runs/adapt_p2e_run_seed2/scores.jsonl

Saving checkpoint: /scratch/midway3/rickybao/dreamerv3_runs/adapt_p2e_run_seed2/ckpt/20260518T050150F832802
Saved checkpoint.

--------------------[Agent Step 238_320]--------------------
Metrics filtered by: 'score|length|fps|ratio|train/loss/|train/rand/'
train/loss/con 0.02 / train/loss/dyn 11.02 / train/loss/height 1.8e-3 / train/loss/orientations 0.15 / train/loss/policy -0.15 / train/loss/rep 11.02 / train/loss/repval 1.28 / train/loss/rew 0.53 / train/loss/value 0.8 / train/loss/velocity 1.44 / replay/replay_ratio 1040 / fps/policy 36.94 / fps/train 3.8e4

Writing metrics: /scratch/midway3/rickybao/dreamerv3_runs/adapt_p2e_run_seed2/scores.jsonlWriting metrics: /scratch/midway3/rickybao/dreamerv3_runs/adapt_p2e_run_seed2/metrics.jsonl


--------------------[Agent Step 242_800]--------------------
Metrics filtered by: 'score|length|fps|ratio|train/loss/|train/rand/'
episode/score 158.79 / episode/length 1001 / train/loss/con 0.02 / train/loss/dyn 11.02 / train/loss/height 1.8e-3 / train/loss/orientations 0.15 / train/loss/policy -0.15 / train/loss/rep 11.02 / train/loss/repval 1.24 / train/loss/rew 0.53 / train/loss/value 0.66 / train/loss/velocity 1.44 / replay/replay_ratio 1040 / fps/policy 37.26 / fps/train 3.8e4

Writing metrics: /scratch/midway3/rickybao/dreamerv3_runs/adapt_p2e_run_seed2/metrics.jsonl
Writing metrics: /scratch/midway3/rickybao/dreamerv3_runs/adapt_p2e_run_seed2/scores.jsonl

--------------------[Agent Step 247_280]--------------------
Metrics filtered by: 'score|length|fps|ratio|train/loss/|train/rand/'
train/loss/con 0.02 / train/loss/dyn 11.03 / train/loss/height 1.8e-3 / train/loss/orientations 0.15 / train/loss/policy -0.15 / train/loss/rep 11.03 / train/loss/repval 1.09 / train/loss/rew 0.53 / train/loss/value 0.58 / train/loss/velocity 1.44 / replay/replay_ratio 1040 / fps/policy 37.26 / fps/train 3.8e4

Writing metrics: /scratch/midway3/rickybao/dreamerv3_runs/adapt_p2e_run_seed2/metrics.jsonl
Writing metrics: /scratch/midway3/rickybao/dreamerv3_runs/adapt_p2e_run_seed2/scores.jsonl
Adaptation finished | End time: Mon May 18 05:08:14 CDT 2026
Logdir: /scratch/midway3/rickybao/dreamerv3_runs/adapt_p2e_run_seed2
