==============================
Slurm job started | Job ID: 49756641 | Node: midway3-0281.rcc.local
Start time: Mon May 18 10:55:25 CDT 2026
Frozen-readout adaptation | Cond: apt | Task: stand | Seed: 2
==============================
PYTHON=/scratch/midway3/rickybao/conda_envs/dreamerv3/bin/python
LOGDIR=/scratch/midway3/rickybao/dreamerv3_runs/adapt_apt_stand_seed2
Pretrained world model: /scratch/midway3/rickybao/dreamerv3_runs/pretrain_apt_seed2/ckpt/20260518T062131F613125
GPU check:
Mon May 18 10:55:25 2026       
+---------------------------------------------------------------------------------------+
| NVIDIA-SMI 535.216.03             Driver Version: 535.216.03   CUDA Version: 12.2     |
|-----------------------------------------+----------------------+----------------------+
| GPU  Name                 Persistence-M | Bus-Id        Disp.A | Volatile Uncorr. ECC |
| Fan  Temp   Perf          Pwr:Usage/Cap |         Memory-Usage | GPU-Util  Compute M. |
|                                         |                      |               MIG M. |
|=========================================+======================+======================|
|   0  Tesla V100-PCIE-16GB           On  | 00000000:2F:00.0 Off |                  Off |
| N/A   35C    P0              25W / 250W |      0MiB / 16384MiB |      0%      Default |
|                                         |                      |                  N/A |
+-----------------------------------------+----------------------+----------------------+
                                                                                         
+---------------------------------------------------------------------------------------+
| Processes:                                                                            |
|  GPU   GI   CI        PID   Type   Process name                            GPU Memory |
|        ID   ID                                                             Usage      |
|=======================================================================================|
|  No running processes found                                                           |
+---------------------------------------------------------------------------------------+
Starting frozen-readout adaptation
---  ___                           __   ______ ---
--- |   \ _ _ ___ __ _ _ __  ___ _ \ \ / /__ / ---
--- | |) | '_/ -_) _` | '  \/ -_) '/\ V / |_ \ ---
--- |___/|_| \___\__,_|_|_|_\___|_|  \_/ |___/ ---
Replica: 0 / 1
Logdir: /scratch/midway3/rickybao/dreamerv3_runs/adapt_apt_stand_seed2
Run script: train
Observations
  reward           Space(float32, shape=(), low=-inf, high=inf)
  is_first         Space(bool, shape=(), low=False, high=True)
  is_last          Space(bool, shape=(), low=False, high=True)
  is_terminal      Space(bool, shape=(), low=False, high=True)
  orientations     Space(float32, shape=(14,), low=-inf, high=inf)
  height           Space(float32, shape=(), low=-inf, high=inf)
  velocity         Space(float32, shape=(9,), low=-inf, high=inf)
Actions
  action           Space(float32, shape=(6,), low=-1.0, high=1.0)
Extras
  consec           Space(int32, shape=(), low=-2147483648, high=2147483647)
  stepid           Space(uint8, shape=(20,), low=0, high=255)
  dyn/deter        Space(float32, shape=(512,), low=-inf, high=inf)
  dyn/stoch        Space(float32, shape=(32, 4), low=-inf, high=inf)
JAX devices (1): [cuda:0]
Policy devices: cuda:0
Train devices:  cuda:0
Initializing parameters...
Optimizer opt has 215,243 params:
        66,111 val
        57,663 rew
        50,316 pol
        41,153 con
Done initializing!
Compiling 1 checkpoint groups...
Largest checkpoint group: 0 GB
Compiling train and report...
Train cost analysis:
  FLOPS:            7.2e+09
  Memory (temp):    2.0e+08
  Memory (inputs):  7.4e+06
  Memory (outputs): 5.9e+06
  Memory (code):    1.5e+06

Report cost analysis:
  FLOPS:            1.9e+06
  Memory (temp):    9.3e+05
  Memory (inputs):  2.8e+06
  Memory (outputs): 2.1e+04
  Memory (code):    9.7e+04

Done compiling!
Loaded pretrained checkpoint with keys: ['dec/mlp/linear0/bias', 'dec/mlp/linear0/kernel', 'dec/mlp/linear1/bias', 'dec/mlp/linear1/kernel', 'dec/mlp/linear2/bias', 'dec/mlp/linear2/kernel', 'dec/mlp/norm0/scale', 'dec/mlp/norm1/scale', 'dec/mlp/norm2/scale', 'dec/vec/height/pred/bias', 'dec/vec/height/pred/kernel', 'dec/vec/orientations/pred/bias', 'dec/vec/orientations/pred/kernel', 'dec/vec/velocity/pred/bias', 'dec/vec/velocity/pred/kernel', 'dyn/dyngru/bias', 'dyn/dyngru/kernel', 'dyn/dynhid0/bias', 'dyn/dynhid0/kernel', 'dyn/dynhid0norm/scale', 'dyn/dynin0/bias', 'dyn/dynin0/kernel', 'dyn/dynin0norm/scale', 'dyn/dynin1/bias', 'dyn/dynin1/kernel', 'dyn/dynin1norm/scale', 'dyn/dynin2/bias', 'dyn/dynin2/kernel', 'dyn/dynin2norm/scale', 'dyn/obs0/bias', 'dyn/obs0/kernel', 'dyn/obs0norm/scale', 'dyn/obslogit/bias', 'dyn/obslogit/kernel', 'dyn/prior0/bias', 'dyn/prior0/kernel', 'dyn/prior0norm/scale', 'dyn/prior1/bias', 'dyn/prior1/kernel', 'dyn/prior1norm/scale', 'dyn/priorlogit/bias', 'dyn/priorlogit/kernel', 'enc/mlp0/bias', 'enc/mlp0/kernel', 'enc/mlp0norm/scale', 'enc/mlp1/bias', 'enc/mlp1/kernel', 'enc/mlp1norm/scale', 'enc/mlp2/bias', 'enc/mlp2/kernel', 'enc/mlp2norm/scale']
Did not find any checkpoint.
Saving checkpoint: /scratch/midway3/rickybao/dreamerv3_runs/adapt_apt_stand_seed2/ckpt/20260518T105555F689062
Saved checkpoint.
Start training loop

--------------------[Agent Step 6_224]--------------------
Metrics filtered by: 'score|length|fps|ratio|train/loss/|train/rand/'
train/loss/con 0.08 / train/loss/dyn 7.24 / train/loss/height 6.1e-4 / train/loss/orientations 0.05 / train/loss/policy 3.58 / train/loss/rep 7.24 / train/loss/repval 5.77 / train/loss/rew 1.7 / train/loss/value 3.1 / train/loss/velocity 0.82 / replay/replay_ratio 835.6 / fps/policy 50.11 / fps/train 3.4e4

Writing metrics: /scratch/midway3/rickybao/dreamerv3_runs/adapt_apt_stand_seed2/scores.jsonlWriting metrics: /scratch/midway3/rickybao/dreamerv3_runs/adapt_apt_stand_seed2/metrics.jsonl


--------------------[Agent Step 10_640]--------------------
Metrics filtered by: 'score|length|fps|ratio|train/loss/|train/rand/'
train/loss/con 0.02 / train/loss/dyn 6.87 / train/loss/height 5.2e-4 / train/loss/orientations 0.05 / train/loss/policy 3.7 / train/loss/rep 6.87 / train/loss/repval 2.92 / train/loss/rew 0.56 / train/loss/value 1.68 / train/loss/velocity 0.79 / replay/replay_ratio 1040 / fps/policy 36.77 / fps/train 3.8e4

Writing metrics: /scratch/midway3/rickybao/dreamerv3_runs/adapt_apt_stand_seed2/metrics.jsonlWriting metrics: /scratch/midway3/rickybao/dreamerv3_runs/adapt_apt_stand_seed2/scores.jsonl


--------------------[Agent Step 15_056]--------------------
Metrics filtered by: 'score|length|fps|ratio|train/loss/|train/rand/'
train/loss/con 0.02 / train/loss/dyn 6.88 / train/loss/height 5.5e-4 / train/loss/orientations 0.05 / train/loss/policy 2.04 / train/loss/rep 6.88 / train/loss/repval 1.48 / train/loss/rew 0.55 / train/loss/value 1.06 / train/loss/velocity 0.81 / replay/replay_ratio 1040 / fps/policy 36.73 / fps/train 3.8e4

Writing metrics: /scratch/midway3/rickybao/dreamerv3_runs/adapt_apt_stand_seed2/metrics.jsonlWriting metrics: /scratch/midway3/rickybao/dreamerv3_runs/adapt_apt_stand_seed2/scores.jsonl


--------------------[Agent Step 19_472]--------------------
Metrics filtered by: 'score|length|fps|ratio|train/loss/|train/rand/'
episode/score 139.15 / episode/length 1001 / train/loss/con 0.02 / train/loss/dyn 7.03 / train/loss/height 6.3e-4 / train/loss/orientations 0.05 / train/loss/policy 1.18 / train/loss/rep 7.03 / train/loss/repval 1.08 / train/loss/rew 0.56 / train/loss/value 0.87 / train/loss/velocity 0.84 / replay/replay_ratio 1040 / fps/policy 36.73 / fps/train 3.8e4

Writing metrics: /scratch/midway3/rickybao/dreamerv3_runs/adapt_apt_stand_seed2/metrics.jsonl
Writing metrics: /scratch/midway3/rickybao/dreamerv3_runs/adapt_apt_stand_seed2/scores.jsonl

--------------------[Agent Step 23_888]--------------------
Metrics filtered by: 'score|length|fps|ratio|train/loss/|train/rand/'
train/loss/con 0.02 / train/loss/dyn 7.37 / train/loss/height 7.8e-4 / train/loss/orientations 0.07 / train/loss/policy 0.64 / train/loss/rep 7.37 / train/loss/repval 1.02 / train/loss/rew 0.57 / train/loss/value 0.86 / train/loss/velocity 0.91 / replay/replay_ratio 1040 / fps/policy 36.8 / fps/train 3.8e4

Writing metrics: /scratch/midway3/rickybao/dreamerv3_runs/adapt_apt_stand_seed2/metrics.jsonlWriting metrics: /scratch/midway3/rickybao/dreamerv3_runs/adapt_apt_stand_seed2/scores.jsonl


--------------------[Agent Step 28_320]--------------------
Metrics filtered by: 'score|length|fps|ratio|train/loss/|train/rand/'
train/loss/con 0.02 / train/loss/dyn 7.81 / train/loss/height 9.9e-4 / train/loss/orientations 0.09 / train/loss/policy 0.18 / train/loss/rep 7.81 / train/loss/repval 1.12 / train/loss/rew 0.57 / train/loss/value 0.95 / train/loss/velocity 1 / replay/replay_ratio 1040 / fps/policy 36.85 / fps/train 3.8e4

Writing metrics: /scratch/midway3/rickybao/dreamerv3_runs/adapt_apt_stand_seed2/metrics.jsonlWriting metrics: /scratch/midway3/rickybao/dreamerv3_runs/adapt_apt_stand_seed2/scores.jsonl


--------------------[Agent Step 32_736]--------------------
Metrics filtered by: 'score|length|fps|ratio|train/loss/|train/rand/'
episode/score 497.51 / episode/length 1001 / train/loss/con 0.02 / train/loss/dyn 8.14 / train/loss/height 1e-3 / train/loss/orientations 0.1 / train/loss/policy -6.7e-3 / train/loss/rep 8.14 / train/loss/repval 1.1 / train/loss/rew 0.57 / train/loss/value 0.82 / train/loss/velocity 1.06 / replay/replay_ratio 1040 / fps/policy 36.79 / fps/train 3.8e4

Writing metrics: /scratch/midway3/rickybao/dreamerv3_runs/adapt_apt_stand_seed2/metrics.jsonlWriting metrics: /scratch/midway3/rickybao/dreamerv3_runs/adapt_apt_stand_seed2/scores.jsonl

Saving checkpoint: /scratch/midway3/rickybao/dreamerv3_runs/adapt_apt_stand_seed2/ckpt/20260518T111058F222561
Saved checkpoint.

--------------------[Agent Step 37_088]--------------------
Metrics filtered by: 'score|length|fps|ratio|train/loss/|train/rand/'
train/loss/con 0.02 / train/loss/dyn 8.32 / train/loss/height 1.1e-3 / train/loss/orientations 0.11 / train/loss/policy -0.08 / train/loss/rep 8.32 / train/loss/repval 1.09 / train/loss/rew 0.57 / train/loss/value 0.93 / train/loss/velocity 1.11 / replay/replay_ratio 1040 / fps/policy 36.27 / fps/train 3.7e4

Writing metrics: /scratch/midway3/rickybao/dreamerv3_runs/adapt_apt_stand_seed2/metrics.jsonlWriting metrics: /scratch/midway3/rickybao/dreamerv3_runs/adapt_apt_stand_seed2/scores.jsonl


--------------------[Agent Step 41_520]--------------------
Metrics filtered by: 'score|length|fps|ratio|train/loss/|train/rand/'
train/loss/con 0.02 / train/loss/dyn 8.39 / train/loss/height 1.2e-3 / train/loss/orientations 0.12 / train/loss/policy -0.1 / train/loss/rep 8.39 / train/loss/repval 1.08 / train/loss/rew 0.58 / train/loss/value 0.9 / train/loss/velocity 1.14 / replay/replay_ratio 1040 / fps/policy 36.86 / fps/train 3.8e4

Writing metrics: /scratch/midway3/rickybao/dreamerv3_runs/adapt_apt_stand_seed2/metrics.jsonlWriting metrics: /scratch/midway3/rickybao/dreamerv3_runs/adapt_apt_stand_seed2/scores.jsonl


--------------------[Agent Step 45_952]--------------------
Metrics filtered by: 'score|length|fps|ratio|train/loss/|train/rand/'
train/loss/con 0.02 / train/loss/dyn 8.36 / train/loss/height 1.2e-3 / train/loss/orientations 0.14 / train/loss/policy -0.09 / train/loss/rep 8.36 / train/loss/repval 1.07 / train/loss/rew 0.58 / train/loss/value 0.72 / train/loss/velocity 1.16 / replay/replay_ratio 1040 / fps/policy 36.82 / fps/train 3.8e4

Writing metrics: /scratch/midway3/rickybao/dreamerv3_runs/adapt_apt_stand_seed2/scores.jsonl
Writing metrics: /scratch/midway3/rickybao/dreamerv3_runs/adapt_apt_stand_seed2/metrics.jsonl

--------------------[Agent Step 50_368]--------------------
Metrics filtered by: 'score|length|fps|ratio|train/loss/|train/rand/'
episode/score 812.68 / episode/length 1001 / train/loss/con 0.02 / train/loss/dyn 8.48 / train/loss/height 1.1e-3 / train/loss/orientations 0.15 / train/loss/policy -0.08 / train/loss/rep 8.48 / train/loss/repval 0.98 / train/loss/rew 0.59 / train/loss/value 1.19 / train/loss/velocity 1.18 / replay/replay_ratio 1040 / fps/policy 36.72 / fps/train 3.8e4

Writing metrics: /scratch/midway3/rickybao/dreamerv3_runs/adapt_apt_stand_seed2/scores.jsonl
Writing metrics: /scratch/midway3/rickybao/dreamerv3_runs/adapt_apt_stand_seed2/metrics.jsonl

--------------------[Agent Step 54_784]--------------------
Metrics filtered by: 'score|length|fps|ratio|train/loss/|train/rand/'
train/loss/con 0.02 / train/loss/dyn 8.62 / train/loss/height 1.2e-3 / train/loss/orientations 0.16 / train/loss/policy -0.09 / train/loss/rep 8.62 / train/loss/repval 1.2 / train/loss/rew 0.59 / train/loss/value 1.2 / train/loss/velocity 1.21 / replay/replay_ratio 1040 / fps/policy 36.8 / fps/train 3.8e4

Writing metrics: /scratch/midway3/rickybao/dreamerv3_runs/adapt_apt_stand_seed2/scores.jsonlWriting metrics: /scratch/midway3/rickybao/dreamerv3_runs/adapt_apt_stand_seed2/metrics.jsonl


--------------------[Agent Step 59_200]--------------------
Metrics filtered by: 'score|length|fps|ratio|train/loss/|train/rand/'
train/loss/con 0.02 / train/loss/dyn 8.72 / train/loss/height 1.2e-3 / train/loss/orientations 0.16 / train/loss/policy -0.09 / train/loss/rep 8.72 / train/loss/repval 1.18 / train/loss/rew 0.6 / train/loss/value 1.06 / train/loss/velocity 1.23 / replay/replay_ratio 1040 / fps/policy 36.8 / fps/train 3.8e4

Writing metrics: /scratch/midway3/rickybao/dreamerv3_runs/adapt_apt_stand_seed2/scores.jsonlWriting metrics: /scratch/midway3/rickybao/dreamerv3_runs/adapt_apt_stand_seed2/metrics.jsonl


--------------------[Agent Step 63_616]--------------------
Metrics filtered by: 'score|length|fps|ratio|train/loss/|train/rand/'
train/loss/con 0.02 / train/loss/dyn 8.83 / train/loss/height 1.3e-3 / train/loss/orientations 0.17 / train/loss/policy -0.09 / train/loss/rep 8.83 / train/loss/repval 1.14 / train/loss/rew 0.6 / train/loss/value 0.99 / train/loss/velocity 1.25 / replay/replay_ratio 1040 / fps/policy 36.77 / fps/train 3.8e4

Writing metrics: /scratch/midway3/rickybao/dreamerv3_runs/adapt_apt_stand_seed2/metrics.jsonl
Writing metrics: /scratch/midway3/rickybao/dreamerv3_runs/adapt_apt_stand_seed2/scores.jsonl
Saving checkpoint: /scratch/midway3/rickybao/dreamerv3_runs/adapt_apt_stand_seed2/ckpt/20260518T112558F325819
Saved checkpoint.

--------------------[Agent Step 67_984]--------------------
Metrics filtered by: 'score|length|fps|ratio|train/loss/|train/rand/'
episode/score 798.41 / episode/length 1001 / train/loss/con 0.02 / train/loss/dyn 8.91 / train/loss/height 1.3e-3 / train/loss/orientations 0.17 / train/loss/policy -0.09 / train/loss/rep 8.91 / train/loss/repval 1.13 / train/loss/rew 0.6 / train/loss/value 0.96 / train/loss/velocity 1.27 / replay/replay_ratio 1040 / fps/policy 36.3 / fps/train 3.7e4

Writing metrics: /scratch/midway3/rickybao/dreamerv3_runs/adapt_apt_stand_seed2/metrics.jsonlWriting metrics: /scratch/midway3/rickybao/dreamerv3_runs/adapt_apt_stand_seed2/scores.jsonl


--------------------[Agent Step 72_400]--------------------
Metrics filtered by: 'score|length|fps|ratio|train/loss/|train/rand/'
train/loss/con 0.02 / train/loss/dyn 8.97 / train/loss/height 1.4e-3 / train/loss/orientations 0.17 / train/loss/policy -0.09 / train/loss/rep 8.97 / train/loss/repval 1.12 / train/loss/rew 0.6 / train/loss/value 0.95 / train/loss/velocity 1.28 / replay/replay_ratio 1040 / fps/policy 36.81 / fps/train 3.8e4

Writing metrics: /scratch/midway3/rickybao/dreamerv3_runs/adapt_apt_stand_seed2/scores.jsonlWriting metrics: /scratch/midway3/rickybao/dreamerv3_runs/adapt_apt_stand_seed2/metrics.jsonl


--------------------[Agent Step 76_816]--------------------
Metrics filtered by: 'score|length|fps|ratio|train/loss/|train/rand/'
train/loss/con 0.02 / train/loss/dyn 9.05 / train/loss/height 1.5e-3 / train/loss/orientations 0.18 / train/loss/policy -0.08 / train/loss/rep 9.05 / train/loss/repval 1.11 / train/loss/rew 0.6 / train/loss/value 0.95 / train/loss/velocity 1.3 / replay/replay_ratio 1040 / fps/policy 36.77 / fps/train 3.8e4

Writing metrics: /scratch/midway3/rickybao/dreamerv3_runs/adapt_apt_stand_seed2/metrics.jsonl
Writing metrics: /scratch/midway3/rickybao/dreamerv3_runs/adapt_apt_stand_seed2/scores.jsonl

--------------------[Agent Step 81_232]--------------------
Metrics filtered by: 'score|length|fps|ratio|train/loss/|train/rand/'
episode/score 697.03 / episode/length 1001 / train/loss/con 0.02 / train/loss/dyn 9.12 / train/loss/height 1.5e-3 / train/loss/orientations 0.18 / train/loss/policy -0.08 / train/loss/rep 9.12 / train/loss/repval 1.11 / train/loss/rew 0.6 / train/loss/value 0.95 / train/loss/velocity 1.31 / replay/replay_ratio 1040 / fps/policy 36.69 / fps/train 3.8e4

Writing metrics: /scratch/midway3/rickybao/dreamerv3_runs/adapt_apt_stand_seed2/metrics.jsonl
Writing metrics: /scratch/midway3/rickybao/dreamerv3_runs/adapt_apt_stand_seed2/scores.jsonl

--------------------[Agent Step 85_648]--------------------
Metrics filtered by: 'score|length|fps|ratio|train/loss/|train/rand/'
train/loss/con 0.02 / train/loss/dyn 9.19 / train/loss/height 1.6e-3 / train/loss/orientations 0.19 / train/loss/policy -0.08 / train/loss/rep 9.19 / train/loss/repval 1.1 / train/loss/rew 0.61 / train/loss/value 0.94 / train/loss/velocity 1.32 / replay/replay_ratio 1040 / fps/policy 36.73 / fps/train 3.8e4

Writing metrics: /scratch/midway3/rickybao/dreamerv3_runs/adapt_apt_stand_seed2/metrics.jsonlWriting metrics: /scratch/midway3/rickybao/dreamerv3_runs/adapt_apt_stand_seed2/scores.jsonl


--------------------[Agent Step 90_080]--------------------
Metrics filtered by: 'score|length|fps|ratio|train/loss/|train/rand/'
train/loss/con 0.02 / train/loss/dyn 9.25 / train/loss/height 1.6e-3 / train/loss/orientations 0.19 / train/loss/policy -0.08 / train/loss/rep 9.25 / train/loss/repval 1.08 / train/loss/rew 0.61 / train/loss/value 0.92 / train/loss/velocity 1.34 / replay/replay_ratio 1040 / fps/policy 36.81 / fps/train 3.8e4

Writing metrics: /scratch/midway3/rickybao/dreamerv3_runs/adapt_apt_stand_seed2/metrics.jsonlWriting metrics: /scratch/midway3/rickybao/dreamerv3_runs/adapt_apt_stand_seed2/scores.jsonl


--------------------[Agent Step 94_496]--------------------
Metrics filtered by: 'score|length|fps|ratio|train/loss/|train/rand/'
train/loss/con 0.02 / train/loss/dyn 9.31 / train/loss/height 1.7e-3 / train/loss/orientations 0.19 / train/loss/policy -0.08 / train/loss/rep 9.31 / train/loss/repval 1.08 / train/loss/rew 0.61 / train/loss/value 0.92 / train/loss/velocity 1.35 / replay/replay_ratio 1040 / fps/policy 36.74 / fps/train 3.8e4

Writing metrics: /scratch/midway3/rickybao/dreamerv3_runs/adapt_apt_stand_seed2/metrics.jsonlWriting metrics: /scratch/midway3/rickybao/dreamerv3_runs/adapt_apt_stand_seed2/scores.jsonl


--------------------[Agent Step 98_896]--------------------
Metrics filtered by: 'score|length|fps|ratio|train/loss/|train/rand/'
episode/score 841.61 / episode/length 1001 / train/loss/con 0.02 / train/loss/dyn 9.35 / train/loss/height 1.7e-3 / train/loss/orientations 0.19 / train/loss/policy -0.07 / train/loss/rep 9.35 / train/loss/repval 1.07 / train/loss/rew 0.61 / train/loss/value 0.92 / train/loss/velocity 1.35 / replay/replay_ratio 1040 / fps/policy 36.64 / fps/train 3.8e4

Writing metrics: /scratch/midway3/rickybao/dreamerv3_runs/adapt_apt_stand_seed2/metrics.jsonlWriting metrics: /scratch/midway3/rickybao/dreamerv3_runs/adapt_apt_stand_seed2/scores.jsonl

Saving checkpoint: /scratch/midway3/rickybao/dreamerv3_runs/adapt_apt_stand_seed2/ckpt/20260518T114058F493355
Saved checkpoint.

--------------------[Agent Step 103_264]--------------------
Metrics filtered by: 'score|length|fps|ratio|train/loss/|train/rand/'
train/loss/con 0.02 / train/loss/dyn 9.39 / train/loss/height 1.8e-3 / train/loss/orientations 0.2 / train/loss/policy -0.08 / train/loss/rep 9.39 / train/loss/repval 1.06 / train/loss/rew 0.61 / train/loss/value 0.91 / train/loss/velocity 1.36 / replay/replay_ratio 1040 / fps/policy 36.36 / fps/train 3.7e4

Writing metrics: /scratch/midway3/rickybao/dreamerv3_runs/adapt_apt_stand_seed2/metrics.jsonlWriting metrics: /scratch/midway3/rickybao/dreamerv3_runs/adapt_apt_stand_seed2/scores.jsonl


--------------------[Agent Step 107_680]--------------------
Metrics filtered by: 'score|length|fps|ratio|train/loss/|train/rand/'
train/loss/con 0.02 / train/loss/dyn 9.42 / train/loss/height 1.8e-3 / train/loss/orientations 0.2 / train/loss/policy -0.07 / train/loss/rep 9.42 / train/loss/repval 1.06 / train/loss/rew 0.61 / train/loss/value 0.91 / train/loss/velocity 1.37 / replay/replay_ratio 1040 / fps/policy 36.79 / fps/train 3.8e4

Writing metrics: /scratch/midway3/rickybao/dreamerv3_runs/adapt_apt_stand_seed2/metrics.jsonlWriting metrics: /scratch/midway3/rickybao/dreamerv3_runs/adapt_apt_stand_seed2/scores.jsonl


--------------------[Agent Step 112_096]--------------------
Metrics filtered by: 'score|length|fps|ratio|train/loss/|train/rand/'
train/loss/con 0.02 / train/loss/dyn 9.47 / train/loss/height 1.8e-3 / train/loss/orientations 0.2 / train/loss/policy -0.07 / train/loss/rep 9.47 / train/loss/repval 1.06 / train/loss/rew 0.61 / train/loss/value 0.92 / train/loss/velocity 1.38 / replay/replay_ratio 1040 / fps/policy 36.72 / fps/train 3.8e4

Writing metrics: /scratch/midway3/rickybao/dreamerv3_runs/adapt_apt_stand_seed2/metrics.jsonl
Writing metrics: /scratch/midway3/rickybao/dreamerv3_runs/adapt_apt_stand_seed2/scores.jsonl

--------------------[Agent Step 116_496]--------------------
Metrics filtered by: 'score|length|fps|ratio|train/loss/|train/rand/'
episode/score 938.67 / episode/length 1001 / train/loss/con 0.02 / train/loss/dyn 9.52 / train/loss/height 1.9e-3 / train/loss/orientations 0.2 / train/loss/policy -0.07 / train/loss/rep 9.52 / train/loss/repval 1.06 / train/loss/rew 0.61 / train/loss/value 0.92 / train/loss/velocity 1.38 / replay/replay_ratio 1040 / fps/policy 36.59 / fps/train 3.7e4

Writing metrics: /scratch/midway3/rickybao/dreamerv3_runs/adapt_apt_stand_seed2/metrics.jsonl
Writing metrics: /scratch/midway3/rickybao/dreamerv3_runs/adapt_apt_stand_seed2/scores.jsonl

--------------------[Agent Step 120_896]--------------------
Metrics filtered by: 'score|length|fps|ratio|train/loss/|train/rand/'
train/loss/con 0.02 / train/loss/dyn 9.56 / train/loss/height 1.9e-3 / train/loss/orientations 0.2 / train/loss/policy -0.07 / train/loss/rep 9.56 / train/loss/repval 1.06 / train/loss/rew 0.61 / train/loss/value 0.92 / train/loss/velocity 1.39 / replay/replay_ratio 1040 / fps/policy 36.67 / fps/train 3.8e4

Writing metrics: /scratch/midway3/rickybao/dreamerv3_runs/adapt_apt_stand_seed2/metrics.jsonlWriting metrics: /scratch/midway3/rickybao/dreamerv3_runs/adapt_apt_stand_seed2/scores.jsonl


--------------------[Agent Step 125_312]--------------------
Metrics filtered by: 'score|length|fps|ratio|train/loss/|train/rand/'
train/loss/con 0.02 / train/loss/dyn 9.58 / train/loss/height 1.9e-3 / train/loss/orientations 0.2 / train/loss/policy -0.06 / train/loss/rep 9.58 / train/loss/repval 1.05 / train/loss/rew 0.61 / train/loss/value 0.92 / train/loss/velocity 1.39 / replay/replay_ratio 1040 / fps/policy 36.73 / fps/train 3.8e4

Writing metrics: /scratch/midway3/rickybao/dreamerv3_runs/adapt_apt_stand_seed2/metrics.jsonl
Writing metrics: /scratch/midway3/rickybao/dreamerv3_runs/adapt_apt_stand_seed2/scores.jsonl

--------------------[Agent Step 129_712]--------------------
Metrics filtered by: 'score|length|fps|ratio|train/loss/|train/rand/'
episode/score 929.75 / episode/length 1001 / train/loss/con 0.02 / train/loss/dyn 9.62 / train/loss/height 1.9e-3 / train/loss/orientations 0.21 / train/loss/policy -0.06 / train/loss/rep 9.62 / train/loss/repval 1.05 / train/loss/rew 0.61 / train/loss/value 0.91 / train/loss/velocity 1.4 / replay/replay_ratio 1040 / fps/policy 36.6 / fps/train 3.7e4

Writing metrics: /scratch/midway3/rickybao/dreamerv3_runs/adapt_apt_stand_seed2/metrics.jsonlWriting metrics: /scratch/midway3/rickybao/dreamerv3_runs/adapt_apt_stand_seed2/scores.jsonl

Saving checkpoint: /scratch/midway3/rickybao/dreamerv3_runs/adapt_apt_stand_seed2/ckpt/20260518T115558F581821
Saved checkpoint.

--------------------[Agent Step 134_080]--------------------
Metrics filtered by: 'score|length|fps|ratio|train/loss/|train/rand/'
train/loss/con 0.02 / train/loss/dyn 9.65 / train/loss/height 2e-3 / train/loss/orientations 0.21 / train/loss/policy -0.06 / train/loss/rep 9.65 / train/loss/repval 1.05 / train/loss/rew 0.61 / train/loss/value 0.92 / train/loss/velocity 1.41 / replay/replay_ratio 1040 / fps/policy 36.29 / fps/train 3.7e4

Writing metrics: /scratch/midway3/rickybao/dreamerv3_runs/adapt_apt_stand_seed2/metrics.jsonlWriting metrics: /scratch/midway3/rickybao/dreamerv3_runs/adapt_apt_stand_seed2/scores.jsonl


--------------------[Agent Step 138_496]--------------------
Metrics filtered by: 'score|length|fps|ratio|train/loss/|train/rand/'
train/loss/con 0.02 / train/loss/dyn 9.68 / train/loss/height 2e-3 / train/loss/orientations 0.21 / train/loss/policy -0.06 / train/loss/rep 9.68 / train/loss/repval 1.05 / train/loss/rew 0.62 / train/loss/value 0.92 / train/loss/velocity 1.41 / replay/replay_ratio 1040 / fps/policy 36.72 / fps/train 3.8e4

Writing metrics: /scratch/midway3/rickybao/dreamerv3_runs/adapt_apt_stand_seed2/metrics.jsonlWriting metrics: /scratch/midway3/rickybao/dreamerv3_runs/adapt_apt_stand_seed2/scores.jsonl


--------------------[Agent Step 142_896]--------------------
Metrics filtered by: 'score|length|fps|ratio|train/loss/|train/rand/'
train/loss/con 0.02 / train/loss/dyn 9.72 / train/loss/height 2e-3 / train/loss/orientations 0.21 / train/loss/policy -0.06 / train/loss/rep 9.72 / train/loss/repval 1.04 / train/loss/rew 0.62 / train/loss/value 0.91 / train/loss/velocity 1.42 / replay/replay_ratio 1040 / fps/policy 36.66 / fps/train 3.8e4

Writing metrics: /scratch/midway3/rickybao/dreamerv3_runs/adapt_apt_stand_seed2/scores.jsonlWriting metrics: /scratch/midway3/rickybao/dreamerv3_runs/adapt_apt_stand_seed2/metrics.jsonl


--------------------[Agent Step 147_280]--------------------
Metrics filtered by: 'score|length|fps|ratio|train/loss/|train/rand/'
episode/score 918.12 / episode/length 1001 / train/loss/con 0.02 / train/loss/dyn 9.76 / train/loss/height 2e-3 / train/loss/orientations 0.21 / train/loss/policy -0.06 / train/loss/rep 9.76 / train/loss/repval 1.04 / train/loss/rew 0.62 / train/loss/value 0.91 / train/loss/velocity 1.42 / replay/replay_ratio 1040 / fps/policy 36.52 / fps/train 3.7e4

Writing metrics: /scratch/midway3/rickybao/dreamerv3_runs/adapt_apt_stand_seed2/metrics.jsonlWriting metrics: /scratch/midway3/rickybao/dreamerv3_runs/adapt_apt_stand_seed2/scores.jsonl


--------------------[Agent Step 151_696]--------------------
Metrics filtered by: 'score|length|fps|ratio|train/loss/|train/rand/'
train/loss/con 0.02 / train/loss/dyn 9.77 / train/loss/height 2e-3 / train/loss/orientations 0.21 / train/loss/policy -0.06 / train/loss/rep 9.77 / train/loss/repval 1.04 / train/loss/rew 0.62 / train/loss/value 0.91 / train/loss/velocity 1.43 / replay/replay_ratio 1040 / fps/policy 36.71 / fps/train 3.8e4

Writing metrics: /scratch/midway3/rickybao/dreamerv3_runs/adapt_apt_stand_seed2/metrics.jsonlWriting metrics: /scratch/midway3/rickybao/dreamerv3_runs/adapt_apt_stand_seed2/scores.jsonl


--------------------[Agent Step 156_112]--------------------
Metrics filtered by: 'score|length|fps|ratio|train/loss/|train/rand/'
train/loss/con 0.02 / train/loss/dyn 9.79 / train/loss/height 2e-3 / train/loss/orientations 0.21 / train/loss/policy -0.06 / train/loss/rep 9.79 / train/loss/repval 1.04 / train/loss/rew 0.62 / train/loss/value 0.91 / train/loss/velocity 1.43 / replay/replay_ratio 1040 / fps/policy 36.69 / fps/train 3.8e4

Writing metrics: /scratch/midway3/rickybao/dreamerv3_runs/adapt_apt_stand_seed2/metrics.jsonlWriting metrics: /scratch/midway3/rickybao/dreamerv3_runs/adapt_apt_stand_seed2/scores.jsonl


--------------------[Agent Step 160_512]--------------------
Metrics filtered by: 'score|length|fps|ratio|train/loss/|train/rand/'
episode/score 910.11 / episode/length 1001 / train/loss/con 0.02 / train/loss/dyn 9.82 / train/loss/height 2.1e-3 / train/loss/orientations 0.21 / train/loss/policy -0.06 / train/loss/rep 9.82 / train/loss/repval 1.03 / train/loss/rew 0.62 / train/loss/value 0.91 / train/loss/velocity 1.44 / replay/replay_ratio 1040 / fps/policy 36.63 / fps/train 3.8e4

Writing metrics: /scratch/midway3/rickybao/dreamerv3_runs/adapt_apt_stand_seed2/metrics.jsonlWriting metrics: /scratch/midway3/rickybao/dreamerv3_runs/adapt_apt_stand_seed2/scores.jsonl


--------------------[Agent Step 164_896]--------------------
Metrics filtered by: 'score|length|fps|ratio|train/loss/|train/rand/'
train/loss/con 0.02 / train/loss/dyn 9.83 / train/loss/height 2.1e-3 / train/loss/orientations 0.21 / train/loss/policy -0.06 / train/loss/rep 9.83 / train/loss/repval 1.03 / train/loss/rew 0.62 / train/loss/value 0.9 / train/loss/velocity 1.44 / replay/replay_ratio 1040 / fps/policy 36.52 / fps/train 3.7e4

Writing metrics: /scratch/midway3/rickybao/dreamerv3_runs/adapt_apt_stand_seed2/metrics.jsonlWriting metrics: /scratch/midway3/rickybao/dreamerv3_runs/adapt_apt_stand_seed2/scores.jsonl

Saving checkpoint: /scratch/midway3/rickybao/dreamerv3_runs/adapt_apt_stand_seed2/ckpt/20260518T121059F002456
Saved checkpoint.

--------------------[Agent Step 169_264]--------------------
Metrics filtered by: 'score|length|fps|ratio|train/loss/|train/rand/'
train/loss/con 0.02 / train/loss/dyn 9.88 / train/loss/height 2.1e-3 / train/loss/orientations 0.22 / train/loss/policy -0.06 / train/loss/rep 9.88 / train/loss/repval 1.02 / train/loss/rew 0.62 / train/loss/value 0.9 / train/loss/velocity 1.45 / replay/replay_ratio 1040 / fps/policy 36.3 / fps/train 3.7e4

Writing metrics: /scratch/midway3/rickybao/dreamerv3_runs/adapt_apt_stand_seed2/metrics.jsonlWriting metrics: /scratch/midway3/rickybao/dreamerv3_runs/adapt_apt_stand_seed2/scores.jsonl


--------------------[Agent Step 173_664]--------------------
Metrics filtered by: 'score|length|fps|ratio|train/loss/|train/rand/'
train/loss/con 0.02 / train/loss/dyn 9.88 / train/loss/height 2.1e-3 / train/loss/orientations 0.22 / train/loss/policy -0.06 / train/loss/rep 9.88 / train/loss/repval 1.02 / train/loss/rew 0.62 / train/loss/value 0.9 / train/loss/velocity 1.45 / replay/replay_ratio 1040 / fps/policy 36.66 / fps/train 3.8e4

Writing metrics: /scratch/midway3/rickybao/dreamerv3_runs/adapt_apt_stand_seed2/scores.jsonlWriting metrics: /scratch/midway3/rickybao/dreamerv3_runs/adapt_apt_stand_seed2/metrics.jsonl


--------------------[Agent Step 178_048]--------------------
Metrics filtered by: 'score|length|fps|ratio|train/loss/|train/rand/'
episode/score 821.29 / episode/length 1001 / train/loss/con 0.02 / train/loss/dyn 9.9 / train/loss/height 2.1e-3 / train/loss/orientations 0.22 / train/loss/policy -0.06 / train/loss/rep 9.9 / train/loss/repval 1.02 / train/loss/rew 0.62 / train/loss/value 0.89 / train/loss/velocity 1.45 / replay/replay_ratio 1040 / fps/policy 36.52 / fps/train 3.7e4

Writing metrics: /scratch/midway3/rickybao/dreamerv3_runs/adapt_apt_stand_seed2/metrics.jsonlWriting metrics: /scratch/midway3/rickybao/dreamerv3_runs/adapt_apt_stand_seed2/scores.jsonl


--------------------[Agent Step 182_448]--------------------
Metrics filtered by: 'score|length|fps|ratio|train/loss/|train/rand/'
train/loss/con 0.02 / train/loss/dyn 9.92 / train/loss/height 2.1e-3 / train/loss/orientations 0.22 / train/loss/policy -0.05 / train/loss/rep 9.92 / train/loss/repval 1.02 / train/loss/rew 0.62 / train/loss/value 0.89 / train/loss/velocity 1.45 / replay/replay_ratio 1040 / fps/policy 36.59 / fps/train 3.7e4

Writing metrics: /scratch/midway3/rickybao/dreamerv3_runs/adapt_apt_stand_seed2/metrics.jsonlWriting metrics: /scratch/midway3/rickybao/dreamerv3_runs/adapt_apt_stand_seed2/scores.jsonl


--------------------[Agent Step 186_864]--------------------
Metrics filtered by: 'score|length|fps|ratio|train/loss/|train/rand/'
train/loss/con 0.02 / train/loss/dyn 9.92 / train/loss/height 2.1e-3 / train/loss/orientations 0.22 / train/loss/policy -0.05 / train/loss/rep 9.92 / train/loss/repval 1.01 / train/loss/rew 0.62 / train/loss/value 0.89 / train/loss/velocity 1.45 / replay/replay_ratio 1040 / fps/policy 36.67 / fps/train 3.8e4

Writing metrics: /scratch/midway3/rickybao/dreamerv3_runs/adapt_apt_stand_seed2/metrics.jsonlWriting metrics: /scratch/midway3/rickybao/dreamerv3_runs/adapt_apt_stand_seed2/scores.jsonl


--------------------[Agent Step 191_264]--------------------
Metrics filtered by: 'score|length|fps|ratio|train/loss/|train/rand/'
train/loss/con 0.02 / train/loss/dyn 9.95 / train/loss/height 2.1e-3 / train/loss/orientations 0.22 / train/loss/policy -0.05 / train/loss/rep 9.95 / train/loss/repval 1.01 / train/loss/rew 0.62 / train/loss/value 0.89 / train/loss/velocity 1.46 / replay/replay_ratio 1040 / fps/policy 36.6 / fps/train 3.7e4

Writing metrics: /scratch/midway3/rickybao/dreamerv3_runs/adapt_apt_stand_seed2/scores.jsonlWriting metrics: /scratch/midway3/rickybao/dreamerv3_runs/adapt_apt_stand_seed2/metrics.jsonl


--------------------[Agent Step 195_648]--------------------
Metrics filtered by: 'score|length|fps|ratio|train/loss/|train/rand/'
episode/score 864.49 / episode/length 1001 / train/loss/con 0.02 / train/loss/dyn 9.96 / train/loss/height 2.1e-3 / train/loss/orientations 0.22 / train/loss/policy -0.05 / train/loss/rep 9.96 / train/loss/repval 1.01 / train/loss/rew 0.62 / train/loss/value 0.89 / train/loss/velocity 1.46 / replay/replay_ratio 1040 / fps/policy 36.45 / fps/train 3.7e4

Writing metrics: /scratch/midway3/rickybao/dreamerv3_runs/adapt_apt_stand_seed2/metrics.jsonlWriting metrics: /scratch/midway3/rickybao/dreamerv3_runs/adapt_apt_stand_seed2/scores.jsonl

Saving checkpoint: /scratch/midway3/rickybao/dreamerv3_runs/adapt_apt_stand_seed2/ckpt/20260518T122559F189861
Saved checkpoint.

--------------------[Agent Step 200_000]--------------------
Metrics filtered by: 'score|length|fps|ratio|train/loss/|train/rand/'
train/loss/con 0.02 / train/loss/dyn 9.96 / train/loss/height 2.1e-3 / train/loss/orientations 0.22 / train/loss/policy -0.05 / train/loss/rep 9.96 / train/loss/repval 1.01 / train/loss/rew 0.62 / train/loss/value 0.88 / train/loss/velocity 1.46 / replay/replay_ratio 1040 / fps/policy 36.25 / fps/train 3.7e4

Writing metrics: /scratch/midway3/rickybao/dreamerv3_runs/adapt_apt_stand_seed2/metrics.jsonlWriting metrics: /scratch/midway3/rickybao/dreamerv3_runs/adapt_apt_stand_seed2/scores.jsonl


--------------------[Agent Step 204_400]--------------------
Metrics filtered by: 'score|length|fps|ratio|train/loss/|train/rand/'
train/loss/con 0.02 / train/loss/dyn 9.99 / train/loss/height 2.1e-3 / train/loss/orientations 0.22 / train/loss/policy -0.05 / train/loss/rep 9.99 / train/loss/repval 1.01 / train/loss/rew 0.62 / train/loss/value 0.89 / train/loss/velocity 1.47 / replay/replay_ratio 1040 / fps/policy 36.66 / fps/train 3.8e4

Writing metrics: /scratch/midway3/rickybao/dreamerv3_runs/adapt_apt_stand_seed2/metrics.jsonlWriting metrics: /scratch/midway3/rickybao/dreamerv3_runs/adapt_apt_stand_seed2/scores.jsonl


--------------------[Agent Step 208_800]--------------------
Metrics filtered by: 'score|length|fps|ratio|train/loss/|train/rand/'
episode/score 926.76 / episode/length 1001 / train/loss/con 0.02 / train/loss/dyn 10.01 / train/loss/height 2.1e-3 / train/loss/orientations 0.22 / train/loss/policy -0.05 / train/loss/rep 10.01 / train/loss/repval 1 / train/loss/rew 0.62 / train/loss/value 0.88 / train/loss/velocity 1.47 / replay/replay_ratio 1040 / fps/policy 36.58 / fps/train 3.7e4

Writing metrics: /scratch/midway3/rickybao/dreamerv3_runs/adapt_apt_stand_seed2/metrics.jsonlWriting metrics: /scratch/midway3/rickybao/dreamerv3_runs/adapt_apt_stand_seed2/scores.jsonl


--------------------[Agent Step 213_184]--------------------
Metrics filtered by: 'score|length|fps|ratio|train/loss/|train/rand/'
train/loss/con 0.02 / train/loss/dyn 10.04 / train/loss/height 2.1e-3 / train/loss/orientations 0.22 / train/loss/policy -0.05 / train/loss/rep 10.04 / train/loss/repval 1 / train/loss/rew 0.62 / train/loss/value 0.88 / train/loss/velocity 1.47 / replay/replay_ratio 1040 / fps/policy 36.42 / fps/train 3.7e4

Writing metrics: /scratch/midway3/rickybao/dreamerv3_runs/adapt_apt_stand_seed2/metrics.jsonlWriting metrics: /scratch/midway3/rickybao/dreamerv3_runs/adapt_apt_stand_seed2/scores.jsonl


--------------------[Agent Step 217_568]--------------------
Metrics filtered by: 'score|length|fps|ratio|train/loss/|train/rand/'
train/loss/con 0.02 / train/loss/dyn 10.05 / train/loss/height 2.1e-3 / train/loss/orientations 0.22 / train/loss/policy -0.05 / train/loss/rep 10.05 / train/loss/repval 1 / train/loss/rew 0.62 / train/loss/value 0.88 / train/loss/velocity 1.47 / replay/replay_ratio 1040 / fps/policy 36.51 / fps/train 3.7e4

Writing metrics: /scratch/midway3/rickybao/dreamerv3_runs/adapt_apt_stand_seed2/metrics.jsonl
Writing metrics: /scratch/midway3/rickybao/dreamerv3_runs/adapt_apt_stand_seed2/scores.jsonl

--------------------[Agent Step 221_984]--------------------
Metrics filtered by: 'score|length|fps|ratio|train/loss/|train/rand/'
train/loss/con 0.02 / train/loss/dyn 10.07 / train/loss/height 2.1e-3 / train/loss/orientations 0.22 / train/loss/policy -0.05 / train/loss/rep 10.07 / train/loss/repval 0.99 / train/loss/rew 0.62 / train/loss/value 0.87 / train/loss/velocity 1.48 / replay/replay_ratio 1040 / fps/policy 36.71 / fps/train 3.8e4

Writing metrics: /scratch/midway3/rickybao/dreamerv3_runs/adapt_apt_stand_seed2/metrics.jsonlWriting metrics: /scratch/midway3/rickybao/dreamerv3_runs/adapt_apt_stand_seed2/scores.jsonl


--------------------[Agent Step 226_400]--------------------
Metrics filtered by: 'score|length|fps|ratio|train/loss/|train/rand/'
episode/score 954.01 / episode/length 1001 / train/loss/con 0.02 / train/loss/dyn 10.08 / train/loss/height 2.1e-3 / train/loss/orientations 0.22 / train/loss/policy -0.05 / train/loss/rep 10.08 / train/loss/repval 0.99 / train/loss/rew 0.62 / train/loss/value 0.87 / train/loss/velocity 1.48 / replay/replay_ratio 1040 / fps/policy 36.78 / fps/train 3.8e4

Writing metrics: /scratch/midway3/rickybao/dreamerv3_runs/adapt_apt_stand_seed2/metrics.jsonlWriting metrics: /scratch/midway3/rickybao/dreamerv3_runs/adapt_apt_stand_seed2/scores.jsonl


--------------------[Agent Step 230_832]--------------------
Metrics filtered by: 'score|length|fps|ratio|train/loss/|train/rand/'
train/loss/con 0.02 / train/loss/dyn 10.09 / train/loss/height 2.1e-3 / train/loss/orientations 0.22 / train/loss/policy -0.05 / train/loss/rep 10.09 / train/loss/repval 0.99 / train/loss/rew 0.62 / train/loss/value 0.87 / train/loss/velocity 1.48 / replay/replay_ratio 1040 / fps/policy 36.81 / fps/train 3.8e4

Writing metrics: /scratch/midway3/rickybao/dreamerv3_runs/adapt_apt_stand_seed2/metrics.jsonlWriting metrics: /scratch/midway3/rickybao/dreamerv3_runs/adapt_apt_stand_seed2/scores.jsonl

Saving checkpoint: /scratch/midway3/rickybao/dreamerv3_runs/adapt_apt_stand_seed2/ckpt/20260518T124059F554936
Saved checkpoint.

--------------------[Agent Step 235_216]--------------------
Metrics filtered by: 'score|length|fps|ratio|train/loss/|train/rand/'
train/loss/con 0.02 / train/loss/dyn 10.09 / train/loss/height 2.2e-3 / train/loss/orientations 0.22 / train/loss/policy -0.05 / train/loss/rep 10.09 / train/loss/repval 0.98 / train/loss/rew 0.62 / train/loss/value 0.86 / train/loss/velocity 1.48 / replay/replay_ratio 1040 / fps/policy 36.5 / fps/train 3.7e4

Writing metrics: /scratch/midway3/rickybao/dreamerv3_runs/adapt_apt_stand_seed2/metrics.jsonlWriting metrics: /scratch/midway3/rickybao/dreamerv3_runs/adapt_apt_stand_seed2/scores.jsonl


--------------------[Agent Step 239_648]--------------------
Metrics filtered by: 'score|length|fps|ratio|train/loss/|train/rand/'
train/loss/con 0.02 / train/loss/dyn 10.1 / train/loss/height 2.2e-3 / train/loss/orientations 0.22 / train/loss/policy -0.04 / train/loss/rep 10.1 / train/loss/repval 0.98 / train/loss/rew 0.62 / train/loss/value 0.86 / train/loss/velocity 1.48 / replay/replay_ratio 1040 / fps/policy 36.92 / fps/train 3.8e4

Writing metrics: /scratch/midway3/rickybao/dreamerv3_runs/adapt_apt_stand_seed2/metrics.jsonlWriting metrics: /scratch/midway3/rickybao/dreamerv3_runs/adapt_apt_stand_seed2/scores.jsonl


--------------------[Agent Step 244_064]--------------------
Metrics filtered by: 'score|length|fps|ratio|train/loss/|train/rand/'
episode/score 903.87 / episode/length 1001 / train/loss/con 0.02 / train/loss/dyn 10.13 / train/loss/height 2.2e-3 / train/loss/orientations 0.22 / train/loss/policy -0.05 / train/loss/rep 10.13 / train/loss/repval 0.98 / train/loss/rew 0.62 / train/loss/value 0.86 / train/loss/velocity 1.49 / replay/replay_ratio 1040 / fps/policy 36.75 / fps/train 3.8e4

Writing metrics: /scratch/midway3/rickybao/dreamerv3_runs/adapt_apt_stand_seed2/metrics.jsonlWriting metrics: /scratch/midway3/rickybao/dreamerv3_runs/adapt_apt_stand_seed2/scores.jsonl


--------------------[Agent Step 248_496]--------------------
Metrics filtered by: 'score|length|fps|ratio|train/loss/|train/rand/'
train/loss/con 0.02 / train/loss/dyn 10.14 / train/loss/height 2.2e-3 / train/loss/orientations 0.22 / train/loss/policy -0.05 / train/loss/rep 10.14 / train/loss/repval 0.98 / train/loss/rew 0.62 / train/loss/value 0.86 / train/loss/velocity 1.49 / replay/replay_ratio 1040 / fps/policy 36.87 / fps/train 3.8e4

Writing metrics: /scratch/midway3/rickybao/dreamerv3_runs/adapt_apt_stand_seed2/metrics.jsonlWriting metrics: /scratch/midway3/rickybao/dreamerv3_runs/adapt_apt_stand_seed2/scores.jsonl

Adaptation finished | End time: Mon May 18 12:48:49 CDT 2026
Logdir: /scratch/midway3/rickybao/dreamerv3_runs/adapt_apt_stand_seed2
