==============================
Slurm job started | Job ID: 49756642 | Node: midway3-0280.rcc.local
Start time: Mon May 18 11:02:19 CDT 2026
Frozen-readout adaptation | Cond: apt | Task: walk | Seed: 1
==============================
PYTHON=/scratch/midway3/rickybao/conda_envs/dreamerv3/bin/python
LOGDIR=/scratch/midway3/rickybao/dreamerv3_runs/adapt_apt_walk_seed1
Pretrained world model: /scratch/midway3/rickybao/dreamerv3_runs/pretrain_apt_seed1/ckpt/20260517T180238F226879
GPU check:
Mon May 18 11:02:19 2026       
+---------------------------------------------------------------------------------------+
| NVIDIA-SMI 535.216.03             Driver Version: 535.216.03   CUDA Version: 12.2     |
|-----------------------------------------+----------------------+----------------------+
| GPU  Name                 Persistence-M | Bus-Id        Disp.A | Volatile Uncorr. ECC |
| Fan  Temp   Perf          Pwr:Usage/Cap |         Memory-Usage | GPU-Util  Compute M. |
|                                         |                      |               MIG M. |
|=========================================+======================+======================|
|   0  Tesla V100-PCIE-16GB           On  | 00000000:86:00.0 Off |                  Off |
| N/A   63C    P0              44W / 250W |      0MiB / 16384MiB |      0%      Default |
|                                         |                      |                  N/A |
+-----------------------------------------+----------------------+----------------------+
                                                                                         
+---------------------------------------------------------------------------------------+
| Processes:                                                                            |
|  GPU   GI   CI        PID   Type   Process name                            GPU Memory |
|        ID   ID                                                             Usage      |
|=======================================================================================|
|  No running processes found                                                           |
+---------------------------------------------------------------------------------------+
Starting frozen-readout adaptation
---  ___                           __   ______ ---
--- |   \ _ _ ___ __ _ _ __  ___ _ \ \ / /__ / ---
--- | |) | '_/ -_) _` | '  \/ -_) '/\ V / |_ \ ---
--- |___/|_| \___\__,_|_|_|_\___|_|  \_/ |___/ ---
Replica: 0 / 1
Logdir: /scratch/midway3/rickybao/dreamerv3_runs/adapt_apt_walk_seed1
Run script: train
Observations
  reward           Space(float32, shape=(), low=-inf, high=inf)
  is_first         Space(bool, shape=(), low=False, high=True)
  is_last          Space(bool, shape=(), low=False, high=True)
  is_terminal      Space(bool, shape=(), low=False, high=True)
  orientations     Space(float32, shape=(14,), low=-inf, high=inf)
  height           Space(float32, shape=(), low=-inf, high=inf)
  velocity         Space(float32, shape=(9,), low=-inf, high=inf)
Actions
  action           Space(float32, shape=(6,), low=-1.0, high=1.0)
Extras
  consec           Space(int32, shape=(), low=-2147483648, high=2147483647)
  stepid           Space(uint8, shape=(20,), low=0, high=255)
  dyn/deter        Space(float32, shape=(512,), low=-inf, high=inf)
  dyn/stoch        Space(float32, shape=(32, 4), low=-inf, high=inf)
JAX devices (1): [cuda:0]
Policy devices: cuda:0
Train devices:  cuda:0
Initializing parameters...
Optimizer opt has 215,243 params:
        66,111 val
        57,663 rew
        50,316 pol
        41,153 con
Done initializing!
Compiling 1 checkpoint groups...
Largest checkpoint group: 0 GB
Compiling train and report...
Train cost analysis:
  FLOPS:            7.2e+09
  Memory (temp):    2.0e+08
  Memory (inputs):  7.4e+06
  Memory (outputs): 5.9e+06
  Memory (code):    1.5e+06

Report cost analysis:
  FLOPS:            1.9e+06
  Memory (temp):    9.3e+05
  Memory (inputs):  2.8e+06
  Memory (outputs): 2.1e+04
  Memory (code):    9.7e+04

Done compiling!
Loaded pretrained checkpoint with keys: ['dec/mlp/linear0/bias', 'dec/mlp/linear0/kernel', 'dec/mlp/linear1/bias', 'dec/mlp/linear1/kernel', 'dec/mlp/linear2/bias', 'dec/mlp/linear2/kernel', 'dec/mlp/norm0/scale', 'dec/mlp/norm1/scale', 'dec/mlp/norm2/scale', 'dec/vec/height/pred/bias', 'dec/vec/height/pred/kernel', 'dec/vec/orientations/pred/bias', 'dec/vec/orientations/pred/kernel', 'dec/vec/velocity/pred/bias', 'dec/vec/velocity/pred/kernel', 'dyn/dyngru/bias', 'dyn/dyngru/kernel', 'dyn/dynhid0/bias', 'dyn/dynhid0/kernel', 'dyn/dynhid0norm/scale', 'dyn/dynin0/bias', 'dyn/dynin0/kernel', 'dyn/dynin0norm/scale', 'dyn/dynin1/bias', 'dyn/dynin1/kernel', 'dyn/dynin1norm/scale', 'dyn/dynin2/bias', 'dyn/dynin2/kernel', 'dyn/dynin2norm/scale', 'dyn/obs0/bias', 'dyn/obs0/kernel', 'dyn/obs0norm/scale', 'dyn/obslogit/bias', 'dyn/obslogit/kernel', 'dyn/prior0/bias', 'dyn/prior0/kernel', 'dyn/prior0norm/scale', 'dyn/prior1/bias', 'dyn/prior1/kernel', 'dyn/prior1norm/scale', 'dyn/priorlogit/bias', 'dyn/priorlogit/kernel', 'enc/mlp0/bias', 'enc/mlp0/kernel', 'enc/mlp0norm/scale', 'enc/mlp1/bias', 'enc/mlp1/kernel', 'enc/mlp1norm/scale', 'enc/mlp2/bias', 'enc/mlp2/kernel', 'enc/mlp2norm/scale']
Did not find any checkpoint.
Saving checkpoint: /scratch/midway3/rickybao/dreamerv3_runs/adapt_apt_walk_seed1/ckpt/20260518T110245F865824
Saved checkpoint.
Start training loop

--------------------[Agent Step 6_272]--------------------
Metrics filtered by: 'score|length|fps|ratio|train/loss/|train/rand/'
train/loss/con 0.06 / train/loss/dyn 7.63 / train/loss/height 7e-4 / train/loss/orientations 0.06 / train/loss/policy 1.33 / train/loss/rep 7.63 / train/loss/repval 4.98 / train/loss/rew 1.54 / train/loss/value 2.38 / train/loss/velocity 0.84 / replay/replay_ratio 837.47 / fps/policy 50.77 / fps/train 3.5e4

Writing metrics: /scratch/midway3/rickybao/dreamerv3_runs/adapt_apt_walk_seed1/metrics.jsonlWriting metrics: /scratch/midway3/rickybao/dreamerv3_runs/adapt_apt_walk_seed1/scores.jsonl


--------------------[Agent Step 10_736]--------------------
Metrics filtered by: 'score|length|fps|ratio|train/loss/|train/rand/'
train/loss/con 0.02 / train/loss/dyn 7.25 / train/loss/height 6.7e-4 / train/loss/orientations 0.06 / train/loss/policy 2.44 / train/loss/rep 7.25 / train/loss/repval 2.25 / train/loss/rew 0.5 / train/loss/value 1.48 / train/loss/velocity 0.81 / replay/replay_ratio 1040 / fps/policy 37.15 / fps/train 3.8e4

Writing metrics: /scratch/midway3/rickybao/dreamerv3_runs/adapt_apt_walk_seed1/metrics.jsonlWriting metrics: /scratch/midway3/rickybao/dreamerv3_runs/adapt_apt_walk_seed1/scores.jsonl


--------------------[Agent Step 15_200]--------------------
Metrics filtered by: 'score|length|fps|ratio|train/loss/|train/rand/'
train/loss/con 0.02 / train/loss/dyn 7.05 / train/loss/height 7.6e-4 / train/loss/orientations 0.06 / train/loss/policy 1.63 / train/loss/rep 7.05 / train/loss/repval 1.45 / train/loss/rew 0.55 / train/loss/value 1.13 / train/loss/velocity 0.8 / replay/replay_ratio 1040 / fps/policy 37.14 / fps/train 3.8e4

Writing metrics: /scratch/midway3/rickybao/dreamerv3_runs/adapt_apt_walk_seed1/metrics.jsonlWriting metrics: /scratch/midway3/rickybao/dreamerv3_runs/adapt_apt_walk_seed1/scores.jsonl


--------------------[Agent Step 19_664]--------------------
Metrics filtered by: 'score|length|fps|ratio|train/loss/|train/rand/'
episode/score 64.4 / episode/length 1001 / train/loss/con 0.02 / train/loss/dyn 7.19 / train/loss/height 9.4e-4 / train/loss/orientations 0.07 / train/loss/policy 0.8 / train/loss/rep 7.19 / train/loss/repval 1.23 / train/loss/rew 0.59 / train/loss/value 1.01 / train/loss/velocity 0.84 / replay/replay_ratio 1040 / fps/policy 37.13 / fps/train 3.8e4

Writing metrics: /scratch/midway3/rickybao/dreamerv3_runs/adapt_apt_walk_seed1/metrics.jsonlWriting metrics: /scratch/midway3/rickybao/dreamerv3_runs/adapt_apt_walk_seed1/scores.jsonl


--------------------[Agent Step 24_128]--------------------
Metrics filtered by: 'score|length|fps|ratio|train/loss/|train/rand/'
train/loss/con 0.02 / train/loss/dyn 7.34 / train/loss/height 1e-3 / train/loss/orientations 0.07 / train/loss/policy 0.2 / train/loss/rep 7.34 / train/loss/repval 1.09 / train/loss/rew 0.6 / train/loss/value 0.93 / train/loss/velocity 0.87 / replay/replay_ratio 1040 / fps/policy 37.16 / fps/train 3.8e4

Writing metrics: /scratch/midway3/rickybao/dreamerv3_runs/adapt_apt_walk_seed1/scores.jsonlWriting metrics: /scratch/midway3/rickybao/dreamerv3_runs/adapt_apt_walk_seed1/metrics.jsonl


--------------------[Agent Step 28_592]--------------------
Metrics filtered by: 'score|length|fps|ratio|train/loss/|train/rand/'
train/loss/con 0.02 / train/loss/dyn 7.62 / train/loss/height 1.2e-3 / train/loss/orientations 0.08 / train/loss/policy 0.04 / train/loss/rep 7.62 / train/loss/repval 1.05 / train/loss/rew 0.62 / train/loss/value 0.88 / train/loss/velocity 0.93 / replay/replay_ratio 1040 / fps/policy 37.18 / fps/train 3.8e4

Writing metrics: /scratch/midway3/rickybao/dreamerv3_runs/adapt_apt_walk_seed1/metrics.jsonlWriting metrics: /scratch/midway3/rickybao/dreamerv3_runs/adapt_apt_walk_seed1/scores.jsonl


--------------------[Agent Step 33_056]--------------------
Metrics filtered by: 'score|length|fps|ratio|train/loss/|train/rand/'
episode/score 299.2 / episode/length 1001 / train/loss/con 0.02 / train/loss/dyn 7.9 / train/loss/height 1.3e-3 / train/loss/orientations 0.09 / train/loss/policy 0.03 / train/loss/rep 7.9 / train/loss/repval 1.03 / train/loss/rew 0.63 / train/loss/value 0.99 / train/loss/velocity 1 / replay/replay_ratio 1040 / fps/policy 37.12 / fps/train 3.8e4

Writing metrics: /scratch/midway3/rickybao/dreamerv3_runs/adapt_apt_walk_seed1/metrics.jsonlWriting metrics: /scratch/midway3/rickybao/dreamerv3_runs/adapt_apt_walk_seed1/scores.jsonl

Saving checkpoint: /scratch/midway3/rickybao/dreamerv3_runs/adapt_apt_walk_seed1/ckpt/20260518T111748F115616
Saved checkpoint.

--------------------[Agent Step 37_472]--------------------
Metrics filtered by: 'score|length|fps|ratio|train/loss/|train/rand/'
train/loss/con 0.02 / train/loss/dyn 8.08 / train/loss/height 1.4e-3 / train/loss/orientations 0.09 / train/loss/policy 0.02 / train/loss/rep 8.08 / train/loss/repval 1 / train/loss/rew 0.63 / train/loss/value 0.8 / train/loss/velocity 1.03 / replay/replay_ratio 1040 / fps/policy 36.71 / fps/train 3.8e4

Writing metrics: /scratch/midway3/rickybao/dreamerv3_runs/adapt_apt_walk_seed1/metrics.jsonlWriting metrics: /scratch/midway3/rickybao/dreamerv3_runs/adapt_apt_walk_seed1/scores.jsonl


--------------------[Agent Step 41_936]--------------------
Metrics filtered by: 'score|length|fps|ratio|train/loss/|train/rand/'
train/loss/con 0.02 / train/loss/dyn 8.19 / train/loss/height 1.4e-3 / train/loss/orientations 0.1 / train/loss/policy 0.01 / train/loss/rep 8.19 / train/loss/repval 1.26 / train/loss/rew 0.64 / train/loss/value 1.05 / train/loss/velocity 1.04 / replay/replay_ratio 1040 / fps/policy 37.19 / fps/train 3.8e4

Writing metrics: /scratch/midway3/rickybao/dreamerv3_runs/adapt_apt_walk_seed1/metrics.jsonlWriting metrics: /scratch/midway3/rickybao/dreamerv3_runs/adapt_apt_walk_seed1/scores.jsonl


--------------------[Agent Step 46_400]--------------------
Metrics filtered by: 'score|length|fps|ratio|train/loss/|train/rand/'
train/loss/con 0.02 / train/loss/dyn 8.27 / train/loss/height 1.4e-3 / train/loss/orientations 0.1 / train/loss/policy 0.04 / train/loss/rep 8.27 / train/loss/repval 1.12 / train/loss/rew 0.64 / train/loss/value 1.06 / train/loss/velocity 1.06 / replay/replay_ratio 1040 / fps/policy 37.15 / fps/train 3.8e4

Writing metrics: /scratch/midway3/rickybao/dreamerv3_runs/adapt_apt_walk_seed1/scores.jsonlWriting metrics: /scratch/midway3/rickybao/dreamerv3_runs/adapt_apt_walk_seed1/metrics.jsonl


--------------------[Agent Step 50_864]--------------------
Metrics filtered by: 'score|length|fps|ratio|train/loss/|train/rand/'
episode/score 146.43 / episode/length 1001 / train/loss/con 0.02 / train/loss/dyn 8.1 / train/loss/height 1.4e-3 / train/loss/orientations 0.11 / train/loss/policy -0.01 / train/loss/rep 8.1 / train/loss/repval 1.2 / train/loss/rew 0.65 / train/loss/value 1.15 / train/loss/velocity 1.06 / replay/replay_ratio 1040 / fps/policy 37.09 / fps/train 3.8e4

Writing metrics: /scratch/midway3/rickybao/dreamerv3_runs/adapt_apt_walk_seed1/metrics.jsonlWriting metrics: /scratch/midway3/rickybao/dreamerv3_runs/adapt_apt_walk_seed1/scores.jsonl


--------------------[Agent Step 55_328]--------------------
Metrics filtered by: 'score|length|fps|ratio|train/loss/|train/rand/'
train/loss/con 0.02 / train/loss/dyn 8.2 / train/loss/height 1.5e-3 / train/loss/orientations 0.11 / train/loss/policy -0.03 / train/loss/rep 8.2 / train/loss/repval 1.16 / train/loss/rew 0.66 / train/loss/value 0.89 / train/loss/velocity 1.1 / replay/replay_ratio 1040 / fps/policy 37.17 / fps/train 3.8e4

Writing metrics: /scratch/midway3/rickybao/dreamerv3_runs/adapt_apt_walk_seed1/metrics.jsonlWriting metrics: /scratch/midway3/rickybao/dreamerv3_runs/adapt_apt_walk_seed1/scores.jsonl


--------------------[Agent Step 59_792]--------------------
Metrics filtered by: 'score|length|fps|ratio|train/loss/|train/rand/'
train/loss/con 0.02 / train/loss/dyn 8.33 / train/loss/height 1.6e-3 / train/loss/orientations 0.12 / train/loss/policy -0.05 / train/loss/rep 8.33 / train/loss/repval 0.93 / train/loss/rew 0.68 / train/loss/value 0.92 / train/loss/velocity 1.13 / replay/replay_ratio 1040 / fps/policy 37.17 / fps/train 3.8e4

Writing metrics: /scratch/midway3/rickybao/dreamerv3_runs/adapt_apt_walk_seed1/metrics.jsonlWriting metrics: /scratch/midway3/rickybao/dreamerv3_runs/adapt_apt_walk_seed1/scores.jsonl


--------------------[Agent Step 64_256]--------------------
Metrics filtered by: 'score|length|fps|ratio|train/loss/|train/rand/'
episode/score 341.46 / episode/length 1001 / train/loss/con 0.02 / train/loss/dyn 8.42 / train/loss/height 1.7e-3 / train/loss/orientations 0.13 / train/loss/policy -0.1 / train/loss/rep 8.42 / train/loss/repval 0.88 / train/loss/rew 0.69 / train/loss/value 1.23 / train/loss/velocity 1.16 / replay/replay_ratio 1040 / fps/policy 37.13 / fps/train 3.8e4

Writing metrics: /scratch/midway3/rickybao/dreamerv3_runs/adapt_apt_walk_seed1/metrics.jsonlWriting metrics: /scratch/midway3/rickybao/dreamerv3_runs/adapt_apt_walk_seed1/scores.jsonl

Saving checkpoint: /scratch/midway3/rickybao/dreamerv3_runs/adapt_apt_walk_seed1/ckpt/20260518T113248F389949
Saved checkpoint.

--------------------[Agent Step 68_672]--------------------
Metrics filtered by: 'score|length|fps|ratio|train/loss/|train/rand/'
train/loss/con 0.02 / train/loss/dyn 8.48 / train/loss/height 1.8e-3 / train/loss/orientations 0.14 / train/loss/policy -0.12 / train/loss/rep 8.48 / train/loss/repval 1.3 / train/loss/rew 0.69 / train/loss/value 1.1 / train/loss/velocity 1.18 / replay/replay_ratio 1040 / fps/policy 36.72 / fps/train 3.8e4

Writing metrics: /scratch/midway3/rickybao/dreamerv3_runs/adapt_apt_walk_seed1/scores.jsonlWriting metrics: /scratch/midway3/rickybao/dreamerv3_runs/adapt_apt_walk_seed1/metrics.jsonl


--------------------[Agent Step 73_136]--------------------
Metrics filtered by: 'score|length|fps|ratio|train/loss/|train/rand/'
train/loss/con 0.02 / train/loss/dyn 8.41 / train/loss/height 1.7e-3 / train/loss/orientations 0.14 / train/loss/policy -0.14 / train/loss/rep 8.41 / train/loss/repval 1.2 / train/loss/rew 0.68 / train/loss/value 0.69 / train/loss/velocity 1.17 / replay/replay_ratio 1040 / fps/policy 37.14 / fps/train 3.8e4

Writing metrics: /scratch/midway3/rickybao/dreamerv3_runs/adapt_apt_walk_seed1/metrics.jsonlWriting metrics: /scratch/midway3/rickybao/dreamerv3_runs/adapt_apt_walk_seed1/scores.jsonl


--------------------[Agent Step 77_600]--------------------
Metrics filtered by: 'score|length|fps|ratio|train/loss/|train/rand/'
train/loss/con 0.02 / train/loss/dyn 8.38 / train/loss/height 1.8e-3 / train/loss/orientations 0.15 / train/loss/policy -0.14 / train/loss/rep 8.38 / train/loss/repval 0.79 / train/loss/rew 0.68 / train/loss/value 0.86 / train/loss/velocity 1.18 / replay/replay_ratio 1040 / fps/policy 37.13 / fps/train 3.8e4

Writing metrics: /scratch/midway3/rickybao/dreamerv3_runs/adapt_apt_walk_seed1/metrics.jsonlWriting metrics: /scratch/midway3/rickybao/dreamerv3_runs/adapt_apt_walk_seed1/scores.jsonl


--------------------[Agent Step 82_048]--------------------
Metrics filtered by: 'score|length|fps|ratio|train/loss/|train/rand/'
episode/score 215.95 / episode/length 1001 / train/loss/con 0.02 / train/loss/dyn 8.44 / train/loss/height 1.8e-3 / train/loss/orientations 0.16 / train/loss/policy -0.17 / train/loss/rep 8.44 / train/loss/repval 1.17 / train/loss/rew 0.69 / train/loss/value 1.18 / train/loss/velocity 1.2 / replay/replay_ratio 1040 / fps/policy 37.06 / fps/train 3.8e4

Writing metrics: /scratch/midway3/rickybao/dreamerv3_runs/adapt_apt_walk_seed1/scores.jsonlWriting metrics: /scratch/midway3/rickybao/dreamerv3_runs/adapt_apt_walk_seed1/metrics.jsonl


--------------------[Agent Step 86_512]--------------------
Metrics filtered by: 'score|length|fps|ratio|train/loss/|train/rand/'
train/loss/con 0.02 / train/loss/dyn 8.47 / train/loss/height 1.9e-3 / train/loss/orientations 0.16 / train/loss/policy -0.14 / train/loss/rep 8.47 / train/loss/repval 1.23 / train/loss/rew 0.69 / train/loss/value 0.71 / train/loss/velocity 1.21 / replay/replay_ratio 1040 / fps/policy 37.09 / fps/train 3.8e4

Writing metrics: /scratch/midway3/rickybao/dreamerv3_runs/adapt_apt_walk_seed1/metrics.jsonl
Writing metrics: /scratch/midway3/rickybao/dreamerv3_runs/adapt_apt_walk_seed1/scores.jsonl

--------------------[Agent Step 90_976]--------------------
Metrics filtered by: 'score|length|fps|ratio|train/loss/|train/rand/'
train/loss/con 0.02 / train/loss/dyn 8.49 / train/loss/height 1.9e-3 / train/loss/orientations 0.17 / train/loss/policy -0.17 / train/loss/rep 8.49 / train/loss/repval 0.87 / train/loss/rew 0.7 / train/loss/value 0.81 / train/loss/velocity 1.23 / replay/replay_ratio 1040 / fps/policy 37.11 / fps/train 3.8e4

Writing metrics: /scratch/midway3/rickybao/dreamerv3_runs/adapt_apt_walk_seed1/metrics.jsonlWriting metrics: /scratch/midway3/rickybao/dreamerv3_runs/adapt_apt_walk_seed1/scores.jsonl


--------------------[Agent Step 95_424]--------------------
Metrics filtered by: 'score|length|fps|ratio|train/loss/|train/rand/'
train/loss/con 0.02 / train/loss/dyn 8.47 / train/loss/height 1.9e-3 / train/loss/orientations 0.18 / train/loss/policy -0.16 / train/loss/rep 8.47 / train/loss/repval 1.16 / train/loss/rew 0.71 / train/loss/value 1.21 / train/loss/velocity 1.24 / replay/replay_ratio 1040 / fps/policy 37.04 / fps/train 3.8e4

Writing metrics: /scratch/midway3/rickybao/dreamerv3_runs/adapt_apt_walk_seed1/metrics.jsonlWriting metrics: /scratch/midway3/rickybao/dreamerv3_runs/adapt_apt_walk_seed1/scores.jsonl


--------------------[Agent Step 99_872]--------------------
Metrics filtered by: 'score|length|fps|ratio|train/loss/|train/rand/'
episode/score 332.34 / episode/length 1001 / train/loss/con 0.02 / train/loss/dyn 8.48 / train/loss/height 2e-3 / train/loss/orientations 0.18 / train/loss/policy -0.13 / train/loss/rep 8.48 / train/loss/repval 1.22 / train/loss/rew 0.71 / train/loss/value 0.71 / train/loss/velocity 1.25 / replay/replay_ratio 1040 / fps/policy 37 / fps/train 3.8e4

Writing metrics: /scratch/midway3/rickybao/dreamerv3_runs/adapt_apt_walk_seed1/metrics.jsonlWriting metrics: /scratch/midway3/rickybao/dreamerv3_runs/adapt_apt_walk_seed1/scores.jsonl

Saving checkpoint: /scratch/midway3/rickybao/dreamerv3_runs/adapt_apt_walk_seed1/ckpt/20260518T114748F722363
Saved checkpoint.

--------------------[Agent Step 104_288]--------------------
Metrics filtered by: 'score|length|fps|ratio|train/loss/|train/rand/'
train/loss/con 0.02 / train/loss/dyn 8.5 / train/loss/height 2e-3 / train/loss/orientations 0.19 / train/loss/policy -0.14 / train/loss/rep 8.5 / train/loss/repval 1 / train/loss/rew 0.71 / train/loss/value 0.63 / train/loss/velocity 1.26 / replay/replay_ratio 1040 / fps/policy 36.76 / fps/train 3.8e4

Writing metrics: /scratch/midway3/rickybao/dreamerv3_runs/adapt_apt_walk_seed1/metrics.jsonlWriting metrics: /scratch/midway3/rickybao/dreamerv3_runs/adapt_apt_walk_seed1/scores.jsonl


--------------------[Agent Step 108_752]--------------------
Metrics filtered by: 'score|length|fps|ratio|train/loss/|train/rand/'
train/loss/con 0.02 / train/loss/dyn 8.51 / train/loss/height 2e-3 / train/loss/orientations 0.19 / train/loss/policy -0.13 / train/loss/rep 8.51 / train/loss/repval 0.83 / train/loss/rew 0.71 / train/loss/value 0.85 / train/loss/velocity 1.28 / replay/replay_ratio 1040 / fps/policy 37.09 / fps/train 3.8e4

Writing metrics: /scratch/midway3/rickybao/dreamerv3_runs/adapt_apt_walk_seed1/scores.jsonlWriting metrics: /scratch/midway3/rickybao/dreamerv3_runs/adapt_apt_walk_seed1/metrics.jsonl


--------------------[Agent Step 113_200]--------------------
Metrics filtered by: 'score|length|fps|ratio|train/loss/|train/rand/'
episode/score 509.73 / episode/length 1001 / train/loss/con 0.02 / train/loss/dyn 8.53 / train/loss/height 2e-3 / train/loss/orientations 0.19 / train/loss/policy -0.14 / train/loss/rep 8.53 / train/loss/repval 0.83 / train/loss/rew 0.71 / train/loss/value 1.14 / train/loss/velocity 1.29 / replay/replay_ratio 1040 / fps/policy 37.02 / fps/train 3.8e4

Writing metrics: /scratch/midway3/rickybao/dreamerv3_runs/adapt_apt_walk_seed1/metrics.jsonlWriting metrics: /scratch/midway3/rickybao/dreamerv3_runs/adapt_apt_walk_seed1/scores.jsonl


--------------------[Agent Step 117_648]--------------------
Metrics filtered by: 'score|length|fps|ratio|train/loss/|train/rand/'
train/loss/con 0.02 / train/loss/dyn 8.52 / train/loss/height 2.1e-3 / train/loss/orientations 0.2 / train/loss/policy -0.12 / train/loss/rep 8.52 / train/loss/repval 0.96 / train/loss/rew 0.71 / train/loss/value 1.27 / train/loss/velocity 1.3 / replay/replay_ratio 1040 / fps/policy 37.07 / fps/train 3.8e4

Writing metrics: /scratch/midway3/rickybao/dreamerv3_runs/adapt_apt_walk_seed1/scores.jsonl
Writing metrics: /scratch/midway3/rickybao/dreamerv3_runs/adapt_apt_walk_seed1/metrics.jsonl

--------------------[Agent Step 122_096]--------------------
Metrics filtered by: 'score|length|fps|ratio|train/loss/|train/rand/'
train/loss/con 0.02 / train/loss/dyn 8.56 / train/loss/height 2.1e-3 / train/loss/orientations 0.2 / train/loss/policy -0.12 / train/loss/rep 8.56 / train/loss/repval 1.08 / train/loss/rew 0.72 / train/loss/value 1.3 / train/loss/velocity 1.31 / replay/replay_ratio 1040 / fps/policy 37.05 / fps/train 3.8e4

Writing metrics: /scratch/midway3/rickybao/dreamerv3_runs/adapt_apt_walk_seed1/metrics.jsonlWriting metrics: /scratch/midway3/rickybao/dreamerv3_runs/adapt_apt_walk_seed1/scores.jsonl


--------------------[Agent Step 126_560]--------------------
Metrics filtered by: 'score|length|fps|ratio|train/loss/|train/rand/'
train/loss/con 0.02 / train/loss/dyn 8.57 / train/loss/height 2.1e-3 / train/loss/orientations 0.2 / train/loss/policy -0.12 / train/loss/rep 8.57 / train/loss/repval 1.15 / train/loss/rew 0.71 / train/loss/value 1.3 / train/loss/velocity 1.32 / replay/replay_ratio 1040 / fps/policy 37.08 / fps/train 3.8e4

Writing metrics: /scratch/midway3/rickybao/dreamerv3_runs/adapt_apt_walk_seed1/metrics.jsonl
Writing metrics: /scratch/midway3/rickybao/dreamerv3_runs/adapt_apt_walk_seed1/scores.jsonl

--------------------[Agent Step 131_008]--------------------
Metrics filtered by: 'score|length|fps|ratio|train/loss/|train/rand/'
episode/score 639.82 / episode/length 1001 / train/loss/con 0.02 / train/loss/dyn 8.58 / train/loss/height 2.1e-3 / train/loss/orientations 0.2 / train/loss/policy -0.13 / train/loss/rep 8.58 / train/loss/repval 1.16 / train/loss/rew 0.71 / train/loss/value 1.3 / train/loss/velocity 1.33 / replay/replay_ratio 1040 / fps/policy 37 / fps/train 3.8e4

Writing metrics: /scratch/midway3/rickybao/dreamerv3_runs/adapt_apt_walk_seed1/metrics.jsonlWriting metrics: /scratch/midway3/rickybao/dreamerv3_runs/adapt_apt_walk_seed1/scores.jsonl

Saving checkpoint: /scratch/midway3/rickybao/dreamerv3_runs/adapt_apt_walk_seed1/ckpt/20260518T120249F053279
Saved checkpoint.

--------------------[Agent Step 135_408]--------------------
Metrics filtered by: 'score|length|fps|ratio|train/loss/|train/rand/'
train/loss/con 0.02 / train/loss/dyn 8.6 / train/loss/height 2.1e-3 / train/loss/orientations 0.2 / train/loss/policy -0.12 / train/loss/rep 8.6 / train/loss/repval 1.16 / train/loss/rew 0.71 / train/loss/value 1.3 / train/loss/velocity 1.34 / replay/replay_ratio 1040 / fps/policy 36.61 / fps/train 3.7e4

Writing metrics: /scratch/midway3/rickybao/dreamerv3_runs/adapt_apt_walk_seed1/metrics.jsonlWriting metrics: /scratch/midway3/rickybao/dreamerv3_runs/adapt_apt_walk_seed1/scores.jsonl


--------------------[Agent Step 139_856]--------------------
Metrics filtered by: 'score|length|fps|ratio|train/loss/|train/rand/'
train/loss/con 0.02 / train/loss/dyn 8.6 / train/loss/height 2.1e-3 / train/loss/orientations 0.21 / train/loss/policy -0.13 / train/loss/rep 8.6 / train/loss/repval 1.16 / train/loss/rew 0.71 / train/loss/value 1.3 / train/loss/velocity 1.34 / replay/replay_ratio 1040 / fps/policy 37.04 / fps/train 3.8e4

Writing metrics: /scratch/midway3/rickybao/dreamerv3_runs/adapt_apt_walk_seed1/metrics.jsonlWriting metrics: /scratch/midway3/rickybao/dreamerv3_runs/adapt_apt_walk_seed1/scores.jsonl


--------------------[Agent Step 144_304]--------------------
Metrics filtered by: 'score|length|fps|ratio|train/loss/|train/rand/'
episode/score 636.99 / episode/length 1001 / train/loss/con 0.02 / train/loss/dyn 8.62 / train/loss/height 2.2e-3 / train/loss/orientations 0.21 / train/loss/policy -0.12 / train/loss/rep 8.62 / train/loss/repval 1.18 / train/loss/rew 0.72 / train/loss/value 1.3 / train/loss/velocity 1.35 / replay/replay_ratio 1040 / fps/policy 37.04 / fps/train 3.8e4

Writing metrics: /scratch/midway3/rickybao/dreamerv3_runs/adapt_apt_walk_seed1/metrics.jsonlWriting metrics: /scratch/midway3/rickybao/dreamerv3_runs/adapt_apt_walk_seed1/scores.jsonl


--------------------[Agent Step 148_752]--------------------
Metrics filtered by: 'score|length|fps|ratio|train/loss/|train/rand/'
train/loss/con 0.02 / train/loss/dyn 8.64 / train/loss/height 2.2e-3 / train/loss/orientations 0.21 / train/loss/policy -0.12 / train/loss/rep 8.64 / train/loss/repval 1.21 / train/loss/rew 0.72 / train/loss/value 1.28 / train/loss/velocity 1.35 / replay/replay_ratio 1040 / fps/policy 36.94 / fps/train 3.8e4

Writing metrics: /scratch/midway3/rickybao/dreamerv3_runs/adapt_apt_walk_seed1/metrics.jsonl
Writing metrics: /scratch/midway3/rickybao/dreamerv3_runs/adapt_apt_walk_seed1/scores.jsonl

--------------------[Agent Step 153_216]--------------------
Metrics filtered by: 'score|length|fps|ratio|train/loss/|train/rand/'
train/loss/con 0.02 / train/loss/dyn 8.64 / train/loss/height 2.2e-3 / train/loss/orientations 0.21 / train/loss/policy -0.13 / train/loss/rep 8.64 / train/loss/repval 1.24 / train/loss/rew 0.72 / train/loss/value 1.24 / train/loss/velocity 1.36 / replay/replay_ratio 1040 / fps/policy 37.09 / fps/train 3.8e4

Writing metrics: /scratch/midway3/rickybao/dreamerv3_runs/adapt_apt_walk_seed1/scores.jsonlWriting metrics: /scratch/midway3/rickybao/dreamerv3_runs/adapt_apt_walk_seed1/metrics.jsonl


--------------------[Agent Step 157_664]--------------------
Metrics filtered by: 'score|length|fps|ratio|train/loss/|train/rand/'
train/loss/con 0.02 / train/loss/dyn 8.64 / train/loss/height 2.2e-3 / train/loss/orientations 0.21 / train/loss/policy -0.12 / train/loss/rep 8.64 / train/loss/repval 1.25 / train/loss/rew 0.72 / train/loss/value 1.19 / train/loss/velocity 1.36 / replay/replay_ratio 1040 / fps/policy 37.05 / fps/train 3.8e4

Writing metrics: /scratch/midway3/rickybao/dreamerv3_runs/adapt_apt_walk_seed1/metrics.jsonlWriting metrics: /scratch/midway3/rickybao/dreamerv3_runs/adapt_apt_walk_seed1/scores.jsonl


--------------------[Agent Step 162_112]--------------------
Metrics filtered by: 'score|length|fps|ratio|train/loss/|train/rand/'
episode/score 610.63 / episode/length 1001 / train/loss/con 0.02 / train/loss/dyn 8.65 / train/loss/height 2.2e-3 / train/loss/orientations 0.21 / train/loss/policy -0.12 / train/loss/rep 8.65 / train/loss/repval 1.25 / train/loss/rew 0.72 / train/loss/value 1.13 / train/loss/velocity 1.36 / replay/replay_ratio 1040 / fps/policy 36.98 / fps/train 3.8e4

Writing metrics: /scratch/midway3/rickybao/dreamerv3_runs/adapt_apt_walk_seed1/metrics.jsonl
Writing metrics: /scratch/midway3/rickybao/dreamerv3_runs/adapt_apt_walk_seed1/scores.jsonl

--------------------[Agent Step 166_560]--------------------
Metrics filtered by: 'score|length|fps|ratio|train/loss/|train/rand/'
train/loss/con 0.02 / train/loss/dyn 8.67 / train/loss/height 2.2e-3 / train/loss/orientations 0.22 / train/loss/policy -0.11 / train/loss/rep 8.67 / train/loss/repval 1.24 / train/loss/rew 0.72 / train/loss/value 1.09 / train/loss/velocity 1.37 / replay/replay_ratio 1040 / fps/policy 37 / fps/train 3.8e4

Writing metrics: /scratch/midway3/rickybao/dreamerv3_runs/adapt_apt_walk_seed1/metrics.jsonlWriting metrics: /scratch/midway3/rickybao/dreamerv3_runs/adapt_apt_walk_seed1/scores.jsonl

Saving checkpoint: /scratch/midway3/rickybao/dreamerv3_runs/adapt_apt_walk_seed1/ckpt/20260518T121749F196473
Saved checkpoint.

--------------------[Agent Step 170_976]--------------------
Metrics filtered by: 'score|length|fps|ratio|train/loss/|train/rand/'
train/loss/con 0.02 / train/loss/dyn 8.7 / train/loss/height 2.2e-3 / train/loss/orientations 0.22 / train/loss/policy -0.11 / train/loss/rep 8.7 / train/loss/repval 1.21 / train/loss/rew 0.73 / train/loss/value 1.02 / train/loss/velocity 1.38 / replay/replay_ratio 1040 / fps/policy 36.67 / fps/train 3.8e4

Writing metrics: /scratch/midway3/rickybao/dreamerv3_runs/adapt_apt_walk_seed1/metrics.jsonlWriting metrics: /scratch/midway3/rickybao/dreamerv3_runs/adapt_apt_walk_seed1/scores.jsonl


--------------------[Agent Step 175_424]--------------------
Metrics filtered by: 'score|length|fps|ratio|train/loss/|train/rand/'
train/loss/con 0.02 / train/loss/dyn 8.74 / train/loss/height 2.2e-3 / train/loss/orientations 0.22 / train/loss/policy -0.11 / train/loss/rep 8.74 / train/loss/repval 1.18 / train/loss/rew 0.73 / train/loss/value 0.94 / train/loss/velocity 1.39 / replay/replay_ratio 1040 / fps/policy 37.06 / fps/train 3.8e4

Writing metrics: /scratch/midway3/rickybao/dreamerv3_runs/adapt_apt_walk_seed1/metrics.jsonlWriting metrics: /scratch/midway3/rickybao/dreamerv3_runs/adapt_apt_walk_seed1/scores.jsonl


--------------------[Agent Step 179_872]--------------------
Metrics filtered by: 'score|length|fps|ratio|train/loss/|train/rand/'
episode/score 636.24 / episode/length 1001 / train/loss/con 0.02 / train/loss/dyn 8.77 / train/loss/height 2.3e-3 / train/loss/orientations 0.22 / train/loss/policy -0.1 / train/loss/rep 8.77 / train/loss/repval 1.15 / train/loss/rew 0.73 / train/loss/value 0.88 / train/loss/velocity 1.39 / replay/replay_ratio 1040 / fps/policy 36.97 / fps/train 3.8e4

Writing metrics: /scratch/midway3/rickybao/dreamerv3_runs/adapt_apt_walk_seed1/metrics.jsonl
Writing metrics: /scratch/midway3/rickybao/dreamerv3_runs/adapt_apt_walk_seed1/scores.jsonl

--------------------[Agent Step 184_320]--------------------
Metrics filtered by: 'score|length|fps|ratio|train/loss/|train/rand/'
train/loss/con 0.02 / train/loss/dyn 8.79 / train/loss/height 2.3e-3 / train/loss/orientations 0.22 / train/loss/policy -0.1 / train/loss/rep 8.79 / train/loss/repval 1.12 / train/loss/rew 0.74 / train/loss/value 0.82 / train/loss/velocity 1.4 / replay/replay_ratio 1040 / fps/policy 37.05 / fps/train 3.8e4

Writing metrics: /scratch/midway3/rickybao/dreamerv3_runs/adapt_apt_walk_seed1/scores.jsonlWriting metrics: /scratch/midway3/rickybao/dreamerv3_runs/adapt_apt_walk_seed1/metrics.jsonl


--------------------[Agent Step 188_784]--------------------
Metrics filtered by: 'score|length|fps|ratio|train/loss/|train/rand/'
train/loss/con 0.02 / train/loss/dyn 8.83 / train/loss/height 2.3e-3 / train/loss/orientations 0.23 / train/loss/policy -0.1 / train/loss/rep 8.83 / train/loss/repval 1.09 / train/loss/rew 0.74 / train/loss/value 0.75 / train/loss/velocity 1.41 / replay/replay_ratio 1040 / fps/policy 37.07 / fps/train 3.8e4

Writing metrics: /scratch/midway3/rickybao/dreamerv3_runs/adapt_apt_walk_seed1/scores.jsonlWriting metrics: /scratch/midway3/rickybao/dreamerv3_runs/adapt_apt_walk_seed1/metrics.jsonl


--------------------[Agent Step 193_232]--------------------
Metrics filtered by: 'score|length|fps|ratio|train/loss/|train/rand/'
episode/score 596.73 / episode/length 1001 / train/loss/con 0.02 / train/loss/dyn 8.87 / train/loss/height 2.3e-3 / train/loss/orientations 0.23 / train/loss/policy -0.1 / train/loss/rep 8.87 / train/loss/repval 1.04 / train/loss/rew 0.74 / train/loss/value 0.65 / train/loss/velocity 1.42 / replay/replay_ratio 1040 / fps/policy 37 / fps/train 3.8e4

Writing metrics: /scratch/midway3/rickybao/dreamerv3_runs/adapt_apt_walk_seed1/metrics.jsonlWriting metrics: /scratch/midway3/rickybao/dreamerv3_runs/adapt_apt_walk_seed1/scores.jsonl


--------------------[Agent Step 197_680]--------------------
Metrics filtered by: 'score|length|fps|ratio|train/loss/|train/rand/'
train/loss/con 0.02 / train/loss/dyn 8.89 / train/loss/height 2.3e-3 / train/loss/orientations 0.23 / train/loss/policy -0.1 / train/loss/rep 8.89 / train/loss/repval 1 / train/loss/rew 0.75 / train/loss/value 0.59 / train/loss/velocity 1.42 / replay/replay_ratio 1040 / fps/policy 36.97 / fps/train 3.8e4

Writing metrics: /scratch/midway3/rickybao/dreamerv3_runs/adapt_apt_walk_seed1/metrics.jsonlWriting metrics: /scratch/midway3/rickybao/dreamerv3_runs/adapt_apt_walk_seed1/scores.jsonl

Saving checkpoint: /scratch/midway3/rickybao/dreamerv3_runs/adapt_apt_walk_seed1/ckpt/20260518T123249F264220
Saved checkpoint.

--------------------[Agent Step 202_096]--------------------
Metrics filtered by: 'score|length|fps|ratio|train/loss/|train/rand/'
train/loss/con 0.02 / train/loss/dyn 8.92 / train/loss/height 2.4e-3 / train/loss/orientations 0.23 / train/loss/policy -0.1 / train/loss/rep 8.92 / train/loss/repval 0.97 / train/loss/rew 0.75 / train/loss/value 0.54 / train/loss/velocity 1.43 / replay/replay_ratio 1040 / fps/policy 36.69 / fps/train 3.8e4

Writing metrics: /scratch/midway3/rickybao/dreamerv3_runs/adapt_apt_walk_seed1/metrics.jsonlWriting metrics: /scratch/midway3/rickybao/dreamerv3_runs/adapt_apt_walk_seed1/scores.jsonl


--------------------[Agent Step 206_544]--------------------
Metrics filtered by: 'score|length|fps|ratio|train/loss/|train/rand/'
train/loss/con 0.02 / train/loss/dyn 8.96 / train/loss/height 2.4e-3 / train/loss/orientations 0.23 / train/loss/policy -0.09 / train/loss/rep 8.96 / train/loss/repval 0.95 / train/loss/rew 0.75 / train/loss/value 0.5 / train/loss/velocity 1.44 / replay/replay_ratio 1040 / fps/policy 37.04 / fps/train 3.8e4

Writing metrics: /scratch/midway3/rickybao/dreamerv3_runs/adapt_apt_walk_seed1/metrics.jsonlWriting metrics: /scratch/midway3/rickybao/dreamerv3_runs/adapt_apt_walk_seed1/scores.jsonl


--------------------[Agent Step 210_992]--------------------
Metrics filtered by: 'score|length|fps|ratio|train/loss/|train/rand/'
episode/score 639.09 / episode/length 1001 / train/loss/con 0.02 / train/loss/dyn 8.99 / train/loss/height 2.4e-3 / train/loss/orientations 0.23 / train/loss/policy -0.1 / train/loss/rep 8.99 / train/loss/repval 0.92 / train/loss/rew 0.76 / train/loss/value 0.47 / train/loss/velocity 1.45 / replay/replay_ratio 1040 / fps/policy 36.95 / fps/train 3.8e4

Writing metrics: /scratch/midway3/rickybao/dreamerv3_runs/adapt_apt_walk_seed1/metrics.jsonlWriting metrics: /scratch/midway3/rickybao/dreamerv3_runs/adapt_apt_walk_seed1/scores.jsonl


--------------------[Agent Step 215_440]--------------------
Metrics filtered by: 'score|length|fps|ratio|train/loss/|train/rand/'
train/loss/con 0.02 / train/loss/dyn 9.03 / train/loss/height 2.5e-3 / train/loss/orientations 0.24 / train/loss/policy -0.1 / train/loss/rep 9.03 / train/loss/repval 0.89 / train/loss/rew 0.76 / train/loss/value 0.46 / train/loss/velocity 1.46 / replay/replay_ratio 1040 / fps/policy 36.99 / fps/train 3.8e4

Writing metrics: /scratch/midway3/rickybao/dreamerv3_runs/adapt_apt_walk_seed1/metrics.jsonlWriting metrics: /scratch/midway3/rickybao/dreamerv3_runs/adapt_apt_walk_seed1/scores.jsonl


--------------------[Agent Step 219_888]--------------------
Metrics filtered by: 'score|length|fps|ratio|train/loss/|train/rand/'
train/loss/con 0.02 / train/loss/dyn 9.07 / train/loss/height 2.5e-3 / train/loss/orientations 0.24 / train/loss/policy -0.1 / train/loss/rep 9.07 / train/loss/repval 0.84 / train/loss/rew 0.76 / train/loss/value 0.47 / train/loss/velocity 1.47 / replay/replay_ratio 1040 / fps/policy 36.95 / fps/train 3.8e4

Writing metrics: /scratch/midway3/rickybao/dreamerv3_runs/adapt_apt_walk_seed1/metrics.jsonlWriting metrics: /scratch/midway3/rickybao/dreamerv3_runs/adapt_apt_walk_seed1/scores.jsonl


--------------------[Agent Step 224_336]--------------------
Metrics filtered by: 'score|length|fps|ratio|train/loss/|train/rand/'
episode/score 668.03 / episode/length 1001 / train/loss/con 0.02 / train/loss/dyn 9.08 / train/loss/height 2.5e-3 / train/loss/orientations 0.24 / train/loss/policy -0.09 / train/loss/rep 9.08 / train/loss/repval 0.8 / train/loss/rew 0.76 / train/loss/value 0.52 / train/loss/velocity 1.48 / replay/replay_ratio 1040 / fps/policy 36.98 / fps/train 3.8e4

Writing metrics: /scratch/midway3/rickybao/dreamerv3_runs/adapt_apt_walk_seed1/scores.jsonlWriting metrics: /scratch/midway3/rickybao/dreamerv3_runs/adapt_apt_walk_seed1/metrics.jsonl


--------------------[Agent Step 228_768]--------------------
Metrics filtered by: 'score|length|fps|ratio|train/loss/|train/rand/'
train/loss/con 0.02 / train/loss/dyn 9.11 / train/loss/height 2.5e-3 / train/loss/orientations 0.24 / train/loss/policy -0.09 / train/loss/rep 9.11 / train/loss/repval 0.8 / train/loss/rew 0.76 / train/loss/value 0.57 / train/loss/velocity 1.49 / replay/replay_ratio 1040 / fps/policy 36.92 / fps/train 3.8e4

Writing metrics: /scratch/midway3/rickybao/dreamerv3_runs/adapt_apt_walk_seed1/scores.jsonlWriting metrics: /scratch/midway3/rickybao/dreamerv3_runs/adapt_apt_walk_seed1/metrics.jsonl


--------------------[Agent Step 233_216]--------------------
Metrics filtered by: 'score|length|fps|ratio|train/loss/|train/rand/'
train/loss/con 0.02 / train/loss/dyn 9.14 / train/loss/height 2.5e-3 / train/loss/orientations 0.24 / train/loss/policy -0.1 / train/loss/rep 9.14 / train/loss/repval 0.81 / train/loss/rew 0.76 / train/loss/value 0.63 / train/loss/velocity 1.5 / replay/replay_ratio 1040 / fps/policy 37.03 / fps/train 3.8e4

Writing metrics: /scratch/midway3/rickybao/dreamerv3_runs/adapt_apt_walk_seed1/scores.jsonlWriting metrics: /scratch/midway3/rickybao/dreamerv3_runs/adapt_apt_walk_seed1/metrics.jsonl

Saving checkpoint: /scratch/midway3/rickybao/dreamerv3_runs/adapt_apt_walk_seed1/ckpt/20260518T124749F473363
Saved checkpoint.

--------------------[Agent Step 237_616]--------------------
Metrics filtered by: 'score|length|fps|ratio|train/loss/|train/rand/'
train/loss/con 0.02 / train/loss/dyn 9.15 / train/loss/height 2.6e-3 / train/loss/orientations 0.24 / train/loss/policy -0.09 / train/loss/rep 9.15 / train/loss/repval 0.82 / train/loss/rew 0.76 / train/loss/value 0.7 / train/loss/velocity 1.5 / replay/replay_ratio 1040 / fps/policy 36.63 / fps/train 3.8e4

Writing metrics: /scratch/midway3/rickybao/dreamerv3_runs/adapt_apt_walk_seed1/metrics.jsonlWriting metrics: /scratch/midway3/rickybao/dreamerv3_runs/adapt_apt_walk_seed1/scores.jsonl


--------------------[Agent Step 242_064]--------------------
Metrics filtered by: 'score|length|fps|ratio|train/loss/|train/rand/'
episode/score 703.93 / episode/length 1001 / train/loss/con 0.02 / train/loss/dyn 9.16 / train/loss/height 2.6e-3 / train/loss/orientations 0.24 / train/loss/policy -0.09 / train/loss/rep 9.16 / train/loss/repval 0.83 / train/loss/rew 0.76 / train/loss/value 0.74 / train/loss/velocity 1.51 / replay/replay_ratio 1040 / fps/policy 37.04 / fps/train 3.8e4

Writing metrics: /scratch/midway3/rickybao/dreamerv3_runs/adapt_apt_walk_seed1/metrics.jsonlWriting metrics: /scratch/midway3/rickybao/dreamerv3_runs/adapt_apt_walk_seed1/scores.jsonl


--------------------[Agent Step 246_528]--------------------
Metrics filtered by: 'score|length|fps|ratio|train/loss/|train/rand/'
train/loss/con 0.02 / train/loss/dyn 9.17 / train/loss/height 2.6e-3 / train/loss/orientations 0.24 / train/loss/policy -0.09 / train/loss/rep 9.17 / train/loss/repval 0.84 / train/loss/rew 0.76 / train/loss/value 0.78 / train/loss/velocity 1.52 / replay/replay_ratio 1040 / fps/policy 37.1 / fps/train 3.8e4

Writing metrics: /scratch/midway3/rickybao/dreamerv3_runs/adapt_apt_walk_seed1/metrics.jsonlWriting metrics: /scratch/midway3/rickybao/dreamerv3_runs/adapt_apt_walk_seed1/scores.jsonl

Adaptation finished | End time: Mon May 18 12:54:33 CDT 2026
Logdir: /scratch/midway3/rickybao/dreamerv3_runs/adapt_apt_walk_seed1
