==============================
Slurm job started | Job ID: 49737909 | Node: midway3-0277.rcc.local
Start time: Mon May 18 02:18:18 CDT 2026
Frozen-readout adaptation | Cond: p2e | Task: run | Seed: 1
==============================
PYTHON=/scratch/midway3/rickybao/conda_envs/dreamerv3/bin/python
LOGDIR=/scratch/midway3/rickybao/dreamerv3_runs/adapt_p2e_run_seed1
Pretrained world model: /scratch/midway3/rickybao/dreamerv3_runs/pretrain_p2e_seed1/ckpt/20260517T013918F712863
GPU check:
Mon May 18 02:18:19 2026       
+---------------------------------------------------------------------------------------+
| NVIDIA-SMI 535.216.03             Driver Version: 535.216.03   CUDA Version: 12.2     |
|-----------------------------------------+----------------------+----------------------+
| GPU  Name                 Persistence-M | Bus-Id        Disp.A | Volatile Uncorr. ECC |
| Fan  Temp   Perf          Pwr:Usage/Cap |         Memory-Usage | GPU-Util  Compute M. |
|                                         |                      |               MIG M. |
|=========================================+======================+======================|
|   0  Tesla V100-PCIE-16GB           On  | 00000000:86:00.0 Off |                  Off |
| N/A   40C    P0              30W / 250W |      0MiB / 16384MiB |      0%      Default |
|                                         |                      |                  N/A |
+-----------------------------------------+----------------------+----------------------+
                                                                                         
+---------------------------------------------------------------------------------------+
| Processes:                                                                            |
|  GPU   GI   CI        PID   Type   Process name                            GPU Memory |
|        ID   ID                                                             Usage      |
|=======================================================================================|
|  No running processes found                                                           |
+---------------------------------------------------------------------------------------+
Starting frozen-readout adaptation
---  ___                           __   ______ ---
--- |   \ _ _ ___ __ _ _ __  ___ _ \ \ / /__ / ---
--- | |) | '_/ -_) _` | '  \/ -_) '/\ V / |_ \ ---
--- |___/|_| \___\__,_|_|_|_\___|_|  \_/ |___/ ---
Replica: 0 / 1
Logdir: /scratch/midway3/rickybao/dreamerv3_runs/adapt_p2e_run_seed1
Run script: train
Observations
  reward           Space(float32, shape=(), low=-inf, high=inf)
  is_first         Space(bool, shape=(), low=False, high=True)
  is_last          Space(bool, shape=(), low=False, high=True)
  is_terminal      Space(bool, shape=(), low=False, high=True)
  orientations     Space(float32, shape=(14,), low=-inf, high=inf)
  height           Space(float32, shape=(), low=-inf, high=inf)
  velocity         Space(float32, shape=(9,), low=-inf, high=inf)
Actions
  action           Space(float32, shape=(6,), low=-1.0, high=1.0)
Extras
  consec           Space(int32, shape=(), low=-2147483648, high=2147483647)
  stepid           Space(uint8, shape=(20,), low=0, high=255)
  dyn/deter        Space(float32, shape=(512,), low=-inf, high=inf)
  dyn/stoch        Space(float32, shape=(32, 4), low=-inf, high=inf)
JAX devices (1): [cuda:0]
Policy devices: cuda:0
Train devices:  cuda:0
Initializing parameters...
Optimizer opt has 215,243 params:
        66,111 val
        57,663 rew
        50,316 pol
        41,153 con
Done initializing!
Compiling 1 checkpoint groups...
Largest checkpoint group: 0 GB
Compiling train and report...
Train cost analysis:
  FLOPS:            7.2e+09
  Memory (temp):    2.0e+08
  Memory (inputs):  7.4e+06
  Memory (outputs): 5.9e+06
  Memory (code):    1.5e+06

Report cost analysis:
  FLOPS:            1.9e+06
  Memory (temp):    9.3e+05
  Memory (inputs):  2.8e+06
  Memory (outputs): 2.1e+04
  Memory (code):    9.7e+04

Done compiling!
Loaded pretrained checkpoint with keys: ['dec/mlp/linear0/bias', 'dec/mlp/linear0/kernel', 'dec/mlp/linear1/bias', 'dec/mlp/linear1/kernel', 'dec/mlp/linear2/bias', 'dec/mlp/linear2/kernel', 'dec/mlp/norm0/scale', 'dec/mlp/norm1/scale', 'dec/mlp/norm2/scale', 'dec/vec/height/pred/bias', 'dec/vec/height/pred/kernel', 'dec/vec/orientations/pred/bias', 'dec/vec/orientations/pred/kernel', 'dec/vec/velocity/pred/bias', 'dec/vec/velocity/pred/kernel', 'dyn/dyngru/bias', 'dyn/dyngru/kernel', 'dyn/dynhid0/bias', 'dyn/dynhid0/kernel', 'dyn/dynhid0norm/scale', 'dyn/dynin0/bias', 'dyn/dynin0/kernel', 'dyn/dynin0norm/scale', 'dyn/dynin1/bias', 'dyn/dynin1/kernel', 'dyn/dynin1norm/scale', 'dyn/dynin2/bias', 'dyn/dynin2/kernel', 'dyn/dynin2norm/scale', 'dyn/obs0/bias', 'dyn/obs0/kernel', 'dyn/obs0norm/scale', 'dyn/obslogit/bias', 'dyn/obslogit/kernel', 'dyn/prior0/bias', 'dyn/prior0/kernel', 'dyn/prior0norm/scale', 'dyn/prior1/bias', 'dyn/prior1/kernel', 'dyn/prior1norm/scale', 'dyn/priorlogit/bias', 'dyn/priorlogit/kernel', 'enc/mlp0/bias', 'enc/mlp0/kernel', 'enc/mlp0norm/scale', 'enc/mlp1/bias', 'enc/mlp1/kernel', 'enc/mlp1norm/scale', 'enc/mlp2/bias', 'enc/mlp2/kernel', 'enc/mlp2norm/scale']
Did not find any checkpoint.
Saving checkpoint: /scratch/midway3/rickybao/dreamerv3_runs/adapt_p2e_run_seed1/ckpt/20260518T021849F511225
Saved checkpoint.
Start training loop

--------------------[Agent Step 6_208]--------------------
Metrics filtered by: 'score|length|fps|ratio|train/loss/|train/rand/'
train/loss/con 0.07 / train/loss/dyn 8.38 / train/loss/height 6.7e-4 / train/loss/orientations 0.07 / train/loss/policy 0.73 / train/loss/rep 8.38 / train/loss/repval 4.7 / train/loss/rew 1.45 / train/loss/value 2.13 / train/loss/velocity 0.94 / replay/replay_ratio 834.97 / fps/policy 50.02 / fps/train 3.4e4

Writing metrics: /scratch/midway3/rickybao/dreamerv3_runs/adapt_p2e_run_seed1/metrics.jsonl
Writing metrics: /scratch/midway3/rickybao/dreamerv3_runs/adapt_p2e_run_seed1/scores.jsonl

--------------------[Agent Step 10_640]--------------------
Metrics filtered by: 'score|length|fps|ratio|train/loss/|train/rand/'
train/loss/con 0.02 / train/loss/dyn 8.28 / train/loss/height 6.2e-4 / train/loss/orientations 0.06 / train/loss/policy 1.28 / train/loss/rep 8.28 / train/loss/repval 2.22 / train/loss/rew 0.4 / train/loss/value 1.33 / train/loss/velocity 0.93 / replay/replay_ratio 1040 / fps/policy 36.8 / fps/train 3.8e4

Writing metrics: /scratch/midway3/rickybao/dreamerv3_runs/adapt_p2e_run_seed1/metrics.jsonlWriting metrics: /scratch/midway3/rickybao/dreamerv3_runs/adapt_p2e_run_seed1/scores.jsonl


--------------------[Agent Step 15_056]--------------------
Metrics filtered by: 'score|length|fps|ratio|train/loss/|train/rand/'
train/loss/con 0.02 / train/loss/dyn 8.48 / train/loss/height 6.5e-4 / train/loss/orientations 0.07 / train/loss/policy 0.91 / train/loss/rep 8.48 / train/loss/repval 1.3 / train/loss/rew 0.44 / train/loss/value 1 / train/loss/velocity 0.97 / replay/replay_ratio 1040 / fps/policy 36.79 / fps/train 3.8e4

Writing metrics: /scratch/midway3/rickybao/dreamerv3_runs/adapt_p2e_run_seed1/metrics.jsonlWriting metrics: /scratch/midway3/rickybao/dreamerv3_runs/adapt_p2e_run_seed1/scores.jsonl


--------------------[Agent Step 19_472]--------------------
Metrics filtered by: 'score|length|fps|ratio|train/loss/|train/rand/'
episode/score 35.74 / episode/length 1001 / train/loss/con 0.02 / train/loss/dyn 8.69 / train/loss/height 7.6e-4 / train/loss/orientations 0.07 / train/loss/policy 0.77 / train/loss/rep 8.69 / train/loss/repval 1.1 / train/loss/rew 0.47 / train/loss/value 0.93 / train/loss/velocity 1.01 / replay/replay_ratio 1040 / fps/policy 36.76 / fps/train 3.8e4

Writing metrics: /scratch/midway3/rickybao/dreamerv3_runs/adapt_p2e_run_seed1/metrics.jsonlWriting metrics: /scratch/midway3/rickybao/dreamerv3_runs/adapt_p2e_run_seed1/scores.jsonl


--------------------[Agent Step 23_888]--------------------
Metrics filtered by: 'score|length|fps|ratio|train/loss/|train/rand/'
train/loss/con 0.02 / train/loss/dyn 8.83 / train/loss/height 8.2e-4 / train/loss/orientations 0.08 / train/loss/policy 0.19 / train/loss/rep 8.83 / train/loss/repval 1.13 / train/loss/rew 0.5 / train/loss/value 1.02 / train/loss/velocity 1.05 / replay/replay_ratio 1040 / fps/policy 36.79 / fps/train 3.8e4

Writing metrics: /scratch/midway3/rickybao/dreamerv3_runs/adapt_p2e_run_seed1/metrics.jsonlWriting metrics: /scratch/midway3/rickybao/dreamerv3_runs/adapt_p2e_run_seed1/scores.jsonl


--------------------[Agent Step 28_304]--------------------
Metrics filtered by: 'score|length|fps|ratio|train/loss/|train/rand/'
train/loss/con 0.02 / train/loss/dyn 8.9 / train/loss/height 8.5e-4 / train/loss/orientations 0.08 / train/loss/policy 0.09 / train/loss/rep 8.9 / train/loss/repval 1.15 / train/loss/rew 0.51 / train/loss/value 1.04 / train/loss/velocity 1.07 / replay/replay_ratio 1040 / fps/policy 36.79 / fps/train 3.8e4

Writing metrics: /scratch/midway3/rickybao/dreamerv3_runs/adapt_p2e_run_seed1/metrics.jsonlWriting metrics: /scratch/midway3/rickybao/dreamerv3_runs/adapt_p2e_run_seed1/scores.jsonl


--------------------[Agent Step 32_720]--------------------
Metrics filtered by: 'score|length|fps|ratio|train/loss/|train/rand/'
episode/score 62.26 / episode/length 1001 / train/loss/con 0.02 / train/loss/dyn 8.75 / train/loss/height 9e-4 / train/loss/orientations 0.09 / train/loss/policy 0.04 / train/loss/rep 8.75 / train/loss/repval 1.14 / train/loss/rew 0.52 / train/loss/value 0.93 / train/loss/velocity 1.07 / replay/replay_ratio 1040 / fps/policy 36.78 / fps/train 3.8e4

Writing metrics: /scratch/midway3/rickybao/dreamerv3_runs/adapt_p2e_run_seed1/metrics.jsonlWriting metrics: /scratch/midway3/rickybao/dreamerv3_runs/adapt_p2e_run_seed1/scores.jsonl

Saving checkpoint: /scratch/midway3/rickybao/dreamerv3_runs/adapt_p2e_run_seed1/ckpt/20260518T023351F882743
Saved checkpoint.

--------------------[Agent Step 37_072]--------------------
Metrics filtered by: 'score|length|fps|ratio|train/loss/|train/rand/'
train/loss/con 0.02 / train/loss/dyn 8.73 / train/loss/height 1e-3 / train/loss/orientations 0.1 / train/loss/policy -0.02 / train/loss/rep 8.73 / train/loss/repval 1.07 / train/loss/rew 0.53 / train/loss/value 0.98 / train/loss/velocity 1.08 / replay/replay_ratio 1040 / fps/policy 36.25 / fps/train 3.7e4

Writing metrics: /scratch/midway3/rickybao/dreamerv3_runs/adapt_p2e_run_seed1/scores.jsonlWriting metrics: /scratch/midway3/rickybao/dreamerv3_runs/adapt_p2e_run_seed1/metrics.jsonl


--------------------[Agent Step 41_504]--------------------
Metrics filtered by: 'score|length|fps|ratio|train/loss/|train/rand/'
train/loss/con 0.02 / train/loss/dyn 8.82 / train/loss/height 1.2e-3 / train/loss/orientations 0.1 / train/loss/policy -0.03 / train/loss/rep 8.82 / train/loss/repval 1.13 / train/loss/rew 0.53 / train/loss/value 0.99 / train/loss/velocity 1.1 / replay/replay_ratio 1040 / fps/policy 36.84 / fps/train 3.8e4

Writing metrics: /scratch/midway3/rickybao/dreamerv3_runs/adapt_p2e_run_seed1/metrics.jsonlWriting metrics: /scratch/midway3/rickybao/dreamerv3_runs/adapt_p2e_run_seed1/scores.jsonl


--------------------[Agent Step 45_936]--------------------
Metrics filtered by: 'score|length|fps|ratio|train/loss/|train/rand/'
train/loss/con 0.02 / train/loss/dyn 8.93 / train/loss/height 1.3e-3 / train/loss/orientations 0.11 / train/loss/policy -0.03 / train/loss/rep 8.93 / train/loss/repval 1.09 / train/loss/rew 0.53 / train/loss/value 1.01 / train/loss/velocity 1.13 / replay/replay_ratio 1040 / fps/policy 36.82 / fps/train 3.8e4

Writing metrics: /scratch/midway3/rickybao/dreamerv3_runs/adapt_p2e_run_seed1/metrics.jsonlWriting metrics: /scratch/midway3/rickybao/dreamerv3_runs/adapt_p2e_run_seed1/scores.jsonl


--------------------[Agent Step 50_352]--------------------
Metrics filtered by: 'score|length|fps|ratio|train/loss/|train/rand/'
episode/score 159.9 / episode/length 1001 / train/loss/con 0.02 / train/loss/dyn 9.01 / train/loss/height 1.3e-3 / train/loss/orientations 0.11 / train/loss/policy -0.03 / train/loss/rep 9.01 / train/loss/repval 1.04 / train/loss/rew 0.53 / train/loss/value 1.08 / train/loss/velocity 1.15 / replay/replay_ratio 1040 / fps/policy 36.76 / fps/train 3.8e4

Writing metrics: /scratch/midway3/rickybao/dreamerv3_runs/adapt_p2e_run_seed1/metrics.jsonl
Writing metrics: /scratch/midway3/rickybao/dreamerv3_runs/adapt_p2e_run_seed1/scores.jsonl

--------------------[Agent Step 54_784]--------------------
Metrics filtered by: 'score|length|fps|ratio|train/loss/|train/rand/'
train/loss/con 0.02 / train/loss/dyn 9.03 / train/loss/height 1.4e-3 / train/loss/orientations 0.12 / train/loss/policy -0.05 / train/loss/rep 9.03 / train/loss/repval 1.03 / train/loss/rew 0.53 / train/loss/value 0.78 / train/loss/velocity 1.17 / replay/replay_ratio 1040 / fps/policy 36.81 / fps/train 3.8e4

Writing metrics: /scratch/midway3/rickybao/dreamerv3_runs/adapt_p2e_run_seed1/metrics.jsonl
Writing metrics: /scratch/midway3/rickybao/dreamerv3_runs/adapt_p2e_run_seed1/scores.jsonl

--------------------[Agent Step 59_200]--------------------
Metrics filtered by: 'score|length|fps|ratio|train/loss/|train/rand/'
train/loss/con 0.02 / train/loss/dyn 9.03 / train/loss/height 1.4e-3 / train/loss/orientations 0.12 / train/loss/policy -0.06 / train/loss/rep 9.03 / train/loss/repval 0.94 / train/loss/rew 0.53 / train/loss/value 1.05 / train/loss/velocity 1.17 / replay/replay_ratio 1040 / fps/policy 36.79 / fps/train 3.8e4

Writing metrics: /scratch/midway3/rickybao/dreamerv3_runs/adapt_p2e_run_seed1/metrics.jsonlWriting metrics: /scratch/midway3/rickybao/dreamerv3_runs/adapt_p2e_run_seed1/scores.jsonl


--------------------[Agent Step 63_616]--------------------
Metrics filtered by: 'score|length|fps|ratio|train/loss/|train/rand/'
train/loss/con 0.02 / train/loss/dyn 9.06 / train/loss/height 1.4e-3 / train/loss/orientations 0.12 / train/loss/policy -0.06 / train/loss/rep 9.06 / train/loss/repval 1.1 / train/loss/rew 0.53 / train/loss/value 1.24 / train/loss/velocity 1.19 / replay/replay_ratio 1040 / fps/policy 36.78 / fps/train 3.8e4

Writing metrics: /scratch/midway3/rickybao/dreamerv3_runs/adapt_p2e_run_seed1/metrics.jsonlWriting metrics: /scratch/midway3/rickybao/dreamerv3_runs/adapt_p2e_run_seed1/scores.jsonl

Saving checkpoint: /scratch/midway3/rickybao/dreamerv3_runs/adapt_p2e_run_seed1/ckpt/20260518T024852F184524
Saved checkpoint.

--------------------[Agent Step 68_000]--------------------
Metrics filtered by: 'score|length|fps|ratio|train/loss/|train/rand/'
episode/score 157.42 / episode/length 1001 / train/loss/con 0.02 / train/loss/dyn 9.06 / train/loss/height 1.4e-3 / train/loss/orientations 0.12 / train/loss/policy -0.05 / train/loss/rep 9.06 / train/loss/repval 1.18 / train/loss/rew 0.53 / train/loss/value 1.15 / train/loss/velocity 1.2 / replay/replay_ratio 1040 / fps/policy 36.35 / fps/train 3.7e4

Writing metrics: /scratch/midway3/rickybao/dreamerv3_runs/adapt_p2e_run_seed1/metrics.jsonlWriting metrics: /scratch/midway3/rickybao/dreamerv3_runs/adapt_p2e_run_seed1/scores.jsonl


--------------------[Agent Step 72_448]--------------------
Metrics filtered by: 'score|length|fps|ratio|train/loss/|train/rand/'
train/loss/con 0.02 / train/loss/dyn 9.08 / train/loss/height 1.4e-3 / train/loss/orientations 0.13 / train/loss/policy -0.06 / train/loss/rep 9.08 / train/loss/repval 1.15 / train/loss/rew 0.53 / train/loss/value 0.98 / train/loss/velocity 1.21 / replay/replay_ratio 1040 / fps/policy 36.96 / fps/train 3.8e4

Writing metrics: /scratch/midway3/rickybao/dreamerv3_runs/adapt_p2e_run_seed1/scores.jsonlWriting metrics: /scratch/midway3/rickybao/dreamerv3_runs/adapt_p2e_run_seed1/metrics.jsonl


--------------------[Agent Step 76_896]--------------------
Metrics filtered by: 'score|length|fps|ratio|train/loss/|train/rand/'
train/loss/con 0.02 / train/loss/dyn 9.09 / train/loss/height 1.4e-3 / train/loss/orientations 0.13 / train/loss/policy -0.07 / train/loss/rep 9.09 / train/loss/repval 0.9 / train/loss/rew 0.53 / train/loss/value 0.7 / train/loss/velocity 1.22 / replay/replay_ratio 1040 / fps/policy 36.96 / fps/train 3.8e4

Writing metrics: /scratch/midway3/rickybao/dreamerv3_runs/adapt_p2e_run_seed1/metrics.jsonlWriting metrics: /scratch/midway3/rickybao/dreamerv3_runs/adapt_p2e_run_seed1/scores.jsonl


--------------------[Agent Step 81_328]--------------------
Metrics filtered by: 'score|length|fps|ratio|train/loss/|train/rand/'
episode/score 196.8 / episode/length 1001 / train/loss/con 0.02 / train/loss/dyn 9.12 / train/loss/height 1.4e-3 / train/loss/orientations 0.13 / train/loss/policy -0.07 / train/loss/rep 9.12 / train/loss/repval 0.91 / train/loss/rew 0.53 / train/loss/value 0.86 / train/loss/velocity 1.23 / replay/replay_ratio 1040 / fps/policy 36.88 / fps/train 3.8e4

Writing metrics: /scratch/midway3/rickybao/dreamerv3_runs/adapt_p2e_run_seed1/scores.jsonlWriting metrics: /scratch/midway3/rickybao/dreamerv3_runs/adapt_p2e_run_seed1/metrics.jsonl


--------------------[Agent Step 85_776]--------------------
Metrics filtered by: 'score|length|fps|ratio|train/loss/|train/rand/'
train/loss/con 0.02 / train/loss/dyn 9.16 / train/loss/height 1.5e-3 / train/loss/orientations 0.13 / train/loss/policy -0.06 / train/loss/rep 9.16 / train/loss/repval 1.05 / train/loss/rew 0.53 / train/loss/value 1.12 / train/loss/velocity 1.23 / replay/replay_ratio 1040 / fps/policy 36.94 / fps/train 3.8e4

Writing metrics: /scratch/midway3/rickybao/dreamerv3_runs/adapt_p2e_run_seed1/metrics.jsonlWriting metrics: /scratch/midway3/rickybao/dreamerv3_runs/adapt_p2e_run_seed1/scores.jsonl


--------------------[Agent Step 90_224]--------------------
Metrics filtered by: 'score|length|fps|ratio|train/loss/|train/rand/'
train/loss/con 0.02 / train/loss/dyn 9.2 / train/loss/height 1.5e-3 / train/loss/orientations 0.13 / train/loss/policy -0.06 / train/loss/rep 9.2 / train/loss/repval 1.13 / train/loss/rew 0.53 / train/loss/value 1.25 / train/loss/velocity 1.24 / replay/replay_ratio 1040 / fps/policy 36.95 / fps/train 3.8e4

Writing metrics: /scratch/midway3/rickybao/dreamerv3_runs/adapt_p2e_run_seed1/metrics.jsonlWriting metrics: /scratch/midway3/rickybao/dreamerv3_runs/adapt_p2e_run_seed1/scores.jsonl


--------------------[Agent Step 94_672]--------------------
Metrics filtered by: 'score|length|fps|ratio|train/loss/|train/rand/'
train/loss/con 0.02 / train/loss/dyn 9.23 / train/loss/height 1.6e-3 / train/loss/orientations 0.13 / train/loss/policy -0.06 / train/loss/rep 9.23 / train/loss/repval 1.21 / train/loss/rew 0.53 / train/loss/value 1.18 / train/loss/velocity 1.25 / replay/replay_ratio 1040 / fps/policy 36.94 / fps/train 3.8e4

Writing metrics: /scratch/midway3/rickybao/dreamerv3_runs/adapt_p2e_run_seed1/metrics.jsonlWriting metrics: /scratch/midway3/rickybao/dreamerv3_runs/adapt_p2e_run_seed1/scores.jsonl


--------------------[Agent Step 99_104]--------------------
Metrics filtered by: 'score|length|fps|ratio|train/loss/|train/rand/'
episode/score 179.92 / episode/length 1001 / train/loss/con 0.02 / train/loss/dyn 9.24 / train/loss/height 1.6e-3 / train/loss/orientations 0.14 / train/loss/policy -0.06 / train/loss/rep 9.24 / train/loss/repval 1.22 / train/loss/rew 0.53 / train/loss/value 1.12 / train/loss/velocity 1.26 / replay/replay_ratio 1040 / fps/policy 36.88 / fps/train 3.8e4

Writing metrics: /scratch/midway3/rickybao/dreamerv3_runs/adapt_p2e_run_seed1/metrics.jsonlWriting metrics: /scratch/midway3/rickybao/dreamerv3_runs/adapt_p2e_run_seed1/scores.jsonl

Saving checkpoint: /scratch/midway3/rickybao/dreamerv3_runs/adapt_p2e_run_seed1/ckpt/20260518T030352F590570
Saved checkpoint.

--------------------[Agent Step 103_488]--------------------
Metrics filtered by: 'score|length|fps|ratio|train/loss/|train/rand/'
train/loss/con 0.02 / train/loss/dyn 9.28 / train/loss/height 1.6e-3 / train/loss/orientations 0.14 / train/loss/policy -0.06 / train/loss/rep 9.28 / train/loss/repval 1.21 / train/loss/rew 0.53 / train/loss/value 1.1 / train/loss/velocity 1.26 / replay/replay_ratio 1040 / fps/policy 36.47 / fps/train 3.7e4

Writing metrics: /scratch/midway3/rickybao/dreamerv3_runs/adapt_p2e_run_seed1/metrics.jsonlWriting metrics: /scratch/midway3/rickybao/dreamerv3_runs/adapt_p2e_run_seed1/scores.jsonl


--------------------[Agent Step 107_936]--------------------
Metrics filtered by: 'score|length|fps|ratio|train/loss/|train/rand/'
train/loss/con 0.02 / train/loss/dyn 9.3 / train/loss/height 1.7e-3 / train/loss/orientations 0.14 / train/loss/policy -0.06 / train/loss/rep 9.3 / train/loss/repval 1.22 / train/loss/rew 0.52 / train/loss/value 1.12 / train/loss/velocity 1.27 / replay/replay_ratio 1040 / fps/policy 36.94 / fps/train 3.8e4

Writing metrics: /scratch/midway3/rickybao/dreamerv3_runs/adapt_p2e_run_seed1/metrics.jsonlWriting metrics: /scratch/midway3/rickybao/dreamerv3_runs/adapt_p2e_run_seed1/scores.jsonl


--------------------[Agent Step 112_368]--------------------
Metrics filtered by: 'score|length|fps|ratio|train/loss/|train/rand/'
episode/score 188.67 / episode/length 1001 / train/loss/con 0.02 / train/loss/dyn 9.31 / train/loss/height 1.7e-3 / train/loss/orientations 0.14 / train/loss/policy -0.06 / train/loss/rep 9.31 / train/loss/repval 1.23 / train/loss/rew 0.52 / train/loss/value 1.13 / train/loss/velocity 1.27 / replay/replay_ratio 1040 / fps/policy 36.92 / fps/train 3.8e4

Writing metrics: /scratch/midway3/rickybao/dreamerv3_runs/adapt_p2e_run_seed1/metrics.jsonlWriting metrics: /scratch/midway3/rickybao/dreamerv3_runs/adapt_p2e_run_seed1/scores.jsonl


--------------------[Agent Step 116_800]--------------------
Metrics filtered by: 'score|length|fps|ratio|train/loss/|train/rand/'
train/loss/con 0.02 / train/loss/dyn 9.33 / train/loss/height 1.7e-3 / train/loss/orientations 0.14 / train/loss/policy -0.06 / train/loss/rep 9.33 / train/loss/repval 1.23 / train/loss/rew 0.52 / train/loss/value 1.15 / train/loss/velocity 1.28 / replay/replay_ratio 1040 / fps/policy 36.93 / fps/train 3.8e4

Writing metrics: /scratch/midway3/rickybao/dreamerv3_runs/adapt_p2e_run_seed1/metrics.jsonlWriting metrics: /scratch/midway3/rickybao/dreamerv3_runs/adapt_p2e_run_seed1/scores.jsonl


--------------------[Agent Step 121_232]--------------------
Metrics filtered by: 'score|length|fps|ratio|train/loss/|train/rand/'
train/loss/con 0.02 / train/loss/dyn 9.35 / train/loss/height 1.8e-3 / train/loss/orientations 0.15 / train/loss/policy -0.06 / train/loss/rep 9.35 / train/loss/repval 1.24 / train/loss/rew 0.52 / train/loss/value 1.16 / train/loss/velocity 1.28 / replay/replay_ratio 1040 / fps/policy 36.9 / fps/train 3.8e4

Writing metrics: /scratch/midway3/rickybao/dreamerv3_runs/adapt_p2e_run_seed1/metrics.jsonlWriting metrics: /scratch/midway3/rickybao/dreamerv3_runs/adapt_p2e_run_seed1/scores.jsonl


--------------------[Agent Step 125_664]--------------------
Metrics filtered by: 'score|length|fps|ratio|train/loss/|train/rand/'
train/loss/con 0.02 / train/loss/dyn 9.37 / train/loss/height 1.8e-3 / train/loss/orientations 0.15 / train/loss/policy -0.06 / train/loss/rep 9.37 / train/loss/repval 1.22 / train/loss/rew 0.52 / train/loss/value 1.08 / train/loss/velocity 1.29 / replay/replay_ratio 1040 / fps/policy 36.93 / fps/train 3.8e4

Writing metrics: /scratch/midway3/rickybao/dreamerv3_runs/adapt_p2e_run_seed1/metrics.jsonlWriting metrics: /scratch/midway3/rickybao/dreamerv3_runs/adapt_p2e_run_seed1/scores.jsonl


--------------------[Agent Step 130_096]--------------------
Metrics filtered by: 'score|length|fps|ratio|train/loss/|train/rand/'
episode/score 199.49 / episode/length 1001 / train/loss/con 0.02 / train/loss/dyn 9.37 / train/loss/height 1.8e-3 / train/loss/orientations 0.15 / train/loss/policy -0.06 / train/loss/rep 9.37 / train/loss/repval 1.18 / train/loss/rew 0.52 / train/loss/value 0.99 / train/loss/velocity 1.29 / replay/replay_ratio 1040 / fps/policy 36.88 / fps/train 3.8e4

Writing metrics: /scratch/midway3/rickybao/dreamerv3_runs/adapt_p2e_run_seed1/metrics.jsonlWriting metrics: /scratch/midway3/rickybao/dreamerv3_runs/adapt_p2e_run_seed1/scores.jsonl

Saving checkpoint: /scratch/midway3/rickybao/dreamerv3_runs/adapt_p2e_run_seed1/ckpt/20260518T031852F987173
Saved checkpoint.

--------------------[Agent Step 134_496]--------------------
Metrics filtered by: 'score|length|fps|ratio|train/loss/|train/rand/'
train/loss/con 0.02 / train/loss/dyn 9.4 / train/loss/height 1.9e-3 / train/loss/orientations 0.15 / train/loss/policy -0.06 / train/loss/rep 9.4 / train/loss/repval 1.16 / train/loss/rew 0.52 / train/loss/value 0.92 / train/loss/velocity 1.3 / replay/replay_ratio 1040 / fps/policy 36.54 / fps/train 3.7e4

Writing metrics: /scratch/midway3/rickybao/dreamerv3_runs/adapt_p2e_run_seed1/metrics.jsonlWriting metrics: /scratch/midway3/rickybao/dreamerv3_runs/adapt_p2e_run_seed1/scores.jsonl


--------------------[Agent Step 138_944]--------------------
Metrics filtered by: 'score|length|fps|ratio|train/loss/|train/rand/'
train/loss/con 0.02 / train/loss/dyn 9.41 / train/loss/height 1.9e-3 / train/loss/orientations 0.15 / train/loss/policy -0.05 / train/loss/rep 9.41 / train/loss/repval 1.13 / train/loss/rew 0.52 / train/loss/value 0.88 / train/loss/velocity 1.31 / replay/replay_ratio 1040 / fps/policy 36.94 / fps/train 3.8e4

Writing metrics: /scratch/midway3/rickybao/dreamerv3_runs/adapt_p2e_run_seed1/metrics.jsonlWriting metrics: /scratch/midway3/rickybao/dreamerv3_runs/adapt_p2e_run_seed1/scores.jsonl


--------------------[Agent Step 143_392]--------------------
Metrics filtered by: 'score|length|fps|ratio|train/loss/|train/rand/'
train/loss/con 0.02 / train/loss/dyn 9.41 / train/loss/height 1.9e-3 / train/loss/orientations 0.15 / train/loss/policy -0.05 / train/loss/rep 9.41 / train/loss/repval 1.1 / train/loss/rew 0.52 / train/loss/value 0.83 / train/loss/velocity 1.31 / replay/replay_ratio 1040 / fps/policy 36.95 / fps/train 3.8e4

Writing metrics: /scratch/midway3/rickybao/dreamerv3_runs/adapt_p2e_run_seed1/metrics.jsonlWriting metrics: /scratch/midway3/rickybao/dreamerv3_runs/adapt_p2e_run_seed1/scores.jsonl


--------------------[Agent Step 147_824]--------------------
Metrics filtered by: 'score|length|fps|ratio|train/loss/|train/rand/'
episode/score 196.2 / episode/length 1001 / train/loss/con 0.02 / train/loss/dyn 9.43 / train/loss/height 1.9e-3 / train/loss/orientations 0.15 / train/loss/policy -0.05 / train/loss/rep 9.43 / train/loss/repval 1.04 / train/loss/rew 0.52 / train/loss/value 0.74 / train/loss/velocity 1.32 / replay/replay_ratio 1040 / fps/policy 36.89 / fps/train 3.8e4

Writing metrics: /scratch/midway3/rickybao/dreamerv3_runs/adapt_p2e_run_seed1/metrics.jsonl
Writing metrics: /scratch/midway3/rickybao/dreamerv3_runs/adapt_p2e_run_seed1/scores.jsonl

--------------------[Agent Step 152_272]--------------------
Metrics filtered by: 'score|length|fps|ratio|train/loss/|train/rand/'
train/loss/con 0.02 / train/loss/dyn 9.43 / train/loss/height 1.9e-3 / train/loss/orientations 0.15 / train/loss/policy -0.05 / train/loss/rep 9.43 / train/loss/repval 0.92 / train/loss/rew 0.52 / train/loss/value 0.65 / train/loss/velocity 1.32 / replay/replay_ratio 1040 / fps/policy 36.95 / fps/train 3.8e4

Writing metrics: /scratch/midway3/rickybao/dreamerv3_runs/adapt_p2e_run_seed1/scores.jsonlWriting metrics: /scratch/midway3/rickybao/dreamerv3_runs/adapt_p2e_run_seed1/metrics.jsonl


--------------------[Agent Step 156_704]--------------------
Metrics filtered by: 'score|length|fps|ratio|train/loss/|train/rand/'
train/loss/con 0.02 / train/loss/dyn 9.43 / train/loss/height 1.9e-3 / train/loss/orientations 0.16 / train/loss/policy -0.05 / train/loss/rep 9.43 / train/loss/repval 0.83 / train/loss/rew 0.52 / train/loss/value 0.6 / train/loss/velocity 1.32 / replay/replay_ratio 1040 / fps/policy 36.93 / fps/train 3.8e4

Writing metrics: /scratch/midway3/rickybao/dreamerv3_runs/adapt_p2e_run_seed1/metrics.jsonl
Writing metrics: /scratch/midway3/rickybao/dreamerv3_runs/adapt_p2e_run_seed1/scores.jsonl

--------------------[Agent Step 161_136]--------------------
Metrics filtered by: 'score|length|fps|ratio|train/loss/|train/rand/'
episode/score 199.65 / episode/length 1001 / train/loss/con 0.02 / train/loss/dyn 9.44 / train/loss/height 2e-3 / train/loss/orientations 0.16 / train/loss/policy -0.05 / train/loss/rep 9.44 / train/loss/repval 0.78 / train/loss/rew 0.52 / train/loss/value 0.58 / train/loss/velocity 1.32 / replay/replay_ratio 1040 / fps/policy 36.9 / fps/train 3.8e4

Writing metrics: /scratch/midway3/rickybao/dreamerv3_runs/adapt_p2e_run_seed1/metrics.jsonlWriting metrics: /scratch/midway3/rickybao/dreamerv3_runs/adapt_p2e_run_seed1/scores.jsonl


--------------------[Agent Step 165_568]--------------------
Metrics filtered by: 'score|length|fps|ratio|train/loss/|train/rand/'
train/loss/con 0.02 / train/loss/dyn 9.44 / train/loss/height 2e-3 / train/loss/orientations 0.16 / train/loss/policy -0.05 / train/loss/rep 9.44 / train/loss/repval 0.76 / train/loss/rew 0.52 / train/loss/value 0.57 / train/loss/velocity 1.33 / replay/replay_ratio 1040 / fps/policy 36.88 / fps/train 3.8e4

Writing metrics: /scratch/midway3/rickybao/dreamerv3_runs/adapt_p2e_run_seed1/metrics.jsonlWriting metrics: /scratch/midway3/rickybao/dreamerv3_runs/adapt_p2e_run_seed1/scores.jsonl

Saving checkpoint: /scratch/midway3/rickybao/dreamerv3_runs/adapt_p2e_run_seed1/ckpt/20260518T033353F378325
Saved checkpoint.

--------------------[Agent Step 169_952]--------------------
Metrics filtered by: 'score|length|fps|ratio|train/loss/|train/rand/'
train/loss/con 0.02 / train/loss/dyn 9.46 / train/loss/height 2e-3 / train/loss/orientations 0.16 / train/loss/policy -0.05 / train/loss/rep 9.46 / train/loss/repval 0.73 / train/loss/rew 0.52 / train/loss/value 0.56 / train/loss/velocity 1.33 / replay/replay_ratio 1040 / fps/policy 36.45 / fps/train 3.7e4

Writing metrics: /scratch/midway3/rickybao/dreamerv3_runs/adapt_p2e_run_seed1/metrics.jsonlWriting metrics: /scratch/midway3/rickybao/dreamerv3_runs/adapt_p2e_run_seed1/scores.jsonl


--------------------[Agent Step 174_384]--------------------
Metrics filtered by: 'score|length|fps|ratio|train/loss/|train/rand/'
train/loss/con 0.02 / train/loss/dyn 9.46 / train/loss/height 2e-3 / train/loss/orientations 0.16 / train/loss/policy -0.05 / train/loss/rep 9.46 / train/loss/repval 0.71 / train/loss/rew 0.52 / train/loss/value 0.56 / train/loss/velocity 1.33 / replay/replay_ratio 1040 / fps/policy 36.91 / fps/train 3.8e4

Writing metrics: /scratch/midway3/rickybao/dreamerv3_runs/adapt_p2e_run_seed1/metrics.jsonlWriting metrics: /scratch/midway3/rickybao/dreamerv3_runs/adapt_p2e_run_seed1/scores.jsonl


--------------------[Agent Step 178_816]--------------------
Metrics filtered by: 'score|length|fps|ratio|train/loss/|train/rand/'
episode/score 213.16 / episode/length 1001 / train/loss/con 0.02 / train/loss/dyn 9.46 / train/loss/height 2e-3 / train/loss/orientations 0.16 / train/loss/policy -0.05 / train/loss/rep 9.46 / train/loss/repval 0.69 / train/loss/rew 0.52 / train/loss/value 0.56 / train/loss/velocity 1.33 / replay/replay_ratio 1040 / fps/policy 36.9 / fps/train 3.8e4

Writing metrics: /scratch/midway3/rickybao/dreamerv3_runs/adapt_p2e_run_seed1/metrics.jsonl
Writing metrics: /scratch/midway3/rickybao/dreamerv3_runs/adapt_p2e_run_seed1/scores.jsonl

--------------------[Agent Step 183_248]--------------------
Metrics filtered by: 'score|length|fps|ratio|train/loss/|train/rand/'
train/loss/con 0.02 / train/loss/dyn 9.46 / train/loss/height 2e-3 / train/loss/orientations 0.16 / train/loss/policy -0.05 / train/loss/rep 9.46 / train/loss/repval 0.67 / train/loss/rew 0.52 / train/loss/value 0.56 / train/loss/velocity 1.34 / replay/replay_ratio 1040 / fps/policy 36.91 / fps/train 3.8e4

Writing metrics: /scratch/midway3/rickybao/dreamerv3_runs/adapt_p2e_run_seed1/metrics.jsonlWriting metrics: /scratch/midway3/rickybao/dreamerv3_runs/adapt_p2e_run_seed1/scores.jsonl


--------------------[Agent Step 187_680]--------------------
Metrics filtered by: 'score|length|fps|ratio|train/loss/|train/rand/'
train/loss/con 0.02 / train/loss/dyn 9.46 / train/loss/height 2e-3 / train/loss/orientations 0.16 / train/loss/policy -0.05 / train/loss/rep 9.46 / train/loss/repval 0.65 / train/loss/rew 0.52 / train/loss/value 0.58 / train/loss/velocity 1.34 / replay/replay_ratio 1040 / fps/policy 36.93 / fps/train 3.8e4

Writing metrics: /scratch/midway3/rickybao/dreamerv3_runs/adapt_p2e_run_seed1/metrics.jsonlWriting metrics: /scratch/midway3/rickybao/dreamerv3_runs/adapt_p2e_run_seed1/scores.jsonl


--------------------[Agent Step 192_112]--------------------
Metrics filtered by: 'score|length|fps|ratio|train/loss/|train/rand/'
train/loss/con 0.02 / train/loss/dyn 9.46 / train/loss/height 2.1e-3 / train/loss/orientations 0.16 / train/loss/policy -0.06 / train/loss/rep 9.46 / train/loss/repval 0.62 / train/loss/rew 0.52 / train/loss/value 0.61 / train/loss/velocity 1.34 / replay/replay_ratio 1040 / fps/policy 36.91 / fps/train 3.8e4

Writing metrics: /scratch/midway3/rickybao/dreamerv3_runs/adapt_p2e_run_seed1/metrics.jsonlWriting metrics: /scratch/midway3/rickybao/dreamerv3_runs/adapt_p2e_run_seed1/scores.jsonl


--------------------[Agent Step 196_544]--------------------
Metrics filtered by: 'score|length|fps|ratio|train/loss/|train/rand/'
episode/score 203.63 / episode/length 1001 / train/loss/con 0.02 / train/loss/dyn 9.46 / train/loss/height 2.1e-3 / train/loss/orientations 0.16 / train/loss/policy -0.06 / train/loss/rep 9.46 / train/loss/repval 0.63 / train/loss/rew 0.52 / train/loss/value 0.6 / train/loss/velocity 1.34 / replay/replay_ratio 1040 / fps/policy 36.82 / fps/train 3.8e4

Writing metrics: /scratch/midway3/rickybao/dreamerv3_runs/adapt_p2e_run_seed1/metrics.jsonl
Writing metrics: /scratch/midway3/rickybao/dreamerv3_runs/adapt_p2e_run_seed1/scores.jsonl
Saving checkpoint: /scratch/midway3/rickybao/dreamerv3_runs/adapt_p2e_run_seed1/ckpt/20260518T034853F766556
Saved checkpoint.

--------------------[Agent Step 200_944]--------------------
Metrics filtered by: 'score|length|fps|ratio|train/loss/|train/rand/'
train/loss/con 0.02 / train/loss/dyn 9.47 / train/loss/height 2.1e-3 / train/loss/orientations 0.16 / train/loss/policy -0.06 / train/loss/rep 9.47 / train/loss/repval 0.62 / train/loss/rew 0.52 / train/loss/value 0.63 / train/loss/velocity 1.34 / replay/replay_ratio 1040 / fps/policy 36.56 / fps/train 3.7e4

Writing metrics: /scratch/midway3/rickybao/dreamerv3_runs/adapt_p2e_run_seed1/metrics.jsonlWriting metrics: /scratch/midway3/rickybao/dreamerv3_runs/adapt_p2e_run_seed1/scores.jsonl


--------------------[Agent Step 205_376]--------------------
Metrics filtered by: 'score|length|fps|ratio|train/loss/|train/rand/'
train/loss/con 0.02 / train/loss/dyn 9.47 / train/loss/height 2.1e-3 / train/loss/orientations 0.16 / train/loss/policy -0.06 / train/loss/rep 9.47 / train/loss/repval 0.64 / train/loss/rew 0.52 / train/loss/value 0.58 / train/loss/velocity 1.34 / replay/replay_ratio 1040 / fps/policy 36.87 / fps/train 3.8e4

Writing metrics: /scratch/midway3/rickybao/dreamerv3_runs/adapt_p2e_run_seed1/metrics.jsonlWriting metrics: /scratch/midway3/rickybao/dreamerv3_runs/adapt_p2e_run_seed1/scores.jsonl


--------------------[Agent Step 209_808]--------------------
Metrics filtered by: 'score|length|fps|ratio|train/loss/|train/rand/'
episode/score 216.38 / episode/length 1001 / train/loss/con 0.02 / train/loss/dyn 9.47 / train/loss/height 2.1e-3 / train/loss/orientations 0.16 / train/loss/policy -0.06 / train/loss/rep 9.47 / train/loss/repval 0.62 / train/loss/rew 0.52 / train/loss/value 0.59 / train/loss/velocity 1.34 / replay/replay_ratio 1040 / fps/policy 36.85 / fps/train 3.8e4

Writing metrics: /scratch/midway3/rickybao/dreamerv3_runs/adapt_p2e_run_seed1/metrics.jsonlWriting metrics: /scratch/midway3/rickybao/dreamerv3_runs/adapt_p2e_run_seed1/scores.jsonl


--------------------[Agent Step 214_240]--------------------
Metrics filtered by: 'score|length|fps|ratio|train/loss/|train/rand/'
train/loss/con 0.02 / train/loss/dyn 9.47 / train/loss/height 2.1e-3 / train/loss/orientations 0.16 / train/loss/policy -0.06 / train/loss/rep 9.47 / train/loss/repval 0.6 / train/loss/rew 0.52 / train/loss/value 0.66 / train/loss/velocity 1.34 / replay/replay_ratio 1040 / fps/policy 36.84 / fps/train 3.8e4

Writing metrics: /scratch/midway3/rickybao/dreamerv3_runs/adapt_p2e_run_seed1/metrics.jsonlWriting metrics: /scratch/midway3/rickybao/dreamerv3_runs/adapt_p2e_run_seed1/scores.jsonl


--------------------[Agent Step 218_672]--------------------
Metrics filtered by: 'score|length|fps|ratio|train/loss/|train/rand/'
train/loss/con 0.02 / train/loss/dyn 9.48 / train/loss/height 2.1e-3 / train/loss/orientations 0.16 / train/loss/policy -0.06 / train/loss/rep 9.48 / train/loss/repval 0.6 / train/loss/rew 0.52 / train/loss/value 0.63 / train/loss/velocity 1.35 / replay/replay_ratio 1040 / fps/policy 36.82 / fps/train 3.8e4

Writing metrics: /scratch/midway3/rickybao/dreamerv3_runs/adapt_p2e_run_seed1/metrics.jsonlWriting metrics: /scratch/midway3/rickybao/dreamerv3_runs/adapt_p2e_run_seed1/scores.jsonl


--------------------[Agent Step 223_104]--------------------
Metrics filtered by: 'score|length|fps|ratio|train/loss/|train/rand/'
train/loss/con 0.02 / train/loss/dyn 9.47 / train/loss/height 2.1e-3 / train/loss/orientations 0.16 / train/loss/policy -0.06 / train/loss/rep 9.47 / train/loss/repval 0.61 / train/loss/rew 0.52 / train/loss/value 0.72 / train/loss/velocity 1.35 / replay/replay_ratio 1040 / fps/policy 36.91 / fps/train 3.8e4

Writing metrics: /scratch/midway3/rickybao/dreamerv3_runs/adapt_p2e_run_seed1/metrics.jsonlWriting metrics: /scratch/midway3/rickybao/dreamerv3_runs/adapt_p2e_run_seed1/scores.jsonl


--------------------[Agent Step 227_536]--------------------
Metrics filtered by: 'score|length|fps|ratio|train/loss/|train/rand/'
episode/score 212.57 / episode/length 1001 / train/loss/con 0.02 / train/loss/dyn 9.48 / train/loss/height 2.1e-3 / train/loss/orientations 0.16 / train/loss/policy -0.07 / train/loss/rep 9.48 / train/loss/repval 0.67 / train/loss/rew 0.52 / train/loss/value 0.81 / train/loss/velocity 1.35 / replay/replay_ratio 1040 / fps/policy 36.81 / fps/train 3.8e4

Writing metrics: /scratch/midway3/rickybao/dreamerv3_runs/adapt_p2e_run_seed1/metrics.jsonlWriting metrics: /scratch/midway3/rickybao/dreamerv3_runs/adapt_p2e_run_seed1/scores.jsonl


--------------------[Agent Step 231_968]--------------------
Metrics filtered by: 'score|length|fps|ratio|train/loss/|train/rand/'
train/loss/con 0.02 / train/loss/dyn 9.48 / train/loss/height 2.1e-3 / train/loss/orientations 0.16 / train/loss/policy -0.07 / train/loss/rep 9.48 / train/loss/repval 0.68 / train/loss/rew 0.52 / train/loss/value 0.82 / train/loss/velocity 1.35 / replay/replay_ratio 1040 / fps/policy 36.88 / fps/train 3.8e4

Writing metrics: /scratch/midway3/rickybao/dreamerv3_runs/adapt_p2e_run_seed1/metrics.jsonlWriting metrics: /scratch/midway3/rickybao/dreamerv3_runs/adapt_p2e_run_seed1/scores.jsonl

Saving checkpoint: /scratch/midway3/rickybao/dreamerv3_runs/adapt_p2e_run_seed1/ckpt/20260518T040353F973648
Saved checkpoint.

--------------------[Agent Step 236_336]--------------------
Metrics filtered by: 'score|length|fps|ratio|train/loss/|train/rand/'
train/loss/con 0.02 / train/loss/dyn 9.48 / train/loss/height 2.1e-3 / train/loss/orientations 0.16 / train/loss/policy -0.07 / train/loss/rep 9.48 / train/loss/repval 0.72 / train/loss/rew 0.52 / train/loss/value 0.87 / train/loss/velocity 1.35 / replay/replay_ratio 1040 / fps/policy 36.4 / fps/train 3.7e4

Writing metrics: /scratch/midway3/rickybao/dreamerv3_runs/adapt_p2e_run_seed1/scores.jsonlWriting metrics: /scratch/midway3/rickybao/dreamerv3_runs/adapt_p2e_run_seed1/metrics.jsonl


--------------------[Agent Step 240_768]--------------------
Metrics filtered by: 'score|length|fps|ratio|train/loss/|train/rand/'
episode/score 220.01 / episode/length 1001 / train/loss/con 0.02 / train/loss/dyn 9.49 / train/loss/height 2.1e-3 / train/loss/orientations 0.16 / train/loss/policy -0.07 / train/loss/rep 9.49 / train/loss/repval 0.78 / train/loss/rew 0.52 / train/loss/value 0.93 / train/loss/velocity 1.35 / replay/replay_ratio 1040 / fps/policy 36.87 / fps/train 3.8e4

Writing metrics: /scratch/midway3/rickybao/dreamerv3_runs/adapt_p2e_run_seed1/scores.jsonlWriting metrics: /scratch/midway3/rickybao/dreamerv3_runs/adapt_p2e_run_seed1/metrics.jsonl


--------------------[Agent Step 245_200]--------------------
Metrics filtered by: 'score|length|fps|ratio|train/loss/|train/rand/'
train/loss/con 0.02 / train/loss/dyn 9.49 / train/loss/height 2.1e-3 / train/loss/orientations 0.17 / train/loss/policy -0.07 / train/loss/rep 9.49 / train/loss/repval 0.88 / train/loss/rew 0.52 / train/loss/value 1.02 / train/loss/velocity 1.35 / replay/replay_ratio 1040 / fps/policy 36.82 / fps/train 3.8e4

Writing metrics: /scratch/midway3/rickybao/dreamerv3_runs/adapt_p2e_run_seed1/metrics.jsonlWriting metrics: /scratch/midway3/rickybao/dreamerv3_runs/adapt_p2e_run_seed1/scores.jsonl


--------------------[Agent Step 249_632]--------------------
Metrics filtered by: 'score|length|fps|ratio|train/loss/|train/rand/'
train/loss/con 0.02 / train/loss/dyn 9.51 / train/loss/height 2.1e-3 / train/loss/orientations 0.17 / train/loss/policy -0.07 / train/loss/rep 9.51 / train/loss/repval 0.94 / train/loss/rew 0.52 / train/loss/value 1.08 / train/loss/velocity 1.36 / replay/replay_ratio 1040 / fps/policy 36.89 / fps/train 3.8e4

Writing metrics: /scratch/midway3/rickybao/dreamerv3_runs/adapt_p2e_run_seed1/metrics.jsonlWriting metrics: /scratch/midway3/rickybao/dreamerv3_runs/adapt_p2e_run_seed1/scores.jsonl

Adaptation finished | End time: Mon May 18 04:11:14 CDT 2026
Logdir: /scratch/midway3/rickybao/dreamerv3_runs/adapt_p2e_run_seed1
