==============================
Slurm job started | Job ID: 49738110 | Node: midway3-0277.rcc.local
Start time: Mon May 18 02:18:34 CDT 2026
Frozen-readout adaptation | Cond: p2e | Task: stand | Seed: 2
==============================
PYTHON=/scratch/midway3/rickybao/conda_envs/dreamerv3/bin/python
LOGDIR=/scratch/midway3/rickybao/dreamerv3_runs/adapt_p2e_stand_seed2
Pretrained world model: /scratch/midway3/rickybao/dreamerv3_runs/pretrain_p2e_seed2/ckpt/20260517T222146F753894
GPU check:
Mon May 18 02:18:34 2026       
+---------------------------------------------------------------------------------------+
| NVIDIA-SMI 535.216.03             Driver Version: 535.216.03   CUDA Version: 12.2     |
|-----------------------------------------+----------------------+----------------------+
| GPU  Name                 Persistence-M | Bus-Id        Disp.A | Volatile Uncorr. ECC |
| Fan  Temp   Perf          Pwr:Usage/Cap |         Memory-Usage | GPU-Util  Compute M. |
|                                         |                      |               MIG M. |
|=========================================+======================+======================|
|   0  Tesla V100-PCIE-16GB           On  | 00000000:06:00.0 Off |                  Off |
| N/A   41C    P0              26W / 250W |      0MiB / 16384MiB |      0%      Default |
|                                         |                      |                  N/A |
+-----------------------------------------+----------------------+----------------------+
                                                                                         
+---------------------------------------------------------------------------------------+
| Processes:                                                                            |
|  GPU   GI   CI        PID   Type   Process name                            GPU Memory |
|        ID   ID                                                             Usage      |
|=======================================================================================|
|  No running processes found                                                           |
+---------------------------------------------------------------------------------------+
Starting frozen-readout adaptation
---  ___                           __   ______ ---
--- |   \ _ _ ___ __ _ _ __  ___ _ \ \ / /__ / ---
--- | |) | '_/ -_) _` | '  \/ -_) '/\ V / |_ \ ---
--- |___/|_| \___\__,_|_|_|_\___|_|  \_/ |___/ ---
Replica: 0 / 1
Logdir: /scratch/midway3/rickybao/dreamerv3_runs/adapt_p2e_stand_seed2
Run script: train
Observations
  reward           Space(float32, shape=(), low=-inf, high=inf)
  is_first         Space(bool, shape=(), low=False, high=True)
  is_last          Space(bool, shape=(), low=False, high=True)
  is_terminal      Space(bool, shape=(), low=False, high=True)
  orientations     Space(float32, shape=(14,), low=-inf, high=inf)
  height           Space(float32, shape=(), low=-inf, high=inf)
  velocity         Space(float32, shape=(9,), low=-inf, high=inf)
Actions
  action           Space(float32, shape=(6,), low=-1.0, high=1.0)
Extras
  consec           Space(int32, shape=(), low=-2147483648, high=2147483647)
  stepid           Space(uint8, shape=(20,), low=0, high=255)
  dyn/deter        Space(float32, shape=(512,), low=-inf, high=inf)
  dyn/stoch        Space(float32, shape=(32, 4), low=-inf, high=inf)
JAX devices (1): [cuda:0]
Policy devices: cuda:0
Train devices:  cuda:0
Initializing parameters...
Optimizer opt has 215,243 params:
        66,111 val
        57,663 rew
        50,316 pol
        41,153 con
Done initializing!
Compiling 1 checkpoint groups...
Largest checkpoint group: 0 GB
Compiling train and report...
Train cost analysis:
  FLOPS:            7.2e+09
  Memory (temp):    2.0e+08
  Memory (inputs):  7.4e+06
  Memory (outputs): 5.9e+06
  Memory (code):    1.5e+06

Report cost analysis:
  FLOPS:            1.9e+06
  Memory (temp):    9.3e+05
  Memory (inputs):  2.8e+06
  Memory (outputs): 2.1e+04
  Memory (code):    9.7e+04

Done compiling!
Loaded pretrained checkpoint with keys: ['dec/mlp/linear0/bias', 'dec/mlp/linear0/kernel', 'dec/mlp/linear1/bias', 'dec/mlp/linear1/kernel', 'dec/mlp/linear2/bias', 'dec/mlp/linear2/kernel', 'dec/mlp/norm0/scale', 'dec/mlp/norm1/scale', 'dec/mlp/norm2/scale', 'dec/vec/height/pred/bias', 'dec/vec/height/pred/kernel', 'dec/vec/orientations/pred/bias', 'dec/vec/orientations/pred/kernel', 'dec/vec/velocity/pred/bias', 'dec/vec/velocity/pred/kernel', 'dyn/dyngru/bias', 'dyn/dyngru/kernel', 'dyn/dynhid0/bias', 'dyn/dynhid0/kernel', 'dyn/dynhid0norm/scale', 'dyn/dynin0/bias', 'dyn/dynin0/kernel', 'dyn/dynin0norm/scale', 'dyn/dynin1/bias', 'dyn/dynin1/kernel', 'dyn/dynin1norm/scale', 'dyn/dynin2/bias', 'dyn/dynin2/kernel', 'dyn/dynin2norm/scale', 'dyn/obs0/bias', 'dyn/obs0/kernel', 'dyn/obs0norm/scale', 'dyn/obslogit/bias', 'dyn/obslogit/kernel', 'dyn/prior0/bias', 'dyn/prior0/kernel', 'dyn/prior0norm/scale', 'dyn/prior1/bias', 'dyn/prior1/kernel', 'dyn/prior1norm/scale', 'dyn/priorlogit/bias', 'dyn/priorlogit/kernel', 'enc/mlp0/bias', 'enc/mlp0/kernel', 'enc/mlp0norm/scale', 'enc/mlp1/bias', 'enc/mlp1/kernel', 'enc/mlp1norm/scale', 'enc/mlp2/bias', 'enc/mlp2/kernel', 'enc/mlp2norm/scale']
Did not find any checkpoint.
Saving checkpoint: /scratch/midway3/rickybao/dreamerv3_runs/adapt_p2e_stand_seed2/ckpt/20260518T021906F641641
Saved checkpoint.
Start training loop

--------------------[Agent Step 6_192]--------------------
Metrics filtered by: 'score|length|fps|ratio|train/loss/|train/rand/'
train/loss/con 0.07 / train/loss/dyn 8.46 / train/loss/height 6.9e-4 / train/loss/orientations 0.07 / train/loss/policy 3.66 / train/loss/rep 8.46 / train/loss/repval 5.81 / train/loss/rew 1.71 / train/loss/value 3.18 / train/loss/velocity 1.03 / replay/replay_ratio 834.33 / fps/policy 49.75 / fps/train 3.4e4

Writing metrics: /scratch/midway3/rickybao/dreamerv3_runs/adapt_p2e_stand_seed2/metrics.jsonlWriting metrics: /scratch/midway3/rickybao/dreamerv3_runs/adapt_p2e_stand_seed2/scores.jsonl


--------------------[Agent Step 10_592]--------------------
Metrics filtered by: 'score|length|fps|ratio|train/loss/|train/rand/'
train/loss/con 0.02 / train/loss/dyn 8.28 / train/loss/height 6e-4 / train/loss/orientations 0.06 / train/loss/policy 3.57 / train/loss/rep 8.28 / train/loss/repval 2.71 / train/loss/rew 0.57 / train/loss/value 1.6 / train/loss/velocity 1.01 / replay/replay_ratio 1040 / fps/policy 36.56 / fps/train 3.7e4

Writing metrics: /scratch/midway3/rickybao/dreamerv3_runs/adapt_p2e_stand_seed2/metrics.jsonlWriting metrics: /scratch/midway3/rickybao/dreamerv3_runs/adapt_p2e_stand_seed2/scores.jsonl


--------------------[Agent Step 14_992]--------------------
Metrics filtered by: 'score|length|fps|ratio|train/loss/|train/rand/'
train/loss/con 0.02 / train/loss/dyn 8.58 / train/loss/height 6.1e-4 / train/loss/orientations 0.07 / train/loss/policy 1.7 / train/loss/rep 8.58 / train/loss/repval 1.4 / train/loss/rew 0.57 / train/loss/value 0.99 / train/loss/velocity 1.07 / replay/replay_ratio 1040 / fps/policy 36.54 / fps/train 3.7e4

Writing metrics: /scratch/midway3/rickybao/dreamerv3_runs/adapt_p2e_stand_seed2/metrics.jsonlWriting metrics: /scratch/midway3/rickybao/dreamerv3_runs/adapt_p2e_stand_seed2/scores.jsonl


--------------------[Agent Step 19_392]--------------------
Metrics filtered by: 'score|length|fps|ratio|train/loss/|train/rand/'
episode/score 223.62 / episode/length 1001 / train/loss/con 0.02 / train/loss/dyn 8.71 / train/loss/height 7.1e-4 / train/loss/orientations 0.07 / train/loss/policy 0.42 / train/loss/rep 8.71 / train/loss/repval 1.07 / train/loss/rew 0.58 / train/loss/value 0.91 / train/loss/velocity 1.1 / replay/replay_ratio 1040 / fps/policy 36.55 / fps/train 3.7e4

Writing metrics: /scratch/midway3/rickybao/dreamerv3_runs/adapt_p2e_stand_seed2/metrics.jsonlWriting metrics: /scratch/midway3/rickybao/dreamerv3_runs/adapt_p2e_stand_seed2/scores.jsonl


--------------------[Agent Step 23_792]--------------------
Metrics filtered by: 'score|length|fps|ratio|train/loss/|train/rand/'
train/loss/con 0.02 / train/loss/dyn 8.78 / train/loss/height 8.1e-4 / train/loss/orientations 0.08 / train/loss/policy 0.74 / train/loss/rep 8.78 / train/loss/repval 1.02 / train/loss/rew 0.58 / train/loss/value 0.88 / train/loss/velocity 1.12 / replay/replay_ratio 1040 / fps/policy 36.61 / fps/train 3.7e4

Writing metrics: /scratch/midway3/rickybao/dreamerv3_runs/adapt_p2e_stand_seed2/metrics.jsonlWriting metrics: /scratch/midway3/rickybao/dreamerv3_runs/adapt_p2e_stand_seed2/scores.jsonl


--------------------[Agent Step 28_192]--------------------
Metrics filtered by: 'score|length|fps|ratio|train/loss/|train/rand/'
train/loss/con 0.02 / train/loss/dyn 9.07 / train/loss/height 1.1e-3 / train/loss/orientations 0.1 / train/loss/policy 0.3 / train/loss/rep 9.07 / train/loss/repval 1.13 / train/loss/rew 0.59 / train/loss/value 0.91 / train/loss/velocity 1.16 / replay/replay_ratio 1040 / fps/policy 36.63 / fps/train 3.8e4

Writing metrics: /scratch/midway3/rickybao/dreamerv3_runs/adapt_p2e_stand_seed2/metrics.jsonlWriting metrics: /scratch/midway3/rickybao/dreamerv3_runs/adapt_p2e_stand_seed2/scores.jsonl


--------------------[Agent Step 32_592]--------------------
Metrics filtered by: 'score|length|fps|ratio|train/loss/|train/rand/'
episode/score 481.16 / episode/length 1001 / train/loss/con 0.02 / train/loss/dyn 9.36 / train/loss/height 1.2e-3 / train/loss/orientations 0.12 / train/loss/policy 0.04 / train/loss/rep 9.36 / train/loss/repval 1.15 / train/loss/rew 0.59 / train/loss/value 0.87 / train/loss/velocity 1.21 / replay/replay_ratio 1040 / fps/policy 36.6 / fps/train 3.7e4

Writing metrics: /scratch/midway3/rickybao/dreamerv3_runs/adapt_p2e_stand_seed2/metrics.jsonlWriting metrics: /scratch/midway3/rickybao/dreamerv3_runs/adapt_p2e_stand_seed2/scores.jsonl

Saving checkpoint: /scratch/midway3/rickybao/dreamerv3_runs/adapt_p2e_stand_seed2/ckpt/20260518T023409F342336
Saved checkpoint.

--------------------[Agent Step 36_928]--------------------
Metrics filtered by: 'score|length|fps|ratio|train/loss/|train/rand/'
train/loss/con 0.02 / train/loss/dyn 9.6 / train/loss/height 1.4e-3 / train/loss/orientations 0.13 / train/loss/policy -0.07 / train/loss/rep 9.6 / train/loss/repval 1.05 / train/loss/rew 0.59 / train/loss/value 0.88 / train/loss/velocity 1.26 / replay/replay_ratio 1040 / fps/policy 36.07 / fps/train 3.7e4

Writing metrics: /scratch/midway3/rickybao/dreamerv3_runs/adapt_p2e_stand_seed2/metrics.jsonlWriting metrics: /scratch/midway3/rickybao/dreamerv3_runs/adapt_p2e_stand_seed2/scores.jsonl


--------------------[Agent Step 41_344]--------------------
Metrics filtered by: 'score|length|fps|ratio|train/loss/|train/rand/'
train/loss/con 0.02 / train/loss/dyn 9.78 / train/loss/height 1.4e-3 / train/loss/orientations 0.15 / train/loss/policy -0.11 / train/loss/rep 9.78 / train/loss/repval 1.08 / train/loss/rew 0.6 / train/loss/value 0.92 / train/loss/velocity 1.3 / replay/replay_ratio 1040 / fps/policy 36.67 / fps/train 3.8e4

Writing metrics: /scratch/midway3/rickybao/dreamerv3_runs/adapt_p2e_stand_seed2/metrics.jsonlWriting metrics: /scratch/midway3/rickybao/dreamerv3_runs/adapt_p2e_stand_seed2/scores.jsonl


--------------------[Agent Step 45_744]--------------------
Metrics filtered by: 'score|length|fps|ratio|train/loss/|train/rand/'
train/loss/con 0.02 / train/loss/dyn 9.87 / train/loss/height 1.4e-3 / train/loss/orientations 0.16 / train/loss/policy -0.09 / train/loss/rep 9.87 / train/loss/repval 1.06 / train/loss/rew 0.6 / train/loss/value 0.96 / train/loss/velocity 1.32 / replay/replay_ratio 1040 / fps/policy 36.6 / fps/train 3.7e4

Writing metrics: /scratch/midway3/rickybao/dreamerv3_runs/adapt_p2e_stand_seed2/metrics.jsonl
Writing metrics: /scratch/midway3/rickybao/dreamerv3_runs/adapt_p2e_stand_seed2/scores.jsonl

--------------------[Agent Step 50_144]--------------------
Metrics filtered by: 'score|length|fps|ratio|train/loss/|train/rand/'
episode/score 810.88 / episode/length 1001 / train/loss/con 0.02 / train/loss/dyn 9.9 / train/loss/height 1.4e-3 / train/loss/orientations 0.16 / train/loss/policy -0.08 / train/loss/rep 9.9 / train/loss/repval 0.99 / train/loss/rew 0.6 / train/loss/value 0.68 / train/loss/velocity 1.33 / replay/replay_ratio 1040 / fps/policy 36.55 / fps/train 3.7e4

Writing metrics: /scratch/midway3/rickybao/dreamerv3_runs/adapt_p2e_stand_seed2/scores.jsonlWriting metrics: /scratch/midway3/rickybao/dreamerv3_runs/adapt_p2e_stand_seed2/metrics.jsonl


--------------------[Agent Step 54_544]--------------------
Metrics filtered by: 'score|length|fps|ratio|train/loss/|train/rand/'
train/loss/con 0.02 / train/loss/dyn 9.96 / train/loss/height 1.4e-3 / train/loss/orientations 0.17 / train/loss/policy -0.08 / train/loss/rep 9.96 / train/loss/repval 0.96 / train/loss/rew 0.6 / train/loss/value 1.2 / train/loss/velocity 1.35 / replay/replay_ratio 1040 / fps/policy 36.61 / fps/train 3.7e4

Writing metrics: /scratch/midway3/rickybao/dreamerv3_runs/adapt_p2e_stand_seed2/metrics.jsonlWriting metrics: /scratch/midway3/rickybao/dreamerv3_runs/adapt_p2e_stand_seed2/scores.jsonl


--------------------[Agent Step 58_944]--------------------
Metrics filtered by: 'score|length|fps|ratio|train/loss/|train/rand/'
train/loss/con 0.02 / train/loss/dyn 9.98 / train/loss/height 1.4e-3 / train/loss/orientations 0.17 / train/loss/policy -0.07 / train/loss/rep 9.98 / train/loss/repval 1.21 / train/loss/rew 0.61 / train/loss/value 1.26 / train/loss/velocity 1.36 / replay/replay_ratio 1040 / fps/policy 36.62 / fps/train 3.7e4

Writing metrics: /scratch/midway3/rickybao/dreamerv3_runs/adapt_p2e_stand_seed2/metrics.jsonlWriting metrics: /scratch/midway3/rickybao/dreamerv3_runs/adapt_p2e_stand_seed2/scores.jsonl


--------------------[Agent Step 63_344]--------------------
Metrics filtered by: 'score|length|fps|ratio|train/loss/|train/rand/'
train/loss/con 0.02 / train/loss/dyn 10.02 / train/loss/height 1.4e-3 / train/loss/orientations 0.17 / train/loss/policy -0.07 / train/loss/rep 10.02 / train/loss/repval 1.24 / train/loss/rew 0.61 / train/loss/value 1.2 / train/loss/velocity 1.37 / replay/replay_ratio 1040 / fps/policy 36.56 / fps/train 3.7e4

Writing metrics: /scratch/midway3/rickybao/dreamerv3_runs/adapt_p2e_stand_seed2/metrics.jsonlWriting metrics: /scratch/midway3/rickybao/dreamerv3_runs/adapt_p2e_stand_seed2/scores.jsonl

Saving checkpoint: /scratch/midway3/rickybao/dreamerv3_runs/adapt_p2e_stand_seed2/ckpt/20260518T024909F395064
Saved checkpoint.

--------------------[Agent Step 67_680]--------------------
Metrics filtered by: 'score|length|fps|ratio|train/loss/|train/rand/'
episode/score 882.34 / episode/length 1001 / train/loss/con 0.02 / train/loss/dyn 10.09 / train/loss/height 1.4e-3 / train/loss/orientations 0.17 / train/loss/policy -0.07 / train/loss/rep 10.09 / train/loss/repval 1.23 / train/loss/rew 0.61 / train/loss/value 1.18 / train/loss/velocity 1.39 / replay/replay_ratio 1040 / fps/policy 36.07 / fps/train 3.7e4

Writing metrics: /scratch/midway3/rickybao/dreamerv3_runs/adapt_p2e_stand_seed2/metrics.jsonlWriting metrics: /scratch/midway3/rickybao/dreamerv3_runs/adapt_p2e_stand_seed2/scores.jsonl


--------------------[Agent Step 72_080]--------------------
Metrics filtered by: 'score|length|fps|ratio|train/loss/|train/rand/'
train/loss/con 0.02 / train/loss/dyn 10.15 / train/loss/height 1.4e-3 / train/loss/orientations 0.18 / train/loss/policy -0.07 / train/loss/rep 10.15 / train/loss/repval 1.23 / train/loss/rew 0.61 / train/loss/value 1.17 / train/loss/velocity 1.4 / replay/replay_ratio 1040 / fps/policy 36.6 / fps/train 3.7e4

Writing metrics: /scratch/midway3/rickybao/dreamerv3_runs/adapt_p2e_stand_seed2/scores.jsonlWriting metrics: /scratch/midway3/rickybao/dreamerv3_runs/adapt_p2e_stand_seed2/metrics.jsonl


--------------------[Agent Step 76_480]--------------------
Metrics filtered by: 'score|length|fps|ratio|train/loss/|train/rand/'
train/loss/con 0.02 / train/loss/dyn 10.24 / train/loss/height 1.3e-3 / train/loss/orientations 0.18 / train/loss/policy -0.07 / train/loss/rep 10.24 / train/loss/repval 1.22 / train/loss/rew 0.61 / train/loss/value 1.13 / train/loss/velocity 1.42 / replay/replay_ratio 1040 / fps/policy 36.57 / fps/train 3.7e4

Writing metrics: /scratch/midway3/rickybao/dreamerv3_runs/adapt_p2e_stand_seed2/scores.jsonlWriting metrics: /scratch/midway3/rickybao/dreamerv3_runs/adapt_p2e_stand_seed2/metrics.jsonl


--------------------[Agent Step 80_864]--------------------
Metrics filtered by: 'score|length|fps|ratio|train/loss/|train/rand/'
episode/score 876.17 / episode/length 1001 / train/loss/con 0.02 / train/loss/dyn 10.32 / train/loss/height 1.3e-3 / train/loss/orientations 0.18 / train/loss/policy -0.07 / train/loss/rep 10.32 / train/loss/repval 1.2 / train/loss/rew 0.61 / train/loss/value 1.1 / train/loss/velocity 1.45 / replay/replay_ratio 1040 / fps/policy 36.51 / fps/train 3.7e4

Writing metrics: /scratch/midway3/rickybao/dreamerv3_runs/adapt_p2e_stand_seed2/metrics.jsonlWriting metrics: /scratch/midway3/rickybao/dreamerv3_runs/adapt_p2e_stand_seed2/scores.jsonl


--------------------[Agent Step 85_248]--------------------
Metrics filtered by: 'score|length|fps|ratio|train/loss/|train/rand/'
train/loss/con 0.02 / train/loss/dyn 10.39 / train/loss/height 1.4e-3 / train/loss/orientations 0.19 / train/loss/policy -0.07 / train/loss/rep 10.39 / train/loss/repval 1.19 / train/loss/rew 0.61 / train/loss/value 1.08 / train/loss/velocity 1.46 / replay/replay_ratio 1040 / fps/policy 36.53 / fps/train 3.7e4

Writing metrics: /scratch/midway3/rickybao/dreamerv3_runs/adapt_p2e_stand_seed2/metrics.jsonlWriting metrics: /scratch/midway3/rickybao/dreamerv3_runs/adapt_p2e_stand_seed2/scores.jsonl


--------------------[Agent Step 89_648]--------------------
Metrics filtered by: 'score|length|fps|ratio|train/loss/|train/rand/'
train/loss/con 0.02 / train/loss/dyn 10.47 / train/loss/height 1.4e-3 / train/loss/orientations 0.19 / train/loss/policy -0.07 / train/loss/rep 10.47 / train/loss/repval 1.18 / train/loss/rew 0.62 / train/loss/value 1.05 / train/loss/velocity 1.47 / replay/replay_ratio 1040 / fps/policy 36.58 / fps/train 3.7e4

Writing metrics: /scratch/midway3/rickybao/dreamerv3_runs/adapt_p2e_stand_seed2/metrics.jsonlWriting metrics: /scratch/midway3/rickybao/dreamerv3_runs/adapt_p2e_stand_seed2/scores.jsonl


--------------------[Agent Step 94_048]--------------------
Metrics filtered by: 'score|length|fps|ratio|train/loss/|train/rand/'
train/loss/con 0.02 / train/loss/dyn 10.54 / train/loss/height 1.3e-3 / train/loss/orientations 0.2 / train/loss/policy -0.07 / train/loss/rep 10.54 / train/loss/repval 1.17 / train/loss/rew 0.62 / train/loss/value 1.04 / train/loss/velocity 1.49 / replay/replay_ratio 1040 / fps/policy 36.55 / fps/train 3.7e4

Writing metrics: /scratch/midway3/rickybao/dreamerv3_runs/adapt_p2e_stand_seed2/metrics.jsonl
Writing metrics: /scratch/midway3/rickybao/dreamerv3_runs/adapt_p2e_stand_seed2/scores.jsonl

--------------------[Agent Step 98_432]--------------------
Metrics filtered by: 'score|length|fps|ratio|train/loss/|train/rand/'
episode/score 814.48 / episode/length 1001 / train/loss/con 0.02 / train/loss/dyn 10.61 / train/loss/height 1.4e-3 / train/loss/orientations 0.2 / train/loss/policy -0.07 / train/loss/rep 10.61 / train/loss/repval 1.17 / train/loss/rew 0.62 / train/loss/value 1.03 / train/loss/velocity 1.51 / replay/replay_ratio 1040 / fps/policy 36.47 / fps/train 3.7e4

Writing metrics: /scratch/midway3/rickybao/dreamerv3_runs/adapt_p2e_stand_seed2/metrics.jsonl
Writing metrics: /scratch/midway3/rickybao/dreamerv3_runs/adapt_p2e_stand_seed2/scores.jsonl
Saving checkpoint: /scratch/midway3/rickybao/dreamerv3_runs/adapt_p2e_stand_seed2/ckpt/20260518T030409F798299
Saved checkpoint.

--------------------[Agent Step 102_768]--------------------
Metrics filtered by: 'score|length|fps|ratio|train/loss/|train/rand/'
train/loss/con 0.02 / train/loss/dyn 10.67 / train/loss/height 1.4e-3 / train/loss/orientations 0.2 / train/loss/policy -0.07 / train/loss/rep 10.67 / train/loss/repval 1.16 / train/loss/rew 0.62 / train/loss/value 1.02 / train/loss/velocity 1.52 / replay/replay_ratio 1040 / fps/policy 36.08 / fps/train 3.7e4

Writing metrics: /scratch/midway3/rickybao/dreamerv3_runs/adapt_p2e_stand_seed2/metrics.jsonlWriting metrics: /scratch/midway3/rickybao/dreamerv3_runs/adapt_p2e_stand_seed2/scores.jsonl


--------------------[Agent Step 107_168]--------------------
Metrics filtered by: 'score|length|fps|ratio|train/loss/|train/rand/'
train/loss/con 0.02 / train/loss/dyn 10.75 / train/loss/height 1.4e-3 / train/loss/orientations 0.21 / train/loss/policy -0.08 / train/loss/rep 10.75 / train/loss/repval 1.15 / train/loss/rew 0.62 / train/loss/value 1.01 / train/loss/velocity 1.54 / replay/replay_ratio 1040 / fps/policy 36.57 / fps/train 3.7e4

Writing metrics: /scratch/midway3/rickybao/dreamerv3_runs/adapt_p2e_stand_seed2/metrics.jsonlWriting metrics: /scratch/midway3/rickybao/dreamerv3_runs/adapt_p2e_stand_seed2/scores.jsonl


--------------------[Agent Step 111_552]--------------------
Metrics filtered by: 'score|length|fps|ratio|train/loss/|train/rand/'
train/loss/con 0.02 / train/loss/dyn 10.82 / train/loss/height 1.4e-3 / train/loss/orientations 0.21 / train/loss/policy -0.07 / train/loss/rep 10.82 / train/loss/repval 1.15 / train/loss/rew 0.62 / train/loss/value 1.01 / train/loss/velocity 1.56 / replay/replay_ratio 1040 / fps/policy 36.52 / fps/train 3.7e4

Writing metrics: /scratch/midway3/rickybao/dreamerv3_runs/adapt_p2e_stand_seed2/metrics.jsonlWriting metrics: /scratch/midway3/rickybao/dreamerv3_runs/adapt_p2e_stand_seed2/scores.jsonl


--------------------[Agent Step 115_936]--------------------
Metrics filtered by: 'score|length|fps|ratio|train/loss/|train/rand/'
episode/score 851.23 / episode/length 1001 / train/loss/con 0.02 / train/loss/dyn 10.88 / train/loss/height 1.4e-3 / train/loss/orientations 0.21 / train/loss/policy -0.08 / train/loss/rep 10.88 / train/loss/repval 1.14 / train/loss/rew 0.62 / train/loss/value 0.99 / train/loss/velocity 1.57 / replay/replay_ratio 1040 / fps/policy 36.46 / fps/train 3.7e4

Writing metrics: /scratch/midway3/rickybao/dreamerv3_runs/adapt_p2e_stand_seed2/metrics.jsonlWriting metrics: /scratch/midway3/rickybao/dreamerv3_runs/adapt_p2e_stand_seed2/scores.jsonl


--------------------[Agent Step 120_320]--------------------
Metrics filtered by: 'score|length|fps|ratio|train/loss/|train/rand/'
train/loss/con 0.02 / train/loss/dyn 10.93 / train/loss/height 1.4e-3 / train/loss/orientations 0.21 / train/loss/policy -0.07 / train/loss/rep 10.93 / train/loss/repval 1.13 / train/loss/rew 0.62 / train/loss/value 0.98 / train/loss/velocity 1.59 / replay/replay_ratio 1040 / fps/policy 36.48 / fps/train 3.7e4

Writing metrics: /scratch/midway3/rickybao/dreamerv3_runs/adapt_p2e_stand_seed2/metrics.jsonlWriting metrics: /scratch/midway3/rickybao/dreamerv3_runs/adapt_p2e_stand_seed2/scores.jsonl


--------------------[Agent Step 124_720]--------------------
Metrics filtered by: 'score|length|fps|ratio|train/loss/|train/rand/'
train/loss/con 0.02 / train/loss/dyn 11 / train/loss/height 1.4e-3 / train/loss/orientations 0.22 / train/loss/policy -0.07 / train/loss/rep 11 / train/loss/repval 1.13 / train/loss/rew 0.62 / train/loss/value 0.98 / train/loss/velocity 1.6 / replay/replay_ratio 1040 / fps/policy 36.55 / fps/train 3.7e4

Writing metrics: /scratch/midway3/rickybao/dreamerv3_runs/adapt_p2e_stand_seed2/metrics.jsonlWriting metrics: /scratch/midway3/rickybao/dreamerv3_runs/adapt_p2e_stand_seed2/scores.jsonl


--------------------[Agent Step 129_104]--------------------
Metrics filtered by: 'score|length|fps|ratio|train/loss/|train/rand/'
episode/score 741.3 / episode/length 1001 / train/loss/con 0.02 / train/loss/dyn 11.04 / train/loss/height 1.4e-3 / train/loss/orientations 0.22 / train/loss/policy -0.07 / train/loss/rep 11.04 / train/loss/repval 1.12 / train/loss/rew 0.62 / train/loss/value 0.97 / train/loss/velocity 1.61 / replay/replay_ratio 1040 / fps/policy 36.47 / fps/train 3.7e4

Writing metrics: /scratch/midway3/rickybao/dreamerv3_runs/adapt_p2e_stand_seed2/scores.jsonlWriting metrics: /scratch/midway3/rickybao/dreamerv3_runs/adapt_p2e_stand_seed2/metrics.jsonl

Saving checkpoint: /scratch/midway3/rickybao/dreamerv3_runs/adapt_p2e_stand_seed2/ckpt/20260518T031910F170187
Saved checkpoint.

--------------------[Agent Step 133_440]--------------------
Metrics filtered by: 'score|length|fps|ratio|train/loss/|train/rand/'
train/loss/con 0.02 / train/loss/dyn 11.09 / train/loss/height 1.4e-3 / train/loss/orientations 0.22 / train/loss/policy -0.07 / train/loss/rep 11.09 / train/loss/repval 1.11 / train/loss/rew 0.62 / train/loss/value 0.96 / train/loss/velocity 1.63 / replay/replay_ratio 1040 / fps/policy 36.02 / fps/train 3.7e4

Writing metrics: /scratch/midway3/rickybao/dreamerv3_runs/adapt_p2e_stand_seed2/metrics.jsonl
Writing metrics: /scratch/midway3/rickybao/dreamerv3_runs/adapt_p2e_stand_seed2/scores.jsonl

--------------------[Agent Step 137_840]--------------------
Metrics filtered by: 'score|length|fps|ratio|train/loss/|train/rand/'
train/loss/con 0.02 / train/loss/dyn 11.14 / train/loss/height 1.4e-3 / train/loss/orientations 0.22 / train/loss/policy -0.07 / train/loss/rep 11.14 / train/loss/repval 1.11 / train/loss/rew 0.62 / train/loss/value 0.95 / train/loss/velocity 1.64 / replay/replay_ratio 1040 / fps/policy 36.55 / fps/train 3.7e4

Writing metrics: /scratch/midway3/rickybao/dreamerv3_runs/adapt_p2e_stand_seed2/metrics.jsonlWriting metrics: /scratch/midway3/rickybao/dreamerv3_runs/adapt_p2e_stand_seed2/scores.jsonl


--------------------[Agent Step 142_240]--------------------
Metrics filtered by: 'score|length|fps|ratio|train/loss/|train/rand/'
train/loss/con 0.02 / train/loss/dyn 11.19 / train/loss/height 1.5e-3 / train/loss/orientations 0.23 / train/loss/policy -0.07 / train/loss/rep 11.19 / train/loss/repval 1.1 / train/loss/rew 0.62 / train/loss/value 0.94 / train/loss/velocity 1.65 / replay/replay_ratio 1040 / fps/policy 36.55 / fps/train 3.7e4

Writing metrics: /scratch/midway3/rickybao/dreamerv3_runs/adapt_p2e_stand_seed2/metrics.jsonlWriting metrics: /scratch/midway3/rickybao/dreamerv3_runs/adapt_p2e_stand_seed2/scores.jsonl


--------------------[Agent Step 146_640]--------------------
Metrics filtered by: 'score|length|fps|ratio|train/loss/|train/rand/'
episode/score 871.77 / episode/length 1001 / train/loss/con 0.02 / train/loss/dyn 11.23 / train/loss/height 1.5e-3 / train/loss/orientations 0.23 / train/loss/policy -0.07 / train/loss/rep 11.23 / train/loss/repval 1.09 / train/loss/rew 0.62 / train/loss/value 0.93 / train/loss/velocity 1.66 / replay/replay_ratio 1040 / fps/policy 36.61 / fps/train 3.7e4

Writing metrics: /scratch/midway3/rickybao/dreamerv3_runs/adapt_p2e_stand_seed2/metrics.jsonlWriting metrics: /scratch/midway3/rickybao/dreamerv3_runs/adapt_p2e_stand_seed2/scores.jsonl


--------------------[Agent Step 151_056]--------------------
Metrics filtered by: 'score|length|fps|ratio|train/loss/|train/rand/'
train/loss/con 0.02 / train/loss/dyn 11.26 / train/loss/height 1.5e-3 / train/loss/orientations 0.23 / train/loss/policy -0.07 / train/loss/rep 11.26 / train/loss/repval 1.09 / train/loss/rew 0.62 / train/loss/value 0.93 / train/loss/velocity 1.66 / replay/replay_ratio 1040 / fps/policy 36.73 / fps/train 3.8e4

Writing metrics: /scratch/midway3/rickybao/dreamerv3_runs/adapt_p2e_stand_seed2/scores.jsonlWriting metrics: /scratch/midway3/rickybao/dreamerv3_runs/adapt_p2e_stand_seed2/metrics.jsonl


--------------------[Agent Step 155_472]--------------------
Metrics filtered by: 'score|length|fps|ratio|train/loss/|train/rand/'
train/loss/con 0.02 / train/loss/dyn 11.29 / train/loss/height 1.5e-3 / train/loss/orientations 0.23 / train/loss/policy -0.07 / train/loss/rep 11.29 / train/loss/repval 1.09 / train/loss/rew 0.62 / train/loss/value 0.92 / train/loss/velocity 1.67 / replay/replay_ratio 1040 / fps/policy 36.76 / fps/train 3.8e4

Writing metrics: /scratch/midway3/rickybao/dreamerv3_runs/adapt_p2e_stand_seed2/scores.jsonlWriting metrics: /scratch/midway3/rickybao/dreamerv3_runs/adapt_p2e_stand_seed2/metrics.jsonl


--------------------[Agent Step 159_888]--------------------
Metrics filtered by: 'score|length|fps|ratio|train/loss/|train/rand/'
train/loss/con 0.02 / train/loss/dyn 11.32 / train/loss/height 1.5e-3 / train/loss/orientations 0.23 / train/loss/policy -0.07 / train/loss/rep 11.32 / train/loss/repval 1.09 / train/loss/rew 0.62 / train/loss/value 0.92 / train/loss/velocity 1.67 / replay/replay_ratio 1040 / fps/policy 36.73 / fps/train 3.8e4

Writing metrics: /scratch/midway3/rickybao/dreamerv3_runs/adapt_p2e_stand_seed2/metrics.jsonlWriting metrics: /scratch/midway3/rickybao/dreamerv3_runs/adapt_p2e_stand_seed2/scores.jsonl


--------------------[Agent Step 164_304]--------------------
Metrics filtered by: 'score|length|fps|ratio|train/loss/|train/rand/'
episode/score 800.97 / episode/length 1001 / train/loss/con 0.02 / train/loss/dyn 11.34 / train/loss/height 1.5e-3 / train/loss/orientations 0.23 / train/loss/policy -0.07 / train/loss/rep 11.34 / train/loss/repval 1.09 / train/loss/rew 0.62 / train/loss/value 0.92 / train/loss/velocity 1.68 / replay/replay_ratio 1040 / fps/policy 36.68 / fps/train 3.8e4

Writing metrics: /scratch/midway3/rickybao/dreamerv3_runs/adapt_p2e_stand_seed2/metrics.jsonlWriting metrics: /scratch/midway3/rickybao/dreamerv3_runs/adapt_p2e_stand_seed2/scores.jsonl

Saving checkpoint: /scratch/midway3/rickybao/dreamerv3_runs/adapt_p2e_stand_seed2/ckpt/20260518T033410F350218
Saved checkpoint.

--------------------[Agent Step 168_672]--------------------
Metrics filtered by: 'score|length|fps|ratio|train/loss/|train/rand/'
train/loss/con 0.02 / train/loss/dyn 11.36 / train/loss/height 1.5e-3 / train/loss/orientations 0.23 / train/loss/policy -0.07 / train/loss/rep 11.36 / train/loss/repval 1.09 / train/loss/rew 0.62 / train/loss/value 0.92 / train/loss/velocity 1.69 / replay/replay_ratio 1040 / fps/policy 36.28 / fps/train 3.7e4

Writing metrics: /scratch/midway3/rickybao/dreamerv3_runs/adapt_p2e_stand_seed2/metrics.jsonlWriting metrics: /scratch/midway3/rickybao/dreamerv3_runs/adapt_p2e_stand_seed2/scores.jsonl


--------------------[Agent Step 173_088]--------------------
Metrics filtered by: 'score|length|fps|ratio|train/loss/|train/rand/'
train/loss/con 0.02 / train/loss/dyn 11.39 / train/loss/height 1.6e-3 / train/loss/orientations 0.23 / train/loss/policy -0.07 / train/loss/rep 11.39 / train/loss/repval 1.09 / train/loss/rew 0.62 / train/loss/value 0.92 / train/loss/velocity 1.69 / replay/replay_ratio 1040 / fps/policy 36.76 / fps/train 3.8e4

Writing metrics: /scratch/midway3/rickybao/dreamerv3_runs/adapt_p2e_stand_seed2/metrics.jsonlWriting metrics: /scratch/midway3/rickybao/dreamerv3_runs/adapt_p2e_stand_seed2/scores.jsonl


--------------------[Agent Step 177_504]--------------------
Metrics filtered by: 'score|length|fps|ratio|train/loss/|train/rand/'
episode/score 906.31 / episode/length 1001 / train/loss/con 0.02 / train/loss/dyn 11.39 / train/loss/height 1.6e-3 / train/loss/orientations 0.23 / train/loss/policy -0.07 / train/loss/rep 11.39 / train/loss/repval 1.09 / train/loss/rew 0.62 / train/loss/value 0.92 / train/loss/velocity 1.69 / replay/replay_ratio 1040 / fps/policy 36.75 / fps/train 3.8e4

Writing metrics: /scratch/midway3/rickybao/dreamerv3_runs/adapt_p2e_stand_seed2/metrics.jsonl
Writing metrics: /scratch/midway3/rickybao/dreamerv3_runs/adapt_p2e_stand_seed2/scores.jsonl

--------------------[Agent Step 181_920]--------------------
Metrics filtered by: 'score|length|fps|ratio|train/loss/|train/rand/'
train/loss/con 0.02 / train/loss/dyn 11.41 / train/loss/height 1.6e-3 / train/loss/orientations 0.23 / train/loss/policy -0.07 / train/loss/rep 11.41 / train/loss/repval 1.08 / train/loss/rew 0.62 / train/loss/value 0.92 / train/loss/velocity 1.7 / replay/replay_ratio 1040 / fps/policy 36.75 / fps/train 3.8e4

Writing metrics: /scratch/midway3/rickybao/dreamerv3_runs/adapt_p2e_stand_seed2/metrics.jsonlWriting metrics: /scratch/midway3/rickybao/dreamerv3_runs/adapt_p2e_stand_seed2/scores.jsonl


--------------------[Agent Step 186_336]--------------------
Metrics filtered by: 'score|length|fps|ratio|train/loss/|train/rand/'
train/loss/con 0.02 / train/loss/dyn 11.44 / train/loss/height 1.6e-3 / train/loss/orientations 0.24 / train/loss/policy -0.07 / train/loss/rep 11.44 / train/loss/repval 1.08 / train/loss/rew 0.62 / train/loss/value 0.91 / train/loss/velocity 1.7 / replay/replay_ratio 1040 / fps/policy 36.79 / fps/train 3.8e4

Writing metrics: /scratch/midway3/rickybao/dreamerv3_runs/adapt_p2e_stand_seed2/metrics.jsonl
Writing metrics: /scratch/midway3/rickybao/dreamerv3_runs/adapt_p2e_stand_seed2/scores.jsonl

--------------------[Agent Step 190_752]--------------------
Metrics filtered by: 'score|length|fps|ratio|train/loss/|train/rand/'
train/loss/con 0.02 / train/loss/dyn 11.45 / train/loss/height 1.6e-3 / train/loss/orientations 0.24 / train/loss/policy -0.07 / train/loss/rep 11.45 / train/loss/repval 1.07 / train/loss/rew 0.62 / train/loss/value 0.9 / train/loss/velocity 1.71 / replay/replay_ratio 1040 / fps/policy 36.78 / fps/train 3.8e4

Writing metrics: /scratch/midway3/rickybao/dreamerv3_runs/adapt_p2e_stand_seed2/metrics.jsonlWriting metrics: /scratch/midway3/rickybao/dreamerv3_runs/adapt_p2e_stand_seed2/scores.jsonl


--------------------[Agent Step 195_168]--------------------
Metrics filtered by: 'score|length|fps|ratio|train/loss/|train/rand/'
episode/score 908.74 / episode/length 1001 / train/loss/con 0.02 / train/loss/dyn 11.46 / train/loss/height 1.6e-3 / train/loss/orientations 0.24 / train/loss/policy -0.07 / train/loss/rep 11.46 / train/loss/repval 1.07 / train/loss/rew 0.62 / train/loss/value 0.89 / train/loss/velocity 1.71 / replay/replay_ratio 1040 / fps/policy 36.75 / fps/train 3.8e4

Writing metrics: /scratch/midway3/rickybao/dreamerv3_runs/adapt_p2e_stand_seed2/metrics.jsonlWriting metrics: /scratch/midway3/rickybao/dreamerv3_runs/adapt_p2e_stand_seed2/scores.jsonl

Saving checkpoint: /scratch/midway3/rickybao/dreamerv3_runs/adapt_p2e_stand_seed2/ckpt/20260518T034910F543367
Saved checkpoint.

--------------------[Agent Step 199_536]--------------------
Metrics filtered by: 'score|length|fps|ratio|train/loss/|train/rand/'
train/loss/con 0.02 / train/loss/dyn 11.47 / train/loss/height 1.6e-3 / train/loss/orientations 0.24 / train/loss/policy -0.07 / train/loss/rep 11.47 / train/loss/repval 1.06 / train/loss/rew 0.62 / train/loss/value 0.88 / train/loss/velocity 1.71 / replay/replay_ratio 1040 / fps/policy 36.34 / fps/train 3.7e4

Writing metrics: /scratch/midway3/rickybao/dreamerv3_runs/adapt_p2e_stand_seed2/metrics.jsonlWriting metrics: /scratch/midway3/rickybao/dreamerv3_runs/adapt_p2e_stand_seed2/scores.jsonl


--------------------[Agent Step 203_968]--------------------
Metrics filtered by: 'score|length|fps|ratio|train/loss/|train/rand/'
train/loss/con 0.02 / train/loss/dyn 11.5 / train/loss/height 1.6e-3 / train/loss/orientations 0.24 / train/loss/policy -0.07 / train/loss/rep 11.5 / train/loss/repval 1.06 / train/loss/rew 0.62 / train/loss/value 0.88 / train/loss/velocity 1.72 / replay/replay_ratio 1040 / fps/policy 36.81 / fps/train 3.8e4

Writing metrics: /scratch/midway3/rickybao/dreamerv3_runs/adapt_p2e_stand_seed2/metrics.jsonl
Writing metrics: /scratch/midway3/rickybao/dreamerv3_runs/adapt_p2e_stand_seed2/scores.jsonl

--------------------[Agent Step 208_400]--------------------
Metrics filtered by: 'score|length|fps|ratio|train/loss/|train/rand/'
episode/score 923.05 / episode/length 1001 / train/loss/con 0.02 / train/loss/dyn 11.5 / train/loss/height 1.6e-3 / train/loss/orientations 0.24 / train/loss/policy -0.07 / train/loss/rep 11.5 / train/loss/repval 1.06 / train/loss/rew 0.62 / train/loss/value 0.88 / train/loss/velocity 1.72 / replay/replay_ratio 1040 / fps/policy 36.81 / fps/train 3.8e4

Writing metrics: /scratch/midway3/rickybao/dreamerv3_runs/adapt_p2e_stand_seed2/metrics.jsonl
Writing metrics: /scratch/midway3/rickybao/dreamerv3_runs/adapt_p2e_stand_seed2/scores.jsonl

--------------------[Agent Step 212_816]--------------------
Metrics filtered by: 'score|length|fps|ratio|train/loss/|train/rand/'
train/loss/con 0.02 / train/loss/dyn 11.52 / train/loss/height 1.6e-3 / train/loss/orientations 0.24 / train/loss/policy -0.06 / train/loss/rep 11.52 / train/loss/repval 1.06 / train/loss/rew 0.62 / train/loss/value 0.87 / train/loss/velocity 1.73 / replay/replay_ratio 1040 / fps/policy 36.75 / fps/train 3.8e4

Writing metrics: /scratch/midway3/rickybao/dreamerv3_runs/adapt_p2e_stand_seed2/metrics.jsonlWriting metrics: /scratch/midway3/rickybao/dreamerv3_runs/adapt_p2e_stand_seed2/scores.jsonl


--------------------[Agent Step 217_232]--------------------
Metrics filtered by: 'score|length|fps|ratio|train/loss/|train/rand/'
train/loss/con 0.02 / train/loss/dyn 11.54 / train/loss/height 1.6e-3 / train/loss/orientations 0.24 / train/loss/policy -0.06 / train/loss/rep 11.54 / train/loss/repval 1.05 / train/loss/rew 0.62 / train/loss/value 0.87 / train/loss/velocity 1.73 / replay/replay_ratio 1040 / fps/policy 36.73 / fps/train 3.8e4

Writing metrics: /scratch/midway3/rickybao/dreamerv3_runs/adapt_p2e_stand_seed2/metrics.jsonl
Writing metrics: /scratch/midway3/rickybao/dreamerv3_runs/adapt_p2e_stand_seed2/scores.jsonl

--------------------[Agent Step 221_664]--------------------
Metrics filtered by: 'score|length|fps|ratio|train/loss/|train/rand/'
train/loss/con 0.02 / train/loss/dyn 11.55 / train/loss/height 1.6e-3 / train/loss/orientations 0.24 / train/loss/policy -0.07 / train/loss/rep 11.55 / train/loss/repval 1.05 / train/loss/rew 0.62 / train/loss/value 0.87 / train/loss/velocity 1.73 / replay/replay_ratio 1040 / fps/policy 36.8 / fps/train 3.8e4

Writing metrics: /scratch/midway3/rickybao/dreamerv3_runs/adapt_p2e_stand_seed2/metrics.jsonlWriting metrics: /scratch/midway3/rickybao/dreamerv3_runs/adapt_p2e_stand_seed2/scores.jsonl


--------------------[Agent Step 226_080]--------------------
Metrics filtered by: 'score|length|fps|ratio|train/loss/|train/rand/'
episode/score 626.66 / episode/length 1001 / train/loss/con 0.02 / train/loss/dyn 11.56 / train/loss/height 1.6e-3 / train/loss/orientations 0.24 / train/loss/policy -0.07 / train/loss/rep 11.56 / train/loss/repval 1.05 / train/loss/rew 0.62 / train/loss/value 0.86 / train/loss/velocity 1.74 / replay/replay_ratio 1040 / fps/policy 36.77 / fps/train 3.8e4

Writing metrics: /scratch/midway3/rickybao/dreamerv3_runs/adapt_p2e_stand_seed2/metrics.jsonlWriting metrics: /scratch/midway3/rickybao/dreamerv3_runs/adapt_p2e_stand_seed2/scores.jsonl


--------------------[Agent Step 230_496]--------------------
Metrics filtered by: 'score|length|fps|ratio|train/loss/|train/rand/'
train/loss/con 0.02 / train/loss/dyn 11.58 / train/loss/height 1.6e-3 / train/loss/orientations 0.24 / train/loss/policy -0.07 / train/loss/rep 11.58 / train/loss/repval 1.04 / train/loss/rew 0.62 / train/loss/value 0.86 / train/loss/velocity 1.74 / replay/replay_ratio 1040 / fps/policy 36.77 / fps/train 3.8e4

Writing metrics: /scratch/midway3/rickybao/dreamerv3_runs/adapt_p2e_stand_seed2/metrics.jsonlWriting metrics: /scratch/midway3/rickybao/dreamerv3_runs/adapt_p2e_stand_seed2/scores.jsonl

Saving checkpoint: /scratch/midway3/rickybao/dreamerv3_runs/adapt_p2e_stand_seed2/ckpt/20260518T040410F818869
Saved checkpoint.

--------------------[Agent Step 234_864]--------------------
Metrics filtered by: 'score|length|fps|ratio|train/loss/|train/rand/'
train/loss/con 0.02 / train/loss/dyn 11.59 / train/loss/height 1.6e-3 / train/loss/orientations 0.24 / train/loss/policy -0.07 / train/loss/rep 11.59 / train/loss/repval 1.04 / train/loss/rew 0.62 / train/loss/value 0.86 / train/loss/velocity 1.74 / replay/replay_ratio 1040 / fps/policy 36.35 / fps/train 3.7e4

Writing metrics: /scratch/midway3/rickybao/dreamerv3_runs/adapt_p2e_stand_seed2/metrics.jsonl
Writing metrics: /scratch/midway3/rickybao/dreamerv3_runs/adapt_p2e_stand_seed2/scores.jsonl

--------------------[Agent Step 239_296]--------------------
Metrics filtered by: 'score|length|fps|ratio|train/loss/|train/rand/'
train/loss/con 0.02 / train/loss/dyn 11.6 / train/loss/height 1.6e-3 / train/loss/orientations 0.25 / train/loss/policy -0.07 / train/loss/rep 11.6 / train/loss/repval 1.04 / train/loss/rew 0.62 / train/loss/value 0.86 / train/loss/velocity 1.75 / replay/replay_ratio 1040 / fps/policy 36.82 / fps/train 3.8e4

Writing metrics: /scratch/midway3/rickybao/dreamerv3_runs/adapt_p2e_stand_seed2/metrics.jsonlWriting metrics: /scratch/midway3/rickybao/dreamerv3_runs/adapt_p2e_stand_seed2/scores.jsonl


--------------------[Agent Step 243_712]--------------------
Metrics filtered by: 'score|length|fps|ratio|train/loss/|train/rand/'
episode/score 564.54 / episode/length 1001 / train/loss/con 0.02 / train/loss/dyn 11.61 / train/loss/height 1.6e-3 / train/loss/orientations 0.25 / train/loss/policy -0.07 / train/loss/rep 11.61 / train/loss/repval 1.04 / train/loss/rew 0.62 / train/loss/value 0.86 / train/loss/velocity 1.75 / replay/replay_ratio 1040 / fps/policy 36.75 / fps/train 3.8e4

Writing metrics: /scratch/midway3/rickybao/dreamerv3_runs/adapt_p2e_stand_seed2/scores.jsonlWriting metrics: /scratch/midway3/rickybao/dreamerv3_runs/adapt_p2e_stand_seed2/metrics.jsonl


--------------------[Agent Step 248_128]--------------------
Metrics filtered by: 'score|length|fps|ratio|train/loss/|train/rand/'
train/loss/con 0.02 / train/loss/dyn 11.63 / train/loss/height 1.6e-3 / train/loss/orientations 0.25 / train/loss/policy -0.07 / train/loss/rep 11.63 / train/loss/repval 1.03 / train/loss/rew 0.62 / train/loss/value 0.85 / train/loss/velocity 1.76 / replay/replay_ratio 1040 / fps/policy 36.79 / fps/train 3.8e4

Writing metrics: /scratch/midway3/rickybao/dreamerv3_runs/adapt_p2e_stand_seed2/metrics.jsonlWriting metrics: /scratch/midway3/rickybao/dreamerv3_runs/adapt_p2e_stand_seed2/scores.jsonl

Adaptation finished | End time: Mon May 18 04:12:14 CDT 2026
Logdir: /scratch/midway3/rickybao/dreamerv3_runs/adapt_p2e_stand_seed2
