==============================
Slurm job started | Job ID: 49737743 | Node: midway3-0279.rcc.local
Start time: Mon May 18 02:12:46 CDT 2026
Frozen-readout adaptation | Cond: random | Task: walk | Seed: 1
==============================
PYTHON=/scratch/midway3/rickybao/conda_envs/dreamerv3/bin/python
LOGDIR=/scratch/midway3/rickybao/dreamerv3_runs/adapt_random_walk_seed1
Pretrained world model: /scratch/midway3/rickybao/dreamerv3_runs/pretrain_random_seed1/ckpt/20260517T183924F733100
GPU check:
Mon May 18 02:12:46 2026       
+---------------------------------------------------------------------------------------+
| NVIDIA-SMI 535.216.03             Driver Version: 535.216.03   CUDA Version: 12.2     |
|-----------------------------------------+----------------------+----------------------+
| GPU  Name                 Persistence-M | Bus-Id        Disp.A | Volatile Uncorr. ECC |
| Fan  Temp   Perf          Pwr:Usage/Cap |         Memory-Usage | GPU-Util  Compute M. |
|                                         |                      |               MIG M. |
|=========================================+======================+======================|
|   0  Tesla V100-PCIE-16GB           On  | 00000000:D8:00.0 Off |                  Off |
| N/A   32C    P0              28W / 250W |      0MiB / 16384MiB |      0%      Default |
|                                         |                      |                  N/A |
+-----------------------------------------+----------------------+----------------------+
                                                                                         
+---------------------------------------------------------------------------------------+
| Processes:                                                                            |
|  GPU   GI   CI        PID   Type   Process name                            GPU Memory |
|        ID   ID                                                             Usage      |
|=======================================================================================|
|  No running processes found                                                           |
+---------------------------------------------------------------------------------------+
Starting frozen-readout adaptation
---  ___                           __   ______ ---
--- |   \ _ _ ___ __ _ _ __  ___ _ \ \ / /__ / ---
--- | |) | '_/ -_) _` | '  \/ -_) '/\ V / |_ \ ---
--- |___/|_| \___\__,_|_|_|_\___|_|  \_/ |___/ ---
Replica: 0 / 1
Logdir: /scratch/midway3/rickybao/dreamerv3_runs/adapt_random_walk_seed1
Run script: train
Observations
  reward           Space(float32, shape=(), low=-inf, high=inf)
  is_first         Space(bool, shape=(), low=False, high=True)
  is_last          Space(bool, shape=(), low=False, high=True)
  is_terminal      Space(bool, shape=(), low=False, high=True)
  orientations     Space(float32, shape=(14,), low=-inf, high=inf)
  height           Space(float32, shape=(), low=-inf, high=inf)
  velocity         Space(float32, shape=(9,), low=-inf, high=inf)
Actions
  action           Space(float32, shape=(6,), low=-1.0, high=1.0)
Extras
  consec           Space(int32, shape=(), low=-2147483648, high=2147483647)
  stepid           Space(uint8, shape=(20,), low=0, high=255)
  dyn/deter        Space(float32, shape=(512,), low=-inf, high=inf)
  dyn/stoch        Space(float32, shape=(32, 4), low=-inf, high=inf)
JAX devices (1): [cuda:0]
Policy devices: cuda:0
Train devices:  cuda:0
Initializing parameters...
Optimizer opt has 215,243 params:
        66,111 val
        57,663 rew
        50,316 pol
        41,153 con
Done initializing!
Compiling 1 checkpoint groups...
Largest checkpoint group: 0 GB
Compiling train and report...
Train cost analysis:
  FLOPS:            7.2e+09
  Memory (temp):    2.0e+08
  Memory (inputs):  7.4e+06
  Memory (outputs): 5.9e+06
  Memory (code):    1.5e+06

Report cost analysis:
  FLOPS:            1.9e+06
  Memory (temp):    9.3e+05
  Memory (inputs):  2.8e+06
  Memory (outputs): 2.1e+04
  Memory (code):    9.7e+04

Done compiling!
Loaded pretrained checkpoint with keys: ['dec/mlp/linear0/bias', 'dec/mlp/linear0/kernel', 'dec/mlp/linear1/bias', 'dec/mlp/linear1/kernel', 'dec/mlp/linear2/bias', 'dec/mlp/linear2/kernel', 'dec/mlp/norm0/scale', 'dec/mlp/norm1/scale', 'dec/mlp/norm2/scale', 'dec/vec/height/pred/bias', 'dec/vec/height/pred/kernel', 'dec/vec/orientations/pred/bias', 'dec/vec/orientations/pred/kernel', 'dec/vec/velocity/pred/bias', 'dec/vec/velocity/pred/kernel', 'dyn/dyngru/bias', 'dyn/dyngru/kernel', 'dyn/dynhid0/bias', 'dyn/dynhid0/kernel', 'dyn/dynhid0norm/scale', 'dyn/dynin0/bias', 'dyn/dynin0/kernel', 'dyn/dynin0norm/scale', 'dyn/dynin1/bias', 'dyn/dynin1/kernel', 'dyn/dynin1norm/scale', 'dyn/dynin2/bias', 'dyn/dynin2/kernel', 'dyn/dynin2norm/scale', 'dyn/obs0/bias', 'dyn/obs0/kernel', 'dyn/obs0norm/scale', 'dyn/obslogit/bias', 'dyn/obslogit/kernel', 'dyn/prior0/bias', 'dyn/prior0/kernel', 'dyn/prior0norm/scale', 'dyn/prior1/bias', 'dyn/prior1/kernel', 'dyn/prior1norm/scale', 'dyn/priorlogit/bias', 'dyn/priorlogit/kernel', 'enc/mlp0/bias', 'enc/mlp0/kernel', 'enc/mlp0norm/scale', 'enc/mlp1/bias', 'enc/mlp1/kernel', 'enc/mlp1norm/scale', 'enc/mlp2/bias', 'enc/mlp2/kernel', 'enc/mlp2norm/scale']
Did not find any checkpoint.
Saving checkpoint: /scratch/midway3/rickybao/dreamerv3_runs/adapt_random_walk_seed1/ckpt/20260518T021316F574115
Saved checkpoint.
Start training loop

--------------------[Agent Step 6_256]--------------------
Metrics filtered by: 'score|length|fps|ratio|train/loss/|train/rand/'
train/loss/con 0.07 / train/loss/dyn 6.99 / train/loss/height 8.1e-4 / train/loss/orientations 0.06 / train/loss/policy 1.17 / train/loss/rep 6.99 / train/loss/repval 4.91 / train/loss/rew 1.53 / train/loss/value 2.27 / train/loss/velocity 0.87 / replay/replay_ratio 836.85 / fps/policy 50.5 / fps/train 3.5e4

Writing metrics: /scratch/midway3/rickybao/dreamerv3_runs/adapt_random_walk_seed1/metrics.jsonl
Writing metrics: /scratch/midway3/rickybao/dreamerv3_runs/adapt_random_walk_seed1/scores.jsonl

--------------------[Agent Step 10_704]--------------------
Metrics filtered by: 'score|length|fps|ratio|train/loss/|train/rand/'
train/loss/con 0.02 / train/loss/dyn 7.45 / train/loss/height 9e-4 / train/loss/orientations 0.06 / train/loss/policy 2.43 / train/loss/rep 7.45 / train/loss/repval 2.25 / train/loss/rew 0.51 / train/loss/value 1.43 / train/loss/velocity 0.96 / replay/replay_ratio 1040 / fps/policy 36.96 / fps/train 3.8e4

Writing metrics: /scratch/midway3/rickybao/dreamerv3_runs/adapt_random_walk_seed1/metrics.jsonlWriting metrics: /scratch/midway3/rickybao/dreamerv3_runs/adapt_random_walk_seed1/scores.jsonl


--------------------[Agent Step 15_136]--------------------
Metrics filtered by: 'score|length|fps|ratio|train/loss/|train/rand/'
train/loss/con 0.02 / train/loss/dyn 8.23 / train/loss/height 1.6e-3 / train/loss/orientations 0.09 / train/loss/policy 1.39 / train/loss/rep 8.23 / train/loss/repval 1.52 / train/loss/rew 0.56 / train/loss/value 1.17 / train/loss/velocity 1.2 / replay/replay_ratio 1040 / fps/policy 36.93 / fps/train 3.8e4

Writing metrics: /scratch/midway3/rickybao/dreamerv3_runs/adapt_random_walk_seed1/scores.jsonlWriting metrics: /scratch/midway3/rickybao/dreamerv3_runs/adapt_random_walk_seed1/metrics.jsonl


--------------------[Agent Step 19_568]--------------------
Metrics filtered by: 'score|length|fps|ratio|train/loss/|train/rand/'
episode/score 136.37 / episode/length 1001 / train/loss/con 0.02 / train/loss/dyn 8.73 / train/loss/height 2.2e-3 / train/loss/orientations 0.11 / train/loss/policy 0.31 / train/loss/rep 8.73 / train/loss/repval 1.25 / train/loss/rew 0.59 / train/loss/value 1.03 / train/loss/velocity 1.41 / replay/replay_ratio 1040 / fps/policy 36.92 / fps/train 3.8e4

Writing metrics: /scratch/midway3/rickybao/dreamerv3_runs/adapt_random_walk_seed1/scores.jsonlWriting metrics: /scratch/midway3/rickybao/dreamerv3_runs/adapt_random_walk_seed1/metrics.jsonl


--------------------[Agent Step 23_952]--------------------
Metrics filtered by: 'score|length|fps|ratio|train/loss/|train/rand/'
train/loss/con 0.02 / train/loss/dyn 9.19 / train/loss/height 2.4e-3 / train/loss/orientations 0.13 / train/loss/policy 0.08 / train/loss/rep 9.19 / train/loss/repval 1.11 / train/loss/rew 0.62 / train/loss/value 0.96 / train/loss/velocity 1.6 / replay/replay_ratio 1040 / fps/policy 36.46 / fps/train 3.7e4

Writing metrics: /scratch/midway3/rickybao/dreamerv3_runs/adapt_random_walk_seed1/metrics.jsonlWriting metrics: /scratch/midway3/rickybao/dreamerv3_runs/adapt_random_walk_seed1/scores.jsonl


--------------------[Agent Step 28_400]--------------------
Metrics filtered by: 'score|length|fps|ratio|train/loss/|train/rand/'
train/loss/con 0.02 / train/loss/dyn 9.83 / train/loss/height 2.5e-3 / train/loss/orientations 0.15 / train/loss/policy 0.03 / train/loss/rep 9.83 / train/loss/repval 1.04 / train/loss/rew 0.63 / train/loss/value 0.92 / train/loss/velocity 1.88 / replay/replay_ratio 1040 / fps/policy 36.99 / fps/train 3.8e4

Writing metrics: /scratch/midway3/rickybao/dreamerv3_runs/adapt_random_walk_seed1/metrics.jsonlWriting metrics: /scratch/midway3/rickybao/dreamerv3_runs/adapt_random_walk_seed1/scores.jsonl


--------------------[Agent Step 32_848]--------------------
Metrics filtered by: 'score|length|fps|ratio|train/loss/|train/rand/'
episode/score 219.92 / episode/length 1001 / train/loss/con 0.02 / train/loss/dyn 10.59 / train/loss/height 2.5e-3 / train/loss/orientations 0.19 / train/loss/policy 0.02 / train/loss/rep 10.59 / train/loss/repval 1.06 / train/loss/rew 0.63 / train/loss/value 1.12 / train/loss/velocity 2.16 / replay/replay_ratio 1040 / fps/policy 37.06 / fps/train 3.8e4

Writing metrics: /scratch/midway3/rickybao/dreamerv3_runs/adapt_random_walk_seed1/metrics.jsonlWriting metrics: /scratch/midway3/rickybao/dreamerv3_runs/adapt_random_walk_seed1/scores.jsonl

Saving checkpoint: /scratch/midway3/rickybao/dreamerv3_runs/adapt_random_walk_seed1/ckpt/20260518T022818F680536
Saved checkpoint.

--------------------[Agent Step 37_248]--------------------
Metrics filtered by: 'score|length|fps|ratio|train/loss/|train/rand/'
train/loss/con 0.02 / train/loss/dyn 10.88 / train/loss/height 2.6e-3 / train/loss/orientations 0.21 / train/loss/policy 0.02 / train/loss/rep 10.88 / train/loss/repval 1.03 / train/loss/rew 0.64 / train/loss/value 1.12 / train/loss/velocity 2.26 / replay/replay_ratio 1040 / fps/policy 36.61 / fps/train 3.7e4

Writing metrics: /scratch/midway3/rickybao/dreamerv3_runs/adapt_random_walk_seed1/metrics.jsonl
Writing metrics: /scratch/midway3/rickybao/dreamerv3_runs/adapt_random_walk_seed1/scores.jsonl

--------------------[Agent Step 41_712]--------------------
Metrics filtered by: 'score|length|fps|ratio|train/loss/|train/rand/'
train/loss/con 0.02 / train/loss/dyn 10.94 / train/loss/height 2.7e-3 / train/loss/orientations 0.21 / train/loss/policy 0.05 / train/loss/rep 10.94 / train/loss/repval 1.15 / train/loss/rew 0.64 / train/loss/value 1.05 / train/loss/velocity 2.3 / replay/replay_ratio 1040 / fps/policy 37.1 / fps/train 3.8e4

Writing metrics: /scratch/midway3/rickybao/dreamerv3_runs/adapt_random_walk_seed1/metrics.jsonlWriting metrics: /scratch/midway3/rickybao/dreamerv3_runs/adapt_random_walk_seed1/scores.jsonl


--------------------[Agent Step 46_176]--------------------
Metrics filtered by: 'score|length|fps|ratio|train/loss/|train/rand/'
train/loss/con 0.02 / train/loss/dyn 10.94 / train/loss/height 3.7e-3 / train/loss/orientations 0.26 / train/loss/policy -5.3e-3 / train/loss/rep 10.94 / train/loss/repval 0.95 / train/loss/rew 0.63 / train/loss/value 0.99 / train/loss/velocity 2.44 / replay/replay_ratio 1040 / fps/policy 37.09 / fps/train 3.8e4

Writing metrics: /scratch/midway3/rickybao/dreamerv3_runs/adapt_random_walk_seed1/scores.jsonlWriting metrics: /scratch/midway3/rickybao/dreamerv3_runs/adapt_random_walk_seed1/metrics.jsonl


--------------------[Agent Step 50_640]--------------------
Metrics filtered by: 'score|length|fps|ratio|train/loss/|train/rand/'
episode/score 220.67 / episode/length 1001 / train/loss/con 0.02 / train/loss/dyn 11.04 / train/loss/height 3.9e-3 / train/loss/orientations 0.33 / train/loss/policy -0.03 / train/loss/rep 11.04 / train/loss/repval 1.09 / train/loss/rew 0.63 / train/loss/value 1.01 / train/loss/velocity 2.47 / replay/replay_ratio 1040 / fps/policy 37.08 / fps/train 3.8e4

Writing metrics: /scratch/midway3/rickybao/dreamerv3_runs/adapt_random_walk_seed1/metrics.jsonl
Writing metrics: /scratch/midway3/rickybao/dreamerv3_runs/adapt_random_walk_seed1/scores.jsonl

--------------------[Agent Step 55_104]--------------------
Metrics filtered by: 'score|length|fps|ratio|train/loss/|train/rand/'
train/loss/con 0.02 / train/loss/dyn 11.22 / train/loss/height 4.3e-3 / train/loss/orientations 0.4 / train/loss/policy -0.05 / train/loss/rep 11.22 / train/loss/repval 0.87 / train/loss/rew 0.64 / train/loss/value 1.12 / train/loss/velocity 2.5 / replay/replay_ratio 1040 / fps/policy 37.11 / fps/train 3.8e4

Writing metrics: /scratch/midway3/rickybao/dreamerv3_runs/adapt_random_walk_seed1/metrics.jsonlWriting metrics: /scratch/midway3/rickybao/dreamerv3_runs/adapt_random_walk_seed1/scores.jsonl


--------------------[Agent Step 59_568]--------------------
Metrics filtered by: 'score|length|fps|ratio|train/loss/|train/rand/'
train/loss/con 0.02 / train/loss/dyn 11.47 / train/loss/height 5e-3 / train/loss/orientations 0.49 / train/loss/policy -0.05 / train/loss/rep 11.47 / train/loss/repval 1.01 / train/loss/rew 0.64 / train/loss/value 1.12 / train/loss/velocity 2.53 / replay/replay_ratio 1040 / fps/policy 37.1 / fps/train 3.8e4

Writing metrics: /scratch/midway3/rickybao/dreamerv3_runs/adapt_random_walk_seed1/metrics.jsonlWriting metrics: /scratch/midway3/rickybao/dreamerv3_runs/adapt_random_walk_seed1/scores.jsonl


--------------------[Agent Step 64_032]--------------------
Metrics filtered by: 'score|length|fps|ratio|train/loss/|train/rand/'
train/loss/con 0.02 / train/loss/dyn 11.66 / train/loss/height 5.5e-3 / train/loss/orientations 0.58 / train/loss/policy -0.05 / train/loss/rep 11.66 / train/loss/repval 1.1 / train/loss/rew 0.64 / train/loss/value 0.97 / train/loss/velocity 2.57 / replay/replay_ratio 1040 / fps/policy 37.11 / fps/train 3.8e4

Writing metrics: /scratch/midway3/rickybao/dreamerv3_runs/adapt_random_walk_seed1/metrics.jsonlWriting metrics: /scratch/midway3/rickybao/dreamerv3_runs/adapt_random_walk_seed1/scores.jsonl

Saving checkpoint: /scratch/midway3/rickybao/dreamerv3_runs/adapt_random_walk_seed1/ckpt/20260518T024318F884792
Saved checkpoint.

--------------------[Agent Step 68_448]--------------------
Metrics filtered by: 'score|length|fps|ratio|train/loss/|train/rand/'
episode/score 99.42 / episode/length 1001 / train/loss/con 0.02 / train/loss/dyn 11.78 / train/loss/height 5.8e-3 / train/loss/orientations 0.61 / train/loss/policy -0.04 / train/loss/rep 11.78 / train/loss/repval 1.13 / train/loss/rew 0.64 / train/loss/value 0.86 / train/loss/velocity 2.6 / replay/replay_ratio 1040 / fps/policy 36.67 / fps/train 3.8e4

Writing metrics: /scratch/midway3/rickybao/dreamerv3_runs/adapt_random_walk_seed1/scores.jsonlWriting metrics: /scratch/midway3/rickybao/dreamerv3_runs/adapt_random_walk_seed1/metrics.jsonl


--------------------[Agent Step 72_912]--------------------
Metrics filtered by: 'score|length|fps|ratio|train/loss/|train/rand/'
train/loss/con 0.02 / train/loss/dyn 11.79 / train/loss/height 5.8e-3 / train/loss/orientations 0.62 / train/loss/policy -0.05 / train/loss/rep 11.79 / train/loss/repval 1.1 / train/loss/rew 0.64 / train/loss/value 0.78 / train/loss/velocity 2.61 / replay/replay_ratio 1040 / fps/policy 37.12 / fps/train 3.8e4

Writing metrics: /scratch/midway3/rickybao/dreamerv3_runs/adapt_random_walk_seed1/metrics.jsonlWriting metrics: /scratch/midway3/rickybao/dreamerv3_runs/adapt_random_walk_seed1/scores.jsonl


--------------------[Agent Step 77_376]--------------------
Metrics filtered by: 'score|length|fps|ratio|train/loss/|train/rand/'
train/loss/con 0.02 / train/loss/dyn 11.89 / train/loss/height 6e-3 / train/loss/orientations 0.68 / train/loss/policy -0.05 / train/loss/rep 11.89 / train/loss/repval 1.08 / train/loss/rew 0.64 / train/loss/value 0.77 / train/loss/velocity 2.63 / replay/replay_ratio 1040 / fps/policy 37.1 / fps/train 3.8e4

Writing metrics: /scratch/midway3/rickybao/dreamerv3_runs/adapt_random_walk_seed1/metrics.jsonlWriting metrics: /scratch/midway3/rickybao/dreamerv3_runs/adapt_random_walk_seed1/scores.jsonl


--------------------[Agent Step 81_824]--------------------
Metrics filtered by: 'score|length|fps|ratio|train/loss/|train/rand/'
episode/score 99.06 / episode/length 1001 / train/loss/con 0.02 / train/loss/dyn 12 / train/loss/height 6.1e-3 / train/loss/orientations 0.75 / train/loss/policy -0.06 / train/loss/rep 12 / train/loss/repval 1.04 / train/loss/rew 0.64 / train/loss/value 0.79 / train/loss/velocity 2.66 / replay/replay_ratio 1040 / fps/policy 37.03 / fps/train 3.8e4

Writing metrics: /scratch/midway3/rickybao/dreamerv3_runs/adapt_random_walk_seed1/metrics.jsonlWriting metrics: /scratch/midway3/rickybao/dreamerv3_runs/adapt_random_walk_seed1/scores.jsonl


--------------------[Agent Step 86_288]--------------------
Metrics filtered by: 'score|length|fps|ratio|train/loss/|train/rand/'
train/loss/con 0.02 / train/loss/dyn 12.05 / train/loss/height 6.2e-3 / train/loss/orientations 0.79 / train/loss/policy -0.07 / train/loss/rep 12.05 / train/loss/repval 0.92 / train/loss/rew 0.65 / train/loss/value 1.03 / train/loss/velocity 2.69 / replay/replay_ratio 1040 / fps/policy 37.1 / fps/train 3.8e4

Writing metrics: /scratch/midway3/rickybao/dreamerv3_runs/adapt_random_walk_seed1/scores.jsonlWriting metrics: /scratch/midway3/rickybao/dreamerv3_runs/adapt_random_walk_seed1/metrics.jsonl


--------------------[Agent Step 90_752]--------------------
Metrics filtered by: 'score|length|fps|ratio|train/loss/|train/rand/'
train/loss/con 0.02 / train/loss/dyn 12.17 / train/loss/height 6.1e-3 / train/loss/orientations 0.85 / train/loss/policy -0.07 / train/loss/rep 12.17 / train/loss/repval 1.03 / train/loss/rew 0.65 / train/loss/value 1.18 / train/loss/velocity 2.71 / replay/replay_ratio 1040 / fps/policy 37.11 / fps/train 3.8e4

Writing metrics: /scratch/midway3/rickybao/dreamerv3_runs/adapt_random_walk_seed1/metrics.jsonlWriting metrics: /scratch/midway3/rickybao/dreamerv3_runs/adapt_random_walk_seed1/scores.jsonl


--------------------[Agent Step 95_216]--------------------
Metrics filtered by: 'score|length|fps|ratio|train/loss/|train/rand/'
train/loss/con 0.02 / train/loss/dyn 12.33 / train/loss/height 6.3e-3 / train/loss/orientations 0.95 / train/loss/policy -0.06 / train/loss/rep 12.33 / train/loss/repval 1.14 / train/loss/rew 0.65 / train/loss/value 0.93 / train/loss/velocity 2.76 / replay/replay_ratio 1040 / fps/policy 37.09 / fps/train 3.8e4

Writing metrics: /scratch/midway3/rickybao/dreamerv3_runs/adapt_random_walk_seed1/metrics.jsonlWriting metrics: /scratch/midway3/rickybao/dreamerv3_runs/adapt_random_walk_seed1/scores.jsonl


--------------------[Agent Step 99_680]--------------------
Metrics filtered by: 'score|length|fps|ratio|train/loss/|train/rand/'
episode/score 378.41 / episode/length 1001 / train/loss/con 0.02 / train/loss/dyn 12.5 / train/loss/height 6.3e-3 / train/loss/orientations 1.05 / train/loss/policy -0.06 / train/loss/rep 12.5 / train/loss/repval 1.15 / train/loss/rew 0.65 / train/loss/value 0.81 / train/loss/velocity 2.8 / replay/replay_ratio 1040 / fps/policy 37.07 / fps/train 3.8e4

Writing metrics: /scratch/midway3/rickybao/dreamerv3_runs/adapt_random_walk_seed1/metrics.jsonlWriting metrics: /scratch/midway3/rickybao/dreamerv3_runs/adapt_random_walk_seed1/scores.jsonl

Saving checkpoint: /scratch/midway3/rickybao/dreamerv3_runs/adapt_random_walk_seed1/ckpt/20260518T025819F240640
Saved checkpoint.

--------------------[Agent Step 104_096]--------------------
Metrics filtered by: 'score|length|fps|ratio|train/loss/|train/rand/'
train/loss/con 0.02 / train/loss/dyn 12.56 / train/loss/height 6.5e-3 / train/loss/orientations 1.09 / train/loss/policy -0.07 / train/loss/rep 12.56 / train/loss/repval 1.07 / train/loss/rew 0.66 / train/loss/value 0.75 / train/loss/velocity 2.84 / replay/replay_ratio 1040 / fps/policy 36.77 / fps/train 3.8e4

Writing metrics: /scratch/midway3/rickybao/dreamerv3_runs/adapt_random_walk_seed1/metrics.jsonlWriting metrics: /scratch/midway3/rickybao/dreamerv3_runs/adapt_random_walk_seed1/scores.jsonl


--------------------[Agent Step 108_560]--------------------
Metrics filtered by: 'score|length|fps|ratio|train/loss/|train/rand/'
train/loss/con 0.02 / train/loss/dyn 12.63 / train/loss/height 7e-3 / train/loss/orientations 1.15 / train/loss/policy -0.07 / train/loss/rep 12.63 / train/loss/repval 1.05 / train/loss/rew 0.66 / train/loss/value 0.78 / train/loss/velocity 2.91 / replay/replay_ratio 1040 / fps/policy 37.11 / fps/train 3.8e4

Writing metrics: /scratch/midway3/rickybao/dreamerv3_runs/adapt_random_walk_seed1/metrics.jsonlWriting metrics: /scratch/midway3/rickybao/dreamerv3_runs/adapt_random_walk_seed1/scores.jsonl


--------------------[Agent Step 113_024]--------------------
Metrics filtered by: 'score|length|fps|ratio|train/loss/|train/rand/'
episode/score 487.43 / episode/length 1001 / train/loss/con 0.02 / train/loss/dyn 12.75 / train/loss/height 7.3e-3 / train/loss/orientations 1.2 / train/loss/policy -0.07 / train/loss/rep 12.75 / train/loss/repval 1.02 / train/loss/rew 0.66 / train/loss/value 0.83 / train/loss/velocity 3 / replay/replay_ratio 1040 / fps/policy 37.08 / fps/train 3.8e4

Writing metrics: /scratch/midway3/rickybao/dreamerv3_runs/adapt_random_walk_seed1/metrics.jsonlWriting metrics: /scratch/midway3/rickybao/dreamerv3_runs/adapt_random_walk_seed1/scores.jsonl


--------------------[Agent Step 117_488]--------------------
Metrics filtered by: 'score|length|fps|ratio|train/loss/|train/rand/'
train/loss/con 0.02 / train/loss/dyn 12.85 / train/loss/height 7.6e-3 / train/loss/orientations 1.25 / train/loss/policy -0.07 / train/loss/rep 12.85 / train/loss/repval 0.98 / train/loss/rew 0.66 / train/loss/value 0.91 / train/loss/velocity 3.05 / replay/replay_ratio 1040 / fps/policy 37.07 / fps/train 3.8e4

Writing metrics: /scratch/midway3/rickybao/dreamerv3_runs/adapt_random_walk_seed1/metrics.jsonlWriting metrics: /scratch/midway3/rickybao/dreamerv3_runs/adapt_random_walk_seed1/scores.jsonl


--------------------[Agent Step 121_936]--------------------
Metrics filtered by: 'score|length|fps|ratio|train/loss/|train/rand/'
train/loss/con 0.02 / train/loss/dyn 13.07 / train/loss/height 8e-3 / train/loss/orientations 1.37 / train/loss/policy -0.07 / train/loss/rep 13.07 / train/loss/repval 0.95 / train/loss/rew 0.67 / train/loss/value 0.96 / train/loss/velocity 3.17 / replay/replay_ratio 1040 / fps/policy 37.03 / fps/train 3.8e4

Writing metrics: /scratch/midway3/rickybao/dreamerv3_runs/adapt_random_walk_seed1/metrics.jsonlWriting metrics: /scratch/midway3/rickybao/dreamerv3_runs/adapt_random_walk_seed1/scores.jsonl


--------------------[Agent Step 126_400]--------------------
Metrics filtered by: 'score|length|fps|ratio|train/loss/|train/rand/'
train/loss/con 0.02 / train/loss/dyn 13.28 / train/loss/height 8.5e-3 / train/loss/orientations 1.48 / train/loss/policy -0.08 / train/loss/rep 13.28 / train/loss/repval 0.95 / train/loss/rew 0.67 / train/loss/value 0.99 / train/loss/velocity 3.28 / replay/replay_ratio 1040 / fps/policy 37.07 / fps/train 3.8e4

Writing metrics: /scratch/midway3/rickybao/dreamerv3_runs/adapt_random_walk_seed1/metrics.jsonlWriting metrics: /scratch/midway3/rickybao/dreamerv3_runs/adapt_random_walk_seed1/scores.jsonl


--------------------[Agent Step 130_848]--------------------
Metrics filtered by: 'score|length|fps|ratio|train/loss/|train/rand/'
episode/score 195.11 / episode/length 1001 / train/loss/con 0.02 / train/loss/dyn 13.44 / train/loss/height 8.9e-3 / train/loss/orientations 1.58 / train/loss/policy -0.07 / train/loss/rep 13.44 / train/loss/repval 0.89 / train/loss/rew 0.67 / train/loss/value 1.09 / train/loss/velocity 3.37 / replay/replay_ratio 1040 / fps/policy 37.04 / fps/train 3.8e4

Writing metrics: /scratch/midway3/rickybao/dreamerv3_runs/adapt_random_walk_seed1/metrics.jsonlWriting metrics: /scratch/midway3/rickybao/dreamerv3_runs/adapt_random_walk_seed1/scores.jsonl

Saving checkpoint: /scratch/midway3/rickybao/dreamerv3_runs/adapt_random_walk_seed1/ckpt/20260518T031319F346729
Saved checkpoint.

--------------------[Agent Step 135_264]--------------------
Metrics filtered by: 'score|length|fps|ratio|train/loss/|train/rand/'
train/loss/con 0.02 / train/loss/dyn 13.48 / train/loss/height 9e-3 / train/loss/orientations 1.6 / train/loss/policy -0.08 / train/loss/rep 13.48 / train/loss/repval 0.89 / train/loss/rew 0.67 / train/loss/value 1.1 / train/loss/velocity 3.39 / replay/replay_ratio 1040 / fps/policy 36.72 / fps/train 3.8e4

Writing metrics: /scratch/midway3/rickybao/dreamerv3_runs/adapt_random_walk_seed1/scores.jsonlWriting metrics: /scratch/midway3/rickybao/dreamerv3_runs/adapt_random_walk_seed1/metrics.jsonl


--------------------[Agent Step 139_728]--------------------
Metrics filtered by: 'score|length|fps|ratio|train/loss/|train/rand/'
train/loss/con 0.02 / train/loss/dyn 13.6 / train/loss/height 9.3e-3 / train/loss/orientations 1.68 / train/loss/policy -0.07 / train/loss/rep 13.6 / train/loss/repval 0.92 / train/loss/rew 0.67 / train/loss/value 1.22 / train/loss/velocity 3.45 / replay/replay_ratio 1040 / fps/policy 37.11 / fps/train 3.8e4

Writing metrics: /scratch/midway3/rickybao/dreamerv3_runs/adapt_random_walk_seed1/metrics.jsonlWriting metrics: /scratch/midway3/rickybao/dreamerv3_runs/adapt_random_walk_seed1/scores.jsonl


--------------------[Agent Step 144_192]--------------------
Metrics filtered by: 'score|length|fps|ratio|train/loss/|train/rand/'
episode/score 67.4 / episode/length 1001 / train/loss/con 0.02 / train/loss/dyn 13.81 / train/loss/height 9.6e-3 / train/loss/orientations 1.75 / train/loss/policy -0.07 / train/loss/rep 13.81 / train/loss/repval 1.03 / train/loss/rew 0.67 / train/loss/value 1.23 / train/loss/velocity 3.51 / replay/replay_ratio 1040 / fps/policy 37.09 / fps/train 3.8e4

Writing metrics: /scratch/midway3/rickybao/dreamerv3_runs/adapt_random_walk_seed1/scores.jsonlWriting metrics: /scratch/midway3/rickybao/dreamerv3_runs/adapt_random_walk_seed1/metrics.jsonl


--------------------[Agent Step 148_640]--------------------
Metrics filtered by: 'score|length|fps|ratio|train/loss/|train/rand/'
train/loss/con 0.02 / train/loss/dyn 13.91 / train/loss/height 1e-2 / train/loss/orientations 1.8 / train/loss/policy -0.07 / train/loss/rep 13.91 / train/loss/repval 0.96 / train/loss/rew 0.67 / train/loss/value 1.25 / train/loss/velocity 3.59 / replay/replay_ratio 1040 / fps/policy 37.04 / fps/train 3.8e4

Writing metrics: /scratch/midway3/rickybao/dreamerv3_runs/adapt_random_walk_seed1/metrics.jsonlWriting metrics: /scratch/midway3/rickybao/dreamerv3_runs/adapt_random_walk_seed1/scores.jsonl


--------------------[Agent Step 153_104]--------------------
Metrics filtered by: 'score|length|fps|ratio|train/loss/|train/rand/'
train/loss/con 0.02 / train/loss/dyn 13.98 / train/loss/height 0.01 / train/loss/orientations 1.8 / train/loss/policy -0.08 / train/loss/rep 13.98 / train/loss/repval 1.1 / train/loss/rew 0.67 / train/loss/value 1.16 / train/loss/velocity 3.61 / replay/replay_ratio 1040 / fps/policy 37.09 / fps/train 3.8e4

Writing metrics: /scratch/midway3/rickybao/dreamerv3_runs/adapt_random_walk_seed1/metrics.jsonlWriting metrics: /scratch/midway3/rickybao/dreamerv3_runs/adapt_random_walk_seed1/scores.jsonl


--------------------[Agent Step 157_568]--------------------
Metrics filtered by: 'score|length|fps|ratio|train/loss/|train/rand/'
train/loss/con 0.02 / train/loss/dyn 14 / train/loss/height 0.01 / train/loss/orientations 1.81 / train/loss/policy -0.09 / train/loss/rep 14 / train/loss/repval 1.18 / train/loss/rew 0.68 / train/loss/value 1.08 / train/loss/velocity 3.63 / replay/replay_ratio 1040 / fps/policy 37.07 / fps/train 3.8e4

Writing metrics: /scratch/midway3/rickybao/dreamerv3_runs/adapt_random_walk_seed1/metrics.jsonl
Writing metrics: /scratch/midway3/rickybao/dreamerv3_runs/adapt_random_walk_seed1/scores.jsonl

--------------------[Agent Step 162_016]--------------------
Metrics filtered by: 'score|length|fps|ratio|train/loss/|train/rand/'
episode/score 116.59 / episode/length 1001 / train/loss/con 0.02 / train/loss/dyn 14.1 / train/loss/height 0.01 / train/loss/orientations 1.85 / train/loss/policy -0.09 / train/loss/rep 14.1 / train/loss/repval 1.19 / train/loss/rew 0.68 / train/loss/value 0.97 / train/loss/velocity 3.66 / replay/replay_ratio 1040 / fps/policy 37.03 / fps/train 3.8e4

Writing metrics: /scratch/midway3/rickybao/dreamerv3_runs/adapt_random_walk_seed1/metrics.jsonl
Writing metrics: /scratch/midway3/rickybao/dreamerv3_runs/adapt_random_walk_seed1/scores.jsonl

--------------------[Agent Step 166_464]--------------------
Metrics filtered by: 'score|length|fps|ratio|train/loss/|train/rand/'
train/loss/con 0.02 / train/loss/dyn 14.09 / train/loss/height 0.01 / train/loss/orientations 1.84 / train/loss/policy -0.1 / train/loss/rep 14.09 / train/loss/repval 1.18 / train/loss/rew 0.68 / train/loss/value 0.9 / train/loss/velocity 3.69 / replay/replay_ratio 1040 / fps/policy 37.06 / fps/train 3.8e4

Writing metrics: /scratch/midway3/rickybao/dreamerv3_runs/adapt_random_walk_seed1/scores.jsonlWriting metrics: /scratch/midway3/rickybao/dreamerv3_runs/adapt_random_walk_seed1/metrics.jsonl

Saving checkpoint: /scratch/midway3/rickybao/dreamerv3_runs/adapt_random_walk_seed1/ckpt/20260518T032819F612999
Saved checkpoint.

--------------------[Agent Step 170_880]--------------------
Metrics filtered by: 'score|length|fps|ratio|train/loss/|train/rand/'
train/loss/con 0.02 / train/loss/dyn 14.14 / train/loss/height 0.01 / train/loss/orientations 1.84 / train/loss/policy -0.09 / train/loss/rep 14.14 / train/loss/repval 1.11 / train/loss/rew 0.68 / train/loss/value 0.74 / train/loss/velocity 3.71 / replay/replay_ratio 1040 / fps/policy 36.67 / fps/train 3.8e4

Writing metrics: /scratch/midway3/rickybao/dreamerv3_runs/adapt_random_walk_seed1/metrics.jsonl
Writing metrics: /scratch/midway3/rickybao/dreamerv3_runs/adapt_random_walk_seed1/scores.jsonl

--------------------[Agent Step 175_328]--------------------
Metrics filtered by: 'score|length|fps|ratio|train/loss/|train/rand/'
train/loss/con 0.02 / train/loss/dyn 14.2 / train/loss/height 0.01 / train/loss/orientations 1.83 / train/loss/policy -0.1 / train/loss/rep 14.2 / train/loss/repval 1.07 / train/loss/rew 0.69 / train/loss/value 0.74 / train/loss/velocity 3.71 / replay/replay_ratio 1040 / fps/policy 37.05 / fps/train 3.8e4

Writing metrics: /scratch/midway3/rickybao/dreamerv3_runs/adapt_random_walk_seed1/metrics.jsonlWriting metrics: /scratch/midway3/rickybao/dreamerv3_runs/adapt_random_walk_seed1/scores.jsonl


--------------------[Agent Step 179_776]--------------------
Metrics filtered by: 'score|length|fps|ratio|train/loss/|train/rand/'
episode/score 416.86 / episode/length 1001 / train/loss/con 0.02 / train/loss/dyn 14.26 / train/loss/height 0.01 / train/loss/orientations 1.85 / train/loss/policy -0.09 / train/loss/rep 14.26 / train/loss/repval 1.06 / train/loss/rew 0.69 / train/loss/value 0.71 / train/loss/velocity 3.74 / replay/replay_ratio 1040 / fps/policy 37.01 / fps/train 3.8e4

Writing metrics: /scratch/midway3/rickybao/dreamerv3_runs/adapt_random_walk_seed1/metrics.jsonlWriting metrics: /scratch/midway3/rickybao/dreamerv3_runs/adapt_random_walk_seed1/scores.jsonl


--------------------[Agent Step 184_224]--------------------
Metrics filtered by: 'score|length|fps|ratio|train/loss/|train/rand/'
train/loss/con 0.02 / train/loss/dyn 14.29 / train/loss/height 0.01 / train/loss/orientations 1.84 / train/loss/policy -0.09 / train/loss/rep 14.29 / train/loss/repval 1.06 / train/loss/rew 0.69 / train/loss/value 0.73 / train/loss/velocity 3.76 / replay/replay_ratio 1040 / fps/policy 37.06 / fps/train 3.8e4

Writing metrics: /scratch/midway3/rickybao/dreamerv3_runs/adapt_random_walk_seed1/metrics.jsonlWriting metrics: /scratch/midway3/rickybao/dreamerv3_runs/adapt_random_walk_seed1/scores.jsonl


--------------------[Agent Step 188_688]--------------------
Metrics filtered by: 'score|length|fps|ratio|train/loss/|train/rand/'
train/loss/con 0.02 / train/loss/dyn 14.46 / train/loss/height 0.01 / train/loss/orientations 1.86 / train/loss/policy -0.09 / train/loss/rep 14.46 / train/loss/repval 1.06 / train/loss/rew 0.69 / train/loss/value 0.73 / train/loss/velocity 3.8 / replay/replay_ratio 1040 / fps/policy 37.08 / fps/train 3.8e4

Writing metrics: /scratch/midway3/rickybao/dreamerv3_runs/adapt_random_walk_seed1/metrics.jsonlWriting metrics: /scratch/midway3/rickybao/dreamerv3_runs/adapt_random_walk_seed1/scores.jsonl


--------------------[Agent Step 193_136]--------------------
Metrics filtered by: 'score|length|fps|ratio|train/loss/|train/rand/'
episode/score 95.24 / episode/length 1001 / train/loss/con 0.02 / train/loss/dyn 14.62 / train/loss/height 0.01 / train/loss/orientations 1.9 / train/loss/policy -0.09 / train/loss/rep 14.62 / train/loss/repval 1.01 / train/loss/rew 0.69 / train/loss/value 0.89 / train/loss/velocity 3.85 / replay/replay_ratio 1040 / fps/policy 37.03 / fps/train 3.8e4

Writing metrics: /scratch/midway3/rickybao/dreamerv3_runs/adapt_random_walk_seed1/metrics.jsonlWriting metrics: /scratch/midway3/rickybao/dreamerv3_runs/adapt_random_walk_seed1/scores.jsonl


--------------------[Agent Step 197_584]--------------------
Metrics filtered by: 'score|length|fps|ratio|train/loss/|train/rand/'
train/loss/con 0.02 / train/loss/dyn 14.67 / train/loss/height 0.01 / train/loss/orientations 1.89 / train/loss/policy -0.08 / train/loss/rep 14.67 / train/loss/repval 0.99 / train/loss/rew 0.69 / train/loss/value 0.91 / train/loss/velocity 3.86 / replay/replay_ratio 1040 / fps/policy 37.02 / fps/train 3.8e4

Writing metrics: /scratch/midway3/rickybao/dreamerv3_runs/adapt_random_walk_seed1/metrics.jsonlWriting metrics: /scratch/midway3/rickybao/dreamerv3_runs/adapt_random_walk_seed1/scores.jsonl

Saving checkpoint: /scratch/midway3/rickybao/dreamerv3_runs/adapt_random_walk_seed1/ckpt/20260518T034320F021408
Saved checkpoint.

--------------------[Agent Step 202_000]--------------------
Metrics filtered by: 'score|length|fps|ratio|train/loss/|train/rand/'
train/loss/con 0.02 / train/loss/dyn 14.78 / train/loss/height 0.01 / train/loss/orientations 1.91 / train/loss/policy -0.09 / train/loss/rep 14.78 / train/loss/repval 1.01 / train/loss/rew 0.69 / train/loss/value 0.85 / train/loss/velocity 3.89 / replay/replay_ratio 1040 / fps/policy 36.69 / fps/train 3.8e4

Writing metrics: /scratch/midway3/rickybao/dreamerv3_runs/adapt_random_walk_seed1/metrics.jsonl
Writing metrics: /scratch/midway3/rickybao/dreamerv3_runs/adapt_random_walk_seed1/scores.jsonl

--------------------[Agent Step 206_448]--------------------
Metrics filtered by: 'score|length|fps|ratio|train/loss/|train/rand/'
train/loss/con 0.02 / train/loss/dyn 14.81 / train/loss/height 0.01 / train/loss/orientations 1.9 / train/loss/policy -0.09 / train/loss/rep 14.81 / train/loss/repval 1 / train/loss/rew 0.7 / train/loss/value 0.87 / train/loss/velocity 3.93 / replay/replay_ratio 1040 / fps/policy 37.06 / fps/train 3.8e4

Writing metrics: /scratch/midway3/rickybao/dreamerv3_runs/adapt_random_walk_seed1/metrics.jsonl
Writing metrics: /scratch/midway3/rickybao/dreamerv3_runs/adapt_random_walk_seed1/scores.jsonl

--------------------[Agent Step 210_896]--------------------
Metrics filtered by: 'score|length|fps|ratio|train/loss/|train/rand/'
episode/score 224.89 / episode/length 1001 / train/loss/con 0.02 / train/loss/dyn 14.86 / train/loss/height 0.01 / train/loss/orientations 1.91 / train/loss/policy -0.09 / train/loss/rep 14.86 / train/loss/repval 0.94 / train/loss/rew 0.7 / train/loss/value 0.99 / train/loss/velocity 3.96 / replay/replay_ratio 1040 / fps/policy 37 / fps/train 3.8e4

Writing metrics: /scratch/midway3/rickybao/dreamerv3_runs/adapt_random_walk_seed1/metrics.jsonlWriting metrics: /scratch/midway3/rickybao/dreamerv3_runs/adapt_random_walk_seed1/scores.jsonl


--------------------[Agent Step 215_344]--------------------
Metrics filtered by: 'score|length|fps|ratio|train/loss/|train/rand/'
train/loss/con 0.02 / train/loss/dyn 14.89 / train/loss/height 0.01 / train/loss/orientations 1.9 / train/loss/policy -0.07 / train/loss/rep 14.89 / train/loss/repval 0.97 / train/loss/rew 0.7 / train/loss/value 0.89 / train/loss/velocity 3.96 / replay/replay_ratio 1040 / fps/policy 37.02 / fps/train 3.8e4

Writing metrics: /scratch/midway3/rickybao/dreamerv3_runs/adapt_random_walk_seed1/metrics.jsonlWriting metrics: /scratch/midway3/rickybao/dreamerv3_runs/adapt_random_walk_seed1/scores.jsonl


--------------------[Agent Step 219_792]--------------------
Metrics filtered by: 'score|length|fps|ratio|train/loss/|train/rand/'
train/loss/con 0.02 / train/loss/dyn 14.94 / train/loss/height 0.01 / train/loss/orientations 1.9 / train/loss/policy -0.09 / train/loss/rep 14.94 / train/loss/repval 1.06 / train/loss/rew 0.7 / train/loss/value 0.65 / train/loss/velocity 3.98 / replay/replay_ratio 1040 / fps/policy 36.98 / fps/train 3.8e4

Writing metrics: /scratch/midway3/rickybao/dreamerv3_runs/adapt_random_walk_seed1/metrics.jsonlWriting metrics: /scratch/midway3/rickybao/dreamerv3_runs/adapt_random_walk_seed1/scores.jsonl


--------------------[Agent Step 224_240]--------------------
Metrics filtered by: 'score|length|fps|ratio|train/loss/|train/rand/'
episode/score 179.78 / episode/length 1001 / train/loss/con 0.02 / train/loss/dyn 15.09 / train/loss/height 0.01 / train/loss/orientations 1.93 / train/loss/policy -0.1 / train/loss/rep 15.09 / train/loss/repval 1.12 / train/loss/rew 0.7 / train/loss/value 0.64 / train/loss/velocity 4 / replay/replay_ratio 1040 / fps/policy 37.05 / fps/train 3.8e4

Writing metrics: /scratch/midway3/rickybao/dreamerv3_runs/adapt_random_walk_seed1/metrics.jsonlWriting metrics: /scratch/midway3/rickybao/dreamerv3_runs/adapt_random_walk_seed1/scores.jsonl


--------------------[Agent Step 228_688]--------------------
Metrics filtered by: 'score|length|fps|ratio|train/loss/|train/rand/'
train/loss/con 0.02 / train/loss/dyn 15.1 / train/loss/height 0.01 / train/loss/orientations 1.91 / train/loss/policy -0.1 / train/loss/rep 15.1 / train/loss/repval 1.12 / train/loss/rew 0.7 / train/loss/value 0.64 / train/loss/velocity 3.99 / replay/replay_ratio 1040 / fps/policy 36.99 / fps/train 3.8e4

Writing metrics: /scratch/midway3/rickybao/dreamerv3_runs/adapt_random_walk_seed1/metrics.jsonlWriting metrics: /scratch/midway3/rickybao/dreamerv3_runs/adapt_random_walk_seed1/scores.jsonl


--------------------[Agent Step 233_136]--------------------
Metrics filtered by: 'score|length|fps|ratio|train/loss/|train/rand/'
train/loss/con 0.02 / train/loss/dyn 15.14 / train/loss/height 0.01 / train/loss/orientations 1.89 / train/loss/policy -0.1 / train/loss/rep 15.14 / train/loss/repval 1.1 / train/loss/rew 0.7 / train/loss/value 0.64 / train/loss/velocity 3.99 / replay/replay_ratio 1040 / fps/policy 37.04 / fps/train 3.8e4

Writing metrics: /scratch/midway3/rickybao/dreamerv3_runs/adapt_random_walk_seed1/metrics.jsonlWriting metrics: /scratch/midway3/rickybao/dreamerv3_runs/adapt_random_walk_seed1/scores.jsonl

Saving checkpoint: /scratch/midway3/rickybao/dreamerv3_runs/adapt_random_walk_seed1/ckpt/20260518T035820F256578
Saved checkpoint.

--------------------[Agent Step 237_536]--------------------
Metrics filtered by: 'score|length|fps|ratio|train/loss/|train/rand/'
train/loss/con 0.02 / train/loss/dyn 15.15 / train/loss/height 0.01 / train/loss/orientations 1.89 / train/loss/policy -0.09 / train/loss/rep 15.15 / train/loss/repval 1.08 / train/loss/rew 0.7 / train/loss/value 0.64 / train/loss/velocity 3.97 / replay/replay_ratio 1040 / fps/policy 36.65 / fps/train 3.8e4

Writing metrics: /scratch/midway3/rickybao/dreamerv3_runs/adapt_random_walk_seed1/metrics.jsonlWriting metrics: /scratch/midway3/rickybao/dreamerv3_runs/adapt_random_walk_seed1/scores.jsonl


--------------------[Agent Step 241_984]--------------------
Metrics filtered by: 'score|length|fps|ratio|train/loss/|train/rand/'
episode/score 115.07 / episode/length 1001 / train/loss/con 0.02 / train/loss/dyn 15.19 / train/loss/height 0.01 / train/loss/orientations 1.9 / train/loss/policy -0.09 / train/loss/rep 15.19 / train/loss/repval 1.06 / train/loss/rew 0.7 / train/loss/value 0.64 / train/loss/velocity 4 / replay/replay_ratio 1040 / fps/policy 37 / fps/train 3.8e4

Writing metrics: /scratch/midway3/rickybao/dreamerv3_runs/adapt_random_walk_seed1/metrics.jsonlWriting metrics: /scratch/midway3/rickybao/dreamerv3_runs/adapt_random_walk_seed1/scores.jsonl


--------------------[Agent Step 246_432]--------------------
Metrics filtered by: 'score|length|fps|ratio|train/loss/|train/rand/'
train/loss/con 0.02 / train/loss/dyn 15.2 / train/loss/height 0.01 / train/loss/orientations 1.88 / train/loss/policy -0.09 / train/loss/rep 15.2 / train/loss/repval 1.05 / train/loss/rew 0.7 / train/loss/value 0.65 / train/loss/velocity 3.99 / replay/replay_ratio 1040 / fps/policy 36.97 / fps/train 3.8e4

Writing metrics: /scratch/midway3/rickybao/dreamerv3_runs/adapt_random_walk_seed1/metrics.jsonlWriting metrics: /scratch/midway3/rickybao/dreamerv3_runs/adapt_random_walk_seed1/scores.jsonl

Adaptation finished | End time: Mon May 18 04:05:08 CDT 2026
Logdir: /scratch/midway3/rickybao/dreamerv3_runs/adapt_random_walk_seed1
