==============================
Slurm job started | Job ID: 49738202 | Node: midway3-0281.rcc.local
Start time: Mon May 18 03:29:22 CDT 2026
Frozen-readout adaptation | Cond: random | Task: run | Seed: 1
==============================
PYTHON=/scratch/midway3/rickybao/conda_envs/dreamerv3/bin/python
LOGDIR=/scratch/midway3/rickybao/dreamerv3_runs/adapt_random_run_seed1
Pretrained world model: /scratch/midway3/rickybao/dreamerv3_runs/pretrain_random_seed1/ckpt/20260517T183924F733100
GPU check:
Mon May 18 03:29:22 2026       
+---------------------------------------------------------------------------------------+
| NVIDIA-SMI 535.216.03             Driver Version: 535.216.03   CUDA Version: 12.2     |
|-----------------------------------------+----------------------+----------------------+
| GPU  Name                 Persistence-M | Bus-Id        Disp.A | Volatile Uncorr. ECC |
| Fan  Temp   Perf          Pwr:Usage/Cap |         Memory-Usage | GPU-Util  Compute M. |
|                                         |                      |               MIG M. |
|=========================================+======================+======================|
|   0  Tesla V100-PCIE-16GB           On  | 00000000:06:00.0 Off |                  Off |
| N/A   44C    P0              30W / 250W |      0MiB / 16384MiB |      0%      Default |
|                                         |                      |                  N/A |
+-----------------------------------------+----------------------+----------------------+
                                                                                         
+---------------------------------------------------------------------------------------+
| Processes:                                                                            |
|  GPU   GI   CI        PID   Type   Process name                            GPU Memory |
|        ID   ID                                                             Usage      |
|=======================================================================================|
|  No running processes found                                                           |
+---------------------------------------------------------------------------------------+
Starting frozen-readout adaptation
---  ___                           __   ______ ---
--- |   \ _ _ ___ __ _ _ __  ___ _ \ \ / /__ / ---
--- | |) | '_/ -_) _` | '  \/ -_) '/\ V / |_ \ ---
--- |___/|_| \___\__,_|_|_|_\___|_|  \_/ |___/ ---
Replica: 0 / 1
Logdir: /scratch/midway3/rickybao/dreamerv3_runs/adapt_random_run_seed1
Run script: train
Observations
  reward           Space(float32, shape=(), low=-inf, high=inf)
  is_first         Space(bool, shape=(), low=False, high=True)
  is_last          Space(bool, shape=(), low=False, high=True)
  is_terminal      Space(bool, shape=(), low=False, high=True)
  orientations     Space(float32, shape=(14,), low=-inf, high=inf)
  height           Space(float32, shape=(), low=-inf, high=inf)
  velocity         Space(float32, shape=(9,), low=-inf, high=inf)
Actions
  action           Space(float32, shape=(6,), low=-1.0, high=1.0)
Extras
  consec           Space(int32, shape=(), low=-2147483648, high=2147483647)
  stepid           Space(uint8, shape=(20,), low=0, high=255)
  dyn/deter        Space(float32, shape=(512,), low=-inf, high=inf)
  dyn/stoch        Space(float32, shape=(32, 4), low=-inf, high=inf)
JAX devices (1): [cuda:0]
Policy devices: cuda:0
Train devices:  cuda:0
Initializing parameters...
Optimizer opt has 215,243 params:
        66,111 val
        57,663 rew
        50,316 pol
        41,153 con
Done initializing!
Compiling 1 checkpoint groups...
Largest checkpoint group: 0 GB
Compiling train and report...
Train cost analysis:
  FLOPS:            7.2e+09
  Memory (temp):    2.0e+08
  Memory (inputs):  7.4e+06
  Memory (outputs): 5.9e+06
  Memory (code):    1.5e+06

Report cost analysis:
  FLOPS:            1.9e+06
  Memory (temp):    9.3e+05
  Memory (inputs):  2.8e+06
  Memory (outputs): 2.1e+04
  Memory (code):    9.7e+04

Done compiling!
Loaded pretrained checkpoint with keys: ['dec/mlp/linear0/bias', 'dec/mlp/linear0/kernel', 'dec/mlp/linear1/bias', 'dec/mlp/linear1/kernel', 'dec/mlp/linear2/bias', 'dec/mlp/linear2/kernel', 'dec/mlp/norm0/scale', 'dec/mlp/norm1/scale', 'dec/mlp/norm2/scale', 'dec/vec/height/pred/bias', 'dec/vec/height/pred/kernel', 'dec/vec/orientations/pred/bias', 'dec/vec/orientations/pred/kernel', 'dec/vec/velocity/pred/bias', 'dec/vec/velocity/pred/kernel', 'dyn/dyngru/bias', 'dyn/dyngru/kernel', 'dyn/dynhid0/bias', 'dyn/dynhid0/kernel', 'dyn/dynhid0norm/scale', 'dyn/dynin0/bias', 'dyn/dynin0/kernel', 'dyn/dynin0norm/scale', 'dyn/dynin1/bias', 'dyn/dynin1/kernel', 'dyn/dynin1norm/scale', 'dyn/dynin2/bias', 'dyn/dynin2/kernel', 'dyn/dynin2norm/scale', 'dyn/obs0/bias', 'dyn/obs0/kernel', 'dyn/obs0norm/scale', 'dyn/obslogit/bias', 'dyn/obslogit/kernel', 'dyn/prior0/bias', 'dyn/prior0/kernel', 'dyn/prior0norm/scale', 'dyn/prior1/bias', 'dyn/prior1/kernel', 'dyn/prior1norm/scale', 'dyn/priorlogit/bias', 'dyn/priorlogit/kernel', 'enc/mlp0/bias', 'enc/mlp0/kernel', 'enc/mlp0norm/scale', 'enc/mlp1/bias', 'enc/mlp1/kernel', 'enc/mlp1norm/scale', 'enc/mlp2/bias', 'enc/mlp2/kernel', 'enc/mlp2norm/scale']
Did not find any checkpoint.
Saving checkpoint: /scratch/midway3/rickybao/dreamerv3_runs/adapt_random_run_seed1/ckpt/20260518T032953F197610
Saved checkpoint.
Start training loop

--------------------[Agent Step 6_224]--------------------
Metrics filtered by: 'score|length|fps|ratio|train/loss/|train/rand/'
train/loss/con 0.07 / train/loss/dyn 7.06 / train/loss/height 9.3e-4 / train/loss/orientations 0.06 / train/loss/policy 0.66 / train/loss/rep 7.06 / train/loss/repval 4.57 / train/loss/rew 1.44 / train/loss/value 2.03 / train/loss/velocity 0.88 / replay/replay_ratio 835.6 / fps/policy 50.24 / fps/train 3.5e4

Writing metrics: /scratch/midway3/rickybao/dreamerv3_runs/adapt_random_run_seed1/metrics.jsonlWriting metrics: /scratch/midway3/rickybao/dreamerv3_runs/adapt_random_run_seed1/scores.jsonl


--------------------[Agent Step 10_640]--------------------
Metrics filtered by: 'score|length|fps|ratio|train/loss/|train/rand/'
train/loss/con 0.02 / train/loss/dyn 7.25 / train/loss/height 9.7e-4 / train/loss/orientations 0.07 / train/loss/policy 1.26 / train/loss/rep 7.25 / train/loss/repval 2.07 / train/loss/rew 0.38 / train/loss/value 1.27 / train/loss/velocity 0.94 / replay/replay_ratio 1040 / fps/policy 36.76 / fps/train 3.8e4

Writing metrics: /scratch/midway3/rickybao/dreamerv3_runs/adapt_random_run_seed1/metrics.jsonlWriting metrics: /scratch/midway3/rickybao/dreamerv3_runs/adapt_random_run_seed1/scores.jsonl


--------------------[Agent Step 15_056]--------------------
Metrics filtered by: 'score|length|fps|ratio|train/loss/|train/rand/'
train/loss/con 0.02 / train/loss/dyn 7.92 / train/loss/height 1.1e-3 / train/loss/orientations 0.08 / train/loss/policy 1.04 / train/loss/rep 7.92 / train/loss/repval 1.31 / train/loss/rew 0.42 / train/loss/value 1.01 / train/loss/velocity 1.07 / replay/replay_ratio 1040 / fps/policy 36.76 / fps/train 3.8e4

Writing metrics: /scratch/midway3/rickybao/dreamerv3_runs/adapt_random_run_seed1/metrics.jsonlWriting metrics: /scratch/midway3/rickybao/dreamerv3_runs/adapt_random_run_seed1/scores.jsonl


--------------------[Agent Step 19_472]--------------------
Metrics filtered by: 'score|length|fps|ratio|train/loss/|train/rand/'
episode/score 29.76 / episode/length 1001 / train/loss/con 0.02 / train/loss/dyn 8.67 / train/loss/height 1.6e-3 / train/loss/orientations 0.12 / train/loss/policy 0.74 / train/loss/rep 8.67 / train/loss/repval 1.1 / train/loss/rew 0.46 / train/loss/value 0.97 / train/loss/velocity 1.32 / replay/replay_ratio 1040 / fps/policy 36.73 / fps/train 3.8e4

Writing metrics: /scratch/midway3/rickybao/dreamerv3_runs/adapt_random_run_seed1/scores.jsonlWriting metrics: /scratch/midway3/rickybao/dreamerv3_runs/adapt_random_run_seed1/metrics.jsonl


--------------------[Agent Step 23_856]--------------------
Metrics filtered by: 'score|length|fps|ratio|train/loss/|train/rand/'
train/loss/con 0.02 / train/loss/dyn 9.14 / train/loss/height 1.6e-3 / train/loss/orientations 0.13 / train/loss/policy 0.14 / train/loss/rep 9.14 / train/loss/repval 1.08 / train/loss/rew 0.48 / train/loss/value 1 / train/loss/velocity 1.45 / replay/replay_ratio 1040 / fps/policy 36.53 / fps/train 3.7e4

Writing metrics: /scratch/midway3/rickybao/dreamerv3_runs/adapt_random_run_seed1/metrics.jsonlWriting metrics: /scratch/midway3/rickybao/dreamerv3_runs/adapt_random_run_seed1/scores.jsonl


--------------------[Agent Step 28_288]--------------------
Metrics filtered by: 'score|length|fps|ratio|train/loss/|train/rand/'
train/loss/con 0.02 / train/loss/dyn 9.61 / train/loss/height 1.7e-3 / train/loss/orientations 0.18 / train/loss/policy -0.04 / train/loss/rep 9.61 / train/loss/repval 1.12 / train/loss/rew 0.5 / train/loss/value 0.97 / train/loss/velocity 1.55 / replay/replay_ratio 1040 / fps/policy 36.81 / fps/train 3.8e4

Writing metrics: /scratch/midway3/rickybao/dreamerv3_runs/adapt_random_run_seed1/metrics.jsonlWriting metrics: /scratch/midway3/rickybao/dreamerv3_runs/adapt_random_run_seed1/scores.jsonl


--------------------[Agent Step 32_704]--------------------
Metrics filtered by: 'score|length|fps|ratio|train/loss/|train/rand/'
episode/score 56.36 / episode/length 1001 / train/loss/con 0.02 / train/loss/dyn 10.39 / train/loss/height 2.2e-3 / train/loss/orientations 0.29 / train/loss/policy -0.08 / train/loss/rep 10.39 / train/loss/repval 1.09 / train/loss/rew 0.5 / train/loss/value 0.94 / train/loss/velocity 1.76 / replay/replay_ratio 1040 / fps/policy 36.78 / fps/train 3.8e4

Writing metrics: /scratch/midway3/rickybao/dreamerv3_runs/adapt_random_run_seed1/scores.jsonlWriting metrics: /scratch/midway3/rickybao/dreamerv3_runs/adapt_random_run_seed1/metrics.jsonl

Saving checkpoint: /scratch/midway3/rickybao/dreamerv3_runs/adapt_random_run_seed1/ckpt/20260518T034455F471052
Saved checkpoint.

--------------------[Agent Step 37_072]--------------------
Metrics filtered by: 'score|length|fps|ratio|train/loss/|train/rand/'
train/loss/con 0.02 / train/loss/dyn 10.95 / train/loss/height 2.7e-3 / train/loss/orientations 0.41 / train/loss/policy -0.09 / train/loss/rep 10.95 / train/loss/repval 0.98 / train/loss/rew 0.51 / train/loss/value 0.95 / train/loss/velocity 1.95 / replay/replay_ratio 1040 / fps/policy 36.33 / fps/train 3.7e4

Writing metrics: /scratch/midway3/rickybao/dreamerv3_runs/adapt_random_run_seed1/scores.jsonl
Writing metrics: /scratch/midway3/rickybao/dreamerv3_runs/adapt_random_run_seed1/metrics.jsonl

--------------------[Agent Step 41_504]--------------------
Metrics filtered by: 'score|length|fps|ratio|train/loss/|train/rand/'
train/loss/con 0.02 / train/loss/dyn 11.62 / train/loss/height 3.7e-3 / train/loss/orientations 0.78 / train/loss/policy -0.09 / train/loss/rep 11.62 / train/loss/repval 0.91 / train/loss/rew 0.53 / train/loss/value 0.87 / train/loss/velocity 2.25 / replay/replay_ratio 1040 / fps/policy 36.85 / fps/train 3.8e4

Writing metrics: /scratch/midway3/rickybao/dreamerv3_runs/adapt_random_run_seed1/scores.jsonlWriting metrics: /scratch/midway3/rickybao/dreamerv3_runs/adapt_random_run_seed1/metrics.jsonl


--------------------[Agent Step 45_936]--------------------
Metrics filtered by: 'score|length|fps|ratio|train/loss/|train/rand/'
train/loss/con 0.02 / train/loss/dyn 12.12 / train/loss/height 4.3e-3 / train/loss/orientations 1.07 / train/loss/policy -0.09 / train/loss/rep 12.12 / train/loss/repval 1.19 / train/loss/rew 0.54 / train/loss/value 1.13 / train/loss/velocity 2.52 / replay/replay_ratio 1040 / fps/policy 36.8 / fps/train 3.8e4

Writing metrics: /scratch/midway3/rickybao/dreamerv3_runs/adapt_random_run_seed1/metrics.jsonlWriting metrics: /scratch/midway3/rickybao/dreamerv3_runs/adapt_random_run_seed1/scores.jsonl


--------------------[Agent Step 50_352]--------------------
Metrics filtered by: 'score|length|fps|ratio|train/loss/|train/rand/'
episode/score 71.03 / episode/length 1001 / train/loss/con 0.02 / train/loss/dyn 12.5 / train/loss/height 4.8e-3 / train/loss/orientations 1.2 / train/loss/policy -0.1 / train/loss/rep 12.5 / train/loss/repval 0.95 / train/loss/rew 0.55 / train/loss/value 0.63 / train/loss/velocity 2.68 / replay/replay_ratio 1040 / fps/policy 36.72 / fps/train 3.8e4

Writing metrics: /scratch/midway3/rickybao/dreamerv3_runs/adapt_random_run_seed1/scores.jsonlWriting metrics: /scratch/midway3/rickybao/dreamerv3_runs/adapt_random_run_seed1/metrics.jsonl


--------------------[Agent Step 54_784]--------------------
Metrics filtered by: 'score|length|fps|ratio|train/loss/|train/rand/'
train/loss/con 0.02 / train/loss/dyn 12.73 / train/loss/height 4.9e-3 / train/loss/orientations 1.21 / train/loss/policy -0.15 / train/loss/rep 12.73 / train/loss/repval 0.92 / train/loss/rew 0.55 / train/loss/value 0.96 / train/loss/velocity 2.78 / replay/replay_ratio 1040 / fps/policy 36.81 / fps/train 3.8e4

Writing metrics: /scratch/midway3/rickybao/dreamerv3_runs/adapt_random_run_seed1/metrics.jsonlWriting metrics: /scratch/midway3/rickybao/dreamerv3_runs/adapt_random_run_seed1/scores.jsonl


--------------------[Agent Step 59_200]--------------------
Metrics filtered by: 'score|length|fps|ratio|train/loss/|train/rand/'
train/loss/con 0.02 / train/loss/dyn 12.89 / train/loss/height 5.1e-3 / train/loss/orientations 1.21 / train/loss/policy -0.2 / train/loss/rep 12.89 / train/loss/repval 1.04 / train/loss/rew 0.56 / train/loss/value 0.79 / train/loss/velocity 2.85 / replay/replay_ratio 1040 / fps/policy 36.78 / fps/train 3.8e4

Writing metrics: /scratch/midway3/rickybao/dreamerv3_runs/adapt_random_run_seed1/scores.jsonlWriting metrics: /scratch/midway3/rickybao/dreamerv3_runs/adapt_random_run_seed1/metrics.jsonl


--------------------[Agent Step 63_616]--------------------
Metrics filtered by: 'score|length|fps|ratio|train/loss/|train/rand/'
train/loss/con 0.02 / train/loss/dyn 13.2 / train/loss/height 5.4e-3 / train/loss/orientations 1.3 / train/loss/policy -0.22 / train/loss/rep 13.2 / train/loss/repval 1.2 / train/loss/rew 0.56 / train/loss/value 1.09 / train/loss/velocity 3.01 / replay/replay_ratio 1040 / fps/policy 36.74 / fps/train 3.8e4

Writing metrics: /scratch/midway3/rickybao/dreamerv3_runs/adapt_random_run_seed1/metrics.jsonlWriting metrics: /scratch/midway3/rickybao/dreamerv3_runs/adapt_random_run_seed1/scores.jsonl

Saving checkpoint: /scratch/midway3/rickybao/dreamerv3_runs/adapt_random_run_seed1/ckpt/20260518T035955F603643
Saved checkpoint.

--------------------[Agent Step 67_984]--------------------
Metrics filtered by: 'score|length|fps|ratio|train/loss/|train/rand/'
episode/score 87.38 / episode/length 1001 / train/loss/con 0.02 / train/loss/dyn 13.37 / train/loss/height 5.5e-3 / train/loss/orientations 1.36 / train/loss/policy -0.17 / train/loss/rep 13.37 / train/loss/repval 1.16 / train/loss/rew 0.57 / train/loss/value 0.59 / train/loss/velocity 3.14 / replay/replay_ratio 1040 / fps/policy 36.31 / fps/train 3.7e4

Writing metrics: /scratch/midway3/rickybao/dreamerv3_runs/adapt_random_run_seed1/metrics.jsonlWriting metrics: /scratch/midway3/rickybao/dreamerv3_runs/adapt_random_run_seed1/scores.jsonl


--------------------[Agent Step 72_400]--------------------
Metrics filtered by: 'score|length|fps|ratio|train/loss/|train/rand/'
train/loss/con 0.02 / train/loss/dyn 13.51 / train/loss/height 5.8e-3 / train/loss/orientations 1.45 / train/loss/policy -0.2 / train/loss/rep 13.51 / train/loss/repval 0.97 / train/loss/rew 0.57 / train/loss/value 0.59 / train/loss/velocity 3.24 / replay/replay_ratio 1040 / fps/policy 36.8 / fps/train 3.8e4

Writing metrics: /scratch/midway3/rickybao/dreamerv3_runs/adapt_random_run_seed1/metrics.jsonlWriting metrics: /scratch/midway3/rickybao/dreamerv3_runs/adapt_random_run_seed1/scores.jsonl


--------------------[Agent Step 76_816]--------------------
Metrics filtered by: 'score|length|fps|ratio|train/loss/|train/rand/'
train/loss/con 0.02 / train/loss/dyn 13.72 / train/loss/height 6.1e-3 / train/loss/orientations 1.65 / train/loss/policy -0.23 / train/loss/rep 13.72 / train/loss/repval 0.82 / train/loss/rew 0.58 / train/loss/value 1.19 / train/loss/velocity 3.36 / replay/replay_ratio 1040 / fps/policy 36.77 / fps/train 3.8e4

Writing metrics: /scratch/midway3/rickybao/dreamerv3_runs/adapt_random_run_seed1/scores.jsonlWriting metrics: /scratch/midway3/rickybao/dreamerv3_runs/adapt_random_run_seed1/metrics.jsonl


--------------------[Agent Step 81_232]--------------------
Metrics filtered by: 'score|length|fps|ratio|train/loss/|train/rand/'
episode/score 99.37 / episode/length 1001 / train/loss/con 0.02 / train/loss/dyn 13.82 / train/loss/height 6.2e-3 / train/loss/orientations 1.71 / train/loss/policy -0.21 / train/loss/rep 13.82 / train/loss/repval 1.22 / train/loss/rew 0.58 / train/loss/value 1.31 / train/loss/velocity 3.42 / replay/replay_ratio 1040 / fps/policy 36.69 / fps/train 3.8e4

Writing metrics: /scratch/midway3/rickybao/dreamerv3_runs/adapt_random_run_seed1/metrics.jsonlWriting metrics: /scratch/midway3/rickybao/dreamerv3_runs/adapt_random_run_seed1/scores.jsonl


--------------------[Agent Step 85_648]--------------------
Metrics filtered by: 'score|length|fps|ratio|train/loss/|train/rand/'
train/loss/con 0.02 / train/loss/dyn 13.96 / train/loss/height 6.4e-3 / train/loss/orientations 1.76 / train/loss/policy -0.2 / train/loss/rep 13.96 / train/loss/repval 1.29 / train/loss/rew 0.58 / train/loss/value 1.29 / train/loss/velocity 3.49 / replay/replay_ratio 1040 / fps/policy 36.71 / fps/train 3.8e4

Writing metrics: /scratch/midway3/rickybao/dreamerv3_runs/adapt_random_run_seed1/scores.jsonlWriting metrics: /scratch/midway3/rickybao/dreamerv3_runs/adapt_random_run_seed1/metrics.jsonl


--------------------[Agent Step 90_064]--------------------
Metrics filtered by: 'score|length|fps|ratio|train/loss/|train/rand/'
train/loss/con 0.02 / train/loss/dyn 14.07 / train/loss/height 6.5e-3 / train/loss/orientations 1.79 / train/loss/policy -0.2 / train/loss/rep 14.07 / train/loss/repval 1.34 / train/loss/rew 0.58 / train/loss/value 1.2 / train/loss/velocity 3.55 / replay/replay_ratio 1040 / fps/policy 36.78 / fps/train 3.8e4

Writing metrics: /scratch/midway3/rickybao/dreamerv3_runs/adapt_random_run_seed1/metrics.jsonlWriting metrics: /scratch/midway3/rickybao/dreamerv3_runs/adapt_random_run_seed1/scores.jsonl


--------------------[Agent Step 94_496]--------------------
Metrics filtered by: 'score|length|fps|ratio|train/loss/|train/rand/'
train/loss/con 0.02 / train/loss/dyn 14.13 / train/loss/height 6.6e-3 / train/loss/orientations 1.85 / train/loss/policy -0.21 / train/loss/rep 14.13 / train/loss/repval 1.31 / train/loss/rew 0.58 / train/loss/value 0.93 / train/loss/velocity 3.6 / replay/replay_ratio 1040 / fps/policy 36.83 / fps/train 3.8e4

Writing metrics: /scratch/midway3/rickybao/dreamerv3_runs/adapt_random_run_seed1/metrics.jsonl
Writing metrics: /scratch/midway3/rickybao/dreamerv3_runs/adapt_random_run_seed1/scores.jsonl

--------------------[Agent Step 98_928]--------------------
Metrics filtered by: 'score|length|fps|ratio|train/loss/|train/rand/'
episode/score 74.5 / episode/length 1001 / train/loss/con 0.02 / train/loss/dyn 14.2 / train/loss/height 6.7e-3 / train/loss/orientations 1.88 / train/loss/policy -0.21 / train/loss/rep 14.2 / train/loss/repval 1.17 / train/loss/rew 0.58 / train/loss/value 0.57 / train/loss/velocity 3.62 / replay/replay_ratio 1040 / fps/policy 36.9 / fps/train 3.8e4

Writing metrics: /scratch/midway3/rickybao/dreamerv3_runs/adapt_random_run_seed1/metrics.jsonlWriting metrics: /scratch/midway3/rickybao/dreamerv3_runs/adapt_random_run_seed1/scores.jsonl

Saving checkpoint: /scratch/midway3/rickybao/dreamerv3_runs/adapt_random_run_seed1/ckpt/20260518T041455F691209
Saved checkpoint.

--------------------[Agent Step 103_328]--------------------
Metrics filtered by: 'score|length|fps|ratio|train/loss/|train/rand/'
train/loss/con 0.02 / train/loss/dyn 14.26 / train/loss/height 6.8e-3 / train/loss/orientations 1.86 / train/loss/policy -0.21 / train/loss/rep 14.26 / train/loss/repval 0.85 / train/loss/rew 0.58 / train/loss/value 0.66 / train/loss/velocity 3.64 / replay/replay_ratio 1040 / fps/policy 36.66 / fps/train 3.8e4

Writing metrics: /scratch/midway3/rickybao/dreamerv3_runs/adapt_random_run_seed1/metrics.jsonlWriting metrics: /scratch/midway3/rickybao/dreamerv3_runs/adapt_random_run_seed1/scores.jsonl


--------------------[Agent Step 107_776]--------------------
Metrics filtered by: 'score|length|fps|ratio|train/loss/|train/rand/'
train/loss/con 0.02 / train/loss/dyn 14.31 / train/loss/height 7e-3 / train/loss/orientations 1.81 / train/loss/policy -0.21 / train/loss/rep 14.31 / train/loss/repval 0.7 / train/loss/rew 0.58 / train/loss/value 0.95 / train/loss/velocity 3.66 / replay/replay_ratio 1040 / fps/policy 37.02 / fps/train 3.8e4

Writing metrics: /scratch/midway3/rickybao/dreamerv3_runs/adapt_random_run_seed1/metrics.jsonlWriting metrics: /scratch/midway3/rickybao/dreamerv3_runs/adapt_random_run_seed1/scores.jsonl


--------------------[Agent Step 112_224]--------------------
Metrics filtered by: 'score|length|fps|ratio|train/loss/|train/rand/'
episode/score 98.65 / episode/length 1001 / train/loss/con 0.02 / train/loss/dyn 14.41 / train/loss/height 6.9e-3 / train/loss/orientations 1.79 / train/loss/policy -0.2 / train/loss/rep 14.41 / train/loss/repval 0.82 / train/loss/rew 0.58 / train/loss/value 1.21 / train/loss/velocity 3.69 / replay/replay_ratio 1040 / fps/policy 36.99 / fps/train 3.8e4

Writing metrics: /scratch/midway3/rickybao/dreamerv3_runs/adapt_random_run_seed1/scores.jsonlWriting metrics: /scratch/midway3/rickybao/dreamerv3_runs/adapt_random_run_seed1/metrics.jsonl


--------------------[Agent Step 116_672]--------------------
Metrics filtered by: 'score|length|fps|ratio|train/loss/|train/rand/'
train/loss/con 0.02 / train/loss/dyn 14.46 / train/loss/height 7e-3 / train/loss/orientations 1.75 / train/loss/policy -0.19 / train/loss/rep 14.46 / train/loss/repval 0.95 / train/loss/rew 0.58 / train/loss/value 1.28 / train/loss/velocity 3.71 / replay/replay_ratio 1040 / fps/policy 36.94 / fps/train 3.8e4

Writing metrics: /scratch/midway3/rickybao/dreamerv3_runs/adapt_random_run_seed1/metrics.jsonlWriting metrics: /scratch/midway3/rickybao/dreamerv3_runs/adapt_random_run_seed1/scores.jsonl


--------------------[Agent Step 121_104]--------------------
Metrics filtered by: 'score|length|fps|ratio|train/loss/|train/rand/'
train/loss/con 0.02 / train/loss/dyn 14.54 / train/loss/height 7.1e-3 / train/loss/orientations 1.73 / train/loss/policy -0.2 / train/loss/rep 14.54 / train/loss/repval 1.13 / train/loss/rew 0.58 / train/loss/value 1.31 / train/loss/velocity 3.74 / replay/replay_ratio 1040 / fps/policy 36.93 / fps/train 3.8e4

Writing metrics: /scratch/midway3/rickybao/dreamerv3_runs/adapt_random_run_seed1/metrics.jsonlWriting metrics: /scratch/midway3/rickybao/dreamerv3_runs/adapt_random_run_seed1/scores.jsonl


--------------------[Agent Step 125_552]--------------------
Metrics filtered by: 'score|length|fps|ratio|train/loss/|train/rand/'
train/loss/con 0.02 / train/loss/dyn 14.61 / train/loss/height 7.2e-3 / train/loss/orientations 1.7 / train/loss/policy -0.2 / train/loss/rep 14.61 / train/loss/repval 1.31 / train/loss/rew 0.58 / train/loss/value 1.15 / train/loss/velocity 3.77 / replay/replay_ratio 1040 / fps/policy 37.01 / fps/train 3.8e4

Writing metrics: /scratch/midway3/rickybao/dreamerv3_runs/adapt_random_run_seed1/scores.jsonlWriting metrics: /scratch/midway3/rickybao/dreamerv3_runs/adapt_random_run_seed1/metrics.jsonl


--------------------[Agent Step 129_984]--------------------
Metrics filtered by: 'score|length|fps|ratio|train/loss/|train/rand/'
episode/score 106.51 / episode/length 1001 / train/loss/con 0.02 / train/loss/dyn 14.66 / train/loss/height 7.3e-3 / train/loss/orientations 1.66 / train/loss/policy -0.19 / train/loss/rep 14.66 / train/loss/repval 1.26 / train/loss/rew 0.58 / train/loss/value 0.75 / train/loss/velocity 3.79 / replay/replay_ratio 1040 / fps/policy 36.92 / fps/train 3.8e4

Writing metrics: /scratch/midway3/rickybao/dreamerv3_runs/adapt_random_run_seed1/metrics.jsonlWriting metrics: /scratch/midway3/rickybao/dreamerv3_runs/adapt_random_run_seed1/scores.jsonl

Saving checkpoint: /scratch/midway3/rickybao/dreamerv3_runs/adapt_random_run_seed1/ckpt/20260518T042956F040778
Saved checkpoint.

--------------------[Agent Step 134_384]--------------------
Metrics filtered by: 'score|length|fps|ratio|train/loss/|train/rand/'
train/loss/con 0.02 / train/loss/dyn 14.74 / train/loss/height 7.5e-3 / train/loss/orientations 1.66 / train/loss/policy -0.2 / train/loss/rep 14.74 / train/loss/repval 1.1 / train/loss/rew 0.58 / train/loss/value 0.57 / train/loss/velocity 3.83 / replay/replay_ratio 1040 / fps/policy 36.59 / fps/train 3.7e4

Writing metrics: /scratch/midway3/rickybao/dreamerv3_runs/adapt_random_run_seed1/metrics.jsonlWriting metrics: /scratch/midway3/rickybao/dreamerv3_runs/adapt_random_run_seed1/scores.jsonl


--------------------[Agent Step 138_832]--------------------
Metrics filtered by: 'score|length|fps|ratio|train/loss/|train/rand/'
train/loss/con 0.02 / train/loss/dyn 14.77 / train/loss/height 7.7e-3 / train/loss/orientations 1.65 / train/loss/policy -0.19 / train/loss/rep 14.77 / train/loss/repval 0.75 / train/loss/rew 0.58 / train/loss/value 0.87 / train/loss/velocity 3.85 / replay/replay_ratio 1040 / fps/policy 37 / fps/train 3.8e4

Writing metrics: /scratch/midway3/rickybao/dreamerv3_runs/adapt_random_run_seed1/metrics.jsonlWriting metrics: /scratch/midway3/rickybao/dreamerv3_runs/adapt_random_run_seed1/scores.jsonl


--------------------[Agent Step 143_280]--------------------
Metrics filtered by: 'score|length|fps|ratio|train/loss/|train/rand/'
train/loss/con 0.02 / train/loss/dyn 14.86 / train/loss/height 7.8e-3 / train/loss/orientations 1.63 / train/loss/policy -0.2 / train/loss/rep 14.86 / train/loss/repval 0.8 / train/loss/rew 0.58 / train/loss/value 1.18 / train/loss/velocity 3.88 / replay/replay_ratio 1040 / fps/policy 36.97 / fps/train 3.8e4

Writing metrics: /scratch/midway3/rickybao/dreamerv3_runs/adapt_random_run_seed1/metrics.jsonlWriting metrics: /scratch/midway3/rickybao/dreamerv3_runs/adapt_random_run_seed1/scores.jsonl


--------------------[Agent Step 147_712]--------------------
Metrics filtered by: 'score|length|fps|ratio|train/loss/|train/rand/'
episode/score 67.62 / episode/length 1001 / train/loss/con 0.02 / train/loss/dyn 14.95 / train/loss/height 8e-3 / train/loss/orientations 1.63 / train/loss/policy -0.2 / train/loss/rep 14.95 / train/loss/repval 1.01 / train/loss/rew 0.58 / train/loss/value 1.29 / train/loss/velocity 3.93 / replay/replay_ratio 1040 / fps/policy 36.92 / fps/train 3.8e4

Writing metrics: /scratch/midway3/rickybao/dreamerv3_runs/adapt_random_run_seed1/metrics.jsonlWriting metrics: /scratch/midway3/rickybao/dreamerv3_runs/adapt_random_run_seed1/scores.jsonl


--------------------[Agent Step 152_160]--------------------
Metrics filtered by: 'score|length|fps|ratio|train/loss/|train/rand/'
train/loss/con 0.02 / train/loss/dyn 14.98 / train/loss/height 8.1e-3 / train/loss/orientations 1.6 / train/loss/policy -0.19 / train/loss/rep 14.98 / train/loss/repval 1.19 / train/loss/rew 0.58 / train/loss/value 1.31 / train/loss/velocity 3.94 / replay/replay_ratio 1040 / fps/policy 37 / fps/train 3.8e4

Writing metrics: /scratch/midway3/rickybao/dreamerv3_runs/adapt_random_run_seed1/metrics.jsonlWriting metrics: /scratch/midway3/rickybao/dreamerv3_runs/adapt_random_run_seed1/scores.jsonl


--------------------[Agent Step 156_608]--------------------
Metrics filtered by: 'score|length|fps|ratio|train/loss/|train/rand/'
train/loss/con 0.02 / train/loss/dyn 15.03 / train/loss/height 8.2e-3 / train/loss/orientations 1.59 / train/loss/policy -0.19 / train/loss/rep 15.03 / train/loss/repval 1.25 / train/loss/rew 0.58 / train/loss/value 1.3 / train/loss/velocity 3.98 / replay/replay_ratio 1040 / fps/policy 37.01 / fps/train 3.8e4

Writing metrics: /scratch/midway3/rickybao/dreamerv3_runs/adapt_random_run_seed1/metrics.jsonlWriting metrics: /scratch/midway3/rickybao/dreamerv3_runs/adapt_random_run_seed1/scores.jsonl


--------------------[Agent Step 161_056]--------------------
Metrics filtered by: 'score|length|fps|ratio|train/loss/|train/rand/'
episode/score 124.42 / episode/length 1001 / train/loss/con 0.02 / train/loss/dyn 15.05 / train/loss/height 8.2e-3 / train/loss/orientations 1.58 / train/loss/policy -0.19 / train/loss/rep 15.05 / train/loss/repval 1.28 / train/loss/rew 0.58 / train/loss/value 1.27 / train/loss/velocity 4 / replay/replay_ratio 1040 / fps/policy 36.94 / fps/train 3.8e4

Writing metrics: /scratch/midway3/rickybao/dreamerv3_runs/adapt_random_run_seed1/metrics.jsonl
Writing metrics: /scratch/midway3/rickybao/dreamerv3_runs/adapt_random_run_seed1/scores.jsonl

--------------------[Agent Step 165_488]--------------------
Metrics filtered by: 'score|length|fps|ratio|train/loss/|train/rand/'
train/loss/con 0.02 / train/loss/dyn 15.09 / train/loss/height 8.2e-3 / train/loss/orientations 1.57 / train/loss/policy -0.18 / train/loss/rep 15.09 / train/loss/repval 1.31 / train/loss/rew 0.58 / train/loss/value 1.24 / train/loss/velocity 4.01 / replay/replay_ratio 1040 / fps/policy 36.92 / fps/train 3.8e4

Writing metrics: /scratch/midway3/rickybao/dreamerv3_runs/adapt_random_run_seed1/metrics.jsonlWriting metrics: /scratch/midway3/rickybao/dreamerv3_runs/adapt_random_run_seed1/scores.jsonl

Saving checkpoint: /scratch/midway3/rickybao/dreamerv3_runs/adapt_random_run_seed1/ckpt/20260518T044456F282864
Saved checkpoint.

--------------------[Agent Step 169_888]--------------------
Metrics filtered by: 'score|length|fps|ratio|train/loss/|train/rand/'
train/loss/con 0.02 / train/loss/dyn 15.14 / train/loss/height 8.3e-3 / train/loss/orientations 1.54 / train/loss/policy -0.18 / train/loss/rep 15.14 / train/loss/repval 1.31 / train/loss/rew 0.58 / train/loss/value 1.24 / train/loss/velocity 4.05 / replay/replay_ratio 1040 / fps/policy 36.6 / fps/train 3.7e4

Writing metrics: /scratch/midway3/rickybao/dreamerv3_runs/adapt_random_run_seed1/scores.jsonlWriting metrics: /scratch/midway3/rickybao/dreamerv3_runs/adapt_random_run_seed1/metrics.jsonl


--------------------[Agent Step 174_336]--------------------
Metrics filtered by: 'score|length|fps|ratio|train/loss/|train/rand/'
train/loss/con 0.02 / train/loss/dyn 15.17 / train/loss/height 8.2e-3 / train/loss/orientations 1.52 / train/loss/policy -0.18 / train/loss/rep 15.17 / train/loss/repval 1.33 / train/loss/rew 0.58 / train/loss/value 1.21 / train/loss/velocity 4.06 / replay/replay_ratio 1040 / fps/policy 37 / fps/train 3.8e4

Writing metrics: /scratch/midway3/rickybao/dreamerv3_runs/adapt_random_run_seed1/metrics.jsonlWriting metrics: /scratch/midway3/rickybao/dreamerv3_runs/adapt_random_run_seed1/scores.jsonl


--------------------[Agent Step 178_768]--------------------
Metrics filtered by: 'score|length|fps|ratio|train/loss/|train/rand/'
episode/score 130.98 / episode/length 1001 / train/loss/con 0.02 / train/loss/dyn 15.16 / train/loss/height 8.3e-3 / train/loss/orientations 1.51 / train/loss/policy -0.19 / train/loss/rep 15.16 / train/loss/repval 1.33 / train/loss/rew 0.58 / train/loss/value 1.2 / train/loss/velocity 4.07 / replay/replay_ratio 1040 / fps/policy 36.92 / fps/train 3.8e4

Writing metrics: /scratch/midway3/rickybao/dreamerv3_runs/adapt_random_run_seed1/metrics.jsonl
Writing metrics: /scratch/midway3/rickybao/dreamerv3_runs/adapt_random_run_seed1/scores.jsonl

--------------------[Agent Step 183_216]--------------------
Metrics filtered by: 'score|length|fps|ratio|train/loss/|train/rand/'
train/loss/con 0.02 / train/loss/dyn 15.22 / train/loss/height 8.4e-3 / train/loss/orientations 1.5 / train/loss/policy -0.19 / train/loss/rep 15.22 / train/loss/repval 1.34 / train/loss/rew 0.58 / train/loss/value 1.16 / train/loss/velocity 4.1 / replay/replay_ratio 1040 / fps/policy 36.97 / fps/train 3.8e4

Writing metrics: /scratch/midway3/rickybao/dreamerv3_runs/adapt_random_run_seed1/metrics.jsonlWriting metrics: /scratch/midway3/rickybao/dreamerv3_runs/adapt_random_run_seed1/scores.jsonl


--------------------[Agent Step 187_664]--------------------
Metrics filtered by: 'score|length|fps|ratio|train/loss/|train/rand/'
train/loss/con 0.02 / train/loss/dyn 15.23 / train/loss/height 8.4e-3 / train/loss/orientations 1.49 / train/loss/policy -0.2 / train/loss/rep 15.23 / train/loss/repval 1.33 / train/loss/rew 0.58 / train/loss/value 1.06 / train/loss/velocity 4.11 / replay/replay_ratio 1040 / fps/policy 37 / fps/train 3.8e4

Writing metrics: /scratch/midway3/rickybao/dreamerv3_runs/adapt_random_run_seed1/metrics.jsonl
Writing metrics: /scratch/midway3/rickybao/dreamerv3_runs/adapt_random_run_seed1/scores.jsonl

--------------------[Agent Step 192_112]--------------------
Metrics filtered by: 'score|length|fps|ratio|train/loss/|train/rand/'
train/loss/con 0.02 / train/loss/dyn 15.28 / train/loss/height 8.5e-3 / train/loss/orientations 1.47 / train/loss/policy -0.19 / train/loss/rep 15.28 / train/loss/repval 1.31 / train/loss/rew 0.58 / train/loss/value 0.93 / train/loss/velocity 4.13 / replay/replay_ratio 1040 / fps/policy 36.98 / fps/train 3.8e4

Writing metrics: /scratch/midway3/rickybao/dreamerv3_runs/adapt_random_run_seed1/metrics.jsonl
Writing metrics: /scratch/midway3/rickybao/dreamerv3_runs/adapt_random_run_seed1/scores.jsonl

--------------------[Agent Step 196_544]--------------------
Metrics filtered by: 'score|length|fps|ratio|train/loss/|train/rand/'
episode/score 105.84 / episode/length 1001 / train/loss/con 0.02 / train/loss/dyn 15.27 / train/loss/height 8.5e-3 / train/loss/orientations 1.46 / train/loss/policy -0.19 / train/loss/rep 15.27 / train/loss/repval 1.27 / train/loss/rew 0.58 / train/loss/value 0.78 / train/loss/velocity 4.14 / replay/replay_ratio 1040 / fps/policy 36.88 / fps/train 3.8e4

Writing metrics: /scratch/midway3/rickybao/dreamerv3_runs/adapt_random_run_seed1/metrics.jsonl
Writing metrics: /scratch/midway3/rickybao/dreamerv3_runs/adapt_random_run_seed1/scores.jsonl
Saving checkpoint: /scratch/midway3/rickybao/dreamerv3_runs/adapt_random_run_seed1/ckpt/20260518T045956F634015
Saved checkpoint.

--------------------[Agent Step 200_944]--------------------
Metrics filtered by: 'score|length|fps|ratio|train/loss/|train/rand/'
train/loss/con 0.02 / train/loss/dyn 15.3 / train/loss/height 8.5e-3 / train/loss/orientations 1.45 / train/loss/policy -0.18 / train/loss/rep 15.3 / train/loss/repval 1.23 / train/loss/rew 0.58 / train/loss/value 0.64 / train/loss/velocity 4.15 / replay/replay_ratio 1040 / fps/policy 36.62 / fps/train 3.7e4

Writing metrics: /scratch/midway3/rickybao/dreamerv3_runs/adapt_random_run_seed1/metrics.jsonlWriting metrics: /scratch/midway3/rickybao/dreamerv3_runs/adapt_random_run_seed1/scores.jsonl


--------------------[Agent Step 205_392]--------------------
Metrics filtered by: 'score|length|fps|ratio|train/loss/|train/rand/'
train/loss/con 0.02 / train/loss/dyn 15.33 / train/loss/height 8.6e-3 / train/loss/orientations 1.44 / train/loss/policy -0.18 / train/loss/rep 15.33 / train/loss/repval 1.2 / train/loss/rew 0.58 / train/loss/value 0.55 / train/loss/velocity 4.17 / replay/replay_ratio 1040 / fps/policy 36.98 / fps/train 3.8e4

Writing metrics: /scratch/midway3/rickybao/dreamerv3_runs/adapt_random_run_seed1/metrics.jsonlWriting metrics: /scratch/midway3/rickybao/dreamerv3_runs/adapt_random_run_seed1/scores.jsonl


--------------------[Agent Step 209_824]--------------------
Metrics filtered by: 'score|length|fps|ratio|train/loss/|train/rand/'
episode/score 114.66 / episode/length 1001 / train/loss/con 0.02 / train/loss/dyn 15.37 / train/loss/height 8.6e-3 / train/loss/orientations 1.42 / train/loss/policy -0.19 / train/loss/rep 15.37 / train/loss/repval 1.1 / train/loss/rew 0.58 / train/loss/value 0.5 / train/loss/velocity 4.19 / replay/replay_ratio 1040 / fps/policy 36.91 / fps/train 3.8e4

Writing metrics: /scratch/midway3/rickybao/dreamerv3_runs/adapt_random_run_seed1/metrics.jsonlWriting metrics: /scratch/midway3/rickybao/dreamerv3_runs/adapt_random_run_seed1/scores.jsonl


--------------------[Agent Step 214_256]--------------------
Metrics filtered by: 'score|length|fps|ratio|train/loss/|train/rand/'
train/loss/con 0.02 / train/loss/dyn 15.39 / train/loss/height 8.6e-3 / train/loss/orientations 1.42 / train/loss/policy -0.18 / train/loss/rep 15.39 / train/loss/repval 1.02 / train/loss/rew 0.58 / train/loss/value 0.49 / train/loss/velocity 4.19 / replay/replay_ratio 1040 / fps/policy 36.9 / fps/train 3.8e4

Writing metrics: /scratch/midway3/rickybao/dreamerv3_runs/adapt_random_run_seed1/metrics.jsonlWriting metrics: /scratch/midway3/rickybao/dreamerv3_runs/adapt_random_run_seed1/scores.jsonl


--------------------[Agent Step 218_688]--------------------
Metrics filtered by: 'score|length|fps|ratio|train/loss/|train/rand/'
train/loss/con 0.02 / train/loss/dyn 15.42 / train/loss/height 8.6e-3 / train/loss/orientations 1.4 / train/loss/policy -0.18 / train/loss/rep 15.42 / train/loss/repval 1.01 / train/loss/rew 0.58 / train/loss/value 0.49 / train/loss/velocity 4.2 / replay/replay_ratio 1040 / fps/policy 36.9 / fps/train 3.8e4

Writing metrics: /scratch/midway3/rickybao/dreamerv3_runs/adapt_random_run_seed1/metrics.jsonlWriting metrics: /scratch/midway3/rickybao/dreamerv3_runs/adapt_random_run_seed1/scores.jsonl


--------------------[Agent Step 223_136]--------------------
Metrics filtered by: 'score|length|fps|ratio|train/loss/|train/rand/'
train/loss/con 0.02 / train/loss/dyn 15.48 / train/loss/height 8.7e-3 / train/loss/orientations 1.41 / train/loss/policy -0.18 / train/loss/rep 15.48 / train/loss/repval 0.97 / train/loss/rew 0.58 / train/loss/value 0.51 / train/loss/velocity 4.24 / replay/replay_ratio 1040 / fps/policy 36.99 / fps/train 3.8e4

Writing metrics: /scratch/midway3/rickybao/dreamerv3_runs/adapt_random_run_seed1/metrics.jsonlWriting metrics: /scratch/midway3/rickybao/dreamerv3_runs/adapt_random_run_seed1/scores.jsonl


--------------------[Agent Step 227_568]--------------------
Metrics filtered by: 'score|length|fps|ratio|train/loss/|train/rand/'
episode/score 142.7 / episode/length 1001 / train/loss/con 0.02 / train/loss/dyn 15.48 / train/loss/height 8.7e-3 / train/loss/orientations 1.39 / train/loss/policy -0.19 / train/loss/rep 15.48 / train/loss/repval 0.91 / train/loss/rew 0.58 / train/loss/value 0.56 / train/loss/velocity 4.23 / replay/replay_ratio 1040 / fps/policy 36.86 / fps/train 3.8e4

Writing metrics: /scratch/midway3/rickybao/dreamerv3_runs/adapt_random_run_seed1/metrics.jsonlWriting metrics: /scratch/midway3/rickybao/dreamerv3_runs/adapt_random_run_seed1/scores.jsonl


--------------------[Agent Step 232_000]--------------------
Metrics filtered by: 'score|length|fps|ratio|train/loss/|train/rand/'
train/loss/con 0.02 / train/loss/dyn 15.5 / train/loss/height 8.7e-3 / train/loss/orientations 1.39 / train/loss/policy -0.18 / train/loss/rep 15.5 / train/loss/repval 0.85 / train/loss/rew 0.58 / train/loss/value 0.64 / train/loss/velocity 4.24 / replay/replay_ratio 1040 / fps/policy 36.91 / fps/train 3.8e4

Writing metrics: /scratch/midway3/rickybao/dreamerv3_runs/adapt_random_run_seed1/metrics.jsonlWriting metrics: /scratch/midway3/rickybao/dreamerv3_runs/adapt_random_run_seed1/scores.jsonl

Saving checkpoint: /scratch/midway3/rickybao/dreamerv3_runs/adapt_random_run_seed1/ckpt/20260518T051456F927879
Saved checkpoint.

--------------------[Agent Step 236_400]--------------------
Metrics filtered by: 'score|length|fps|ratio|train/loss/|train/rand/'
train/loss/con 0.02 / train/loss/dyn 15.55 / train/loss/height 8.7e-3 / train/loss/orientations 1.39 / train/loss/policy -0.18 / train/loss/rep 15.55 / train/loss/repval 0.8 / train/loss/rew 0.58 / train/loss/value 0.7 / train/loss/velocity 4.26 / replay/replay_ratio 1040 / fps/policy 36.61 / fps/train 3.7e4

Writing metrics: /scratch/midway3/rickybao/dreamerv3_runs/adapt_random_run_seed1/metrics.jsonlWriting metrics: /scratch/midway3/rickybao/dreamerv3_runs/adapt_random_run_seed1/scores.jsonl


--------------------[Agent Step 240_832]--------------------
Metrics filtered by: 'score|length|fps|ratio|train/loss/|train/rand/'
episode/score 98.63 / episode/length 1001 / train/loss/con 0.02 / train/loss/dyn 15.57 / train/loss/height 8.8e-3 / train/loss/orientations 1.39 / train/loss/policy -0.17 / train/loss/rep 15.57 / train/loss/repval 0.75 / train/loss/rew 0.58 / train/loss/value 0.77 / train/loss/velocity 4.27 / replay/replay_ratio 1040 / fps/policy 36.92 / fps/train 3.8e4

Writing metrics: /scratch/midway3/rickybao/dreamerv3_runs/adapt_random_run_seed1/metrics.jsonl
Writing metrics: /scratch/midway3/rickybao/dreamerv3_runs/adapt_random_run_seed1/scores.jsonl

--------------------[Agent Step 245_264]--------------------
Metrics filtered by: 'score|length|fps|ratio|train/loss/|train/rand/'
train/loss/con 0.02 / train/loss/dyn 15.6 / train/loss/height 8.8e-3 / train/loss/orientations 1.38 / train/loss/policy -0.17 / train/loss/rep 15.6 / train/loss/repval 0.73 / train/loss/rew 0.58 / train/loss/value 0.8 / train/loss/velocity 4.28 / replay/replay_ratio 1040 / fps/policy 36.83 / fps/train 3.8e4

Writing metrics: /scratch/midway3/rickybao/dreamerv3_runs/adapt_random_run_seed1/metrics.jsonlWriting metrics: /scratch/midway3/rickybao/dreamerv3_runs/adapt_random_run_seed1/scores.jsonl


--------------------[Agent Step 249_712]--------------------
Metrics filtered by: 'score|length|fps|ratio|train/loss/|train/rand/'
train/loss/con 0.02 / train/loss/dyn 15.63 / train/loss/height 8.9e-3 / train/loss/orientations 1.37 / train/loss/policy -0.17 / train/loss/rep 15.63 / train/loss/repval 0.71 / train/loss/rew 0.58 / train/loss/value 0.84 / train/loss/velocity 4.29 / replay/replay_ratio 1040 / fps/policy 36.94 / fps/train 3.8e4

Writing metrics: /scratch/midway3/rickybao/dreamerv3_runs/adapt_random_run_seed1/metrics.jsonlWriting metrics: /scratch/midway3/rickybao/dreamerv3_runs/adapt_random_run_seed1/scores.jsonl

Adaptation finished | End time: Mon May 18 05:22:15 CDT 2026
Logdir: /scratch/midway3/rickybao/dreamerv3_runs/adapt_random_run_seed1
