==============================
Slurm job started | Job ID: 49737739 | Node: midway3-0277.rcc.local
Start time: Mon May 18 01:43:15 CDT 2026
Frozen-readout adaptation | Cond: p2e | Task: stand | Seed: 1
==============================
PYTHON=/scratch/midway3/rickybao/conda_envs/dreamerv3/bin/python
LOGDIR=/scratch/midway3/rickybao/dreamerv3_runs/adapt_p2e_stand_seed1
Pretrained world model: /scratch/midway3/rickybao/dreamerv3_runs/pretrain_p2e_seed1/ckpt/20260517T013918F712863
GPU check:
Mon May 18 01:43:15 2026       
+---------------------------------------------------------------------------------------+
| NVIDIA-SMI 535.216.03             Driver Version: 535.216.03   CUDA Version: 12.2     |
|-----------------------------------------+----------------------+----------------------+
| GPU  Name                 Persistence-M | Bus-Id        Disp.A | Volatile Uncorr. ECC |
| Fan  Temp   Perf          Pwr:Usage/Cap |         Memory-Usage | GPU-Util  Compute M. |
|                                         |                      |               MIG M. |
|=========================================+======================+======================|
|   0  Tesla V100-PCIE-16GB           On  | 00000000:D8:00.0 Off |                  Off |
| N/A   37C    P0              25W / 250W |      0MiB / 16384MiB |      0%      Default |
|                                         |                      |                  N/A |
+-----------------------------------------+----------------------+----------------------+
                                                                                         
+---------------------------------------------------------------------------------------+
| Processes:                                                                            |
|  GPU   GI   CI        PID   Type   Process name                            GPU Memory |
|        ID   ID                                                             Usage      |
|=======================================================================================|
|  No running processes found                                                           |
+---------------------------------------------------------------------------------------+
Starting frozen-readout adaptation
---  ___                           __   ______ ---
--- |   \ _ _ ___ __ _ _ __  ___ _ \ \ / /__ / ---
--- | |) | '_/ -_) _` | '  \/ -_) '/\ V / |_ \ ---
--- |___/|_| \___\__,_|_|_|_\___|_|  \_/ |___/ ---
Replica: 0 / 1
Logdir: /scratch/midway3/rickybao/dreamerv3_runs/adapt_p2e_stand_seed1
Run script: train
Observations
  reward           Space(float32, shape=(), low=-inf, high=inf)
  is_first         Space(bool, shape=(), low=False, high=True)
  is_last          Space(bool, shape=(), low=False, high=True)
  is_terminal      Space(bool, shape=(), low=False, high=True)
  orientations     Space(float32, shape=(14,), low=-inf, high=inf)
  height           Space(float32, shape=(), low=-inf, high=inf)
  velocity         Space(float32, shape=(9,), low=-inf, high=inf)
Actions
  action           Space(float32, shape=(6,), low=-1.0, high=1.0)
Extras
  consec           Space(int32, shape=(), low=-2147483648, high=2147483647)
  stepid           Space(uint8, shape=(20,), low=0, high=255)
  dyn/deter        Space(float32, shape=(512,), low=-inf, high=inf)
  dyn/stoch        Space(float32, shape=(32, 4), low=-inf, high=inf)
JAX devices (1): [cuda:0]
Policy devices: cuda:0
Train devices:  cuda:0
Initializing parameters...
Optimizer opt has 215,243 params:
        66,111 val
        57,663 rew
        50,316 pol
        41,153 con
Done initializing!
Compiling 1 checkpoint groups...
Largest checkpoint group: 0 GB
Compiling train and report...
Train cost analysis:
  FLOPS:            7.2e+09
  Memory (temp):    2.0e+08
  Memory (inputs):  7.4e+06
  Memory (outputs): 5.9e+06
  Memory (code):    1.5e+06

Report cost analysis:
  FLOPS:            1.9e+06
  Memory (temp):    9.3e+05
  Memory (inputs):  2.8e+06
  Memory (outputs): 2.1e+04
  Memory (code):    9.7e+04

Done compiling!
Loaded pretrained checkpoint with keys: ['dec/mlp/linear0/bias', 'dec/mlp/linear0/kernel', 'dec/mlp/linear1/bias', 'dec/mlp/linear1/kernel', 'dec/mlp/linear2/bias', 'dec/mlp/linear2/kernel', 'dec/mlp/norm0/scale', 'dec/mlp/norm1/scale', 'dec/mlp/norm2/scale', 'dec/vec/height/pred/bias', 'dec/vec/height/pred/kernel', 'dec/vec/orientations/pred/bias', 'dec/vec/orientations/pred/kernel', 'dec/vec/velocity/pred/bias', 'dec/vec/velocity/pred/kernel', 'dyn/dyngru/bias', 'dyn/dyngru/kernel', 'dyn/dynhid0/bias', 'dyn/dynhid0/kernel', 'dyn/dynhid0norm/scale', 'dyn/dynin0/bias', 'dyn/dynin0/kernel', 'dyn/dynin0norm/scale', 'dyn/dynin1/bias', 'dyn/dynin1/kernel', 'dyn/dynin1norm/scale', 'dyn/dynin2/bias', 'dyn/dynin2/kernel', 'dyn/dynin2norm/scale', 'dyn/obs0/bias', 'dyn/obs0/kernel', 'dyn/obs0norm/scale', 'dyn/obslogit/bias', 'dyn/obslogit/kernel', 'dyn/prior0/bias', 'dyn/prior0/kernel', 'dyn/prior0norm/scale', 'dyn/prior1/bias', 'dyn/prior1/kernel', 'dyn/prior1norm/scale', 'dyn/priorlogit/bias', 'dyn/priorlogit/kernel', 'enc/mlp0/bias', 'enc/mlp0/kernel', 'enc/mlp0norm/scale', 'enc/mlp1/bias', 'enc/mlp1/kernel', 'enc/mlp1norm/scale', 'enc/mlp2/bias', 'enc/mlp2/kernel', 'enc/mlp2norm/scale']
Did not find any checkpoint.
Saving checkpoint: /scratch/midway3/rickybao/dreamerv3_runs/adapt_p2e_stand_seed1/ckpt/20260518T014349F675372
Saved checkpoint.
Start training loop

--------------------[Agent Step 6_192]--------------------
Metrics filtered by: 'score|length|fps|ratio|train/loss/|train/rand/'
train/loss/con 0.06 / train/loss/dyn 8.56 / train/loss/height 7.1e-4 / train/loss/orientations 0.07 / train/loss/policy 3.46 / train/loss/rep 8.56 / train/loss/repval 5.77 / train/loss/rew 1.69 / train/loss/value 3.22 / train/loss/velocity 0.94 / replay/replay_ratio 834.33 / fps/policy 49.83 / fps/train 3.4e4

Writing metrics: /scratch/midway3/rickybao/dreamerv3_runs/adapt_p2e_stand_seed1/metrics.jsonlWriting metrics: /scratch/midway3/rickybao/dreamerv3_runs/adapt_p2e_stand_seed1/scores.jsonl


--------------------[Agent Step 10_608]--------------------
Metrics filtered by: 'score|length|fps|ratio|train/loss/|train/rand/'
train/loss/con 0.02 / train/loss/dyn 8.38 / train/loss/height 6.6e-4 / train/loss/orientations 0.07 / train/loss/policy 3.57 / train/loss/rep 8.38 / train/loss/repval 2.9 / train/loss/rew 0.57 / train/loss/value 1.63 / train/loss/velocity 0.95 / replay/replay_ratio 1040 / fps/policy 36.71 / fps/train 3.8e4

Writing metrics: /scratch/midway3/rickybao/dreamerv3_runs/adapt_p2e_stand_seed1/metrics.jsonlWriting metrics: /scratch/midway3/rickybao/dreamerv3_runs/adapt_p2e_stand_seed1/scores.jsonl


--------------------[Agent Step 15_024]--------------------
Metrics filtered by: 'score|length|fps|ratio|train/loss/|train/rand/'
train/loss/con 0.02 / train/loss/dyn 8.76 / train/loss/height 7e-4 / train/loss/orientations 0.07 / train/loss/policy 1.66 / train/loss/rep 8.76 / train/loss/repval 1.5 / train/loss/rew 0.57 / train/loss/value 1.04 / train/loss/velocity 1.01 / replay/replay_ratio 1040 / fps/policy 36.7 / fps/train 3.8e4

Writing metrics: /scratch/midway3/rickybao/dreamerv3_runs/adapt_p2e_stand_seed1/metrics.jsonlWriting metrics: /scratch/midway3/rickybao/dreamerv3_runs/adapt_p2e_stand_seed1/scores.jsonl


--------------------[Agent Step 19_440]--------------------
Metrics filtered by: 'score|length|fps|ratio|train/loss/|train/rand/'
episode/score 223.98 / episode/length 1001 / train/loss/con 0.02 / train/loss/dyn 8.96 / train/loss/height 7.8e-4 / train/loss/orientations 0.07 / train/loss/policy 0.55 / train/loss/rep 8.96 / train/loss/repval 1.05 / train/loss/rew 0.57 / train/loss/value 0.88 / train/loss/velocity 1.06 / replay/replay_ratio 1040 / fps/policy 36.67 / fps/train 3.8e4

Writing metrics: /scratch/midway3/rickybao/dreamerv3_runs/adapt_p2e_stand_seed1/metrics.jsonl
Writing metrics: /scratch/midway3/rickybao/dreamerv3_runs/adapt_p2e_stand_seed1/scores.jsonl

--------------------[Agent Step 23_840]--------------------
Metrics filtered by: 'score|length|fps|ratio|train/loss/|train/rand/'
train/loss/con 0.02 / train/loss/dyn 9.01 / train/loss/height 8.5e-4 / train/loss/orientations 0.08 / train/loss/policy 0.46 / train/loss/rep 9.01 / train/loss/repval 1.09 / train/loss/rew 0.57 / train/loss/value 0.95 / train/loss/velocity 1.09 / replay/replay_ratio 1040 / fps/policy 36.56 / fps/train 3.7e4

Writing metrics: /scratch/midway3/rickybao/dreamerv3_runs/adapt_p2e_stand_seed1/metrics.jsonlWriting metrics: /scratch/midway3/rickybao/dreamerv3_runs/adapt_p2e_stand_seed1/scores.jsonl


--------------------[Agent Step 28_256]--------------------
Metrics filtered by: 'score|length|fps|ratio|train/loss/|train/rand/'
train/loss/con 0.02 / train/loss/dyn 9.11 / train/loss/height 9.8e-4 / train/loss/orientations 0.09 / train/loss/policy 0.21 / train/loss/rep 9.11 / train/loss/repval 1.11 / train/loss/rew 0.57 / train/loss/value 0.88 / train/loss/velocity 1.12 / replay/replay_ratio 1040 / fps/policy 36.75 / fps/train 3.8e4

Writing metrics: /scratch/midway3/rickybao/dreamerv3_runs/adapt_p2e_stand_seed1/metrics.jsonlWriting metrics: /scratch/midway3/rickybao/dreamerv3_runs/adapt_p2e_stand_seed1/scores.jsonl


--------------------[Agent Step 32_672]--------------------
Metrics filtered by: 'score|length|fps|ratio|train/loss/|train/rand/'
episode/score 370.08 / episode/length 1001 / train/loss/con 0.02 / train/loss/dyn 9.25 / train/loss/height 1.1e-3 / train/loss/orientations 0.11 / train/loss/policy 0.05 / train/loss/rep 9.25 / train/loss/repval 1.11 / train/loss/rew 0.58 / train/loss/value 0.93 / train/loss/velocity 1.15 / replay/replay_ratio 1040 / fps/policy 36.73 / fps/train 3.8e4

Writing metrics: /scratch/midway3/rickybao/dreamerv3_runs/adapt_p2e_stand_seed1/scores.jsonlWriting metrics: /scratch/midway3/rickybao/dreamerv3_runs/adapt_p2e_stand_seed1/metrics.jsonl

Saving checkpoint: /scratch/midway3/rickybao/dreamerv3_runs/adapt_p2e_stand_seed1/ckpt/20260518T015852F091055
Saved checkpoint.

--------------------[Agent Step 37_024]--------------------
Metrics filtered by: 'score|length|fps|ratio|train/loss/|train/rand/'
train/loss/con 0.02 / train/loss/dyn 9.36 / train/loss/height 1.3e-3 / train/loss/orientations 0.12 / train/loss/policy -6.7e-3 / train/loss/rep 9.36 / train/loss/repval 1.14 / train/loss/rew 0.58 / train/loss/value 0.88 / train/loss/velocity 1.18 / replay/replay_ratio 1040 / fps/policy 36.21 / fps/train 3.7e4

Writing metrics: /scratch/midway3/rickybao/dreamerv3_runs/adapt_p2e_stand_seed1/metrics.jsonlWriting metrics: /scratch/midway3/rickybao/dreamerv3_runs/adapt_p2e_stand_seed1/scores.jsonl


--------------------[Agent Step 41_440]--------------------
Metrics filtered by: 'score|length|fps|ratio|train/loss/|train/rand/'
train/loss/con 0.02 / train/loss/dyn 9.42 / train/loss/height 1.3e-3 / train/loss/orientations 0.12 / train/loss/policy -0.05 / train/loss/rep 9.42 / train/loss/repval 1.09 / train/loss/rew 0.58 / train/loss/value 0.85 / train/loss/velocity 1.19 / replay/replay_ratio 1040 / fps/policy 36.74 / fps/train 3.8e4

Writing metrics: /scratch/midway3/rickybao/dreamerv3_runs/adapt_p2e_stand_seed1/metrics.jsonlWriting metrics: /scratch/midway3/rickybao/dreamerv3_runs/adapt_p2e_stand_seed1/scores.jsonl


--------------------[Agent Step 45_856]--------------------
Metrics filtered by: 'score|length|fps|ratio|train/loss/|train/rand/'
train/loss/con 0.02 / train/loss/dyn 9.46 / train/loss/height 1.3e-3 / train/loss/orientations 0.12 / train/loss/policy -0.07 / train/loss/rep 9.46 / train/loss/repval 1.06 / train/loss/rew 0.58 / train/loss/value 1.07 / train/loss/velocity 1.19 / replay/replay_ratio 1040 / fps/policy 36.71 / fps/train 3.8e4

Writing metrics: /scratch/midway3/rickybao/dreamerv3_runs/adapt_p2e_stand_seed1/metrics.jsonlWriting metrics: /scratch/midway3/rickybao/dreamerv3_runs/adapt_p2e_stand_seed1/scores.jsonl


--------------------[Agent Step 50_256]--------------------
Metrics filtered by: 'score|length|fps|ratio|train/loss/|train/rand/'
episode/score 747.72 / episode/length 1001 / train/loss/con 0.02 / train/loss/dyn 9.66 / train/loss/height 1.3e-3 / train/loss/orientations 0.13 / train/loss/policy -0.06 / train/loss/rep 9.66 / train/loss/repval 1.03 / train/loss/rew 0.58 / train/loss/value 0.75 / train/loss/velocity 1.21 / replay/replay_ratio 1040 / fps/policy 36.66 / fps/train 3.8e4

Writing metrics: /scratch/midway3/rickybao/dreamerv3_runs/adapt_p2e_stand_seed1/metrics.jsonl
Writing metrics: /scratch/midway3/rickybao/dreamerv3_runs/adapt_p2e_stand_seed1/scores.jsonl

--------------------[Agent Step 54_672]--------------------
Metrics filtered by: 'score|length|fps|ratio|train/loss/|train/rand/'
train/loss/con 0.02 / train/loss/dyn 9.77 / train/loss/height 1.3e-3 / train/loss/orientations 0.13 / train/loss/policy -0.07 / train/loss/rep 9.77 / train/loss/repval 1.02 / train/loss/rew 0.58 / train/loss/value 1.23 / train/loss/velocity 1.23 / replay/replay_ratio 1040 / fps/policy 36.72 / fps/train 3.8e4

Writing metrics: /scratch/midway3/rickybao/dreamerv3_runs/adapt_p2e_stand_seed1/metrics.jsonl
Writing metrics: /scratch/midway3/rickybao/dreamerv3_runs/adapt_p2e_stand_seed1/scores.jsonl

--------------------[Agent Step 59_088]--------------------
Metrics filtered by: 'score|length|fps|ratio|train/loss/|train/rand/'
train/loss/con 0.02 / train/loss/dyn 9.85 / train/loss/height 1.3e-3 / train/loss/orientations 0.14 / train/loss/policy -0.07 / train/loss/rep 9.85 / train/loss/repval 1.22 / train/loss/rew 0.59 / train/loss/value 1.2 / train/loss/velocity 1.25 / replay/replay_ratio 1040 / fps/policy 36.72 / fps/train 3.8e4

Writing metrics: /scratch/midway3/rickybao/dreamerv3_runs/adapt_p2e_stand_seed1/metrics.jsonlWriting metrics: /scratch/midway3/rickybao/dreamerv3_runs/adapt_p2e_stand_seed1/scores.jsonl


--------------------[Agent Step 63_504]--------------------
Metrics filtered by: 'score|length|fps|ratio|train/loss/|train/rand/'
train/loss/con 0.02 / train/loss/dyn 9.91 / train/loss/height 1.3e-3 / train/loss/orientations 0.14 / train/loss/policy -0.07 / train/loss/rep 9.91 / train/loss/repval 1.21 / train/loss/rew 0.59 / train/loss/value 1.11 / train/loss/velocity 1.26 / replay/replay_ratio 1040 / fps/policy 36.72 / fps/train 3.8e4

Writing metrics: /scratch/midway3/rickybao/dreamerv3_runs/adapt_p2e_stand_seed1/metrics.jsonlWriting metrics: /scratch/midway3/rickybao/dreamerv3_runs/adapt_p2e_stand_seed1/scores.jsonl

Saving checkpoint: /scratch/midway3/rickybao/dreamerv3_runs/adapt_p2e_stand_seed1/ckpt/20260518T021352F351025
Saved checkpoint.

--------------------[Agent Step 67_872]--------------------
Metrics filtered by: 'score|length|fps|ratio|train/loss/|train/rand/'
episode/score 959.02 / episode/length 1001 / train/loss/con 0.02 / train/loss/dyn 9.94 / train/loss/height 1.3e-3 / train/loss/orientations 0.15 / train/loss/policy -0.07 / train/loss/rep 9.94 / train/loss/repval 1.18 / train/loss/rew 0.59 / train/loss/value 1.03 / train/loss/velocity 1.28 / replay/replay_ratio 1040 / fps/policy 36.37 / fps/train 3.7e4

Writing metrics: /scratch/midway3/rickybao/dreamerv3_runs/adapt_p2e_stand_seed1/metrics.jsonlWriting metrics: /scratch/midway3/rickybao/dreamerv3_runs/adapt_p2e_stand_seed1/scores.jsonl


--------------------[Agent Step 72_304]--------------------
Metrics filtered by: 'score|length|fps|ratio|train/loss/|train/rand/'
train/loss/con 0.02 / train/loss/dyn 9.97 / train/loss/height 1.3e-3 / train/loss/orientations 0.15 / train/loss/policy -0.08 / train/loss/rep 9.97 / train/loss/repval 1.15 / train/loss/rew 0.6 / train/loss/value 0.97 / train/loss/velocity 1.28 / replay/replay_ratio 1040 / fps/policy 36.89 / fps/train 3.8e4

Writing metrics: /scratch/midway3/rickybao/dreamerv3_runs/adapt_p2e_stand_seed1/metrics.jsonlWriting metrics: /scratch/midway3/rickybao/dreamerv3_runs/adapt_p2e_stand_seed1/scores.jsonl


--------------------[Agent Step 76_736]--------------------
Metrics filtered by: 'score|length|fps|ratio|train/loss/|train/rand/'
train/loss/con 0.02 / train/loss/dyn 10 / train/loss/height 1.3e-3 / train/loss/orientations 0.15 / train/loss/policy -0.07 / train/loss/rep 10 / train/loss/repval 1.13 / train/loss/rew 0.6 / train/loss/value 0.94 / train/loss/velocity 1.29 / replay/replay_ratio 1040 / fps/policy 36.87 / fps/train 3.8e4

Writing metrics: /scratch/midway3/rickybao/dreamerv3_runs/adapt_p2e_stand_seed1/metrics.jsonlWriting metrics: /scratch/midway3/rickybao/dreamerv3_runs/adapt_p2e_stand_seed1/scores.jsonl


--------------------[Agent Step 81_168]--------------------
Metrics filtered by: 'score|length|fps|ratio|train/loss/|train/rand/'
episode/score 444.24 / episode/length 1001 / train/loss/con 0.02 / train/loss/dyn 10.07 / train/loss/height 1.3e-3 / train/loss/orientations 0.16 / train/loss/policy -0.07 / train/loss/rep 10.07 / train/loss/repval 1.1 / train/loss/rew 0.6 / train/loss/value 0.92 / train/loss/velocity 1.3 / replay/replay_ratio 1040 / fps/policy 36.86 / fps/train 3.8e4

Writing metrics: /scratch/midway3/rickybao/dreamerv3_runs/adapt_p2e_stand_seed1/metrics.jsonlWriting metrics: /scratch/midway3/rickybao/dreamerv3_runs/adapt_p2e_stand_seed1/scores.jsonl


--------------------[Agent Step 85_600]--------------------
Metrics filtered by: 'score|length|fps|ratio|train/loss/|train/rand/'
train/loss/con 0.02 / train/loss/dyn 10.1 / train/loss/height 1.3e-3 / train/loss/orientations 0.16 / train/loss/policy -0.07 / train/loss/rep 10.1 / train/loss/repval 1.09 / train/loss/rew 0.6 / train/loss/value 0.91 / train/loss/velocity 1.31 / replay/replay_ratio 1040 / fps/policy 36.87 / fps/train 3.8e4

Writing metrics: /scratch/midway3/rickybao/dreamerv3_runs/adapt_p2e_stand_seed1/metrics.jsonlWriting metrics: /scratch/midway3/rickybao/dreamerv3_runs/adapt_p2e_stand_seed1/scores.jsonl


--------------------[Agent Step 90_032]--------------------
Metrics filtered by: 'score|length|fps|ratio|train/loss/|train/rand/'
train/loss/con 0.02 / train/loss/dyn 10.22 / train/loss/height 1.3e-3 / train/loss/orientations 0.16 / train/loss/policy -0.06 / train/loss/rep 10.22 / train/loss/repval 1.07 / train/loss/rew 0.6 / train/loss/value 0.89 / train/loss/velocity 1.32 / replay/replay_ratio 1040 / fps/policy 36.89 / fps/train 3.8e4

Writing metrics: /scratch/midway3/rickybao/dreamerv3_runs/adapt_p2e_stand_seed1/metrics.jsonlWriting metrics: /scratch/midway3/rickybao/dreamerv3_runs/adapt_p2e_stand_seed1/scores.jsonl


--------------------[Agent Step 94_464]--------------------
Metrics filtered by: 'score|length|fps|ratio|train/loss/|train/rand/'
train/loss/con 0.02 / train/loss/dyn 10.32 / train/loss/height 1.3e-3 / train/loss/orientations 0.16 / train/loss/policy -0.06 / train/loss/rep 10.32 / train/loss/repval 1.07 / train/loss/rew 0.6 / train/loss/value 0.9 / train/loss/velocity 1.34 / replay/replay_ratio 1040 / fps/policy 36.87 / fps/train 3.8e4

Writing metrics: /scratch/midway3/rickybao/dreamerv3_runs/adapt_p2e_stand_seed1/metrics.jsonl
Writing metrics: /scratch/midway3/rickybao/dreamerv3_runs/adapt_p2e_stand_seed1/scores.jsonl

--------------------[Agent Step 98_896]--------------------
Metrics filtered by: 'score|length|fps|ratio|train/loss/|train/rand/'
episode/score 966.86 / episode/length 1001 / train/loss/con 0.02 / train/loss/dyn 10.41 / train/loss/height 1.3e-3 / train/loss/orientations 0.16 / train/loss/policy -0.06 / train/loss/rep 10.41 / train/loss/repval 1.06 / train/loss/rew 0.6 / train/loss/value 0.9 / train/loss/velocity 1.36 / replay/replay_ratio 1040 / fps/policy 36.83 / fps/train 3.8e4

Writing metrics: /scratch/midway3/rickybao/dreamerv3_runs/adapt_p2e_stand_seed1/scores.jsonlWriting metrics: /scratch/midway3/rickybao/dreamerv3_runs/adapt_p2e_stand_seed1/metrics.jsonl

Saving checkpoint: /scratch/midway3/rickybao/dreamerv3_runs/adapt_p2e_stand_seed1/ckpt/20260518T022852F493280
Saved checkpoint.

--------------------[Agent Step 103_264]--------------------
Metrics filtered by: 'score|length|fps|ratio|train/loss/|train/rand/'
train/loss/con 0.02 / train/loss/dyn 10.49 / train/loss/height 1.3e-3 / train/loss/orientations 0.16 / train/loss/policy -0.06 / train/loss/rep 10.49 / train/loss/repval 1.05 / train/loss/rew 0.6 / train/loss/value 0.89 / train/loss/velocity 1.37 / replay/replay_ratio 1040 / fps/policy 36.4 / fps/train 3.7e4

Writing metrics: /scratch/midway3/rickybao/dreamerv3_runs/adapt_p2e_stand_seed1/metrics.jsonlWriting metrics: /scratch/midway3/rickybao/dreamerv3_runs/adapt_p2e_stand_seed1/scores.jsonl


--------------------[Agent Step 107_696]--------------------
Metrics filtered by: 'score|length|fps|ratio|train/loss/|train/rand/'
train/loss/con 0.02 / train/loss/dyn 10.59 / train/loss/height 1.2e-3 / train/loss/orientations 0.17 / train/loss/policy -0.07 / train/loss/rep 10.59 / train/loss/repval 1.04 / train/loss/rew 0.61 / train/loss/value 0.89 / train/loss/velocity 1.38 / replay/replay_ratio 1040 / fps/policy 36.89 / fps/train 3.8e4

Writing metrics: /scratch/midway3/rickybao/dreamerv3_runs/adapt_p2e_stand_seed1/metrics.jsonlWriting metrics: /scratch/midway3/rickybao/dreamerv3_runs/adapt_p2e_stand_seed1/scores.jsonl


--------------------[Agent Step 112_128]--------------------
Metrics filtered by: 'score|length|fps|ratio|train/loss/|train/rand/'
episode/score 960.16 / episode/length 1001 / train/loss/con 0.02 / train/loss/dyn 10.68 / train/loss/height 1.2e-3 / train/loss/orientations 0.17 / train/loss/policy -0.07 / train/loss/rep 10.68 / train/loss/repval 1.04 / train/loss/rew 0.61 / train/loss/value 0.89 / train/loss/velocity 1.4 / replay/replay_ratio 1040 / fps/policy 36.86 / fps/train 3.8e4

Writing metrics: /scratch/midway3/rickybao/dreamerv3_runs/adapt_p2e_stand_seed1/metrics.jsonlWriting metrics: /scratch/midway3/rickybao/dreamerv3_runs/adapt_p2e_stand_seed1/scores.jsonl


--------------------[Agent Step 116_560]--------------------
Metrics filtered by: 'score|length|fps|ratio|train/loss/|train/rand/'
train/loss/con 0.02 / train/loss/dyn 10.75 / train/loss/height 1.2e-3 / train/loss/orientations 0.17 / train/loss/policy -0.07 / train/loss/rep 10.75 / train/loss/repval 1.03 / train/loss/rew 0.61 / train/loss/value 0.89 / train/loss/velocity 1.41 / replay/replay_ratio 1040 / fps/policy 36.84 / fps/train 3.8e4

Writing metrics: /scratch/midway3/rickybao/dreamerv3_runs/adapt_p2e_stand_seed1/metrics.jsonlWriting metrics: /scratch/midway3/rickybao/dreamerv3_runs/adapt_p2e_stand_seed1/scores.jsonl


--------------------[Agent Step 120_976]--------------------
Metrics filtered by: 'score|length|fps|ratio|train/loss/|train/rand/'
train/loss/con 0.02 / train/loss/dyn 10.81 / train/loss/height 1.2e-3 / train/loss/orientations 0.17 / train/loss/policy -0.07 / train/loss/rep 10.81 / train/loss/repval 1.03 / train/loss/rew 0.61 / train/loss/value 0.89 / train/loss/velocity 1.42 / replay/replay_ratio 1040 / fps/policy 36.8 / fps/train 3.8e4

Writing metrics: /scratch/midway3/rickybao/dreamerv3_runs/adapt_p2e_stand_seed1/metrics.jsonl
Writing metrics: /scratch/midway3/rickybao/dreamerv3_runs/adapt_p2e_stand_seed1/scores.jsonl

--------------------[Agent Step 125_408]--------------------
Metrics filtered by: 'score|length|fps|ratio|train/loss/|train/rand/'
train/loss/con 0.02 / train/loss/dyn 10.9 / train/loss/height 1.2e-3 / train/loss/orientations 0.17 / train/loss/policy -0.07 / train/loss/rep 10.9 / train/loss/repval 1.02 / train/loss/rew 0.61 / train/loss/value 0.88 / train/loss/velocity 1.43 / replay/replay_ratio 1040 / fps/policy 36.86 / fps/train 3.8e4

Writing metrics: /scratch/midway3/rickybao/dreamerv3_runs/adapt_p2e_stand_seed1/metrics.jsonlWriting metrics: /scratch/midway3/rickybao/dreamerv3_runs/adapt_p2e_stand_seed1/scores.jsonl


--------------------[Agent Step 129_840]--------------------
Metrics filtered by: 'score|length|fps|ratio|train/loss/|train/rand/'
episode/score 969.51 / episode/length 1001 / train/loss/con 0.02 / train/loss/dyn 10.97 / train/loss/height 1.2e-3 / train/loss/orientations 0.17 / train/loss/policy -0.07 / train/loss/rep 10.97 / train/loss/repval 1.01 / train/loss/rew 0.61 / train/loss/value 0.88 / train/loss/velocity 1.44 / replay/replay_ratio 1040 / fps/policy 36.83 / fps/train 3.8e4

Writing metrics: /scratch/midway3/rickybao/dreamerv3_runs/adapt_p2e_stand_seed1/metrics.jsonlWriting metrics: /scratch/midway3/rickybao/dreamerv3_runs/adapt_p2e_stand_seed1/scores.jsonl

Saving checkpoint: /scratch/midway3/rickybao/dreamerv3_runs/adapt_p2e_stand_seed1/ckpt/20260518T024352F800450
Saved checkpoint.

--------------------[Agent Step 134_208]--------------------
Metrics filtered by: 'score|length|fps|ratio|train/loss/|train/rand/'
train/loss/con 0.02 / train/loss/dyn 11.01 / train/loss/height 1.3e-3 / train/loss/orientations 0.17 / train/loss/policy -0.06 / train/loss/rep 11.01 / train/loss/repval 1.01 / train/loss/rew 0.61 / train/loss/value 0.88 / train/loss/velocity 1.45 / replay/replay_ratio 1040 / fps/policy 36.37 / fps/train 3.7e4

Writing metrics: /scratch/midway3/rickybao/dreamerv3_runs/adapt_p2e_stand_seed1/metrics.jsonlWriting metrics: /scratch/midway3/rickybao/dreamerv3_runs/adapt_p2e_stand_seed1/scores.jsonl


--------------------[Agent Step 138_640]--------------------
Metrics filtered by: 'score|length|fps|ratio|train/loss/|train/rand/'
train/loss/con 0.02 / train/loss/dyn 11.06 / train/loss/height 1.3e-3 / train/loss/orientations 0.17 / train/loss/policy -0.06 / train/loss/rep 11.06 / train/loss/repval 1 / train/loss/rew 0.62 / train/loss/value 0.87 / train/loss/velocity 1.46 / replay/replay_ratio 1040 / fps/policy 36.89 / fps/train 3.8e4

Writing metrics: /scratch/midway3/rickybao/dreamerv3_runs/adapt_p2e_stand_seed1/metrics.jsonlWriting metrics: /scratch/midway3/rickybao/dreamerv3_runs/adapt_p2e_stand_seed1/scores.jsonl


--------------------[Agent Step 143_072]--------------------
Metrics filtered by: 'score|length|fps|ratio|train/loss/|train/rand/'
train/loss/con 0.02 / train/loss/dyn 11.13 / train/loss/height 1.3e-3 / train/loss/orientations 0.17 / train/loss/policy -0.06 / train/loss/rep 11.13 / train/loss/repval 0.99 / train/loss/rew 0.62 / train/loss/value 0.87 / train/loss/velocity 1.47 / replay/replay_ratio 1040 / fps/policy 36.88 / fps/train 3.8e4

Writing metrics: /scratch/midway3/rickybao/dreamerv3_runs/adapt_p2e_stand_seed1/metrics.jsonlWriting metrics: /scratch/midway3/rickybao/dreamerv3_runs/adapt_p2e_stand_seed1/scores.jsonl


--------------------[Agent Step 147_504]--------------------
Metrics filtered by: 'score|length|fps|ratio|train/loss/|train/rand/'
episode/score 884.54 / episode/length 1001 / train/loss/con 0.02 / train/loss/dyn 11.19 / train/loss/height 1.3e-3 / train/loss/orientations 0.17 / train/loss/policy -0.06 / train/loss/rep 11.19 / train/loss/repval 0.99 / train/loss/rew 0.62 / train/loss/value 0.86 / train/loss/velocity 1.48 / replay/replay_ratio 1040 / fps/policy 36.83 / fps/train 3.8e4

Writing metrics: /scratch/midway3/rickybao/dreamerv3_runs/adapt_p2e_stand_seed1/metrics.jsonlWriting metrics: /scratch/midway3/rickybao/dreamerv3_runs/adapt_p2e_stand_seed1/scores.jsonl


--------------------[Agent Step 151_936]--------------------
Metrics filtered by: 'score|length|fps|ratio|train/loss/|train/rand/'
train/loss/con 0.02 / train/loss/dyn 11.22 / train/loss/height 1.3e-3 / train/loss/orientations 0.17 / train/loss/policy -0.06 / train/loss/rep 11.22 / train/loss/repval 0.98 / train/loss/rew 0.62 / train/loss/value 0.86 / train/loss/velocity 1.49 / replay/replay_ratio 1040 / fps/policy 36.88 / fps/train 3.8e4

Writing metrics: /scratch/midway3/rickybao/dreamerv3_runs/adapt_p2e_stand_seed1/metrics.jsonlWriting metrics: /scratch/midway3/rickybao/dreamerv3_runs/adapt_p2e_stand_seed1/scores.jsonl


--------------------[Agent Step 156_368]--------------------
Metrics filtered by: 'score|length|fps|ratio|train/loss/|train/rand/'
train/loss/con 0.02 / train/loss/dyn 11.27 / train/loss/height 1.3e-3 / train/loss/orientations 0.17 / train/loss/policy -0.06 / train/loss/rep 11.27 / train/loss/repval 0.98 / train/loss/rew 0.62 / train/loss/value 0.85 / train/loss/velocity 1.49 / replay/replay_ratio 1040 / fps/policy 36.88 / fps/train 3.8e4

Writing metrics: /scratch/midway3/rickybao/dreamerv3_runs/adapt_p2e_stand_seed1/metrics.jsonlWriting metrics: /scratch/midway3/rickybao/dreamerv3_runs/adapt_p2e_stand_seed1/scores.jsonl


--------------------[Agent Step 160_800]--------------------
Metrics filtered by: 'score|length|fps|ratio|train/loss/|train/rand/'
episode/score 896.45 / episode/length 1001 / train/loss/con 0.02 / train/loss/dyn 11.32 / train/loss/height 1.3e-3 / train/loss/orientations 0.18 / train/loss/policy -0.06 / train/loss/rep 11.32 / train/loss/repval 0.97 / train/loss/rew 0.62 / train/loss/value 0.85 / train/loss/velocity 1.5 / replay/replay_ratio 1040 / fps/policy 36.86 / fps/train 3.8e4

Writing metrics: /scratch/midway3/rickybao/dreamerv3_runs/adapt_p2e_stand_seed1/metrics.jsonlWriting metrics: /scratch/midway3/rickybao/dreamerv3_runs/adapt_p2e_stand_seed1/scores.jsonl


--------------------[Agent Step 165_232]--------------------
Metrics filtered by: 'score|length|fps|ratio|train/loss/|train/rand/'
train/loss/con 0.02 / train/loss/dyn 11.36 / train/loss/height 1.3e-3 / train/loss/orientations 0.18 / train/loss/policy -0.06 / train/loss/rep 11.36 / train/loss/repval 0.97 / train/loss/rew 0.62 / train/loss/value 0.85 / train/loss/velocity 1.5 / replay/replay_ratio 1040 / fps/policy 36.84 / fps/train 3.8e4

Writing metrics: /scratch/midway3/rickybao/dreamerv3_runs/adapt_p2e_stand_seed1/metrics.jsonlWriting metrics: /scratch/midway3/rickybao/dreamerv3_runs/adapt_p2e_stand_seed1/scores.jsonl

Saving checkpoint: /scratch/midway3/rickybao/dreamerv3_runs/adapt_p2e_stand_seed1/ckpt/20260518T025853F201440
Saved checkpoint.

--------------------[Agent Step 169_616]--------------------
Metrics filtered by: 'score|length|fps|ratio|train/loss/|train/rand/'
train/loss/con 0.02 / train/loss/dyn 11.41 / train/loss/height 1.3e-3 / train/loss/orientations 0.18 / train/loss/policy -0.06 / train/loss/rep 11.41 / train/loss/repval 0.96 / train/loss/rew 0.62 / train/loss/value 0.84 / train/loss/velocity 1.51 / replay/replay_ratio 1040 / fps/policy 36.46 / fps/train 3.7e4

Writing metrics: /scratch/midway3/rickybao/dreamerv3_runs/adapt_p2e_stand_seed1/metrics.jsonlWriting metrics: /scratch/midway3/rickybao/dreamerv3_runs/adapt_p2e_stand_seed1/scores.jsonl


--------------------[Agent Step 174_048]--------------------
Metrics filtered by: 'score|length|fps|ratio|train/loss/|train/rand/'
train/loss/con 0.02 / train/loss/dyn 11.46 / train/loss/height 1.3e-3 / train/loss/orientations 0.18 / train/loss/policy -0.06 / train/loss/rep 11.46 / train/loss/repval 0.95 / train/loss/rew 0.62 / train/loss/value 0.84 / train/loss/velocity 1.52 / replay/replay_ratio 1040 / fps/policy 36.87 / fps/train 3.8e4

Writing metrics: /scratch/midway3/rickybao/dreamerv3_runs/adapt_p2e_stand_seed1/metrics.jsonlWriting metrics: /scratch/midway3/rickybao/dreamerv3_runs/adapt_p2e_stand_seed1/scores.jsonl


--------------------[Agent Step 178_480]--------------------
Metrics filtered by: 'score|length|fps|ratio|train/loss/|train/rand/'
episode/score 947.74 / episode/length 1001 / train/loss/con 0.02 / train/loss/dyn 11.49 / train/loss/height 1.3e-3 / train/loss/orientations 0.18 / train/loss/policy -0.06 / train/loss/rep 11.49 / train/loss/repval 0.95 / train/loss/rew 0.62 / train/loss/value 0.84 / train/loss/velocity 1.52 / replay/replay_ratio 1040 / fps/policy 36.83 / fps/train 3.8e4

Writing metrics: /scratch/midway3/rickybao/dreamerv3_runs/adapt_p2e_stand_seed1/metrics.jsonlWriting metrics: /scratch/midway3/rickybao/dreamerv3_runs/adapt_p2e_stand_seed1/scores.jsonl


--------------------[Agent Step 182_912]--------------------
Metrics filtered by: 'score|length|fps|ratio|train/loss/|train/rand/'
train/loss/con 0.02 / train/loss/dyn 11.5 / train/loss/height 1.3e-3 / train/loss/orientations 0.18 / train/loss/policy -0.06 / train/loss/rep 11.5 / train/loss/repval 0.95 / train/loss/rew 0.62 / train/loss/value 0.84 / train/loss/velocity 1.52 / replay/replay_ratio 1040 / fps/policy 36.85 / fps/train 3.8e4

Writing metrics: /scratch/midway3/rickybao/dreamerv3_runs/adapt_p2e_stand_seed1/metrics.jsonlWriting metrics: /scratch/midway3/rickybao/dreamerv3_runs/adapt_p2e_stand_seed1/scores.jsonl


--------------------[Agent Step 187_344]--------------------
Metrics filtered by: 'score|length|fps|ratio|train/loss/|train/rand/'
train/loss/con 0.02 / train/loss/dyn 11.53 / train/loss/height 1.3e-3 / train/loss/orientations 0.18 / train/loss/policy -0.06 / train/loss/rep 11.53 / train/loss/repval 0.95 / train/loss/rew 0.62 / train/loss/value 0.84 / train/loss/velocity 1.53 / replay/replay_ratio 1040 / fps/policy 36.88 / fps/train 3.8e4

Writing metrics: /scratch/midway3/rickybao/dreamerv3_runs/adapt_p2e_stand_seed1/metrics.jsonlWriting metrics: /scratch/midway3/rickybao/dreamerv3_runs/adapt_p2e_stand_seed1/scores.jsonl


--------------------[Agent Step 191_776]--------------------
Metrics filtered by: 'score|length|fps|ratio|train/loss/|train/rand/'
train/loss/con 0.02 / train/loss/dyn 11.6 / train/loss/height 1.3e-3 / train/loss/orientations 0.18 / train/loss/policy -0.05 / train/loss/rep 11.6 / train/loss/repval 0.94 / train/loss/rew 0.63 / train/loss/value 0.83 / train/loss/velocity 1.53 / replay/replay_ratio 1040 / fps/policy 36.86 / fps/train 3.8e4

Writing metrics: /scratch/midway3/rickybao/dreamerv3_runs/adapt_p2e_stand_seed1/metrics.jsonl
Writing metrics: /scratch/midway3/rickybao/dreamerv3_runs/adapt_p2e_stand_seed1/scores.jsonl

--------------------[Agent Step 196_208]--------------------
Metrics filtered by: 'score|length|fps|ratio|train/loss/|train/rand/'
episode/score 925.43 / episode/length 1001 / train/loss/con 0.02 / train/loss/dyn 11.59 / train/loss/height 1.3e-3 / train/loss/orientations 0.18 / train/loss/policy -0.05 / train/loss/rep 11.59 / train/loss/repval 0.94 / train/loss/rew 0.63 / train/loss/value 0.83 / train/loss/velocity 1.53 / replay/replay_ratio 1040 / fps/policy 36.8 / fps/train 3.8e4

Writing metrics: /scratch/midway3/rickybao/dreamerv3_runs/adapt_p2e_stand_seed1/metrics.jsonlWriting metrics: /scratch/midway3/rickybao/dreamerv3_runs/adapt_p2e_stand_seed1/scores.jsonl

Saving checkpoint: /scratch/midway3/rickybao/dreamerv3_runs/adapt_p2e_stand_seed1/ckpt/20260518T031353F374138
Saved checkpoint.

--------------------[Agent Step 200_592]--------------------
Metrics filtered by: 'score|length|fps|ratio|train/loss/|train/rand/'
train/loss/con 0.02 / train/loss/dyn 11.61 / train/loss/height 1.3e-3 / train/loss/orientations 0.18 / train/loss/policy -0.05 / train/loss/rep 11.61 / train/loss/repval 0.94 / train/loss/rew 0.63 / train/loss/value 0.83 / train/loss/velocity 1.54 / replay/replay_ratio 1040 / fps/policy 36.43 / fps/train 3.7e4

Writing metrics: /scratch/midway3/rickybao/dreamerv3_runs/adapt_p2e_stand_seed1/metrics.jsonlWriting metrics: /scratch/midway3/rickybao/dreamerv3_runs/adapt_p2e_stand_seed1/scores.jsonl


--------------------[Agent Step 205_024]--------------------
Metrics filtered by: 'score|length|fps|ratio|train/loss/|train/rand/'
train/loss/con 0.02 / train/loss/dyn 11.63 / train/loss/height 1.4e-3 / train/loss/orientations 0.18 / train/loss/policy -0.06 / train/loss/rep 11.63 / train/loss/repval 0.93 / train/loss/rew 0.63 / train/loss/value 0.83 / train/loss/velocity 1.54 / replay/replay_ratio 1040 / fps/policy 36.86 / fps/train 3.8e4

Writing metrics: /scratch/midway3/rickybao/dreamerv3_runs/adapt_p2e_stand_seed1/metrics.jsonlWriting metrics: /scratch/midway3/rickybao/dreamerv3_runs/adapt_p2e_stand_seed1/scores.jsonl


--------------------[Agent Step 209_456]--------------------
Metrics filtered by: 'score|length|fps|ratio|train/loss/|train/rand/'
episode/score 884.76 / episode/length 1001 / train/loss/con 0.02 / train/loss/dyn 11.68 / train/loss/height 1.4e-3 / train/loss/orientations 0.18 / train/loss/policy -0.05 / train/loss/rep 11.68 / train/loss/repval 0.93 / train/loss/rew 0.63 / train/loss/value 0.82 / train/loss/velocity 1.55 / replay/replay_ratio 1040 / fps/policy 36.82 / fps/train 3.8e4

Writing metrics: /scratch/midway3/rickybao/dreamerv3_runs/adapt_p2e_stand_seed1/metrics.jsonlWriting metrics: /scratch/midway3/rickybao/dreamerv3_runs/adapt_p2e_stand_seed1/scores.jsonl


--------------------[Agent Step 213_888]--------------------
Metrics filtered by: 'score|length|fps|ratio|train/loss/|train/rand/'
train/loss/con 0.02 / train/loss/dyn 11.68 / train/loss/height 1.4e-3 / train/loss/orientations 0.18 / train/loss/policy -0.05 / train/loss/rep 11.68 / train/loss/repval 0.92 / train/loss/rew 0.63 / train/loss/value 0.82 / train/loss/velocity 1.55 / replay/replay_ratio 1040 / fps/policy 36.8 / fps/train 3.8e4

Writing metrics: /scratch/midway3/rickybao/dreamerv3_runs/adapt_p2e_stand_seed1/metrics.jsonl
Writing metrics: /scratch/midway3/rickybao/dreamerv3_runs/adapt_p2e_stand_seed1/scores.jsonl

--------------------[Agent Step 218_304]--------------------
Metrics filtered by: 'score|length|fps|ratio|train/loss/|train/rand/'
train/loss/con 0.02 / train/loss/dyn 11.69 / train/loss/height 1.4e-3 / train/loss/orientations 0.18 / train/loss/policy -0.05 / train/loss/rep 11.69 / train/loss/repval 0.92 / train/loss/rew 0.63 / train/loss/value 0.82 / train/loss/velocity 1.55 / replay/replay_ratio 1040 / fps/policy 36.77 / fps/train 3.8e4

Writing metrics: /scratch/midway3/rickybao/dreamerv3_runs/adapt_p2e_stand_seed1/metrics.jsonlWriting metrics: /scratch/midway3/rickybao/dreamerv3_runs/adapt_p2e_stand_seed1/scores.jsonl


--------------------[Agent Step 222_736]--------------------
Metrics filtered by: 'score|length|fps|ratio|train/loss/|train/rand/'
train/loss/con 0.02 / train/loss/dyn 11.73 / train/loss/height 1.4e-3 / train/loss/orientations 0.18 / train/loss/policy -0.05 / train/loss/rep 11.73 / train/loss/repval 0.92 / train/loss/rew 0.63 / train/loss/value 0.82 / train/loss/velocity 1.55 / replay/replay_ratio 1040 / fps/policy 36.85 / fps/train 3.8e4

Writing metrics: /scratch/midway3/rickybao/dreamerv3_runs/adapt_p2e_stand_seed1/metrics.jsonlWriting metrics: /scratch/midway3/rickybao/dreamerv3_runs/adapt_p2e_stand_seed1/scores.jsonl


--------------------[Agent Step 227_168]--------------------
Metrics filtered by: 'score|length|fps|ratio|train/loss/|train/rand/'
episode/score 999.2 / episode/length 1001 / train/loss/con 0.02 / train/loss/dyn 11.74 / train/loss/height 1.4e-3 / train/loss/orientations 0.18 / train/loss/policy -0.05 / train/loss/rep 11.74 / train/loss/repval 0.92 / train/loss/rew 0.63 / train/loss/value 0.82 / train/loss/velocity 1.55 / replay/replay_ratio 1040 / fps/policy 36.8 / fps/train 3.8e4

Writing metrics: /scratch/midway3/rickybao/dreamerv3_runs/adapt_p2e_stand_seed1/metrics.jsonlWriting metrics: /scratch/midway3/rickybao/dreamerv3_runs/adapt_p2e_stand_seed1/scores.jsonl


--------------------[Agent Step 231_600]--------------------
Metrics filtered by: 'score|length|fps|ratio|train/loss/|train/rand/'
train/loss/con 0.02 / train/loss/dyn 11.75 / train/loss/height 1.4e-3 / train/loss/orientations 0.18 / train/loss/policy -0.05 / train/loss/rep 11.75 / train/loss/repval 0.92 / train/loss/rew 0.63 / train/loss/value 0.82 / train/loss/velocity 1.56 / replay/replay_ratio 1040 / fps/policy 36.81 / fps/train 3.8e4

Writing metrics: /scratch/midway3/rickybao/dreamerv3_runs/adapt_p2e_stand_seed1/metrics.jsonlWriting metrics: /scratch/midway3/rickybao/dreamerv3_runs/adapt_p2e_stand_seed1/scores.jsonl

Saving checkpoint: /scratch/midway3/rickybao/dreamerv3_runs/adapt_p2e_stand_seed1/ckpt/20260518T032853F428609
Saved checkpoint.

--------------------[Agent Step 235_968]--------------------
Metrics filtered by: 'score|length|fps|ratio|train/loss/|train/rand/'
train/loss/con 0.02 / train/loss/dyn 11.76 / train/loss/height 1.4e-3 / train/loss/orientations 0.18 / train/loss/policy -0.05 / train/loss/rep 11.76 / train/loss/repval 0.91 / train/loss/rew 0.63 / train/loss/value 0.82 / train/loss/velocity 1.56 / replay/replay_ratio 1040 / fps/policy 36.4 / fps/train 3.7e4

Writing metrics: /scratch/midway3/rickybao/dreamerv3_runs/adapt_p2e_stand_seed1/metrics.jsonl
Writing metrics: /scratch/midway3/rickybao/dreamerv3_runs/adapt_p2e_stand_seed1/scores.jsonl

--------------------[Agent Step 240_400]--------------------
Metrics filtered by: 'score|length|fps|ratio|train/loss/|train/rand/'
episode/score 973.15 / episode/length 1001 / train/loss/con 0.02 / train/loss/dyn 11.79 / train/loss/height 1.4e-3 / train/loss/orientations 0.18 / train/loss/policy -0.05 / train/loss/rep 11.79 / train/loss/repval 0.91 / train/loss/rew 0.63 / train/loss/value 0.81 / train/loss/velocity 1.56 / replay/replay_ratio 1040 / fps/policy 36.83 / fps/train 3.8e4

Writing metrics: /scratch/midway3/rickybao/dreamerv3_runs/adapt_p2e_stand_seed1/metrics.jsonlWriting metrics: /scratch/midway3/rickybao/dreamerv3_runs/adapt_p2e_stand_seed1/scores.jsonl


--------------------[Agent Step 244_816]--------------------
Metrics filtered by: 'score|length|fps|ratio|train/loss/|train/rand/'
train/loss/con 0.02 / train/loss/dyn 11.82 / train/loss/height 1.4e-3 / train/loss/orientations 0.18 / train/loss/policy -0.05 / train/loss/rep 11.82 / train/loss/repval 0.91 / train/loss/rew 0.63 / train/loss/value 0.81 / train/loss/velocity 1.56 / replay/replay_ratio 1040 / fps/policy 36.76 / fps/train 3.8e4

Writing metrics: /scratch/midway3/rickybao/dreamerv3_runs/adapt_p2e_stand_seed1/metrics.jsonlWriting metrics: /scratch/midway3/rickybao/dreamerv3_runs/adapt_p2e_stand_seed1/scores.jsonl


--------------------[Agent Step 249_248]--------------------
Metrics filtered by: 'score|length|fps|ratio|train/loss/|train/rand/'
train/loss/con 0.02 / train/loss/dyn 11.83 / train/loss/height 1.4e-3 / train/loss/orientations 0.18 / train/loss/policy -0.05 / train/loss/rep 11.83 / train/loss/repval 0.9 / train/loss/rew 0.63 / train/loss/value 0.81 / train/loss/velocity 1.57 / replay/replay_ratio 1040 / fps/policy 36.81 / fps/train 3.8e4

Writing metrics: /scratch/midway3/rickybao/dreamerv3_runs/adapt_p2e_stand_seed1/metrics.jsonlWriting metrics: /scratch/midway3/rickybao/dreamerv3_runs/adapt_p2e_stand_seed1/scores.jsonl

Adaptation finished | End time: Mon May 18 03:36:26 CDT 2026
Logdir: /scratch/midway3/rickybao/dreamerv3_runs/adapt_p2e_stand_seed1
