---  ___                           __   ______ ---
--- |   \ _ _ ___ __ _ _ __  ___ _ \ \ / /__ / ---
--- | |) | '_/ -_) _` | '  \/ -_) '/\ V / |_ \ ---
--- |___/|_| \___\__,_|_|_|_\___|_|  \_/ |___/ ---
Replica: 0 / 1
Logdir: /scratch/midway3/rickybao/dreamerv3_runs/fulladapt_p2e_walk_seed2
Run script: train
Observations
  reward           Space(float32, shape=(), low=-inf, high=inf)
  is_first         Space(bool, shape=(), low=False, high=True)
  is_last          Space(bool, shape=(), low=False, high=True)
  is_terminal      Space(bool, shape=(), low=False, high=True)
  orientations     Space(float32, shape=(14,), low=-inf, high=inf)
  height           Space(float32, shape=(), low=-inf, high=inf)
  velocity         Space(float32, shape=(9,), low=-inf, high=inf)
Actions
  action           Space(float32, shape=(6,), low=-1.0, high=1.0)
Extras
  consec           Space(int32, shape=(), low=-2147483648, high=2147483647)
  stepid           Space(uint8, shape=(20,), low=0, high=255)
  dyn/deter        Space(float32, shape=(512,), low=-inf, high=inf)
  dyn/stoch        Space(float32, shape=(32, 4), low=-inf, high=inf)
JAX devices (1): [cuda:0]
Policy devices: cuda:0
Train devices:  cuda:0
Initializing parameters...
Optimizer opt has 640,867 params:
       364,416 dyn
        66,111 val
        57,663 rew
        51,096 dec
        50,316 pol
        41,153 con
        10,112 enc
Done initializing!
Compiling 1 checkpoint groups...
Largest checkpoint group: 0 GB
Compiling train and report...
Train cost analysis:
  FLOPS:            7.3e+09
  Memory (temp):    2.4e+08
  Memory (inputs):  1.1e+07
  Memory (outputs): 9.3e+06
  Memory (code):    2.2e+06

Report cost analysis:
  FLOPS:            1.9e+06
  Memory (temp):    9.3e+05
  Memory (inputs):  2.8e+06
  Memory (outputs): 2.1e+04
  Memory (code):    9.7e+04

Done compiling!
Loaded pretrained checkpoint with keys: ['dec/mlp/linear0/bias', 'dec/mlp/linear0/kernel', 'dec/mlp/linear1/bias', 'dec/mlp/linear1/kernel', 'dec/mlp/linear2/bias', 'dec/mlp/linear2/kernel', 'dec/mlp/norm0/scale', 'dec/mlp/norm1/scale', 'dec/mlp/norm2/scale', 'dec/vec/height/pred/bias', 'dec/vec/height/pred/kernel', 'dec/vec/orientations/pred/bias', 'dec/vec/orientations/pred/kernel', 'dec/vec/velocity/pred/bias', 'dec/vec/velocity/pred/kernel', 'dyn/dyngru/bias', 'dyn/dyngru/kernel', 'dyn/dynhid0/bias', 'dyn/dynhid0/kernel', 'dyn/dynhid0norm/scale', 'dyn/dynin0/bias', 'dyn/dynin0/kernel', 'dyn/dynin0norm/scale', 'dyn/dynin1/bias', 'dyn/dynin1/kernel', 'dyn/dynin1norm/scale', 'dyn/dynin2/bias', 'dyn/dynin2/kernel', 'dyn/dynin2norm/scale', 'dyn/obs0/bias', 'dyn/obs0/kernel', 'dyn/obs0norm/scale', 'dyn/obslogit/bias', 'dyn/obslogit/kernel', 'dyn/prior0/bias', 'dyn/prior0/kernel', 'dyn/prior0norm/scale', 'dyn/prior1/bias', 'dyn/prior1/kernel', 'dyn/prior1norm/scale', 'dyn/priorlogit/bias', 'dyn/priorlogit/kernel', 'enc/mlp0/bias', 'enc/mlp0/kernel', 'enc/mlp0norm/scale', 'enc/mlp1/bias', 'enc/mlp1/kernel', 'enc/mlp1norm/scale', 'enc/mlp2/bias', 'enc/mlp2/kernel', 'enc/mlp2norm/scale']
Did not find any checkpoint.
Saving checkpoint: /scratch/midway3/rickybao/dreamerv3_runs/fulladapt_p2e_walk_seed2/ckpt/20260518T220507F712642
Saved checkpoint.
Start training loop

--------------------[Agent Step 4_160]--------------------
Metrics filtered by: 'score|length|fps|ratio|train/loss/|train/rand/'
train/loss/con 0.12 / train/loss/dyn 4.78 / train/loss/height 7.6e-4 / train/loss/orientations 0.06 / train/loss/policy 0.99 / train/loss/rep 4.78 / train/loss/repval 6.77 / train/loss/rew 2.61 / train/loss/value 3.02 / train/loss/velocity 0.78 / replay/replay_ratio 701.07 / fps/policy 33.42 / fps/train 1.7e4

Writing metrics: /scratch/midway3/rickybao/dreamerv3_runs/fulladapt_p2e_walk_seed2/metrics.jsonlWriting metrics: /scratch/midway3/rickybao/dreamerv3_runs/fulladapt_p2e_walk_seed2/scores.jsonl


--------------------[Agent Step 6_384]--------------------
Metrics filtered by: 'score|length|fps|ratio|train/loss/|train/rand/'
train/loss/con 0.02 / train/loss/dyn 3.72 / train/loss/height 7.5e-4 / train/loss/orientations 0.06 / train/loss/policy 2.24 / train/loss/rep 3.72 / train/loss/repval 3.48 / train/loss/rew 0.58 / train/loss/value 1.96 / train/loss/velocity 0.65 / replay/replay_ratio 1040 / fps/policy 18.5 / fps/train 1.9e4

Writing metrics: /scratch/midway3/rickybao/dreamerv3_runs/fulladapt_p2e_walk_seed2/metrics.jsonlWriting metrics: /scratch/midway3/rickybao/dreamerv3_runs/fulladapt_p2e_walk_seed2/scores.jsonl


--------------------[Agent Step 8_608]--------------------
Metrics filtered by: 'score|length|fps|ratio|train/loss/|train/rand/'
train/loss/con 0.02 / train/loss/dyn 3.84 / train/loss/height 7.8e-4 / train/loss/orientations 0.07 / train/loss/policy 2.74 / train/loss/rep 3.84 / train/loss/repval 2.54 / train/loss/rew 0.52 / train/loss/value 1.67 / train/loss/velocity 0.67 / replay/replay_ratio 1040 / fps/policy 18.47 / fps/train 1.9e4

Writing metrics: /scratch/midway3/rickybao/dreamerv3_runs/fulladapt_p2e_walk_seed2/metrics.jsonlWriting metrics: /scratch/midway3/rickybao/dreamerv3_runs/fulladapt_p2e_walk_seed2/scores.jsonl


--------------------[Agent Step 10_832]--------------------
Metrics filtered by: 'score|length|fps|ratio|train/loss/|train/rand/'
train/loss/con 0.02 / train/loss/dyn 3.94 / train/loss/height 7.5e-4 / train/loss/orientations 0.06 / train/loss/policy 2.06 / train/loss/rep 3.94 / train/loss/repval 1.84 / train/loss/rew 0.54 / train/loss/value 1.33 / train/loss/velocity 0.64 / replay/replay_ratio 1040 / fps/policy 18.45 / fps/train 1.9e4

Writing metrics: /scratch/midway3/rickybao/dreamerv3_runs/fulladapt_p2e_walk_seed2/metrics.jsonlWriting metrics: /scratch/midway3/rickybao/dreamerv3_runs/fulladapt_p2e_walk_seed2/scores.jsonl


--------------------[Agent Step 13_056]--------------------
Metrics filtered by: 'score|length|fps|ratio|train/loss/|train/rand/'
train/loss/con 0.02 / train/loss/dyn 4.11 / train/loss/height 7.3e-4 / train/loss/orientations 0.06 / train/loss/policy 1.29 / train/loss/rep 4.11 / train/loss/repval 1.5 / train/loss/rew 0.56 / train/loss/value 1.16 / train/loss/velocity 0.63 / replay/replay_ratio 1040 / fps/policy 18.44 / fps/train 1.9e4

Writing metrics: /scratch/midway3/rickybao/dreamerv3_runs/fulladapt_p2e_walk_seed2/metrics.jsonlWriting metrics: /scratch/midway3/rickybao/dreamerv3_runs/fulladapt_p2e_walk_seed2/scores.jsonl


--------------------[Agent Step 15_280]--------------------
Metrics filtered by: 'score|length|fps|ratio|train/loss/|train/rand/'
train/loss/con 0.02 / train/loss/dyn 4.31 / train/loss/height 7.7e-4 / train/loss/orientations 0.06 / train/loss/policy 0.62 / train/loss/rep 4.31 / train/loss/repval 1.47 / train/loss/rew 0.57 / train/loss/value 1.18 / train/loss/velocity 0.64 / replay/replay_ratio 1040 / fps/policy 18.43 / fps/train 1.9e4

Writing metrics: /scratch/midway3/rickybao/dreamerv3_runs/fulladapt_p2e_walk_seed2/metrics.jsonlWriting metrics: /scratch/midway3/rickybao/dreamerv3_runs/fulladapt_p2e_walk_seed2/scores.jsonl


--------------------[Agent Step 17_504]--------------------
Metrics filtered by: 'score|length|fps|ratio|train/loss/|train/rand/'
episode/score 141.72 / episode/length 1001 / train/loss/con 0.02 / train/loss/dyn 4.59 / train/loss/height 9.5e-4 / train/loss/orientations 0.07 / train/loss/policy 0.48 / train/loss/rep 4.59 / train/loss/repval 1.43 / train/loss/rew 0.59 / train/loss/value 1.13 / train/loss/velocity 0.69 / replay/replay_ratio 1040 / fps/policy 18.42 / fps/train 1.9e4

Writing metrics: /scratch/midway3/rickybao/dreamerv3_runs/fulladapt_p2e_walk_seed2/metrics.jsonlWriting metrics: /scratch/midway3/rickybao/dreamerv3_runs/fulladapt_p2e_walk_seed2/scores.jsonl

Saving checkpoint: /scratch/midway3/rickybao/dreamerv3_runs/fulladapt_p2e_walk_seed2/ckpt/20260518T222009F997945
Saved checkpoint.

--------------------[Agent Step 19_664]--------------------
Metrics filtered by: 'score|length|fps|ratio|train/loss/|train/rand/'
train/loss/con 0.02 / train/loss/dyn 4.71 / train/loss/height 1.1e-3 / train/loss/orientations 0.08 / train/loss/policy 0.27 / train/loss/rep 4.71 / train/loss/repval 1.39 / train/loss/rew 0.59 / train/loss/value 1.05 / train/loss/velocity 0.72 / replay/replay_ratio 1040 / fps/policy 17.96 / fps/train 1.8e4

Writing metrics: /scratch/midway3/rickybao/dreamerv3_runs/fulladapt_p2e_walk_seed2/metrics.jsonl
Writing metrics: /scratch/midway3/rickybao/dreamerv3_runs/fulladapt_p2e_walk_seed2/scores.jsonl

--------------------[Agent Step 21_888]--------------------
Metrics filtered by: 'score|length|fps|ratio|train/loss/|train/rand/'
train/loss/con 0.02 / train/loss/dyn 4.7 / train/loss/height 1.1e-3 / train/loss/orientations 0.08 / train/loss/policy 0.2 / train/loss/rep 4.7 / train/loss/repval 1.36 / train/loss/rew 0.6 / train/loss/value 1.06 / train/loss/velocity 0.72 / replay/replay_ratio 1040 / fps/policy 18.47 / fps/train 1.9e4

Writing metrics: /scratch/midway3/rickybao/dreamerv3_runs/fulladapt_p2e_walk_seed2/metrics.jsonlWriting metrics: /scratch/midway3/rickybao/dreamerv3_runs/fulladapt_p2e_walk_seed2/scores.jsonl


--------------------[Agent Step 24_112]--------------------
Metrics filtered by: 'score|length|fps|ratio|train/loss/|train/rand/'
train/loss/con 0.02 / train/loss/dyn 4.72 / train/loss/height 1.1e-3 / train/loss/orientations 0.07 / train/loss/policy 0.2 / train/loss/rep 4.72 / train/loss/repval 1.29 / train/loss/rew 0.6 / train/loss/value 0.99 / train/loss/velocity 0.71 / replay/replay_ratio 1040 / fps/policy 18.45 / fps/train 1.9e4

Writing metrics: /scratch/midway3/rickybao/dreamerv3_runs/fulladapt_p2e_walk_seed2/metrics.jsonl
Writing metrics: /scratch/midway3/rickybao/dreamerv3_runs/fulladapt_p2e_walk_seed2/scores.jsonl

--------------------[Agent Step 26_336]--------------------
Metrics filtered by: 'score|length|fps|ratio|train/loss/|train/rand/'
train/loss/con 0.02 / train/loss/dyn 4.77 / train/loss/height 1.1e-3 / train/loss/orientations 0.07 / train/loss/policy 0.11 / train/loss/rep 4.77 / train/loss/repval 1.22 / train/loss/rew 0.6 / train/loss/value 1.03 / train/loss/velocity 0.71 / replay/replay_ratio 1040 / fps/policy 18.45 / fps/train 1.9e4

Writing metrics: /scratch/midway3/rickybao/dreamerv3_runs/fulladapt_p2e_walk_seed2/metrics.jsonlWriting metrics: /scratch/midway3/rickybao/dreamerv3_runs/fulladapt_p2e_walk_seed2/scores.jsonl


--------------------[Agent Step 28_560]--------------------
Metrics filtered by: 'score|length|fps|ratio|train/loss/|train/rand/'
train/loss/con 0.02 / train/loss/dyn 4.77 / train/loss/height 1e-3 / train/loss/orientations 0.07 / train/loss/policy 0.05 / train/loss/rep 4.77 / train/loss/repval 1.16 / train/loss/rew 0.6 / train/loss/value 0.99 / train/loss/velocity 0.71 / replay/replay_ratio 1040 / fps/policy 18.44 / fps/train 1.9e4

Writing metrics: /scratch/midway3/rickybao/dreamerv3_runs/fulladapt_p2e_walk_seed2/metrics.jsonlWriting metrics: /scratch/midway3/rickybao/dreamerv3_runs/fulladapt_p2e_walk_seed2/scores.jsonl


--------------------[Agent Step 30_784]--------------------
Metrics filtered by: 'score|length|fps|ratio|train/loss/|train/rand/'
train/loss/con 0.02 / train/loss/dyn 4.78 / train/loss/height 1e-3 / train/loss/orientations 0.07 / train/loss/policy -0.01 / train/loss/rep 4.78 / train/loss/repval 1.12 / train/loss/rew 0.59 / train/loss/value 0.95 / train/loss/velocity 0.7 / replay/replay_ratio 1040 / fps/policy 18.43 / fps/train 1.9e4

Writing metrics: /scratch/midway3/rickybao/dreamerv3_runs/fulladapt_p2e_walk_seed2/metrics.jsonlWriting metrics: /scratch/midway3/rickybao/dreamerv3_runs/fulladapt_p2e_walk_seed2/scores.jsonl


--------------------[Agent Step 33_008]--------------------
Metrics filtered by: 'score|length|fps|ratio|train/loss/|train/rand/'
episode/score 281.81 / episode/length 1001 / train/loss/con 0.02 / train/loss/dyn 4.84 / train/loss/height 1e-3 / train/loss/orientations 0.07 / train/loss/policy -0.04 / train/loss/rep 4.84 / train/loss/repval 1.12 / train/loss/rew 0.59 / train/loss/value 0.99 / train/loss/velocity 0.7 / replay/replay_ratio 1040 / fps/policy 18.4 / fps/train 1.9e4

Writing metrics: /scratch/midway3/rickybao/dreamerv3_runs/fulladapt_p2e_walk_seed2/scores.jsonlWriting metrics: /scratch/midway3/rickybao/dreamerv3_runs/fulladapt_p2e_walk_seed2/metrics.jsonl

Saving checkpoint: /scratch/midway3/rickybao/dreamerv3_runs/fulladapt_p2e_walk_seed2/ckpt/20260518T223510F599518
Saved checkpoint.

--------------------[Agent Step 35_216]--------------------
Metrics filtered by: 'score|length|fps|ratio|train/loss/|train/rand/'
train/loss/con 0.02 / train/loss/dyn 4.98 / train/loss/height 1.1e-3 / train/loss/orientations 0.08 / train/loss/policy -0.06 / train/loss/rep 4.98 / train/loss/repval 1.1 / train/loss/rew 0.6 / train/loss/value 1 / train/loss/velocity 0.72 / replay/replay_ratio 1040 / fps/policy 18.34 / fps/train 1.9e4

Writing metrics: /scratch/midway3/rickybao/dreamerv3_runs/fulladapt_p2e_walk_seed2/metrics.jsonlWriting metrics: /scratch/midway3/rickybao/dreamerv3_runs/fulladapt_p2e_walk_seed2/scores.jsonl


--------------------[Agent Step 37_424]--------------------
Metrics filtered by: 'score|length|fps|ratio|train/loss/|train/rand/'
train/loss/con 0.02 / train/loss/dyn 5.01 / train/loss/height 1.1e-3 / train/loss/orientations 0.07 / train/loss/policy -0.06 / train/loss/rep 5.01 / train/loss/repval 1.12 / train/loss/rew 0.6 / train/loss/value 0.95 / train/loss/velocity 0.73 / replay/replay_ratio 1040 / fps/policy 18.4 / fps/train 1.9e4

Writing metrics: /scratch/midway3/rickybao/dreamerv3_runs/fulladapt_p2e_walk_seed2/metrics.jsonlWriting metrics: /scratch/midway3/rickybao/dreamerv3_runs/fulladapt_p2e_walk_seed2/scores.jsonl


--------------------[Agent Step 39_648]--------------------
Metrics filtered by: 'score|length|fps|ratio|train/loss/|train/rand/'
train/loss/con 0.02 / train/loss/dyn 5 / train/loss/height 1.1e-3 / train/loss/orientations 0.08 / train/loss/policy -0.07 / train/loss/rep 5 / train/loss/repval 1.02 / train/loss/rew 0.6 / train/loss/value 0.79 / train/loss/velocity 0.73 / replay/replay_ratio 1040 / fps/policy 18.43 / fps/train 1.9e4

Writing metrics: /scratch/midway3/rickybao/dreamerv3_runs/fulladapt_p2e_walk_seed2/scores.jsonlWriting metrics: /scratch/midway3/rickybao/dreamerv3_runs/fulladapt_p2e_walk_seed2/metrics.jsonl


--------------------[Agent Step 41_872]--------------------
Metrics filtered by: 'score|length|fps|ratio|train/loss/|train/rand/'
train/loss/con 0.02 / train/loss/dyn 5.02 / train/loss/height 1.1e-3 / train/loss/orientations 0.08 / train/loss/policy -0.07 / train/loss/rep 5.02 / train/loss/repval 1.06 / train/loss/rew 0.6 / train/loss/value 1.1 / train/loss/velocity 0.73 / replay/replay_ratio 1040 / fps/policy 18.42 / fps/train 1.9e4

Writing metrics: /scratch/midway3/rickybao/dreamerv3_runs/fulladapt_p2e_walk_seed2/metrics.jsonlWriting metrics: /scratch/midway3/rickybao/dreamerv3_runs/fulladapt_p2e_walk_seed2/scores.jsonl


--------------------[Agent Step 44_096]--------------------
Metrics filtered by: 'score|length|fps|ratio|train/loss/|train/rand/'
train/loss/con 0.02 / train/loss/dyn 5.03 / train/loss/height 1.1e-3 / train/loss/orientations 0.08 / train/loss/policy -0.07 / train/loss/rep 5.03 / train/loss/repval 1.12 / train/loss/rew 0.6 / train/loss/value 1.11 / train/loss/velocity 0.73 / replay/replay_ratio 1040 / fps/policy 18.44 / fps/train 1.9e4

Writing metrics: /scratch/midway3/rickybao/dreamerv3_runs/fulladapt_p2e_walk_seed2/metrics.jsonlWriting metrics: /scratch/midway3/rickybao/dreamerv3_runs/fulladapt_p2e_walk_seed2/scores.jsonl


--------------------[Agent Step 46_320]--------------------
Metrics filtered by: 'score|length|fps|ratio|train/loss/|train/rand/'
train/loss/con 0.02 / train/loss/dyn 5.02 / train/loss/height 1.1e-3 / train/loss/orientations 0.07 / train/loss/policy -0.07 / train/loss/rep 5.02 / train/loss/repval 1.07 / train/loss/rew 0.6 / train/loss/value 0.83 / train/loss/velocity 0.72 / replay/replay_ratio 1040 / fps/policy 18.44 / fps/train 1.9e4

Writing metrics: /scratch/midway3/rickybao/dreamerv3_runs/fulladapt_p2e_walk_seed2/metrics.jsonlWriting metrics: /scratch/midway3/rickybao/dreamerv3_runs/fulladapt_p2e_walk_seed2/scores.jsonl


--------------------[Agent Step 48_560]--------------------
Metrics filtered by: 'score|length|fps|ratio|train/loss/|train/rand/'
episode/score 554.23 / episode/length 1001 / train/loss/con 0.02 / train/loss/dyn 5.03 / train/loss/height 1.1e-3 / train/loss/orientations 0.07 / train/loss/policy -0.07 / train/loss/rep 5.03 / train/loss/repval 0.96 / train/loss/rew 0.6 / train/loss/value 0.8 / train/loss/velocity 0.72 / replay/replay_ratio 1040 / fps/policy 18.65 / fps/train 1.9e4

Writing metrics: /scratch/midway3/rickybao/dreamerv3_runs/fulladapt_p2e_walk_seed2/metrics.jsonlWriting metrics: /scratch/midway3/rickybao/dreamerv3_runs/fulladapt_p2e_walk_seed2/scores.jsonl


--------------------[Agent Step 50_816]--------------------
Metrics filtered by: 'score|length|fps|ratio|train/loss/|train/rand/'
train/loss/con 0.02 / train/loss/dyn 5.11 / train/loss/height 1.1e-3 / train/loss/orientations 0.07 / train/loss/policy -0.08 / train/loss/rep 5.11 / train/loss/repval 1.06 / train/loss/rew 0.61 / train/loss/value 1.15 / train/loss/velocity 0.73 / replay/replay_ratio 1040 / fps/policy 18.78 / fps/train 1.9e4

Writing metrics: /scratch/midway3/rickybao/dreamerv3_runs/fulladapt_p2e_walk_seed2/metrics.jsonlWriting metrics: /scratch/midway3/rickybao/dreamerv3_runs/fulladapt_p2e_walk_seed2/scores.jsonl

Saving checkpoint: /scratch/midway3/rickybao/dreamerv3_runs/fulladapt_p2e_walk_seed2/ckpt/20260518T225011F134213
Saved checkpoint.

--------------------[Agent Step 53_056]--------------------
Metrics filtered by: 'score|length|fps|ratio|train/loss/|train/rand/'
train/loss/con 0.02 / train/loss/dyn 5.1 / train/loss/height 1e-3 / train/loss/orientations 0.07 / train/loss/policy -0.1 / train/loss/rep 5.1 / train/loss/repval 1.15 / train/loss/rew 0.61 / train/loss/value 1.11 / train/loss/velocity 0.72 / replay/replay_ratio 1040 / fps/policy 18.58 / fps/train 1.9e4

Writing metrics: /scratch/midway3/rickybao/dreamerv3_runs/fulladapt_p2e_walk_seed2/metrics.jsonlWriting metrics: /scratch/midway3/rickybao/dreamerv3_runs/fulladapt_p2e_walk_seed2/scores.jsonl


--------------------[Agent Step 55_280]--------------------
Metrics filtered by: 'score|length|fps|ratio|train/loss/|train/rand/'
train/loss/con 0.02 / train/loss/dyn 5.11 / train/loss/height 1e-3 / train/loss/orientations 0.07 / train/loss/policy -0.12 / train/loss/rep 5.11 / train/loss/repval 1.05 / train/loss/rew 0.61 / train/loss/value 0.77 / train/loss/velocity 0.72 / replay/replay_ratio 1040 / fps/policy 18.43 / fps/train 1.9e4

Writing metrics: /scratch/midway3/rickybao/dreamerv3_runs/fulladapt_p2e_walk_seed2/metrics.jsonlWriting metrics: /scratch/midway3/rickybao/dreamerv3_runs/fulladapt_p2e_walk_seed2/scores.jsonl


--------------------[Agent Step 57_504]--------------------
Metrics filtered by: 'score|length|fps|ratio|train/loss/|train/rand/'
train/loss/con 0.02 / train/loss/dyn 5.11 / train/loss/height 1e-3 / train/loss/orientations 0.07 / train/loss/policy -0.12 / train/loss/rep 5.11 / train/loss/repval 0.99 / train/loss/rew 0.61 / train/loss/value 1.04 / train/loss/velocity 0.72 / replay/replay_ratio 1040 / fps/policy 18.44 / fps/train 1.9e4

Writing metrics: /scratch/midway3/rickybao/dreamerv3_runs/fulladapt_p2e_walk_seed2/metrics.jsonlWriting metrics: /scratch/midway3/rickybao/dreamerv3_runs/fulladapt_p2e_walk_seed2/scores.jsonl


--------------------[Agent Step 59_728]--------------------
Metrics filtered by: 'score|length|fps|ratio|train/loss/|train/rand/'
train/loss/con 0.02 / train/loss/dyn 5.09 / train/loss/height 1e-3 / train/loss/orientations 0.07 / train/loss/policy -0.12 / train/loss/rep 5.09 / train/loss/repval 1.11 / train/loss/rew 0.61 / train/loss/value 1.23 / train/loss/velocity 0.72 / replay/replay_ratio 1040 / fps/policy 18.43 / fps/train 1.9e4

Writing metrics: /scratch/midway3/rickybao/dreamerv3_runs/fulladapt_p2e_walk_seed2/metrics.jsonl
Writing metrics: /scratch/midway3/rickybao/dreamerv3_runs/fulladapt_p2e_walk_seed2/scores.jsonl

--------------------[Agent Step 61_952]--------------------
Metrics filtered by: 'score|length|fps|ratio|train/loss/|train/rand/'
train/loss/con 0.02 / train/loss/dyn 5.04 / train/loss/height 9.8e-4 / train/loss/orientations 0.07 / train/loss/policy -0.12 / train/loss/rep 5.04 / train/loss/repval 1.14 / train/loss/rew 0.61 / train/loss/value 0.96 / train/loss/velocity 0.71 / replay/replay_ratio 1040 / fps/policy 18.43 / fps/train 1.9e4

Writing metrics: /scratch/midway3/rickybao/dreamerv3_runs/fulladapt_p2e_walk_seed2/metrics.jsonlWriting metrics: /scratch/midway3/rickybao/dreamerv3_runs/fulladapt_p2e_walk_seed2/scores.jsonl


--------------------[Agent Step 64_176]--------------------
Metrics filtered by: 'score|length|fps|ratio|train/loss/|train/rand/'
episode/score 780.96 / episode/length 1001 / train/loss/con 0.02 / train/loss/dyn 4.97 / train/loss/height 9.5e-4 / train/loss/orientations 0.07 / train/loss/policy -0.13 / train/loss/rep 4.97 / train/loss/repval 1.05 / train/loss/rew 0.6 / train/loss/value 0.73 / train/loss/velocity 0.7 / replay/replay_ratio 1040 / fps/policy 18.42 / fps/train 1.9e4

Writing metrics: /scratch/midway3/rickybao/dreamerv3_runs/fulladapt_p2e_walk_seed2/metrics.jsonl
Writing metrics: /scratch/midway3/rickybao/dreamerv3_runs/fulladapt_p2e_walk_seed2/scores.jsonl

--------------------[Agent Step 66_384]--------------------
Metrics filtered by: 'score|length|fps|ratio|train/loss/|train/rand/'
train/loss/con 0.02 / train/loss/dyn 4.97 / train/loss/height 9.6e-4 / train/loss/orientations 0.07 / train/loss/policy -0.12 / train/loss/rep 4.97 / train/loss/repval 0.96 / train/loss/rew 0.6 / train/loss/value 0.93 / train/loss/velocity 0.69 / replay/replay_ratio 1040 / fps/policy 18.39 / fps/train 1.9e4

Writing metrics: /scratch/midway3/rickybao/dreamerv3_runs/fulladapt_p2e_walk_seed2/metrics.jsonl
Writing metrics: /scratch/midway3/rickybao/dreamerv3_runs/fulladapt_p2e_walk_seed2/scores.jsonl
Saving checkpoint: /scratch/midway3/rickybao/dreamerv3_runs/fulladapt_p2e_walk_seed2/ckpt/20260518T230511F605854
Saved checkpoint.

--------------------[Agent Step 68_592]--------------------
Metrics filtered by: 'score|length|fps|ratio|train/loss/|train/rand/'
train/loss/con 0.02 / train/loss/dyn 4.92 / train/loss/height 9.4e-4 / train/loss/orientations 0.07 / train/loss/policy -0.11 / train/loss/rep 4.92 / train/loss/repval 1.05 / train/loss/rew 0.6 / train/loss/value 1.17 / train/loss/velocity 0.68 / replay/replay_ratio 1040 / fps/policy 18.34 / fps/train 1.9e4

Writing metrics: /scratch/midway3/rickybao/dreamerv3_runs/fulladapt_p2e_walk_seed2/metrics.jsonlWriting metrics: /scratch/midway3/rickybao/dreamerv3_runs/fulladapt_p2e_walk_seed2/scores.jsonl


--------------------[Agent Step 70_816]--------------------
Metrics filtered by: 'score|length|fps|ratio|train/loss/|train/rand/'
train/loss/con 0.02 / train/loss/dyn 4.88 / train/loss/height 9.2e-4 / train/loss/orientations 0.06 / train/loss/policy -0.1 / train/loss/rep 4.88 / train/loss/repval 1.11 / train/loss/rew 0.6 / train/loss/value 1.26 / train/loss/velocity 0.67 / replay/replay_ratio 1040 / fps/policy 18.44 / fps/train 1.9e4

Writing metrics: /scratch/midway3/rickybao/dreamerv3_runs/fulladapt_p2e_walk_seed2/metrics.jsonlWriting metrics: /scratch/midway3/rickybao/dreamerv3_runs/fulladapt_p2e_walk_seed2/scores.jsonl


--------------------[Agent Step 73_040]--------------------
Metrics filtered by: 'score|length|fps|ratio|train/loss/|train/rand/'
train/loss/con 0.02 / train/loss/dyn 4.84 / train/loss/height 9.1e-4 / train/loss/orientations 0.06 / train/loss/policy -0.09 / train/loss/rep 4.84 / train/loss/repval 1.15 / train/loss/rew 0.59 / train/loss/value 1.22 / train/loss/velocity 0.67 / replay/replay_ratio 1040 / fps/policy 18.43 / fps/train 1.9e4

Writing metrics: /scratch/midway3/rickybao/dreamerv3_runs/fulladapt_p2e_walk_seed2/metrics.jsonlWriting metrics: /scratch/midway3/rickybao/dreamerv3_runs/fulladapt_p2e_walk_seed2/scores.jsonl


--------------------[Agent Step 75_264]--------------------
Metrics filtered by: 'score|length|fps|ratio|train/loss/|train/rand/'
train/loss/con 0.02 / train/loss/dyn 4.8 / train/loss/height 8.8e-4 / train/loss/orientations 0.06 / train/loss/policy -0.09 / train/loss/rep 4.8 / train/loss/repval 1.16 / train/loss/rew 0.59 / train/loss/value 1.14 / train/loss/velocity 0.66 / replay/replay_ratio 1040 / fps/policy 18.42 / fps/train 1.9e4

Writing metrics: /scratch/midway3/rickybao/dreamerv3_runs/fulladapt_p2e_walk_seed2/scores.jsonlWriting metrics: /scratch/midway3/rickybao/dreamerv3_runs/fulladapt_p2e_walk_seed2/metrics.jsonl


--------------------[Agent Step 77_488]--------------------
Metrics filtered by: 'score|length|fps|ratio|train/loss/|train/rand/'
train/loss/con 0.02 / train/loss/dyn 4.75 / train/loss/height 8.6e-4 / train/loss/orientations 0.06 / train/loss/policy -0.09 / train/loss/rep 4.75 / train/loss/repval 1.16 / train/loss/rew 0.59 / train/loss/value 1.09 / train/loss/velocity 0.64 / replay/replay_ratio 1040 / fps/policy 18.42 / fps/train 1.9e4

Writing metrics: /scratch/midway3/rickybao/dreamerv3_runs/fulladapt_p2e_walk_seed2/metrics.jsonlWriting metrics: /scratch/midway3/rickybao/dreamerv3_runs/fulladapt_p2e_walk_seed2/scores.jsonl


--------------------[Agent Step 79_712]--------------------
Metrics filtered by: 'score|length|fps|ratio|train/loss/|train/rand/'
train/loss/con 0.02 / train/loss/dyn 4.72 / train/loss/height 8.5e-4 / train/loss/orientations 0.06 / train/loss/policy -0.08 / train/loss/rep 4.72 / train/loss/repval 1.15 / train/loss/rew 0.59 / train/loss/value 1.07 / train/loss/velocity 0.64 / replay/replay_ratio 1040 / fps/policy 18.41 / fps/train 1.9e4

Writing metrics: /scratch/midway3/rickybao/dreamerv3_runs/fulladapt_p2e_walk_seed2/metrics.jsonl
Writing metrics: /scratch/midway3/rickybao/dreamerv3_runs/fulladapt_p2e_walk_seed2/scores.jsonl

--------------------[Agent Step 81_920]--------------------
Metrics filtered by: 'score|length|fps|ratio|train/loss/|train/rand/'
episode/score 893.28 / episode/length 1001 / train/loss/con 0.02 / train/loss/dyn 4.73 / train/loss/height 8.6e-4 / train/loss/orientations 0.06 / train/loss/policy -0.07 / train/loss/rep 4.73 / train/loss/repval 1.15 / train/loss/rew 0.59 / train/loss/value 1.09 / train/loss/velocity 0.64 / replay/replay_ratio 1040 / fps/policy 18.36 / fps/train 1.9e4

Writing metrics: /scratch/midway3/rickybao/dreamerv3_runs/fulladapt_p2e_walk_seed2/scores.jsonlWriting metrics: /scratch/midway3/rickybao/dreamerv3_runs/fulladapt_p2e_walk_seed2/metrics.jsonl


--------------------[Agent Step 84_128]--------------------
Metrics filtered by: 'score|length|fps|ratio|train/loss/|train/rand/'
train/loss/con 0.02 / train/loss/dyn 4.74 / train/loss/height 8.6e-4 / train/loss/orientations 0.06 / train/loss/policy -0.07 / train/loss/rep 4.74 / train/loss/repval 1.14 / train/loss/rew 0.59 / train/loss/value 1.08 / train/loss/velocity 0.64 / replay/replay_ratio 1040 / fps/policy 18.4 / fps/train 1.9e4

Writing metrics: /scratch/midway3/rickybao/dreamerv3_runs/fulladapt_p2e_walk_seed2/metrics.jsonlWriting metrics: /scratch/midway3/rickybao/dreamerv3_runs/fulladapt_p2e_walk_seed2/scores.jsonl

Saving checkpoint: /scratch/midway3/rickybao/dreamerv3_runs/fulladapt_p2e_walk_seed2/ckpt/20260518T232011F608902
Saved checkpoint.

--------------------[Agent Step 86_336]--------------------
Metrics filtered by: 'score|length|fps|ratio|train/loss/|train/rand/'
train/loss/con 0.02 / train/loss/dyn 4.68 / train/loss/height 8.5e-4 / train/loss/orientations 0.06 / train/loss/policy -0.06 / train/loss/rep 4.68 / train/loss/repval 1.14 / train/loss/rew 0.59 / train/loss/value 1.07 / train/loss/velocity 0.63 / replay/replay_ratio 1040 / fps/policy 18.32 / fps/train 1.9e4

Writing metrics: /scratch/midway3/rickybao/dreamerv3_runs/fulladapt_p2e_walk_seed2/metrics.jsonlWriting metrics: /scratch/midway3/rickybao/dreamerv3_runs/fulladapt_p2e_walk_seed2/scores.jsonl


--------------------[Agent Step 88_560]--------------------
Metrics filtered by: 'score|length|fps|ratio|train/loss/|train/rand/'
train/loss/con 0.02 / train/loss/dyn 4.65 / train/loss/height 8.3e-4 / train/loss/orientations 0.06 / train/loss/policy -0.06 / train/loss/rep 4.65 / train/loss/repval 1.13 / train/loss/rew 0.59 / train/loss/value 1.05 / train/loss/velocity 0.62 / replay/replay_ratio 1040 / fps/policy 18.43 / fps/train 1.9e4

Writing metrics: /scratch/midway3/rickybao/dreamerv3_runs/fulladapt_p2e_walk_seed2/metrics.jsonl
Writing metrics: /scratch/midway3/rickybao/dreamerv3_runs/fulladapt_p2e_walk_seed2/scores.jsonl

--------------------[Agent Step 90_784]--------------------
Metrics filtered by: 'score|length|fps|ratio|train/loss/|train/rand/'
train/loss/con 0.02 / train/loss/dyn 4.64 / train/loss/height 8.2e-4 / train/loss/orientations 0.06 / train/loss/policy -0.06 / train/loss/rep 4.64 / train/loss/repval 1.13 / train/loss/rew 0.59 / train/loss/value 1.05 / train/loss/velocity 0.61 / replay/replay_ratio 1040 / fps/policy 18.42 / fps/train 1.9e4

Writing metrics: /scratch/midway3/rickybao/dreamerv3_runs/fulladapt_p2e_walk_seed2/metrics.jsonl
Writing metrics: /scratch/midway3/rickybao/dreamerv3_runs/fulladapt_p2e_walk_seed2/scores.jsonl

--------------------[Agent Step 93_008]--------------------
Metrics filtered by: 'score|length|fps|ratio|train/loss/|train/rand/'
train/loss/con 0.02 / train/loss/dyn 4.61 / train/loss/height 8e-4 / train/loss/orientations 0.05 / train/loss/policy -0.06 / train/loss/rep 4.61 / train/loss/repval 1.13 / train/loss/rew 0.59 / train/loss/value 1.05 / train/loss/velocity 0.61 / replay/replay_ratio 1040 / fps/policy 18.42 / fps/train 1.9e4

Writing metrics: /scratch/midway3/rickybao/dreamerv3_runs/fulladapt_p2e_walk_seed2/metrics.jsonlWriting metrics: /scratch/midway3/rickybao/dreamerv3_runs/fulladapt_p2e_walk_seed2/scores.jsonl


--------------------[Agent Step 95_232]--------------------
Metrics filtered by: 'score|length|fps|ratio|train/loss/|train/rand/'
train/loss/con 0.02 / train/loss/dyn 4.59 / train/loss/height 8e-4 / train/loss/orientations 0.05 / train/loss/policy -0.06 / train/loss/rep 4.59 / train/loss/repval 1.13 / train/loss/rew 0.59 / train/loss/value 1.05 / train/loss/velocity 0.6 / replay/replay_ratio 1040 / fps/policy 18.41 / fps/train 1.9e4

Writing metrics: /scratch/midway3/rickybao/dreamerv3_runs/fulladapt_p2e_walk_seed2/metrics.jsonlWriting metrics: /scratch/midway3/rickybao/dreamerv3_runs/fulladapt_p2e_walk_seed2/scores.jsonl


--------------------[Agent Step 97_440]--------------------
Metrics filtered by: 'score|length|fps|ratio|train/loss/|train/rand/'
episode/score 968.17 / episode/length 1001 / train/loss/con 0.02 / train/loss/dyn 4.59 / train/loss/height 7.9e-4 / train/loss/orientations 0.05 / train/loss/policy -0.06 / train/loss/rep 4.59 / train/loss/repval 1.12 / train/loss/rew 0.59 / train/loss/value 1.04 / train/loss/velocity 0.6 / replay/replay_ratio 1040 / fps/policy 18.36 / fps/train 1.9e4

Writing metrics: /scratch/midway3/rickybao/dreamerv3_runs/fulladapt_p2e_walk_seed2/metrics.jsonlWriting metrics: /scratch/midway3/rickybao/dreamerv3_runs/fulladapt_p2e_walk_seed2/scores.jsonl


--------------------[Agent Step 99_648]--------------------
Metrics filtered by: 'score|length|fps|ratio|train/loss/|train/rand/'
train/loss/con 0.02 / train/loss/dyn 4.61 / train/loss/height 8e-4 / train/loss/orientations 0.05 / train/loss/policy -0.06 / train/loss/rep 4.61 / train/loss/repval 1.11 / train/loss/rew 0.6 / train/loss/value 1.03 / train/loss/velocity 0.6 / replay/replay_ratio 1040 / fps/policy 18.37 / fps/train 1.9e4

Writing metrics: /scratch/midway3/rickybao/dreamerv3_runs/fulladapt_p2e_walk_seed2/metrics.jsonlWriting metrics: /scratch/midway3/rickybao/dreamerv3_runs/fulladapt_p2e_walk_seed2/scores.jsonl

Saving checkpoint: /scratch/midway3/rickybao/dreamerv3_runs/fulladapt_p2e_walk_seed2/ckpt/20260518T233512F114570
Saved checkpoint.

--------------------[Agent Step 101_856]--------------------
Metrics filtered by: 'score|length|fps|ratio|train/loss/|train/rand/'
train/loss/con 0.02 / train/loss/dyn 4.59 / train/loss/height 7.8e-4 / train/loss/orientations 0.05 / train/loss/policy -0.06 / train/loss/rep 4.59 / train/loss/repval 1.1 / train/loss/rew 0.6 / train/loss/value 1.01 / train/loss/velocity 0.6 / replay/replay_ratio 1040 / fps/policy 18.34 / fps/train 1.9e4

Writing metrics: /scratch/midway3/rickybao/dreamerv3_runs/fulladapt_p2e_walk_seed2/metrics.jsonlWriting metrics: /scratch/midway3/rickybao/dreamerv3_runs/fulladapt_p2e_walk_seed2/scores.jsonl


--------------------[Agent Step 104_080]--------------------
Metrics filtered by: 'score|length|fps|ratio|train/loss/|train/rand/'
train/loss/con 0.02 / train/loss/dyn 4.59 / train/loss/height 7.7e-4 / train/loss/orientations 0.05 / train/loss/policy -0.06 / train/loss/rep 4.59 / train/loss/repval 1.1 / train/loss/rew 0.6 / train/loss/value 1.01 / train/loss/velocity 0.59 / replay/replay_ratio 1040 / fps/policy 18.4 / fps/train 1.9e4

Writing metrics: /scratch/midway3/rickybao/dreamerv3_runs/fulladapt_p2e_walk_seed2/metrics.jsonlWriting metrics: /scratch/midway3/rickybao/dreamerv3_runs/fulladapt_p2e_walk_seed2/scores.jsonl


--------------------[Agent Step 106_304]--------------------
Metrics filtered by: 'score|length|fps|ratio|train/loss/|train/rand/'
train/loss/con 0.02 / train/loss/dyn 4.59 / train/loss/height 7.7e-4 / train/loss/orientations 0.05 / train/loss/policy -0.06 / train/loss/rep 4.59 / train/loss/repval 1.09 / train/loss/rew 0.6 / train/loss/value 1.01 / train/loss/velocity 0.59 / replay/replay_ratio 1040 / fps/policy 18.4 / fps/train 1.9e4

Writing metrics: /scratch/midway3/rickybao/dreamerv3_runs/fulladapt_p2e_walk_seed2/metrics.jsonlWriting metrics: /scratch/midway3/rickybao/dreamerv3_runs/fulladapt_p2e_walk_seed2/scores.jsonl


--------------------[Agent Step 108_512]--------------------
Metrics filtered by: 'score|length|fps|ratio|train/loss/|train/rand/'
train/loss/con 0.02 / train/loss/dyn 4.6 / train/loss/height 7.6e-4 / train/loss/orientations 0.05 / train/loss/policy -0.06 / train/loss/rep 4.6 / train/loss/repval 1.09 / train/loss/rew 0.6 / train/loss/value 1.01 / train/loss/velocity 0.59 / replay/replay_ratio 1040 / fps/policy 18.37 / fps/train 1.9e4

Writing metrics: /scratch/midway3/rickybao/dreamerv3_runs/fulladapt_p2e_walk_seed2/scores.jsonlWriting metrics: /scratch/midway3/rickybao/dreamerv3_runs/fulladapt_p2e_walk_seed2/metrics.jsonl


--------------------[Agent Step 110_736]--------------------
Metrics filtered by: 'score|length|fps|ratio|train/loss/|train/rand/'
train/loss/con 0.02 / train/loss/dyn 4.59 / train/loss/height 7.5e-4 / train/loss/orientations 0.05 / train/loss/policy -0.06 / train/loss/rep 4.59 / train/loss/repval 1.1 / train/loss/rew 0.6 / train/loss/value 1.02 / train/loss/velocity 0.58 / replay/replay_ratio 1040 / fps/policy 18.43 / fps/train 1.9e4

Writing metrics: /scratch/midway3/rickybao/dreamerv3_runs/fulladapt_p2e_walk_seed2/metrics.jsonlWriting metrics: /scratch/midway3/rickybao/dreamerv3_runs/fulladapt_p2e_walk_seed2/scores.jsonl


--------------------[Agent Step 112_960]--------------------
Metrics filtered by: 'score|length|fps|ratio|train/loss/|train/rand/'
episode/score 967.48 / episode/length 1001 / train/loss/con 0.02 / train/loss/dyn 4.58 / train/loss/height 7.4e-4 / train/loss/orientations 0.05 / train/loss/policy -0.05 / train/loss/rep 4.58 / train/loss/repval 1.1 / train/loss/rew 0.6 / train/loss/value 1.02 / train/loss/velocity 0.58 / replay/replay_ratio 1040 / fps/policy 18.47 / fps/train 1.9e4

Writing metrics: /scratch/midway3/rickybao/dreamerv3_runs/fulladapt_p2e_walk_seed2/scores.jsonlWriting metrics: /scratch/midway3/rickybao/dreamerv3_runs/fulladapt_p2e_walk_seed2/metrics.jsonl


--------------------[Agent Step 115_200]--------------------
Metrics filtered by: 'score|length|fps|ratio|train/loss/|train/rand/'
train/loss/con 0.02 / train/loss/dyn 4.6 / train/loss/height 7.5e-4 / train/loss/orientations 0.05 / train/loss/policy -0.05 / train/loss/rep 4.6 / train/loss/repval 1.1 / train/loss/rew 0.6 / train/loss/value 1.02 / train/loss/velocity 0.59 / replay/replay_ratio 1040 / fps/policy 18.55 / fps/train 1.9e4

Writing metrics: /scratch/midway3/rickybao/dreamerv3_runs/fulladapt_p2e_walk_seed2/metrics.jsonlWriting metrics: /scratch/midway3/rickybao/dreamerv3_runs/fulladapt_p2e_walk_seed2/scores.jsonl


--------------------[Agent Step 117_440]--------------------
Metrics filtered by: 'score|length|fps|ratio|train/loss/|train/rand/'
train/loss/con 0.02 / train/loss/dyn 4.58 / train/loss/height 7.4e-4 / train/loss/orientations 0.05 / train/loss/policy -0.06 / train/loss/rep 4.58 / train/loss/repval 1.09 / train/loss/rew 0.6 / train/loss/value 1.01 / train/loss/velocity 0.58 / replay/replay_ratio 1040 / fps/policy 18.6 / fps/train 1.9e4

Writing metrics: /scratch/midway3/rickybao/dreamerv3_runs/fulladapt_p2e_walk_seed2/metrics.jsonlWriting metrics: /scratch/midway3/rickybao/dreamerv3_runs/fulladapt_p2e_walk_seed2/scores.jsonl

Saving checkpoint: /scratch/midway3/rickybao/dreamerv3_runs/fulladapt_p2e_walk_seed2/ckpt/20260518T235012F848914
Saved checkpoint.

--------------------[Agent Step 119_664]--------------------
Metrics filtered by: 'score|length|fps|ratio|train/loss/|train/rand/'
train/loss/con 0.02 / train/loss/dyn 4.57 / train/loss/height 7.3e-4 / train/loss/orientations 0.05 / train/loss/policy -0.05 / train/loss/rep 4.57 / train/loss/repval 1.09 / train/loss/rew 0.6 / train/loss/value 1.01 / train/loss/velocity 0.58 / replay/replay_ratio 1040 / fps/policy 18.5 / fps/train 1.9e4

Writing metrics: /scratch/midway3/rickybao/dreamerv3_runs/fulladapt_p2e_walk_seed2/metrics.jsonlWriting metrics: /scratch/midway3/rickybao/dreamerv3_runs/fulladapt_p2e_walk_seed2/scores.jsonl


--------------------[Agent Step 121_904]--------------------
Metrics filtered by: 'score|length|fps|ratio|train/loss/|train/rand/'
train/loss/con 0.02 / train/loss/dyn 4.57 / train/loss/height 7.2e-4 / train/loss/orientations 0.05 / train/loss/policy -0.05 / train/loss/rep 4.57 / train/loss/repval 1.08 / train/loss/rew 0.6 / train/loss/value 1 / train/loss/velocity 0.57 / replay/replay_ratio 1040 / fps/policy 18.59 / fps/train 1.9e4

Writing metrics: /scratch/midway3/rickybao/dreamerv3_runs/fulladapt_p2e_walk_seed2/metrics.jsonlWriting metrics: /scratch/midway3/rickybao/dreamerv3_runs/fulladapt_p2e_walk_seed2/scores.jsonl


--------------------[Agent Step 124_144]--------------------
Metrics filtered by: 'score|length|fps|ratio|train/loss/|train/rand/'
train/loss/con 0.02 / train/loss/dyn 4.56 / train/loss/height 7.2e-4 / train/loss/orientations 0.05 / train/loss/policy -0.05 / train/loss/rep 4.56 / train/loss/repval 1.08 / train/loss/rew 0.6 / train/loss/value 1 / train/loss/velocity 0.57 / replay/replay_ratio 1040 / fps/policy 18.58 / fps/train 1.9e4

Writing metrics: /scratch/midway3/rickybao/dreamerv3_runs/fulladapt_p2e_walk_seed2/metrics.jsonlWriting metrics: /scratch/midway3/rickybao/dreamerv3_runs/fulladapt_p2e_walk_seed2/scores.jsonl


--------------------[Agent Step 126_384]--------------------
Metrics filtered by: 'score|length|fps|ratio|train/loss/|train/rand/'
train/loss/con 0.02 / train/loss/dyn 4.55 / train/loss/height 7.2e-4 / train/loss/orientations 0.05 / train/loss/policy -0.05 / train/loss/rep 4.55 / train/loss/repval 1.08 / train/loss/rew 0.6 / train/loss/value 1 / train/loss/velocity 0.57 / replay/replay_ratio 1040 / fps/policy 18.59 / fps/train 1.9e4

Writing metrics: /scratch/midway3/rickybao/dreamerv3_runs/fulladapt_p2e_walk_seed2/scores.jsonlWriting metrics: /scratch/midway3/rickybao/dreamerv3_runs/fulladapt_p2e_walk_seed2/metrics.jsonl


--------------------[Agent Step 128_624]--------------------
Metrics filtered by: 'score|length|fps|ratio|train/loss/|train/rand/'
episode/score 960.81 / episode/length 1001 / train/loss/con 0.02 / train/loss/dyn 4.56 / train/loss/height 7e-4 / train/loss/orientations 0.04 / train/loss/policy -0.05 / train/loss/rep 4.56 / train/loss/repval 1.07 / train/loss/rew 0.6 / train/loss/value 0.99 / train/loss/velocity 0.57 / replay/replay_ratio 1040 / fps/policy 18.58 / fps/train 1.9e4

Writing metrics: /scratch/midway3/rickybao/dreamerv3_runs/fulladapt_p2e_walk_seed2/metrics.jsonlWriting metrics: /scratch/midway3/rickybao/dreamerv3_runs/fulladapt_p2e_walk_seed2/scores.jsonl


--------------------[Agent Step 130_864]--------------------
Metrics filtered by: 'score|length|fps|ratio|train/loss/|train/rand/'
train/loss/con 0.02 / train/loss/dyn 4.57 / train/loss/height 7.1e-4 / train/loss/orientations 0.05 / train/loss/policy -0.05 / train/loss/rep 4.57 / train/loss/repval 1.06 / train/loss/rew 0.61 / train/loss/value 0.99 / train/loss/velocity 0.57 / replay/replay_ratio 1040 / fps/policy 18.55 / fps/train 1.9e4

Writing metrics: /scratch/midway3/rickybao/dreamerv3_runs/fulladapt_p2e_walk_seed2/metrics.jsonlWriting metrics: /scratch/midway3/rickybao/dreamerv3_runs/fulladapt_p2e_walk_seed2/scores.jsonl


--------------------[Agent Step 133_104]--------------------
Metrics filtered by: 'score|length|fps|ratio|train/loss/|train/rand/'
train/loss/con 0.02 / train/loss/dyn 4.57 / train/loss/height 7.1e-4 / train/loss/orientations 0.04 / train/loss/policy -0.05 / train/loss/rep 4.57 / train/loss/repval 1.06 / train/loss/rew 0.61 / train/loss/value 0.98 / train/loss/velocity 0.56 / replay/replay_ratio 1040 / fps/policy 18.6 / fps/train 1.9e4

Writing metrics: /scratch/midway3/rickybao/dreamerv3_runs/fulladapt_p2e_walk_seed2/metrics.jsonlWriting metrics: /scratch/midway3/rickybao/dreamerv3_runs/fulladapt_p2e_walk_seed2/scores.jsonl

Saving checkpoint: /scratch/midway3/rickybao/dreamerv3_runs/fulladapt_p2e_walk_seed2/ckpt/20260519T000513F079782
Saved checkpoint.

--------------------[Agent Step 135_328]--------------------
Metrics filtered by: 'score|length|fps|ratio|train/loss/|train/rand/'
train/loss/con 0.02 / train/loss/dyn 4.55 / train/loss/height 7e-4 / train/loss/orientations 0.04 / train/loss/policy -0.05 / train/loss/rep 4.55 / train/loss/repval 1.05 / train/loss/rew 0.61 / train/loss/value 0.97 / train/loss/velocity 0.56 / replay/replay_ratio 1040 / fps/policy 18.5 / fps/train 1.9e4

Writing metrics: /scratch/midway3/rickybao/dreamerv3_runs/fulladapt_p2e_walk_seed2/metrics.jsonlWriting metrics: /scratch/midway3/rickybao/dreamerv3_runs/fulladapt_p2e_walk_seed2/scores.jsonl


--------------------[Agent Step 137_568]--------------------
Metrics filtered by: 'score|length|fps|ratio|train/loss/|train/rand/'
train/loss/con 0.02 / train/loss/dyn 4.53 / train/loss/height 6.9e-4 / train/loss/orientations 0.04 / train/loss/policy -0.05 / train/loss/rep 4.53 / train/loss/repval 1.05 / train/loss/rew 0.61 / train/loss/value 0.97 / train/loss/velocity 0.56 / replay/replay_ratio 1040 / fps/policy 18.61 / fps/train 1.9e4

Writing metrics: /scratch/midway3/rickybao/dreamerv3_runs/fulladapt_p2e_walk_seed2/scores.jsonlWriting metrics: /scratch/midway3/rickybao/dreamerv3_runs/fulladapt_p2e_walk_seed2/metrics.jsonl


--------------------[Agent Step 139_808]--------------------
Metrics filtered by: 'score|length|fps|ratio|train/loss/|train/rand/'
train/loss/con 0.02 / train/loss/dyn 4.54 / train/loss/height 6.9e-4 / train/loss/orientations 0.04 / train/loss/policy -0.04 / train/loss/rep 4.54 / train/loss/repval 1.05 / train/loss/rew 0.61 / train/loss/value 0.97 / train/loss/velocity 0.56 / replay/replay_ratio 1040 / fps/policy 18.61 / fps/train 1.9e4

Writing metrics: /scratch/midway3/rickybao/dreamerv3_runs/fulladapt_p2e_walk_seed2/metrics.jsonlWriting metrics: /scratch/midway3/rickybao/dreamerv3_runs/fulladapt_p2e_walk_seed2/scores.jsonl


--------------------[Agent Step 142_048]--------------------
Metrics filtered by: 'score|length|fps|ratio|train/loss/|train/rand/'
train/loss/con 0.02 / train/loss/dyn 4.53 / train/loss/height 6.9e-4 / train/loss/orientations 0.04 / train/loss/policy -0.04 / train/loss/rep 4.53 / train/loss/repval 1.04 / train/loss/rew 0.61 / train/loss/value 0.96 / train/loss/velocity 0.56 / replay/replay_ratio 1040 / fps/policy 18.62 / fps/train 1.9e4

Writing metrics: /scratch/midway3/rickybao/dreamerv3_runs/fulladapt_p2e_walk_seed2/metrics.jsonlWriting metrics: /scratch/midway3/rickybao/dreamerv3_runs/fulladapt_p2e_walk_seed2/scores.jsonl


--------------------[Agent Step 144_288]--------------------
Metrics filtered by: 'score|length|fps|ratio|train/loss/|train/rand/'
episode/score 953.36 / episode/length 1001 / train/loss/con 0.02 / train/loss/dyn 4.52 / train/loss/height 6.8e-4 / train/loss/orientations 0.04 / train/loss/policy -0.04 / train/loss/rep 4.52 / train/loss/repval 1.04 / train/loss/rew 0.61 / train/loss/value 0.96 / train/loss/velocity 0.55 / replay/replay_ratio 1040 / fps/policy 18.62 / fps/train 1.9e4

Writing metrics: /scratch/midway3/rickybao/dreamerv3_runs/fulladapt_p2e_walk_seed2/metrics.jsonlWriting metrics: /scratch/midway3/rickybao/dreamerv3_runs/fulladapt_p2e_walk_seed2/scores.jsonl


--------------------[Agent Step 146_528]--------------------
Metrics filtered by: 'score|length|fps|ratio|train/loss/|train/rand/'
train/loss/con 0.02 / train/loss/dyn 4.54 / train/loss/height 6.8e-4 / train/loss/orientations 0.04 / train/loss/policy -0.04 / train/loss/rep 4.54 / train/loss/repval 1.03 / train/loss/rew 0.61 / train/loss/value 0.95 / train/loss/velocity 0.55 / replay/replay_ratio 1040 / fps/policy 18.57 / fps/train 1.9e4

Writing metrics: /scratch/midway3/rickybao/dreamerv3_runs/fulladapt_p2e_walk_seed2/metrics.jsonlWriting metrics: /scratch/midway3/rickybao/dreamerv3_runs/fulladapt_p2e_walk_seed2/scores.jsonl


--------------------[Agent Step 148_768]--------------------
Metrics filtered by: 'score|length|fps|ratio|train/loss/|train/rand/'
train/loss/con 0.02 / train/loss/dyn 4.53 / train/loss/height 6.8e-4 / train/loss/orientations 0.04 / train/loss/policy -0.04 / train/loss/rep 4.53 / train/loss/repval 1.03 / train/loss/rew 0.61 / train/loss/value 0.94 / train/loss/velocity 0.55 / replay/replay_ratio 1040 / fps/policy 18.58 / fps/train 1.9e4

Writing metrics: /scratch/midway3/rickybao/dreamerv3_runs/fulladapt_p2e_walk_seed2/metrics.jsonlWriting metrics: /scratch/midway3/rickybao/dreamerv3_runs/fulladapt_p2e_walk_seed2/scores.jsonl


--------------------[Agent Step 150_992]--------------------
Metrics filtered by: 'score|length|fps|ratio|train/loss/|train/rand/'
train/loss/con 0.02 / train/loss/dyn 4.52 / train/loss/height 6.8e-4 / train/loss/orientations 0.04 / train/loss/policy -0.04 / train/loss/rep 4.52 / train/loss/repval 1.03 / train/loss/rew 0.61 / train/loss/value 0.95 / train/loss/velocity 0.55 / replay/replay_ratio 1040 / fps/policy 18.49 / fps/train 1.9e4

Writing metrics: /scratch/midway3/rickybao/dreamerv3_runs/fulladapt_p2e_walk_seed2/metrics.jsonlWriting metrics: /scratch/midway3/rickybao/dreamerv3_runs/fulladapt_p2e_walk_seed2/scores.jsonl

Saving checkpoint: /scratch/midway3/rickybao/dreamerv3_runs/fulladapt_p2e_walk_seed2/ckpt/20260519T002013F299939
Saved checkpoint.

--------------------[Agent Step 153_216]--------------------
Metrics filtered by: 'score|length|fps|ratio|train/loss/|train/rand/'
train/loss/con 0.02 / train/loss/dyn 4.52 / train/loss/height 6.8e-4 / train/loss/orientations 0.04 / train/loss/policy -0.04 / train/loss/rep 4.52 / train/loss/repval 1.03 / train/loss/rew 0.61 / train/loss/value 0.95 / train/loss/velocity 0.55 / replay/replay_ratio 1040 / fps/policy 18.5 / fps/train 1.9e4

Writing metrics: /scratch/midway3/rickybao/dreamerv3_runs/fulladapt_p2e_walk_seed2/metrics.jsonlWriting metrics: /scratch/midway3/rickybao/dreamerv3_runs/fulladapt_p2e_walk_seed2/scores.jsonl


--------------------[Agent Step 155_456]--------------------
Metrics filtered by: 'score|length|fps|ratio|train/loss/|train/rand/'
train/loss/con 0.02 / train/loss/dyn 4.51 / train/loss/height 6.7e-4 / train/loss/orientations 0.04 / train/loss/policy -0.04 / train/loss/rep 4.51 / train/loss/repval 1.02 / train/loss/rew 0.61 / train/loss/value 0.94 / train/loss/velocity 0.55 / replay/replay_ratio 1040 / fps/policy 18.6 / fps/train 1.9e4

Writing metrics: /scratch/midway3/rickybao/dreamerv3_runs/fulladapt_p2e_walk_seed2/metrics.jsonl
Writing metrics: /scratch/midway3/rickybao/dreamerv3_runs/fulladapt_p2e_walk_seed2/scores.jsonl

--------------------[Agent Step 157_696]--------------------
Metrics filtered by: 'score|length|fps|ratio|train/loss/|train/rand/'
train/loss/con 0.02 / train/loss/dyn 4.5 / train/loss/height 6.6e-4 / train/loss/orientations 0.04 / train/loss/policy -0.04 / train/loss/rep 4.5 / train/loss/repval 1.02 / train/loss/rew 0.61 / train/loss/value 0.94 / train/loss/velocity 0.54 / replay/replay_ratio 1040 / fps/policy 18.6 / fps/train 1.9e4

Writing metrics: /scratch/midway3/rickybao/dreamerv3_runs/fulladapt_p2e_walk_seed2/metrics.jsonl
Writing metrics: /scratch/midway3/rickybao/dreamerv3_runs/fulladapt_p2e_walk_seed2/scores.jsonl

--------------------[Agent Step 159_936]--------------------
Metrics filtered by: 'score|length|fps|ratio|train/loss/|train/rand/'
train/loss/con 0.02 / train/loss/dyn 4.49 / train/loss/height 6.6e-4 / train/loss/orientations 0.04 / train/loss/policy -0.04 / train/loss/rep 4.49 / train/loss/repval 1.02 / train/loss/rew 0.61 / train/loss/value 0.94 / train/loss/velocity 0.54 / replay/replay_ratio 1040 / fps/policy 18.61 / fps/train 1.9e4

Writing metrics: /scratch/midway3/rickybao/dreamerv3_runs/fulladapt_p2e_walk_seed2/metrics.jsonl
Writing metrics: /scratch/midway3/rickybao/dreamerv3_runs/fulladapt_p2e_walk_seed2/scores.jsonl

--------------------[Agent Step 162_176]--------------------
Metrics filtered by: 'score|length|fps|ratio|train/loss/|train/rand/'
episode/score 952.29 / episode/length 1001 / train/loss/con 0.02 / train/loss/dyn 4.51 / train/loss/height 6.7e-4 / train/loss/orientations 0.04 / train/loss/policy -0.04 / train/loss/rep 4.51 / train/loss/repval 1.02 / train/loss/rew 0.61 / train/loss/value 0.94 / train/loss/velocity 0.54 / replay/replay_ratio 1040 / fps/policy 18.55 / fps/train 1.9e4

Writing metrics: /scratch/midway3/rickybao/dreamerv3_runs/fulladapt_p2e_walk_seed2/metrics.jsonlWriting metrics: /scratch/midway3/rickybao/dreamerv3_runs/fulladapt_p2e_walk_seed2/scores.jsonl


--------------------[Agent Step 164_416]--------------------
Metrics filtered by: 'score|length|fps|ratio|train/loss/|train/rand/'
train/loss/con 0.02 / train/loss/dyn 4.5 / train/loss/height 6.7e-4 / train/loss/orientations 0.04 / train/loss/policy -0.04 / train/loss/rep 4.5 / train/loss/repval 1.02 / train/loss/rew 0.61 / train/loss/value 0.94 / train/loss/velocity 0.54 / replay/replay_ratio 1040 / fps/policy 18.57 / fps/train 1.9e4

Writing metrics: /scratch/midway3/rickybao/dreamerv3_runs/fulladapt_p2e_walk_seed2/metrics.jsonlWriting metrics: /scratch/midway3/rickybao/dreamerv3_runs/fulladapt_p2e_walk_seed2/scores.jsonl


--------------------[Agent Step 166_656]--------------------
Metrics filtered by: 'score|length|fps|ratio|train/loss/|train/rand/'
train/loss/con 0.02 / train/loss/dyn 4.48 / train/loss/height 6.5e-4 / train/loss/orientations 0.04 / train/loss/policy -0.04 / train/loss/rep 4.48 / train/loss/repval 1.02 / train/loss/rew 0.61 / train/loss/value 0.94 / train/loss/velocity 0.54 / replay/replay_ratio 1040 / fps/policy 18.59 / fps/train 1.9e4

Writing metrics: /scratch/midway3/rickybao/dreamerv3_runs/fulladapt_p2e_walk_seed2/scores.jsonlWriting metrics: /scratch/midway3/rickybao/dreamerv3_runs/fulladapt_p2e_walk_seed2/metrics.jsonl

Saving checkpoint: /scratch/midway3/rickybao/dreamerv3_runs/fulladapt_p2e_walk_seed2/ckpt/20260519T003513F383172
Saved checkpoint.

--------------------[Agent Step 168_880]--------------------
Metrics filtered by: 'score|length|fps|ratio|train/loss/|train/rand/'
train/loss/con 0.02 / train/loss/dyn 4.47 / train/loss/height 6.5e-4 / train/loss/orientations 0.04 / train/loss/policy -0.04 / train/loss/rep 4.47 / train/loss/repval 1.01 / train/loss/rew 0.61 / train/loss/value 0.94 / train/loss/velocity 0.54 / replay/replay_ratio 1040 / fps/policy 18.52 / fps/train 1.9e4

Writing metrics: /scratch/midway3/rickybao/dreamerv3_runs/fulladapt_p2e_walk_seed2/scores.jsonlWriting metrics: /scratch/midway3/rickybao/dreamerv3_runs/fulladapt_p2e_walk_seed2/metrics.jsonl


--------------------[Agent Step 171_120]--------------------
Metrics filtered by: 'score|length|fps|ratio|train/loss/|train/rand/'
train/loss/con 0.02 / train/loss/dyn 4.47 / train/loss/height 6.5e-4 / train/loss/orientations 0.04 / train/loss/policy -0.04 / train/loss/rep 4.47 / train/loss/repval 1.01 / train/loss/rew 0.61 / train/loss/value 0.94 / train/loss/velocity 0.53 / replay/replay_ratio 1040 / fps/policy 18.6 / fps/train 1.9e4

Writing metrics: /scratch/midway3/rickybao/dreamerv3_runs/fulladapt_p2e_walk_seed2/metrics.jsonl
Writing metrics: /scratch/midway3/rickybao/dreamerv3_runs/fulladapt_p2e_walk_seed2/scores.jsonl

--------------------[Agent Step 173_360]--------------------
Metrics filtered by: 'score|length|fps|ratio|train/loss/|train/rand/'
train/loss/con 0.02 / train/loss/dyn 4.46 / train/loss/height 6.4e-4 / train/loss/orientations 0.04 / train/loss/policy -0.04 / train/loss/rep 4.46 / train/loss/repval 1.01 / train/loss/rew 0.61 / train/loss/value 0.93 / train/loss/velocity 0.53 / replay/replay_ratio 1040 / fps/policy 18.61 / fps/train 1.9e4

Writing metrics: /scratch/midway3/rickybao/dreamerv3_runs/fulladapt_p2e_walk_seed2/metrics.jsonlWriting metrics: /scratch/midway3/rickybao/dreamerv3_runs/fulladapt_p2e_walk_seed2/scores.jsonl


--------------------[Agent Step 175_616]--------------------
Metrics filtered by: 'score|length|fps|ratio|train/loss/|train/rand/'
train/loss/con 0.02 / train/loss/dyn 4.44 / train/loss/height 6.3e-4 / train/loss/orientations 0.04 / train/loss/policy -0.04 / train/loss/rep 4.44 / train/loss/repval 1 / train/loss/rew 0.61 / train/loss/value 0.93 / train/loss/velocity 0.53 / replay/replay_ratio 1040 / fps/policy 18.74 / fps/train 1.9e4

Writing metrics: /scratch/midway3/rickybao/dreamerv3_runs/fulladapt_p2e_walk_seed2/metrics.jsonlWriting metrics: /scratch/midway3/rickybao/dreamerv3_runs/fulladapt_p2e_walk_seed2/scores.jsonl


--------------------[Agent Step 177_888]--------------------
Metrics filtered by: 'score|length|fps|ratio|train/loss/|train/rand/'
episode/score 960.77 / episode/length 1001 / train/loss/con 0.02 / train/loss/dyn 4.45 / train/loss/height 6.3e-4 / train/loss/orientations 0.04 / train/loss/policy -0.04 / train/loss/rep 4.45 / train/loss/repval 1 / train/loss/rew 0.61 / train/loss/value 0.93 / train/loss/velocity 0.53 / replay/replay_ratio 1040 / fps/policy 18.83 / fps/train 1.9e4

Writing metrics: /scratch/midway3/rickybao/dreamerv3_runs/fulladapt_p2e_walk_seed2/metrics.jsonlWriting metrics: /scratch/midway3/rickybao/dreamerv3_runs/fulladapt_p2e_walk_seed2/scores.jsonl


--------------------[Agent Step 180_160]--------------------
Metrics filtered by: 'score|length|fps|ratio|train/loss/|train/rand/'
train/loss/con 0.02 / train/loss/dyn 4.45 / train/loss/height 6.3e-4 / train/loss/orientations 0.04 / train/loss/policy -0.04 / train/loss/rep 4.45 / train/loss/repval 1 / train/loss/rew 0.61 / train/loss/value 0.93 / train/loss/velocity 0.53 / replay/replay_ratio 1040 / fps/policy 18.83 / fps/train 1.9e4

Writing metrics: /scratch/midway3/rickybao/dreamerv3_runs/fulladapt_p2e_walk_seed2/metrics.jsonlWriting metrics: /scratch/midway3/rickybao/dreamerv3_runs/fulladapt_p2e_walk_seed2/scores.jsonl


--------------------[Agent Step 182_400]--------------------
Metrics filtered by: 'score|length|fps|ratio|train/loss/|train/rand/'
train/loss/con 0.02 / train/loss/dyn 4.44 / train/loss/height 6.2e-4 / train/loss/orientations 0.04 / train/loss/policy -0.04 / train/loss/rep 4.44 / train/loss/repval 1 / train/loss/rew 0.61 / train/loss/value 0.93 / train/loss/velocity 0.53 / replay/replay_ratio 1040 / fps/policy 18.55 / fps/train 1.9e4

Writing metrics: /scratch/midway3/rickybao/dreamerv3_runs/fulladapt_p2e_walk_seed2/metrics.jsonlWriting metrics: /scratch/midway3/rickybao/dreamerv3_runs/fulladapt_p2e_walk_seed2/scores.jsonl


--------------------[Agent Step 184_640]--------------------
Metrics filtered by: 'score|length|fps|ratio|train/loss/|train/rand/'
train/loss/con 0.02 / train/loss/dyn 4.43 / train/loss/height 6.2e-4 / train/loss/orientations 0.04 / train/loss/policy -0.04 / train/loss/rep 4.43 / train/loss/repval 1 / train/loss/rew 0.61 / train/loss/value 0.93 / train/loss/velocity 0.52 / replay/replay_ratio 1040 / fps/policy 18.57 / fps/train 1.9e4

Writing metrics: /scratch/midway3/rickybao/dreamerv3_runs/fulladapt_p2e_walk_seed2/metrics.jsonl
Writing metrics: /scratch/midway3/rickybao/dreamerv3_runs/fulladapt_p2e_walk_seed2/scores.jsonl
Saving checkpoint: /scratch/midway3/rickybao/dreamerv3_runs/fulladapt_p2e_walk_seed2/ckpt/20260519T005013F803492
Saved checkpoint.

--------------------[Agent Step 186_864]--------------------
Metrics filtered by: 'score|length|fps|ratio|train/loss/|train/rand/'
train/loss/con 0.02 / train/loss/dyn 4.41 / train/loss/height 6.2e-4 / train/loss/orientations 0.04 / train/loss/policy -0.04 / train/loss/rep 4.41 / train/loss/repval 0.99 / train/loss/rew 0.61 / train/loss/value 0.92 / train/loss/velocity 0.52 / replay/replay_ratio 1040 / fps/policy 18.5 / fps/train 1.9e4

Writing metrics: /scratch/midway3/rickybao/dreamerv3_runs/fulladapt_p2e_walk_seed2/scores.jsonlWriting metrics: /scratch/midway3/rickybao/dreamerv3_runs/fulladapt_p2e_walk_seed2/metrics.jsonl


--------------------[Agent Step 189_104]--------------------
Metrics filtered by: 'score|length|fps|ratio|train/loss/|train/rand/'
train/loss/con 0.02 / train/loss/dyn 4.42 / train/loss/height 6.1e-4 / train/loss/orientations 0.04 / train/loss/policy -0.03 / train/loss/rep 4.42 / train/loss/repval 0.99 / train/loss/rew 0.61 / train/loss/value 0.91 / train/loss/velocity 0.52 / replay/replay_ratio 1040 / fps/policy 18.55 / fps/train 1.9e4

Writing metrics: /scratch/midway3/rickybao/dreamerv3_runs/fulladapt_p2e_walk_seed2/metrics.jsonlWriting metrics: /scratch/midway3/rickybao/dreamerv3_runs/fulladapt_p2e_walk_seed2/scores.jsonl


--------------------[Agent Step 191_344]--------------------
Metrics filtered by: 'score|length|fps|ratio|train/loss/|train/rand/'
train/loss/con 0.02 / train/loss/dyn 4.4 / train/loss/height 6e-4 / train/loss/orientations 0.04 / train/loss/policy -0.03 / train/loss/rep 4.4 / train/loss/repval 0.98 / train/loss/rew 0.62 / train/loss/value 0.91 / train/loss/velocity 0.52 / replay/replay_ratio 1040 / fps/policy 18.59 / fps/train 1.9e4

Writing metrics: /scratch/midway3/rickybao/dreamerv3_runs/fulladapt_p2e_walk_seed2/metrics.jsonlWriting metrics: /scratch/midway3/rickybao/dreamerv3_runs/fulladapt_p2e_walk_seed2/scores.jsonl


--------------------[Agent Step 193_568]--------------------
Metrics filtered by: 'score|length|fps|ratio|train/loss/|train/rand/'
episode/score 949.72 / episode/length 1001 / train/loss/con 0.02 / train/loss/dyn 4.4 / train/loss/height 6e-4 / train/loss/orientations 0.04 / train/loss/policy -0.03 / train/loss/rep 4.4 / train/loss/repval 0.98 / train/loss/rew 0.62 / train/loss/value 0.91 / train/loss/velocity 0.52 / replay/replay_ratio 1040 / fps/policy 18.53 / fps/train 1.9e4

Writing metrics: /scratch/midway3/rickybao/dreamerv3_runs/fulladapt_p2e_walk_seed2/scores.jsonlWriting metrics: /scratch/midway3/rickybao/dreamerv3_runs/fulladapt_p2e_walk_seed2/metrics.jsonl


--------------------[Agent Step 195_792]--------------------
Metrics filtered by: 'score|length|fps|ratio|train/loss/|train/rand/'
train/loss/con 0.02 / train/loss/dyn 4.41 / train/loss/height 6.1e-4 / train/loss/orientations 0.04 / train/loss/policy -0.03 / train/loss/rep 4.41 / train/loss/repval 0.98 / train/loss/rew 0.62 / train/loss/value 0.91 / train/loss/velocity 0.52 / replay/replay_ratio 1040 / fps/policy 18.52 / fps/train 1.9e4

Writing metrics: /scratch/midway3/rickybao/dreamerv3_runs/fulladapt_p2e_walk_seed2/metrics.jsonlWriting metrics: /scratch/midway3/rickybao/dreamerv3_runs/fulladapt_p2e_walk_seed2/scores.jsonl


--------------------[Agent Step 198_032]--------------------
Metrics filtered by: 'score|length|fps|ratio|train/loss/|train/rand/'
train/loss/con 0.02 / train/loss/dyn 4.39 / train/loss/height 6e-4 / train/loss/orientations 0.04 / train/loss/policy -0.03 / train/loss/rep 4.39 / train/loss/repval 0.98 / train/loss/rew 0.62 / train/loss/value 0.91 / train/loss/velocity 0.51 / replay/replay_ratio 1040 / fps/policy 18.54 / fps/train 1.9e4

Writing metrics: /scratch/midway3/rickybao/dreamerv3_runs/fulladapt_p2e_walk_seed2/metrics.jsonl
Writing metrics: /scratch/midway3/rickybao/dreamerv3_runs/fulladapt_p2e_walk_seed2/scores.jsonl

--------------------[Agent Step 200_272]--------------------
Metrics filtered by: 'score|length|fps|ratio|train/loss/|train/rand/'
train/loss/con 0.02 / train/loss/dyn 4.38 / train/loss/height 6e-4 / train/loss/orientations 0.04 / train/loss/policy -0.03 / train/loss/rep 4.38 / train/loss/repval 0.98 / train/loss/rew 0.62 / train/loss/value 0.91 / train/loss/velocity 0.51 / replay/replay_ratio 1040 / fps/policy 18.57 / fps/train 1.9e4

Writing metrics: /scratch/midway3/rickybao/dreamerv3_runs/fulladapt_p2e_walk_seed2/metrics.jsonlWriting metrics: /scratch/midway3/rickybao/dreamerv3_runs/fulladapt_p2e_walk_seed2/scores.jsonl

Saving checkpoint: /scratch/midway3/rickybao/dreamerv3_runs/fulladapt_p2e_walk_seed2/ckpt/20260519T010514F576746
Saved checkpoint.

--------------------[Agent Step 202_496]--------------------
Metrics filtered by: 'score|length|fps|ratio|train/loss/|train/rand/'
train/loss/con 0.02 / train/loss/dyn 4.36 / train/loss/height 5.8e-4 / train/loss/orientations 0.04 / train/loss/policy -0.03 / train/loss/rep 4.36 / train/loss/repval 0.98 / train/loss/rew 0.62 / train/loss/value 0.9 / train/loss/velocity 0.51 / replay/replay_ratio 1040 / fps/policy 18.49 / fps/train 1.9e4

Writing metrics: /scratch/midway3/rickybao/dreamerv3_runs/fulladapt_p2e_walk_seed2/metrics.jsonlWriting metrics: /scratch/midway3/rickybao/dreamerv3_runs/fulladapt_p2e_walk_seed2/scores.jsonl


--------------------[Agent Step 204_736]--------------------
Metrics filtered by: 'score|length|fps|ratio|train/loss/|train/rand/'
train/loss/con 0.02 / train/loss/dyn 4.36 / train/loss/height 5.8e-4 / train/loss/orientations 0.04 / train/loss/policy -0.03 / train/loss/rep 4.36 / train/loss/repval 0.97 / train/loss/rew 0.62 / train/loss/value 0.9 / train/loss/velocity 0.51 / replay/replay_ratio 1040 / fps/policy 18.58 / fps/train 1.9e4

Writing metrics: /scratch/midway3/rickybao/dreamerv3_runs/fulladapt_p2e_walk_seed2/metrics.jsonlWriting metrics: /scratch/midway3/rickybao/dreamerv3_runs/fulladapt_p2e_walk_seed2/scores.jsonl


--------------------[Agent Step 206_976]--------------------
Metrics filtered by: 'score|length|fps|ratio|train/loss/|train/rand/'
train/loss/con 0.02 / train/loss/dyn 4.35 / train/loss/height 5.8e-4 / train/loss/orientations 0.04 / train/loss/policy -0.03 / train/loss/rep 4.35 / train/loss/repval 0.97 / train/loss/rew 0.62 / train/loss/value 0.9 / train/loss/velocity 0.5 / replay/replay_ratio 1040 / fps/policy 18.59 / fps/train 1.9e4

Writing metrics: /scratch/midway3/rickybao/dreamerv3_runs/fulladapt_p2e_walk_seed2/scores.jsonlWriting metrics: /scratch/midway3/rickybao/dreamerv3_runs/fulladapt_p2e_walk_seed2/metrics.jsonl


--------------------[Agent Step 209_216]--------------------
Metrics filtered by: 'score|length|fps|ratio|train/loss/|train/rand/'
episode/score 954.53 / episode/length 1001 / train/loss/con 0.02 / train/loss/dyn 4.35 / train/loss/height 5.8e-4 / train/loss/orientations 0.04 / train/loss/policy -0.03 / train/loss/rep 4.35 / train/loss/repval 0.97 / train/loss/rew 0.62 / train/loss/value 0.9 / train/loss/velocity 0.5 / replay/replay_ratio 1040 / fps/policy 18.55 / fps/train 1.9e4

Writing metrics: /scratch/midway3/rickybao/dreamerv3_runs/fulladapt_p2e_walk_seed2/metrics.jsonlWriting metrics: /scratch/midway3/rickybao/dreamerv3_runs/fulladapt_p2e_walk_seed2/scores.jsonl


--------------------[Agent Step 211_440]--------------------
Metrics filtered by: 'score|length|fps|ratio|train/loss/|train/rand/'
train/loss/con 0.02 / train/loss/dyn 4.35 / train/loss/height 5.8e-4 / train/loss/orientations 0.04 / train/loss/policy -0.03 / train/loss/rep 4.35 / train/loss/repval 0.96 / train/loss/rew 0.62 / train/loss/value 0.89 / train/loss/velocity 0.51 / replay/replay_ratio 1040 / fps/policy 18.52 / fps/train 1.9e4

Writing metrics: /scratch/midway3/rickybao/dreamerv3_runs/fulladapt_p2e_walk_seed2/scores.jsonlWriting metrics: /scratch/midway3/rickybao/dreamerv3_runs/fulladapt_p2e_walk_seed2/metrics.jsonl


--------------------[Agent Step 213_664]--------------------
Metrics filtered by: 'score|length|fps|ratio|train/loss/|train/rand/'
train/loss/con 0.02 / train/loss/dyn 4.35 / train/loss/height 5.7e-4 / train/loss/orientations 0.04 / train/loss/policy -0.03 / train/loss/rep 4.35 / train/loss/repval 0.96 / train/loss/rew 0.62 / train/loss/value 0.89 / train/loss/velocity 0.5 / replay/replay_ratio 1040 / fps/policy 18.53 / fps/train 1.9e4

Writing metrics: /scratch/midway3/rickybao/dreamerv3_runs/fulladapt_p2e_walk_seed2/metrics.jsonlWriting metrics: /scratch/midway3/rickybao/dreamerv3_runs/fulladapt_p2e_walk_seed2/scores.jsonl


--------------------[Agent Step 215_904]--------------------
Metrics filtered by: 'score|length|fps|ratio|train/loss/|train/rand/'
train/loss/con 0.02 / train/loss/dyn 4.34 / train/loss/height 5.7e-4 / train/loss/orientations 0.04 / train/loss/policy -0.03 / train/loss/rep 4.34 / train/loss/repval 0.96 / train/loss/rew 0.62 / train/loss/value 0.89 / train/loss/velocity 0.5 / replay/replay_ratio 1040 / fps/policy 18.56 / fps/train 1.9e4

Writing metrics: /scratch/midway3/rickybao/dreamerv3_runs/fulladapt_p2e_walk_seed2/metrics.jsonlWriting metrics: /scratch/midway3/rickybao/dreamerv3_runs/fulladapt_p2e_walk_seed2/scores.jsonl


--------------------[Agent Step 218_144]--------------------
Metrics filtered by: 'score|length|fps|ratio|train/loss/|train/rand/'
train/loss/con 0.02 / train/loss/dyn 4.33 / train/loss/height 5.6e-4 / train/loss/orientations 0.04 / train/loss/policy -0.03 / train/loss/rep 4.33 / train/loss/repval 0.96 / train/loss/rew 0.62 / train/loss/value 0.89 / train/loss/velocity 0.5 / replay/replay_ratio 1040 / fps/policy 18.57 / fps/train 1.9e4

Writing metrics: /scratch/midway3/rickybao/dreamerv3_runs/fulladapt_p2e_walk_seed2/metrics.jsonl
Writing metrics: /scratch/midway3/rickybao/dreamerv3_runs/fulladapt_p2e_walk_seed2/scores.jsonl
Saving checkpoint: /scratch/midway3/rickybao/dreamerv3_runs/fulladapt_p2e_walk_seed2/ckpt/20260519T012015F235502
Saved checkpoint.

--------------------[Agent Step 220_368]--------------------
Metrics filtered by: 'score|length|fps|ratio|train/loss/|train/rand/'
train/loss/con 0.02 / train/loss/dyn 4.32 / train/loss/height 5.6e-4 / train/loss/orientations 0.04 / train/loss/policy -0.03 / train/loss/rep 4.32 / train/loss/repval 0.96 / train/loss/rew 0.62 / train/loss/value 0.89 / train/loss/velocity 0.5 / replay/replay_ratio 1040 / fps/policy 18.51 / fps/train 1.9e4

Writing metrics: /scratch/midway3/rickybao/dreamerv3_runs/fulladapt_p2e_walk_seed2/metrics.jsonlWriting metrics: /scratch/midway3/rickybao/dreamerv3_runs/fulladapt_p2e_walk_seed2/scores.jsonl


--------------------[Agent Step 222_608]--------------------
Metrics filtered by: 'score|length|fps|ratio|train/loss/|train/rand/'
train/loss/con 0.02 / train/loss/dyn 4.32 / train/loss/height 5.6e-4 / train/loss/orientations 0.04 / train/loss/policy -0.03 / train/loss/rep 4.32 / train/loss/repval 0.95 / train/loss/rew 0.62 / train/loss/value 0.88 / train/loss/velocity 0.5 / replay/replay_ratio 1040 / fps/policy 18.59 / fps/train 1.9e4

Writing metrics: /scratch/midway3/rickybao/dreamerv3_runs/fulladapt_p2e_walk_seed2/metrics.jsonlWriting metrics: /scratch/midway3/rickybao/dreamerv3_runs/fulladapt_p2e_walk_seed2/scores.jsonl


--------------------[Agent Step 224_848]--------------------
Metrics filtered by: 'score|length|fps|ratio|train/loss/|train/rand/'
episode/score 915.04 / episode/length 1001 / train/loss/con 0.02 / train/loss/dyn 4.31 / train/loss/height 5.5e-4 / train/loss/orientations 0.03 / train/loss/policy -0.03 / train/loss/rep 4.31 / train/loss/repval 0.95 / train/loss/rew 0.62 / train/loss/value 0.88 / train/loss/velocity 0.49 / replay/replay_ratio 1040 / fps/policy 18.56 / fps/train 1.9e4

Writing metrics: /scratch/midway3/rickybao/dreamerv3_runs/fulladapt_p2e_walk_seed2/scores.jsonlWriting metrics: /scratch/midway3/rickybao/dreamerv3_runs/fulladapt_p2e_walk_seed2/metrics.jsonl


--------------------[Agent Step 227_072]--------------------
Metrics filtered by: 'score|length|fps|ratio|train/loss/|train/rand/'
train/loss/con 0.02 / train/loss/dyn 4.31 / train/loss/height 5.5e-4 / train/loss/orientations 0.03 / train/loss/policy -0.03 / train/loss/rep 4.31 / train/loss/repval 0.95 / train/loss/rew 0.62 / train/loss/value 0.88 / train/loss/velocity 0.49 / replay/replay_ratio 1040 / fps/policy 18.51 / fps/train 1.9e4

Writing metrics: /scratch/midway3/rickybao/dreamerv3_runs/fulladapt_p2e_walk_seed2/metrics.jsonlWriting metrics: /scratch/midway3/rickybao/dreamerv3_runs/fulladapt_p2e_walk_seed2/scores.jsonl


--------------------[Agent Step 229_296]--------------------
Metrics filtered by: 'score|length|fps|ratio|train/loss/|train/rand/'
train/loss/con 0.02 / train/loss/dyn 4.31 / train/loss/height 5.4e-4 / train/loss/orientations 0.03 / train/loss/policy -0.03 / train/loss/rep 4.31 / train/loss/repval 0.95 / train/loss/rew 0.62 / train/loss/value 0.88 / train/loss/velocity 0.49 / replay/replay_ratio 1040 / fps/policy 18.52 / fps/train 1.9e4

Writing metrics: /scratch/midway3/rickybao/dreamerv3_runs/fulladapt_p2e_walk_seed2/metrics.jsonlWriting metrics: /scratch/midway3/rickybao/dreamerv3_runs/fulladapt_p2e_walk_seed2/scores.jsonl


--------------------[Agent Step 231_536]--------------------
Metrics filtered by: 'score|length|fps|ratio|train/loss/|train/rand/'
train/loss/con 0.02 / train/loss/dyn 4.29 / train/loss/height 5.4e-4 / train/loss/orientations 0.03 / train/loss/policy -0.03 / train/loss/rep 4.29 / train/loss/repval 0.95 / train/loss/rew 0.62 / train/loss/value 0.88 / train/loss/velocity 0.49 / replay/replay_ratio 1040 / fps/policy 18.55 / fps/train 1.9e4

Writing metrics: /scratch/midway3/rickybao/dreamerv3_runs/fulladapt_p2e_walk_seed2/metrics.jsonlWriting metrics: /scratch/midway3/rickybao/dreamerv3_runs/fulladapt_p2e_walk_seed2/scores.jsonl


--------------------[Agent Step 233_776]--------------------
Metrics filtered by: 'score|length|fps|ratio|train/loss/|train/rand/'
train/loss/con 0.02 / train/loss/dyn 4.29 / train/loss/height 5.4e-4 / train/loss/orientations 0.03 / train/loss/policy -0.03 / train/loss/rep 4.29 / train/loss/repval 0.94 / train/loss/rew 0.62 / train/loss/value 0.87 / train/loss/velocity 0.49 / replay/replay_ratio 1040 / fps/policy 18.57 / fps/train 1.9e4

Writing metrics: /scratch/midway3/rickybao/dreamerv3_runs/fulladapt_p2e_walk_seed2/metrics.jsonlWriting metrics: /scratch/midway3/rickybao/dreamerv3_runs/fulladapt_p2e_walk_seed2/scores.jsonl

Saving checkpoint: /scratch/midway3/rickybao/dreamerv3_runs/fulladapt_p2e_walk_seed2/ckpt/20260519T013515F866839
Saved checkpoint.

--------------------[Agent Step 236_000]--------------------
Metrics filtered by: 'score|length|fps|ratio|train/loss/|train/rand/'
train/loss/con 0.02 / train/loss/dyn 4.29 / train/loss/height 5.4e-4 / train/loss/orientations 0.03 / train/loss/policy -0.03 / train/loss/rep 4.29 / train/loss/repval 0.94 / train/loss/rew 0.62 / train/loss/value 0.87 / train/loss/velocity 0.49 / replay/replay_ratio 1040 / fps/policy 18.47 / fps/train 1.9e4

Writing metrics: /scratch/midway3/rickybao/dreamerv3_runs/fulladapt_p2e_walk_seed2/metrics.jsonlWriting metrics: /scratch/midway3/rickybao/dreamerv3_runs/fulladapt_p2e_walk_seed2/scores.jsonl


--------------------[Agent Step 238_240]--------------------
Metrics filtered by: 'score|length|fps|ratio|train/loss/|train/rand/'
train/loss/con 0.02 / train/loss/dyn 4.27 / train/loss/height 5.4e-4 / train/loss/orientations 0.03 / train/loss/policy -0.03 / train/loss/rep 4.27 / train/loss/repval 0.94 / train/loss/rew 0.62 / train/loss/value 0.87 / train/loss/velocity 0.49 / replay/replay_ratio 1040 / fps/policy 18.58 / fps/train 1.9e4

Writing metrics: /scratch/midway3/rickybao/dreamerv3_runs/fulladapt_p2e_walk_seed2/metrics.jsonlWriting metrics: /scratch/midway3/rickybao/dreamerv3_runs/fulladapt_p2e_walk_seed2/scores.jsonl


--------------------[Agent Step 240_480]--------------------
Metrics filtered by: 'score|length|fps|ratio|train/loss/|train/rand/'
episode/score 983.48 / episode/length 1001 / train/loss/con 0.02 / train/loss/dyn 4.26 / train/loss/height 5.3e-4 / train/loss/orientations 0.03 / train/loss/policy -0.03 / train/loss/rep 4.26 / train/loss/repval 0.94 / train/loss/rew 0.62 / train/loss/value 0.87 / train/loss/velocity 0.48 / replay/replay_ratio 1040 / fps/policy 18.57 / fps/train 1.9e4

Writing metrics: /scratch/midway3/rickybao/dreamerv3_runs/fulladapt_p2e_walk_seed2/scores.jsonlWriting metrics: /scratch/midway3/rickybao/dreamerv3_runs/fulladapt_p2e_walk_seed2/metrics.jsonl


--------------------[Agent Step 242_704]--------------------
Metrics filtered by: 'score|length|fps|ratio|train/loss/|train/rand/'
train/loss/con 0.02 / train/loss/dyn 4.26 / train/loss/height 5.3e-4 / train/loss/orientations 0.03 / train/loss/policy -0.03 / train/loss/rep 4.26 / train/loss/repval 0.94 / train/loss/rew 0.62 / train/loss/value 0.87 / train/loss/velocity 0.48 / replay/replay_ratio 1040 / fps/policy 18.51 / fps/train 1.9e4

Writing metrics: /scratch/midway3/rickybao/dreamerv3_runs/fulladapt_p2e_walk_seed2/metrics.jsonlWriting metrics: /scratch/midway3/rickybao/dreamerv3_runs/fulladapt_p2e_walk_seed2/scores.jsonl


--------------------[Agent Step 244_928]--------------------
Metrics filtered by: 'score|length|fps|ratio|train/loss/|train/rand/'
train/loss/con 0.02 / train/loss/dyn 4.25 / train/loss/height 5.3e-4 / train/loss/orientations 0.03 / train/loss/policy -0.03 / train/loss/rep 4.25 / train/loss/repval 0.93 / train/loss/rew 0.62 / train/loss/value 0.87 / train/loss/velocity 0.48 / replay/replay_ratio 1040 / fps/policy 18.52 / fps/train 1.9e4

Writing metrics: /scratch/midway3/rickybao/dreamerv3_runs/fulladapt_p2e_walk_seed2/metrics.jsonlWriting metrics: /scratch/midway3/rickybao/dreamerv3_runs/fulladapt_p2e_walk_seed2/scores.jsonl


--------------------[Agent Step 247_168]--------------------
Metrics filtered by: 'score|length|fps|ratio|train/loss/|train/rand/'
train/loss/con 0.02 / train/loss/dyn 4.25 / train/loss/height 5.2e-4 / train/loss/orientations 0.03 / train/loss/policy -0.03 / train/loss/rep 4.25 / train/loss/repval 0.93 / train/loss/rew 0.62 / train/loss/value 0.86 / train/loss/velocity 0.48 / replay/replay_ratio 1040 / fps/policy 18.54 / fps/train 1.9e4

Writing metrics: /scratch/midway3/rickybao/dreamerv3_runs/fulladapt_p2e_walk_seed2/metrics.jsonlWriting metrics: /scratch/midway3/rickybao/dreamerv3_runs/fulladapt_p2e_walk_seed2/scores.jsonl


--------------------[Agent Step 249_408]--------------------
Metrics filtered by: 'score|length|fps|ratio|train/loss/|train/rand/'
train/loss/con 0.02 / train/loss/dyn 4.24 / train/loss/height 5.2e-4 / train/loss/orientations 0.03 / train/loss/policy -0.03 / train/loss/rep 4.24 / train/loss/repval 0.93 / train/loss/rew 0.62 / train/loss/value 0.86 / train/loss/velocity 0.48 / replay/replay_ratio 1040 / fps/policy 18.56 / fps/train 1.9e4

Writing metrics: /scratch/midway3/rickybao/dreamerv3_runs/fulladapt_p2e_walk_seed2/scores.jsonlWriting metrics: /scratch/midway3/rickybao/dreamerv3_runs/fulladapt_p2e_walk_seed2/metrics.jsonl

