==============================
Slurm job started
Job ID: 49729134
Job name: pretrain-random-seed1
Node: midway3-0278.rcc.local
Start time: Sun May 17 13:53:44 CDT 2026
Condition: random  |  Seed: 1
==============================
PYTHON=/scratch/midway3/rickybao/conda_envs/dreamerv3/bin/python
LOGDIR=/scratch/midway3/rickybao/dreamerv3_runs/pretrain_random_seed1
GPU check:
Sun May 17 13:53:44 2026       
+---------------------------------------------------------------------------------------+
| NVIDIA-SMI 535.216.03             Driver Version: 535.216.03   CUDA Version: 12.2     |
|-----------------------------------------+----------------------+----------------------+
| GPU  Name                 Persistence-M | Bus-Id        Disp.A | Volatile Uncorr. ECC |
| Fan  Temp   Perf          Pwr:Usage/Cap |         Memory-Usage | GPU-Util  Compute M. |
|                                         |                      |               MIG M. |
|=========================================+======================+======================|
|   0  Tesla V100-PCIE-16GB           On  | 00000000:86:00.0 Off |                  Off |
| N/A   46C    P0              28W / 250W |      0MiB / 16384MiB |      0%      Default |
|                                         |                      |                  N/A |
+-----------------------------------------+----------------------+----------------------+
                                                                                         
+---------------------------------------------------------------------------------------+
| Processes:                                                                            |
|  GPU   GI   CI        PID   Type   Process name                            GPU Memory |
|        ID   ID                                                             Usage      |
|=======================================================================================|
|  No running processes found                                                           |
+---------------------------------------------------------------------------------------+
JAX check:
JAX devices: [CudaDevice(id=0)] | backend: gpu
Starting reward-free pretraining: condition=random seed=1
---  ___                           __   ______ ---
--- |   \ _ _ ___ __ _ _ __  ___ _ \ \ / /__ / ---
--- | |) | '_/ -_) _` | '  \/ -_) '/\ V / |_ \ ---
--- |___/|_| \___\__,_|_|_|_\___|_|  \_/ |___/ ---
Replica: 0 / 1
Logdir: /scratch/midway3/rickybao/dreamerv3_runs/pretrain_random_seed1
Run script: train
Observations
  reward           Space(float32, shape=(), low=-inf, high=inf)
  is_first         Space(bool, shape=(), low=False, high=True)
  is_last          Space(bool, shape=(), low=False, high=True)
  is_terminal      Space(bool, shape=(), low=False, high=True)
  orientations     Space(float32, shape=(14,), low=-inf, high=inf)
  height           Space(float32, shape=(), low=-inf, high=inf)
  velocity         Space(float32, shape=(9,), low=-inf, high=inf)
Actions
  action           Space(float32, shape=(6,), low=-1.0, high=1.0)
Extras
  consec           Space(int32, shape=(), low=-2147483648, high=2147483647)
  stepid           Space(uint8, shape=(20,), low=0, high=255)
  dyn/deter        Space(float32, shape=(512,), low=-inf, high=inf)
  dyn/stoch        Space(float32, shape=(32, 4), low=-inf, high=inf)
JAX devices (1): [cuda:0]
Policy devices: cuda:0
Train devices:  cuda:0
Initializing parameters...
Optimizer opt has 425,624 params:
       364,416 dyn
        51,096 dec
        10,112 enc
Done initializing!
Compiling 1 checkpoint groups...
Largest checkpoint group: 0 GB
Compiling train and report...
Train cost analysis:
  FLOPS:            6.3e+07
  Memory (temp):    7.8e+07
  Memory (inputs):  7.9e+06
  Memory (outputs): 6.5e+06
  Memory (code):    9.4e+05

Report cost analysis:
  FLOPS:            1.9e+06
  Memory (temp):    9.3e+05
  Memory (inputs):  2.8e+06
  Memory (outputs): 2.1e+04
  Memory (code):    9.7e+04

Done compiling!
Did not find any checkpoint.
Saving checkpoint: /scratch/midway3/rickybao/dreamerv3_runs/pretrain_random_seed1/ckpt/20260517T135417F184555
Saved checkpoint.
Start training loop
Start JAX profiler: /scratch/midway3/rickybao/dreamerv3_runs/pretrain_random_seed1
Stop JAX profiler

--------------------[Agent Step 5_088]--------------------
Metrics filtered by: 'score|length|fps|ratio|train/loss/|train/rand/'
train/loss/dyn 5.87 / train/loss/height 0.03 / train/loss/orientations 2.06 / train/loss/rep 5.87 / train/loss/velocity 7.04 / replay/replay_ratio 778.46 / fps/policy 41.08 / fps/train 2.5e4

Writing metrics: /scratch/midway3/rickybao/dreamerv3_runs/pretrain_random_seed1/metrics.jsonl
Writing metrics: /scratch/midway3/rickybao/dreamerv3_runs/pretrain_random_seed1/scores.jsonl

--------------------[Agent Step 8_432]--------------------
Metrics filtered by: 'score|length|fps|ratio|train/loss/|train/rand/'
train/loss/dyn 6.03 / train/loss/height 8.2e-3 / train/loss/orientations 0.63 / train/loss/rep 6.03 / train/loss/velocity 1.84 / replay/replay_ratio 1040 / fps/policy 27.82 / fps/train 2.8e4

Writing metrics: /scratch/midway3/rickybao/dreamerv3_runs/pretrain_random_seed1/metrics.jsonl
Writing metrics: /scratch/midway3/rickybao/dreamerv3_runs/pretrain_random_seed1/scores.jsonl

--------------------[Agent Step 11_776]--------------------
Metrics filtered by: 'score|length|fps|ratio|train/loss/|train/rand/'
train/loss/dyn 5.59 / train/loss/height 5.4e-3 / train/loss/orientations 0.5 / train/loss/rep 5.59 / train/loss/velocity 1.54 / replay/replay_ratio 1040 / fps/policy 27.8 / fps/train 2.8e4

Writing metrics: /scratch/midway3/rickybao/dreamerv3_runs/pretrain_random_seed1/scores.jsonlWriting metrics: /scratch/midway3/rickybao/dreamerv3_runs/pretrain_random_seed1/metrics.jsonl


--------------------[Agent Step 15_120]--------------------
Metrics filtered by: 'score|length|fps|ratio|train/loss/|train/rand/'
train/loss/dyn 5.47 / train/loss/height 4.7e-3 / train/loss/orientations 0.46 / train/loss/rep 5.47 / train/loss/velocity 1.43 / replay/replay_ratio 1040 / fps/policy 27.77 / fps/train 2.8e4

Writing metrics: /scratch/midway3/rickybao/dreamerv3_runs/pretrain_random_seed1/metrics.jsonl
Writing metrics: /scratch/midway3/rickybao/dreamerv3_runs/pretrain_random_seed1/scores.jsonl

--------------------[Agent Step 18_464]--------------------
Metrics filtered by: 'score|length|fps|ratio|train/loss/|train/rand/'
episode/score 29.57 / episode/length 1001 / train/loss/dyn 5.48 / train/loss/height 6.7e-3 / train/loss/orientations 0.47 / train/loss/rep 5.48 / train/loss/velocity 1.37 / replay/replay_ratio 1040 / fps/policy 27.75 / fps/train 2.8e4

Writing metrics: /scratch/midway3/rickybao/dreamerv3_runs/pretrain_random_seed1/metrics.jsonlWriting metrics: /scratch/midway3/rickybao/dreamerv3_runs/pretrain_random_seed1/scores.jsonl


--------------------[Agent Step 21_760]--------------------
Metrics filtered by: 'score|length|fps|ratio|train/loss/|train/rand/'
train/loss/dyn 5.53 / train/loss/height 7.6e-3 / train/loss/orientations 0.49 / train/loss/rep 5.53 / train/loss/velocity 1.35 / replay/replay_ratio 1040 / fps/policy 27.45 / fps/train 2.8e4

Writing metrics: /scratch/midway3/rickybao/dreamerv3_runs/pretrain_random_seed1/metrics.jsonlWriting metrics: /scratch/midway3/rickybao/dreamerv3_runs/pretrain_random_seed1/scores.jsonl


--------------------[Agent Step 25_104]--------------------
Metrics filtered by: 'score|length|fps|ratio|train/loss/|train/rand/'
train/loss/dyn 5.75 / train/loss/height 7.4e-3 / train/loss/orientations 0.49 / train/loss/rep 5.75 / train/loss/velocity 1.35 / replay/replay_ratio 1040 / fps/policy 27.78 / fps/train 2.8e4

Writing metrics: /scratch/midway3/rickybao/dreamerv3_runs/pretrain_random_seed1/metrics.jsonlWriting metrics: /scratch/midway3/rickybao/dreamerv3_runs/pretrain_random_seed1/scores.jsonl

Saving checkpoint: /scratch/midway3/rickybao/dreamerv3_runs/pretrain_random_seed1/ckpt/20260517T140919F797036
Saved checkpoint.

--------------------[Agent Step 28_416]--------------------
Metrics filtered by: 'score|length|fps|ratio|train/loss/|train/rand/'
train/loss/dyn 5.87 / train/loss/height 6.4e-3 / train/loss/orientations 0.46 / train/loss/rep 5.87 / train/loss/velocity 1.32 / replay/replay_ratio 1040 / fps/policy 27.52 / fps/train 2.8e4

Writing metrics: /scratch/midway3/rickybao/dreamerv3_runs/pretrain_random_seed1/metrics.jsonlWriting metrics: /scratch/midway3/rickybao/dreamerv3_runs/pretrain_random_seed1/scores.jsonl


--------------------[Agent Step 31_760]--------------------
Metrics filtered by: 'score|length|fps|ratio|train/loss/|train/rand/'
train/loss/dyn 5.97 / train/loss/height 5.9e-3 / train/loss/orientations 0.43 / train/loss/rep 5.97 / train/loss/velocity 1.3 / replay/replay_ratio 1040 / fps/policy 27.75 / fps/train 2.8e4

Writing metrics: /scratch/midway3/rickybao/dreamerv3_runs/pretrain_random_seed1/metrics.jsonlWriting metrics: /scratch/midway3/rickybao/dreamerv3_runs/pretrain_random_seed1/scores.jsonl


--------------------[Agent Step 35_088]--------------------
Metrics filtered by: 'score|length|fps|ratio|train/loss/|train/rand/'
episode/score 36.48 / episode/length 1001 / train/loss/dyn 6.06 / train/loss/height 6.5e-3 / train/loss/orientations 0.42 / train/loss/rep 6.06 / train/loss/velocity 1.29 / replay/replay_ratio 1040 / fps/policy 27.7 / fps/train 2.8e4

Writing metrics: /scratch/midway3/rickybao/dreamerv3_runs/pretrain_random_seed1/metrics.jsonlWriting metrics: /scratch/midway3/rickybao/dreamerv3_runs/pretrain_random_seed1/scores.jsonl


--------------------[Agent Step 38_432]--------------------
Metrics filtered by: 'score|length|fps|ratio|train/loss/|train/rand/'
train/loss/dyn 6.13 / train/loss/height 6.3e-3 / train/loss/orientations 0.41 / train/loss/rep 6.13 / train/loss/velocity 1.28 / replay/replay_ratio 1040 / fps/policy 27.75 / fps/train 2.8e4

Writing metrics: /scratch/midway3/rickybao/dreamerv3_runs/pretrain_random_seed1/metrics.jsonlWriting metrics: /scratch/midway3/rickybao/dreamerv3_runs/pretrain_random_seed1/scores.jsonl


--------------------[Agent Step 41_776]--------------------
Metrics filtered by: 'score|length|fps|ratio|train/loss/|train/rand/'
train/loss/dyn 6.2 / train/loss/height 5.7e-3 / train/loss/orientations 0.39 / train/loss/rep 6.2 / train/loss/velocity 1.26 / replay/replay_ratio 1040 / fps/policy 27.75 / fps/train 2.8e4

Writing metrics: /scratch/midway3/rickybao/dreamerv3_runs/pretrain_random_seed1/scores.jsonlWriting metrics: /scratch/midway3/rickybao/dreamerv3_runs/pretrain_random_seed1/metrics.jsonl


--------------------[Agent Step 45_120]--------------------
Metrics filtered by: 'score|length|fps|ratio|train/loss/|train/rand/'
train/loss/dyn 6.27 / train/loss/height 5.3e-3 / train/loss/orientations 0.37 / train/loss/rep 6.27 / train/loss/velocity 1.24 / replay/replay_ratio 1040 / fps/policy 27.78 / fps/train 2.8e4

Writing metrics: /scratch/midway3/rickybao/dreamerv3_runs/pretrain_random_seed1/metrics.jsonlWriting metrics: /scratch/midway3/rickybao/dreamerv3_runs/pretrain_random_seed1/scores.jsonl


--------------------[Agent Step 48_464]--------------------
Metrics filtered by: 'score|length|fps|ratio|train/loss/|train/rand/'
episode/score 30.24 / episode/length 1001 / train/loss/dyn 6.32 / train/loss/height 5e-3 / train/loss/orientations 0.36 / train/loss/rep 6.32 / train/loss/velocity 1.23 / replay/replay_ratio 1040 / fps/policy 27.77 / fps/train 2.8e4

Writing metrics: /scratch/midway3/rickybao/dreamerv3_runs/pretrain_random_seed1/metrics.jsonlWriting metrics: /scratch/midway3/rickybao/dreamerv3_runs/pretrain_random_seed1/scores.jsonl

Saving checkpoint: /scratch/midway3/rickybao/dreamerv3_runs/pretrain_random_seed1/ckpt/20260517T142420F301624
Saved checkpoint.

--------------------[Agent Step 51_776]--------------------
Metrics filtered by: 'score|length|fps|ratio|train/loss/|train/rand/'
train/loss/dyn 6.41 / train/loss/height 5.3e-3 / train/loss/orientations 0.37 / train/loss/rep 6.41 / train/loss/velocity 1.23 / replay/replay_ratio 1040 / fps/policy 27.52 / fps/train 2.8e4

Writing metrics: /scratch/midway3/rickybao/dreamerv3_runs/pretrain_random_seed1/metrics.jsonlWriting metrics: /scratch/midway3/rickybao/dreamerv3_runs/pretrain_random_seed1/scores.jsonl


--------------------[Agent Step 55_120]--------------------
Metrics filtered by: 'score|length|fps|ratio|train/loss/|train/rand/'
train/loss/dyn 6.47 / train/loss/height 5e-3 / train/loss/orientations 0.35 / train/loss/rep 6.47 / train/loss/velocity 1.22 / replay/replay_ratio 1040 / fps/policy 27.8 / fps/train 2.8e4

Writing metrics: /scratch/midway3/rickybao/dreamerv3_runs/pretrain_random_seed1/metrics.jsonlWriting metrics: /scratch/midway3/rickybao/dreamerv3_runs/pretrain_random_seed1/scores.jsonl


--------------------[Agent Step 58_464]--------------------
Metrics filtered by: 'score|length|fps|ratio|train/loss/|train/rand/'
train/loss/dyn 6.49 / train/loss/height 4.8e-3 / train/loss/orientations 0.34 / train/loss/rep 6.49 / train/loss/velocity 1.2 / replay/replay_ratio 1040 / fps/policy 27.8 / fps/train 2.8e4

Writing metrics: /scratch/midway3/rickybao/dreamerv3_runs/pretrain_random_seed1/scores.jsonlWriting metrics: /scratch/midway3/rickybao/dreamerv3_runs/pretrain_random_seed1/metrics.jsonl


--------------------[Agent Step 61_808]--------------------
Metrics filtered by: 'score|length|fps|ratio|train/loss/|train/rand/'
train/loss/dyn 6.55 / train/loss/height 4.5e-3 / train/loss/orientations 0.33 / train/loss/rep 6.55 / train/loss/velocity 1.19 / replay/replay_ratio 1040 / fps/policy 27.79 / fps/train 2.8e4

Writing metrics: /scratch/midway3/rickybao/dreamerv3_runs/pretrain_random_seed1/metrics.jsonlWriting metrics: /scratch/midway3/rickybao/dreamerv3_runs/pretrain_random_seed1/scores.jsonl


--------------------[Agent Step 65_152]--------------------
Metrics filtered by: 'score|length|fps|ratio|train/loss/|train/rand/'
episode/score 34.99 / episode/length 1001 / train/loss/dyn 6.58 / train/loss/height 4.4e-3 / train/loss/orientations 0.32 / train/loss/rep 6.58 / train/loss/velocity 1.18 / replay/replay_ratio 1040 / fps/policy 27.76 / fps/train 2.8e4

Writing metrics: /scratch/midway3/rickybao/dreamerv3_runs/pretrain_random_seed1/metrics.jsonlWriting metrics: /scratch/midway3/rickybao/dreamerv3_runs/pretrain_random_seed1/scores.jsonl


--------------------[Agent Step 68_496]--------------------
Metrics filtered by: 'score|length|fps|ratio|train/loss/|train/rand/'
train/loss/dyn 6.65 / train/loss/height 4.6e-3 / train/loss/orientations 0.32 / train/loss/rep 6.65 / train/loss/velocity 1.18 / replay/replay_ratio 1040 / fps/policy 27.85 / fps/train 2.9e4

Writing metrics: /scratch/midway3/rickybao/dreamerv3_runs/pretrain_random_seed1/scores.jsonlWriting metrics: /scratch/midway3/rickybao/dreamerv3_runs/pretrain_random_seed1/metrics.jsonl


--------------------[Agent Step 71_856]--------------------
Metrics filtered by: 'score|length|fps|ratio|train/loss/|train/rand/'
train/loss/dyn 6.69 / train/loss/height 4.4e-3 / train/loss/orientations 0.31 / train/loss/rep 6.69 / train/loss/velocity 1.17 / replay/replay_ratio 1040 / fps/policy 27.89 / fps/train 2.9e4

Writing metrics: /scratch/midway3/rickybao/dreamerv3_runs/pretrain_random_seed1/metrics.jsonlWriting metrics: /scratch/midway3/rickybao/dreamerv3_runs/pretrain_random_seed1/scores.jsonl


--------------------[Agent Step 75_216]--------------------
Metrics filtered by: 'score|length|fps|ratio|train/loss/|train/rand/'
train/loss/dyn 6.73 / train/loss/height 4.2e-3 / train/loss/orientations 0.3 / train/loss/rep 6.73 / train/loss/velocity 1.16 / replay/replay_ratio 1040 / fps/policy 27.89 / fps/train 2.9e4

Writing metrics: /scratch/midway3/rickybao/dreamerv3_runs/pretrain_random_seed1/metrics.jsonlWriting metrics: /scratch/midway3/rickybao/dreamerv3_runs/pretrain_random_seed1/scores.jsonl

Saving checkpoint: /scratch/midway3/rickybao/dreamerv3_runs/pretrain_random_seed1/ckpt/20260517T143920F459607
Saved checkpoint.

--------------------[Agent Step 78_544]--------------------
Metrics filtered by: 'score|length|fps|ratio|train/loss/|train/rand/'
train/loss/dyn 6.75 / train/loss/height 4e-3 / train/loss/orientations 0.29 / train/loss/rep 6.75 / train/loss/velocity 1.15 / replay/replay_ratio 1040 / fps/policy 27.67 / fps/train 2.8e4

Writing metrics: /scratch/midway3/rickybao/dreamerv3_runs/pretrain_random_seed1/metrics.jsonl
Writing metrics: /scratch/midway3/rickybao/dreamerv3_runs/pretrain_random_seed1/scores.jsonl

--------------------[Agent Step 81_888]--------------------
Metrics filtered by: 'score|length|fps|ratio|train/loss/|train/rand/'
episode/score 28.4 / episode/length 1001 / train/loss/dyn 6.8 / train/loss/height 4e-3 / train/loss/orientations 0.29 / train/loss/rep 6.8 / train/loss/velocity 1.15 / replay/replay_ratio 1040 / fps/policy 27.86 / fps/train 2.9e4

Writing metrics: /scratch/midway3/rickybao/dreamerv3_runs/pretrain_random_seed1/metrics.jsonlWriting metrics: /scratch/midway3/rickybao/dreamerv3_runs/pretrain_random_seed1/scores.jsonl


--------------------[Agent Step 85_248]--------------------
Metrics filtered by: 'score|length|fps|ratio|train/loss/|train/rand/'
train/loss/dyn 6.86 / train/loss/height 4.1e-3 / train/loss/orientations 0.29 / train/loss/rep 6.86 / train/loss/velocity 1.15 / replay/replay_ratio 1040 / fps/policy 27.88 / fps/train 2.9e4

Writing metrics: /scratch/midway3/rickybao/dreamerv3_runs/pretrain_random_seed1/metrics.jsonlWriting metrics: /scratch/midway3/rickybao/dreamerv3_runs/pretrain_random_seed1/scores.jsonl


--------------------[Agent Step 88_608]--------------------
Metrics filtered by: 'score|length|fps|ratio|train/loss/|train/rand/'
train/loss/dyn 6.88 / train/loss/height 4e-3 / train/loss/orientations 0.28 / train/loss/rep 6.88 / train/loss/velocity 1.14 / replay/replay_ratio 1040 / fps/policy 27.89 / fps/train 2.9e4

Writing metrics: /scratch/midway3/rickybao/dreamerv3_runs/pretrain_random_seed1/metrics.jsonlWriting metrics: /scratch/midway3/rickybao/dreamerv3_runs/pretrain_random_seed1/scores.jsonl


--------------------[Agent Step 91_968]--------------------
Metrics filtered by: 'score|length|fps|ratio|train/loss/|train/rand/'
train/loss/dyn 6.9 / train/loss/height 3.8e-3 / train/loss/orientations 0.28 / train/loss/rep 6.9 / train/loss/velocity 1.13 / replay/replay_ratio 1040 / fps/policy 27.89 / fps/train 2.9e4

Writing metrics: /scratch/midway3/rickybao/dreamerv3_runs/pretrain_random_seed1/metrics.jsonlWriting metrics: /scratch/midway3/rickybao/dreamerv3_runs/pretrain_random_seed1/scores.jsonl


--------------------[Agent Step 95_328]--------------------
Metrics filtered by: 'score|length|fps|ratio|train/loss/|train/rand/'
train/loss/dyn 6.94 / train/loss/height 3.7e-3 / train/loss/orientations 0.27 / train/loss/rep 6.94 / train/loss/velocity 1.13 / replay/replay_ratio 1040 / fps/policy 27.88 / fps/train 2.9e4

Writing metrics: /scratch/midway3/rickybao/dreamerv3_runs/pretrain_random_seed1/metrics.jsonlWriting metrics: /scratch/midway3/rickybao/dreamerv3_runs/pretrain_random_seed1/scores.jsonl


--------------------[Agent Step 98_688]--------------------
Metrics filtered by: 'score|length|fps|ratio|train/loss/|train/rand/'
episode/score 45.66 / episode/length 1001 / train/loss/dyn 6.96 / train/loss/height 3.7e-3 / train/loss/orientations 0.26 / train/loss/rep 6.96 / train/loss/velocity 1.13 / replay/replay_ratio 1040 / fps/policy 27.87 / fps/train 2.9e4

Writing metrics: /scratch/midway3/rickybao/dreamerv3_runs/pretrain_random_seed1/metrics.jsonlWriting metrics: /scratch/midway3/rickybao/dreamerv3_runs/pretrain_random_seed1/scores.jsonl

Saving checkpoint: /scratch/midway3/rickybao/dreamerv3_runs/pretrain_random_seed1/ckpt/20260517T145420F596764
Saved checkpoint.

--------------------[Agent Step 102_016]--------------------
Metrics filtered by: 'score|length|fps|ratio|train/loss/|train/rand/'
train/loss/dyn 7 / train/loss/height 3.6e-3 / train/loss/orientations 0.26 / train/loss/rep 7 / train/loss/velocity 1.12 / replay/replay_ratio 1040 / fps/policy 27.7 / fps/train 2.8e4

Writing metrics: /scratch/midway3/rickybao/dreamerv3_runs/pretrain_random_seed1/metrics.jsonlWriting metrics: /scratch/midway3/rickybao/dreamerv3_runs/pretrain_random_seed1/scores.jsonl


--------------------[Agent Step 105_376]--------------------
Metrics filtered by: 'score|length|fps|ratio|train/loss/|train/rand/'
train/loss/dyn 7 / train/loss/height 3.4e-3 / train/loss/orientations 0.25 / train/loss/rep 7 / train/loss/velocity 1.11 / replay/replay_ratio 1040 / fps/policy 27.89 / fps/train 2.9e4

Writing metrics: /scratch/midway3/rickybao/dreamerv3_runs/pretrain_random_seed1/metrics.jsonlWriting metrics: /scratch/midway3/rickybao/dreamerv3_runs/pretrain_random_seed1/scores.jsonl


--------------------[Agent Step 108_736]--------------------
Metrics filtered by: 'score|length|fps|ratio|train/loss/|train/rand/'
train/loss/dyn 7.03 / train/loss/height 3.3e-3 / train/loss/orientations 0.24 / train/loss/rep 7.03 / train/loss/velocity 1.11 / replay/replay_ratio 1040 / fps/policy 27.89 / fps/train 2.9e4

Writing metrics: /scratch/midway3/rickybao/dreamerv3_runs/pretrain_random_seed1/metrics.jsonlWriting metrics: /scratch/midway3/rickybao/dreamerv3_runs/pretrain_random_seed1/scores.jsonl


--------------------[Agent Step 112_096]--------------------
Metrics filtered by: 'score|length|fps|ratio|train/loss/|train/rand/'
train/loss/dyn 7.04 / train/loss/height 3.2e-3 / train/loss/orientations 0.24 / train/loss/rep 7.04 / train/loss/velocity 1.1 / replay/replay_ratio 1040 / fps/policy 27.89 / fps/train 2.9e4

Writing metrics: /scratch/midway3/rickybao/dreamerv3_runs/pretrain_random_seed1/metrics.jsonlWriting metrics: /scratch/midway3/rickybao/dreamerv3_runs/pretrain_random_seed1/scores.jsonl


--------------------[Agent Step 115_440]--------------------
Metrics filtered by: 'score|length|fps|ratio|train/loss/|train/rand/'
episode/score 28.21 / episode/length 1001 / train/loss/dyn 7.1 / train/loss/height 3.2e-3 / train/loss/orientations 0.23 / train/loss/rep 7.1 / train/loss/velocity 1.1 / replay/replay_ratio 1040 / fps/policy 27.86 / fps/train 2.9e4

Writing metrics: /scratch/midway3/rickybao/dreamerv3_runs/pretrain_random_seed1/metrics.jsonl
Writing metrics: /scratch/midway3/rickybao/dreamerv3_runs/pretrain_random_seed1/scores.jsonl

--------------------[Agent Step 118_800]--------------------
Metrics filtered by: 'score|length|fps|ratio|train/loss/|train/rand/'
train/loss/dyn 7.09 / train/loss/height 3.1e-3 / train/loss/orientations 0.23 / train/loss/rep 7.09 / train/loss/velocity 1.1 / replay/replay_ratio 1040 / fps/policy 27.89 / fps/train 2.9e4

Writing metrics: /scratch/midway3/rickybao/dreamerv3_runs/pretrain_random_seed1/metrics.jsonlWriting metrics: /scratch/midway3/rickybao/dreamerv3_runs/pretrain_random_seed1/scores.jsonl


--------------------[Agent Step 122_160]--------------------
Metrics filtered by: 'score|length|fps|ratio|train/loss/|train/rand/'
train/loss/dyn 7.11 / train/loss/height 3e-3 / train/loss/orientations 0.22 / train/loss/rep 7.11 / train/loss/velocity 1.09 / replay/replay_ratio 1040 / fps/policy 27.91 / fps/train 2.9e4

Writing metrics: /scratch/midway3/rickybao/dreamerv3_runs/pretrain_random_seed1/scores.jsonlWriting metrics: /scratch/midway3/rickybao/dreamerv3_runs/pretrain_random_seed1/metrics.jsonl


--------------------[Agent Step 125_520]--------------------
Metrics filtered by: 'score|length|fps|ratio|train/loss/|train/rand/'
train/loss/dyn 7.12 / train/loss/height 2.9e-3 / train/loss/orientations 0.21 / train/loss/rep 7.12 / train/loss/velocity 1.09 / replay/replay_ratio 1040 / fps/policy 27.9 / fps/train 2.9e4

Writing metrics: /scratch/midway3/rickybao/dreamerv3_runs/pretrain_random_seed1/metrics.jsonlWriting metrics: /scratch/midway3/rickybao/dreamerv3_runs/pretrain_random_seed1/scores.jsonl

Saving checkpoint: /scratch/midway3/rickybao/dreamerv3_runs/pretrain_random_seed1/ckpt/20260517T150920F935842
Saved checkpoint.

--------------------[Agent Step 128_848]--------------------
Metrics filtered by: 'score|length|fps|ratio|train/loss/|train/rand/'
episode/score 35.64 / episode/length 1001 / train/loss/dyn 7.13 / train/loss/height 2.7e-3 / train/loss/orientations 0.21 / train/loss/rep 7.13 / train/loss/velocity 1.09 / replay/replay_ratio 1040 / fps/policy 27.67 / fps/train 2.8e4

Writing metrics: /scratch/midway3/rickybao/dreamerv3_runs/pretrain_random_seed1/metrics.jsonlWriting metrics: /scratch/midway3/rickybao/dreamerv3_runs/pretrain_random_seed1/scores.jsonl


--------------------[Agent Step 132_192]--------------------
Metrics filtered by: 'score|length|fps|ratio|train/loss/|train/rand/'
train/loss/dyn 7.16 / train/loss/height 2.7e-3 / train/loss/orientations 0.2 / train/loss/rep 7.16 / train/loss/velocity 1.09 / replay/replay_ratio 1040 / fps/policy 27.83 / fps/train 2.8e4

Writing metrics: /scratch/midway3/rickybao/dreamerv3_runs/pretrain_random_seed1/metrics.jsonlWriting metrics: /scratch/midway3/rickybao/dreamerv3_runs/pretrain_random_seed1/scores.jsonl


--------------------[Agent Step 135_552]--------------------
Metrics filtered by: 'score|length|fps|ratio|train/loss/|train/rand/'
train/loss/dyn 7.15 / train/loss/height 2.6e-3 / train/loss/orientations 0.2 / train/loss/rep 7.15 / train/loss/velocity 1.09 / replay/replay_ratio 1040 / fps/policy 27.9 / fps/train 2.9e4

Writing metrics: /scratch/midway3/rickybao/dreamerv3_runs/pretrain_random_seed1/metrics.jsonlWriting metrics: /scratch/midway3/rickybao/dreamerv3_runs/pretrain_random_seed1/scores.jsonl


--------------------[Agent Step 138_912]--------------------
Metrics filtered by: 'score|length|fps|ratio|train/loss/|train/rand/'
train/loss/dyn 7.16 / train/loss/height 2.5e-3 / train/loss/orientations 0.19 / train/loss/rep 7.16 / train/loss/velocity 1.08 / replay/replay_ratio 1040 / fps/policy 27.9 / fps/train 2.9e4

Writing metrics: /scratch/midway3/rickybao/dreamerv3_runs/pretrain_random_seed1/metrics.jsonlWriting metrics: /scratch/midway3/rickybao/dreamerv3_runs/pretrain_random_seed1/scores.jsonl


--------------------[Agent Step 142_272]--------------------
Metrics filtered by: 'score|length|fps|ratio|train/loss/|train/rand/'
train/loss/dyn 7.16 / train/loss/height 2.4e-3 / train/loss/orientations 0.19 / train/loss/rep 7.16 / train/loss/velocity 1.08 / replay/replay_ratio 1040 / fps/policy 27.89 / fps/train 2.9e4

Writing metrics: /scratch/midway3/rickybao/dreamerv3_runs/pretrain_random_seed1/metrics.jsonlWriting metrics: /scratch/midway3/rickybao/dreamerv3_runs/pretrain_random_seed1/scores.jsonl


--------------------[Agent Step 145_616]--------------------
Metrics filtered by: 'score|length|fps|ratio|train/loss/|train/rand/'
episode/score 29.4 / episode/length 1001 / train/loss/dyn 7.16 / train/loss/height 2.3e-3 / train/loss/orientations 0.18 / train/loss/rep 7.16 / train/loss/velocity 1.08 / replay/replay_ratio 1040 / fps/policy 27.86 / fps/train 2.9e4

Writing metrics: /scratch/midway3/rickybao/dreamerv3_runs/pretrain_random_seed1/metrics.jsonlWriting metrics: /scratch/midway3/rickybao/dreamerv3_runs/pretrain_random_seed1/scores.jsonl


--------------------[Agent Step 148_960]--------------------
Metrics filtered by: 'score|length|fps|ratio|train/loss/|train/rand/'
train/loss/dyn 7.16 / train/loss/height 2.3e-3 / train/loss/orientations 0.17 / train/loss/rep 7.16 / train/loss/velocity 1.08 / replay/replay_ratio 1040 / fps/policy 27.86 / fps/train 2.9e4

Writing metrics: /scratch/midway3/rickybao/dreamerv3_runs/pretrain_random_seed1/metrics.jsonlWriting metrics: /scratch/midway3/rickybao/dreamerv3_runs/pretrain_random_seed1/scores.jsonl

Saving checkpoint: /scratch/midway3/rickybao/dreamerv3_runs/pretrain_random_seed1/ckpt/20260517T152421F247080
Saved checkpoint.

--------------------[Agent Step 152_288]--------------------
Metrics filtered by: 'score|length|fps|ratio|train/loss/|train/rand/'
train/loss/dyn 7.15 / train/loss/height 2.2e-3 / train/loss/orientations 0.17 / train/loss/rep 7.15 / train/loss/velocity 1.07 / replay/replay_ratio 1040 / fps/policy 27.67 / fps/train 2.8e4

Writing metrics: /scratch/midway3/rickybao/dreamerv3_runs/pretrain_random_seed1/metrics.jsonlWriting metrics: /scratch/midway3/rickybao/dreamerv3_runs/pretrain_random_seed1/scores.jsonl


--------------------[Agent Step 155_648]--------------------
Metrics filtered by: 'score|length|fps|ratio|train/loss/|train/rand/'
train/loss/dyn 7.13 / train/loss/height 2.1e-3 / train/loss/orientations 0.16 / train/loss/rep 7.13 / train/loss/velocity 1.07 / replay/replay_ratio 1040 / fps/policy 27.9 / fps/train 2.9e4

Writing metrics: /scratch/midway3/rickybao/dreamerv3_runs/pretrain_random_seed1/metrics.jsonlWriting metrics: /scratch/midway3/rickybao/dreamerv3_runs/pretrain_random_seed1/scores.jsonl


--------------------[Agent Step 159_008]--------------------
Metrics filtered by: 'score|length|fps|ratio|train/loss/|train/rand/'
train/loss/dyn 7.11 / train/loss/height 2e-3 / train/loss/orientations 0.15 / train/loss/rep 7.11 / train/loss/velocity 1.07 / replay/replay_ratio 1040 / fps/policy 27.89 / fps/train 2.9e4

Writing metrics: /scratch/midway3/rickybao/dreamerv3_runs/pretrain_random_seed1/metrics.jsonlWriting metrics: /scratch/midway3/rickybao/dreamerv3_runs/pretrain_random_seed1/scores.jsonl


--------------------[Agent Step 162_352]--------------------
Metrics filtered by: 'score|length|fps|ratio|train/loss/|train/rand/'
episode/score 39.05 / episode/length 1001 / train/loss/dyn 7.11 / train/loss/height 2e-3 / train/loss/orientations 0.15 / train/loss/rep 7.11 / train/loss/velocity 1.07 / replay/replay_ratio 1040 / fps/policy 27.85 / fps/train 2.9e4

Writing metrics: /scratch/midway3/rickybao/dreamerv3_runs/pretrain_random_seed1/metrics.jsonl
Writing metrics: /scratch/midway3/rickybao/dreamerv3_runs/pretrain_random_seed1/scores.jsonl

--------------------[Agent Step 165_712]--------------------
Metrics filtered by: 'score|length|fps|ratio|train/loss/|train/rand/'
train/loss/dyn 7.1 / train/loss/height 1.9e-3 / train/loss/orientations 0.15 / train/loss/rep 7.1 / train/loss/velocity 1.07 / replay/replay_ratio 1040 / fps/policy 27.87 / fps/train 2.9e4

Writing metrics: /scratch/midway3/rickybao/dreamerv3_runs/pretrain_random_seed1/metrics.jsonlWriting metrics: /scratch/midway3/rickybao/dreamerv3_runs/pretrain_random_seed1/scores.jsonl


--------------------[Agent Step 169_072]--------------------
Metrics filtered by: 'score|length|fps|ratio|train/loss/|train/rand/'
train/loss/dyn 7.08 / train/loss/height 1.8e-3 / train/loss/orientations 0.14 / train/loss/rep 7.08 / train/loss/velocity 1.06 / replay/replay_ratio 1040 / fps/policy 27.91 / fps/train 2.9e4

Writing metrics: /scratch/midway3/rickybao/dreamerv3_runs/pretrain_random_seed1/metrics.jsonlWriting metrics: /scratch/midway3/rickybao/dreamerv3_runs/pretrain_random_seed1/scores.jsonl


--------------------[Agent Step 172_432]--------------------
Metrics filtered by: 'score|length|fps|ratio|train/loss/|train/rand/'
train/loss/dyn 7.05 / train/loss/height 1.8e-3 / train/loss/orientations 0.14 / train/loss/rep 7.05 / train/loss/velocity 1.05 / replay/replay_ratio 1040 / fps/policy 27.9 / fps/train 2.9e4

Writing metrics: /scratch/midway3/rickybao/dreamerv3_runs/pretrain_random_seed1/metrics.jsonlWriting metrics: /scratch/midway3/rickybao/dreamerv3_runs/pretrain_random_seed1/scores.jsonl


--------------------[Agent Step 175_792]--------------------
Metrics filtered by: 'score|length|fps|ratio|train/loss/|train/rand/'
train/loss/dyn 7.03 / train/loss/height 1.7e-3 / train/loss/orientations 0.13 / train/loss/rep 7.03 / train/loss/velocity 1.05 / replay/replay_ratio 1040 / fps/policy 27.89 / fps/train 2.9e4

Writing metrics: /scratch/midway3/rickybao/dreamerv3_runs/pretrain_random_seed1/metrics.jsonlWriting metrics: /scratch/midway3/rickybao/dreamerv3_runs/pretrain_random_seed1/scores.jsonl

Saving checkpoint: /scratch/midway3/rickybao/dreamerv3_runs/pretrain_random_seed1/ckpt/20260517T153921F359972
Saved checkpoint.

--------------------[Agent Step 179_120]--------------------
Metrics filtered by: 'score|length|fps|ratio|train/loss/|train/rand/'
episode/score 30.49 / episode/length 1001 / train/loss/dyn 7.01 / train/loss/height 1.7e-3 / train/loss/orientations 0.13 / train/loss/rep 7.01 / train/loss/velocity 1.05 / replay/replay_ratio 1040 / fps/policy 27.64 / fps/train 2.8e4

Writing metrics: /scratch/midway3/rickybao/dreamerv3_runs/pretrain_random_seed1/metrics.jsonlWriting metrics: /scratch/midway3/rickybao/dreamerv3_runs/pretrain_random_seed1/scores.jsonl


--------------------[Agent Step 182_480]--------------------
Metrics filtered by: 'score|length|fps|ratio|train/loss/|train/rand/'
train/loss/dyn 6.98 / train/loss/height 1.6e-3 / train/loss/orientations 0.12 / train/loss/rep 6.98 / train/loss/velocity 1.04 / replay/replay_ratio 1040 / fps/policy 27.89 / fps/train 2.9e4

Writing metrics: /scratch/midway3/rickybao/dreamerv3_runs/pretrain_random_seed1/metrics.jsonlWriting metrics: /scratch/midway3/rickybao/dreamerv3_runs/pretrain_random_seed1/scores.jsonl


--------------------[Agent Step 185_840]--------------------
Metrics filtered by: 'score|length|fps|ratio|train/loss/|train/rand/'
train/loss/dyn 6.95 / train/loss/height 1.5e-3 / train/loss/orientations 0.12 / train/loss/rep 6.95 / train/loss/velocity 1.04 / replay/replay_ratio 1040 / fps/policy 27.92 / fps/train 2.9e4

Writing metrics: /scratch/midway3/rickybao/dreamerv3_runs/pretrain_random_seed1/scores.jsonlWriting metrics: /scratch/midway3/rickybao/dreamerv3_runs/pretrain_random_seed1/metrics.jsonl


--------------------[Agent Step 189_200]--------------------
Metrics filtered by: 'score|length|fps|ratio|train/loss/|train/rand/'
train/loss/dyn 6.92 / train/loss/height 1.5e-3 / train/loss/orientations 0.11 / train/loss/rep 6.92 / train/loss/velocity 1.03 / replay/replay_ratio 1040 / fps/policy 27.91 / fps/train 2.9e4

Writing metrics: /scratch/midway3/rickybao/dreamerv3_runs/pretrain_random_seed1/scores.jsonlWriting metrics: /scratch/midway3/rickybao/dreamerv3_runs/pretrain_random_seed1/metrics.jsonl


--------------------[Agent Step 192_560]--------------------
Metrics filtered by: 'score|length|fps|ratio|train/loss/|train/rand/'
episode/score 32.9 / episode/length 1001 / train/loss/dyn 6.89 / train/loss/height 1.4e-3 / train/loss/orientations 0.11 / train/loss/rep 6.89 / train/loss/velocity 1.03 / replay/replay_ratio 1040 / fps/policy 27.88 / fps/train 2.9e4

Writing metrics: /scratch/midway3/rickybao/dreamerv3_runs/pretrain_random_seed1/metrics.jsonl
Writing metrics: /scratch/midway3/rickybao/dreamerv3_runs/pretrain_random_seed1/scores.jsonl

--------------------[Agent Step 195_904]--------------------
Metrics filtered by: 'score|length|fps|ratio|train/loss/|train/rand/'
train/loss/dyn 6.87 / train/loss/height 1.4e-3 / train/loss/orientations 0.11 / train/loss/rep 6.87 / train/loss/velocity 1.02 / replay/replay_ratio 1040 / fps/policy 27.84 / fps/train 2.9e4

Writing metrics: /scratch/midway3/rickybao/dreamerv3_runs/pretrain_random_seed1/metrics.jsonlWriting metrics: /scratch/midway3/rickybao/dreamerv3_runs/pretrain_random_seed1/scores.jsonl


--------------------[Agent Step 199_264]--------------------
Metrics filtered by: 'score|length|fps|ratio|train/loss/|train/rand/'
train/loss/dyn 6.84 / train/loss/height 1.4e-3 / train/loss/orientations 0.1 / train/loss/rep 6.84 / train/loss/velocity 1.02 / replay/replay_ratio 1040 / fps/policy 27.9 / fps/train 2.9e4

Writing metrics: /scratch/midway3/rickybao/dreamerv3_runs/pretrain_random_seed1/metrics.jsonlWriting metrics: /scratch/midway3/rickybao/dreamerv3_runs/pretrain_random_seed1/scores.jsonl

Saving checkpoint: /scratch/midway3/rickybao/dreamerv3_runs/pretrain_random_seed1/ckpt/20260517T155421F833085
Saved checkpoint.

--------------------[Agent Step 202_592]--------------------
Metrics filtered by: 'score|length|fps|ratio|train/loss/|train/rand/'
train/loss/dyn 6.82 / train/loss/height 1.3e-3 / train/loss/orientations 0.1 / train/loss/rep 6.82 / train/loss/velocity 1.01 / replay/replay_ratio 1040 / fps/policy 27.67 / fps/train 2.8e4

Writing metrics: /scratch/midway3/rickybao/dreamerv3_runs/pretrain_random_seed1/metrics.jsonlWriting metrics: /scratch/midway3/rickybao/dreamerv3_runs/pretrain_random_seed1/scores.jsonl


--------------------[Agent Step 205_952]--------------------
Metrics filtered by: 'score|length|fps|ratio|train/loss/|train/rand/'
train/loss/dyn 6.78 / train/loss/height 1.3e-3 / train/loss/orientations 0.1 / train/loss/rep 6.78 / train/loss/velocity 1 / replay/replay_ratio 1040 / fps/policy 27.89 / fps/train 2.9e4

Writing metrics: /scratch/midway3/rickybao/dreamerv3_runs/pretrain_random_seed1/scores.jsonlWriting metrics: /scratch/midway3/rickybao/dreamerv3_runs/pretrain_random_seed1/metrics.jsonl


--------------------[Agent Step 209_312]--------------------
Metrics filtered by: 'score|length|fps|ratio|train/loss/|train/rand/'
episode/score 28.45 / episode/length 1001 / train/loss/dyn 6.75 / train/loss/height 1.3e-3 / train/loss/orientations 0.09 / train/loss/rep 6.75 / train/loss/velocity 0.99 / replay/replay_ratio 1040 / fps/policy 27.87 / fps/train 2.9e4

Writing metrics: /scratch/midway3/rickybao/dreamerv3_runs/pretrain_random_seed1/metrics.jsonlWriting metrics: /scratch/midway3/rickybao/dreamerv3_runs/pretrain_random_seed1/scores.jsonl


--------------------[Agent Step 212_656]--------------------
Metrics filtered by: 'score|length|fps|ratio|train/loss/|train/rand/'
train/loss/dyn 6.72 / train/loss/height 1.3e-3 / train/loss/orientations 0.09 / train/loss/rep 6.72 / train/loss/velocity 0.99 / replay/replay_ratio 1040 / fps/policy 27.85 / fps/train 2.9e4

Writing metrics: /scratch/midway3/rickybao/dreamerv3_runs/pretrain_random_seed1/scores.jsonlWriting metrics: /scratch/midway3/rickybao/dreamerv3_runs/pretrain_random_seed1/metrics.jsonl


--------------------[Agent Step 216_016]--------------------
Metrics filtered by: 'score|length|fps|ratio|train/loss/|train/rand/'
train/loss/dyn 6.68 / train/loss/height 1.2e-3 / train/loss/orientations 0.09 / train/loss/rep 6.68 / train/loss/velocity 0.98 / replay/replay_ratio 1040 / fps/policy 27.91 / fps/train 2.9e4

Writing metrics: /scratch/midway3/rickybao/dreamerv3_runs/pretrain_random_seed1/metrics.jsonl
Writing metrics: /scratch/midway3/rickybao/dreamerv3_runs/pretrain_random_seed1/scores.jsonl

--------------------[Agent Step 219_376]--------------------
Metrics filtered by: 'score|length|fps|ratio|train/loss/|train/rand/'
train/loss/dyn 6.63 / train/loss/height 1.2e-3 / train/loss/orientations 0.09 / train/loss/rep 6.63 / train/loss/velocity 0.97 / replay/replay_ratio 1040 / fps/policy 27.91 / fps/train 2.9e4

Writing metrics: /scratch/midway3/rickybao/dreamerv3_runs/pretrain_random_seed1/metrics.jsonlWriting metrics: /scratch/midway3/rickybao/dreamerv3_runs/pretrain_random_seed1/scores.jsonl


--------------------[Agent Step 222_736]--------------------
Metrics filtered by: 'score|length|fps|ratio|train/loss/|train/rand/'
train/loss/dyn 6.58 / train/loss/height 1.1e-3 / train/loss/orientations 0.08 / train/loss/rep 6.58 / train/loss/velocity 0.96 / replay/replay_ratio 1040 / fps/policy 27.89 / fps/train 2.9e4

Writing metrics: /scratch/midway3/rickybao/dreamerv3_runs/pretrain_random_seed1/metrics.jsonlWriting metrics: /scratch/midway3/rickybao/dreamerv3_runs/pretrain_random_seed1/scores.jsonl


--------------------[Agent Step 226_080]--------------------
Metrics filtered by: 'score|length|fps|ratio|train/loss/|train/rand/'
episode/score 30.85 / episode/length 1001 / train/loss/dyn 6.55 / train/loss/height 1.1e-3 / train/loss/orientations 0.08 / train/loss/rep 6.55 / train/loss/velocity 0.95 / replay/replay_ratio 1040 / fps/policy 27.8 / fps/train 2.8e4

Writing metrics: /scratch/midway3/rickybao/dreamerv3_runs/pretrain_random_seed1/metrics.jsonlWriting metrics: /scratch/midway3/rickybao/dreamerv3_runs/pretrain_random_seed1/scores.jsonl

Saving checkpoint: /scratch/midway3/rickybao/dreamerv3_runs/pretrain_random_seed1/ckpt/20260517T160922F397056
Saved checkpoint.

--------------------[Agent Step 229_408]--------------------
Metrics filtered by: 'score|length|fps|ratio|train/loss/|train/rand/'
train/loss/dyn 6.51 / train/loss/height 1.1e-3 / train/loss/orientations 0.08 / train/loss/rep 6.51 / train/loss/velocity 0.95 / replay/replay_ratio 1040 / fps/policy 27.65 / fps/train 2.8e4

Writing metrics: /scratch/midway3/rickybao/dreamerv3_runs/pretrain_random_seed1/metrics.jsonlWriting metrics: /scratch/midway3/rickybao/dreamerv3_runs/pretrain_random_seed1/scores.jsonl


--------------------[Agent Step 232_768]--------------------
Metrics filtered by: 'score|length|fps|ratio|train/loss/|train/rand/'
train/loss/dyn 6.46 / train/loss/height 1.1e-3 / train/loss/orientations 0.08 / train/loss/rep 6.46 / train/loss/velocity 0.94 / replay/replay_ratio 1040 / fps/policy 27.89 / fps/train 2.9e4

Writing metrics: /scratch/midway3/rickybao/dreamerv3_runs/pretrain_random_seed1/metrics.jsonlWriting metrics: /scratch/midway3/rickybao/dreamerv3_runs/pretrain_random_seed1/scores.jsonl


--------------------[Agent Step 236_128]--------------------
Metrics filtered by: 'score|length|fps|ratio|train/loss/|train/rand/'
train/loss/dyn 6.42 / train/loss/height 1.1e-3 / train/loss/orientations 0.08 / train/loss/rep 6.42 / train/loss/velocity 0.93 / replay/replay_ratio 1040 / fps/policy 27.9 / fps/train 2.9e4

Writing metrics: /scratch/midway3/rickybao/dreamerv3_runs/pretrain_random_seed1/metrics.jsonl
Writing metrics: /scratch/midway3/rickybao/dreamerv3_runs/pretrain_random_seed1/scores.jsonl

--------------------[Agent Step 239_488]--------------------
Metrics filtered by: 'score|length|fps|ratio|train/loss/|train/rand/'
train/loss/dyn 6.38 / train/loss/height 1e-3 / train/loss/orientations 0.08 / train/loss/rep 6.38 / train/loss/velocity 0.92 / replay/replay_ratio 1040 / fps/policy 27.88 / fps/train 2.9e4

Writing metrics: /scratch/midway3/rickybao/dreamerv3_runs/pretrain_random_seed1/metrics.jsonlWriting metrics: /scratch/midway3/rickybao/dreamerv3_runs/pretrain_random_seed1/scores.jsonl


--------------------[Agent Step 242_832]--------------------
Metrics filtered by: 'score|length|fps|ratio|train/loss/|train/rand/'
episode/score 44.52 / episode/length 1001 / train/loss/dyn 6.34 / train/loss/height 1e-3 / train/loss/orientations 0.08 / train/loss/rep 6.34 / train/loss/velocity 0.91 / replay/replay_ratio 1040 / fps/policy 27.84 / fps/train 2.9e4

Writing metrics: /scratch/midway3/rickybao/dreamerv3_runs/pretrain_random_seed1/metrics.jsonlWriting metrics: /scratch/midway3/rickybao/dreamerv3_runs/pretrain_random_seed1/scores.jsonl


--------------------[Agent Step 246_176]--------------------
Metrics filtered by: 'score|length|fps|ratio|train/loss/|train/rand/'
train/loss/dyn 6.3 / train/loss/height 1e-3 / train/loss/orientations 0.07 / train/loss/rep 6.3 / train/loss/velocity 0.91 / replay/replay_ratio 1040 / fps/policy 27.87 / fps/train 2.9e4

Writing metrics: /scratch/midway3/rickybao/dreamerv3_runs/pretrain_random_seed1/metrics.jsonlWriting metrics: /scratch/midway3/rickybao/dreamerv3_runs/pretrain_random_seed1/scores.jsonl


--------------------[Agent Step 249_536]--------------------
Metrics filtered by: 'score|length|fps|ratio|train/loss/|train/rand/'
train/loss/dyn 6.26 / train/loss/height 1e-3 / train/loss/orientations 0.07 / train/loss/rep 6.26 / train/loss/velocity 0.9 / replay/replay_ratio 1040 / fps/policy 27.91 / fps/train 2.9e4

Writing metrics: /scratch/midway3/rickybao/dreamerv3_runs/pretrain_random_seed1/metrics.jsonlWriting metrics: /scratch/midway3/rickybao/dreamerv3_runs/pretrain_random_seed1/scores.jsonl

Saving checkpoint: /scratch/midway3/rickybao/dreamerv3_runs/pretrain_random_seed1/ckpt/20260517T162422F452996
Saved checkpoint.

--------------------[Agent Step 252_864]--------------------
Metrics filtered by: 'score|length|fps|ratio|train/loss/|train/rand/'
train/loss/dyn 6.23 / train/loss/height 1e-3 / train/loss/orientations 0.07 / train/loss/rep 6.23 / train/loss/velocity 0.89 / replay/replay_ratio 1040 / fps/policy 27.68 / fps/train 2.8e4

Writing metrics: /scratch/midway3/rickybao/dreamerv3_runs/pretrain_random_seed1/scores.jsonlWriting metrics: /scratch/midway3/rickybao/dreamerv3_runs/pretrain_random_seed1/metrics.jsonl


--------------------[Agent Step 256_224]--------------------
Metrics filtered by: 'score|length|fps|ratio|train/loss/|train/rand/'
train/loss/dyn 6.2 / train/loss/height 9.8e-4 / train/loss/orientations 0.07 / train/loss/rep 6.2 / train/loss/velocity 0.88 / replay/replay_ratio 1040 / fps/policy 27.88 / fps/train 2.9e4

Writing metrics: /scratch/midway3/rickybao/dreamerv3_runs/pretrain_random_seed1/metrics.jsonlWriting metrics: /scratch/midway3/rickybao/dreamerv3_runs/pretrain_random_seed1/scores.jsonl


--------------------[Agent Step 259_568]--------------------
Metrics filtered by: 'score|length|fps|ratio|train/loss/|train/rand/'
episode/score 32.14 / episode/length 1001 / train/loss/dyn 6.16 / train/loss/height 9.7e-4 / train/loss/orientations 0.07 / train/loss/rep 6.16 / train/loss/velocity 0.87 / replay/replay_ratio 1040 / fps/policy 27.82 / fps/train 2.8e4

Writing metrics: /scratch/midway3/rickybao/dreamerv3_runs/pretrain_random_seed1/metrics.jsonlWriting metrics: /scratch/midway3/rickybao/dreamerv3_runs/pretrain_random_seed1/scores.jsonl


--------------------[Agent Step 262_912]--------------------
Metrics filtered by: 'score|length|fps|ratio|train/loss/|train/rand/'
train/loss/dyn 6.13 / train/loss/height 9.6e-4 / train/loss/orientations 0.07 / train/loss/rep 6.13 / train/loss/velocity 0.87 / replay/replay_ratio 1040 / fps/policy 27.87 / fps/train 2.9e4

Writing metrics: /scratch/midway3/rickybao/dreamerv3_runs/pretrain_random_seed1/metrics.jsonlWriting metrics: /scratch/midway3/rickybao/dreamerv3_runs/pretrain_random_seed1/scores.jsonl


--------------------[Agent Step 266_272]--------------------
Metrics filtered by: 'score|length|fps|ratio|train/loss/|train/rand/'
train/loss/dyn 6.09 / train/loss/height 9.4e-4 / train/loss/orientations 0.07 / train/loss/rep 6.09 / train/loss/velocity 0.86 / replay/replay_ratio 1040 / fps/policy 27.9 / fps/train 2.9e4

Writing metrics: /scratch/midway3/rickybao/dreamerv3_runs/pretrain_random_seed1/metrics.jsonlWriting metrics: /scratch/midway3/rickybao/dreamerv3_runs/pretrain_random_seed1/scores.jsonl


--------------------[Agent Step 269_632]--------------------
Metrics filtered by: 'score|length|fps|ratio|train/loss/|train/rand/'
train/loss/dyn 6.06 / train/loss/height 9.3e-4 / train/loss/orientations 0.06 / train/loss/rep 6.06 / train/loss/velocity 0.85 / replay/replay_ratio 1040 / fps/policy 27.9 / fps/train 2.9e4

Writing metrics: /scratch/midway3/rickybao/dreamerv3_runs/pretrain_random_seed1/metrics.jsonlWriting metrics: /scratch/midway3/rickybao/dreamerv3_runs/pretrain_random_seed1/scores.jsonl


--------------------[Agent Step 272_976]--------------------
Metrics filtered by: 'score|length|fps|ratio|train/loss/|train/rand/'
episode/score 35.07 / episode/length 1001 / train/loss/dyn 6.02 / train/loss/height 9.2e-4 / train/loss/orientations 0.06 / train/loss/rep 6.02 / train/loss/velocity 0.84 / replay/replay_ratio 1040 / fps/policy 27.86 / fps/train 2.9e4

Writing metrics: /scratch/midway3/rickybao/dreamerv3_runs/pretrain_random_seed1/metrics.jsonl
Writing metrics: /scratch/midway3/rickybao/dreamerv3_runs/pretrain_random_seed1/scores.jsonl

--------------------[Agent Step 276_320]--------------------
Metrics filtered by: 'score|length|fps|ratio|train/loss/|train/rand/'
train/loss/dyn 6 / train/loss/height 9.1e-4 / train/loss/orientations 0.06 / train/loss/rep 6 / train/loss/velocity 0.84 / replay/replay_ratio 1040 / fps/policy 27.81 / fps/train 2.8e4

Writing metrics: /scratch/midway3/rickybao/dreamerv3_runs/pretrain_random_seed1/scores.jsonlWriting metrics: /scratch/midway3/rickybao/dreamerv3_runs/pretrain_random_seed1/metrics.jsonl

Saving checkpoint: /scratch/midway3/rickybao/dreamerv3_runs/pretrain_random_seed1/ckpt/20260517T163922F677218
Saved checkpoint.

--------------------[Agent Step 279_648]--------------------
Metrics filtered by: 'score|length|fps|ratio|train/loss/|train/rand/'
train/loss/dyn 5.96 / train/loss/height 9e-4 / train/loss/orientations 0.06 / train/loss/rep 5.96 / train/loss/velocity 0.83 / replay/replay_ratio 1040 / fps/policy 27.65 / fps/train 2.8e4

Writing metrics: /scratch/midway3/rickybao/dreamerv3_runs/pretrain_random_seed1/metrics.jsonl
Writing metrics: /scratch/midway3/rickybao/dreamerv3_runs/pretrain_random_seed1/scores.jsonl

--------------------[Agent Step 283_008]--------------------
Metrics filtered by: 'score|length|fps|ratio|train/loss/|train/rand/'
train/loss/dyn 5.93 / train/loss/height 8.9e-4 / train/loss/orientations 0.06 / train/loss/rep 5.93 / train/loss/velocity 0.82 / replay/replay_ratio 1040 / fps/policy 27.91 / fps/train 2.9e4

Writing metrics: /scratch/midway3/rickybao/dreamerv3_runs/pretrain_random_seed1/metrics.jsonlWriting metrics: /scratch/midway3/rickybao/dreamerv3_runs/pretrain_random_seed1/scores.jsonl


--------------------[Agent Step 286_368]--------------------
Metrics filtered by: 'score|length|fps|ratio|train/loss/|train/rand/'
train/loss/dyn 5.88 / train/loss/height 8.7e-4 / train/loss/orientations 0.06 / train/loss/rep 5.88 / train/loss/velocity 0.81 / replay/replay_ratio 1040 / fps/policy 27.89 / fps/train 2.9e4

Writing metrics: /scratch/midway3/rickybao/dreamerv3_runs/pretrain_random_seed1/metrics.jsonlWriting metrics: /scratch/midway3/rickybao/dreamerv3_runs/pretrain_random_seed1/scores.jsonl


--------------------[Agent Step 289_712]--------------------
Metrics filtered by: 'score|length|fps|ratio|train/loss/|train/rand/'
episode/score 30.14 / episode/length 1001 / train/loss/dyn 5.85 / train/loss/height 8.5e-4 / train/loss/orientations 0.06 / train/loss/rep 5.85 / train/loss/velocity 0.81 / replay/replay_ratio 1040 / fps/policy 27.83 / fps/train 2.8e4

Writing metrics: /scratch/midway3/rickybao/dreamerv3_runs/pretrain_random_seed1/metrics.jsonlWriting metrics: /scratch/midway3/rickybao/dreamerv3_runs/pretrain_random_seed1/scores.jsonl


--------------------[Agent Step 293_056]--------------------
Metrics filtered by: 'score|length|fps|ratio|train/loss/|train/rand/'
train/loss/dyn 5.83 / train/loss/height 8.6e-4 / train/loss/orientations 0.06 / train/loss/rep 5.83 / train/loss/velocity 0.8 / replay/replay_ratio 1040 / fps/policy 27.83 / fps/train 2.8e4

Writing metrics: /scratch/midway3/rickybao/dreamerv3_runs/pretrain_random_seed1/metrics.jsonlWriting metrics: /scratch/midway3/rickybao/dreamerv3_runs/pretrain_random_seed1/scores.jsonl


--------------------[Agent Step 296_416]--------------------
Metrics filtered by: 'score|length|fps|ratio|train/loss/|train/rand/'
train/loss/dyn 5.81 / train/loss/height 8.5e-4 / train/loss/orientations 0.06 / train/loss/rep 5.81 / train/loss/velocity 0.8 / replay/replay_ratio 1040 / fps/policy 27.89 / fps/train 2.9e4

Writing metrics: /scratch/midway3/rickybao/dreamerv3_runs/pretrain_random_seed1/metrics.jsonlWriting metrics: /scratch/midway3/rickybao/dreamerv3_runs/pretrain_random_seed1/scores.jsonl


--------------------[Agent Step 299_776]--------------------
Metrics filtered by: 'score|length|fps|ratio|train/loss/|train/rand/'
train/loss/dyn 5.77 / train/loss/height 8.3e-4 / train/loss/orientations 0.06 / train/loss/rep 5.77 / train/loss/velocity 0.79 / replay/replay_ratio 1040 / fps/policy 27.9 / fps/train 2.9e4

Writing metrics: /scratch/midway3/rickybao/dreamerv3_runs/pretrain_random_seed1/metrics.jsonlWriting metrics: /scratch/midway3/rickybao/dreamerv3_runs/pretrain_random_seed1/scores.jsonl

Saving checkpoint: /scratch/midway3/rickybao/dreamerv3_runs/pretrain_random_seed1/ckpt/20260517T165423F037460
Saved checkpoint.

--------------------[Agent Step 303_104]--------------------
Metrics filtered by: 'score|length|fps|ratio|train/loss/|train/rand/'
train/loss/dyn 5.75 / train/loss/height 8.2e-4 / train/loss/orientations 0.06 / train/loss/rep 5.75 / train/loss/velocity 0.78 / replay/replay_ratio 1040 / fps/policy 27.65 / fps/train 2.8e4

Writing metrics: /scratch/midway3/rickybao/dreamerv3_runs/pretrain_random_seed1/metrics.jsonlWriting metrics: /scratch/midway3/rickybao/dreamerv3_runs/pretrain_random_seed1/scores.jsonl


--------------------[Agent Step 306_448]--------------------
Metrics filtered by: 'score|length|fps|ratio|train/loss/|train/rand/'
episode/score 27.72 / episode/length 1001 / train/loss/dyn 5.72 / train/loss/height 8.2e-4 / train/loss/orientations 0.05 / train/loss/rep 5.72 / train/loss/velocity 0.78 / replay/replay_ratio 1040 / fps/policy 27.84 / fps/train 2.9e4

Writing metrics: /scratch/midway3/rickybao/dreamerv3_runs/pretrain_random_seed1/metrics.jsonlWriting metrics: /scratch/midway3/rickybao/dreamerv3_runs/pretrain_random_seed1/scores.jsonl


--------------------[Agent Step 309_792]--------------------
Metrics filtered by: 'score|length|fps|ratio|train/loss/|train/rand/'
train/loss/dyn 5.69 / train/loss/height 8e-4 / train/loss/orientations 0.05 / train/loss/rep 5.69 / train/loss/velocity 0.77 / replay/replay_ratio 1040 / fps/policy 27.85 / fps/train 2.9e4

Writing metrics: /scratch/midway3/rickybao/dreamerv3_runs/pretrain_random_seed1/metrics.jsonlWriting metrics: /scratch/midway3/rickybao/dreamerv3_runs/pretrain_random_seed1/scores.jsonl


--------------------[Agent Step 313_152]--------------------
Metrics filtered by: 'score|length|fps|ratio|train/loss/|train/rand/'
train/loss/dyn 5.66 / train/loss/height 7.8e-4 / train/loss/orientations 0.05 / train/loss/rep 5.66 / train/loss/velocity 0.76 / replay/replay_ratio 1040 / fps/policy 27.9 / fps/train 2.9e4

Writing metrics: /scratch/midway3/rickybao/dreamerv3_runs/pretrain_random_seed1/metrics.jsonlWriting metrics: /scratch/midway3/rickybao/dreamerv3_runs/pretrain_random_seed1/scores.jsonl


--------------------[Agent Step 316_512]--------------------
Metrics filtered by: 'score|length|fps|ratio|train/loss/|train/rand/'
train/loss/dyn 5.64 / train/loss/height 7.7e-4 / train/loss/orientations 0.05 / train/loss/rep 5.64 / train/loss/velocity 0.76 / replay/replay_ratio 1040 / fps/policy 27.9 / fps/train 2.9e4

Writing metrics: /scratch/midway3/rickybao/dreamerv3_runs/pretrain_random_seed1/metrics.jsonl
Writing metrics: /scratch/midway3/rickybao/dreamerv3_runs/pretrain_random_seed1/scores.jsonl

--------------------[Agent Step 319_872]--------------------
Metrics filtered by: 'score|length|fps|ratio|train/loss/|train/rand/'
train/loss/dyn 5.62 / train/loss/height 7.6e-4 / train/loss/orientations 0.05 / train/loss/rep 5.62 / train/loss/velocity 0.75 / replay/replay_ratio 1040 / fps/policy 27.88 / fps/train 2.9e4

Writing metrics: /scratch/midway3/rickybao/dreamerv3_runs/pretrain_random_seed1/scores.jsonlWriting metrics: /scratch/midway3/rickybao/dreamerv3_runs/pretrain_random_seed1/metrics.jsonl


--------------------[Agent Step 323_216]--------------------
Metrics filtered by: 'score|length|fps|ratio|train/loss/|train/rand/'
episode/score 34.09 / episode/length 1001 / train/loss/dyn 5.6 / train/loss/height 7.5e-4 / train/loss/orientations 0.05 / train/loss/rep 5.6 / train/loss/velocity 0.75 / replay/replay_ratio 1040 / fps/policy 27.81 / fps/train 2.8e4

Writing metrics: /scratch/midway3/rickybao/dreamerv3_runs/pretrain_random_seed1/metrics.jsonlWriting metrics: /scratch/midway3/rickybao/dreamerv3_runs/pretrain_random_seed1/scores.jsonl


--------------------[Agent Step 326_560]--------------------
Metrics filtered by: 'score|length|fps|ratio|train/loss/|train/rand/'
train/loss/dyn 5.58 / train/loss/height 7.5e-4 / train/loss/orientations 0.05 / train/loss/rep 5.58 / train/loss/velocity 0.74 / replay/replay_ratio 1040 / fps/policy 27.85 / fps/train 2.9e4

Writing metrics: /scratch/midway3/rickybao/dreamerv3_runs/pretrain_random_seed1/metrics.jsonlWriting metrics: /scratch/midway3/rickybao/dreamerv3_runs/pretrain_random_seed1/scores.jsonl

Saving checkpoint: /scratch/midway3/rickybao/dreamerv3_runs/pretrain_random_seed1/ckpt/20260517T170923F325807
Saved checkpoint.

--------------------[Agent Step 329_888]--------------------
Metrics filtered by: 'score|length|fps|ratio|train/loss/|train/rand/'
train/loss/dyn 5.57 / train/loss/height 7.3e-4 / train/loss/orientations 0.05 / train/loss/rep 5.57 / train/loss/velocity 0.74 / replay/replay_ratio 1040 / fps/policy 27.7 / fps/train 2.8e4

Writing metrics: /scratch/midway3/rickybao/dreamerv3_runs/pretrain_random_seed1/metrics.jsonlWriting metrics: /scratch/midway3/rickybao/dreamerv3_runs/pretrain_random_seed1/scores.jsonl


--------------------[Agent Step 333_232]--------------------
Metrics filtered by: 'score|length|fps|ratio|train/loss/|train/rand/'
train/loss/dyn 5.54 / train/loss/height 7.3e-4 / train/loss/orientations 0.05 / train/loss/rep 5.54 / train/loss/velocity 0.73 / replay/replay_ratio 1040 / fps/policy 27.85 / fps/train 2.9e4

Writing metrics: /scratch/midway3/rickybao/dreamerv3_runs/pretrain_random_seed1/metrics.jsonlWriting metrics: /scratch/midway3/rickybao/dreamerv3_runs/pretrain_random_seed1/scores.jsonl


--------------------[Agent Step 336_592]--------------------
Metrics filtered by: 'score|length|fps|ratio|train/loss/|train/rand/'
episode/score 32.91 / episode/length 1001 / train/loss/dyn 5.52 / train/loss/height 7.1e-4 / train/loss/orientations 0.05 / train/loss/rep 5.52 / train/loss/velocity 0.73 / replay/replay_ratio 1040 / fps/policy 27.87 / fps/train 2.9e4

Writing metrics: /scratch/midway3/rickybao/dreamerv3_runs/pretrain_random_seed1/metrics.jsonlWriting metrics: /scratch/midway3/rickybao/dreamerv3_runs/pretrain_random_seed1/scores.jsonl


--------------------[Agent Step 339_936]--------------------
Metrics filtered by: 'score|length|fps|ratio|train/loss/|train/rand/'
train/loss/dyn 5.52 / train/loss/height 7.2e-4 / train/loss/orientations 0.05 / train/loss/rep 5.52 / train/loss/velocity 0.72 / replay/replay_ratio 1040 / fps/policy 27.81 / fps/train 2.8e4

Writing metrics: /scratch/midway3/rickybao/dreamerv3_runs/pretrain_random_seed1/metrics.jsonlWriting metrics: /scratch/midway3/rickybao/dreamerv3_runs/pretrain_random_seed1/scores.jsonl


--------------------[Agent Step 343_280]--------------------
Metrics filtered by: 'score|length|fps|ratio|train/loss/|train/rand/'
train/loss/dyn 5.49 / train/loss/height 7.1e-4 / train/loss/orientations 0.05 / train/loss/rep 5.49 / train/loss/velocity 0.72 / replay/replay_ratio 1040 / fps/policy 27.86 / fps/train 2.9e4

Writing metrics: /scratch/midway3/rickybao/dreamerv3_runs/pretrain_random_seed1/metrics.jsonlWriting metrics: /scratch/midway3/rickybao/dreamerv3_runs/pretrain_random_seed1/scores.jsonl


--------------------[Agent Step 346_640]--------------------
Metrics filtered by: 'score|length|fps|ratio|train/loss/|train/rand/'
train/loss/dyn 5.48 / train/loss/height 7e-4 / train/loss/orientations 0.05 / train/loss/rep 5.48 / train/loss/velocity 0.71 / replay/replay_ratio 1040 / fps/policy 27.9 / fps/train 2.9e4

Writing metrics: /scratch/midway3/rickybao/dreamerv3_runs/pretrain_random_seed1/metrics.jsonlWriting metrics: /scratch/midway3/rickybao/dreamerv3_runs/pretrain_random_seed1/scores.jsonl


--------------------[Agent Step 350_000]--------------------
Metrics filtered by: 'score|length|fps|ratio|train/loss/|train/rand/'
train/loss/dyn 5.47 / train/loss/height 7e-4 / train/loss/orientations 0.05 / train/loss/rep 5.47 / train/loss/velocity 0.71 / replay/replay_ratio 1040 / fps/policy 27.9 / fps/train 2.9e4

Writing metrics: /scratch/midway3/rickybao/dreamerv3_runs/pretrain_random_seed1/metrics.jsonl
Writing metrics: /scratch/midway3/rickybao/dreamerv3_runs/pretrain_random_seed1/scores.jsonl
Saving checkpoint: /scratch/midway3/rickybao/dreamerv3_runs/pretrain_random_seed1/ckpt/20260517T172423F842425
Saved checkpoint.

--------------------[Agent Step 353_328]--------------------
Metrics filtered by: 'score|length|fps|ratio|train/loss/|train/rand/'
episode/score 32.8 / episode/length 1001 / train/loss/dyn 5.45 / train/loss/height 6.9e-4 / train/loss/orientations 0.05 / train/loss/rep 5.45 / train/loss/velocity 0.7 / replay/replay_ratio 1040 / fps/policy 27.64 / fps/train 2.8e4

Writing metrics: /scratch/midway3/rickybao/dreamerv3_runs/pretrain_random_seed1/metrics.jsonl
Writing metrics: /scratch/midway3/rickybao/dreamerv3_runs/pretrain_random_seed1/scores.jsonl

--------------------[Agent Step 356_672]--------------------
Metrics filtered by: 'score|length|fps|ratio|train/loss/|train/rand/'
train/loss/dyn 5.43 / train/loss/height 6.8e-4 / train/loss/orientations 0.04 / train/loss/rep 5.43 / train/loss/velocity 0.7 / replay/replay_ratio 1040 / fps/policy 27.82 / fps/train 2.8e4

Writing metrics: /scratch/midway3/rickybao/dreamerv3_runs/pretrain_random_seed1/metrics.jsonlWriting metrics: /scratch/midway3/rickybao/dreamerv3_runs/pretrain_random_seed1/scores.jsonl


--------------------[Agent Step 360_032]--------------------
Metrics filtered by: 'score|length|fps|ratio|train/loss/|train/rand/'
train/loss/dyn 5.42 / train/loss/height 6.8e-4 / train/loss/orientations 0.04 / train/loss/rep 5.42 / train/loss/velocity 0.7 / replay/replay_ratio 1040 / fps/policy 27.87 / fps/train 2.9e4

Writing metrics: /scratch/midway3/rickybao/dreamerv3_runs/pretrain_random_seed1/metrics.jsonlWriting metrics: /scratch/midway3/rickybao/dreamerv3_runs/pretrain_random_seed1/scores.jsonl


--------------------[Agent Step 363_392]--------------------
Metrics filtered by: 'score|length|fps|ratio|train/loss/|train/rand/'
train/loss/dyn 5.41 / train/loss/height 6.8e-4 / train/loss/orientations 0.04 / train/loss/rep 5.41 / train/loss/velocity 0.69 / replay/replay_ratio 1040 / fps/policy 27.9 / fps/train 2.9e4

Writing metrics: /scratch/midway3/rickybao/dreamerv3_runs/pretrain_random_seed1/metrics.jsonlWriting metrics: /scratch/midway3/rickybao/dreamerv3_runs/pretrain_random_seed1/scores.jsonl


--------------------[Agent Step 366_752]--------------------
Metrics filtered by: 'score|length|fps|ratio|train/loss/|train/rand/'
train/loss/dyn 5.39 / train/loss/height 6.7e-4 / train/loss/orientations 0.04 / train/loss/rep 5.39 / train/loss/velocity 0.69 / replay/replay_ratio 1040 / fps/policy 27.89 / fps/train 2.9e4

Writing metrics: /scratch/midway3/rickybao/dreamerv3_runs/pretrain_random_seed1/metrics.jsonl
Writing metrics: /scratch/midway3/rickybao/dreamerv3_runs/pretrain_random_seed1/scores.jsonl

--------------------[Agent Step 370_096]--------------------
Metrics filtered by: 'score|length|fps|ratio|train/loss/|train/rand/'
episode/score 29.85 / episode/length 1001 / train/loss/dyn 5.38 / train/loss/height 6.7e-4 / train/loss/orientations 0.04 / train/loss/rep 5.38 / train/loss/velocity 0.68 / replay/replay_ratio 1040 / fps/policy 27.83 / fps/train 2.9e4

Writing metrics: /scratch/midway3/rickybao/dreamerv3_runs/pretrain_random_seed1/metrics.jsonl
Writing metrics: /scratch/midway3/rickybao/dreamerv3_runs/pretrain_random_seed1/scores.jsonl

--------------------[Agent Step 373_440]--------------------
Metrics filtered by: 'score|length|fps|ratio|train/loss/|train/rand/'
train/loss/dyn 5.37 / train/loss/height 6.6e-4 / train/loss/orientations 0.04 / train/loss/rep 5.37 / train/loss/velocity 0.68 / replay/replay_ratio 1040 / fps/policy 27.83 / fps/train 2.8e4

Writing metrics: /scratch/midway3/rickybao/dreamerv3_runs/pretrain_random_seed1/metrics.jsonlWriting metrics: /scratch/midway3/rickybao/dreamerv3_runs/pretrain_random_seed1/scores.jsonl


--------------------[Agent Step 376_800]--------------------
Metrics filtered by: 'score|length|fps|ratio|train/loss/|train/rand/'
train/loss/dyn 5.36 / train/loss/height 6.6e-4 / train/loss/orientations 0.04 / train/loss/rep 5.36 / train/loss/velocity 0.68 / replay/replay_ratio 1040 / fps/policy 27.87 / fps/train 2.9e4

Writing metrics: /scratch/midway3/rickybao/dreamerv3_runs/pretrain_random_seed1/scores.jsonlWriting metrics: /scratch/midway3/rickybao/dreamerv3_runs/pretrain_random_seed1/metrics.jsonl

Saving checkpoint: /scratch/midway3/rickybao/dreamerv3_runs/pretrain_random_seed1/ckpt/20260517T173924F182916
Saved checkpoint.

--------------------[Agent Step 380_128]--------------------
Metrics filtered by: 'score|length|fps|ratio|train/loss/|train/rand/'
train/loss/dyn 5.34 / train/loss/height 6.5e-4 / train/loss/orientations 0.04 / train/loss/rep 5.34 / train/loss/velocity 0.67 / replay/replay_ratio 1040 / fps/policy 27.71 / fps/train 2.8e4

Writing metrics: /scratch/midway3/rickybao/dreamerv3_runs/pretrain_random_seed1/metrics.jsonlWriting metrics: /scratch/midway3/rickybao/dreamerv3_runs/pretrain_random_seed1/scores.jsonl


--------------------[Agent Step 383_488]--------------------
Metrics filtered by: 'score|length|fps|ratio|train/loss/|train/rand/'
train/loss/dyn 5.34 / train/loss/height 6.5e-4 / train/loss/orientations 0.04 / train/loss/rep 5.34 / train/loss/velocity 0.67 / replay/replay_ratio 1040 / fps/policy 27.88 / fps/train 2.9e4

Writing metrics: /scratch/midway3/rickybao/dreamerv3_runs/pretrain_random_seed1/metrics.jsonlWriting metrics: /scratch/midway3/rickybao/dreamerv3_runs/pretrain_random_seed1/scores.jsonl


--------------------[Agent Step 386_832]--------------------
Metrics filtered by: 'score|length|fps|ratio|train/loss/|train/rand/'
episode/score 32.51 / episode/length 1001 / train/loss/dyn 5.32 / train/loss/height 6.5e-4 / train/loss/orientations 0.04 / train/loss/rep 5.32 / train/loss/velocity 0.66 / replay/replay_ratio 1040 / fps/policy 27.83 / fps/train 2.8e4

Writing metrics: /scratch/midway3/rickybao/dreamerv3_runs/pretrain_random_seed1/metrics.jsonlWriting metrics: /scratch/midway3/rickybao/dreamerv3_runs/pretrain_random_seed1/scores.jsonl


--------------------[Agent Step 390_176]--------------------
Metrics filtered by: 'score|length|fps|ratio|train/loss/|train/rand/'
train/loss/dyn 5.31 / train/loss/height 6.4e-4 / train/loss/orientations 0.04 / train/loss/rep 5.31 / train/loss/velocity 0.66 / replay/replay_ratio 1040 / fps/policy 27.83 / fps/train 2.9e4

Writing metrics: /scratch/midway3/rickybao/dreamerv3_runs/pretrain_random_seed1/metrics.jsonlWriting metrics: /scratch/midway3/rickybao/dreamerv3_runs/pretrain_random_seed1/scores.jsonl


--------------------[Agent Step 393_536]--------------------
Metrics filtered by: 'score|length|fps|ratio|train/loss/|train/rand/'
train/loss/dyn 5.29 / train/loss/height 6.3e-4 / train/loss/orientations 0.04 / train/loss/rep 5.29 / train/loss/velocity 0.65 / replay/replay_ratio 1040 / fps/policy 27.88 / fps/train 2.9e4

Writing metrics: /scratch/midway3/rickybao/dreamerv3_runs/pretrain_random_seed1/metrics.jsonlWriting metrics: /scratch/midway3/rickybao/dreamerv3_runs/pretrain_random_seed1/scores.jsonl


--------------------[Agent Step 396_896]--------------------
Metrics filtered by: 'score|length|fps|ratio|train/loss/|train/rand/'
train/loss/dyn 5.28 / train/loss/height 6.3e-4 / train/loss/orientations 0.04 / train/loss/rep 5.28 / train/loss/velocity 0.65 / replay/replay_ratio 1040 / fps/policy 27.89 / fps/train 2.9e4

Writing metrics: /scratch/midway3/rickybao/dreamerv3_runs/pretrain_random_seed1/metrics.jsonlWriting metrics: /scratch/midway3/rickybao/dreamerv3_runs/pretrain_random_seed1/scores.jsonl


--------------------[Agent Step 400_256]--------------------
Metrics filtered by: 'score|length|fps|ratio|train/loss/|train/rand/'
train/loss/dyn 5.28 / train/loss/height 6.3e-4 / train/loss/orientations 0.04 / train/loss/rep 5.28 / train/loss/velocity 0.65 / replay/replay_ratio 1040 / fps/policy 27.88 / fps/train 2.9e4

Writing metrics: /scratch/midway3/rickybao/dreamerv3_runs/pretrain_random_seed1/scores.jsonlWriting metrics: /scratch/midway3/rickybao/dreamerv3_runs/pretrain_random_seed1/metrics.jsonl

Saving checkpoint: /scratch/midway3/rickybao/dreamerv3_runs/pretrain_random_seed1/ckpt/20260517T175424F205533
Saved checkpoint.

--------------------[Agent Step 403_568]--------------------
Metrics filtered by: 'score|length|fps|ratio|train/loss/|train/rand/'
episode/score 30.57 / episode/length 1001 / train/loss/dyn 5.27 / train/loss/height 6.2e-4 / train/loss/orientations 0.04 / train/loss/rep 5.27 / train/loss/velocity 0.65 / replay/replay_ratio 1040 / fps/policy 27.6 / fps/train 2.8e4

Writing metrics: /scratch/midway3/rickybao/dreamerv3_runs/pretrain_random_seed1/metrics.jsonlWriting metrics: /scratch/midway3/rickybao/dreamerv3_runs/pretrain_random_seed1/scores.jsonl


--------------------[Agent Step 406_912]--------------------
Metrics filtered by: 'score|length|fps|ratio|train/loss/|train/rand/'
train/loss/dyn 5.25 / train/loss/height 6.2e-4 / train/loss/orientations 0.04 / train/loss/rep 5.25 / train/loss/velocity 0.64 / replay/replay_ratio 1040 / fps/policy 27.85 / fps/train 2.9e4

Writing metrics: /scratch/midway3/rickybao/dreamerv3_runs/pretrain_random_seed1/metrics.jsonlWriting metrics: /scratch/midway3/rickybao/dreamerv3_runs/pretrain_random_seed1/scores.jsonl


--------------------[Agent Step 410_272]--------------------
Metrics filtered by: 'score|length|fps|ratio|train/loss/|train/rand/'
train/loss/dyn 5.25 / train/loss/height 6.2e-4 / train/loss/orientations 0.04 / train/loss/rep 5.25 / train/loss/velocity 0.64 / replay/replay_ratio 1040 / fps/policy 27.89 / fps/train 2.9e4

Writing metrics: /scratch/midway3/rickybao/dreamerv3_runs/pretrain_random_seed1/metrics.jsonlWriting metrics: /scratch/midway3/rickybao/dreamerv3_runs/pretrain_random_seed1/scores.jsonl


--------------------[Agent Step 413_632]--------------------
Metrics filtered by: 'score|length|fps|ratio|train/loss/|train/rand/'
train/loss/dyn 5.22 / train/loss/height 6.1e-4 / train/loss/orientations 0.04 / train/loss/rep 5.22 / train/loss/velocity 0.63 / replay/replay_ratio 1040 / fps/policy 27.89 / fps/train 2.9e4

Writing metrics: /scratch/midway3/rickybao/dreamerv3_runs/pretrain_random_seed1/metrics.jsonl
Writing metrics: /scratch/midway3/rickybao/dreamerv3_runs/pretrain_random_seed1/scores.jsonl

--------------------[Agent Step 416_992]--------------------
Metrics filtered by: 'score|length|fps|ratio|train/loss/|train/rand/'
episode/score 33.29 / episode/length 1001 / train/loss/dyn 5.22 / train/loss/height 6.1e-4 / train/loss/orientations 0.04 / train/loss/rep 5.22 / train/loss/velocity 0.63 / replay/replay_ratio 1040 / fps/policy 27.87 / fps/train 2.9e4

Writing metrics: /scratch/midway3/rickybao/dreamerv3_runs/pretrain_random_seed1/metrics.jsonlWriting metrics: /scratch/midway3/rickybao/dreamerv3_runs/pretrain_random_seed1/scores.jsonl


--------------------[Agent Step 420_336]--------------------
Metrics filtered by: 'score|length|fps|ratio|train/loss/|train/rand/'
train/loss/dyn 5.21 / train/loss/height 6.1e-4 / train/loss/orientations 0.04 / train/loss/rep 5.21 / train/loss/velocity 0.63 / replay/replay_ratio 1040 / fps/policy 27.81 / fps/train 2.8e4

Writing metrics: /scratch/midway3/rickybao/dreamerv3_runs/pretrain_random_seed1/metrics.jsonlWriting metrics: /scratch/midway3/rickybao/dreamerv3_runs/pretrain_random_seed1/scores.jsonl


--------------------[Agent Step 423_680]--------------------
Metrics filtered by: 'score|length|fps|ratio|train/loss/|train/rand/'
train/loss/dyn 5.21 / train/loss/height 6.1e-4 / train/loss/orientations 0.04 / train/loss/rep 5.21 / train/loss/velocity 0.63 / replay/replay_ratio 1040 / fps/policy 27.86 / fps/train 2.9e4

Writing metrics: /scratch/midway3/rickybao/dreamerv3_runs/pretrain_random_seed1/metrics.jsonlWriting metrics: /scratch/midway3/rickybao/dreamerv3_runs/pretrain_random_seed1/scores.jsonl


--------------------[Agent Step 427_040]--------------------
Metrics filtered by: 'score|length|fps|ratio|train/loss/|train/rand/'
train/loss/dyn 5.19 / train/loss/height 5.9e-4 / train/loss/orientations 0.04 / train/loss/rep 5.19 / train/loss/velocity 0.62 / replay/replay_ratio 1040 / fps/policy 27.9 / fps/train 2.9e4

Writing metrics: /scratch/midway3/rickybao/dreamerv3_runs/pretrain_random_seed1/metrics.jsonlWriting metrics: /scratch/midway3/rickybao/dreamerv3_runs/pretrain_random_seed1/scores.jsonl

Saving checkpoint: /scratch/midway3/rickybao/dreamerv3_runs/pretrain_random_seed1/ckpt/20260517T180924F325100
Saved checkpoint.

--------------------[Agent Step 430_368]--------------------
Metrics filtered by: 'score|length|fps|ratio|train/loss/|train/rand/'
train/loss/dyn 5.18 / train/loss/height 5.9e-4 / train/loss/orientations 0.04 / train/loss/rep 5.18 / train/loss/velocity 0.62 / replay/replay_ratio 1040 / fps/policy 27.69 / fps/train 2.8e4

Writing metrics: /scratch/midway3/rickybao/dreamerv3_runs/pretrain_random_seed1/metrics.jsonlWriting metrics: /scratch/midway3/rickybao/dreamerv3_runs/pretrain_random_seed1/scores.jsonl


--------------------[Agent Step 433_712]--------------------
Metrics filtered by: 'score|length|fps|ratio|train/loss/|train/rand/'
episode/score 35.3 / episode/length 1001 / train/loss/dyn 5.17 / train/loss/height 5.8e-4 / train/loss/orientations 0.04 / train/loss/rep 5.17 / train/loss/velocity 0.62 / replay/replay_ratio 1040 / fps/policy 27.85 / fps/train 2.9e4

Writing metrics: /scratch/midway3/rickybao/dreamerv3_runs/pretrain_random_seed1/metrics.jsonlWriting metrics: /scratch/midway3/rickybao/dreamerv3_runs/pretrain_random_seed1/scores.jsonl


--------------------[Agent Step 437_056]--------------------
Metrics filtered by: 'score|length|fps|ratio|train/loss/|train/rand/'
train/loss/dyn 5.17 / train/loss/height 5.9e-4 / train/loss/orientations 0.04 / train/loss/rep 5.17 / train/loss/velocity 0.61 / replay/replay_ratio 1040 / fps/policy 27.83 / fps/train 2.8e4

Writing metrics: /scratch/midway3/rickybao/dreamerv3_runs/pretrain_random_seed1/metrics.jsonlWriting metrics: /scratch/midway3/rickybao/dreamerv3_runs/pretrain_random_seed1/scores.jsonl


--------------------[Agent Step 440_416]--------------------
Metrics filtered by: 'score|length|fps|ratio|train/loss/|train/rand/'
train/loss/dyn 5.15 / train/loss/height 5.8e-4 / train/loss/orientations 0.04 / train/loss/rep 5.15 / train/loss/velocity 0.61 / replay/replay_ratio 1040 / fps/policy 27.88 / fps/train 2.9e4

Writing metrics: /scratch/midway3/rickybao/dreamerv3_runs/pretrain_random_seed1/metrics.jsonl
Writing metrics: /scratch/midway3/rickybao/dreamerv3_runs/pretrain_random_seed1/scores.jsonl

--------------------[Agent Step 443_776]--------------------
Metrics filtered by: 'score|length|fps|ratio|train/loss/|train/rand/'
train/loss/dyn 5.14 / train/loss/height 5.7e-4 / train/loss/orientations 0.04 / train/loss/rep 5.14 / train/loss/velocity 0.61 / replay/replay_ratio 1040 / fps/policy 27.9 / fps/train 2.9e4

Writing metrics: /scratch/midway3/rickybao/dreamerv3_runs/pretrain_random_seed1/metrics.jsonlWriting metrics: /scratch/midway3/rickybao/dreamerv3_runs/pretrain_random_seed1/scores.jsonl


--------------------[Agent Step 447_136]--------------------
Metrics filtered by: 'score|length|fps|ratio|train/loss/|train/rand/'
train/loss/dyn 5.12 / train/loss/height 5.7e-4 / train/loss/orientations 0.04 / train/loss/rep 5.12 / train/loss/velocity 0.6 / replay/replay_ratio 1040 / fps/policy 27.89 / fps/train 2.9e4

Writing metrics: /scratch/midway3/rickybao/dreamerv3_runs/pretrain_random_seed1/metrics.jsonlWriting metrics: /scratch/midway3/rickybao/dreamerv3_runs/pretrain_random_seed1/scores.jsonl


--------------------[Agent Step 450_480]--------------------
Metrics filtered by: 'score|length|fps|ratio|train/loss/|train/rand/'
episode/score 28.46 / episode/length 1001 / train/loss/dyn 5.13 / train/loss/height 5.7e-4 / train/loss/orientations 0.04 / train/loss/rep 5.13 / train/loss/velocity 0.6 / replay/replay_ratio 1040 / fps/policy 27.84 / fps/train 2.9e4

Writing metrics: /scratch/midway3/rickybao/dreamerv3_runs/pretrain_random_seed1/metrics.jsonl
Writing metrics: /scratch/midway3/rickybao/dreamerv3_runs/pretrain_random_seed1/scores.jsonl
Saving checkpoint: /scratch/midway3/rickybao/dreamerv3_runs/pretrain_random_seed1/ckpt/20260517T182424F417228
Saved checkpoint.

--------------------[Agent Step 453_792]--------------------
Metrics filtered by: 'score|length|fps|ratio|train/loss/|train/rand/'
train/loss/dyn 5.12 / train/loss/height 5.8e-4 / train/loss/orientations 0.04 / train/loss/rep 5.12 / train/loss/velocity 0.6 / replay/replay_ratio 1040 / fps/policy 27.59 / fps/train 2.8e4

Writing metrics: /scratch/midway3/rickybao/dreamerv3_runs/pretrain_random_seed1/metrics.jsonlWriting metrics: /scratch/midway3/rickybao/dreamerv3_runs/pretrain_random_seed1/scores.jsonl


--------------------[Agent Step 457_136]--------------------
Metrics filtered by: 'score|length|fps|ratio|train/loss/|train/rand/'
train/loss/dyn 5.1 / train/loss/height 5.6e-4 / train/loss/orientations 0.04 / train/loss/rep 5.1 / train/loss/velocity 0.6 / replay/replay_ratio 1040 / fps/policy 27.82 / fps/train 2.8e4

Writing metrics: /scratch/midway3/rickybao/dreamerv3_runs/pretrain_random_seed1/metrics.jsonlWriting metrics: /scratch/midway3/rickybao/dreamerv3_runs/pretrain_random_seed1/scores.jsonl


--------------------[Agent Step 460_496]--------------------
Metrics filtered by: 'score|length|fps|ratio|train/loss/|train/rand/'
train/loss/dyn 5.09 / train/loss/height 5.5e-4 / train/loss/orientations 0.03 / train/loss/rep 5.09 / train/loss/velocity 0.59 / replay/replay_ratio 1040 / fps/policy 27.89 / fps/train 2.9e4

Writing metrics: /scratch/midway3/rickybao/dreamerv3_runs/pretrain_random_seed1/metrics.jsonl
Writing metrics: /scratch/midway3/rickybao/dreamerv3_runs/pretrain_random_seed1/scores.jsonl

--------------------[Agent Step 463_856]--------------------
Metrics filtered by: 'score|length|fps|ratio|train/loss/|train/rand/'
train/loss/dyn 5.09 / train/loss/height 5.5e-4 / train/loss/orientations 0.03 / train/loss/rep 5.09 / train/loss/velocity 0.59 / replay/replay_ratio 1040 / fps/policy 27.88 / fps/train 2.9e4

Writing metrics: /scratch/midway3/rickybao/dreamerv3_runs/pretrain_random_seed1/metrics.jsonlWriting metrics: /scratch/midway3/rickybao/dreamerv3_runs/pretrain_random_seed1/scores.jsonl


--------------------[Agent Step 467_200]--------------------
Metrics filtered by: 'score|length|fps|ratio|train/loss/|train/rand/'
episode/score 30.59 / episode/length 1001 / train/loss/dyn 5.09 / train/loss/height 5.6e-4 / train/loss/orientations 0.03 / train/loss/rep 5.09 / train/loss/velocity 0.59 / replay/replay_ratio 1040 / fps/policy 27.82 / fps/train 2.8e4

Writing metrics: /scratch/midway3/rickybao/dreamerv3_runs/pretrain_random_seed1/metrics.jsonl
Writing metrics: /scratch/midway3/rickybao/dreamerv3_runs/pretrain_random_seed1/scores.jsonl

--------------------[Agent Step 470_544]--------------------
Metrics filtered by: 'score|length|fps|ratio|train/loss/|train/rand/'
train/loss/dyn 5.08 / train/loss/height 5.6e-4 / train/loss/orientations 0.03 / train/loss/rep 5.08 / train/loss/velocity 0.59 / replay/replay_ratio 1040 / fps/policy 27.84 / fps/train 2.9e4

Writing metrics: /scratch/midway3/rickybao/dreamerv3_runs/pretrain_random_seed1/metrics.jsonl
Writing metrics: /scratch/midway3/rickybao/dreamerv3_runs/pretrain_random_seed1/scores.jsonl

--------------------[Agent Step 473_904]--------------------
Metrics filtered by: 'score|length|fps|ratio|train/loss/|train/rand/'
train/loss/dyn 5.07 / train/loss/height 5.5e-4 / train/loss/orientations 0.04 / train/loss/rep 5.07 / train/loss/velocity 0.59 / replay/replay_ratio 1040 / fps/policy 27.89 / fps/train 2.9e4

Writing metrics: /scratch/midway3/rickybao/dreamerv3_runs/pretrain_random_seed1/scores.jsonlWriting metrics: /scratch/midway3/rickybao/dreamerv3_runs/pretrain_random_seed1/metrics.jsonl


--------------------[Agent Step 477_264]--------------------
Metrics filtered by: 'score|length|fps|ratio|train/loss/|train/rand/'
train/loss/dyn 5.06 / train/loss/height 5.4e-4 / train/loss/orientations 0.03 / train/loss/rep 5.06 / train/loss/velocity 0.58 / replay/replay_ratio 1040 / fps/policy 27.9 / fps/train 2.9e4

Writing metrics: /scratch/midway3/rickybao/dreamerv3_runs/pretrain_random_seed1/metrics.jsonlWriting metrics: /scratch/midway3/rickybao/dreamerv3_runs/pretrain_random_seed1/scores.jsonl

Saving checkpoint: /scratch/midway3/rickybao/dreamerv3_runs/pretrain_random_seed1/ckpt/20260517T183924F733100
Saved checkpoint.

--------------------[Agent Step 480_592]--------------------
Metrics filtered by: 'score|length|fps|ratio|train/loss/|train/rand/'
episode/score 35.82 / episode/length 1001 / train/loss/dyn 5.05 / train/loss/height 5.4e-4 / train/loss/orientations 0.03 / train/loss/rep 5.05 / train/loss/velocity 0.58 / replay/replay_ratio 1040 / fps/policy 27.68 / fps/train 2.8e4

Writing metrics: /scratch/midway3/rickybao/dreamerv3_runs/pretrain_random_seed1/metrics.jsonlWriting metrics: /scratch/midway3/rickybao/dreamerv3_runs/pretrain_random_seed1/scores.jsonl


--------------------[Agent Step 483_936]--------------------
Metrics filtered by: 'score|length|fps|ratio|train/loss/|train/rand/'
train/loss/dyn 5.04 / train/loss/height 5.5e-4 / train/loss/orientations 0.03 / train/loss/rep 5.04 / train/loss/velocity 0.58 / replay/replay_ratio 1040 / fps/policy 27.81 / fps/train 2.8e4

Writing metrics: /scratch/midway3/rickybao/dreamerv3_runs/pretrain_random_seed1/metrics.jsonlWriting metrics: /scratch/midway3/rickybao/dreamerv3_runs/pretrain_random_seed1/scores.jsonl


--------------------[Agent Step 487_280]--------------------
Metrics filtered by: 'score|length|fps|ratio|train/loss/|train/rand/'
train/loss/dyn 5.04 / train/loss/height 5.4e-4 / train/loss/orientations 0.03 / train/loss/rep 5.04 / train/loss/velocity 0.58 / replay/replay_ratio 1040 / fps/policy 27.84 / fps/train 2.9e4

Writing metrics: /scratch/midway3/rickybao/dreamerv3_runs/pretrain_random_seed1/metrics.jsonlWriting metrics: /scratch/midway3/rickybao/dreamerv3_runs/pretrain_random_seed1/scores.jsonl


--------------------[Agent Step 490_640]--------------------
Metrics filtered by: 'score|length|fps|ratio|train/loss/|train/rand/'
train/loss/dyn 5.03 / train/loss/height 5.4e-4 / train/loss/orientations 0.03 / train/loss/rep 5.03 / train/loss/velocity 0.58 / replay/replay_ratio 1040 / fps/policy 27.89 / fps/train 2.9e4

Writing metrics: /scratch/midway3/rickybao/dreamerv3_runs/pretrain_random_seed1/metrics.jsonlWriting metrics: /scratch/midway3/rickybao/dreamerv3_runs/pretrain_random_seed1/scores.jsonl


--------------------[Agent Step 494_000]--------------------
Metrics filtered by: 'score|length|fps|ratio|train/loss/|train/rand/'
train/loss/dyn 5.02 / train/loss/height 5.3e-4 / train/loss/orientations 0.03 / train/loss/rep 5.02 / train/loss/velocity 0.57 / replay/replay_ratio 1040 / fps/policy 27.89 / fps/train 2.9e4

Writing metrics: /scratch/midway3/rickybao/dreamerv3_runs/pretrain_random_seed1/metrics.jsonlWriting metrics: /scratch/midway3/rickybao/dreamerv3_runs/pretrain_random_seed1/scores.jsonl


--------------------[Agent Step 497_344]--------------------
Metrics filtered by: 'score|length|fps|ratio|train/loss/|train/rand/'
episode/score 30.16 / episode/length 1001 / train/loss/dyn 5 / train/loss/height 5.2e-4 / train/loss/orientations 0.03 / train/loss/rep 5 / train/loss/velocity 0.57 / replay/replay_ratio 1040 / fps/policy 27.85 / fps/train 2.9e4

Writing metrics: /scratch/midway3/rickybao/dreamerv3_runs/pretrain_random_seed1/metrics.jsonlWriting metrics: /scratch/midway3/rickybao/dreamerv3_runs/pretrain_random_seed1/scores.jsonl

Pretraining finished
End time: Sun May 17 18:52:47 CDT 2026
Checkpoint + replay: /scratch/midway3/rickybao/dreamerv3_runs/pretrain_random_seed1
