==============================
Probe pipeline | seed 2 | job 49698489 | Fri May 15 20:25:07 CDT 2026
==============================
--- [1/3] collecting probe trajectories ---
Task: dmc_walker_walk  |  checkpoint: /scratch/midway3/rickybao/dreamerv3_runs/dmc_proprio_walker_walk_seed2/ckpt  |  mode: eval
Observations
  reward           Space(float32, shape=(), low=-inf, high=inf)
  is_first         Space(bool, shape=(), low=False, high=True)
  is_last          Space(bool, shape=(), low=False, high=True)
  is_terminal      Space(bool, shape=(), low=False, high=True)
  orientations     Space(float32, shape=(14,), low=-inf, high=inf)
  height           Space(float32, shape=(), low=-inf, high=inf)
  velocity         Space(float32, shape=(9,), low=-inf, high=inf)
Actions
  action           Space(float32, shape=(6,), low=-1.0, high=1.0)
Extras
  consec           Space(int32, shape=(), low=-2147483648, high=2147483647)
  stepid           Space(uint8, shape=(20,), low=0, high=255)
  dyn/deter        Space(float32, shape=(512,), low=-inf, high=inf)
  dyn/stoch        Space(float32, shape=(32, 4), low=-inf, high=inf)
JAX devices (1): [cuda:0]
Policy devices: cuda:0
Train devices:  cuda:0
Initializing parameters...
Optimizer opt has 640,867 params:
       364,416 dyn
        66,111 val
        57,663 rew
        51,096 dec
        50,316 pol
        41,153 con
        10,112 enc
Done initializing!
Compiling 1 checkpoint groups...
Largest checkpoint group: 0 GB
Compiling train and report...
Train cost analysis:
  FLOPS:            1.5e+10
  Memory (temp):    1.9e+08
  Memory (inputs):  1.1e+07
  Memory (outputs): 9.3e+06
  Memory (code):    2.5e+06

Report cost analysis:
  FLOPS:            1.2e+07
  Memory (temp):    7.8e+05
  Memory (inputs):  2.8e+06
  Memory (outputs): 2.1e+04
  Memory (code):    1.1e+05

Done compiling!
Loading checkpoint: /scratch/midway3/rickybao/dreamerv3_runs/dmc_proprio_walker_walk_seed2/ckpt/20260513T175858F698824
Loaded checkpoint.
Loaded frozen DreamerV3 checkpoint.
Observation keys: ['height', 'orientations', 'velocity']  |  action keys: ['action']
  episode   0: len=1000  return=  957.8
  episode   1: len=1000  return=  929.4
  episode   2: len=1000  return=  963.5
  episode   3: len=1000  return=  975.0
  episode   4: len=1000  return=  982.2
  episode   5: len=1000  return=  984.5
  episode   6: len=1000  return=  947.9
  episode   7: len=1000  return=  976.2
  episode   8: len=1000  return=  967.5
  episode   9: len=1000  return=  986.1
  episode  10: len=1000  return=  953.4
  episode  11: len=1000  return=  953.6
  episode  12: len=1000  return=  886.9
  episode  13: len=1000  return=  943.1
  episode  14: len=1000  return=  969.7
  episode  15: len=1000  return=  972.2
  episode  16: len=1000  return=  957.1
  episode  17: len=1000  return=  982.3
  episode  18: len=1000  return=  984.5
  episode  19: len=1000  return=  965.9
  episode  20: len=1000  return=  963.4
  episode  21: len=1000  return=  976.5
  episode  22: len=1000  return=  966.7
  episode  23: len=1000  return=  956.9
  episode  24: len=1000  return=  959.2
  episode  25: len=1000  return=  980.1
  episode  26: len=1000  return=  981.8
  episode  27: len=1000  return=  946.2
  episode  28: len=1000  return=  969.2
  episode  29: len=1000  return=  981.9
  episode  30: len=1000  return=  950.8
  episode  31: len=1000  return=  934.8
  episode  32: len=1000  return=  959.1
  episode  33: len=1000  return=  969.5
  episode  34: len=1000  return=  943.6
  episode  35: len=1000  return=  928.3
  episode  36: len=1000  return=  970.2
  episode  37: len=1000  return=  950.6
  episode  38: len=1000  return=  952.9
  episode  39: len=1000  return=  973.2
Saved 40 x 1000 steps -> /scratch/midway3/rickybao/dreamerv3_runs/probing_walker_walk_seed2/traj.npz
Return over episodes: 961.3 +/- 19.3
--- [2/3] extracting features ---
Probe trajectories: 40 episodes x 1000 steps
Observations
  reward           Space(float32, shape=(), low=-inf, high=inf)
  is_first         Space(bool, shape=(), low=False, high=True)
  is_last          Space(bool, shape=(), low=False, high=True)
  is_terminal      Space(bool, shape=(), low=False, high=True)
  orientations     Space(float32, shape=(14,), low=-inf, high=inf)
  height           Space(float32, shape=(), low=-inf, high=inf)
  velocity         Space(float32, shape=(9,), low=-inf, high=inf)
Actions
  action           Space(float32, shape=(6,), low=-1.0, high=1.0)
Extras
  consec           Space(int32, shape=(), low=-2147483648, high=2147483647)
  stepid           Space(uint8, shape=(20,), low=0, high=255)
  dyn/deter        Space(float32, shape=(512,), low=-inf, high=inf)
  dyn/stoch        Space(float32, shape=(32, 4), low=-inf, high=inf)
JAX devices (1): [cuda:0]
Policy devices: cuda:0
Train devices:  cuda:0
Initializing parameters...
Optimizer opt has 640,867 params:
       364,416 dyn
        66,111 val
        57,663 rew
        51,096 dec
        50,316 pol
        41,153 con
        10,112 enc
Done initializing!
Compiling 1 checkpoint groups...
Largest checkpoint group: 0 GB
Compiling train and report...
Train cost analysis:
  FLOPS:            1.5e+10
  Memory (temp):    1.9e+08
  Memory (inputs):  1.1e+07
  Memory (outputs): 9.3e+06
  Memory (code):    2.5e+06

Report cost analysis:
  FLOPS:            1.2e+07
  Memory (temp):    7.8e+05
  Memory (inputs):  2.8e+06
  Memory (outputs): 2.1e+04
  Memory (code):    1.1e+05

Done compiling!
Loading checkpoint: /scratch/midway3/rickybao/dreamerv3_runs/dmc_proprio_walker_walk_seed2/ckpt/20260513T175858F698824
Loaded checkpoint.
World model: obs=['height', 'orientations', 'velocity']  act=['action']  horizons=[1, 5, 20]
  world-model features: episodes 0-7
  world-model features: episodes 8-15
  world-model features: episodes 16-23
  world-model features: episodes 24-31
  world-model features: episodes 32-39
Feature arrays:
  vae_enc                (40, 1000, 64)
  vae_logstd             (40, 1000, 128)
  vae_mean               (40, 1000, 128)
  vae_recon_nll          (40, 1000)
  wm_enc                 (40, 1000, 64)
  wm_imag1_deter         (40, 1000, 512)
  wm_imag1_stoch         (40, 1000, 128)
  wm_imag20_deter        (40, 1000, 512)
  wm_imag20_stoch        (40, 1000, 128)
  wm_imag5_deter         (40, 1000, 512)
  wm_imag5_stoch         (40, 1000, 128)
  wm_post_deter          (40, 1000, 512)
  wm_post_nll            (40, 1000)
  wm_post_stoch          (40, 1000, 128)
  wm_prior_deter         (40, 1000, 512)
  wm_prior_nll           (40, 1000)
  wm_prior_stoch         (40, 1000, 128)
Saved -> /scratch/midway3/rickybao/dreamerv3_runs/probing_walker_walk_seed2/features.npz
--- [3/3] running probing battery ---
Episodes: 40 (test 12)  |  sites: ['enc', 'imag1', 'imag20', 'imag5', 'post_deter', 'post_stoch', 'posterior', 'prior', 'vae_enc', 'vae_latent']
Targets: ['gait_phase', 'horizontal_velocity', 'qpos', 'qvel', 'return_to_go', 'state', 'time_to_fall', 'torso_height', 'torso_upright']
  [  1/73] rssm/enc        state         h=0  K=1  R2_ridge=0.67796  R2_mlp=0.6939
  [  2/73] rssm/posterior  state         h=0  K=1  R2_ridge=0.69383  R2_mlp=0.61734
  [  3/73] rssm/post_deter state         h=0  K=1  R2_ridge=0.64065  R2_mlp=0.59499
  [  4/73] rssm/post_stoch state         h=0  K=1  R2_ridge=0.38234  R2_mlp=0.53032
  [  5/73] rssm/prior      state         h=0  K=1  R2_ridge=0.66787  R2_mlp=0.59679
  [  6/73]  vae/vae_enc    state         h=0  K=1  R2_ridge=0.64956  R2_mlp=0.6925
  [  7/73]  vae/vae_latent state         h=0  K=1  R2_ridge=0.64947  R2_mlp=0.69712
  [  8/73]  vae/vae_latent state         h=0  K=4  R2_ridge=0.6581  R2_mlp=0.64577
  [  9/73]  vae/vae_latent state         h=0  K=16  R2_ridge=0.66019  R2_mlp=0.54049
  [ 10/73]  vae/vae_latent state         h=0  K=all  R2_ridge=0.7758  R2_mlp=0.81887
  [ 11/73] rssm/enc        state         h=1  K=1  R2_ridge=0.37697  R2_mlp=0.46855
  [ 12/73] rssm/posterior  state         h=1  K=1  R2_ridge=0.45789  R2_mlp=0.40847
  [ 13/73] rssm/post_deter state         h=1  K=1  R2_ridge=0.44886  R2_mlp=0.42574
  [ 14/73] rssm/post_stoch state         h=1  K=1  R2_ridge=0.17359  R2_mlp=0.28899
  [ 15/73] rssm/prior      state         h=1  K=1  R2_ridge=0.45461  R2_mlp=0.40677
  [ 16/73]  vae/vae_enc    state         h=1  K=1  R2_ridge=0.3013  R2_mlp=0.36764
  [ 17/73]  vae/vae_latent state         h=1  K=1  R2_ridge=0.30121  R2_mlp=0.38558
  [ 18/73]  vae/vae_latent state         h=1  K=4  R2_ridge=0.34384  R2_mlp=0.34291
  [ 19/73]  vae/vae_latent state         h=1  K=16  R2_ridge=0.35908  R2_mlp=0.15702
  [ 20/73]  vae/vae_latent state         h=1  K=all  R2_ridge=0.43003  R2_mlp=0.46084
  [ 21/73] rssm/imag1      state         h=1  K=1  R2_ridge=0.66765  R2_mlp=0.59861
  [ 22/73] rssm/enc        state         h=5  K=1  R2_ridge=0.24691  R2_mlp=0.2958
  [ 23/73] rssm/posterior  state         h=5  K=1  R2_ridge=0.29699  R2_mlp=0.21118
  [ 24/73] rssm/post_deter state         h=5  K=1  R2_ridge=0.29644  R2_mlp=0.22753
  [ 25/73] rssm/post_stoch state         h=5  K=1  R2_ridge=0.112  R2_mlp=0.1708
  [ 26/73] rssm/prior      state         h=5  K=1  R2_ridge=0.29692  R2_mlp=0.20568
  [ 27/73]  vae/vae_enc    state         h=5  K=1  R2_ridge=0.18731  R2_mlp=0.24426
  [ 28/73]  vae/vae_latent state         h=5  K=1  R2_ridge=0.18707  R2_mlp=0.2477
  [ 29/73]  vae/vae_latent state         h=5  K=4  R2_ridge=0.22099  R2_mlp=0.16196
  [ 30/73]  vae/vae_latent state         h=5  K=16  R2_ridge=0.23987  R2_mlp=-0.04281
  [ 31/73]  vae/vae_latent state         h=5  K=all  R2_ridge=0.31882  R2_mlp=0.36004
  [ 32/73] rssm/imag5      state         h=5  K=1  R2_ridge=0.60538  R2_mlp=0.53005
  [ 33/73] rssm/enc        state         h=20 K=1  R2_ridge=0.12602  R2_mlp=0.14494
  [ 34/73] rssm/posterior  state         h=20 K=1  R2_ridge=0.15716  R2_mlp=0.00049
  [ 35/73] rssm/post_deter state         h=20 K=1  R2_ridge=0.15783  R2_mlp=0.04883
  [ 36/73] rssm/post_stoch state         h=20 K=1  R2_ridge=0.05917  R2_mlp=0.03246
  [ 37/73] rssm/prior      state         h=20 K=1  R2_ridge=0.15736  R2_mlp=0.02127
  [ 38/73]  vae/vae_enc    state         h=20 K=1  R2_ridge=0.09007  R2_mlp=0.10595
  [ 39/73]  vae/vae_latent state         h=20 K=1  R2_ridge=0.09008  R2_mlp=0.1066
  [ 40/73]  vae/vae_latent state         h=20 K=4  R2_ridge=0.10501  R2_mlp=-0.01028
  [ 41/73]  vae/vae_latent state         h=20 K=16  R2_ridge=0.10825  R2_mlp=-0.24809
  [ 42/73]  vae/vae_latent state         h=20 K=all  R2_ridge=0.21883  R2_mlp=0.21644
  [ 43/73] rssm/imag20     state         h=20 K=1  R2_ridge=0.45998  R2_mlp=0.38289
  [ 44/73] rssm/enc        gait_phase    h=0  K=1  R2_ridge=0.90645  R2_mlp=0.96163
  [ 45/73] rssm/posterior  gait_phase    h=0  K=1  R2_ridge=0.96232  R2_mlp=0.96451
  [ 46/73] rssm/post_deter gait_phase    h=0  K=1  R2_ridge=0.96129  R2_mlp=0.96536
  [ 47/73] rssm/post_stoch gait_phase    h=0  K=1  R2_ridge=0.60819  R2_mlp=0.84998
  [ 48/73] rssm/prior      gait_phase    h=0  K=1  R2_ridge=0.96169  R2_mlp=0.96274
  [ 49/73]  vae/vae_enc    gait_phase    h=0  K=1  R2_ridge=0.76897  R2_mlp=0.91016
  [ 50/73]  vae/vae_latent gait_phase    h=0  K=1  R2_ridge=0.76884  R2_mlp=0.92423
  [ 51/73]  vae/vae_latent gait_phase    h=0  K=4  R2_ridge=0.87245  R2_mlp=0.92432
  [ 52/73]  vae/vae_latent gait_phase    h=0  K=16  R2_ridge=0.91177  R2_mlp=0.92552
  [ 53/73]  vae/vae_latent gait_phase    h=0  K=all  R2_ridge=0.77147  R2_mlp=0.89407
  [ 54/73] rssm/enc        return_to_go  h=0  K=1  R2_ridge=0.00677  R2_mlp=-0.19352
  [ 55/73] rssm/posterior  return_to_go  h=0  K=1  R2_ridge=-0.01563  R2_mlp=-0.43196
  [ 56/73] rssm/post_deter return_to_go  h=0  K=1  R2_ridge=-0.01497  R2_mlp=-0.44
  [ 57/73] rssm/post_stoch return_to_go  h=0  K=1  R2_ridge=0.00254  R2_mlp=-0.24389
  [ 58/73] rssm/prior      return_to_go  h=0  K=1  R2_ridge=-0.01679  R2_mlp=-0.46265
  [ 59/73]  vae/vae_enc    return_to_go  h=0  K=1  R2_ridge=0.00762  R2_mlp=-0.03503
  [ 60/73]  vae/vae_latent return_to_go  h=0  K=1  R2_ridge=0.00704  R2_mlp=-0.06197
  [ 61/73]  vae/vae_latent return_to_go  h=0  K=4  R2_ridge=0.00079  R2_mlp=-0.542
  [ 62/73]  vae/vae_latent return_to_go  h=0  K=16  R2_ridge=-0.02465  R2_mlp=-0.4345
  [ 63/73]  vae/vae_latent return_to_go  h=0  K=all  R2_ridge=0.05995  R2_mlp=-3.26211
  [ 64/73] rssm/enc        time_to_fall  h=0  K=1  R2_ridge=0.88602  R2_mlp=0.90129
  [ 65/73] rssm/posterior  time_to_fall  h=0  K=1  R2_ridge=0.97796  R2_mlp=0.95755
  [ 66/73] rssm/post_deter time_to_fall  h=0  K=1  R2_ridge=0.97493  R2_mlp=0.96282
  [ 67/73] rssm/post_stoch time_to_fall  h=0  K=1  R2_ridge=0.39375  R2_mlp=0.49855
  [ 68/73] rssm/prior      time_to_fall  h=0  K=1  R2_ridge=0.96109  R2_mlp=0.95979
  [ 69/73]  vae/vae_enc    time_to_fall  h=0  K=1  R2_ridge=0.1258  R2_mlp=0.58
  [ 70/73]  vae/vae_latent time_to_fall  h=0  K=1  R2_ridge=0.20813  R2_mlp=0.61038
  [ 71/73]  vae/vae_latent time_to_fall  h=0  K=4  R2_ridge=0.52416  R2_mlp=0.76331
  [ 72/73]  vae/vae_latent time_to_fall  h=0  K=16  R2_ridge=0.89603  R2_mlp=0.92683
  [ 73/73]  vae/vae_latent time_to_fall  h=0  K=all  R2_ridge=0.77063  R2_mlp=0.8021

Probing summary (held-out ridge R^2)
======================================

Per-frame content (target: state, horizon 0):
  RSSM posterior          R^2 = 0.69383
  static VAE latent (K=1) R^2 = 0.64947
  static-vs-sequential gap    = +0.0444

Predictive content (RSSM posterior, target: state):
  horizon  0: R^2 = 0.69383
  horizon  1: R^2 = 0.45789
  horizon  5: R^2 = 0.29699
  horizon 20: R^2 = 0.15716

VAE receptive field (target: state, horizon 0):
  K=  1: R^2 = 0.64947
  K=  4: R^2 = 0.6581
  K= 16: R^2 = 0.66019
  K=all: R^2 = 0.7758

Held-out likelihood (mean NLL, lower is better):
  rssm_posterior_recon       0.6234
  rssm_prior_predictive      1.4655
  vae_recon                  1.7691

Wrote results -> /home/rickybao/projects/dreamerv3/results/probing_walker_walk_seed2
Probe pipeline seed 2 done | Fri May 15 20:39:28 CDT 2026
  scratch intermediates: /scratch/midway3/rickybao/dreamerv3_runs/probing_walker_walk_seed2
  repo results:          /home/rickybao/projects/dreamerv3/results/probing_walker_walk_seed2
