==============================
Probe pipeline | seed 0 | job 49698490 | Fri May 15 20:25:07 CDT 2026
==============================
--- [1/3] collecting probe trajectories ---
Task: dmc_walker_walk  |  checkpoint: /scratch/midway3/rickybao/dreamerv3_runs/dmc_proprio_walker_walk_seed0/ckpt  |  mode: eval
Observations
  reward           Space(float32, shape=(), low=-inf, high=inf)
  is_first         Space(bool, shape=(), low=False, high=True)
  is_last          Space(bool, shape=(), low=False, high=True)
  is_terminal      Space(bool, shape=(), low=False, high=True)
  orientations     Space(float32, shape=(14,), low=-inf, high=inf)
  height           Space(float32, shape=(), low=-inf, high=inf)
  velocity         Space(float32, shape=(9,), low=-inf, high=inf)
Actions
  action           Space(float32, shape=(6,), low=-1.0, high=1.0)
Extras
  consec           Space(int32, shape=(), low=-2147483648, high=2147483647)
  stepid           Space(uint8, shape=(20,), low=0, high=255)
  dyn/deter        Space(float32, shape=(512,), low=-inf, high=inf)
  dyn/stoch        Space(float32, shape=(32, 4), low=-inf, high=inf)
JAX devices (1): [cuda:0]
Policy devices: cuda:0
Train devices:  cuda:0
Initializing parameters...
Optimizer opt has 640,867 params:
       364,416 dyn
        66,111 val
        57,663 rew
        51,096 dec
        50,316 pol
        41,153 con
        10,112 enc
Done initializing!
Compiling 1 checkpoint groups...
Largest checkpoint group: 0 GB
Compiling train and report...
Train cost analysis:
  FLOPS:            1.5e+10
  Memory (temp):    1.9e+08
  Memory (inputs):  1.1e+07
  Memory (outputs): 9.3e+06
  Memory (code):    2.5e+06

Report cost analysis:
  FLOPS:            1.2e+07
  Memory (temp):    7.8e+05
  Memory (inputs):  2.8e+06
  Memory (outputs): 2.1e+04
  Memory (code):    1.1e+05

Done compiling!
Loading checkpoint: /scratch/midway3/rickybao/dreamerv3_runs/dmc_proprio_walker_walk_seed0/ckpt/20260511T023954F222902
Loaded checkpoint.
Loaded frozen DreamerV3 checkpoint.
Observation keys: ['height', 'orientations', 'velocity']  |  action keys: ['action']
  episode   0: len=1000  return=  964.8
  episode   1: len=1000  return=  965.4
  episode   2: len=1000  return=  966.0
  episode   3: len=1000  return=  955.0
  episode   4: len=1000  return=  990.0
  episode   5: len=1000  return=  971.7
  episode   6: len=1000  return=  967.8
  episode   7: len=1000  return=  962.7
  episode   8: len=1000  return=  967.2
  episode   9: len=1000  return=  987.8
  episode  10: len=1000  return=  982.6
  episode  11: len=1000  return=  986.2
  episode  12: len=1000  return=  986.4
  episode  13: len=1000  return=  972.0
  episode  14: len=1000  return=  970.6
  episode  15: len=1000  return=  973.7
  episode  16: len=1000  return=  965.6
  episode  17: len=1000  return=  991.2
  episode  18: len=1000  return=  970.5
  episode  19: len=1000  return=  953.2
  episode  20: len=1000  return=  948.0
  episode  21: len=1000  return=  965.3
  episode  22: len=1000  return=  989.3
  episode  23: len=1000  return=  968.9
  episode  24: len=1000  return=  987.4
  episode  25: len=1000  return=  967.2
  episode  26: len=1000  return=  967.1
  episode  27: len=1000  return=  959.1
  episode  28: len=1000  return=  983.9
  episode  29: len=1000  return=  967.4
  episode  30: len=1000  return=  969.6
  episode  31: len=1000  return=  988.8
  episode  32: len=1000  return=  983.0
  episode  33: len=1000  return=  967.9
  episode  34: len=1000  return=  903.9
  episode  35: len=1000  return=  975.1
  episode  36: len=1000  return=  992.2
  episode  37: len=1000  return=  933.6
  episode  38: len=1000  return=  990.5
  episode  39: len=1000  return=  983.8
Saved 40 x 1000 steps -> /scratch/midway3/rickybao/dreamerv3_runs/probing_walker_walk_seed0/traj.npz
Return over episodes: 971.1 +/- 16.8
--- [2/3] extracting features ---
Probe trajectories: 40 episodes x 1000 steps
Observations
  reward           Space(float32, shape=(), low=-inf, high=inf)
  is_first         Space(bool, shape=(), low=False, high=True)
  is_last          Space(bool, shape=(), low=False, high=True)
  is_terminal      Space(bool, shape=(), low=False, high=True)
  orientations     Space(float32, shape=(14,), low=-inf, high=inf)
  height           Space(float32, shape=(), low=-inf, high=inf)
  velocity         Space(float32, shape=(9,), low=-inf, high=inf)
Actions
  action           Space(float32, shape=(6,), low=-1.0, high=1.0)
Extras
  consec           Space(int32, shape=(), low=-2147483648, high=2147483647)
  stepid           Space(uint8, shape=(20,), low=0, high=255)
  dyn/deter        Space(float32, shape=(512,), low=-inf, high=inf)
  dyn/stoch        Space(float32, shape=(32, 4), low=-inf, high=inf)
JAX devices (1): [cuda:0]
Policy devices: cuda:0
Train devices:  cuda:0
Initializing parameters...
Optimizer opt has 640,867 params:
       364,416 dyn
        66,111 val
        57,663 rew
        51,096 dec
        50,316 pol
        41,153 con
        10,112 enc
Done initializing!
Compiling 1 checkpoint groups...
Largest checkpoint group: 0 GB
Compiling train and report...
Train cost analysis:
  FLOPS:            1.5e+10
  Memory (temp):    1.9e+08
  Memory (inputs):  1.1e+07
  Memory (outputs): 9.3e+06
  Memory (code):    2.5e+06

Report cost analysis:
  FLOPS:            1.2e+07
  Memory (temp):    7.8e+05
  Memory (inputs):  2.8e+06
  Memory (outputs): 2.1e+04
  Memory (code):    1.1e+05

Done compiling!
Loading checkpoint: /scratch/midway3/rickybao/dreamerv3_runs/dmc_proprio_walker_walk_seed0/ckpt/20260511T023954F222902
Loaded checkpoint.
World model: obs=['height', 'orientations', 'velocity']  act=['action']  horizons=[1, 5, 20]
  world-model features: episodes 0-7
  world-model features: episodes 8-15
  world-model features: episodes 16-23
  world-model features: episodes 24-31
  world-model features: episodes 32-39
Feature arrays:
  vae_enc                (40, 1000, 64)
  vae_logstd             (40, 1000, 128)
  vae_mean               (40, 1000, 128)
  vae_recon_nll          (40, 1000)
  wm_enc                 (40, 1000, 64)
  wm_imag1_deter         (40, 1000, 512)
  wm_imag1_stoch         (40, 1000, 128)
  wm_imag20_deter        (40, 1000, 512)
  wm_imag20_stoch        (40, 1000, 128)
  wm_imag5_deter         (40, 1000, 512)
  wm_imag5_stoch         (40, 1000, 128)
  wm_post_deter          (40, 1000, 512)
  wm_post_nll            (40, 1000)
  wm_post_stoch          (40, 1000, 128)
  wm_prior_deter         (40, 1000, 512)
  wm_prior_nll           (40, 1000)
  wm_prior_stoch         (40, 1000, 128)
Saved -> /scratch/midway3/rickybao/dreamerv3_runs/probing_walker_walk_seed0/features.npz
--- [3/3] running probing battery ---
Episodes: 40 (test 12)  |  sites: ['enc', 'imag1', 'imag20', 'imag5', 'post_deter', 'post_stoch', 'posterior', 'prior', 'vae_enc', 'vae_latent']
Targets: ['gait_phase', 'horizontal_velocity', 'qpos', 'qvel', 'return_to_go', 'state', 'time_to_fall', 'torso_height', 'torso_upright']
  [  1/73] rssm/enc        state         h=0  K=1  R2_ridge=0.72954  R2_mlp=0.76597
  [  2/73] rssm/posterior  state         h=0  K=1  R2_ridge=0.77149  R2_mlp=0.68804
  [  3/73] rssm/post_deter state         h=0  K=1  R2_ridge=0.75005  R2_mlp=0.68907
  [  4/73] rssm/post_stoch state         h=0  K=1  R2_ridge=0.38429  R2_mlp=0.54488
  [  5/73] rssm/prior      state         h=0  K=1  R2_ridge=0.7599  R2_mlp=0.68312
  [  6/73]  vae/vae_enc    state         h=0  K=1  R2_ridge=0.71624  R2_mlp=0.76276
  [  7/73]  vae/vae_latent state         h=0  K=1  R2_ridge=0.71623  R2_mlp=0.76299
  [  8/73]  vae/vae_latent state         h=0  K=4  R2_ridge=0.72812  R2_mlp=0.72287
  [  9/73]  vae/vae_latent state         h=0  K=16  R2_ridge=0.73452  R2_mlp=0.63204
  [ 10/73]  vae/vae_latent state         h=0  K=all  R2_ridge=0.77952  R2_mlp=0.67968
  [ 11/73] rssm/enc        state         h=1  K=1  R2_ridge=0.41721  R2_mlp=0.50111
  [ 12/73] rssm/posterior  state         h=1  K=1  R2_ridge=0.51044  R2_mlp=0.41919
  [ 13/73] rssm/post_deter state         h=1  K=1  R2_ridge=0.50817  R2_mlp=0.44044
  [ 14/73] rssm/post_stoch state         h=1  K=1  R2_ridge=0.2575  R2_mlp=0.32483
  [ 15/73] rssm/prior      state         h=1  K=1  R2_ridge=0.51086  R2_mlp=0.43024
  [ 16/73]  vae/vae_enc    state         h=1  K=1  R2_ridge=0.31298  R2_mlp=0.37649
  [ 17/73]  vae/vae_latent state         h=1  K=1  R2_ridge=0.31295  R2_mlp=0.38776
  [ 18/73]  vae/vae_latent state         h=1  K=4  R2_ridge=0.36697  R2_mlp=0.34153
  [ 19/73]  vae/vae_latent state         h=1  K=16  R2_ridge=0.38552  R2_mlp=0.16023
  [ 20/73]  vae/vae_latent state         h=1  K=all  R2_ridge=0.37656  R2_mlp=0.27719
  [ 21/73] rssm/imag1      state         h=1  K=1  R2_ridge=0.75972  R2_mlp=0.68394
  [ 22/73] rssm/enc        state         h=5  K=1  R2_ridge=0.24008  R2_mlp=0.28995
  [ 23/73] rssm/posterior  state         h=5  K=1  R2_ridge=0.28268  R2_mlp=0.17507
  [ 24/73] rssm/post_deter state         h=5  K=1  R2_ridge=0.28314  R2_mlp=0.20468
  [ 25/73] rssm/post_stoch state         h=5  K=1  R2_ridge=0.17312  R2_mlp=0.18285
  [ 26/73] rssm/prior      state         h=5  K=1  R2_ridge=0.28344  R2_mlp=0.18321
  [ 27/73]  vae/vae_enc    state         h=5  K=1  R2_ridge=0.17242  R2_mlp=0.21802
  [ 28/73]  vae/vae_latent state         h=5  K=1  R2_ridge=0.17239  R2_mlp=0.22052
  [ 29/73]  vae/vae_latent state         h=5  K=4  R2_ridge=0.20971  R2_mlp=0.12093
  [ 30/73]  vae/vae_latent state         h=5  K=16  R2_ridge=0.22594  R2_mlp=-0.11444
  [ 31/73]  vae/vae_latent state         h=5  K=all  R2_ridge=0.23719  R2_mlp=0.09939
  [ 32/73] rssm/imag5      state         h=5  K=1  R2_ridge=0.71201  R2_mlp=0.63401
  [ 33/73] rssm/enc        state         h=20 K=1  R2_ridge=0.13775  R2_mlp=0.11631
  [ 34/73] rssm/posterior  state         h=20 K=1  R2_ridge=0.1487  R2_mlp=-0.05267
  [ 35/73] rssm/post_deter state         h=20 K=1  R2_ridge=0.14976  R2_mlp=-0.00663
  [ 36/73] rssm/post_stoch state         h=20 K=1  R2_ridge=0.10758  R2_mlp=0.06426
  [ 37/73] rssm/prior      state         h=20 K=1  R2_ridge=0.14904  R2_mlp=-0.03371
  [ 38/73]  vae/vae_enc    state         h=20 K=1  R2_ridge=0.10068  R2_mlp=0.10033
  [ 39/73]  vae/vae_latent state         h=20 K=1  R2_ridge=0.10052  R2_mlp=0.09127
  [ 40/73]  vae/vae_latent state         h=20 K=4  R2_ridge=0.11802  R2_mlp=-0.06146
  [ 41/73]  vae/vae_latent state         h=20 K=16  R2_ridge=0.12162  R2_mlp=-0.2953
  [ 42/73]  vae/vae_latent state         h=20 K=all  R2_ridge=0.16468  R2_mlp=-0.07281
  [ 43/73] rssm/imag20     state         h=20 K=1  R2_ridge=0.54136  R2_mlp=0.45517
  [ 44/73] rssm/enc        gait_phase    h=0  K=1  R2_ridge=0.89202  R2_mlp=0.93702
  [ 45/73] rssm/posterior  gait_phase    h=0  K=1  R2_ridge=0.93976  R2_mlp=0.93938
  [ 46/73] rssm/post_deter gait_phase    h=0  K=1  R2_ridge=0.93943  R2_mlp=0.94246
  [ 47/73] rssm/post_stoch gait_phase    h=0  K=1  R2_ridge=0.72616  R2_mlp=0.83532
  [ 48/73] rssm/prior      gait_phase    h=0  K=1  R2_ridge=0.93936  R2_mlp=0.93898
  [ 49/73]  vae/vae_enc    gait_phase    h=0  K=1  R2_ridge=0.71818  R2_mlp=0.85026
  [ 50/73]  vae/vae_latent gait_phase    h=0  K=1  R2_ridge=0.71812  R2_mlp=0.86403
  [ 51/73]  vae/vae_latent gait_phase    h=0  K=4  R2_ridge=0.83412  R2_mlp=0.86442
  [ 52/73]  vae/vae_latent gait_phase    h=0  K=16  R2_ridge=0.88721  R2_mlp=0.88252
  [ 53/73]  vae/vae_latent gait_phase    h=0  K=all  R2_ridge=0.72262  R2_mlp=0.80488
  [ 54/73] rssm/enc        return_to_go  h=0  K=1  R2_ridge=-0.00152  R2_mlp=-0.22462
  [ 55/73] rssm/posterior  return_to_go  h=0  K=1  R2_ridge=-0.01439  R2_mlp=-0.5201
  [ 56/73] rssm/post_deter return_to_go  h=0  K=1  R2_ridge=-0.01336  R2_mlp=-0.50753
  [ 57/73] rssm/post_stoch return_to_go  h=0  K=1  R2_ridge=-0.00013  R2_mlp=-0.25976
  [ 58/73] rssm/prior      return_to_go  h=0  K=1  R2_ridge=-0.01391  R2_mlp=-0.51544
  [ 59/73]  vae/vae_enc    return_to_go  h=0  K=1  R2_ridge=-0.00018  R2_mlp=-0.07053
  [ 60/73]  vae/vae_latent return_to_go  h=0  K=1  R2_ridge=-0.00091  R2_mlp=-0.10754
  [ 61/73]  vae/vae_latent return_to_go  h=0  K=4  R2_ridge=-0.00318  R2_mlp=-0.6345
  [ 62/73]  vae/vae_latent return_to_go  h=0  K=16  R2_ridge=-0.01474  R2_mlp=-0.43311
  [ 63/73]  vae/vae_latent return_to_go  h=0  K=all  R2_ridge=0.01825  R2_mlp=-8.28421
  [ 64/73] rssm/enc        time_to_fall  h=0  K=1  R2_ridge=0.21264  R2_mlp=0.14062
  [ 65/73] rssm/posterior  time_to_fall  h=0  K=1  R2_ridge=0.06339  R2_mlp=0.09417
  [ 66/73] rssm/post_deter time_to_fall  h=0  K=1  R2_ridge=0.07576  R2_mlp=0.07193
  [ 67/73] rssm/post_stoch time_to_fall  h=0  K=1  R2_ridge=-0.03767  R2_mlp=-0.04184
  [ 68/73] rssm/prior      time_to_fall  h=0  K=1  R2_ridge=0.04955  R2_mlp=0.1251
  [ 69/73]  vae/vae_enc    time_to_fall  h=0  K=1  R2_ridge=0.07565  R2_mlp=0.08582
  [ 70/73]  vae/vae_latent time_to_fall  h=0  K=1  R2_ridge=0.01539  R2_mlp=0.04129
  [ 71/73]  vae/vae_latent time_to_fall  h=0  K=4  R2_ridge=-0.05266  R2_mlp=0.00669
  [ 72/73]  vae/vae_latent time_to_fall  h=0  K=16  R2_ridge=-0.00852  R2_mlp=-0.05266
  [ 73/73]  vae/vae_latent time_to_fall  h=0  K=all  R2_ridge=-0.11288  R2_mlp=-0.10863

Probing summary (held-out ridge R^2)
======================================

Per-frame content (target: state, horizon 0):
  RSSM posterior          R^2 = 0.77149
  static VAE latent (K=1) R^2 = 0.71623
  static-vs-sequential gap    = +0.0553

Predictive content (RSSM posterior, target: state):
  horizon  0: R^2 = 0.77149
  horizon  1: R^2 = 0.51044
  horizon  5: R^2 = 0.28268
  horizon 20: R^2 = 0.1487

VAE receptive field (target: state, horizon 0):
  K=  1: R^2 = 0.71623
  K=  4: R^2 = 0.72812
  K= 16: R^2 = 0.73452
  K=all: R^2 = 0.77952

Held-out likelihood (mean NLL, lower is better):
  rssm_posterior_recon       0.3609
  rssm_prior_predictive      0.7997
  vae_recon                  1.5792

Wrote results -> /home/rickybao/projects/dreamerv3/results/probing_walker_walk_seed0
Probe pipeline seed 0 done | Fri May 15 20:39:31 CDT 2026
  scratch intermediates: /scratch/midway3/rickybao/dreamerv3_runs/probing_walker_walk_seed0
  repo results:          /home/rickybao/projects/dreamerv3/results/probing_walker_walk_seed0
