==============================
Probe pipeline | seed 1 | job 49698491 | Fri May 15 20:25:07 CDT 2026
==============================
--- [1/3] collecting probe trajectories ---
Task: dmc_walker_walk  |  checkpoint: /scratch/midway3/rickybao/dreamerv3_runs/dmc_proprio_walker_walk_seed1/ckpt  |  mode: eval
Observations
  reward           Space(float32, shape=(), low=-inf, high=inf)
  is_first         Space(bool, shape=(), low=False, high=True)
  is_last          Space(bool, shape=(), low=False, high=True)
  is_terminal      Space(bool, shape=(), low=False, high=True)
  orientations     Space(float32, shape=(14,), low=-inf, high=inf)
  height           Space(float32, shape=(), low=-inf, high=inf)
  velocity         Space(float32, shape=(9,), low=-inf, high=inf)
Actions
  action           Space(float32, shape=(6,), low=-1.0, high=1.0)
Extras
  consec           Space(int32, shape=(), low=-2147483648, high=2147483647)
  stepid           Space(uint8, shape=(20,), low=0, high=255)
  dyn/deter        Space(float32, shape=(512,), low=-inf, high=inf)
  dyn/stoch        Space(float32, shape=(32, 4), low=-inf, high=inf)
JAX devices (1): [cuda:0]
Policy devices: cuda:0
Train devices:  cuda:0
Initializing parameters...
Optimizer opt has 640,867 params:
       364,416 dyn
        66,111 val
        57,663 rew
        51,096 dec
        50,316 pol
        41,153 con
        10,112 enc
Done initializing!
Compiling 1 checkpoint groups...
Largest checkpoint group: 0 GB
Compiling train and report...
Train cost analysis:
  FLOPS:            1.5e+10
  Memory (temp):    1.9e+08
  Memory (inputs):  1.1e+07
  Memory (outputs): 9.3e+06
  Memory (code):    2.5e+06

Report cost analysis:
  FLOPS:            1.2e+07
  Memory (temp):    7.8e+05
  Memory (inputs):  2.8e+06
  Memory (outputs): 2.1e+04
  Memory (code):    1.1e+05

Done compiling!
Loading checkpoint: /scratch/midway3/rickybao/dreamerv3_runs/dmc_proprio_walker_walk_seed1/ckpt/20260513T185733F662165
Loaded checkpoint.
Loaded frozen DreamerV3 checkpoint.
Observation keys: ['height', 'orientations', 'velocity']  |  action keys: ['action']
  episode   0: len=1000  return=  971.7
  episode   1: len=1000  return=  903.3
  episode   2: len=1000  return=  967.3
  episode   3: len=1000  return=  967.8
  episode   4: len=1000  return=  958.9
  episode   5: len=1000  return=  957.4
  episode   6: len=1000  return=  927.8
  episode   7: len=1000  return=  973.1
  episode   8: len=1000  return=  988.2
  episode   9: len=1000  return=  973.7
  episode  10: len=1000  return=  985.1
  episode  11: len=1000  return=  943.0
  episode  12: len=1000  return=  982.8
  episode  13: len=1000  return=  969.2
  episode  14: len=1000  return=  982.9
  episode  15: len=1000  return=  954.7
  episode  16: len=1000  return=  956.4
  episode  17: len=1000  return=  919.4
  episode  18: len=1000  return=  953.7
  episode  19: len=1000  return=  943.9
  episode  20: len=1000  return=  957.2
  episode  21: len=1000  return=  987.7
  episode  22: len=1000  return=  932.6
  episode  23: len=1000  return=  968.4
  episode  24: len=1000  return=  961.4
  episode  25: len=1000  return=  960.3
  episode  26: len=1000  return=  940.0
  episode  27: len=1000  return=  943.1
  episode  28: len=1000  return=  965.5
  episode  29: len=1000  return=  973.1
  episode  30: len=1000  return=  957.9
  episode  31: len=1000  return=  950.2
  episode  32: len=1000  return=  967.2
  episode  33: len=1000  return=  960.2
  episode  34: len=1000  return=  968.6
  episode  35: len=1000  return=  984.7
  episode  36: len=1000  return=  955.1
  episode  37: len=1000  return=  971.5
  episode  38: len=1000  return=  973.7
  episode  39: len=1000  return=  975.0
Saved 40 x 1000 steps -> /scratch/midway3/rickybao/dreamerv3_runs/probing_walker_walk_seed1/traj.npz
Return over episodes: 960.8 +/- 18.4
--- [2/3] extracting features ---
Probe trajectories: 40 episodes x 1000 steps
Observations
  reward           Space(float32, shape=(), low=-inf, high=inf)
  is_first         Space(bool, shape=(), low=False, high=True)
  is_last          Space(bool, shape=(), low=False, high=True)
  is_terminal      Space(bool, shape=(), low=False, high=True)
  orientations     Space(float32, shape=(14,), low=-inf, high=inf)
  height           Space(float32, shape=(), low=-inf, high=inf)
  velocity         Space(float32, shape=(9,), low=-inf, high=inf)
Actions
  action           Space(float32, shape=(6,), low=-1.0, high=1.0)
Extras
  consec           Space(int32, shape=(), low=-2147483648, high=2147483647)
  stepid           Space(uint8, shape=(20,), low=0, high=255)
  dyn/deter        Space(float32, shape=(512,), low=-inf, high=inf)
  dyn/stoch        Space(float32, shape=(32, 4), low=-inf, high=inf)
JAX devices (1): [cuda:0]
Policy devices: cuda:0
Train devices:  cuda:0
Initializing parameters...
Optimizer opt has 640,867 params:
       364,416 dyn
        66,111 val
        57,663 rew
        51,096 dec
        50,316 pol
        41,153 con
        10,112 enc
Done initializing!
Compiling 1 checkpoint groups...
Largest checkpoint group: 0 GB
Compiling train and report...
Train cost analysis:
  FLOPS:            1.5e+10
  Memory (temp):    1.9e+08
  Memory (inputs):  1.1e+07
  Memory (outputs): 9.3e+06
  Memory (code):    2.5e+06

Report cost analysis:
  FLOPS:            1.2e+07
  Memory (temp):    7.8e+05
  Memory (inputs):  2.8e+06
  Memory (outputs): 2.1e+04
  Memory (code):    1.1e+05

Done compiling!
Loading checkpoint: /scratch/midway3/rickybao/dreamerv3_runs/dmc_proprio_walker_walk_seed1/ckpt/20260513T185733F662165
Loaded checkpoint.
World model: obs=['height', 'orientations', 'velocity']  act=['action']  horizons=[1, 5, 20]
  world-model features: episodes 0-7
  world-model features: episodes 8-15
  world-model features: episodes 16-23
  world-model features: episodes 24-31
  world-model features: episodes 32-39
Feature arrays:
  vae_enc                (40, 1000, 64)
  vae_logstd             (40, 1000, 128)
  vae_mean               (40, 1000, 128)
  vae_recon_nll          (40, 1000)
  wm_enc                 (40, 1000, 64)
  wm_imag1_deter         (40, 1000, 512)
  wm_imag1_stoch         (40, 1000, 128)
  wm_imag20_deter        (40, 1000, 512)
  wm_imag20_stoch        (40, 1000, 128)
  wm_imag5_deter         (40, 1000, 512)
  wm_imag5_stoch         (40, 1000, 128)
  wm_post_deter          (40, 1000, 512)
  wm_post_nll            (40, 1000)
  wm_post_stoch          (40, 1000, 128)
  wm_prior_deter         (40, 1000, 512)
  wm_prior_nll           (40, 1000)
  wm_prior_stoch         (40, 1000, 128)
Saved -> /scratch/midway3/rickybao/dreamerv3_runs/probing_walker_walk_seed1/features.npz
--- [3/3] running probing battery ---
Episodes: 40 (test 12)  |  sites: ['enc', 'imag1', 'imag20', 'imag5', 'post_deter', 'post_stoch', 'posterior', 'prior', 'vae_enc', 'vae_latent']
Targets: ['gait_phase', 'horizontal_velocity', 'qpos', 'qvel', 'return_to_go', 'state', 'time_to_fall', 'torso_height', 'torso_upright']
  [  1/73] rssm/enc        state         h=0  K=1  R2_ridge=0.73247  R2_mlp=0.75379
  [  2/73] rssm/posterior  state         h=0  K=1  R2_ridge=0.74817  R2_mlp=0.69525
  [  3/73] rssm/post_deter state         h=0  K=1  R2_ridge=0.69566  R2_mlp=0.66219
  [  4/73] rssm/post_stoch state         h=0  K=1  R2_ridge=0.41764  R2_mlp=0.58072
  [  5/73] rssm/prior      state         h=0  K=1  R2_ridge=0.7186  R2_mlp=0.65976
  [  6/73]  vae/vae_enc    state         h=0  K=1  R2_ridge=0.70668  R2_mlp=0.75303
  [  7/73]  vae/vae_latent state         h=0  K=1  R2_ridge=0.70666  R2_mlp=0.753
  [  8/73]  vae/vae_latent state         h=0  K=4  R2_ridge=0.71771  R2_mlp=0.70973
  [  9/73]  vae/vae_latent state         h=0  K=16  R2_ridge=0.71926  R2_mlp=0.62336
  [ 10/73]  vae/vae_latent state         h=0  K=all  R2_ridge=0.79282  R2_mlp=0.87455
  [ 11/73] rssm/enc        state         h=1  K=1  R2_ridge=0.44072  R2_mlp=0.55032
  [ 12/73] rssm/posterior  state         h=1  K=1  R2_ridge=0.53181  R2_mlp=0.49717
  [ 13/73] rssm/post_deter state         h=1  K=1  R2_ridge=0.52623  R2_mlp=0.50588
  [ 14/73] rssm/post_stoch state         h=1  K=1  R2_ridge=0.22093  R2_mlp=0.34512
  [ 15/73] rssm/prior      state         h=1  K=1  R2_ridge=0.53221  R2_mlp=0.50089
  [ 16/73]  vae/vae_enc    state         h=1  K=1  R2_ridge=0.34426  R2_mlp=0.42929
  [ 17/73]  vae/vae_latent state         h=1  K=1  R2_ridge=0.34424  R2_mlp=0.44025
  [ 18/73]  vae/vae_latent state         h=1  K=4  R2_ridge=0.40781  R2_mlp=0.41712
  [ 19/73]  vae/vae_latent state         h=1  K=16  R2_ridge=0.41772  R2_mlp=0.27246
  [ 20/73]  vae/vae_latent state         h=1  K=all  R2_ridge=0.43274  R2_mlp=0.53128
  [ 21/73] rssm/imag1      state         h=1  K=1  R2_ridge=0.71834  R2_mlp=0.65893
  [ 22/73] rssm/enc        state         h=5  K=1  R2_ridge=0.26754  R2_mlp=0.34396
  [ 23/73] rssm/posterior  state         h=5  K=1  R2_ridge=0.32358  R2_mlp=0.2728
  [ 24/73] rssm/post_deter state         h=5  K=1  R2_ridge=0.32293  R2_mlp=0.30514
  [ 25/73] rssm/post_stoch state         h=5  K=1  R2_ridge=0.15491  R2_mlp=0.19877
  [ 26/73] rssm/prior      state         h=5  K=1  R2_ridge=0.32336  R2_mlp=0.27688
  [ 27/73]  vae/vae_enc    state         h=5  K=1  R2_ridge=0.2036  R2_mlp=0.26071
  [ 28/73]  vae/vae_latent state         h=5  K=1  R2_ridge=0.20369  R2_mlp=0.26636
  [ 29/73]  vae/vae_latent state         h=5  K=4  R2_ridge=0.24201  R2_mlp=0.19201
  [ 30/73]  vae/vae_latent state         h=5  K=16  R2_ridge=0.25789  R2_mlp=0.00706
  [ 31/73]  vae/vae_latent state         h=5  K=all  R2_ridge=0.29065  R2_mlp=0.34094
  [ 32/73] rssm/imag5      state         h=5  K=1  R2_ridge=0.6548  R2_mlp=0.59237
  [ 33/73] rssm/enc        state         h=20 K=1  R2_ridge=0.15851  R2_mlp=0.13809
  [ 34/73] rssm/posterior  state         h=20 K=1  R2_ridge=0.17432  R2_mlp=0.01007
  [ 35/73] rssm/post_deter state         h=20 K=1  R2_ridge=0.17606  R2_mlp=0.05066
  [ 36/73] rssm/post_stoch state         h=20 K=1  R2_ridge=0.09414  R2_mlp=0.07725
  [ 37/73] rssm/prior      state         h=20 K=1  R2_ridge=0.17455  R2_mlp=0.01906
  [ 38/73]  vae/vae_enc    state         h=20 K=1  R2_ridge=0.12301  R2_mlp=0.12529
  [ 39/73]  vae/vae_latent state         h=20 K=1  R2_ridge=0.12303  R2_mlp=0.12053
  [ 40/73]  vae/vae_latent state         h=20 K=4  R2_ridge=0.14177  R2_mlp=-0.00439
  [ 41/73]  vae/vae_latent state         h=20 K=16  R2_ridge=0.14652  R2_mlp=-0.22157
  [ 42/73]  vae/vae_latent state         h=20 K=all  R2_ridge=0.21092  R2_mlp=0.14726
  [ 43/73] rssm/imag20     state         h=20 K=1  R2_ridge=0.50775  R2_mlp=0.44263
  [ 44/73] rssm/enc        gait_phase    h=0  K=1  R2_ridge=0.87633  R2_mlp=0.93158
  [ 45/73] rssm/posterior  gait_phase    h=0  K=1  R2_ridge=0.93268  R2_mlp=0.93103
  [ 46/73] rssm/post_deter gait_phase    h=0  K=1  R2_ridge=0.93184  R2_mlp=0.93292
  [ 47/73] rssm/post_stoch gait_phase    h=0  K=1  R2_ridge=0.59671  R2_mlp=0.78642
  [ 48/73] rssm/prior      gait_phase    h=0  K=1  R2_ridge=0.93234  R2_mlp=0.93053
  [ 49/73]  vae/vae_enc    gait_phase    h=0  K=1  R2_ridge=0.7314  R2_mlp=0.86006
  [ 50/73]  vae/vae_latent gait_phase    h=0  K=1  R2_ridge=0.73145  R2_mlp=0.8728
  [ 51/73]  vae/vae_latent gait_phase    h=0  K=4  R2_ridge=0.83259  R2_mlp=0.86399
  [ 52/73]  vae/vae_latent gait_phase    h=0  K=16  R2_ridge=0.87614  R2_mlp=0.87011
  [ 53/73]  vae/vae_latent gait_phase    h=0  K=all  R2_ridge=0.72683  R2_mlp=0.81335
  [ 54/73] rssm/enc        return_to_go  h=0  K=1  R2_ridge=-0.00638  R2_mlp=-0.2062
  [ 55/73] rssm/posterior  return_to_go  h=0  K=1  R2_ridge=-0.01456  R2_mlp=-0.4702
  [ 56/73] rssm/post_deter return_to_go  h=0  K=1  R2_ridge=-0.01126  R2_mlp=-0.45248
  [ 57/73] rssm/post_stoch return_to_go  h=0  K=1  R2_ridge=-0.0081  R2_mlp=-0.29607
  [ 58/73] rssm/prior      return_to_go  h=0  K=1  R2_ridge=-0.01316  R2_mlp=-0.47037
  [ 59/73]  vae/vae_enc    return_to_go  h=0  K=1  R2_ridge=-0.00459  R2_mlp=-0.09111
  [ 60/73]  vae/vae_latent return_to_go  h=0  K=1  R2_ridge=-0.00453  R2_mlp=-0.14362
  [ 61/73]  vae/vae_latent return_to_go  h=0  K=4  R2_ridge=-0.01396  R2_mlp=-0.60634
  [ 62/73]  vae/vae_latent return_to_go  h=0  K=16  R2_ridge=-0.03429  R2_mlp=-0.45399
  [ 63/73]  vae/vae_latent return_to_go  h=0  K=all  R2_ridge=0.01606  R2_mlp=-3.19418
  [ 64/73] rssm/enc        time_to_fall  h=0  K=1  R2_ridge=0.10701  R2_mlp=0.15056
  [ 65/73] rssm/posterior  time_to_fall  h=0  K=1  R2_ridge=0.50075  R2_mlp=0.37665
  [ 66/73] rssm/post_deter time_to_fall  h=0  K=1  R2_ridge=0.47686  R2_mlp=0.23504
  [ 67/73] rssm/post_stoch time_to_fall  h=0  K=1  R2_ridge=-0.08361  R2_mlp=-1.63284
  [ 68/73] rssm/prior      time_to_fall  h=0  K=1  R2_ridge=0.49195  R2_mlp=0.42824
  [ 69/73]  vae/vae_enc    time_to_fall  h=0  K=1  R2_ridge=-0.04996  R2_mlp=-0.03925
  [ 70/73]  vae/vae_latent time_to_fall  h=0  K=1  R2_ridge=-0.60634  R2_mlp=0.03392
  [ 71/73]  vae/vae_latent time_to_fall  h=0  K=4  R2_ridge=-0.12567  R2_mlp=-0.18545
  [ 72/73]  vae/vae_latent time_to_fall  h=0  K=16  R2_ridge=-0.1215  R2_mlp=0.10656
  [ 73/73]  vae/vae_latent time_to_fall  h=0  K=all  R2_ridge=0.37606  R2_mlp=0.07046

Probing summary (held-out ridge R^2)
======================================

Per-frame content (target: state, horizon 0):
  RSSM posterior          R^2 = 0.74817
  static VAE latent (K=1) R^2 = 0.70666
  static-vs-sequential gap    = +0.0415

Predictive content (RSSM posterior, target: state):
  horizon  0: R^2 = 0.74817
  horizon  1: R^2 = 0.53181
  horizon  5: R^2 = 0.32358
  horizon 20: R^2 = 0.17432

VAE receptive field (target: state, horizon 0):
  K=  1: R^2 = 0.70666
  K=  4: R^2 = 0.71771
  K= 16: R^2 = 0.71926
  K=all: R^2 = 0.79282

Held-out likelihood (mean NLL, lower is better):
  rssm_posterior_recon       0.6696
  rssm_prior_predictive      1.7808
  vae_recon                  1.9492

Wrote results -> /home/rickybao/projects/dreamerv3/results/probing_walker_walk_seed1
Probe pipeline seed 1 done | Fri May 15 20:39:30 CDT 2026
  scratch intermediates: /scratch/midway3/rickybao/dreamerv3_runs/probing_walker_walk_seed1
  repo results:          /home/rickybao/projects/dreamerv3/results/probing_walker_walk_seed1
