==============================
Probe pipeline | seed 1 | job 49697368 | Fri May 15 19:51:50 CDT 2026
==============================
--- [1/3] collecting probe trajectories ---
Task: dmc_walker_walk  |  checkpoint: /scratch/midway3/rickybao/dreamerv3_runs/dmc_proprio_walker_walk_seed1/ckpt  |  mode: eval
Observations
  reward           Space(float32, shape=(), low=-inf, high=inf)
  is_first         Space(bool, shape=(), low=False, high=True)
  is_last          Space(bool, shape=(), low=False, high=True)
  is_terminal      Space(bool, shape=(), low=False, high=True)
  orientations     Space(float32, shape=(14,), low=-inf, high=inf)
  height           Space(float32, shape=(), low=-inf, high=inf)
  velocity         Space(float32, shape=(9,), low=-inf, high=inf)
Actions
  action           Space(float32, shape=(6,), low=-1.0, high=1.0)
Extras
  consec           Space(int32, shape=(), low=-2147483648, high=2147483647)
  stepid           Space(uint8, shape=(20,), low=0, high=255)
  dyn/deter        Space(float32, shape=(512,), low=-inf, high=inf)
  dyn/stoch        Space(float32, shape=(32, 4), low=-inf, high=inf)
JAX devices (1): [cuda:0]
Policy devices: cuda:0
Train devices:  cuda:0
Initializing parameters...
Optimizer opt has 640,867 params:
       364,416 dyn
        66,111 val
        57,663 rew
        51,096 dec
        50,316 pol
        41,153 con
        10,112 enc
Done initializing!
Compiling 1 checkpoint groups...
Largest checkpoint group: 0 GB
Compiling train and report...
Train cost analysis:
  FLOPS:            1.5e+10
  Memory (temp):    1.9e+08
  Memory (inputs):  1.1e+07
  Memory (outputs): 9.3e+06
  Memory (code):    2.5e+06

Report cost analysis:
  FLOPS:            1.2e+07
  Memory (temp):    7.8e+05
  Memory (inputs):  2.8e+06
  Memory (outputs): 2.1e+04
  Memory (code):    1.1e+05

Done compiling!
Loading checkpoint: /scratch/midway3/rickybao/dreamerv3_runs/dmc_proprio_walker_walk_seed1/ckpt/20260513T185733F662165
Loaded checkpoint.
Loaded frozen DreamerV3 checkpoint.
Observation keys: ['height', 'orientations', 'velocity']  |  action keys: ['action']
  episode   0: len=1000  return=  972.3
  episode   1: len=1000  return=  988.9
  episode   2: len=1000  return=  967.2
  episode   3: len=1000  return=  969.6
  episode   4: len=1000  return=  970.7
  episode   5: len=1000  return=  956.8
  episode   6: len=1000  return=  969.7
  episode   7: len=1000  return=  971.7
  episode   8: len=1000  return=  965.1
  episode   9: len=1000  return=  970.3
  episode  10: len=1000  return=  936.3
  episode  11: len=1000  return=  983.0
  episode  12: len=1000  return=  946.1
  episode  13: len=1000  return=  973.7
  episode  14: len=1000  return=  971.3
  episode  15: len=1000  return=  986.5
  episode  16: len=1000  return=  955.9
  episode  17: len=1000  return=  910.9
  episode  18: len=1000  return=  984.5
  episode  19: len=1000  return=  952.2
  episode  20: len=1000  return=  920.4
  episode  21: len=1000  return=  978.1
  episode  22: len=1000  return=  974.3
  episode  23: len=1000  return=  956.7
  episode  24: len=1000  return=  980.3
  episode  25: len=1000  return=  959.0
  episode  26: len=1000  return=  979.9
  episode  27: len=1000  return=  981.1
  episode  28: len=1000  return=  929.3
  episode  29: len=1000  return=  969.2
  episode  30: len=1000  return=  971.2
  episode  31: len=1000  return=  970.0
  episode  32: len=1000  return=  983.8
  episode  33: len=1000  return=  937.5
  episode  34: len=1000  return=  954.8
  episode  35: len=1000  return=  982.2
  episode  36: len=1000  return=  951.9
  episode  37: len=1000  return=  976.1
  episode  38: len=1000  return=  977.1
  episode  39: len=1000  return=  949.6
Saved 40 x 1000 steps -> /scratch/midway3/rickybao/dreamerv3_runs/probing_walker_walk_seed1/traj.npz
Return over episodes: 964.6 +/- 18.1
--- [2/3] extracting features ---
Probe trajectories: 40 episodes x 1000 steps
Observations
  reward           Space(float32, shape=(), low=-inf, high=inf)
  is_first         Space(bool, shape=(), low=False, high=True)
  is_last          Space(bool, shape=(), low=False, high=True)
  is_terminal      Space(bool, shape=(), low=False, high=True)
  orientations     Space(float32, shape=(14,), low=-inf, high=inf)
  height           Space(float32, shape=(), low=-inf, high=inf)
  velocity         Space(float32, shape=(9,), low=-inf, high=inf)
Actions
  action           Space(float32, shape=(6,), low=-1.0, high=1.0)
Extras
  consec           Space(int32, shape=(), low=-2147483648, high=2147483647)
  stepid           Space(uint8, shape=(20,), low=0, high=255)
  dyn/deter        Space(float32, shape=(512,), low=-inf, high=inf)
  dyn/stoch        Space(float32, shape=(32, 4), low=-inf, high=inf)
JAX devices (1): [cuda:0]
Policy devices: cuda:0
Train devices:  cuda:0
Initializing parameters...
Optimizer opt has 640,867 params:
       364,416 dyn
        66,111 val
        57,663 rew
        51,096 dec
        50,316 pol
        41,153 con
        10,112 enc
Done initializing!
Compiling 1 checkpoint groups...
Largest checkpoint group: 0 GB
Compiling train and report...
Train cost analysis:
  FLOPS:            1.5e+10
  Memory (temp):    1.9e+08
  Memory (inputs):  1.1e+07
  Memory (outputs): 9.3e+06
  Memory (code):    2.5e+06

Report cost analysis:
  FLOPS:            1.2e+07
  Memory (temp):    7.8e+05
  Memory (inputs):  2.8e+06
  Memory (outputs): 2.1e+04
  Memory (code):    1.1e+05

Done compiling!
Loading checkpoint: /scratch/midway3/rickybao/dreamerv3_runs/dmc_proprio_walker_walk_seed1/ckpt/20260513T185733F662165
Loaded checkpoint.
World model: obs=['height', 'orientations', 'velocity']  act=['action']  horizons=[1, 5, 20]
  world-model features: episodes 0-7
  world-model features: episodes 8-15
  world-model features: episodes 16-23
  world-model features: episodes 24-31
  world-model features: episodes 32-39
Feature arrays:
  vae_enc                (40, 1000, 64)
  vae_logstd             (40, 1000, 128)
  vae_mean               (40, 1000, 128)
  vae_recon_nll          (40, 1000)
  wm_enc                 (40, 1000, 64)
  wm_imag1_deter         (40, 1000, 512)
  wm_imag1_stoch         (40, 1000, 128)
  wm_imag20_deter        (40, 1000, 512)
  wm_imag20_stoch        (40, 1000, 128)
  wm_imag5_deter         (40, 1000, 512)
  wm_imag5_stoch         (40, 1000, 128)
  wm_post_deter          (40, 1000, 512)
  wm_post_nll            (40, 1000)
  wm_post_stoch          (40, 1000, 128)
  wm_prior_deter         (40, 1000, 512)
  wm_prior_nll           (40, 1000)
  wm_prior_stoch         (40, 1000, 128)
Saved -> /scratch/midway3/rickybao/dreamerv3_runs/probing_walker_walk_seed1/features.npz
--- [3/3] running probing battery ---
Episodes: 40 (test 12)  |  sites: ['enc', 'imag1', 'imag20', 'imag5', 'post_deter', 'post_stoch', 'posterior', 'prior', 'vae_enc', 'vae_latent']
Targets: ['gait_phase', 'horizontal_velocity', 'qpos', 'qvel', 'return_to_go', 'state', 'time_to_fall', 'torso_height', 'torso_upright']
  [  1/73] rssm/enc        state         h=0  K=1  R2_ridge=0.73571  R2_mlp=0.75823
  [  2/73] rssm/posterior  state         h=0  K=1  R2_ridge=0.74944  R2_mlp=0.67628
  [  3/73] rssm/post_deter state         h=0  K=1  R2_ridge=0.69824  R2_mlp=0.65772
  [  4/73] rssm/post_stoch state         h=0  K=1  R2_ridge=0.41966  R2_mlp=0.57807
  [  5/73] rssm/prior      state         h=0  K=1  R2_ridge=0.72033  R2_mlp=0.64341
  [  6/73]  vae/vae_enc    state         h=0  K=1  R2_ridge=0.70761  R2_mlp=0.75673
  [  7/73]  vae/vae_latent state         h=0  K=1  R2_ridge=0.70758  R2_mlp=0.75598
  [  8/73]  vae/vae_latent state         h=0  K=4  R2_ridge=0.72175  R2_mlp=0.71183
  [  9/73]  vae/vae_latent state         h=0  K=16  R2_ridge=0.72883  R2_mlp=0.6061
  [ 10/73]  vae/vae_latent state         h=0  K=all  R2_ridge=0.80195  R2_mlp=0.82802
  [ 11/73] rssm/enc        state         h=1  K=1  R2_ridge=0.44577  R2_mlp=0.55416
  [ 12/73] rssm/posterior  state         h=1  K=1  R2_ridge=0.53125  R2_mlp=0.4805
  [ 13/73] rssm/post_deter state         h=1  K=1  R2_ridge=0.52699  R2_mlp=0.49716
  [ 14/73] rssm/post_stoch state         h=1  K=1  R2_ridge=0.22265  R2_mlp=0.34763
  [ 15/73] rssm/prior      state         h=1  K=1  R2_ridge=0.53228  R2_mlp=0.48329
  [ 16/73]  vae/vae_enc    state         h=1  K=1  R2_ridge=0.34975  R2_mlp=0.43146
  [ 17/73]  vae/vae_latent state         h=1  K=1  R2_ridge=0.34973  R2_mlp=0.44393
  [ 18/73]  vae/vae_latent state         h=1  K=4  R2_ridge=0.41463  R2_mlp=0.41588
  [ 19/73]  vae/vae_latent state         h=1  K=16  R2_ridge=0.42826  R2_mlp=0.24326
  [ 20/73]  vae/vae_latent state         h=1  K=all  R2_ridge=0.44563  R2_mlp=0.45249
  [ 21/73] rssm/imag1      state         h=1  K=1  R2_ridge=0.72016  R2_mlp=0.64737
  [ 22/73] rssm/enc        state         h=5  K=1  R2_ridge=0.27492  R2_mlp=0.35607
  [ 23/73] rssm/posterior  state         h=5  K=1  R2_ridge=0.32519  R2_mlp=0.26911
  [ 24/73] rssm/post_deter state         h=5  K=1  R2_ridge=0.32437  R2_mlp=0.2936
  [ 25/73] rssm/post_stoch state         h=5  K=1  R2_ridge=0.16142  R2_mlp=0.20414
  [ 26/73] rssm/prior      state         h=5  K=1  R2_ridge=0.32541  R2_mlp=0.27068
  [ 27/73]  vae/vae_enc    state         h=5  K=1  R2_ridge=0.20956  R2_mlp=0.27079
  [ 28/73]  vae/vae_latent state         h=5  K=1  R2_ridge=0.20955  R2_mlp=0.27881
  [ 29/73]  vae/vae_latent state         h=5  K=4  R2_ridge=0.25013  R2_mlp=0.1958
  [ 30/73]  vae/vae_latent state         h=5  K=16  R2_ridge=0.2703  R2_mlp=-0.02037
  [ 31/73]  vae/vae_latent state         h=5  K=all  R2_ridge=0.30515  R2_mlp=0.30222
  [ 32/73] rssm/imag5      state         h=5  K=1  R2_ridge=0.65721  R2_mlp=0.59016
  [ 33/73] rssm/enc        state         h=20 K=1  R2_ridge=0.15604  R2_mlp=0.1345
  [ 34/73] rssm/posterior  state         h=20 K=1  R2_ridge=0.17064  R2_mlp=-0.00952
  [ 35/73] rssm/post_deter state         h=20 K=1  R2_ridge=0.17169  R2_mlp=0.02882
  [ 36/73] rssm/post_stoch state         h=20 K=1  R2_ridge=0.09681  R2_mlp=0.0697
  [ 37/73] rssm/prior      state         h=20 K=1  R2_ridge=0.17123  R2_mlp=0.00623
  [ 38/73]  vae/vae_enc    state         h=20 K=1  R2_ridge=0.1203  R2_mlp=0.12804
  [ 39/73]  vae/vae_latent state         h=20 K=1  R2_ridge=0.12036  R2_mlp=0.12275
  [ 40/73]  vae/vae_latent state         h=20 K=4  R2_ridge=0.13959  R2_mlp=-0.00503
  [ 41/73]  vae/vae_latent state         h=20 K=16  R2_ridge=0.15008  R2_mlp=-0.2396
  [ 42/73]  vae/vae_latent state         h=20 K=all  R2_ridge=0.21441  R2_mlp=0.12997
  [ 43/73] rssm/imag20     state         h=20 K=1  R2_ridge=0.51241  R2_mlp=0.43542
  [ 44/73] rssm/enc        gait_phase    h=0  K=1  R2_ridge=0.87152  R2_mlp=0.92411
  [ 45/73] rssm/posterior  gait_phase    h=0  K=1  R2_ridge=0.93123  R2_mlp=0.93342
  [ 46/73] rssm/post_deter gait_phase    h=0  K=1  R2_ridge=0.93031  R2_mlp=0.93348
  [ 47/73] rssm/post_stoch gait_phase    h=0  K=1  R2_ridge=0.59316  R2_mlp=0.78506
  [ 48/73] rssm/prior      gait_phase    h=0  K=1  R2_ridge=0.93069  R2_mlp=0.93049
  [ 49/73]  vae/vae_enc    gait_phase    h=0  K=1  R2_ridge=0.72621  R2_mlp=0.85628
  [ 50/73]  vae/vae_latent gait_phase    h=0  K=1  R2_ridge=0.72638  R2_mlp=0.87137
  [ 51/73]  vae/vae_latent gait_phase    h=0  K=4  R2_ridge=0.82673  R2_mlp=0.86436
  [ 52/73]  vae/vae_latent gait_phase    h=0  K=16  R2_ridge=0.8733  R2_mlp=0.86857
  [ 53/73]  vae/vae_latent gait_phase    h=0  K=all  R2_ridge=0.72763  R2_mlp=0.81838
  [ 54/73] rssm/enc        return_to_go  h=0  K=1  R2_ridge=0.01152  R2_mlp=-0.18458
  [ 55/73] rssm/posterior  return_to_go  h=0  K=1  R2_ridge=-0.00373  R2_mlp=-0.50111
  [ 56/73] rssm/post_deter return_to_go  h=0  K=1  R2_ridge=-0.00037  R2_mlp=-0.45287
  [ 57/73] rssm/post_stoch return_to_go  h=0  K=1  R2_ridge=0.00049  R2_mlp=-0.2682
  [ 58/73] rssm/prior      return_to_go  h=0  K=1  R2_ridge=-0.0023  R2_mlp=-0.48472
  [ 59/73]  vae/vae_enc    return_to_go  h=0  K=1  R2_ridge=0.00388  R2_mlp=-0.07505
  [ 60/73]  vae/vae_latent return_to_go  h=0  K=1  R2_ridge=0.00421  R2_mlp=-0.087
  [ 61/73]  vae/vae_latent return_to_go  h=0  K=4  R2_ridge=0.00723  R2_mlp=-0.57894
  [ 62/73]  vae/vae_latent return_to_go  h=0  K=16  R2_ridge=-0.00216  R2_mlp=-0.42791
  [ 63/73]  vae/vae_latent return_to_go  h=0  K=all  R2_ridge=0.07474  R2_mlp=-4.10416
  [ 64/73] rssm/enc        time_to_fall  h=0  K=1  R2_ridge=0.50823  R2_mlp=0.62086
  [ 65/73] rssm/posterior  time_to_fall  h=0  K=1  R2_ridge=0.7715  R2_mlp=0.67505
  [ 66/73] rssm/post_deter time_to_fall  h=0  K=1  R2_ridge=0.79079  R2_mlp=0.71275
  [ 67/73] rssm/post_stoch time_to_fall  h=0  K=1  R2_ridge=0.10769  R2_mlp=-0.47698
  [ 68/73] rssm/prior      time_to_fall  h=0  K=1  R2_ridge=0.76057  R2_mlp=0.60274
  [ 69/73]  vae/vae_enc    time_to_fall  h=0  K=1  R2_ridge=0.10067  R2_mlp=0.26392
  [ 70/73]  vae/vae_latent time_to_fall  h=0  K=1  R2_ridge=0.11342  R2_mlp=0.15777
  [ 71/73]  vae/vae_latent time_to_fall  h=0  K=4  R2_ridge=0.2758  R2_mlp=0.3125
  [ 72/73]  vae/vae_latent time_to_fall  h=0  K=16  R2_ridge=-0.1289  R2_mlp=0.50827
  [ 73/73]  vae/vae_latent time_to_fall  h=0  K=all  R2_ridge=0.51222  R2_mlp=0.35963

Probing summary (held-out ridge R^2)
======================================

Per-frame content (target: state, horizon 0):
  RSSM posterior          R^2 = 0.74944
  static VAE latent (K=1) R^2 = 0.70758
  static-vs-sequential gap    = +0.0419

Predictive content (RSSM posterior, target: state):
  horizon  0: R^2 = 0.74944
  horizon  1: R^2 = 0.53125
  horizon  5: R^2 = 0.32519
  horizon 20: R^2 = 0.17064

VAE receptive field (target: state, horizon 0):
  K=  1: R^2 = 0.70758
  K=  4: R^2 = 0.72175
  K= 16: R^2 = 0.72883
  K=all: R^2 = 0.80195

Held-out likelihood (mean NLL, lower is better):
  rssm_posterior_recon       0.6662
  rssm_prior_predictive      1.7827
  vae_recon                  1.9112

Wrote results -> /home/rickybao/projects/dreamerv3/results/probing_walker_walk_seed1
Probe pipeline seed 1 done | Fri May 15 20:06:11 CDT 2026
  scratch intermediates: /scratch/midway3/rickybao/dreamerv3_runs/probing_walker_walk_seed1
  repo results:          /home/rickybao/projects/dreamerv3/results/probing_walker_walk_seed1
