Section-G representation analysis | Job ID: 49756337 | Mon May 18 10:39:36 CDT 2026
GPU check:
Mon May 18 10:39:36 2026       
+---------------------------------------------------------------------------------------+
| NVIDIA-SMI 535.216.03             Driver Version: 535.216.03   CUDA Version: 12.2     |
|-----------------------------------------+----------------------+----------------------+
| GPU  Name                 Persistence-M | Bus-Id        Disp.A | Volatile Uncorr. ECC |
| Fan  Temp   Perf          Pwr:Usage/Cap |         Memory-Usage | GPU-Util  Compute M. |
|                                         |                      |               MIG M. |
|=========================================+======================+======================|
|   0  Quadro RTX 6000                On  | 00000000:06:00.0 Off |                  Off |
| N/A   31C    P8              13W / 250W |      0MiB / 24576MiB |      0%      Default |
|                                         |                      |                  N/A |
+-----------------------------------------+----------------------+----------------------+
                                                                                         
+---------------------------------------------------------------------------------------+
| Processes:                                                                            |
|  GPU   GI   CI        PID   Type   Process name                            GPU Memory |
|        ID   ID                                                             Usage      |
|=======================================================================================|
|  No running processes found                                                           |
+---------------------------------------------------------------------------------------+
[1] collecting common held-out set (uniform random policy)
Task: dmc_walker_walk  |  checkpoint: /scratch/midway3/rickybao/dreamerv3_runs/pretrain_p2e_seed1/ckpt  |  mode: eval
Observation keys: ['height', 'orientations', 'velocity']  |  action keys: ['action']
  episode   0: len=1000  return=   30.1
  episode   1: len=1000  return=   34.0
  episode   2: len=1000  return=   37.0
  episode   3: len=1000  return=   28.9
  episode   4: len=1000  return=   40.9
  episode   5: len=1000  return=   36.4
  episode   6: len=1000  return=   30.5
  episode   7: len=1000  return=   28.7
  episode   8: len=1000  return=   31.2
  episode   9: len=1000  return=   39.1
  episode  10: len=1000  return=   32.7
  episode  11: len=1000  return=   32.4
  episode  12: len=1000  return=   32.5
  episode  13: len=1000  return=   45.0
  episode  14: len=1000  return=   30.7
  episode  15: len=1000  return=   30.5
  episode  16: len=1000  return=   30.3
  episode  17: len=1000  return=   39.0
  episode  18: len=1000  return=   28.4
  episode  19: len=1000  return=   27.0
  episode  20: len=1000  return=   31.4
  episode  21: len=1000  return=   29.0
  episode  22: len=1000  return=   34.8
  episode  23: len=1000  return=   34.9
  episode  24: len=1000  return=   28.3
  episode  25: len=1000  return=   30.6
  episode  26: len=1000  return=   27.4
  episode  27: len=1000  return=   32.0
  episode  28: len=1000  return=   39.8
  episode  29: len=1000  return=   29.5
  episode  30: len=1000  return=   30.4
  episode  31: len=1000  return=   30.9
  episode  32: len=1000  return=   33.2
  episode  33: len=1000  return=   30.4
  episode  34: len=1000  return=   30.6
  episode  35: len=1000  return=   35.7
  episode  36: len=1000  return=   31.3
  episode  37: len=1000  return=   30.0
  episode  38: len=1000  return=   31.6
  episode  39: len=1000  return=   33.6
Saved 40 x 1000 steps -> /scratch/midway3/rickybao/dreamerv3_runs/probe_heldout/heldout_walker.npz
Return over episodes: 32.5 +/- 3.9
[2] features: random seed1
Probe trajectories: 40 episodes x 1000 steps
Observations
  reward           Space(float32, shape=(), low=-inf, high=inf)
  is_first         Space(bool, shape=(), low=False, high=True)
  is_last          Space(bool, shape=(), low=False, high=True)
  is_terminal      Space(bool, shape=(), low=False, high=True)
  orientations     Space(float32, shape=(14,), low=-inf, high=inf)
  height           Space(float32, shape=(), low=-inf, high=inf)
  velocity         Space(float32, shape=(9,), low=-inf, high=inf)
Actions
  action           Space(float32, shape=(6,), low=-1.0, high=1.0)
Extras
  consec           Space(int32, shape=(), low=-2147483648, high=2147483647)
  stepid           Space(uint8, shape=(20,), low=0, high=255)
  dyn/deter        Space(float32, shape=(512,), low=-inf, high=inf)
  dyn/stoch        Space(float32, shape=(32, 4), low=-inf, high=inf)
JAX devices (1): [cuda:0]
Policy devices: cuda:0
Train devices:  cuda:0
Initializing parameters...
Optimizer opt has 425,624 params:
       364,416 dyn
        51,096 dec
        10,112 enc
Done initializing!
Compiling 1 checkpoint groups...
Largest checkpoint group: 0 GB
Compiling train and report...
Train cost analysis:
  FLOPS:            6.6e+07
  Memory (temp):    7.5e+07
  Memory (inputs):  7.9e+06
  Memory (outputs): 6.5e+06
  Memory (code):    9.8e+05

Report cost analysis:
  FLOPS:            2.0e+06
  Memory (temp):    9.3e+05
  Memory (inputs):  2.8e+06
  Memory (outputs): 2.1e+04
  Memory (code):    9.7e+04

Done compiling!
Loading checkpoint: /scratch/midway3/rickybao/dreamerv3_runs/pretrain_random_seed1/ckpt/20260517T183924F733100
Loaded checkpoint.
World model: obs=['height', 'orientations', 'velocity']  act=['action']  horizons=[1, 5, 20]
  world-model features: episodes 0-7
  world-model features: episodes 8-15
  world-model features: episodes 16-23
  world-model features: episodes 24-31
  world-model features: episodes 32-39
No --vae_ckpt given; extracting world-model features only.
Feature arrays:
  wm_enc                 (40, 1000, 64)
  wm_imag1_deter         (40, 1000, 512)
  wm_imag1_stoch         (40, 1000, 128)
  wm_imag20_deter        (40, 1000, 512)
  wm_imag20_stoch        (40, 1000, 128)
  wm_imag5_deter         (40, 1000, 512)
  wm_imag5_stoch         (40, 1000, 128)
  wm_post_deter          (40, 1000, 512)
  wm_post_nll            (40, 1000)
  wm_post_stoch          (40, 1000, 128)
  wm_prior_deter         (40, 1000, 512)
  wm_prior_nll           (40, 1000)
  wm_prior_stoch         (40, 1000, 128)
Saved -> /scratch/midway3/rickybao/dreamerv3_runs/probe_features/features_random_seed1.npz
[3] probes: random seed1
Episodes: 40 (test 12)  |  sites: ['enc', 'imag1', 'imag20', 'imag5', 'post_deter', 'post_stoch', 'posterior', 'prior']
Targets: ['gait_phase', 'horizontal_velocity', 'qpos', 'qvel', 'return_to_go', 'reward_run', 'reward_stand', 'reward_walk', 'state', 'time_to_fall', 'torso_height', 'torso_upright']
  [  1/53] rssm/enc        state         h=0  K=1  R2_ridge=0.91374  R2_mlp=0.96933
  [  2/53] rssm/posterior  state         h=0  K=1  R2_ridge=0.95304  R2_mlp=0.9517
  [  3/53] rssm/post_deter state         h=0  K=1  R2_ridge=0.88603  R2_mlp=0.87813
  [  4/53] rssm/post_stoch state         h=0  K=1  R2_ridge=0.33097  R2_mlp=0.52217
  [  5/53] rssm/prior      state         h=0  K=1  R2_ridge=0.91289  R2_mlp=0.89621
  [  6/53] rssm/enc        state         h=1  K=1  R2_ridge=0.36623  R2_mlp=0.41888
  [  7/53] rssm/posterior  state         h=1  K=1  R2_ridge=0.43185  R2_mlp=0.29847
  [  8/53] rssm/post_deter state         h=1  K=1  R2_ridge=0.42684  R2_mlp=0.32082
  [  9/53] rssm/post_stoch state         h=1  K=1  R2_ridge=0.09414  R2_mlp=0.14155
  [ 10/53] rssm/prior      state         h=1  K=1  R2_ridge=0.43034  R2_mlp=0.30154
  [ 11/53] rssm/imag1      state         h=1  K=1  R2_ridge=0.91292  R2_mlp=0.89811
  [ 12/53] rssm/enc        state         h=5  K=1  R2_ridge=0.13652  R2_mlp=0.09093
  [ 13/53] rssm/posterior  state         h=5  K=1  R2_ridge=0.14497  R2_mlp=-0.10926
  [ 14/53] rssm/post_deter state         h=5  K=1  R2_ridge=0.14346  R2_mlp=-0.07843
  [ 15/53] rssm/post_stoch state         h=5  K=1  R2_ridge=0.0229  R2_mlp=-0.02172
  [ 16/53] rssm/prior      state         h=5  K=1  R2_ridge=0.14434  R2_mlp=-0.10661
  [ 17/53] rssm/imag5      state         h=5  K=1  R2_ridge=0.82177  R2_mlp=0.78508
  [ 18/53] rssm/enc        state         h=20 K=1  R2_ridge=0.01361  R2_mlp=-0.07234
  [ 19/53] rssm/posterior  state         h=20 K=1  R2_ridge=-0.00255  R2_mlp=-0.32446
  [ 20/53] rssm/post_deter state         h=20 K=1  R2_ridge=0.00302  R2_mlp=-0.3095
  [ 21/53] rssm/post_stoch state         h=20 K=1  R2_ridge=0.00102  R2_mlp=-0.0705
  [ 22/53] rssm/prior      state         h=20 K=1  R2_ridge=0.00155  R2_mlp=-0.3045
  [ 23/53] rssm/imag20     state         h=20 K=1  R2_ridge=0.61646  R2_mlp=0.52694
  [ 24/53] rssm/enc        gait_phase    h=0  K=1  R2_ridge=0.45391  R2_mlp=0.46866
  [ 25/53] rssm/posterior  gait_phase    h=0  K=1  R2_ridge=0.5518  R2_mlp=0.40983
  [ 26/53] rssm/post_deter gait_phase    h=0  K=1  R2_ridge=0.54808  R2_mlp=0.39953
  [ 27/53] rssm/post_stoch gait_phase    h=0  K=1  R2_ridge=0.06826  R2_mlp=0.11272
  [ 28/53] rssm/prior      gait_phase    h=0  K=1  R2_ridge=0.54824  R2_mlp=0.40534
  [ 29/53] rssm/enc        return_to_go  h=0  K=1  R2_ridge=0.15046  R2_mlp=-0.05634
  [ 30/53] rssm/posterior  return_to_go  h=0  K=1  R2_ridge=0.13947  R2_mlp=-0.21081
  [ 31/53] rssm/post_deter return_to_go  h=0  K=1  R2_ridge=0.13714  R2_mlp=-0.21082
  [ 32/53] rssm/post_stoch return_to_go  h=0  K=1  R2_ridge=0.02256  R2_mlp=-0.14401
  [ 33/53] rssm/prior      return_to_go  h=0  K=1  R2_ridge=0.13606  R2_mlp=-0.20667
  [ 34/53] rssm/enc        time_to_fall  h=0  K=1  R2_ridge=0.47783  R2_mlp=0.69068
  [ 35/53] rssm/posterior  time_to_fall  h=0  K=1  R2_ridge=0.57824  R2_mlp=0.73371
  [ 36/53] rssm/post_deter time_to_fall  h=0  K=1  R2_ridge=0.58184  R2_mlp=0.73006
  [ 37/53] rssm/post_stoch time_to_fall  h=0  K=1  R2_ridge=0.06972  R2_mlp=0.09913
  [ 38/53] rssm/prior      time_to_fall  h=0  K=1  R2_ridge=0.58223  R2_mlp=0.75296
  [ 39/53] rssm/enc        reward_stand  h=0  K=1  R2_ridge=0.62956  R2_mlp=0.87532
  [ 40/53] rssm/posterior  reward_stand  h=0  K=1  R2_ridge=0.91889  R2_mlp=0.97366
  [ 41/53] rssm/post_deter reward_stand  h=0  K=1  R2_ridge=0.91828  R2_mlp=0.96275
  [ 42/53] rssm/post_stoch reward_stand  h=0  K=1  R2_ridge=0.09363  R2_mlp=0.24777
  [ 43/53] rssm/prior      reward_stand  h=0  K=1  R2_ridge=0.91902  R2_mlp=0.96411
  [ 44/53] rssm/enc        reward_walk   h=0  K=1  R2_ridge=0.4172  R2_mlp=0.609
  [ 45/53] rssm/posterior  reward_walk   h=0  K=1  R2_ridge=0.61071  R2_mlp=0.6887
  [ 46/53] rssm/post_deter reward_walk   h=0  K=1  R2_ridge=0.6151  R2_mlp=0.67108
  [ 47/53] rssm/post_stoch reward_walk   h=0  K=1  R2_ridge=0.06584  R2_mlp=-0.0813
  [ 48/53] rssm/prior      reward_walk   h=0  K=1  R2_ridge=0.61423  R2_mlp=0.68132
  [ 49/53] rssm/enc        reward_run    h=0  K=1  R2_ridge=0.63476  R2_mlp=0.86974
  [ 50/53] rssm/posterior  reward_run    h=0  K=1  R2_ridge=0.90315  R2_mlp=0.9579
  [ 51/53] rssm/post_deter reward_run    h=0  K=1  R2_ridge=0.90298  R2_mlp=0.94527
  [ 52/53] rssm/post_stoch reward_run    h=0  K=1  R2_ridge=0.09544  R2_mlp=0.13653
  [ 53/53] rssm/prior      reward_run    h=0  K=1  R2_ridge=0.90361  R2_mlp=0.95052

Probing summary (held-out ridge R^2)
======================================

Per-frame content (target: state, horizon 0):
  RSSM posterior          R^2 = 0.95304
  static VAE latent (K=1) R^2 = None

Predictive content (RSSM posterior, target: state):
  horizon  0: R^2 = 0.95304
  horizon  1: R^2 = 0.43185
  horizon  5: R^2 = 0.14497
  horizon 20: R^2 = -0.00255

VAE receptive field (target: state, horizon 0):
  K=  1: R^2 = None
  K=  4: R^2 = None
  K= 16: R^2 = None
  K=all: R^2 = None

Reward probe (RSSM posterior, target: task reward, h=0):
  reward_stand  R^2 = 0.91889
  reward_walk   R^2 = 0.61071
  reward_run    R^2 = 0.90315

Held-out likelihood (mean NLL, lower is better):
  rssm_posterior_recon       0.6692
  rssm_prior_predictive      1.6414

Wrote results -> /scratch/midway3/rickybao/dreamerv3_runs/probes_random_seed1
[2] features: random seed2
Probe trajectories: 40 episodes x 1000 steps
Observations
  reward           Space(float32, shape=(), low=-inf, high=inf)
  is_first         Space(bool, shape=(), low=False, high=True)
  is_last          Space(bool, shape=(), low=False, high=True)
  is_terminal      Space(bool, shape=(), low=False, high=True)
  orientations     Space(float32, shape=(14,), low=-inf, high=inf)
  height           Space(float32, shape=(), low=-inf, high=inf)
  velocity         Space(float32, shape=(9,), low=-inf, high=inf)
Actions
  action           Space(float32, shape=(6,), low=-1.0, high=1.0)
Extras
  consec           Space(int32, shape=(), low=-2147483648, high=2147483647)
  stepid           Space(uint8, shape=(20,), low=0, high=255)
  dyn/deter        Space(float32, shape=(512,), low=-inf, high=inf)
  dyn/stoch        Space(float32, shape=(32, 4), low=-inf, high=inf)
JAX devices (1): [cuda:0]
Policy devices: cuda:0
Train devices:  cuda:0
Initializing parameters...
Optimizer opt has 425,624 params:
       364,416 dyn
        51,096 dec
        10,112 enc
Done initializing!
Compiling 1 checkpoint groups...
Largest checkpoint group: 0 GB
Compiling train and report...
Train cost analysis:
  FLOPS:            6.6e+07
  Memory (temp):    7.5e+07
  Memory (inputs):  7.9e+06
  Memory (outputs): 6.5e+06
  Memory (code):    9.8e+05

Report cost analysis:
  FLOPS:            2.0e+06
  Memory (temp):    9.3e+05
  Memory (inputs):  2.8e+06
  Memory (outputs): 2.1e+04
  Memory (code):    9.7e+04

Done compiling!
Loading checkpoint: /scratch/midway3/rickybao/dreamerv3_runs/pretrain_random_seed2/ckpt/20260517T204407F604304
Loaded checkpoint.
World model: obs=['height', 'orientations', 'velocity']  act=['action']  horizons=[1, 5, 20]
  world-model features: episodes 0-7
  world-model features: episodes 8-15
  world-model features: episodes 16-23
  world-model features: episodes 24-31
  world-model features: episodes 32-39
No --vae_ckpt given; extracting world-model features only.
Feature arrays:
  wm_enc                 (40, 1000, 64)
  wm_imag1_deter         (40, 1000, 512)
  wm_imag1_stoch         (40, 1000, 128)
  wm_imag20_deter        (40, 1000, 512)
  wm_imag20_stoch        (40, 1000, 128)
  wm_imag5_deter         (40, 1000, 512)
  wm_imag5_stoch         (40, 1000, 128)
  wm_post_deter          (40, 1000, 512)
  wm_post_nll            (40, 1000)
  wm_post_stoch          (40, 1000, 128)
  wm_prior_deter         (40, 1000, 512)
  wm_prior_nll           (40, 1000)
  wm_prior_stoch         (40, 1000, 128)
Saved -> /scratch/midway3/rickybao/dreamerv3_runs/probe_features/features_random_seed2.npz
[3] probes: random seed2
Episodes: 40 (test 12)  |  sites: ['enc', 'imag1', 'imag20', 'imag5', 'post_deter', 'post_stoch', 'posterior', 'prior']
Targets: ['gait_phase', 'horizontal_velocity', 'qpos', 'qvel', 'return_to_go', 'reward_run', 'reward_stand', 'reward_walk', 'state', 'time_to_fall', 'torso_height', 'torso_upright']
  [  1/53] rssm/enc        state         h=0  K=1  R2_ridge=0.89738  R2_mlp=0.96677
  [  2/53] rssm/posterior  state         h=0  K=1  R2_ridge=0.95259  R2_mlp=0.95241
  [  3/53] rssm/post_deter state         h=0  K=1  R2_ridge=0.89085  R2_mlp=0.87981
  [  4/53] rssm/post_stoch state         h=0  K=1  R2_ridge=0.25052  R2_mlp=0.43026
  [  5/53] rssm/prior      state         h=0  K=1  R2_ridge=0.91302  R2_mlp=0.89879
  [  6/53] rssm/enc        state         h=1  K=1  R2_ridge=0.35913  R2_mlp=0.41773
  [  7/53] rssm/posterior  state         h=1  K=1  R2_ridge=0.43769  R2_mlp=0.31018
  [  8/53] rssm/post_deter state         h=1  K=1  R2_ridge=0.4337  R2_mlp=0.32233
  [  9/53] rssm/post_stoch state         h=1  K=1  R2_ridge=0.07413  R2_mlp=0.10167
  [ 10/53] rssm/prior      state         h=1  K=1  R2_ridge=0.43688  R2_mlp=0.29994
  [ 11/53] rssm/imag1      state         h=1  K=1  R2_ridge=0.91305  R2_mlp=0.89816
  [ 12/53] rssm/enc        state         h=5  K=1  R2_ridge=0.13564  R2_mlp=0.09884
  [ 13/53] rssm/posterior  state         h=5  K=1  R2_ridge=0.14789  R2_mlp=-0.12667
  [ 14/53] rssm/post_deter state         h=5  K=1  R2_ridge=0.14714  R2_mlp=-0.09297
  [ 15/53] rssm/post_stoch state         h=5  K=1  R2_ridge=0.0222  R2_mlp=-0.03335
  [ 16/53] rssm/prior      state         h=5  K=1  R2_ridge=0.14717  R2_mlp=-0.10717
  [ 17/53] rssm/imag5      state         h=5  K=1  R2_ridge=0.82677  R2_mlp=0.79468
  [ 18/53] rssm/enc        state         h=20 K=1  R2_ridge=0.01307  R2_mlp=-0.06767
  [ 19/53] rssm/posterior  state         h=20 K=1  R2_ridge=-0.00278  R2_mlp=-0.34287
  [ 20/53] rssm/post_deter state         h=20 K=1  R2_ridge=0.00192  R2_mlp=-0.32155
  [ 21/53] rssm/post_stoch state         h=20 K=1  R2_ridge=0.00313  R2_mlp=-0.07984
  [ 22/53] rssm/prior      state         h=20 K=1  R2_ridge=0.00057  R2_mlp=-0.30561
  [ 23/53] rssm/imag20     state         h=20 K=1  R2_ridge=0.62192  R2_mlp=0.53615
  [ 24/53] rssm/enc        gait_phase    h=0  K=1  R2_ridge=0.46471  R2_mlp=0.47692
  [ 25/53] rssm/posterior  gait_phase    h=0  K=1  R2_ridge=0.56069  R2_mlp=0.42633
  [ 26/53] rssm/post_deter gait_phase    h=0  K=1  R2_ridge=0.55702  R2_mlp=0.41581
  [ 27/53] rssm/post_stoch gait_phase    h=0  K=1  R2_ridge=0.07811  R2_mlp=0.10298
  [ 28/53] rssm/prior      gait_phase    h=0  K=1  R2_ridge=0.55711  R2_mlp=0.42392
  [ 29/53] rssm/enc        return_to_go  h=0  K=1  R2_ridge=0.16278  R2_mlp=-0.04496
  [ 30/53] rssm/posterior  return_to_go  h=0  K=1  R2_ridge=0.13687  R2_mlp=-0.21965
  [ 31/53] rssm/post_deter return_to_go  h=0  K=1  R2_ridge=0.1372  R2_mlp=-0.24937
  [ 32/53] rssm/post_stoch return_to_go  h=0  K=1  R2_ridge=0.04228  R2_mlp=-0.10937
  [ 33/53] rssm/prior      return_to_go  h=0  K=1  R2_ridge=0.13926  R2_mlp=-0.24964
  [ 34/53] rssm/enc        time_to_fall  h=0  K=1  R2_ridge=0.42675  R2_mlp=0.66144
  [ 35/53] rssm/posterior  time_to_fall  h=0  K=1  R2_ridge=0.53049  R2_mlp=0.66637
  [ 36/53] rssm/post_deter time_to_fall  h=0  K=1  R2_ridge=0.5383  R2_mlp=0.60449
  [ 37/53] rssm/post_stoch time_to_fall  h=0  K=1  R2_ridge=0.11421  R2_mlp=0.13738
  [ 38/53] rssm/prior      time_to_fall  h=0  K=1  R2_ridge=0.53874  R2_mlp=0.64164
  [ 39/53] rssm/enc        reward_stand  h=0  K=1  R2_ridge=0.61346  R2_mlp=0.89394
  [ 40/53] rssm/posterior  reward_stand  h=0  K=1  R2_ridge=0.91368  R2_mlp=0.95514
  [ 41/53] rssm/post_deter reward_stand  h=0  K=1  R2_ridge=0.9128  R2_mlp=0.94786
  [ 42/53] rssm/post_stoch reward_stand  h=0  K=1  R2_ridge=0.15484  R2_mlp=0.35238
  [ 43/53] rssm/prior      reward_stand  h=0  K=1  R2_ridge=0.91285  R2_mlp=0.9476
  [ 44/53] rssm/enc        reward_walk   h=0  K=1  R2_ridge=0.45182  R2_mlp=0.59814
  [ 45/53] rssm/posterior  reward_walk   h=0  K=1  R2_ridge=0.6201  R2_mlp=0.69975
  [ 46/53] rssm/post_deter reward_walk   h=0  K=1  R2_ridge=0.62112  R2_mlp=0.64106
  [ 47/53] rssm/post_stoch reward_walk   h=0  K=1  R2_ridge=0.10927  R2_mlp=0.01179
  [ 48/53] rssm/prior      reward_walk   h=0  K=1  R2_ridge=0.6211  R2_mlp=0.65046
  [ 49/53] rssm/enc        reward_run    h=0  K=1  R2_ridge=0.62281  R2_mlp=0.88967
  [ 50/53] rssm/posterior  reward_run    h=0  K=1  R2_ridge=0.89276  R2_mlp=0.93695
  [ 51/53] rssm/post_deter reward_run    h=0  K=1  R2_ridge=0.89236  R2_mlp=0.92908
  [ 52/53] rssm/post_stoch reward_run    h=0  K=1  R2_ridge=0.1598  R2_mlp=0.32921
  [ 53/53] rssm/prior      reward_run    h=0  K=1  R2_ridge=0.89214  R2_mlp=0.93166

Probing summary (held-out ridge R^2)
======================================

Per-frame content (target: state, horizon 0):
  RSSM posterior          R^2 = 0.95259
  static VAE latent (K=1) R^2 = None

Predictive content (RSSM posterior, target: state):
  horizon  0: R^2 = 0.95259
  horizon  1: R^2 = 0.43769
  horizon  5: R^2 = 0.14789
  horizon 20: R^2 = -0.00278

VAE receptive field (target: state, horizon 0):
  K=  1: R^2 = None
  K=  4: R^2 = None
  K= 16: R^2 = None
  K=all: R^2 = None

Reward probe (RSSM posterior, target: task reward, h=0):
  reward_stand  R^2 = 0.91368
  reward_walk   R^2 = 0.6201
  reward_run    R^2 = 0.89276

Held-out likelihood (mean NLL, lower is better):
  rssm_posterior_recon       0.6749
  rssm_prior_predictive      1.6384

Wrote results -> /scratch/midway3/rickybao/dreamerv3_runs/probes_random_seed2
[2] features: p2e seed1
Probe trajectories: 40 episodes x 1000 steps
Observations
  reward           Space(float32, shape=(), low=-inf, high=inf)
  is_first         Space(bool, shape=(), low=False, high=True)
  is_last          Space(bool, shape=(), low=False, high=True)
  is_terminal      Space(bool, shape=(), low=False, high=True)
  orientations     Space(float32, shape=(14,), low=-inf, high=inf)
  height           Space(float32, shape=(), low=-inf, high=inf)
  velocity         Space(float32, shape=(9,), low=-inf, high=inf)
Actions
  action           Space(float32, shape=(6,), low=-1.0, high=1.0)
Extras
  consec           Space(int32, shape=(), low=-2147483648, high=2147483647)
  stepid           Space(uint8, shape=(20,), low=0, high=255)
  dyn/deter        Space(float32, shape=(512,), low=-inf, high=inf)
  dyn/stoch        Space(float32, shape=(32, 4), low=-inf, high=inf)
JAX devices (1): [cuda:0]
Policy devices: cuda:0
Train devices:  cuda:0
Initializing parameters...
Optimizer opt has 3,754,532 params:
     3,171,328 disag
       364,416 dyn
        66,111 val
        51,096 dec
        50,316 pol
        41,153 con
        10,112 enc
Done initializing!
Compiling 1 checkpoint groups...
Largest checkpoint group: 0 GB
Compiling train and report...
Train cost analysis:
  FLOPS:            5.4e+10
  Memory (temp):    8.5e+08
  Memory (inputs):  4.8e+07
  Memory (outputs): 4.7e+07
  Memory (code):    2.5e+06

Report cost analysis:
  FLOPS:            2.0e+06
  Memory (temp):    9.3e+05
  Memory (inputs):  2.8e+06
  Memory (outputs): 2.1e+04
  Memory (code):    9.7e+04

Done compiling!
Loading checkpoint: /scratch/midway3/rickybao/dreamerv3_runs/pretrain_p2e_seed1/ckpt/20260517T013918F712863
Loaded checkpoint.
World model: obs=['height', 'orientations', 'velocity']  act=['action']  horizons=[1, 5, 20]
  world-model features: episodes 0-7
  world-model features: episodes 8-15
  world-model features: episodes 16-23
  world-model features: episodes 24-31
  world-model features: episodes 32-39
No --vae_ckpt given; extracting world-model features only.
Feature arrays:
  wm_enc                 (40, 1000, 64)
  wm_imag1_deter         (40, 1000, 512)
  wm_imag1_stoch         (40, 1000, 128)
  wm_imag20_deter        (40, 1000, 512)
  wm_imag20_stoch        (40, 1000, 128)
  wm_imag5_deter         (40, 1000, 512)
  wm_imag5_stoch         (40, 1000, 128)
  wm_post_deter          (40, 1000, 512)
  wm_post_nll            (40, 1000)
  wm_post_stoch          (40, 1000, 128)
  wm_prior_deter         (40, 1000, 512)
  wm_prior_nll           (40, 1000)
  wm_prior_stoch         (40, 1000, 128)
Saved -> /scratch/midway3/rickybao/dreamerv3_runs/probe_features/features_p2e_seed1.npz
[3] probes: p2e seed1
Episodes: 40 (test 12)  |  sites: ['enc', 'imag1', 'imag20', 'imag5', 'post_deter', 'post_stoch', 'posterior', 'prior']
Targets: ['gait_phase', 'horizontal_velocity', 'qpos', 'qvel', 'return_to_go', 'reward_run', 'reward_stand', 'reward_walk', 'state', 'time_to_fall', 'torso_height', 'torso_upright']
  [  1/53] rssm/enc        state         h=0  K=1  R2_ridge=0.90182  R2_mlp=0.97679
  [  2/53] rssm/posterior  state         h=0  K=1  R2_ridge=0.94222  R2_mlp=0.95888
  [  3/53] rssm/post_deter state         h=0  K=1  R2_ridge=0.81742  R2_mlp=0.81559
  [  4/53] rssm/post_stoch state         h=0  K=1  R2_ridge=0.51573  R2_mlp=0.62986
  [  5/53] rssm/prior      state         h=0  K=1  R2_ridge=0.83946  R2_mlp=0.82978
  [  6/53] rssm/enc        state         h=1  K=1  R2_ridge=0.336  R2_mlp=0.4102
  [  7/53] rssm/posterior  state         h=1  K=1  R2_ridge=0.42476  R2_mlp=0.30847
  [  8/53] rssm/post_deter state         h=1  K=1  R2_ridge=0.39662  R2_mlp=0.296
  [  9/53] rssm/post_stoch state         h=1  K=1  R2_ridge=0.14148  R2_mlp=0.16126
  [ 10/53] rssm/prior      state         h=1  K=1  R2_ridge=0.40493  R2_mlp=0.28544
  [ 11/53] rssm/imag1      state         h=1  K=1  R2_ridge=0.83954  R2_mlp=0.82835
  [ 12/53] rssm/enc        state         h=5  K=1  R2_ridge=0.11981  R2_mlp=0.09627
  [ 13/53] rssm/posterior  state         h=5  K=1  R2_ridge=0.14572  R2_mlp=-0.07883
  [ 14/53] rssm/post_deter state         h=5  K=1  R2_ridge=0.14052  R2_mlp=-0.06382
  [ 15/53] rssm/post_stoch state         h=5  K=1  R2_ridge=0.04105  R2_mlp=-0.03032
  [ 16/53] rssm/prior      state         h=5  K=1  R2_ridge=0.14161  R2_mlp=-0.07924
  [ 17/53] rssm/imag5      state         h=5  K=1  R2_ridge=0.71117  R2_mlp=0.66585
  [ 18/53] rssm/enc        state         h=20 K=1  R2_ridge=0.01325  R2_mlp=-0.0601
  [ 19/53] rssm/posterior  state         h=20 K=1  R2_ridge=0.00176  R2_mlp=-0.29863
  [ 20/53] rssm/post_deter state         h=20 K=1  R2_ridge=0.00401  R2_mlp=-0.26959
  [ 21/53] rssm/post_stoch state         h=20 K=1  R2_ridge=0.00609  R2_mlp=-0.0908
  [ 22/53] rssm/prior      state         h=20 K=1  R2_ridge=0.00234  R2_mlp=-0.2751
  [ 23/53] rssm/imag20     state         h=20 K=1  R2_ridge=0.53361  R2_mlp=0.45023
  [ 24/53] rssm/enc        gait_phase    h=0  K=1  R2_ridge=0.43298  R2_mlp=0.48112
  [ 25/53] rssm/posterior  gait_phase    h=0  K=1  R2_ridge=0.54844  R2_mlp=0.40122
  [ 26/53] rssm/post_deter gait_phase    h=0  K=1  R2_ridge=0.53727  R2_mlp=0.37973
  [ 27/53] rssm/post_stoch gait_phase    h=0  K=1  R2_ridge=0.07832  R2_mlp=0.0927
  [ 28/53] rssm/prior      gait_phase    h=0  K=1  R2_ridge=0.53865  R2_mlp=0.38861
  [ 29/53] rssm/enc        return_to_go  h=0  K=1  R2_ridge=0.13277  R2_mlp=0.01282
  [ 30/53] rssm/posterior  return_to_go  h=0  K=1  R2_ridge=0.1482  R2_mlp=-0.24901
  [ 31/53] rssm/post_deter return_to_go  h=0  K=1  R2_ridge=0.14775  R2_mlp=-0.20269
  [ 32/53] rssm/post_stoch return_to_go  h=0  K=1  R2_ridge=0.01393  R2_mlp=-0.1822
  [ 33/53] rssm/prior      return_to_go  h=0  K=1  R2_ridge=0.14541  R2_mlp=-0.20937
  [ 34/53] rssm/enc        time_to_fall  h=0  K=1  R2_ridge=0.43878  R2_mlp=0.71498
  [ 35/53] rssm/posterior  time_to_fall  h=0  K=1  R2_ridge=0.65797  R2_mlp=0.82448
  [ 36/53] rssm/post_deter time_to_fall  h=0  K=1  R2_ridge=0.65897  R2_mlp=0.79478
  [ 37/53] rssm/post_stoch time_to_fall  h=0  K=1  R2_ridge=0.0433  R2_mlp=0.03039
  [ 38/53] rssm/prior      time_to_fall  h=0  K=1  R2_ridge=0.65999  R2_mlp=0.82427
  [ 39/53] rssm/enc        reward_stand  h=0  K=1  R2_ridge=0.66152  R2_mlp=0.95668
  [ 40/53] rssm/posterior  reward_stand  h=0  K=1  R2_ridge=0.93703  R2_mlp=0.97007
  [ 41/53] rssm/post_deter reward_stand  h=0  K=1  R2_ridge=0.9361  R2_mlp=0.9659
  [ 42/53] rssm/post_stoch reward_stand  h=0  K=1  R2_ridge=0.06447  R2_mlp=0.16868
  [ 43/53] rssm/prior      reward_stand  h=0  K=1  R2_ridge=0.93597  R2_mlp=0.96489
  [ 44/53] rssm/enc        reward_walk   h=0  K=1  R2_ridge=0.51942  R2_mlp=0.77156
  [ 45/53] rssm/posterior  reward_walk   h=0  K=1  R2_ridge=0.67592  R2_mlp=0.75806
  [ 46/53] rssm/post_deter reward_walk   h=0  K=1  R2_ridge=0.65398  R2_mlp=0.68409
  [ 47/53] rssm/post_stoch reward_walk   h=0  K=1  R2_ridge=0.07687  R2_mlp=0.03424
  [ 48/53] rssm/prior      reward_walk   h=0  K=1  R2_ridge=0.65526  R2_mlp=0.68598
  [ 49/53] rssm/enc        reward_run    h=0  K=1  R2_ridge=0.66913  R2_mlp=0.94757
  [ 50/53] rssm/posterior  reward_run    h=0  K=1  R2_ridge=0.92028  R2_mlp=0.95384
  [ 51/53] rssm/post_deter reward_run    h=0  K=1  R2_ridge=0.91906  R2_mlp=0.95101
  [ 52/53] rssm/post_stoch reward_run    h=0  K=1  R2_ridge=0.06296  R2_mlp=0.13787
  [ 53/53] rssm/prior      reward_run    h=0  K=1  R2_ridge=0.91877  R2_mlp=0.95376

Probing summary (held-out ridge R^2)
======================================

Per-frame content (target: state, horizon 0):
  RSSM posterior          R^2 = 0.94222
  static VAE latent (K=1) R^2 = None

Predictive content (RSSM posterior, target: state):
  horizon  0: R^2 = 0.94222
  horizon  1: R^2 = 0.42476
  horizon  5: R^2 = 0.14572
  horizon 20: R^2 = 0.00176

VAE receptive field (target: state, horizon 0):
  K=  1: R^2 = None
  K=  4: R^2 = None
  K= 16: R^2 = None
  K=all: R^2 = None

Reward probe (RSSM posterior, target: task reward, h=0):
  reward_stand  R^2 = 0.93703
  reward_walk   R^2 = 0.67592
  reward_run    R^2 = 0.92028

Held-out likelihood (mean NLL, lower is better):
  rssm_posterior_recon       0.9667
  rssm_prior_predictive      3.4742

Wrote results -> /scratch/midway3/rickybao/dreamerv3_runs/probes_p2e_seed1
[2] features: p2e seed2
Probe trajectories: 40 episodes x 1000 steps
Observations
  reward           Space(float32, shape=(), low=-inf, high=inf)
  is_first         Space(bool, shape=(), low=False, high=True)
  is_last          Space(bool, shape=(), low=False, high=True)
  is_terminal      Space(bool, shape=(), low=False, high=True)
  orientations     Space(float32, shape=(14,), low=-inf, high=inf)
  height           Space(float32, shape=(), low=-inf, high=inf)
  velocity         Space(float32, shape=(9,), low=-inf, high=inf)
Actions
  action           Space(float32, shape=(6,), low=-1.0, high=1.0)
Extras
  consec           Space(int32, shape=(), low=-2147483648, high=2147483647)
  stepid           Space(uint8, shape=(20,), low=0, high=255)
  dyn/deter        Space(float32, shape=(512,), low=-inf, high=inf)
  dyn/stoch        Space(float32, shape=(32, 4), low=-inf, high=inf)
JAX devices (1): [cuda:0]
Policy devices: cuda:0
Train devices:  cuda:0
Initializing parameters...
Optimizer opt has 3,754,532 params:
     3,171,328 disag
       364,416 dyn
        66,111 val
        51,096 dec
        50,316 pol
        41,153 con
        10,112 enc
Done initializing!
Compiling 1 checkpoint groups...
Largest checkpoint group: 0 GB
Compiling train and report...
Train cost analysis:
  FLOPS:            5.4e+10
  Memory (temp):    8.5e+08
  Memory (inputs):  4.8e+07
  Memory (outputs): 4.7e+07
  Memory (code):    2.5e+06

Report cost analysis:
  FLOPS:            2.0e+06
  Memory (temp):    9.3e+05
  Memory (inputs):  2.8e+06
  Memory (outputs): 2.1e+04
  Memory (code):    9.7e+04

Done compiling!
Loading checkpoint: /scratch/midway3/rickybao/dreamerv3_runs/pretrain_p2e_seed2/ckpt/20260517T222146F753894
Loaded checkpoint.
World model: obs=['height', 'orientations', 'velocity']  act=['action']  horizons=[1, 5, 20]
  world-model features: episodes 0-7
  world-model features: episodes 8-15
  world-model features: episodes 16-23
  world-model features: episodes 24-31
  world-model features: episodes 32-39
No --vae_ckpt given; extracting world-model features only.
Feature arrays:
  wm_enc                 (40, 1000, 64)
  wm_imag1_deter         (40, 1000, 512)
  wm_imag1_stoch         (40, 1000, 128)
  wm_imag20_deter        (40, 1000, 512)
  wm_imag20_stoch        (40, 1000, 128)
  wm_imag5_deter         (40, 1000, 512)
  wm_imag5_stoch         (40, 1000, 128)
  wm_post_deter          (40, 1000, 512)
  wm_post_nll            (40, 1000)
  wm_post_stoch          (40, 1000, 128)
  wm_prior_deter         (40, 1000, 512)
  wm_prior_nll           (40, 1000)
  wm_prior_stoch         (40, 1000, 128)
Saved -> /scratch/midway3/rickybao/dreamerv3_runs/probe_features/features_p2e_seed2.npz
[3] probes: p2e seed2
Episodes: 40 (test 12)  |  sites: ['enc', 'imag1', 'imag20', 'imag5', 'post_deter', 'post_stoch', 'posterior', 'prior']
Targets: ['gait_phase', 'horizontal_velocity', 'qpos', 'qvel', 'return_to_go', 'reward_run', 'reward_stand', 'reward_walk', 'state', 'time_to_fall', 'torso_height', 'torso_upright']
  [  1/53] rssm/enc        state         h=0  K=1  R2_ridge=0.90263  R2_mlp=0.97717
  [  2/53] rssm/posterior  state         h=0  K=1  R2_ridge=0.94061  R2_mlp=0.96033
  [  3/53] rssm/post_deter state         h=0  K=1  R2_ridge=0.81279  R2_mlp=0.81212
  [  4/53] rssm/post_stoch state         h=0  K=1  R2_ridge=0.51218  R2_mlp=0.65804
  [  5/53] rssm/prior      state         h=0  K=1  R2_ridge=0.83402  R2_mlp=0.8227
  [  6/53] rssm/enc        state         h=1  K=1  R2_ridge=0.34096  R2_mlp=0.40965
  [  7/53] rssm/posterior  state         h=1  K=1  R2_ridge=0.41966  R2_mlp=0.31273
  [  8/53] rssm/post_deter state         h=1  K=1  R2_ridge=0.3911  R2_mlp=0.29245
  [  9/53] rssm/post_stoch state         h=1  K=1  R2_ridge=0.15064  R2_mlp=0.16971
  [ 10/53] rssm/prior      state         h=1  K=1  R2_ridge=0.40033  R2_mlp=0.27755
  [ 11/53] rssm/imag1      state         h=1  K=1  R2_ridge=0.8341  R2_mlp=0.82477
  [ 12/53] rssm/enc        state         h=5  K=1  R2_ridge=0.11641  R2_mlp=0.10217
  [ 13/53] rssm/posterior  state         h=5  K=1  R2_ridge=0.14468  R2_mlp=-0.09782
  [ 14/53] rssm/post_deter state         h=5  K=1  R2_ridge=0.13812  R2_mlp=-0.06635
  [ 15/53] rssm/post_stoch state         h=5  K=1  R2_ridge=0.03681  R2_mlp=-0.0298
  [ 16/53] rssm/prior      state         h=5  K=1  R2_ridge=0.13901  R2_mlp=-0.09369
  [ 17/53] rssm/imag5      state         h=5  K=1  R2_ridge=0.70829  R2_mlp=0.66674
  [ 18/53] rssm/enc        state         h=20 K=1  R2_ridge=0.01253  R2_mlp=-0.06344
  [ 19/53] rssm/posterior  state         h=20 K=1  R2_ridge=0.00144  R2_mlp=-0.29933
  [ 20/53] rssm/post_deter state         h=20 K=1  R2_ridge=0.00401  R2_mlp=-0.2638
  [ 21/53] rssm/post_stoch state         h=20 K=1  R2_ridge=0.00567  R2_mlp=-0.10081
  [ 22/53] rssm/prior      state         h=20 K=1  R2_ridge=0.00269  R2_mlp=-0.2826
  [ 23/53] rssm/imag20     state         h=20 K=1  R2_ridge=0.53941  R2_mlp=0.45764
  [ 24/53] rssm/enc        gait_phase    h=0  K=1  R2_ridge=0.43933  R2_mlp=0.47385
  [ 25/53] rssm/posterior  gait_phase    h=0  K=1  R2_ridge=0.54389  R2_mlp=0.39851
  [ 26/53] rssm/post_deter gait_phase    h=0  K=1  R2_ridge=0.53326  R2_mlp=0.388
  [ 27/53] rssm/post_stoch gait_phase    h=0  K=1  R2_ridge=0.07077  R2_mlp=-0.00051
  [ 28/53] rssm/prior      gait_phase    h=0  K=1  R2_ridge=0.53425  R2_mlp=0.38402
  [ 29/53] rssm/enc        return_to_go  h=0  K=1  R2_ridge=0.14505  R2_mlp=-0.0081
  [ 30/53] rssm/posterior  return_to_go  h=0  K=1  R2_ridge=0.1434  R2_mlp=-0.24706
  [ 31/53] rssm/post_deter return_to_go  h=0  K=1  R2_ridge=0.14532  R2_mlp=-0.16462
  [ 32/53] rssm/post_stoch return_to_go  h=0  K=1  R2_ridge=0.02169  R2_mlp=-0.1718
  [ 33/53] rssm/prior      return_to_go  h=0  K=1  R2_ridge=0.14477  R2_mlp=-0.21709
  [ 34/53] rssm/enc        time_to_fall  h=0  K=1  R2_ridge=0.49559  R2_mlp=0.6756
  [ 35/53] rssm/posterior  time_to_fall  h=0  K=1  R2_ridge=0.5966  R2_mlp=0.7726
  [ 36/53] rssm/post_deter time_to_fall  h=0  K=1  R2_ridge=0.59765  R2_mlp=0.7495
  [ 37/53] rssm/post_stoch time_to_fall  h=0  K=1  R2_ridge=0.06049  R2_mlp=0.18666
  [ 38/53] rssm/prior      time_to_fall  h=0  K=1  R2_ridge=0.59553  R2_mlp=0.74767
  [ 39/53] rssm/enc        reward_stand  h=0  K=1  R2_ridge=0.66624  R2_mlp=0.92033
  [ 40/53] rssm/posterior  reward_stand  h=0  K=1  R2_ridge=0.91781  R2_mlp=0.97226
  [ 41/53] rssm/post_deter reward_stand  h=0  K=1  R2_ridge=0.91742  R2_mlp=0.96872
  [ 42/53] rssm/post_stoch reward_stand  h=0  K=1  R2_ridge=0.09085  R2_mlp=0.27492
  [ 43/53] rssm/prior      reward_stand  h=0  K=1  R2_ridge=0.9182  R2_mlp=0.9715
  [ 44/53] rssm/enc        reward_walk   h=0  K=1  R2_ridge=0.49228  R2_mlp=0.72521
  [ 45/53] rssm/posterior  reward_walk   h=0  K=1  R2_ridge=0.6264  R2_mlp=0.72561
  [ 46/53] rssm/post_deter reward_walk   h=0  K=1  R2_ridge=0.61195  R2_mlp=0.68551
  [ 47/53] rssm/post_stoch reward_walk   h=0  K=1  R2_ridge=0.07973  R2_mlp=0.06254
  [ 48/53] rssm/prior      reward_walk   h=0  K=1  R2_ridge=0.61507  R2_mlp=0.68472
  [ 49/53] rssm/enc        reward_run    h=0  K=1  R2_ridge=0.66801  R2_mlp=0.91596
  [ 50/53] rssm/posterior  reward_run    h=0  K=1  R2_ridge=0.90142  R2_mlp=0.96032
  [ 51/53] rssm/post_deter reward_run    h=0  K=1  R2_ridge=0.89995  R2_mlp=0.95547
  [ 52/53] rssm/post_stoch reward_run    h=0  K=1  R2_ridge=0.09449  R2_mlp=0.26543
  [ 53/53] rssm/prior      reward_run    h=0  K=1  R2_ridge=0.90105  R2_mlp=0.96092

Probing summary (held-out ridge R^2)
======================================

Per-frame content (target: state, horizon 0):
  RSSM posterior          R^2 = 0.94061
  static VAE latent (K=1) R^2 = None

Predictive content (RSSM posterior, target: state):
  horizon  0: R^2 = 0.94061
  horizon  1: R^2 = 0.41966
  horizon  5: R^2 = 0.14468
  horizon 20: R^2 = 0.00144

VAE receptive field (target: state, horizon 0):
  K=  1: R^2 = None
  K=  4: R^2 = None
  K= 16: R^2 = None
  K=all: R^2 = None

Reward probe (RSSM posterior, target: task reward, h=0):
  reward_stand  R^2 = 0.91781
  reward_walk   R^2 = 0.6264
  reward_run    R^2 = 0.90142

Held-out likelihood (mean NLL, lower is better):
  rssm_posterior_recon       1.0139
  rssm_prior_predictive      3.5245

Wrote results -> /scratch/midway3/rickybao/dreamerv3_runs/probes_p2e_seed2
[2] features: apt seed1
Probe trajectories: 40 episodes x 1000 steps
Observations
  reward           Space(float32, shape=(), low=-inf, high=inf)
  is_first         Space(bool, shape=(), low=False, high=True)
  is_last          Space(bool, shape=(), low=False, high=True)
  is_terminal      Space(bool, shape=(), low=False, high=True)
  orientations     Space(float32, shape=(14,), low=-inf, high=inf)
  height           Space(float32, shape=(), low=-inf, high=inf)
  velocity         Space(float32, shape=(9,), low=-inf, high=inf)
Actions
  action           Space(float32, shape=(6,), low=-1.0, high=1.0)
Extras
  consec           Space(int32, shape=(), low=-2147483648, high=2147483647)
  stepid           Space(uint8, shape=(20,), low=0, high=255)
  dyn/deter        Space(float32, shape=(512,), low=-inf, high=inf)
  dyn/stoch        Space(float32, shape=(32, 4), low=-inf, high=inf)
JAX devices (1): [cuda:0]
Policy devices: cuda:0
Train devices:  cuda:0
Initializing parameters...
Optimizer opt has 583,204 params:
       364,416 dyn
        66,111 val
        51,096 dec
        50,316 pol
        41,153 con
        10,112 enc
Done initializing!
Compiling 1 checkpoint groups...
Largest checkpoint group: 0 GB
Compiling train and report...
Train cost analysis:
  FLOPS:            3.6e+10
  Memory (temp):    2.6e+08
  Memory (inputs):  1.0e+07
  Memory (outputs): 8.6e+06
  Memory (code):    2.0e+06

Report cost analysis:
  FLOPS:            2.0e+06
  Memory (temp):    9.3e+05
  Memory (inputs):  2.8e+06
  Memory (outputs): 2.1e+04
  Memory (code):    9.7e+04

Done compiling!
Loading checkpoint: /scratch/midway3/rickybao/dreamerv3_runs/pretrain_apt_seed1/ckpt/20260517T180238F226879
Loaded checkpoint.
World model: obs=['height', 'orientations', 'velocity']  act=['action']  horizons=[1, 5, 20]
  world-model features: episodes 0-7
  world-model features: episodes 8-15
  world-model features: episodes 16-23
  world-model features: episodes 24-31
  world-model features: episodes 32-39
No --vae_ckpt given; extracting world-model features only.
Feature arrays:
  wm_enc                 (40, 1000, 64)
  wm_imag1_deter         (40, 1000, 512)
  wm_imag1_stoch         (40, 1000, 128)
  wm_imag20_deter        (40, 1000, 512)
  wm_imag20_stoch        (40, 1000, 128)
  wm_imag5_deter         (40, 1000, 512)
  wm_imag5_stoch         (40, 1000, 128)
  wm_post_deter          (40, 1000, 512)
  wm_post_nll            (40, 1000)
  wm_post_stoch          (40, 1000, 128)
  wm_prior_deter         (40, 1000, 512)
  wm_prior_nll           (40, 1000)
  wm_prior_stoch         (40, 1000, 128)
Saved -> /scratch/midway3/rickybao/dreamerv3_runs/probe_features/features_apt_seed1.npz
[3] probes: apt seed1
Episodes: 40 (test 12)  |  sites: ['enc', 'imag1', 'imag20', 'imag5', 'post_deter', 'post_stoch', 'posterior', 'prior']
Targets: ['gait_phase', 'horizontal_velocity', 'qpos', 'qvel', 'return_to_go', 'reward_run', 'reward_stand', 'reward_walk', 'state', 'time_to_fall', 'torso_height', 'torso_upright']
  [  1/53] rssm/enc        state         h=0  K=1  R2_ridge=0.92238  R2_mlp=0.97709
  [  2/53] rssm/posterior  state         h=0  K=1  R2_ridge=0.94364  R2_mlp=0.96074
  [  3/53] rssm/post_deter state         h=0  K=1  R2_ridge=0.83294  R2_mlp=0.83501
  [  4/53] rssm/post_stoch state         h=0  K=1  R2_ridge=0.58403  R2_mlp=0.69149
  [  5/53] rssm/prior      state         h=0  K=1  R2_ridge=0.86543  R2_mlp=0.85285
  [  6/53] rssm/enc        state         h=1  K=1  R2_ridge=0.33835  R2_mlp=0.40765
  [  7/53] rssm/posterior  state         h=1  K=1  R2_ridge=0.42995  R2_mlp=0.29711
  [  8/53] rssm/post_deter state         h=1  K=1  R2_ridge=0.40977  R2_mlp=0.29903
  [  9/53] rssm/post_stoch state         h=1  K=1  R2_ridge=0.16053  R2_mlp=0.18862
  [ 10/53] rssm/prior      state         h=1  K=1  R2_ridge=0.41739  R2_mlp=0.29216
  [ 11/53] rssm/imag1      state         h=1  K=1  R2_ridge=0.86544  R2_mlp=0.85385
  [ 12/53] rssm/enc        state         h=5  K=1  R2_ridge=0.11808  R2_mlp=0.09737
  [ 13/53] rssm/posterior  state         h=5  K=1  R2_ridge=0.14734  R2_mlp=-0.10966
  [ 14/53] rssm/post_deter state         h=5  K=1  R2_ridge=0.14164  R2_mlp=-0.06726
  [ 15/53] rssm/post_stoch state         h=5  K=1  R2_ridge=0.0438  R2_mlp=-0.01602
  [ 16/53] rssm/prior      state         h=5  K=1  R2_ridge=0.14373  R2_mlp=-0.09506
  [ 17/53] rssm/imag5      state         h=5  K=1  R2_ridge=0.75193  R2_mlp=0.71172
  [ 18/53] rssm/enc        state         h=20 K=1  R2_ridge=0.01343  R2_mlp=-0.06667
  [ 19/53] rssm/posterior  state         h=20 K=1  R2_ridge=0.00034  R2_mlp=-0.3365
  [ 20/53] rssm/post_deter state         h=20 K=1  R2_ridge=0.00339  R2_mlp=-0.28464
  [ 21/53] rssm/post_stoch state         h=20 K=1  R2_ridge=0.00494  R2_mlp=-0.17289
  [ 22/53] rssm/prior      state         h=20 K=1  R2_ridge=0.00179  R2_mlp=-0.29515
  [ 23/53] rssm/imag20     state         h=20 K=1  R2_ridge=0.57007  R2_mlp=0.47999
  [ 24/53] rssm/enc        gait_phase    h=0  K=1  R2_ridge=0.46303  R2_mlp=0.49053
  [ 25/53] rssm/posterior  gait_phase    h=0  K=1  R2_ridge=0.55693  R2_mlp=0.41457
  [ 26/53] rssm/post_deter gait_phase    h=0  K=1  R2_ridge=0.54801  R2_mlp=0.41026
  [ 27/53] rssm/post_stoch gait_phase    h=0  K=1  R2_ridge=0.07621  R2_mlp=0.06543
  [ 28/53] rssm/prior      gait_phase    h=0  K=1  R2_ridge=0.5504  R2_mlp=0.40447
  [ 29/53] rssm/enc        return_to_go  h=0  K=1  R2_ridge=0.14537  R2_mlp=-0.00695
  [ 30/53] rssm/posterior  return_to_go  h=0  K=1  R2_ridge=0.14477  R2_mlp=-0.218
  [ 31/53] rssm/post_deter return_to_go  h=0  K=1  R2_ridge=0.14388  R2_mlp=-0.23648
  [ 32/53] rssm/post_stoch return_to_go  h=0  K=1  R2_ridge=0.0402  R2_mlp=-0.48908
  [ 33/53] rssm/prior      return_to_go  h=0  K=1  R2_ridge=0.1422  R2_mlp=-0.22396
  [ 34/53] rssm/enc        time_to_fall  h=0  K=1  R2_ridge=0.43346  R2_mlp=0.74668
  [ 35/53] rssm/posterior  time_to_fall  h=0  K=1  R2_ridge=0.63209  R2_mlp=0.81644
  [ 36/53] rssm/post_deter time_to_fall  h=0  K=1  R2_ridge=0.63456  R2_mlp=0.79797
  [ 37/53] rssm/post_stoch time_to_fall  h=0  K=1  R2_ridge=0.07377  R2_mlp=0.0915
  [ 38/53] rssm/prior      time_to_fall  h=0  K=1  R2_ridge=0.63332  R2_mlp=0.8264
  [ 39/53] rssm/enc        reward_stand  h=0  K=1  R2_ridge=0.62053  R2_mlp=0.9342
  [ 40/53] rssm/posterior  reward_stand  h=0  K=1  R2_ridge=0.93711  R2_mlp=0.97373
  [ 41/53] rssm/post_deter reward_stand  h=0  K=1  R2_ridge=0.93672  R2_mlp=0.9716
  [ 42/53] rssm/post_stoch reward_stand  h=0  K=1  R2_ridge=0.08737  R2_mlp=0.30159
  [ 43/53] rssm/prior      reward_stand  h=0  K=1  R2_ridge=0.93685  R2_mlp=0.97411
  [ 44/53] rssm/enc        reward_walk   h=0  K=1  R2_ridge=0.47715  R2_mlp=0.66731
  [ 45/53] rssm/posterior  reward_walk   h=0  K=1  R2_ridge=0.62721  R2_mlp=0.69727
  [ 46/53] rssm/post_deter reward_walk   h=0  K=1  R2_ridge=0.61854  R2_mlp=0.63938
  [ 47/53] rssm/post_stoch reward_walk   h=0  K=1  R2_ridge=0.09566  R2_mlp=0.04352
  [ 48/53] rssm/prior      reward_walk   h=0  K=1  R2_ridge=0.6188  R2_mlp=0.66559
  [ 49/53] rssm/enc        reward_run    h=0  K=1  R2_ridge=0.61002  R2_mlp=0.92184
  [ 50/53] rssm/posterior  reward_run    h=0  K=1  R2_ridge=0.91281  R2_mlp=0.9635
  [ 51/53] rssm/post_deter reward_run    h=0  K=1  R2_ridge=0.91595  R2_mlp=0.95507
  [ 52/53] rssm/post_stoch reward_run    h=0  K=1  R2_ridge=0.09337  R2_mlp=0.24495
  [ 53/53] rssm/prior      reward_run    h=0  K=1  R2_ridge=0.9162  R2_mlp=0.96233

Probing summary (held-out ridge R^2)
======================================

Per-frame content (target: state, horizon 0):
  RSSM posterior          R^2 = 0.94364
  static VAE latent (K=1) R^2 = None

Predictive content (RSSM posterior, target: state):
  horizon  0: R^2 = 0.94364
  horizon  1: R^2 = 0.42995
  horizon  5: R^2 = 0.14734
  horizon 20: R^2 = 0.00034

VAE receptive field (target: state, horizon 0):
  K=  1: R^2 = None
  K=  4: R^2 = None
  K= 16: R^2 = None
  K=all: R^2 = None

Reward probe (RSSM posterior, target: task reward, h=0):
  reward_stand  R^2 = 0.93711
  reward_walk   R^2 = 0.62721
  reward_run    R^2 = 0.91281

Held-out likelihood (mean NLL, lower is better):
  rssm_posterior_recon       0.8399
  rssm_prior_predictive      2.6597

Wrote results -> /scratch/midway3/rickybao/dreamerv3_runs/probes_apt_seed1
[2] features: apt seed2
Probe trajectories: 40 episodes x 1000 steps
Observations
  reward           Space(float32, shape=(), low=-inf, high=inf)
  is_first         Space(bool, shape=(), low=False, high=True)
  is_last          Space(bool, shape=(), low=False, high=True)
  is_terminal      Space(bool, shape=(), low=False, high=True)
  orientations     Space(float32, shape=(14,), low=-inf, high=inf)
  height           Space(float32, shape=(), low=-inf, high=inf)
  velocity         Space(float32, shape=(9,), low=-inf, high=inf)
Actions
  action           Space(float32, shape=(6,), low=-1.0, high=1.0)
Extras
  consec           Space(int32, shape=(), low=-2147483648, high=2147483647)
  stepid           Space(uint8, shape=(20,), low=0, high=255)
  dyn/deter        Space(float32, shape=(512,), low=-inf, high=inf)
  dyn/stoch        Space(float32, shape=(32, 4), low=-inf, high=inf)
JAX devices (1): [cuda:0]
Policy devices: cuda:0
Train devices:  cuda:0
Initializing parameters...
Optimizer opt has 583,204 params:
       364,416 dyn
        66,111 val
        51,096 dec
        50,316 pol
        41,153 con
        10,112 enc
Done initializing!
Compiling 1 checkpoint groups...
Largest checkpoint group: 0 GB
Compiling train and report...
Train cost analysis:
  FLOPS:            3.6e+10
  Memory (temp):    2.6e+08
  Memory (inputs):  1.0e+07
  Memory (outputs): 8.6e+06
  Memory (code):    2.0e+06

Report cost analysis:
  FLOPS:            2.0e+06
  Memory (temp):    9.3e+05
  Memory (inputs):  2.8e+06
  Memory (outputs): 2.1e+04
  Memory (code):    9.7e+04

Done compiling!
Loading checkpoint: /scratch/midway3/rickybao/dreamerv3_runs/pretrain_apt_seed2/ckpt/20260518T062131F613125
Loaded checkpoint.
World model: obs=['height', 'orientations', 'velocity']  act=['action']  horizons=[1, 5, 20]
  world-model features: episodes 0-7
  world-model features: episodes 8-15
  world-model features: episodes 16-23
  world-model features: episodes 24-31
  world-model features: episodes 32-39
No --vae_ckpt given; extracting world-model features only.
Feature arrays:
  wm_enc                 (40, 1000, 64)
  wm_imag1_deter         (40, 1000, 512)
  wm_imag1_stoch         (40, 1000, 128)
  wm_imag20_deter        (40, 1000, 512)
  wm_imag20_stoch        (40, 1000, 128)
  wm_imag5_deter         (40, 1000, 512)
  wm_imag5_stoch         (40, 1000, 128)
  wm_post_deter          (40, 1000, 512)
  wm_post_nll            (40, 1000)
  wm_post_stoch          (40, 1000, 128)
  wm_prior_deter         (40, 1000, 512)
  wm_prior_nll           (40, 1000)
  wm_prior_stoch         (40, 1000, 128)
Saved -> /scratch/midway3/rickybao/dreamerv3_runs/probe_features/features_apt_seed2.npz
[3] probes: apt seed2
Episodes: 40 (test 12)  |  sites: ['enc', 'imag1', 'imag20', 'imag5', 'post_deter', 'post_stoch', 'posterior', 'prior']
Targets: ['gait_phase', 'horizontal_velocity', 'qpos', 'qvel', 'return_to_go', 'reward_run', 'reward_stand', 'reward_walk', 'state', 'time_to_fall', 'torso_height', 'torso_upright']
  [  1/53] rssm/enc        state         h=0  K=1  R2_ridge=0.91046  R2_mlp=0.97661
  [  2/53] rssm/posterior  state         h=0  K=1  R2_ridge=0.9446  R2_mlp=0.96042
  [  3/53] rssm/post_deter state         h=0  K=1  R2_ridge=0.83746  R2_mlp=0.83684
  [  4/53] rssm/post_stoch state         h=0  K=1  R2_ridge=0.503  R2_mlp=0.6363
  [  5/53] rssm/prior      state         h=0  K=1  R2_ridge=0.8644  R2_mlp=0.85296
  [  6/53] rssm/enc        state         h=1  K=1  R2_ridge=0.3426  R2_mlp=0.41336
  [  7/53] rssm/posterior  state         h=1  K=1  R2_ridge=0.42965  R2_mlp=0.3089
  [  8/53] rssm/post_deter state         h=1  K=1  R2_ridge=0.41009  R2_mlp=0.30929
  [  9/53] rssm/post_stoch state         h=1  K=1  R2_ridge=0.13694  R2_mlp=0.16139
  [ 10/53] rssm/prior      state         h=1  K=1  R2_ridge=0.41846  R2_mlp=0.29569
  [ 11/53] rssm/imag1      state         h=1  K=1  R2_ridge=0.86442  R2_mlp=0.84855
  [ 12/53] rssm/enc        state         h=5  K=1  R2_ridge=0.12121  R2_mlp=0.0957
  [ 13/53] rssm/posterior  state         h=5  K=1  R2_ridge=0.14688  R2_mlp=-0.10084
  [ 14/53] rssm/post_deter state         h=5  K=1  R2_ridge=0.14193  R2_mlp=-0.05575
  [ 15/53] rssm/post_stoch state         h=5  K=1  R2_ridge=0.03776  R2_mlp=-0.02638
  [ 16/53] rssm/prior      state         h=5  K=1  R2_ridge=0.14338  R2_mlp=-0.08422
  [ 17/53] rssm/imag5      state         h=5  K=1  R2_ridge=0.7478  R2_mlp=0.71168
  [ 18/53] rssm/enc        state         h=20 K=1  R2_ridge=0.01276  R2_mlp=-0.06638
  [ 19/53] rssm/posterior  state         h=20 K=1  R2_ridge=0.00104  R2_mlp=-0.32328
  [ 20/53] rssm/post_deter state         h=20 K=1  R2_ridge=0.003  R2_mlp=-0.27582
  [ 21/53] rssm/post_stoch state         h=20 K=1  R2_ridge=0.00629  R2_mlp=-0.09388
  [ 22/53] rssm/prior      state         h=20 K=1  R2_ridge=0.00138  R2_mlp=-0.29565
  [ 23/53] rssm/imag20     state         h=20 K=1  R2_ridge=0.564  R2_mlp=0.47841
  [ 24/53] rssm/enc        gait_phase    h=0  K=1  R2_ridge=0.43525  R2_mlp=0.47615
  [ 25/53] rssm/posterior  gait_phase    h=0  K=1  R2_ridge=0.55576  R2_mlp=0.41467
  [ 26/53] rssm/post_deter gait_phase    h=0  K=1  R2_ridge=0.54793  R2_mlp=0.41146
  [ 27/53] rssm/post_stoch gait_phase    h=0  K=1  R2_ridge=0.07004  R2_mlp=0.06696
  [ 28/53] rssm/prior      gait_phase    h=0  K=1  R2_ridge=0.54829  R2_mlp=0.40053
  [ 29/53] rssm/enc        return_to_go  h=0  K=1  R2_ridge=0.16985  R2_mlp=0.03214
  [ 30/53] rssm/posterior  return_to_go  h=0  K=1  R2_ridge=0.15153  R2_mlp=-0.21361
  [ 31/53] rssm/post_deter return_to_go  h=0  K=1  R2_ridge=0.1515  R2_mlp=-0.2163
  [ 32/53] rssm/post_stoch return_to_go  h=0  K=1  R2_ridge=0.00676  R2_mlp=-0.14851
  [ 33/53] rssm/prior      return_to_go  h=0  K=1  R2_ridge=0.15312  R2_mlp=-0.2284
  [ 34/53] rssm/enc        time_to_fall  h=0  K=1  R2_ridge=0.45688  R2_mlp=0.68275
  [ 35/53] rssm/posterior  time_to_fall  h=0  K=1  R2_ridge=0.66265  R2_mlp=0.75422
  [ 36/53] rssm/post_deter time_to_fall  h=0  K=1  R2_ridge=0.66652  R2_mlp=0.75616
  [ 37/53] rssm/post_stoch time_to_fall  h=0  K=1  R2_ridge=0.03172  R2_mlp=0.20374
  [ 38/53] rssm/prior      time_to_fall  h=0  K=1  R2_ridge=0.6642  R2_mlp=0.76418
  [ 39/53] rssm/enc        reward_stand  h=0  K=1  R2_ridge=0.66072  R2_mlp=0.94452
  [ 40/53] rssm/posterior  reward_stand  h=0  K=1  R2_ridge=0.93839  R2_mlp=0.97466
  [ 41/53] rssm/post_deter reward_stand  h=0  K=1  R2_ridge=0.93717  R2_mlp=0.96957
  [ 42/53] rssm/post_stoch reward_stand  h=0  K=1  R2_ridge=0.0502  R2_mlp=0.17678
  [ 43/53] rssm/prior      reward_stand  h=0  K=1  R2_ridge=0.93763  R2_mlp=0.97088
  [ 44/53] rssm/enc        reward_walk   h=0  K=1  R2_ridge=0.49955  R2_mlp=0.74509
  [ 45/53] rssm/posterior  reward_walk   h=0  K=1  R2_ridge=0.65556  R2_mlp=0.72466
  [ 46/53] rssm/post_deter reward_walk   h=0  K=1  R2_ridge=0.64644  R2_mlp=0.67585
  [ 47/53] rssm/post_stoch reward_walk   h=0  K=1  R2_ridge=0.04814  R2_mlp=-0.02074
  [ 48/53] rssm/prior      reward_walk   h=0  K=1  R2_ridge=0.64602  R2_mlp=0.66545
  [ 49/53] rssm/enc        reward_run    h=0  K=1  R2_ridge=0.66629  R2_mlp=0.93393
  [ 50/53] rssm/posterior  reward_run    h=0  K=1  R2_ridge=0.91937  R2_mlp=0.95865
  [ 51/53] rssm/post_deter reward_run    h=0  K=1  R2_ridge=0.91765  R2_mlp=0.95386
  [ 52/53] rssm/post_stoch reward_run    h=0  K=1  R2_ridge=0.05106  R2_mlp=0.18812
  [ 53/53] rssm/prior      reward_run    h=0  K=1  R2_ridge=0.91769  R2_mlp=0.95835

Probing summary (held-out ridge R^2)
======================================

Per-frame content (target: state, horizon 0):
  RSSM posterior          R^2 = 0.9446
  static VAE latent (K=1) R^2 = None

Predictive content (RSSM posterior, target: state):
  horizon  0: R^2 = 0.9446
  horizon  1: R^2 = 0.42965
  horizon  5: R^2 = 0.14688
  horizon 20: R^2 = 0.00104

VAE receptive field (target: state, horizon 0):
  K=  1: R^2 = None
  K=  4: R^2 = None
  K= 16: R^2 = None
  K=all: R^2 = None

Reward probe (RSSM posterior, target: task reward, h=0):
  reward_stand  R^2 = 0.93839
  reward_walk   R^2 = 0.65556
  reward_run    R^2 = 0.91937

Held-out likelihood (mean NLL, lower is better):
  rssm_posterior_recon       0.8450
  rssm_prior_predictive      2.6569

Wrote results -> /scratch/midway3/rickybao/dreamerv3_runs/probes_apt_seed2
[4] coverage over pretraining replay buffers
Observation keys: ['height', 'orientations', 'velocity']
[random_seed1] loading /scratch/midway3/rickybao/dreamerv3_runs/pretrain_random_seed1/replay
  /scratch/midway3/rickybao/dreamerv3_runs/pretrain_random_seed1/replay: 608 chunks
Loaded 477776 frames; keys: {'height': 1, 'orientations': 14, 'velocity': 9}
Subsampled to 3000 frames
[random_seed2] loading /scratch/midway3/rickybao/dreamerv3_runs/pretrain_random_seed2/replay
  /scratch/midway3/rickybao/dreamerv3_runs/pretrain_random_seed2/replay: 640 chunks
Loaded 497648 frames; keys: {'height': 1, 'orientations': 14, 'velocity': 9}
Subsampled to 3000 frames
[p2e_seed1] loading /scratch/midway3/rickybao/dreamerv3_runs/pretrain_p2e_seed1/replay
  /scratch/midway3/rickybao/dreamerv3_runs/pretrain_p2e_seed1/replay: 544 chunks
Loaded 492272 frames; keys: {'height': 1, 'orientations': 14, 'velocity': 9}
Subsampled to 3000 frames
[p2e_seed2] loading /scratch/midway3/rickybao/dreamerv3_runs/pretrain_p2e_seed2/replay
  /scratch/midway3/rickybao/dreamerv3_runs/pretrain_p2e_seed2/replay: 608 chunks
Loaded 491312 frames; keys: {'height': 1, 'orientations': 14, 'velocity': 9}
Subsampled to 3000 frames
[apt_seed1] loading /scratch/midway3/rickybao/dreamerv3_runs/pretrain_apt_seed1/replay
  /scratch/midway3/rickybao/dreamerv3_runs/pretrain_apt_seed1/replay: 1408 chunks
Loaded 497872 frames; keys: {'height': 1, 'orientations': 14, 'velocity': 9}
Subsampled to 3000 frames
[apt_seed2] loading /scratch/midway3/rickybao/dreamerv3_runs/pretrain_apt_seed2/replay
  /scratch/midway3/rickybao/dreamerv3_runs/pretrain_apt_seed2/replay: 1120 chunks
Loaded 495984 frames; keys: {'height': 1, 'orientations': 14, 'velocity': 9}
Subsampled to 3000 frames
  random_seed1       particle_entropy=1.0989  hist_entropy_2d=4.8663
  random_seed2       particle_entropy=1.1018  hist_entropy_2d=4.8979
  p2e_seed1          particle_entropy=1.4326  hist_entropy_2d=5.6241
  p2e_seed2          particle_entropy=1.3404  hist_entropy_2d=5.5100
  apt_seed1          particle_entropy=1.2274  hist_entropy_2d=5.2305
  apt_seed2          particle_entropy=1.2964  hist_entropy_2d=5.3594
Wrote -> /scratch/midway3/rickybao/dreamerv3_runs/coverage/coverage.json
[5] synthesis

Section-H synthesis: early-adaptation AUC vs representation
============================================================

Early-AUC window: first 125000 steps.
Correlations over pretrained conditions ('random', 'p2e', 'apt') x seeds [1, 2].

[task: stand]  AUC available for 6/6 runs
  corr(AUC, state_h0        ) = -0.919   (n=6)
  corr(AUC, state_h5        ) = -0.470   (n=6)
  corr(AUC, state_h20       ) = +0.940   (n=6)
  corr(AUC, gait_phase      ) = -0.742   (n=6)
  corr(AUC, time_to_fall    ) = +0.752   (n=6)
  corr(AUC, reward_stand    ) = +0.559   (n=6)
  corr(AUC, reward_walk     ) = +0.697   (n=6)
  corr(AUC, reward_run      ) = +0.667   (n=6)
  corr(AUC, particle_entropy) = +0.960   (n=6)
  corr(AUC, hist_entropy_2d ) = +0.961   (n=6)

[task: walk]  AUC available for 5/6 runs
  corr(AUC, state_h0        ) = -0.721   (n=5)
  corr(AUC, state_h5        ) = -0.672   (n=5)
  corr(AUC, state_h20       ) = +0.745   (n=5)
  corr(AUC, gait_phase      ) = -0.896   (n=5)
  corr(AUC, time_to_fall    ) = +0.370   (n=5)
  corr(AUC, reward_stand    ) = +0.009   (n=5)
  corr(AUC, reward_walk     ) = +0.489   (n=5)
  corr(AUC, reward_run      ) = +0.222   (n=5)
  corr(AUC, particle_entropy) = +0.804   (n=5)
  corr(AUC, hist_entropy_2d ) = +0.817   (n=5)

[task: run]  AUC available for 4/6 runs
  corr(AUC, state_h0        ) = -0.952   (n=4)
  corr(AUC, state_h5        ) = -0.650   (n=4)
  corr(AUC, state_h20       ) = +0.980   (n=4)
  corr(AUC, gait_phase      ) = -0.898   (n=4)
  corr(AUC, time_to_fall    ) = +0.891   (n=4)
  corr(AUC, reward_stand    ) = +0.697   (n=4)
  corr(AUC, reward_walk     ) = +0.699   (n=4)
  corr(AUC, reward_run      ) = +0.755   (n=4)
  corr(AUC, particle_entropy) = +0.958   (n=4)
  corr(AUC, hist_entropy_2d ) = +0.962   (n=4)


Wrote -> /scratch/midway3/rickybao/dreamerv3_runs/g_synthesis/g_table.csv
Wrote -> /scratch/midway3/rickybao/dreamerv3_runs/g_synthesis/correlations.txt
Section-G analysis finished | Mon May 18 11:18:48 CDT 2026
Outputs under /scratch/midway3/rickybao/dreamerv3_runs: probes_*/, coverage/, g_synthesis/
