Smoke pretraining | Cond: p2e | Job ID: 49710460 | Sat May 16 12:52:54 CDT 2026
GPU check:
Sat May 16 12:52:54 2026       
+---------------------------------------------------------------------------------------+
| NVIDIA-SMI 535.216.03             Driver Version: 535.216.03   CUDA Version: 12.2     |
|-----------------------------------------+----------------------+----------------------+
| GPU  Name                 Persistence-M | Bus-Id        Disp.A | Volatile Uncorr. ECC |
| Fan  Temp   Perf          Pwr:Usage/Cap |         Memory-Usage | GPU-Util  Compute M. |
|                                         |                      |               MIG M. |
|=========================================+======================+======================|
|   0  Quadro RTX 6000                On  | 00000000:2F:00.0 Off |                  Off |
| N/A   31C    P8              13W / 250W |      0MiB / 24576MiB |      0%      Default |
|                                         |                      |                  N/A |
+-----------------------------------------+----------------------+----------------------+
                                                                                         
+---------------------------------------------------------------------------------------+
| Processes:                                                                            |
|  GPU   GI   CI        PID   Type   Process name                            GPU Memory |
|        ID   ID                                                             Usage      |
|=======================================================================================|
|  No running processes found                                                           |
+---------------------------------------------------------------------------------------+
Starting 20K-step smoke run: condition=p2e
---  ___                           __   ______ ---
--- |   \ _ _ ___ __ _ _ __  ___ _ \ \ / /__ / ---
--- | |) | '_/ -_) _` | '  \/ -_) '/\ V / |_ \ ---
--- |___/|_| \___\__,_|_|_|_\___|_|  \_/ |___/ ---
Replica: 0 / 1
Logdir: /scratch/midway3/rickybao/dreamerv3_runs/smoke_pretrain_p2e_49710460
Run script: train
Observations
  reward           Space(float32, shape=(), low=-inf, high=inf)
  is_first         Space(bool, shape=(), low=False, high=True)
  is_last          Space(bool, shape=(), low=False, high=True)
  is_terminal      Space(bool, shape=(), low=False, high=True)
  orientations     Space(float32, shape=(14,), low=-inf, high=inf)
  height           Space(float32, shape=(), low=-inf, high=inf)
  velocity         Space(float32, shape=(9,), low=-inf, high=inf)
Actions
  action           Space(float32, shape=(6,), low=-1.0, high=1.0)
Extras
  consec           Space(int32, shape=(), low=-2147483648, high=2147483647)
  stepid           Space(uint8, shape=(20,), low=0, high=255)
  dyn/deter        Space(float32, shape=(512,), low=-inf, high=inf)
  dyn/stoch        Space(float32, shape=(32, 4), low=-inf, high=inf)
JAX devices (1): [cuda:0]
Policy devices: cuda:0
Train devices:  cuda:0
Initializing parameters...
Optimizer opt has 2,701,860 params:
     2,118,656 disag
       364,416 dyn
        66,111 val
        51,096 dec
        50,316 pol
        41,153 con
        10,112 enc
Done initializing!
Compiling 1 checkpoint groups...
Largest checkpoint group: 0 GB
Compiling train and report...
Train cost analysis:
  FLOPS:            5.3e+10
  Memory (temp):    3.4e+08
  Memory (inputs):  3.6e+07
  Memory (outputs): 3.4e+07
  Memory (code):    2.5e+06

Report cost analysis:
  FLOPS:            2.0e+06
  Memory (temp):    9.3e+05
  Memory (inputs):  2.8e+06
  Memory (outputs): 2.1e+04
  Memory (code):    9.7e+04

Done compiling!
Did not find any checkpoint.
Saving checkpoint: /scratch/midway3/rickybao/dreamerv3_runs/smoke_pretrain_p2e_49710460/ckpt/20260516T125358F904685
Saved checkpoint.
Start training loop
Start JAX profiler: /scratch/midway3/rickybao/dreamerv3_runs/smoke_pretrain_p2e_49710460
Stop JAX profiler

--------------------[Agent Step 3_936]--------------------
Metrics filtered by: 'score|length|fps|ratio|train/loss/|train/rand/'
train/loss/con 0.12 / train/loss/disag 0.24 / train/loss/dyn 5.78 / train/loss/height 0.04 / train/loss/orientations 2.87 / train/loss/policy 0.44 / train/loss/rep 5.78 / train/loss/value 3.59 / train/loss/velocity 11.22 / replay/replay_ratio 675 / fps/policy 31.79 / fps/train 1.6e4

Writing metrics: /scratch/midway3/rickybao/dreamerv3_runs/smoke_pretrain_p2e_49710460/metrics.jsonl
Writing metrics: /scratch/midway3/rickybao/dreamerv3_runs/smoke_pretrain_p2e_49710460/scores.jsonl

--------------------[Agent Step 6_048]--------------------
Metrics filtered by: 'score|length|fps|ratio|train/loss/|train/rand/'
train/loss/con 0.02 / train/loss/disag 0.17 / train/loss/dyn 7 / train/loss/height 0.01 / train/loss/orientations 0.9 / train/loss/policy 0.06 / train/loss/rep 7 / train/loss/value 0.78 / train/loss/velocity 2.59 / replay/replay_ratio 1040 / fps/policy 17.54 / fps/train 1.8e4

Writing metrics: /scratch/midway3/rickybao/dreamerv3_runs/smoke_pretrain_p2e_49710460/metrics.jsonlWriting metrics: /scratch/midway3/rickybao/dreamerv3_runs/smoke_pretrain_p2e_49710460/scores.jsonl


--------------------[Agent Step 8_160]--------------------
Metrics filtered by: 'score|length|fps|ratio|train/loss/|train/rand/'
train/loss/con 0.02 / train/loss/disag 0.16 / train/loss/dyn 6.61 / train/loss/height 9.1e-3 / train/loss/orientations 0.67 / train/loss/policy 0.02 / train/loss/rep 6.61 / train/loss/value 0.13 / train/loss/velocity 1.99 / replay/replay_ratio 1040 / fps/policy 17.54 / fps/train 1.8e4

Writing metrics: /scratch/midway3/rickybao/dreamerv3_runs/smoke_pretrain_p2e_49710460/metrics.jsonlWriting metrics: /scratch/midway3/rickybao/dreamerv3_runs/smoke_pretrain_p2e_49710460/scores.jsonl


--------------------[Agent Step 10_288]--------------------
Metrics filtered by: 'score|length|fps|ratio|train/loss/|train/rand/'
train/loss/con 0.02 / train/loss/disag 0.16 / train/loss/dyn 6.06 / train/loss/height 6.5e-3 / train/loss/orientations 0.54 / train/loss/policy 0.03 / train/loss/rep 6.06 / train/loss/value 0.42 / train/loss/velocity 1.63 / replay/replay_ratio 1040 / fps/policy 17.68 / fps/train 1.8e4

Writing metrics: /scratch/midway3/rickybao/dreamerv3_runs/smoke_pretrain_p2e_49710460/metrics.jsonl
Writing metrics: /scratch/midway3/rickybao/dreamerv3_runs/smoke_pretrain_p2e_49710460/scores.jsonl

--------------------[Agent Step 12_416]--------------------
Metrics filtered by: 'score|length|fps|ratio|train/loss/|train/rand/'
train/loss/con 0.02 / train/loss/disag 0.16 / train/loss/dyn 5.9 / train/loss/height 7.6e-3 / train/loss/orientations 0.53 / train/loss/policy 0.02 / train/loss/rep 5.9 / train/loss/value 1.3 / train/loss/velocity 1.65 / replay/replay_ratio 1040 / fps/policy 17.66 / fps/train 1.8e4

Writing metrics: /scratch/midway3/rickybao/dreamerv3_runs/smoke_pretrain_p2e_49710460/metrics.jsonlWriting metrics: /scratch/midway3/rickybao/dreamerv3_runs/smoke_pretrain_p2e_49710460/scores.jsonl


--------------------[Agent Step 14_544]--------------------
Metrics filtered by: 'score|length|fps|ratio|train/loss/|train/rand/'
train/loss/con 0.02 / train/loss/disag 0.16 / train/loss/dyn 6.01 / train/loss/height 8.8e-3 / train/loss/orientations 0.65 / train/loss/policy 0.02 / train/loss/rep 6.01 / train/loss/value 0.62 / train/loss/velocity 1.68 / replay/replay_ratio 1040 / fps/policy 17.69 / fps/train 1.8e4

Writing metrics: /scratch/midway3/rickybao/dreamerv3_runs/smoke_pretrain_p2e_49710460/scores.jsonlWriting metrics: /scratch/midway3/rickybao/dreamerv3_runs/smoke_pretrain_p2e_49710460/metrics.jsonl


--------------------[Agent Step 16_672]--------------------
Metrics filtered by: 'score|length|fps|ratio|train/loss/|train/rand/'
episode/score 50.31 / episode/length 1001 / train/loss/con 0.02 / train/loss/disag 0.16 / train/loss/dyn 6.05 / train/loss/height 8.7e-3 / train/loss/orientations 0.67 / train/loss/policy 0.02 / train/loss/rep 6.05 / train/loss/value 0.69 / train/loss/velocity 1.61 / replay/replay_ratio 1040 / fps/policy 17.7 / fps/train 1.8e4

Writing metrics: /scratch/midway3/rickybao/dreamerv3_runs/smoke_pretrain_p2e_49710460/scores.jsonlWriting metrics: /scratch/midway3/rickybao/dreamerv3_runs/smoke_pretrain_p2e_49710460/metrics.jsonl

Saving checkpoint: /scratch/midway3/rickybao/dreamerv3_runs/smoke_pretrain_p2e_49710460/ckpt/20260516T130901F730305
Saved checkpoint.

--------------------[Agent Step 18_720]--------------------
Metrics filtered by: 'score|length|fps|ratio|train/loss/|train/rand/'
train/loss/con 0.02 / train/loss/disag 0.16 / train/loss/dyn 6.21 / train/loss/height 9.9e-3 / train/loss/orientations 0.7 / train/loss/policy 9.5e-3 / train/loss/rep 6.21 / train/loss/value 1.28 / train/loss/velocity 1.68 / replay/replay_ratio 1040 / fps/policy 17 / fps/train 1.7e4

Writing metrics: /scratch/midway3/rickybao/dreamerv3_runs/smoke_pretrain_p2e_49710460/metrics.jsonlWriting metrics: /scratch/midway3/rickybao/dreamerv3_runs/smoke_pretrain_p2e_49710460/scores.jsonl

Smoke run finished | Sat May 16 13:11:21 CDT 2026 | Logdir: /scratch/midway3/rickybao/dreamerv3_runs/smoke_pretrain_p2e_49710460
Check /scratch/midway3/rickybao/dreamerv3_runs/smoke_pretrain_p2e_49710460/metrics.jsonl for expl/intr_rew and train/loss/disag.
