Smoke pretraining | Cond: p2e | Job ID: 49712832 | Sat May 16 14:30:47 CDT 2026
GPU check:
Sat May 16 14:30:47 2026       
+---------------------------------------------------------------------------------------+
| NVIDIA-SMI 535.216.03             Driver Version: 535.216.03   CUDA Version: 12.2     |
|-----------------------------------------+----------------------+----------------------+
| GPU  Name                 Persistence-M | Bus-Id        Disp.A | Volatile Uncorr. ECC |
| Fan  Temp   Perf          Pwr:Usage/Cap |         Memory-Usage | GPU-Util  Compute M. |
|                                         |                      |               MIG M. |
|=========================================+======================+======================|
|   0  Tesla V100-PCIE-16GB           On  | 00000000:06:00.0 Off |                  Off |
| N/A   36C    P0              25W / 250W |      0MiB / 16384MiB |      0%      Default |
|                                         |                      |                  N/A |
+-----------------------------------------+----------------------+----------------------+
                                                                                         
+---------------------------------------------------------------------------------------+
| Processes:                                                                            |
|  GPU   GI   CI        PID   Type   Process name                            GPU Memory |
|        ID   ID                                                             Usage      |
|=======================================================================================|
|  No running processes found                                                           |
+---------------------------------------------------------------------------------------+
Starting 20K-step smoke run: condition=p2e
---  ___                           __   ______ ---
--- |   \ _ _ ___ __ _ _ __  ___ _ \ \ / /__ / ---
--- | |) | '_/ -_) _` | '  \/ -_) '/\ V / |_ \ ---
--- |___/|_| \___\__,_|_|_|_\___|_|  \_/ |___/ ---
Replica: 0 / 1
Logdir: /scratch/midway3/rickybao/dreamerv3_runs/smoke_pretrain_p2e_49712832
Run script: train
Observations
  reward           Space(float32, shape=(), low=-inf, high=inf)
  is_first         Space(bool, shape=(), low=False, high=True)
  is_last          Space(bool, shape=(), low=False, high=True)
  is_terminal      Space(bool, shape=(), low=False, high=True)
  orientations     Space(float32, shape=(14,), low=-inf, high=inf)
  height           Space(float32, shape=(), low=-inf, high=inf)
  velocity         Space(float32, shape=(9,), low=-inf, high=inf)
Actions
  action           Space(float32, shape=(6,), low=-1.0, high=1.0)
Extras
  consec           Space(int32, shape=(), low=-2147483648, high=2147483647)
  stepid           Space(uint8, shape=(20,), low=0, high=255)
  dyn/deter        Space(float32, shape=(512,), low=-inf, high=inf)
  dyn/stoch        Space(float32, shape=(32, 4), low=-inf, high=inf)
JAX devices (1): [cuda:0]
Policy devices: cuda:0
Train devices:  cuda:0
Initializing parameters...
Optimizer opt has 3,754,532 params:
     3,171,328 disag
       364,416 dyn
        66,111 val
        51,096 dec
        50,316 pol
        41,153 con
        10,112 enc
Done initializing!
Compiling 1 checkpoint groups...
Largest checkpoint group: 0 GB
Compiling train and report...
Train cost analysis:
  FLOPS:            5.4e+10
  Memory (temp):    8.5e+08
  Memory (inputs):  4.8e+07
  Memory (outputs): 4.7e+07
  Memory (code):    2.4e+06

Report cost analysis:
  FLOPS:            1.9e+06
  Memory (temp):    9.3e+05
  Memory (inputs):  2.8e+06
  Memory (outputs): 2.1e+04
  Memory (code):    9.7e+04

Done compiling!
Did not find any checkpoint.
Saving checkpoint: /scratch/midway3/rickybao/dreamerv3_runs/smoke_pretrain_p2e_49712832/ckpt/20260516T143149F048101
Saved checkpoint.
Start training loop
Start JAX profiler: /scratch/midway3/rickybao/dreamerv3_runs/smoke_pretrain_p2e_49712832
Stop JAX profiler

--------------------[Agent Step 3_552]--------------------
Metrics filtered by: 'score|length|fps|ratio|train/loss/|train/rand/'
train/loss/con 0.15 / train/loss/disag 0.07 / train/loss/dyn 5.43 / train/loss/height 0.05 / train/loss/orientations 3.35 / train/loss/policy 3.23 / train/loss/rep 5.43 / train/loss/value 4.75 / train/loss/velocity 12.92 / replay/replay_ratio 619.56 / fps/policy 28.61 / fps/train 1.2e4

Writing metrics: /scratch/midway3/rickybao/dreamerv3_runs/smoke_pretrain_p2e_49712832/metrics.jsonl
Writing metrics: /scratch/midway3/rickybao/dreamerv3_runs/smoke_pretrain_p2e_49712832/scores.jsonl

--------------------[Agent Step 5_264]--------------------
Metrics filtered by: 'score|length|fps|ratio|train/loss/|train/rand/'
train/loss/con 0.02 / train/loss/disag 0.01 / train/loss/dyn 6.96 / train/loss/height 0.02 / train/loss/orientations 1.06 / train/loss/policy 4.65 / train/loss/rep 6.96 / train/loss/value 1.6 / train/loss/velocity 3 / replay/replay_ratio 1040 / fps/policy 14.21 / fps/train 1.5e4

Writing metrics: /scratch/midway3/rickybao/dreamerv3_runs/smoke_pretrain_p2e_49712832/metrics.jsonlWriting metrics: /scratch/midway3/rickybao/dreamerv3_runs/smoke_pretrain_p2e_49712832/scores.jsonl


--------------------[Agent Step 6_976]--------------------
Metrics filtered by: 'score|length|fps|ratio|train/loss/|train/rand/'
train/loss/con 0.02 / train/loss/disag 0.01 / train/loss/dyn 6.08 / train/loss/height 0.01 / train/loss/orientations 0.61 / train/loss/policy 4.11 / train/loss/rep 6.08 / train/loss/value 1.26 / train/loss/velocity 2.06 / replay/replay_ratio 1040 / fps/policy 14.21 / fps/train 1.5e4

Writing metrics: /scratch/midway3/rickybao/dreamerv3_runs/smoke_pretrain_p2e_49712832/metrics.jsonlWriting metrics: /scratch/midway3/rickybao/dreamerv3_runs/smoke_pretrain_p2e_49712832/scores.jsonl


--------------------[Agent Step 8_688]--------------------
Metrics filtered by: 'score|length|fps|ratio|train/loss/|train/rand/'
train/loss/con 0.02 / train/loss/disag 0.01 / train/loss/dyn 5.43 / train/loss/height 8e-3 / train/loss/orientations 0.49 / train/loss/policy 3.72 / train/loss/rep 5.43 / train/loss/value 1.22 / train/loss/velocity 1.67 / replay/replay_ratio 1040 / fps/policy 14.22 / fps/train 1.5e4

Writing metrics: /scratch/midway3/rickybao/dreamerv3_runs/smoke_pretrain_p2e_49712832/metrics.jsonlWriting metrics: /scratch/midway3/rickybao/dreamerv3_runs/smoke_pretrain_p2e_49712832/scores.jsonl


--------------------[Agent Step 10_400]--------------------
Metrics filtered by: 'score|length|fps|ratio|train/loss/|train/rand/'
train/loss/con 0.02 / train/loss/disag 0.01 / train/loss/dyn 5.23 / train/loss/height 8.9e-3 / train/loss/orientations 0.57 / train/loss/policy 2.48 / train/loss/rep 5.23 / train/loss/value 1.15 / train/loss/velocity 1.56 / replay/replay_ratio 1040 / fps/policy 14.21 / fps/train 1.5e4

Writing metrics: /scratch/midway3/rickybao/dreamerv3_runs/smoke_pretrain_p2e_49712832/scores.jsonlWriting metrics: /scratch/midway3/rickybao/dreamerv3_runs/smoke_pretrain_p2e_49712832/metrics.jsonl


--------------------[Agent Step 12_112]--------------------
Metrics filtered by: 'score|length|fps|ratio|train/loss/|train/rand/'
train/loss/con 0.02 / train/loss/disag 9.2e-3 / train/loss/dyn 4.9 / train/loss/height 8.5e-3 / train/loss/orientations 0.58 / train/loss/policy 0.9 / train/loss/rep 4.9 / train/loss/value 0.9 / train/loss/velocity 1.42 / replay/replay_ratio 1040 / fps/policy 14.19 / fps/train 1.5e4

Writing metrics: /scratch/midway3/rickybao/dreamerv3_runs/smoke_pretrain_p2e_49712832/metrics.jsonlWriting metrics: /scratch/midway3/rickybao/dreamerv3_runs/smoke_pretrain_p2e_49712832/scores.jsonl


--------------------[Agent Step 13_824]--------------------
Metrics filtered by: 'score|length|fps|ratio|train/loss/|train/rand/'
train/loss/con 0.02 / train/loss/disag 8.9e-3 / train/loss/dyn 4.98 / train/loss/height 8e-3 / train/loss/orientations 0.58 / train/loss/policy -0.13 / train/loss/rep 4.98 / train/loss/value 0.82 / train/loss/velocity 1.43 / replay/replay_ratio 1040 / fps/policy 14.21 / fps/train 1.5e4

Writing metrics: /scratch/midway3/rickybao/dreamerv3_runs/smoke_pretrain_p2e_49712832/scores.jsonlWriting metrics: /scratch/midway3/rickybao/dreamerv3_runs/smoke_pretrain_p2e_49712832/metrics.jsonl

Saving checkpoint: /scratch/midway3/rickybao/dreamerv3_runs/smoke_pretrain_p2e_49712832/ckpt/20260516T144651F979868
Saved checkpoint.

--------------------[Agent Step 15_504]--------------------
Metrics filtered by: 'score|length|fps|ratio|train/loss/|train/rand/'
train/loss/con 0.02 / train/loss/disag 8.6e-3 / train/loss/dyn 4.91 / train/loss/height 7.4e-3 / train/loss/orientations 0.58 / train/loss/policy -0.72 / train/loss/rep 4.91 / train/loss/value 1.01 / train/loss/velocity 1.36 / replay/replay_ratio 1040 / fps/policy 14 / fps/train 1.4e4

Writing metrics: /scratch/midway3/rickybao/dreamerv3_runs/smoke_pretrain_p2e_49712832/metrics.jsonlWriting metrics: /scratch/midway3/rickybao/dreamerv3_runs/smoke_pretrain_p2e_49712832/scores.jsonl


--------------------[Agent Step 17_216]--------------------
Metrics filtered by: 'score|length|fps|ratio|train/loss/|train/rand/'
episode/score 41.88 / episode/length 1001 / train/loss/con 0.02 / train/loss/disag 8.3e-3 / train/loss/dyn 4.71 / train/loss/height 8.4e-3 / train/loss/orientations 0.58 / train/loss/policy -1.01 / train/loss/rep 4.71 / train/loss/value 0.3 / train/loss/velocity 1.25 / replay/replay_ratio 1040 / fps/policy 14.19 / fps/train 1.5e4

Writing metrics: /scratch/midway3/rickybao/dreamerv3_runs/smoke_pretrain_p2e_49712832/metrics.jsonlWriting metrics: /scratch/midway3/rickybao/dreamerv3_runs/smoke_pretrain_p2e_49712832/scores.jsonl


--------------------[Agent Step 18_896]--------------------
Metrics filtered by: 'score|length|fps|ratio|train/loss/|train/rand/'
train/loss/con 0.02 / train/loss/disag 8.1e-3 / train/loss/dyn 4.62 / train/loss/height 8.4e-3 / train/loss/orientations 0.57 / train/loss/policy -0.62 / train/loss/rep 4.62 / train/loss/value 1.01 / train/loss/velocity 1.17 / replay/replay_ratio 1040 / fps/policy 13.96 / fps/train 1.4e4

Writing metrics: /scratch/midway3/rickybao/dreamerv3_runs/smoke_pretrain_p2e_49712832/metrics.jsonlWriting metrics: /scratch/midway3/rickybao/dreamerv3_runs/smoke_pretrain_p2e_49712832/scores.jsonl

Smoke run finished | Sat May 16 14:53:15 CDT 2026 | Logdir: /scratch/midway3/rickybao/dreamerv3_runs/smoke_pretrain_p2e_49712832
Check /scratch/midway3/rickybao/dreamerv3_runs/smoke_pretrain_p2e_49712832/metrics.jsonl for train/expl/intr_rew_raw,
train/expl/intr_rew, train/expl/disag_replay_rew, and train/loss/disag.
