==============================
VAE-dynamics baseline | seed 0 | job 50092864 | Sun May 24 23:46:57 CDT 2026
==============================
--- training VAE-latent dynamics + open-loop rollout ---
Episodes 40 (train 28, test 12); latent 128, act 6
Training rollout model (curriculum 1->20) on 28 episodes...
  step     1  h=1   rollout MSE 3.2370
  step  1000  h=7   rollout MSE 0.5314
  step  2000  h=13  rollout MSE 0.4548
  step  3000  h=19  rollout MSE 0.4052
  step  4000  h=20  rollout MSE 0.3745
  step  5000  h=20  rollout MSE 0.3523
  step  6000  h=20  rollout MSE 0.3604
  wrote vae_imag1: (40, 1000, 128)
  wrote vae_imag5: (40, 1000, 128)
  wrote vae_imag20: (40, 1000, 128)
Saved augmented features -> /scratch/midway3/rickybao/dreamerv3_runs/probing_walker_walk_seed0/features_vaedyn.npz
--- re-probing with the baseline included ---
Episodes: 40 (test 12)  |  sites: ['enc', 'imag1', 'imag20', 'imag5', 'post_deter', 'post_stoch', 'posterior', 'prior', 'vae_enc', 'vae_imag1', 'vae_imag20', 'vae_imag5', 'vae_latent']
Targets: ['gait_phase', 'horizontal_velocity', 'qpos', 'qvel', 'return_to_go', 'state', 'time_to_fall', 'torso_height', 'torso_upright']
  [  1/76] rssm/enc        state         h=0  K=1  R2_ridge=0.72954  R2_mlp=0.76482
  [  2/76] rssm/posterior  state         h=0  K=1  R2_ridge=0.77149  R2_mlp=0.68729
  [  3/76] rssm/post_deter state         h=0  K=1  R2_ridge=0.75005  R2_mlp=0.69017
  [  4/76] rssm/post_stoch state         h=0  K=1  R2_ridge=0.38429  R2_mlp=0.54593
  [  5/76] rssm/prior      state         h=0  K=1  R2_ridge=0.7599  R2_mlp=0.68086
  [  6/76]  vae/vae_enc    state         h=0  K=1  R2_ridge=0.71624  R2_mlp=0.76332
  [  7/76]  vae/vae_latent state         h=0  K=1  R2_ridge=0.71623  R2_mlp=0.76268
  [  8/76]  vae/vae_latent state         h=0  K=4  R2_ridge=0.72812  R2_mlp=0.72107
  [  9/76]  vae/vae_latent state         h=0  K=16  R2_ridge=0.73452  R2_mlp=0.63574
  [ 10/76]  vae/vae_latent state         h=0  K=all  R2_ridge=0.77952  R2_mlp=0.68346
  [ 11/76] rssm/enc        state         h=1  K=1  R2_ridge=0.41721  R2_mlp=0.50092
  [ 12/76] rssm/posterior  state         h=1  K=1  R2_ridge=0.51044  R2_mlp=0.4232
  [ 13/76] rssm/post_deter state         h=1  K=1  R2_ridge=0.50817  R2_mlp=0.4403
  [ 14/76] rssm/post_stoch state         h=1  K=1  R2_ridge=0.2575  R2_mlp=0.32556
  [ 15/76] rssm/prior      state         h=1  K=1  R2_ridge=0.51086  R2_mlp=0.42611
  [ 16/76]  vae/vae_enc    state         h=1  K=1  R2_ridge=0.31298  R2_mlp=0.37586
  [ 17/76]  vae/vae_latent state         h=1  K=1  R2_ridge=0.31295  R2_mlp=0.38942
  [ 18/76]  vae/vae_latent state         h=1  K=4  R2_ridge=0.36697  R2_mlp=0.34496
  [ 19/76]  vae/vae_latent state         h=1  K=16  R2_ridge=0.38552  R2_mlp=0.15911
  [ 20/76]  vae/vae_latent state         h=1  K=all  R2_ridge=0.37656  R2_mlp=0.28911
  [ 21/76] rssm/imag1      state         h=1  K=1  R2_ridge=0.75972  R2_mlp=0.68253
  [ 22/76]  vae/vae_imag1  state         h=1  K=1  R2_ridge=0.54311  R2_mlp=0.55127
  [ 23/76] rssm/enc        state         h=5  K=1  R2_ridge=0.24008  R2_mlp=0.2904
  [ 24/76] rssm/posterior  state         h=5  K=1  R2_ridge=0.28268  R2_mlp=0.17736
  [ 25/76] rssm/post_deter state         h=5  K=1  R2_ridge=0.28314  R2_mlp=0.20275
  [ 26/76] rssm/post_stoch state         h=5  K=1  R2_ridge=0.17312  R2_mlp=0.18522
  [ 27/76] rssm/prior      state         h=5  K=1  R2_ridge=0.28344  R2_mlp=0.18141
  [ 28/76]  vae/vae_enc    state         h=5  K=1  R2_ridge=0.17242  R2_mlp=0.21801
  [ 29/76]  vae/vae_latent state         h=5  K=1  R2_ridge=0.17239  R2_mlp=0.22057
  [ 30/76]  vae/vae_latent state         h=5  K=4  R2_ridge=0.20971  R2_mlp=0.11892
  [ 31/76]  vae/vae_latent state         h=5  K=16  R2_ridge=0.22594  R2_mlp=-0.0983
  [ 32/76]  vae/vae_latent state         h=5  K=all  R2_ridge=0.23719  R2_mlp=0.11262
  [ 33/76] rssm/imag5      state         h=5  K=1  R2_ridge=0.71201  R2_mlp=0.62839
  [ 34/76]  vae/vae_imag5  state         h=5  K=1  R2_ridge=0.49751  R2_mlp=0.49395
  [ 35/76] rssm/enc        state         h=20 K=1  R2_ridge=0.13775  R2_mlp=0.11481
  [ 36/76] rssm/posterior  state         h=20 K=1  R2_ridge=0.1487  R2_mlp=-0.04575
  [ 37/76] rssm/post_deter state         h=20 K=1  R2_ridge=0.14976  R2_mlp=-0.00854
  [ 38/76] rssm/post_stoch state         h=20 K=1  R2_ridge=0.10758  R2_mlp=0.06491
  [ 39/76] rssm/prior      state         h=20 K=1  R2_ridge=0.14904  R2_mlp=-0.03537
  [ 40/76]  vae/vae_enc    state         h=20 K=1  R2_ridge=0.10068  R2_mlp=0.10094
  [ 41/76]  vae/vae_latent state         h=20 K=1  R2_ridge=0.10052  R2_mlp=0.09441
  [ 42/76]  vae/vae_latent state         h=20 K=4  R2_ridge=0.11802  R2_mlp=-0.05769
  [ 43/76]  vae/vae_latent state         h=20 K=16  R2_ridge=0.12162  R2_mlp=-0.30211
  [ 44/76]  vae/vae_latent state         h=20 K=all  R2_ridge=0.16468  R2_mlp=-0.07491
  [ 45/76] rssm/imag20     state         h=20 K=1  R2_ridge=0.54136  R2_mlp=0.46024
  [ 46/76]  vae/vae_imag20 state         h=20 K=1  R2_ridge=0.47339  R2_mlp=0.4592
  [ 47/76] rssm/enc        gait_phase    h=0  K=1  R2_ridge=0.89202  R2_mlp=0.93727
  [ 48/76] rssm/posterior  gait_phase    h=0  K=1  R2_ridge=0.93976  R2_mlp=0.93872
  [ 49/76] rssm/post_deter gait_phase    h=0  K=1  R2_ridge=0.93943  R2_mlp=0.94159
  [ 50/76] rssm/post_stoch gait_phase    h=0  K=1  R2_ridge=0.72616  R2_mlp=0.83652
  [ 51/76] rssm/prior      gait_phase    h=0  K=1  R2_ridge=0.93936  R2_mlp=0.93851
  [ 52/76]  vae/vae_enc    gait_phase    h=0  K=1  R2_ridge=0.71818  R2_mlp=0.84998
  [ 53/76]  vae/vae_latent gait_phase    h=0  K=1  R2_ridge=0.71812  R2_mlp=0.86433
  [ 54/76]  vae/vae_latent gait_phase    h=0  K=4  R2_ridge=0.83412  R2_mlp=0.86569
  [ 55/76]  vae/vae_latent gait_phase    h=0  K=16  R2_ridge=0.88721  R2_mlp=0.88187
  [ 56/76]  vae/vae_latent gait_phase    h=0  K=all  R2_ridge=0.72262  R2_mlp=0.80416
  [ 57/76] rssm/enc        return_to_go  h=0  K=1  R2_ridge=-0.00152  R2_mlp=-0.21756
  [ 58/76] rssm/posterior  return_to_go  h=0  K=1  R2_ridge=-0.01439  R2_mlp=-0.53199
  [ 59/76] rssm/post_deter return_to_go  h=0  K=1  R2_ridge=-0.01336  R2_mlp=-0.53446
  [ 60/76] rssm/post_stoch return_to_go  h=0  K=1  R2_ridge=-0.00013  R2_mlp=-0.25296
  [ 61/76] rssm/prior      return_to_go  h=0  K=1  R2_ridge=-0.01391  R2_mlp=-0.53459
  [ 62/76]  vae/vae_enc    return_to_go  h=0  K=1  R2_ridge=-0.00018  R2_mlp=-0.06768
  [ 63/76]  vae/vae_latent return_to_go  h=0  K=1  R2_ridge=-0.00091  R2_mlp=-0.10736
  [ 64/76]  vae/vae_latent return_to_go  h=0  K=4  R2_ridge=-0.00318  R2_mlp=-0.61725
  [ 65/76]  vae/vae_latent return_to_go  h=0  K=16  R2_ridge=-0.01474  R2_mlp=-0.43585
  [ 66/76]  vae/vae_latent return_to_go  h=0  K=all  R2_ridge=0.01825  R2_mlp=-7.36176
  [ 67/76] rssm/enc        time_to_fall  h=0  K=1  R2_ridge=0.21264  R2_mlp=0.15391
  [ 68/76] rssm/posterior  time_to_fall  h=0  K=1  R2_ridge=0.06339  R2_mlp=0.10847
  [ 69/76] rssm/post_deter time_to_fall  h=0  K=1  R2_ridge=0.07576  R2_mlp=0.08353
  [ 70/76] rssm/post_stoch time_to_fall  h=0  K=1  R2_ridge=-0.03767  R2_mlp=-0.04415
  [ 71/76] rssm/prior      time_to_fall  h=0  K=1  R2_ridge=0.04955  R2_mlp=0.12513
  [ 72/76]  vae/vae_enc    time_to_fall  h=0  K=1  R2_ridge=0.07565  R2_mlp=0.08319
  [ 73/76]  vae/vae_latent time_to_fall  h=0  K=1  R2_ridge=0.01539  R2_mlp=0.03339
  [ 74/76]  vae/vae_latent time_to_fall  h=0  K=4  R2_ridge=-0.05266  R2_mlp=-0.00063
  [ 75/76]  vae/vae_latent time_to_fall  h=0  K=16  R2_ridge=-0.00852  R2_mlp=-0.04624
  [ 76/76]  vae/vae_latent time_to_fall  h=0  K=all  R2_ridge=-0.11288  R2_mlp=-0.10781

Probing summary (held-out ridge R^2)
======================================

Per-frame content (target: state, horizon 0):
  RSSM posterior          R^2 = 0.77149
  static VAE latent (K=1) R^2 = 0.71623
  static-vs-sequential gap    = +0.0553

Predictive content (RSSM posterior, target: state):
  horizon  0: R^2 = 0.77149
  horizon  1: R^2 = 0.51044
  horizon  5: R^2 = 0.28268
  horizon 20: R^2 = 0.1487

VAE receptive field (target: state, horizon 0):
  K=  1: R^2 = 0.71623
  K=  4: R^2 = 0.72812
  K= 16: R^2 = 0.73452
  K=all: R^2 = 0.77952

Held-out likelihood (mean NLL, lower is better):
  rssm_posterior_recon       0.3609
  rssm_prior_predictive      0.7997
  vae_recon                  1.5792

Wrote results -> /home/rickybao/projects/dreamerv3/results/probing_walker_walk_seed0
VAE-dynamics seed 0 done | Sun May 24 23:55:12 CDT 2026 | -> /home/rickybao/projects/dreamerv3/results/probing_walker_walk_seed0
After all seeds finish, rebuild figures: python result_images/build_summary_figures.py
