==============================
VAE-dynamics baseline | seed 1 | job 50092865 | Sun May 24 23:46:57 CDT 2026
==============================
--- training VAE-latent dynamics + open-loop rollout ---
Episodes 40 (train 28, test 12); latent 128, act 6
Training rollout model (curriculum 1->20) on 28 episodes...
  step     1  h=1   rollout MSE 3.3453
  step  1000  h=7   rollout MSE 0.4945
  step  2000  h=13  rollout MSE 0.4478
  step  3000  h=19  rollout MSE 0.3949
  step  4000  h=20  rollout MSE 0.3664
  step  5000  h=20  rollout MSE 0.3455
  step  6000  h=20  rollout MSE 0.3383
  wrote vae_imag1: (40, 1000, 128)
  wrote vae_imag5: (40, 1000, 128)
  wrote vae_imag20: (40, 1000, 128)
Saved augmented features -> /scratch/midway3/rickybao/dreamerv3_runs/probing_walker_walk_seed1/features_vaedyn.npz
--- re-probing with the baseline included ---
Episodes: 40 (test 12)  |  sites: ['enc', 'imag1', 'imag20', 'imag5', 'post_deter', 'post_stoch', 'posterior', 'prior', 'vae_enc', 'vae_imag1', 'vae_imag20', 'vae_imag5', 'vae_latent']
Targets: ['gait_phase', 'horizontal_velocity', 'qpos', 'qvel', 'return_to_go', 'state', 'time_to_fall', 'torso_height', 'torso_upright']
  [  1/76] rssm/enc        state         h=0  K=1  R2_ridge=0.73247  R2_mlp=0.75381
  [  2/76] rssm/posterior  state         h=0  K=1  R2_ridge=0.74817  R2_mlp=0.69731
  [  3/76] rssm/post_deter state         h=0  K=1  R2_ridge=0.69566  R2_mlp=0.6622
  [  4/76] rssm/post_stoch state         h=0  K=1  R2_ridge=0.41764  R2_mlp=0.57898
  [  5/76] rssm/prior      state         h=0  K=1  R2_ridge=0.7186  R2_mlp=0.65931
  [  6/76]  vae/vae_enc    state         h=0  K=1  R2_ridge=0.70668  R2_mlp=0.75372
  [  7/76]  vae/vae_latent state         h=0  K=1  R2_ridge=0.70666  R2_mlp=0.75299
  [  8/76]  vae/vae_latent state         h=0  K=4  R2_ridge=0.71771  R2_mlp=0.71046
  [  9/76]  vae/vae_latent state         h=0  K=16  R2_ridge=0.71926  R2_mlp=0.62054
  [ 10/76]  vae/vae_latent state         h=0  K=all  R2_ridge=0.79282  R2_mlp=0.87761
  [ 11/76] rssm/enc        state         h=1  K=1  R2_ridge=0.44072  R2_mlp=0.55186
  [ 12/76] rssm/posterior  state         h=1  K=1  R2_ridge=0.53181  R2_mlp=0.49708
  [ 13/76] rssm/post_deter state         h=1  K=1  R2_ridge=0.52623  R2_mlp=0.50677
  [ 14/76] rssm/post_stoch state         h=1  K=1  R2_ridge=0.22093  R2_mlp=0.34702
  [ 15/76] rssm/prior      state         h=1  K=1  R2_ridge=0.53221  R2_mlp=0.49799
  [ 16/76]  vae/vae_enc    state         h=1  K=1  R2_ridge=0.34426  R2_mlp=0.42946
  [ 17/76]  vae/vae_latent state         h=1  K=1  R2_ridge=0.34424  R2_mlp=0.44126
  [ 18/76]  vae/vae_latent state         h=1  K=4  R2_ridge=0.40781  R2_mlp=0.41858
  [ 19/76]  vae/vae_latent state         h=1  K=16  R2_ridge=0.41772  R2_mlp=0.2623
  [ 20/76]  vae/vae_latent state         h=1  K=all  R2_ridge=0.43274  R2_mlp=0.53394
  [ 21/76] rssm/imag1      state         h=1  K=1  R2_ridge=0.71834  R2_mlp=0.65686
  [ 22/76]  vae/vae_imag1  state         h=1  K=1  R2_ridge=0.53421  R2_mlp=0.55566
  [ 23/76] rssm/enc        state         h=5  K=1  R2_ridge=0.26754  R2_mlp=0.34364
  [ 24/76] rssm/posterior  state         h=5  K=1  R2_ridge=0.32358  R2_mlp=0.26979
  [ 25/76] rssm/post_deter state         h=5  K=1  R2_ridge=0.32293  R2_mlp=0.30081
  [ 26/76] rssm/post_stoch state         h=5  K=1  R2_ridge=0.15491  R2_mlp=0.19838
  [ 27/76] rssm/prior      state         h=5  K=1  R2_ridge=0.32336  R2_mlp=0.27626
  [ 28/76]  vae/vae_enc    state         h=5  K=1  R2_ridge=0.2036  R2_mlp=0.26065
  [ 29/76]  vae/vae_latent state         h=5  K=1  R2_ridge=0.20369  R2_mlp=0.26786
  [ 30/76]  vae/vae_latent state         h=5  K=4  R2_ridge=0.24201  R2_mlp=0.19631
  [ 31/76]  vae/vae_latent state         h=5  K=16  R2_ridge=0.25789  R2_mlp=0.00784
  [ 32/76]  vae/vae_latent state         h=5  K=all  R2_ridge=0.29065  R2_mlp=0.3385
  [ 33/76] rssm/imag5      state         h=5  K=1  R2_ridge=0.6548  R2_mlp=0.59041
  [ 34/76]  vae/vae_imag5  state         h=5  K=1  R2_ridge=0.49257  R2_mlp=0.48818
  [ 35/76] rssm/enc        state         h=20 K=1  R2_ridge=0.15851  R2_mlp=0.1367
  [ 36/76] rssm/posterior  state         h=20 K=1  R2_ridge=0.17432  R2_mlp=0.01045
  [ 37/76] rssm/post_deter state         h=20 K=1  R2_ridge=0.17606  R2_mlp=0.05513
  [ 38/76] rssm/post_stoch state         h=20 K=1  R2_ridge=0.09414  R2_mlp=0.07696
  [ 39/76] rssm/prior      state         h=20 K=1  R2_ridge=0.17455  R2_mlp=0.01423
  [ 40/76]  vae/vae_enc    state         h=20 K=1  R2_ridge=0.12301  R2_mlp=0.12612
  [ 41/76]  vae/vae_latent state         h=20 K=1  R2_ridge=0.12303  R2_mlp=0.1222
  [ 42/76]  vae/vae_latent state         h=20 K=4  R2_ridge=0.14177  R2_mlp=-0.00253
  [ 43/76]  vae/vae_latent state         h=20 K=16  R2_ridge=0.14652  R2_mlp=-0.22184
  [ 44/76]  vae/vae_latent state         h=20 K=all  R2_ridge=0.21092  R2_mlp=0.15665
  [ 45/76] rssm/imag20     state         h=20 K=1  R2_ridge=0.50775  R2_mlp=0.44018
  [ 46/76]  vae/vae_imag20 state         h=20 K=1  R2_ridge=0.46236  R2_mlp=0.45077
  [ 47/76] rssm/enc        gait_phase    h=0  K=1  R2_ridge=0.87633  R2_mlp=0.9315
  [ 48/76] rssm/posterior  gait_phase    h=0  K=1  R2_ridge=0.93268  R2_mlp=0.93121
  [ 49/76] rssm/post_deter gait_phase    h=0  K=1  R2_ridge=0.93184  R2_mlp=0.93322
  [ 50/76] rssm/post_stoch gait_phase    h=0  K=1  R2_ridge=0.59671  R2_mlp=0.78536
  [ 51/76] rssm/prior      gait_phase    h=0  K=1  R2_ridge=0.93234  R2_mlp=0.9295
  [ 52/76]  vae/vae_enc    gait_phase    h=0  K=1  R2_ridge=0.7314  R2_mlp=0.86231
  [ 53/76]  vae/vae_latent gait_phase    h=0  K=1  R2_ridge=0.73145  R2_mlp=0.87054
  [ 54/76]  vae/vae_latent gait_phase    h=0  K=4  R2_ridge=0.83259  R2_mlp=0.86608
  [ 55/76]  vae/vae_latent gait_phase    h=0  K=16  R2_ridge=0.87614  R2_mlp=0.87185
  [ 56/76]  vae/vae_latent gait_phase    h=0  K=all  R2_ridge=0.72683  R2_mlp=0.81488
  [ 57/76] rssm/enc        return_to_go  h=0  K=1  R2_ridge=-0.00638  R2_mlp=-0.22406
  [ 58/76] rssm/posterior  return_to_go  h=0  K=1  R2_ridge=-0.01456  R2_mlp=-0.48468
  [ 59/76] rssm/post_deter return_to_go  h=0  K=1  R2_ridge=-0.01126  R2_mlp=-0.44326
  [ 60/76] rssm/post_stoch return_to_go  h=0  K=1  R2_ridge=-0.0081  R2_mlp=-0.28694
  [ 61/76] rssm/prior      return_to_go  h=0  K=1  R2_ridge=-0.01316  R2_mlp=-0.48552
  [ 62/76]  vae/vae_enc    return_to_go  h=0  K=1  R2_ridge=-0.00459  R2_mlp=-0.08512
  [ 63/76]  vae/vae_latent return_to_go  h=0  K=1  R2_ridge=-0.00453  R2_mlp=-0.15957
  [ 64/76]  vae/vae_latent return_to_go  h=0  K=4  R2_ridge=-0.01396  R2_mlp=-0.60062
  [ 65/76]  vae/vae_latent return_to_go  h=0  K=16  R2_ridge=-0.03429  R2_mlp=-0.44657
  [ 66/76]  vae/vae_latent return_to_go  h=0  K=all  R2_ridge=0.01606  R2_mlp=-3.34345
  [ 67/76] rssm/enc        time_to_fall  h=0  K=1  R2_ridge=0.10701  R2_mlp=0.21568
  [ 68/76] rssm/posterior  time_to_fall  h=0  K=1  R2_ridge=0.50075  R2_mlp=0.40904
  [ 69/76] rssm/post_deter time_to_fall  h=0  K=1  R2_ridge=0.47686  R2_mlp=0.21167
  [ 70/76] rssm/post_stoch time_to_fall  h=0  K=1  R2_ridge=-0.08361  R2_mlp=-1.73653
  [ 71/76] rssm/prior      time_to_fall  h=0  K=1  R2_ridge=0.49195  R2_mlp=0.27553
  [ 72/76]  vae/vae_enc    time_to_fall  h=0  K=1  R2_ridge=-0.04996  R2_mlp=0.08662
  [ 73/76]  vae/vae_latent time_to_fall  h=0  K=1  R2_ridge=-0.60634  R2_mlp=-0.00553
  [ 74/76]  vae/vae_latent time_to_fall  h=0  K=4  R2_ridge=-0.12567  R2_mlp=-0.27641
  [ 75/76]  vae/vae_latent time_to_fall  h=0  K=16  R2_ridge=-0.1215  R2_mlp=-0.03474
  [ 76/76]  vae/vae_latent time_to_fall  h=0  K=all  R2_ridge=0.37606  R2_mlp=0.09341

Probing summary (held-out ridge R^2)
======================================

Per-frame content (target: state, horizon 0):
  RSSM posterior          R^2 = 0.74817
  static VAE latent (K=1) R^2 = 0.70666
  static-vs-sequential gap    = +0.0415

Predictive content (RSSM posterior, target: state):
  horizon  0: R^2 = 0.74817
  horizon  1: R^2 = 0.53181
  horizon  5: R^2 = 0.32358
  horizon 20: R^2 = 0.17432

VAE receptive field (target: state, horizon 0):
  K=  1: R^2 = 0.70666
  K=  4: R^2 = 0.71771
  K= 16: R^2 = 0.71926
  K=all: R^2 = 0.79282

Held-out likelihood (mean NLL, lower is better):
  rssm_posterior_recon       0.6696
  rssm_prior_predictive      1.7808
  vae_recon                  1.9492

Wrote results -> /home/rickybao/projects/dreamerv3/results/probing_walker_walk_seed1
VAE-dynamics seed 1 done | Sun May 24 23:55:10 CDT 2026 | -> /home/rickybao/projects/dreamerv3/results/probing_walker_walk_seed1
After all seeds finish, rebuild figures: python result_images/build_summary_figures.py
