[Thu Jul 16 15:44:10 UTC 2026] axis1 child starting RUN_ID=adapt_ax1fq1s0_cup_seed12_ckpt500000 WM_RUN=ax1wm_cup_fq1s0_seed12 job=NA host=aea538e188a2
[Thu Jul 16 15:44:10 UTC 2026] env prepared: python=/workspace/conda_envs/dreamerv3/bin/python
python_executable=/workspace/conda_envs/dreamerv3/bin/python
[Thu Jul 16 15:44:10 UTC 2026] offline_fit WM_RUN=ax1wm_cup_fq1s0_seed12 REPLAY=/workspace/dreamerv3_runs/axis1_cup/q1/side0 UPDATES=500000 SEED=12
Logdir: /workspace/dreamerv3_runs/ax1wm_cup_fq1s0_seed12
Static replay: /workspace/dreamerv3_runs/axis1_cup/q1/side0
Observations
  reward           Space(float32, shape=(), low=-inf, high=inf)
  is_first         Space(bool, shape=(), low=False, high=True)
  is_last          Space(bool, shape=(), low=False, high=True)
  is_terminal      Space(bool, shape=(), low=False, high=True)
  position         Space(float32, shape=(4,), low=-inf, high=inf)
  velocity         Space(float32, shape=(4,), low=-inf, high=inf)
Actions
  action           Space(float32, shape=(2,), low=-1.0, high=1.0)
Extras
  consec           Space(int32, shape=(), low=-2147483648, high=2147483647)
  stepid           Space(uint8, shape=(20,), low=0, high=255)
  dyn/deter        Space(float32, shape=(512,), low=-inf, high=inf)
  dyn/stoch        Space(float32, shape=(32, 4), low=-inf, high=inf)
JAX devices (1): [cuda:0]
Policy devices: cuda:0
Train devices:  cuda:0
Initializing parameters...
/workspace/dreamerv3/embodied/jax/agent.py:112: DeprecationWarning: `with mesh:` context manager has been deprecated. Please use `with jax.set_mesh(mesh):` instead.
  with self.train_mesh:
Terminated
[Thu Jul 16 15:44:12 UTC 2026] offline_fit FAILED rc=143
