[Wed Jul  1 22:46:44 CDT 2026] pilot RUN_ID=pilot_p2e_reacher_seed1 TASK=dmc_reacher_hard MODE=expl_p2e SEED=1 STEPS=1e5
2026-07-01 22:47:40.440323: E external/xla/xla/python/profiler/internal/python_hooks.cc:400] Can't import tensorflow.python.profiler.trace
2026-07-01 22:47:42.094042: E external/xla/xla/python/profiler/internal/python_hooks.cc:400] Can't import tensorflow.python.profiler.trace
---  ___                           __   ______ ---
--- |   \ _ _ ___ __ _ _ __  ___ _ \ \ / /__ / ---
--- | |) | '_/ -_) _` | '  \/ -_) '/\ V / |_ \ ---
--- |___/|_| \___\__,_|_|_|_\___|_|  \_/ |___/ ---
Replica: 0 / 1
Logdir: /scratch/midway3/rickybao/dreamerv3_runs/pilot_p2e_reacher_seed1
Run script: train
Observations
  reward           Space(float32, shape=(), low=-inf, high=inf)
  is_first         Space(bool, shape=(), low=False, high=True)
  is_last          Space(bool, shape=(), low=False, high=True)
  is_terminal      Space(bool, shape=(), low=False, high=True)
  position         Space(float32, shape=(2,), low=-inf, high=inf)
  to_target        Space(float32, shape=(2,), low=-inf, high=inf)
  velocity         Space(float32, shape=(2,), low=-inf, high=inf)
Actions
  action           Space(float32, shape=(2,), low=-1.0, high=1.0)
Extras
  consec           Space(int32, shape=(), low=-2147483648, high=2147483647)
  stepid           Space(uint8, shape=(20,), low=0, high=255)
  dyn/deter        Space(float32, shape=(512,), low=-inf, high=inf)
  dyn/stoch        Space(float32, shape=(32, 4), low=-inf, high=inf)
JAX devices (1): [cuda:0]
Policy devices: cuda:0
Train devices:  cuda:0
Initializing parameters...
Optimizer opt has 3,743,242 params:
     3,163,136 disag
       364,160 dyn
        66,111 val
        49,926 dec
        49,796 pol
        41,153 con
         8,960 enc
Done initializing!
Compiling 1 checkpoint groups...
Largest checkpoint group: 0 GB
Compiling train and report...
Train cost analysis:
  FLOPS:            1.2e+10
  Memory (temp):    6.5e+08
  Memory (inputs):  4.8e+07
  Memory (outputs): 4.7e+07
  Memory (code):    2.7e+06

Report cost analysis:
  FLOPS:            1.1e+07
  Memory (temp):    7.7e+05
  Memory (inputs):  2.7e+06
  Memory (outputs): 2.1e+04
  Memory (code):    1.1e+05

Done compiling!
Did not find any checkpoint.
Saving checkpoint: /scratch/midway3/rickybao/dreamerv3_runs/pilot_p2e_reacher_seed1/ckpt/20260701T224733F175043
Saved checkpoint.
Start training loop
Start JAX profiler: /scratch/midway3/rickybao/dreamerv3_runs/pilot_p2e_reacher_seed1
Stop JAX profiler

--------------------[Agent Step 5_120]--------------------
Metrics filtered by: 'score|length|fps|ratio|train/loss/|train/rand/'
train/loss/con 0.08 / train/loss/disag 0.04 / train/loss/dyn 1.52 / train/loss/policy 1.1 / train/loss/position 0.26 / train/loss/rep 1.52 / train/loss/to_target 0.07 / train/loss/value 3.43 / train/loss/velocity 0.33 / replay/replay_ratio 780.51 / fps/policy 41.32 / fps/train 2.5e4

Writing metrics: /scratch/midway3/rickybao/dreamerv3_runs/pilot_p2e_reacher_seed1/metrics.jsonl
Writing metrics: /scratch/midway3/rickybao/dreamerv3_runs/pilot_p2e_reacher_seed1/scores.jsonl
Saving checkpoint: /scratch/midway3/rickybao/dreamerv3_runs/pilot_p2e_reacher_seed1/ckpt/20260701T224935F638400
Saved checkpoint.

--------------------[Agent Step 8_384]--------------------
Metrics filtered by: 'score|length|fps|ratio|train/loss/|train/rand/'
train/loss/con 0.02 / train/loss/disag 3.9e-3 / train/loss/dyn 1.04 / train/loss/policy 0.27 / train/loss/position 0.02 / train/loss/rep 1.04 / train/loss/to_target 0.02 / train/loss/value 1.18 / train/loss/velocity 0.03 / replay/replay_ratio 1040 / fps/policy 27.08 / fps/train 2.8e4

Saving checkpoint: /scratch/midway3/rickybao/dreamerv3_runs/pilot_p2e_reacher_seed1/ckpt/20260701T225136F147518
Writing metrics: /scratch/midway3/rickybao/dreamerv3_runs/pilot_p2e_reacher_seed1/scores.jsonl
Writing metrics: /scratch/midway3/rickybao/dreamerv3_runs/pilot_p2e_reacher_seed1/metrics.jsonl
Saved checkpoint.

--------------------[Agent Step 11_632]--------------------
Metrics filtered by: 'score|length|fps|ratio|train/loss/|train/rand/'
train/loss/con 0.02 / train/loss/disag 2.4e-3 / train/loss/dyn 1.04 / train/loss/policy 0.07 / train/loss/position 0.01 / train/loss/rep 1.04 / train/loss/to_target 0.02 / train/loss/value 0.64 / train/loss/velocity 0.02 / replay/replay_ratio 1040 / fps/policy 27.05 / fps/train 2.8e4

Saving checkpoint: /scratch/midway3/rickybao/dreamerv3_runs/pilot_p2e_reacher_seed1/ckpt/20260701T225336F204388
Writing metrics: /scratch/midway3/rickybao/dreamerv3_runs/pilot_p2e_reacher_seed1/metrics.jsonl
Writing metrics: /scratch/midway3/rickybao/dreamerv3_runs/pilot_p2e_reacher_seed1/scores.jsonl
Saved checkpoint.

--------------------[Agent Step 14_896]--------------------
Metrics filtered by: 'score|length|fps|ratio|train/loss/|train/rand/'
train/loss/con 0.02 / train/loss/disag 2e-3 / train/loss/dyn 1.1 / train/loss/policy 0.02 / train/loss/position 0.01 / train/loss/rep 1.1 / train/loss/to_target 0.01 / train/loss/value 1.22 / train/loss/velocity 0.01 / replay/replay_ratio 1040 / fps/policy 27.11 / fps/train 2.8e4

Saving checkpoint: /scratch/midway3/rickybao/dreamerv3_runs/pilot_p2e_reacher_seed1/ckpt/20260701T225536F609151
Writing metrics: /scratch/midway3/rickybao/dreamerv3_runs/pilot_p2e_reacher_seed1/scores.jsonl
Writing metrics: /scratch/midway3/rickybao/dreamerv3_runs/pilot_p2e_reacher_seed1/metrics.jsonl
Saved checkpoint.

--------------------[Agent Step 18_160]--------------------
Metrics filtered by: 'score|length|fps|ratio|train/loss/|train/rand/'
episode/score 2 / episode/length 1001 / train/loss/con 0.02 / train/loss/disag 1.9e-3 / train/loss/dyn 1.18 / train/loss/policy 0.04 / train/loss/position 0.01 / train/loss/rep 1.18 / train/loss/to_target 9.2e-3 / train/loss/value 0.84 / train/loss/velocity 0.01 / replay/replay_ratio 1040 / fps/policy 27.1 / fps/train 2.8e4

Saving checkpoint: /scratch/midway3/rickybao/dreamerv3_runs/pilot_p2e_reacher_seed1/ckpt/20260701T225737F050800
Writing metrics: /scratch/midway3/rickybao/dreamerv3_runs/pilot_p2e_reacher_seed1/metrics.jsonl
Writing metrics: /scratch/midway3/rickybao/dreamerv3_runs/pilot_p2e_reacher_seed1/scores.jsonl
Saved checkpoint.

--------------------[Agent Step 21_424]--------------------
Metrics filtered by: 'score|length|fps|ratio|train/loss/|train/rand/'
train/loss/con 0.02 / train/loss/disag 1.9e-3 / train/loss/dyn 1.17 / train/loss/policy 9.7e-3 / train/loss/position 0.01 / train/loss/rep 1.17 / train/loss/to_target 5.5e-3 / train/loss/value 1.21 / train/loss/velocity 0.01 / replay/replay_ratio 1040 / fps/policy 27.11 / fps/train 2.8e4

Saving checkpoint: /scratch/midway3/rickybao/dreamerv3_runs/pilot_p2e_reacher_seed1/ckpt/20260701T225937F470490
Writing metrics: /scratch/midway3/rickybao/dreamerv3_runs/pilot_p2e_reacher_seed1/metrics.jsonl
Writing metrics: /scratch/midway3/rickybao/dreamerv3_runs/pilot_p2e_reacher_seed1/scores.jsonl
Saved checkpoint.

--------------------[Agent Step 24_688]--------------------
Metrics filtered by: 'score|length|fps|ratio|train/loss/|train/rand/'
train/loss/con 0.02 / train/loss/disag 1.7e-3 / train/loss/dyn 1.1 / train/loss/policy 0.03 / train/loss/position 9.5e-3 / train/loss/rep 1.1 / train/loss/to_target 2.5e-3 / train/loss/value 0.83 / train/loss/velocity 0.01 / replay/replay_ratio 1040 / fps/policy 27.15 / fps/train 2.8e4

Saving checkpoint: /scratch/midway3/rickybao/dreamerv3_runs/pilot_p2e_reacher_seed1/ckpt/20260701T230137F675284
Writing metrics: /scratch/midway3/rickybao/dreamerv3_runs/pilot_p2e_reacher_seed1/metrics.jsonl
Writing metrics: /scratch/midway3/rickybao/dreamerv3_runs/pilot_p2e_reacher_seed1/scores.jsonl
Saved checkpoint.

--------------------[Agent Step 27_936]--------------------
Metrics filtered by: 'score|length|fps|ratio|train/loss/|train/rand/'
train/loss/con 0.02 / train/loss/disag 1.7e-3 / train/loss/dyn 1.15 / train/loss/policy 0.02 / train/loss/position 9.9e-3 / train/loss/rep 1.15 / train/loss/to_target 2.2e-3 / train/loss/value 1.24 / train/loss/velocity 0.01 / replay/replay_ratio 1040 / fps/policy 27.05 / fps/train 2.8e4

Saving checkpoint: /scratch/midway3/rickybao/dreamerv3_runs/pilot_p2e_reacher_seed1/ckpt/20260701T230337F735752
Writing metrics: /scratch/midway3/rickybao/dreamerv3_runs/pilot_p2e_reacher_seed1/metrics.jsonl
Writing metrics: /scratch/midway3/rickybao/dreamerv3_runs/pilot_p2e_reacher_seed1/scores.jsonl
Saved checkpoint.

--------------------[Agent Step 31_200]--------------------
Metrics filtered by: 'score|length|fps|ratio|train/loss/|train/rand/'
train/loss/con 0.02 / train/loss/disag 1.7e-3 / train/loss/dyn 1.15 / train/loss/policy -5.4e-3 / train/loss/position 9.2e-3 / train/loss/rep 1.15 / train/loss/to_target 1.5e-3 / train/loss/value 1.03 / train/loss/velocity 0.01 / replay/replay_ratio 1040 / fps/policy 27.11 / fps/train 2.8e4

Saving checkpoint: /scratch/midway3/rickybao/dreamerv3_runs/pilot_p2e_reacher_seed1/ckpt/20260701T230538F136670
Writing metrics: /scratch/midway3/rickybao/dreamerv3_runs/pilot_p2e_reacher_seed1/metrics.jsonl
Writing metrics: /scratch/midway3/rickybao/dreamerv3_runs/pilot_p2e_reacher_seed1/scores.jsonl
Saved checkpoint.

--------------------[Agent Step 34_464]--------------------
Metrics filtered by: 'score|length|fps|ratio|train/loss/|train/rand/'
episode/score 2 / episode/length 1001 / train/loss/con 0.02 / train/loss/disag 1.6e-3 / train/loss/dyn 1.12 / train/loss/policy -3.4e-3 / train/loss/position 8.4e-3 / train/loss/rep 1.12 / train/loss/to_target 1.2e-3 / train/loss/value 1.18 / train/loss/velocity 0.01 / replay/replay_ratio 1040 / fps/policy 27.12 / fps/train 2.8e4

Saving checkpoint: /scratch/midway3/rickybao/dreamerv3_runs/pilot_p2e_reacher_seed1/ckpt/20260701T230738F480326
Writing metrics: /scratch/midway3/rickybao/dreamerv3_runs/pilot_p2e_reacher_seed1/metrics.jsonl
Writing metrics: /scratch/midway3/rickybao/dreamerv3_runs/pilot_p2e_reacher_seed1/scores.jsonl
Saved checkpoint.

--------------------[Agent Step 37_728]--------------------
Metrics filtered by: 'score|length|fps|ratio|train/loss/|train/rand/'
train/loss/con 0.02 / train/loss/disag 1.4e-3 / train/loss/dyn 1.06 / train/loss/policy -4.5e-3 / train/loss/position 6.5e-3 / train/loss/rep 1.06 / train/loss/to_target 8.9e-4 / train/loss/value 1.3 / train/loss/velocity 9e-3 / replay/replay_ratio 1040 / fps/policy 27.1 / fps/train 2.8e4

Saving checkpoint: /scratch/midway3/rickybao/dreamerv3_runs/pilot_p2e_reacher_seed1/ckpt/20260701T230938F910053
Writing metrics: /scratch/midway3/rickybao/dreamerv3_runs/pilot_p2e_reacher_seed1/metrics.jsonl
Writing metrics: /scratch/midway3/rickybao/dreamerv3_runs/pilot_p2e_reacher_seed1/scores.jsonl
Saved checkpoint.

--------------------[Agent Step 40_992]--------------------
Metrics filtered by: 'score|length|fps|ratio|train/loss/|train/rand/'
train/loss/con 0.02 / train/loss/disag 1.2e-3 / train/loss/dyn 1.04 / train/loss/policy -4.1e-3 / train/loss/position 5.2e-3 / train/loss/rep 1.04 / train/loss/to_target 7.8e-4 / train/loss/value 1.08 / train/loss/velocity 7.6e-3 / replay/replay_ratio 1040 / fps/policy 27.13 / fps/train 2.8e4

Writing metrics: /scratch/midway3/rickybao/dreamerv3_runs/pilot_p2e_reacher_seed1/metrics.jsonl
Saving checkpoint: /scratch/midway3/rickybao/dreamerv3_runs/pilot_p2e_reacher_seed1/ckpt/20260701T231139F218733
Writing metrics: /scratch/midway3/rickybao/dreamerv3_runs/pilot_p2e_reacher_seed1/scores.jsonl
Saved checkpoint.

--------------------[Agent Step 44_256]--------------------
Metrics filtered by: 'score|length|fps|ratio|train/loss/|train/rand/'
train/loss/con 0.02 / train/loss/disag 1.2e-3 / train/loss/dyn 1.04 / train/loss/policy 0.01 / train/loss/position 4.6e-3 / train/loss/rep 1.04 / train/loss/to_target 7.2e-4 / train/loss/value 1.24 / train/loss/velocity 6.6e-3 / replay/replay_ratio 1040 / fps/policy 27.08 / fps/train 2.8e4

Writing metrics: /scratch/midway3/rickybao/dreamerv3_runs/pilot_p2e_reacher_seed1/metrics.jsonl
Saving checkpoint: /scratch/midway3/rickybao/dreamerv3_runs/pilot_p2e_reacher_seed1/ckpt/20260701T231339F731361
Writing metrics: /scratch/midway3/rickybao/dreamerv3_runs/pilot_p2e_reacher_seed1/scores.jsonl
Saved checkpoint.

--------------------[Agent Step 47_520]--------------------
Metrics filtered by: 'score|length|fps|ratio|train/loss/|train/rand/'
train/loss/con 0.02 / train/loss/disag 1e-3 / train/loss/dyn 1.03 / train/loss/policy 4e-4 / train/loss/position 4.3e-3 / train/loss/rep 1.03 / train/loss/to_target 7.8e-4 / train/loss/value 1.12 / train/loss/velocity 6e-3 / replay/replay_ratio 1040 / fps/policy 27.14 / fps/train 2.8e4

Saving checkpoint: /scratch/midway3/rickybao/dreamerv3_runs/pilot_p2e_reacher_seed1/ckpt/20260701T231539F989156
Writing metrics: /scratch/midway3/rickybao/dreamerv3_runs/pilot_p2e_reacher_seed1/metrics.jsonl
Writing metrics: /scratch/midway3/rickybao/dreamerv3_runs/pilot_p2e_reacher_seed1/scores.jsonl
Saved checkpoint.

--------------------[Agent Step 50_784]--------------------
Metrics filtered by: 'score|length|fps|ratio|train/loss/|train/rand/'
episode/score 13 / episode/length 1001 / train/loss/con 0.02 / train/loss/disag 9.7e-4 / train/loss/dyn 1.03 / train/loss/policy 4.9e-3 / train/loss/position 3.8e-3 / train/loss/rep 1.03 / train/loss/to_target 7.5e-4 / train/loss/value 1.05 / train/loss/velocity 5.6e-3 / replay/replay_ratio 1040 / fps/policy 27.15 / fps/train 2.8e4

Saving checkpoint: /scratch/midway3/rickybao/dreamerv3_runs/pilot_p2e_reacher_seed1/ckpt/20260701T231740F193900
Writing metrics: /scratch/midway3/rickybao/dreamerv3_runs/pilot_p2e_reacher_seed1/metrics.jsonl
Writing metrics: /scratch/midway3/rickybao/dreamerv3_runs/pilot_p2e_reacher_seed1/scores.jsonl
Saved checkpoint.

--------------------[Agent Step 54_048]--------------------
Metrics filtered by: 'score|length|fps|ratio|train/loss/|train/rand/'
train/loss/con 0.02 / train/loss/disag 9.2e-4 / train/loss/dyn 1.03 / train/loss/policy 0.02 / train/loss/position 3.4e-3 / train/loss/rep 1.03 / train/loss/to_target 7.2e-4 / train/loss/value 0.89 / train/loss/velocity 5.4e-3 / replay/replay_ratio 1040 / fps/policy 27.15 / fps/train 2.8e4

Saving checkpoint: /scratch/midway3/rickybao/dreamerv3_runs/pilot_p2e_reacher_seed1/ckpt/20260701T231940F427557
Writing metrics: /scratch/midway3/rickybao/dreamerv3_runs/pilot_p2e_reacher_seed1/metrics.jsonl
Writing metrics: /scratch/midway3/rickybao/dreamerv3_runs/pilot_p2e_reacher_seed1/scores.jsonl
Saved checkpoint.

--------------------[Agent Step 57_312]--------------------
Metrics filtered by: 'score|length|fps|ratio|train/loss/|train/rand/'
train/loss/con 0.02 / train/loss/disag 8.7e-4 / train/loss/dyn 1.03 / train/loss/policy 9.7e-3 / train/loss/position 3.2e-3 / train/loss/rep 1.03 / train/loss/to_target 6.9e-4 / train/loss/value 1.01 / train/loss/velocity 5.1e-3 / replay/replay_ratio 1040 / fps/policy 27.17 / fps/train 2.8e4

Writing metrics: /scratch/midway3/rickybao/dreamerv3_runs/pilot_p2e_reacher_seed1/scores.jsonl
Saving checkpoint: /scratch/midway3/rickybao/dreamerv3_runs/pilot_p2e_reacher_seed1/ckpt/20260701T232140F569431
Writing metrics: /scratch/midway3/rickybao/dreamerv3_runs/pilot_p2e_reacher_seed1/metrics.jsonl
Saved checkpoint.

--------------------[Agent Step 60_576]--------------------
Metrics filtered by: 'score|length|fps|ratio|train/loss/|train/rand/'
train/loss/con 0.02 / train/loss/disag 8.4e-4 / train/loss/dyn 1.02 / train/loss/policy 1.4e-4 / train/loss/position 3.4e-3 / train/loss/rep 1.02 / train/loss/to_target 6.9e-4 / train/loss/value 1.1 / train/loss/velocity 4.9e-3 / replay/replay_ratio 1040 / fps/policy 27.1 / fps/train 2.8e4

Saving checkpoint: /scratch/midway3/rickybao/dreamerv3_runs/pilot_p2e_reacher_seed1/ckpt/20260701T232341F024635
Writing metrics: /scratch/midway3/rickybao/dreamerv3_runs/pilot_p2e_reacher_seed1/scores.jsonl
Writing metrics: /scratch/midway3/rickybao/dreamerv3_runs/pilot_p2e_reacher_seed1/metrics.jsonl
Saved checkpoint.

--------------------[Agent Step 63_840]--------------------
Metrics filtered by: 'score|length|fps|ratio|train/loss/|train/rand/'
train/loss/con 0.02 / train/loss/disag 8.2e-4 / train/loss/dyn 1.02 / train/loss/policy 3.1e-3 / train/loss/position 3.1e-3 / train/loss/rep 1.02 / train/loss/to_target 6.7e-4 / train/loss/value 1.08 / train/loss/velocity 4.6e-3 / replay/replay_ratio 1040 / fps/policy 27.16 / fps/train 2.8e4

Writing metrics: /scratch/midway3/rickybao/dreamerv3_runs/pilot_p2e_reacher_seed1/scores.jsonl
Saving checkpoint: /scratch/midway3/rickybao/dreamerv3_runs/pilot_p2e_reacher_seed1/ckpt/20260701T232541F184637
Writing metrics: /scratch/midway3/rickybao/dreamerv3_runs/pilot_p2e_reacher_seed1/metrics.jsonl
Saved checkpoint.

--------------------[Agent Step 67_104]--------------------
Metrics filtered by: 'score|length|fps|ratio|train/loss/|train/rand/'
episode/score 6 / episode/length 1001 / train/loss/con 0.02 / train/loss/disag 8.2e-4 / train/loss/dyn 1.03 / train/loss/policy 7.8e-3 / train/loss/position 3e-3 / train/loss/rep 1.03 / train/loss/to_target 6.6e-4 / train/loss/value 1.12 / train/loss/velocity 4.7e-3 / replay/replay_ratio 1040 / fps/policy 27.14 / fps/train 2.8e4

Saving checkpoint: /scratch/midway3/rickybao/dreamerv3_runs/pilot_p2e_reacher_seed1/ckpt/20260701T232741F455442
Writing metrics: /scratch/midway3/rickybao/dreamerv3_runs/pilot_p2e_reacher_seed1/metrics.jsonl
Writing metrics: /scratch/midway3/rickybao/dreamerv3_runs/pilot_p2e_reacher_seed1/scores.jsonl
Saved checkpoint.

--------------------[Agent Step 70_368]--------------------
Metrics filtered by: 'score|length|fps|ratio|train/loss/|train/rand/'
train/loss/con 0.02 / train/loss/disag 8e-4 / train/loss/dyn 1.03 / train/loss/policy 0.02 / train/loss/position 3e-3 / train/loss/rep 1.03 / train/loss/to_target 6.5e-4 / train/loss/value 0.96 / train/loss/velocity 4.6e-3 / replay/replay_ratio 1040 / fps/policy 27.15 / fps/train 2.8e4

Saving checkpoint: /scratch/midway3/rickybao/dreamerv3_runs/pilot_p2e_reacher_seed1/ckpt/20260701T232941F693189
Writing metrics: /scratch/midway3/rickybao/dreamerv3_runs/pilot_p2e_reacher_seed1/metrics.jsonl
Writing metrics: /scratch/midway3/rickybao/dreamerv3_runs/pilot_p2e_reacher_seed1/scores.jsonl
Saved checkpoint.

--------------------[Agent Step 73_632]--------------------
Metrics filtered by: 'score|length|fps|ratio|train/loss/|train/rand/'
train/loss/con 0.02 / train/loss/disag 7.8e-4 / train/loss/dyn 1.02 / train/loss/policy 5.9e-3 / train/loss/position 2.8e-3 / train/loss/rep 1.02 / train/loss/to_target 6.3e-4 / train/loss/value 0.91 / train/loss/velocity 4.5e-3 / replay/replay_ratio 1040 / fps/policy 27.15 / fps/train 2.8e4

Saving checkpoint: /scratch/midway3/rickybao/dreamerv3_runs/pilot_p2e_reacher_seed1/ckpt/20260701T233141F897846
Writing metrics: /scratch/midway3/rickybao/dreamerv3_runs/pilot_p2e_reacher_seed1/metrics.jsonl
Writing metrics: /scratch/midway3/rickybao/dreamerv3_runs/pilot_p2e_reacher_seed1/scores.jsonl
Saved checkpoint.

--------------------[Agent Step 76_896]--------------------
Metrics filtered by: 'score|length|fps|ratio|train/loss/|train/rand/'
train/loss/con 0.02 / train/loss/disag 7.6e-4 / train/loss/dyn 1.02 / train/loss/policy -1.4e-3 / train/loss/position 2.7e-3 / train/loss/rep 1.02 / train/loss/to_target 6.2e-4 / train/loss/value 0.99 / train/loss/velocity 4.2e-3 / replay/replay_ratio 1040 / fps/policy 27.09 / fps/train 2.8e4

Writing metrics: /scratch/midway3/rickybao/dreamerv3_runs/pilot_p2e_reacher_seed1/scores.jsonl
Saving checkpoint: /scratch/midway3/rickybao/dreamerv3_runs/pilot_p2e_reacher_seed1/ckpt/20260701T233342F376412
Writing metrics: /scratch/midway3/rickybao/dreamerv3_runs/pilot_p2e_reacher_seed1/metrics.jsonl
Saved checkpoint.

--------------------[Agent Step 80_160]--------------------
Metrics filtered by: 'score|length|fps|ratio|train/loss/|train/rand/'
episode/score 15 / episode/length 1001 / train/loss/con 0.02 / train/loss/disag 7.5e-4 / train/loss/dyn 1.02 / train/loss/policy -7.4e-3 / train/loss/position 2.6e-3 / train/loss/rep 1.02 / train/loss/to_target 5.9e-4 / train/loss/value 0.97 / train/loss/velocity 3.9e-3 / replay/replay_ratio 1040 / fps/policy 27.15 / fps/train 2.8e4

Saving checkpoint: /scratch/midway3/rickybao/dreamerv3_runs/pilot_p2e_reacher_seed1/ckpt/20260701T233542F600788
Writing metrics: /scratch/midway3/rickybao/dreamerv3_runs/pilot_p2e_reacher_seed1/scores.jsonl
Writing metrics: /scratch/midway3/rickybao/dreamerv3_runs/pilot_p2e_reacher_seed1/metrics.jsonl
Saved checkpoint.

--------------------[Agent Step 83_424]--------------------
Metrics filtered by: 'score|length|fps|ratio|train/loss/|train/rand/'
train/loss/con 0.02 / train/loss/disag 7.4e-4 / train/loss/dyn 1.02 / train/loss/policy -1.7e-3 / train/loss/position 2.6e-3 / train/loss/rep 1.02 / train/loss/to_target 5.9e-4 / train/loss/value 1.01 / train/loss/velocity 3.7e-3 / replay/replay_ratio 1040 / fps/policy 27.17 / fps/train 2.8e4

Saving checkpoint: /scratch/midway3/rickybao/dreamerv3_runs/pilot_p2e_reacher_seed1/ckpt/20260701T233742F748741
Writing metrics: /scratch/midway3/rickybao/dreamerv3_runs/pilot_p2e_reacher_seed1/metrics.jsonl
Writing metrics: /scratch/midway3/rickybao/dreamerv3_runs/pilot_p2e_reacher_seed1/scores.jsonl
Saved checkpoint.

--------------------[Agent Step 86_688]--------------------
Metrics filtered by: 'score|length|fps|ratio|train/loss/|train/rand/'
train/loss/con 0.02 / train/loss/disag 7.2e-4 / train/loss/dyn 1.02 / train/loss/policy 1.7e-3 / train/loss/position 2.5e-3 / train/loss/rep 1.02 / train/loss/to_target 5.8e-4 / train/loss/value 0.96 / train/loss/velocity 3.8e-3 / replay/replay_ratio 1040 / fps/policy 27.17 / fps/train 2.8e4

Saving checkpoint: /scratch/midway3/rickybao/dreamerv3_runs/pilot_p2e_reacher_seed1/ckpt/20260701T233942F897469
Writing metrics: /scratch/midway3/rickybao/dreamerv3_runs/pilot_p2e_reacher_seed1/metrics.jsonl
Writing metrics: /scratch/midway3/rickybao/dreamerv3_runs/pilot_p2e_reacher_seed1/scores.jsonl
Saved checkpoint.

--------------------[Agent Step 89_952]--------------------
Metrics filtered by: 'score|length|fps|ratio|train/loss/|train/rand/'
train/loss/con 0.02 / train/loss/disag 7e-4 / train/loss/dyn 1.02 / train/loss/policy -0.01 / train/loss/position 2.4e-3 / train/loss/rep 1.02 / train/loss/to_target 5.5e-4 / train/loss/value 0.94 / train/loss/velocity 3.6e-3 / replay/replay_ratio 1040 / fps/policy 27.15 / fps/train 2.8e4

Saving checkpoint: /scratch/midway3/rickybao/dreamerv3_runs/pilot_p2e_reacher_seed1/ckpt/20260701T234143F117094
Writing metrics: /scratch/midway3/rickybao/dreamerv3_runs/pilot_p2e_reacher_seed1/metrics.jsonl
Writing metrics: /scratch/midway3/rickybao/dreamerv3_runs/pilot_p2e_reacher_seed1/scores.jsonl
Saved checkpoint.

--------------------[Agent Step 93_216]--------------------
Metrics filtered by: 'score|length|fps|ratio|train/loss/|train/rand/'
train/loss/con 0.02 / train/loss/disag 7e-4 / train/loss/dyn 1.02 / train/loss/policy 2.8e-4 / train/loss/position 2.4e-3 / train/loss/rep 1.02 / train/loss/to_target 5.3e-4 / train/loss/value 0.89 / train/loss/velocity 3.5e-3 / replay/replay_ratio 1040 / fps/policy 27.1 / fps/train 2.8e4

Saving checkpoint: /scratch/midway3/rickybao/dreamerv3_runs/pilot_p2e_reacher_seed1/ckpt/20260701T234343F570963
Writing metrics: /scratch/midway3/rickybao/dreamerv3_runs/pilot_p2e_reacher_seed1/scores.jsonl
Writing metrics: /scratch/midway3/rickybao/dreamerv3_runs/pilot_p2e_reacher_seed1/metrics.jsonl
Saved checkpoint.

--------------------[Agent Step 96_480]--------------------
Metrics filtered by: 'score|length|fps|ratio|train/loss/|train/rand/'
episode/score 0 / episode/length 1001 / train/loss/con 0.02 / train/loss/disag 6.9e-4 / train/loss/dyn 1.02 / train/loss/policy 0.02 / train/loss/position 2.3e-3 / train/loss/rep 1.02 / train/loss/to_target 5.1e-4 / train/loss/value 0.98 / train/loss/velocity 3.3e-3 / replay/replay_ratio 1040 / fps/policy 27.15 / fps/train 2.8e4

Saving checkpoint: /scratch/midway3/rickybao/dreamerv3_runs/pilot_p2e_reacher_seed1/ckpt/20260701T234543F792828
Writing metrics: /scratch/midway3/rickybao/dreamerv3_runs/pilot_p2e_reacher_seed1/scores.jsonl
Writing metrics: /scratch/midway3/rickybao/dreamerv3_runs/pilot_p2e_reacher_seed1/metrics.jsonl
Saved checkpoint.

--------------------[Agent Step 99_744]--------------------
Metrics filtered by: 'score|length|fps|ratio|train/loss/|train/rand/'
train/loss/con 0.02 / train/loss/disag 6.9e-4 / train/loss/dyn 1.02 / train/loss/policy 4.1e-3 / train/loss/position 2.4e-3 / train/loss/rep 1.02 / train/loss/to_target 5.2e-4 / train/loss/value 0.97 / train/loss/velocity 3.4e-3 / replay/replay_ratio 1040 / fps/policy 27.15 / fps/train 2.8e4

Saving checkpoint: /scratch/midway3/rickybao/dreamerv3_runs/pilot_p2e_reacher_seed1/ckpt/20260701T234744F014163
Writing metrics: /scratch/midway3/rickybao/dreamerv3_runs/pilot_p2e_reacher_seed1/scores.jsonl
Writing metrics: /scratch/midway3/rickybao/dreamerv3_runs/pilot_p2e_reacher_seed1/metrics.jsonl
Saved checkpoint.
[Wed Jul  1 23:47:54 CDT 2026] pilot pilot_p2e_reacher_seed1 rc=0 status=DONE  (replay at /scratch/midway3/rickybao/dreamerv3_runs/pilot_p2e_reacher_seed1/replay)
