[Wed Jul  1 21:49:00 CDT 2026] pilot RUN_ID=pilot_p2e_finger_seed1 TASK=dmc_finger_turn_hard MODE=expl_p2e SEED=1 STEPS=1e5
2026-07-01 21:50:08.614474: E external/xla/xla/python/profiler/internal/python_hooks.cc:400] Can't import tensorflow.python.profiler.trace
2026-07-01 21:50:10.389708: E external/xla/xla/python/profiler/internal/python_hooks.cc:400] Can't import tensorflow.python.profiler.trace
---  ___                           __   ______ ---
--- |   \ _ _ ___ __ _ _ __  ___ _ \ \ / /__ / ---
--- | |) | '_/ -_) _` | '  \/ -_) '/\ V / |_ \ ---
--- |___/|_| \___\__,_|_|_|_\___|_|  \_/ |___/ ---
Replica: 0 / 1
Logdir: /scratch/midway3/rickybao/dreamerv3_runs/pilot_p2e_finger_seed1
Run script: train
Observations
  reward           Space(float32, shape=(), low=-inf, high=inf)
  is_first         Space(bool, shape=(), low=False, high=True)
  is_last          Space(bool, shape=(), low=False, high=True)
  is_terminal      Space(bool, shape=(), low=False, high=True)
  position         Space(float32, shape=(4,), low=-inf, high=inf)
  velocity         Space(float32, shape=(3,), low=-inf, high=inf)
  touch            Space(float32, shape=(2,), low=-inf, high=inf)
  target_position  Space(float32, shape=(2,), low=-inf, high=inf)
  dist_to_target   Space(float32, shape=(), low=-inf, high=inf)
Actions
  action           Space(float32, shape=(2,), low=-1.0, high=1.0)
Extras
  consec           Space(int32, shape=(), low=-2147483648, high=2147483647)
  stepid           Space(uint8, shape=(20,), low=0, high=255)
  dyn/deter        Space(float32, shape=(512,), low=-inf, high=inf)
  dyn/stoch        Space(float32, shape=(32, 4), low=-inf, high=inf)
JAX devices (1): [cuda:0]
Policy devices: cuda:0
Train devices:  cuda:0
Initializing parameters...
Optimizer opt has 3,744,016 params:
     3,163,136 disag
       364,160 dyn
        66,111 val
        50,316 dec
        49,796 pol
        41,153 con
         9,344 enc
Done initializing!
Compiling 1 checkpoint groups...
Largest checkpoint group: 0 GB
Compiling train and report...
Train cost analysis:
  FLOPS:            5.4e+10
  Memory (temp):    8.5e+08
  Memory (inputs):  4.8e+07
  Memory (outputs): 4.7e+07
  Memory (code):    2.5e+06

Report cost analysis:
  FLOPS:            2.0e+06
  Memory (temp):    9.2e+05
  Memory (inputs):  2.7e+06
  Memory (outputs): 2.1e+04
  Memory (code):    1.0e+05

Done compiling!
Did not find any checkpoint.
Saving checkpoint: /scratch/midway3/rickybao/dreamerv3_runs/pilot_p2e_finger_seed1/ckpt/20260701T214959F992745
Saved checkpoint.
Start training loop
Start JAX profiler: /scratch/midway3/rickybao/dreamerv3_runs/pilot_p2e_finger_seed1
Stop JAX profiler

--------------------[Agent Step 4_016]--------------------
Metrics filtered by: 'score|length|fps|ratio|train/loss/|train/rand/'
train/loss/con 0.09 / train/loss/disag 0.06 / train/loss/dist_to_target 0.06 / train/loss/dyn 2.1 / train/loss/policy 1.1 / train/loss/position 0.52 / train/loss/rep 2.1 / train/loss/target_position 0.06 / train/loss/touch 0.15 / train/loss/value 4.14 / train/loss/velocity 1.45 / replay/replay_ratio 684.76 / fps/policy 32.46 / fps/train 1.6e4

Writing metrics: /scratch/midway3/rickybao/dreamerv3_runs/pilot_p2e_finger_seed1/metrics.jsonl
Writing metrics: /scratch/midway3/rickybao/dreamerv3_runs/pilot_p2e_finger_seed1/scores.jsonl
Saving checkpoint: /scratch/midway3/rickybao/dreamerv3_runs/pilot_p2e_finger_seed1/ckpt/20260701T215202F369150
Saved checkpoint.

--------------------[Agent Step 6_096]--------------------
Metrics filtered by: 'score|length|fps|ratio|train/loss/|train/rand/'
train/loss/con 0.02 / train/loss/disag 7.5e-3 / train/loss/dist_to_target 6.6e-3 / train/loss/dyn 1.32 / train/loss/policy 0.86 / train/loss/position 0.04 / train/loss/rep 1.32 / train/loss/target_position 0.01 / train/loss/touch 0.06 / train/loss/value 1.88 / train/loss/velocity 0.21 / replay/replay_ratio 1040 / fps/policy 17.25 / fps/train 1.8e4

Saving checkpoint: /scratch/midway3/rickybao/dreamerv3_runs/pilot_p2e_finger_seed1/ckpt/20260701T215402F956863
Writing metrics: /scratch/midway3/rickybao/dreamerv3_runs/pilot_p2e_finger_seed1/metrics.jsonl
Writing metrics: /scratch/midway3/rickybao/dreamerv3_runs/pilot_p2e_finger_seed1/scores.jsonl
Saved checkpoint.

--------------------[Agent Step 8_176]--------------------
Metrics filtered by: 'score|length|fps|ratio|train/loss/|train/rand/'
train/loss/con 0.02 / train/loss/disag 4.4e-3 / train/loss/dist_to_target 5.9e-3 / train/loss/dyn 1.19 / train/loss/policy 0.79 / train/loss/position 0.03 / train/loss/rep 1.19 / train/loss/target_position 0.01 / train/loss/touch 0.05 / train/loss/value 1.05 / train/loss/velocity 0.13 / replay/replay_ratio 1040 / fps/policy 17.23 / fps/train 1.8e4

Saving checkpoint: /scratch/midway3/rickybao/dreamerv3_runs/pilot_p2e_finger_seed1/ckpt/20260701T215603F703124
Writing metrics: /scratch/midway3/rickybao/dreamerv3_runs/pilot_p2e_finger_seed1/metrics.jsonl
Writing metrics: /scratch/midway3/rickybao/dreamerv3_runs/pilot_p2e_finger_seed1/scores.jsonl
Saved checkpoint.

--------------------[Agent Step 10_256]--------------------
Metrics filtered by: 'score|length|fps|ratio|train/loss/|train/rand/'
train/loss/con 0.02 / train/loss/disag 3.7e-3 / train/loss/dist_to_target 5.7e-3 / train/loss/dyn 1.11 / train/loss/policy -0.22 / train/loss/position 0.02 / train/loss/rep 1.11 / train/loss/target_position 0.01 / train/loss/touch 0.02 / train/loss/value 0.98 / train/loss/velocity 0.09 / replay/replay_ratio 1040 / fps/policy 17.26 / fps/train 1.8e4

Saving checkpoint: /scratch/midway3/rickybao/dreamerv3_runs/pilot_p2e_finger_seed1/ckpt/20260701T215804F208314
Writing metrics: /scratch/midway3/rickybao/dreamerv3_runs/pilot_p2e_finger_seed1/scores.jsonl
Writing metrics: /scratch/midway3/rickybao/dreamerv3_runs/pilot_p2e_finger_seed1/metrics.jsonl
Saved checkpoint.

--------------------[Agent Step 12_336]--------------------
Metrics filtered by: 'score|length|fps|ratio|train/loss/|train/rand/'
train/loss/con 0.02 / train/loss/disag 3e-3 / train/loss/dist_to_target 5.7e-3 / train/loss/dyn 1.08 / train/loss/policy -0.37 / train/loss/position 0.02 / train/loss/rep 1.08 / train/loss/target_position 0.01 / train/loss/touch 0.01 / train/loss/value 0.72 / train/loss/velocity 0.06 / replay/replay_ratio 1040 / fps/policy 17.26 / fps/train 1.8e4

Saving checkpoint: /scratch/midway3/rickybao/dreamerv3_runs/pilot_p2e_finger_seed1/ckpt/20260701T220004F685447
Writing metrics: /scratch/midway3/rickybao/dreamerv3_runs/pilot_p2e_finger_seed1/metrics.jsonl
Writing metrics: /scratch/midway3/rickybao/dreamerv3_runs/pilot_p2e_finger_seed1/scores.jsonl
Saved checkpoint.

--------------------[Agent Step 14_416]--------------------
Metrics filtered by: 'score|length|fps|ratio|train/loss/|train/rand/'
train/loss/con 0.02 / train/loss/disag 2.6e-3 / train/loss/dist_to_target 5.6e-3 / train/loss/dyn 1.12 / train/loss/policy -0.23 / train/loss/position 0.02 / train/loss/rep 1.12 / train/loss/target_position 0.01 / train/loss/touch 0.01 / train/loss/value 1.1 / train/loss/velocity 0.06 / replay/replay_ratio 1040 / fps/policy 17.25 / fps/train 1.8e4

Saving checkpoint: /scratch/midway3/rickybao/dreamerv3_runs/pilot_p2e_finger_seed1/ckpt/20260701T220205F268732
Writing metrics: /scratch/midway3/rickybao/dreamerv3_runs/pilot_p2e_finger_seed1/metrics.jsonl
Writing metrics: /scratch/midway3/rickybao/dreamerv3_runs/pilot_p2e_finger_seed1/scores.jsonl
Saved checkpoint.

--------------------[Agent Step 16_496]--------------------
Metrics filtered by: 'score|length|fps|ratio|train/loss/|train/rand/'
episode/score 0 / episode/length 1001 / train/loss/con 0.02 / train/loss/disag 2.7e-3 / train/loss/dist_to_target 5.8e-3 / train/loss/dyn 1.28 / train/loss/policy -0.28 / train/loss/position 0.02 / train/loss/rep 1.28 / train/loss/target_position 0.01 / train/loss/touch 0.02 / train/loss/value 0.45 / train/loss/velocity 0.08 / replay/replay_ratio 1040 / fps/policy 17.25 / fps/train 1.8e4

Saving checkpoint: /scratch/midway3/rickybao/dreamerv3_runs/pilot_p2e_finger_seed1/ckpt/20260701T220405F851868
Writing metrics: /scratch/midway3/rickybao/dreamerv3_runs/pilot_p2e_finger_seed1/metrics.jsonl
Writing metrics: /scratch/midway3/rickybao/dreamerv3_runs/pilot_p2e_finger_seed1/scores.jsonl
Saved checkpoint.

--------------------[Agent Step 18_576]--------------------
Metrics filtered by: 'score|length|fps|ratio|train/loss/|train/rand/'
train/loss/con 0.02 / train/loss/disag 2.7e-3 / train/loss/dist_to_target 5.8e-3 / train/loss/dyn 1.37 / train/loss/policy -0.18 / train/loss/position 0.02 / train/loss/rep 1.37 / train/loss/target_position 0.01 / train/loss/touch 0.03 / train/loss/value 1.25 / train/loss/velocity 0.09 / replay/replay_ratio 1040 / fps/policy 17.24 / fps/train 1.8e4

Saving checkpoint: /scratch/midway3/rickybao/dreamerv3_runs/pilot_p2e_finger_seed1/ckpt/20260701T220606F530360
Writing metrics: /scratch/midway3/rickybao/dreamerv3_runs/pilot_p2e_finger_seed1/metrics.jsonl
Writing metrics: /scratch/midway3/rickybao/dreamerv3_runs/pilot_p2e_finger_seed1/scores.jsonl
Saved checkpoint.

--------------------[Agent Step 20_656]--------------------
Metrics filtered by: 'score|length|fps|ratio|train/loss/|train/rand/'
train/loss/con 0.02 / train/loss/disag 2.7e-3 / train/loss/dist_to_target 5.7e-3 / train/loss/dyn 1.39 / train/loss/policy -0.11 / train/loss/position 0.02 / train/loss/rep 1.39 / train/loss/target_position 0.01 / train/loss/touch 0.03 / train/loss/value 1.09 / train/loss/velocity 0.08 / replay/replay_ratio 1040 / fps/policy 17.25 / fps/train 1.8e4

Saving checkpoint: /scratch/midway3/rickybao/dreamerv3_runs/pilot_p2e_finger_seed1/ckpt/20260701T220807F116714
Writing metrics: /scratch/midway3/rickybao/dreamerv3_runs/pilot_p2e_finger_seed1/metrics.jsonl
Writing metrics: /scratch/midway3/rickybao/dreamerv3_runs/pilot_p2e_finger_seed1/scores.jsonl
Saved checkpoint.

--------------------[Agent Step 22_736]--------------------
Metrics filtered by: 'score|length|fps|ratio|train/loss/|train/rand/'
train/loss/con 0.02 / train/loss/disag 2.7e-3 / train/loss/dist_to_target 5.6e-3 / train/loss/dyn 1.41 / train/loss/policy -4.1e-3 / train/loss/position 0.02 / train/loss/rep 1.41 / train/loss/target_position 0.01 / train/loss/touch 0.03 / train/loss/value 0.9 / train/loss/velocity 0.08 / replay/replay_ratio 1040 / fps/policy 17.22 / fps/train 1.8e4

Saving checkpoint: /scratch/midway3/rickybao/dreamerv3_runs/pilot_p2e_finger_seed1/ckpt/20260701T221007F903599
Writing metrics: /scratch/midway3/rickybao/dreamerv3_runs/pilot_p2e_finger_seed1/metrics.jsonl
Writing metrics: /scratch/midway3/rickybao/dreamerv3_runs/pilot_p2e_finger_seed1/scores.jsonl
Saved checkpoint.

--------------------[Agent Step 24_816]--------------------
Metrics filtered by: 'score|length|fps|ratio|train/loss/|train/rand/'
train/loss/con 0.02 / train/loss/disag 2.7e-3 / train/loss/dist_to_target 5.7e-3 / train/loss/dyn 1.47 / train/loss/policy -0.04 / train/loss/position 0.02 / train/loss/rep 1.47 / train/loss/target_position 0.01 / train/loss/touch 0.03 / train/loss/value 0.52 / train/loss/velocity 0.08 / replay/replay_ratio 1040 / fps/policy 17.25 / fps/train 1.8e4

Saving checkpoint: /scratch/midway3/rickybao/dreamerv3_runs/pilot_p2e_finger_seed1/ckpt/20260701T221208F484556
Writing metrics: /scratch/midway3/rickybao/dreamerv3_runs/pilot_p2e_finger_seed1/metrics.jsonl
Writing metrics: /scratch/midway3/rickybao/dreamerv3_runs/pilot_p2e_finger_seed1/scores.jsonl
Saved checkpoint.

--------------------[Agent Step 26_896]--------------------
Metrics filtered by: 'score|length|fps|ratio|train/loss/|train/rand/'
train/loss/con 0.02 / train/loss/disag 2.7e-3 / train/loss/dist_to_target 5.7e-3 / train/loss/dyn 1.5 / train/loss/policy 0.04 / train/loss/position 0.02 / train/loss/rep 1.5 / train/loss/target_position 0.01 / train/loss/touch 0.03 / train/loss/value 0.84 / train/loss/velocity 0.08 / replay/replay_ratio 1040 / fps/policy 17.25 / fps/train 1.8e4

Saving checkpoint: /scratch/midway3/rickybao/dreamerv3_runs/pilot_p2e_finger_seed1/ckpt/20260701T221409F042746
Writing metrics: /scratch/midway3/rickybao/dreamerv3_runs/pilot_p2e_finger_seed1/metrics.jsonl
Writing metrics: /scratch/midway3/rickybao/dreamerv3_runs/pilot_p2e_finger_seed1/scores.jsonl
Saved checkpoint.

--------------------[Agent Step 28_976]--------------------
Metrics filtered by: 'score|length|fps|ratio|train/loss/|train/rand/'
train/loss/con 0.02 / train/loss/disag 2.7e-3 / train/loss/dist_to_target 5.5e-3 / train/loss/dyn 1.51 / train/loss/policy -0.14 / train/loss/position 0.02 / train/loss/rep 1.51 / train/loss/target_position 0.01 / train/loss/touch 0.03 / train/loss/value 0.76 / train/loss/velocity 0.08 / replay/replay_ratio 1040 / fps/policy 17.25 / fps/train 1.8e4

Saving checkpoint: /scratch/midway3/rickybao/dreamerv3_runs/pilot_p2e_finger_seed1/ckpt/20260701T221609F603964
Writing metrics: /scratch/midway3/rickybao/dreamerv3_runs/pilot_p2e_finger_seed1/metrics.jsonl
Writing metrics: /scratch/midway3/rickybao/dreamerv3_runs/pilot_p2e_finger_seed1/scores.jsonl
Saved checkpoint.

--------------------[Agent Step 31_056]--------------------
Metrics filtered by: 'score|length|fps|ratio|train/loss/|train/rand/'
train/loss/con 0.02 / train/loss/disag 2.7e-3 / train/loss/dist_to_target 5.4e-3 / train/loss/dyn 1.49 / train/loss/policy -0.02 / train/loss/position 0.01 / train/loss/rep 1.49 / train/loss/target_position 0.01 / train/loss/touch 0.03 / train/loss/value 1.25 / train/loss/velocity 0.08 / replay/replay_ratio 1040 / fps/policy 17.27 / fps/train 1.8e4

Saving checkpoint: /scratch/midway3/rickybao/dreamerv3_runs/pilot_p2e_finger_seed1/ckpt/20260701T221810F048535
Writing metrics: /scratch/midway3/rickybao/dreamerv3_runs/pilot_p2e_finger_seed1/metrics.jsonl
Writing metrics: /scratch/midway3/rickybao/dreamerv3_runs/pilot_p2e_finger_seed1/scores.jsonl
Saved checkpoint.

--------------------[Agent Step 33_136]--------------------
Metrics filtered by: 'score|length|fps|ratio|train/loss/|train/rand/'
episode/score 140 / episode/length 1001 / train/loss/con 0.02 / train/loss/disag 2.7e-3 / train/loss/dist_to_target 5.3e-3 / train/loss/dyn 1.51 / train/loss/policy -0.05 / train/loss/position 0.01 / train/loss/rep 1.51 / train/loss/target_position 0.01 / train/loss/touch 0.03 / train/loss/value 1.22 / train/loss/velocity 0.08 / replay/replay_ratio 1040 / fps/policy 17.27 / fps/train 1.8e4

Saving checkpoint: /scratch/midway3/rickybao/dreamerv3_runs/pilot_p2e_finger_seed1/ckpt/20260701T222010F506872
Writing metrics: /scratch/midway3/rickybao/dreamerv3_runs/pilot_p2e_finger_seed1/metrics.jsonl
Writing metrics: /scratch/midway3/rickybao/dreamerv3_runs/pilot_p2e_finger_seed1/scores.jsonl
Saved checkpoint.

--------------------[Agent Step 35_216]--------------------
Metrics filtered by: 'score|length|fps|ratio|train/loss/|train/rand/'
train/loss/con 0.02 / train/loss/disag 2.8e-3 / train/loss/dist_to_target 5.2e-3 / train/loss/dyn 1.53 / train/loss/policy -0.01 / train/loss/position 0.01 / train/loss/rep 1.53 / train/loss/target_position 0.01 / train/loss/touch 0.03 / train/loss/value 0.85 / train/loss/velocity 0.08 / replay/replay_ratio 1040 / fps/policy 17.26 / fps/train 1.8e4

Saving checkpoint: /scratch/midway3/rickybao/dreamerv3_runs/pilot_p2e_finger_seed1/ckpt/20260701T222211F003839
Writing metrics: /scratch/midway3/rickybao/dreamerv3_runs/pilot_p2e_finger_seed1/metrics.jsonl
Writing metrics: /scratch/midway3/rickybao/dreamerv3_runs/pilot_p2e_finger_seed1/scores.jsonl
Saved checkpoint.

--------------------[Agent Step 37_296]--------------------
Metrics filtered by: 'score|length|fps|ratio|train/loss/|train/rand/'
train/loss/con 0.02 / train/loss/disag 2.7e-3 / train/loss/dist_to_target 5.1e-3 / train/loss/dyn 1.55 / train/loss/policy 0.04 / train/loss/position 0.01 / train/loss/rep 1.55 / train/loss/target_position 0.01 / train/loss/touch 0.02 / train/loss/value 1.12 / train/loss/velocity 0.08 / replay/replay_ratio 1040 / fps/policy 17.26 / fps/train 1.8e4

Saving checkpoint: /scratch/midway3/rickybao/dreamerv3_runs/pilot_p2e_finger_seed1/ckpt/20260701T222411F482630
Writing metrics: /scratch/midway3/rickybao/dreamerv3_runs/pilot_p2e_finger_seed1/metrics.jsonl
Writing metrics: /scratch/midway3/rickybao/dreamerv3_runs/pilot_p2e_finger_seed1/scores.jsonl
Saved checkpoint.

--------------------[Agent Step 39_376]--------------------
Metrics filtered by: 'score|length|fps|ratio|train/loss/|train/rand/'
train/loss/con 0.02 / train/loss/disag 2.8e-3 / train/loss/dist_to_target 5.1e-3 / train/loss/dyn 1.57 / train/loss/policy 0.03 / train/loss/position 0.01 / train/loss/rep 1.57 / train/loss/target_position 0.01 / train/loss/touch 0.02 / train/loss/value 1.09 / train/loss/velocity 0.08 / replay/replay_ratio 1040 / fps/policy 17.24 / fps/train 1.8e4

Saving checkpoint: /scratch/midway3/rickybao/dreamerv3_runs/pilot_p2e_finger_seed1/ckpt/20260701T222612F162556
Writing metrics: /scratch/midway3/rickybao/dreamerv3_runs/pilot_p2e_finger_seed1/metrics.jsonl
Writing metrics: /scratch/midway3/rickybao/dreamerv3_runs/pilot_p2e_finger_seed1/scores.jsonl
Saved checkpoint.

--------------------[Agent Step 41_456]--------------------
Metrics filtered by: 'score|length|fps|ratio|train/loss/|train/rand/'
train/loss/con 0.02 / train/loss/disag 2.8e-3 / train/loss/dist_to_target 5.1e-3 / train/loss/dyn 1.56 / train/loss/policy 0.05 / train/loss/position 0.01 / train/loss/rep 1.56 / train/loss/target_position 0.01 / train/loss/touch 0.03 / train/loss/value 1.33 / train/loss/velocity 0.08 / replay/replay_ratio 1040 / fps/policy 17.27 / fps/train 1.8e4

Saving checkpoint: /scratch/midway3/rickybao/dreamerv3_runs/pilot_p2e_finger_seed1/ckpt/20260701T222812F632523
Writing metrics: /scratch/midway3/rickybao/dreamerv3_runs/pilot_p2e_finger_seed1/metrics.jsonl
Writing metrics: /scratch/midway3/rickybao/dreamerv3_runs/pilot_p2e_finger_seed1/scores.jsonl
Saved checkpoint.

--------------------[Agent Step 43_536]--------------------
Metrics filtered by: 'score|length|fps|ratio|train/loss/|train/rand/'
train/loss/con 0.02 / train/loss/disag 2.8e-3 / train/loss/dist_to_target 5e-3 / train/loss/dyn 1.57 / train/loss/policy 0.1 / train/loss/position 0.01 / train/loss/rep 1.57 / train/loss/target_position 0.01 / train/loss/touch 0.02 / train/loss/value 0.88 / train/loss/velocity 0.08 / replay/replay_ratio 1040 / fps/policy 17.27 / fps/train 1.8e4

Saving checkpoint: /scratch/midway3/rickybao/dreamerv3_runs/pilot_p2e_finger_seed1/ckpt/20260701T223013F099337
Writing metrics: /scratch/midway3/rickybao/dreamerv3_runs/pilot_p2e_finger_seed1/metrics.jsonl
Writing metrics: /scratch/midway3/rickybao/dreamerv3_runs/pilot_p2e_finger_seed1/scores.jsonl
Saved checkpoint.

--------------------[Agent Step 45_616]--------------------
Metrics filtered by: 'score|length|fps|ratio|train/loss/|train/rand/'
train/loss/con 0.02 / train/loss/disag 2.7e-3 / train/loss/dist_to_target 4.9e-3 / train/loss/dyn 1.56 / train/loss/policy 0.03 / train/loss/position 0.01 / train/loss/rep 1.56 / train/loss/target_position 0.01 / train/loss/touch 0.02 / train/loss/value 0.54 / train/loss/velocity 0.08 / replay/replay_ratio 1040 / fps/policy 17.27 / fps/train 1.8e4

Saving checkpoint: /scratch/midway3/rickybao/dreamerv3_runs/pilot_p2e_finger_seed1/ckpt/20260701T223213F565055
Writing metrics: /scratch/midway3/rickybao/dreamerv3_runs/pilot_p2e_finger_seed1/metrics.jsonl
Writing metrics: /scratch/midway3/rickybao/dreamerv3_runs/pilot_p2e_finger_seed1/scores.jsonl
Saved checkpoint.

--------------------[Agent Step 47_696]--------------------
Metrics filtered by: 'score|length|fps|ratio|train/loss/|train/rand/'
train/loss/con 0.02 / train/loss/disag 2.7e-3 / train/loss/dist_to_target 4.8e-3 / train/loss/dyn 1.56 / train/loss/policy -0.1 / train/loss/position 0.01 / train/loss/rep 1.56 / train/loss/target_position 0.01 / train/loss/touch 0.02 / train/loss/value 1.04 / train/loss/velocity 0.07 / replay/replay_ratio 1040 / fps/policy 17.26 / fps/train 1.8e4

Saving checkpoint: /scratch/midway3/rickybao/dreamerv3_runs/pilot_p2e_finger_seed1/ckpt/20260701T223414F091502
Writing metrics: /scratch/midway3/rickybao/dreamerv3_runs/pilot_p2e_finger_seed1/metrics.jsonl
Writing metrics: /scratch/midway3/rickybao/dreamerv3_runs/pilot_p2e_finger_seed1/scores.jsonl
Saved checkpoint.

--------------------[Agent Step 49_776]--------------------
Metrics filtered by: 'score|length|fps|ratio|train/loss/|train/rand/'
episode/score 0 / episode/length 1001 / train/loss/con 0.02 / train/loss/disag 2.7e-3 / train/loss/dist_to_target 4.7e-3 / train/loss/dyn 1.59 / train/loss/policy -0.1 / train/loss/position 0.01 / train/loss/rep 1.59 / train/loss/target_position 0.01 / train/loss/touch 0.02 / train/loss/value 0.94 / train/loss/velocity 0.08 / replay/replay_ratio 1040 / fps/policy 17.25 / fps/train 1.8e4

Saving checkpoint: /scratch/midway3/rickybao/dreamerv3_runs/pilot_p2e_finger_seed1/ckpt/20260701T223614F665319
Writing metrics: /scratch/midway3/rickybao/dreamerv3_runs/pilot_p2e_finger_seed1/metrics.jsonl
Writing metrics: /scratch/midway3/rickybao/dreamerv3_runs/pilot_p2e_finger_seed1/scores.jsonl
Saved checkpoint.

--------------------[Agent Step 51_856]--------------------
Metrics filtered by: 'score|length|fps|ratio|train/loss/|train/rand/'
train/loss/con 0.02 / train/loss/disag 2.8e-3 / train/loss/dist_to_target 4.9e-3 / train/loss/dyn 1.63 / train/loss/policy -7.4e-3 / train/loss/position 0.01 / train/loss/rep 1.63 / train/loss/target_position 0.01 / train/loss/touch 0.02 / train/loss/value 0.23 / train/loss/velocity 0.08 / replay/replay_ratio 1040 / fps/policy 17.25 / fps/train 1.8e4

Saving checkpoint: /scratch/midway3/rickybao/dreamerv3_runs/pilot_p2e_finger_seed1/ckpt/20260701T223815F278319
Writing metrics: /scratch/midway3/rickybao/dreamerv3_runs/pilot_p2e_finger_seed1/metrics.jsonl
Writing metrics: /scratch/midway3/rickybao/dreamerv3_runs/pilot_p2e_finger_seed1/scores.jsonl
Saved checkpoint.

--------------------[Agent Step 53_936]--------------------
Metrics filtered by: 'score|length|fps|ratio|train/loss/|train/rand/'
train/loss/con 0.02 / train/loss/disag 2.8e-3 / train/loss/dist_to_target 4.8e-3 / train/loss/dyn 1.66 / train/loss/policy 0.06 / train/loss/position 0.01 / train/loss/rep 1.66 / train/loss/target_position 0.01 / train/loss/touch 0.02 / train/loss/value 0.72 / train/loss/velocity 0.08 / replay/replay_ratio 1040 / fps/policy 17.25 / fps/train 1.8e4

Saving checkpoint: /scratch/midway3/rickybao/dreamerv3_runs/pilot_p2e_finger_seed1/ckpt/20260701T224015F866356
Writing metrics: /scratch/midway3/rickybao/dreamerv3_runs/pilot_p2e_finger_seed1/metrics.jsonl
Writing metrics: /scratch/midway3/rickybao/dreamerv3_runs/pilot_p2e_finger_seed1/scores.jsonl
Saved checkpoint.

--------------------[Agent Step 56_016]--------------------
Metrics filtered by: 'score|length|fps|ratio|train/loss/|train/rand/'
train/loss/con 0.02 / train/loss/disag 2.8e-3 / train/loss/dist_to_target 4.7e-3 / train/loss/dyn 1.68 / train/loss/policy -3.1e-3 / train/loss/position 0.01 / train/loss/rep 1.68 / train/loss/target_position 0.01 / train/loss/touch 0.02 / train/loss/value 1.04 / train/loss/velocity 0.08 / replay/replay_ratio 1040 / fps/policy 17.22 / fps/train 1.8e4

Saving checkpoint: /scratch/midway3/rickybao/dreamerv3_runs/pilot_p2e_finger_seed1/ckpt/20260701T224216F690521
Writing metrics: /scratch/midway3/rickybao/dreamerv3_runs/pilot_p2e_finger_seed1/metrics.jsonl
Writing metrics: /scratch/midway3/rickybao/dreamerv3_runs/pilot_p2e_finger_seed1/scores.jsonl
Saved checkpoint.

--------------------[Agent Step 58_096]--------------------
Metrics filtered by: 'score|length|fps|ratio|train/loss/|train/rand/'
train/loss/con 0.02 / train/loss/disag 2.8e-3 / train/loss/dist_to_target 4.6e-3 / train/loss/dyn 1.68 / train/loss/policy 0.04 / train/loss/position 0.01 / train/loss/rep 1.68 / train/loss/target_position 0.01 / train/loss/touch 0.02 / train/loss/value 0.74 / train/loss/velocity 0.08 / replay/replay_ratio 1040 / fps/policy 17.25 / fps/train 1.8e4

Saving checkpoint: /scratch/midway3/rickybao/dreamerv3_runs/pilot_p2e_finger_seed1/ckpt/20260701T224417F274194
Writing metrics: /scratch/midway3/rickybao/dreamerv3_runs/pilot_p2e_finger_seed1/metrics.jsonl
Writing metrics: /scratch/midway3/rickybao/dreamerv3_runs/pilot_p2e_finger_seed1/scores.jsonl
Saved checkpoint.

--------------------[Agent Step 60_176]--------------------
Metrics filtered by: 'score|length|fps|ratio|train/loss/|train/rand/'
train/loss/con 0.02 / train/loss/disag 2.8e-3 / train/loss/dist_to_target 4.6e-3 / train/loss/dyn 1.66 / train/loss/policy 0.01 / train/loss/position 0.01 / train/loss/rep 1.66 / train/loss/target_position 0.01 / train/loss/touch 0.02 / train/loss/value 1.15 / train/loss/velocity 0.08 / replay/replay_ratio 1040 / fps/policy 17.25 / fps/train 1.8e4

Saving checkpoint: /scratch/midway3/rickybao/dreamerv3_runs/pilot_p2e_finger_seed1/ckpt/20260701T224617F843794
Writing metrics: /scratch/midway3/rickybao/dreamerv3_runs/pilot_p2e_finger_seed1/metrics.jsonl
Writing metrics: /scratch/midway3/rickybao/dreamerv3_runs/pilot_p2e_finger_seed1/scores.jsonl
Saved checkpoint.

--------------------[Agent Step 62_256]--------------------
Metrics filtered by: 'score|length|fps|ratio|train/loss/|train/rand/'
train/loss/con 0.02 / train/loss/disag 2.8e-3 / train/loss/dist_to_target 4.6e-3 / train/loss/dyn 1.64 / train/loss/policy 0.1 / train/loss/position 0.01 / train/loss/rep 1.64 / train/loss/target_position 0.01 / train/loss/touch 0.02 / train/loss/value 1.25 / train/loss/velocity 0.08 / replay/replay_ratio 1040 / fps/policy 17.25 / fps/train 1.8e4

Saving checkpoint: /scratch/midway3/rickybao/dreamerv3_runs/pilot_p2e_finger_seed1/ckpt/20260701T224818F424657
Writing metrics: /scratch/midway3/rickybao/dreamerv3_runs/pilot_p2e_finger_seed1/metrics.jsonl
Writing metrics: /scratch/midway3/rickybao/dreamerv3_runs/pilot_p2e_finger_seed1/scores.jsonl
Saved checkpoint.

--------------------[Agent Step 64_336]--------------------
Metrics filtered by: 'score|length|fps|ratio|train/loss/|train/rand/'
episode/score 92 / episode/length 1001 / train/loss/con 0.02 / train/loss/disag 2.7e-3 / train/loss/dist_to_target 4.7e-3 / train/loss/dyn 1.62 / train/loss/policy 0.07 / train/loss/position 0.01 / train/loss/rep 1.62 / train/loss/target_position 0.01 / train/loss/touch 0.02 / train/loss/value 0.63 / train/loss/velocity 0.08 / replay/replay_ratio 1040 / fps/policy 17.25 / fps/train 1.8e4

Saving checkpoint: /scratch/midway3/rickybao/dreamerv3_runs/pilot_p2e_finger_seed1/ckpt/20260701T225018F992947
Writing metrics: /scratch/midway3/rickybao/dreamerv3_runs/pilot_p2e_finger_seed1/metrics.jsonl
Writing metrics: /scratch/midway3/rickybao/dreamerv3_runs/pilot_p2e_finger_seed1/scores.jsonl
Saved checkpoint.

--------------------[Agent Step 66_416]--------------------
Metrics filtered by: 'score|length|fps|ratio|train/loss/|train/rand/'
train/loss/con 0.02 / train/loss/disag 2.7e-3 / train/loss/dist_to_target 4.6e-3 / train/loss/dyn 1.63 / train/loss/policy 0.04 / train/loss/position 0.01 / train/loss/rep 1.63 / train/loss/target_position 0.01 / train/loss/touch 0.02 / train/loss/value 0.8 / train/loss/velocity 0.08 / replay/replay_ratio 1040 / fps/policy 17.25 / fps/train 1.8e4

Writing metrics: /scratch/midway3/rickybao/dreamerv3_runs/pilot_p2e_finger_seed1/metrics.jsonl
Saving checkpoint: /scratch/midway3/rickybao/dreamerv3_runs/pilot_p2e_finger_seed1/ckpt/20260701T225219F564807
Writing metrics: /scratch/midway3/rickybao/dreamerv3_runs/pilot_p2e_finger_seed1/scores.jsonl
Saved checkpoint.

--------------------[Agent Step 68_496]--------------------
Metrics filtered by: 'score|length|fps|ratio|train/loss/|train/rand/'
train/loss/con 0.02 / train/loss/disag 2.7e-3 / train/loss/dist_to_target 4.5e-3 / train/loss/dyn 1.63 / train/loss/policy -0.1 / train/loss/position 0.01 / train/loss/rep 1.63 / train/loss/target_position 0.01 / train/loss/touch 0.02 / train/loss/value 0.67 / train/loss/velocity 0.08 / replay/replay_ratio 1040 / fps/policy 17.25 / fps/train 1.8e4

Writing metrics: /scratch/midway3/rickybao/dreamerv3_runs/pilot_p2e_finger_seed1/scores.jsonl
Saving checkpoint: /scratch/midway3/rickybao/dreamerv3_runs/pilot_p2e_finger_seed1/ckpt/20260701T225420F145538
Writing metrics: /scratch/midway3/rickybao/dreamerv3_runs/pilot_p2e_finger_seed1/metrics.jsonl
Saved checkpoint.

--------------------[Agent Step 70_576]--------------------
Metrics filtered by: 'score|length|fps|ratio|train/loss/|train/rand/'
train/loss/con 0.02 / train/loss/disag 2.7e-3 / train/loss/dist_to_target 4.5e-3 / train/loss/dyn 1.67 / train/loss/policy 0.05 / train/loss/position 9.9e-3 / train/loss/rep 1.67 / train/loss/target_position 0.01 / train/loss/touch 0.02 / train/loss/value 0.68 / train/loss/velocity 0.08 / replay/replay_ratio 1040 / fps/policy 17.25 / fps/train 1.8e4

Writing metrics: /scratch/midway3/rickybao/dreamerv3_runs/pilot_p2e_finger_seed1/scores.jsonl
Writing metrics: /scratch/midway3/rickybao/dreamerv3_runs/pilot_p2e_finger_seed1/metrics.jsonl
Saving checkpoint: /scratch/midway3/rickybao/dreamerv3_runs/pilot_p2e_finger_seed1/ckpt/20260701T225620F692273
Saved checkpoint.

--------------------[Agent Step 72_656]--------------------
Metrics filtered by: 'score|length|fps|ratio|train/loss/|train/rand/'
train/loss/con 0.02 / train/loss/disag 2.7e-3 / train/loss/dist_to_target 4.5e-3 / train/loss/dyn 1.67 / train/loss/policy -2.2e-4 / train/loss/position 9.7e-3 / train/loss/rep 1.67 / train/loss/target_position 0.01 / train/loss/touch 0.02 / train/loss/value 0.26 / train/loss/velocity 0.08 / replay/replay_ratio 1040 / fps/policy 17.22 / fps/train 1.8e4

Writing metrics: /scratch/midway3/rickybao/dreamerv3_runs/pilot_p2e_finger_seed1/scores.jsonl
Writing metrics: /scratch/midway3/rickybao/dreamerv3_runs/pilot_p2e_finger_seed1/metrics.jsonl
Saving checkpoint: /scratch/midway3/rickybao/dreamerv3_runs/pilot_p2e_finger_seed1/ckpt/20260701T225821F464579
Saved checkpoint.

--------------------[Agent Step 74_736]--------------------
Metrics filtered by: 'score|length|fps|ratio|train/loss/|train/rand/'
train/loss/con 0.02 / train/loss/disag 2.8e-3 / train/loss/dist_to_target 4.4e-3 / train/loss/dyn 1.69 / train/loss/policy 0.06 / train/loss/position 9.5e-3 / train/loss/rep 1.69 / train/loss/target_position 0.01 / train/loss/touch 0.02 / train/loss/value 0.52 / train/loss/velocity 0.08 / replay/replay_ratio 1040 / fps/policy 17.25 / fps/train 1.8e4

Writing metrics: /scratch/midway3/rickybao/dreamerv3_runs/pilot_p2e_finger_seed1/metrics.jsonl
Writing metrics: /scratch/midway3/rickybao/dreamerv3_runs/pilot_p2e_finger_seed1/scores.jsonl
Saving checkpoint: /scratch/midway3/rickybao/dreamerv3_runs/pilot_p2e_finger_seed1/ckpt/20260701T230022F061732
Saved checkpoint.

--------------------[Agent Step 76_816]--------------------
Metrics filtered by: 'score|length|fps|ratio|train/loss/|train/rand/'
train/loss/con 0.02 / train/loss/disag 2.8e-3 / train/loss/dist_to_target 4.4e-3 / train/loss/dyn 1.7 / train/loss/policy 0.03 / train/loss/position 9.5e-3 / train/loss/rep 1.7 / train/loss/target_position 0.01 / train/loss/touch 0.02 / train/loss/value 1.19 / train/loss/velocity 0.08 / replay/replay_ratio 1040 / fps/policy 17.25 / fps/train 1.8e4

Saving checkpoint: /scratch/midway3/rickybao/dreamerv3_runs/pilot_p2e_finger_seed1/ckpt/20260701T230222F623532
Writing metrics: /scratch/midway3/rickybao/dreamerv3_runs/pilot_p2e_finger_seed1/metrics.jsonl
Writing metrics: /scratch/midway3/rickybao/dreamerv3_runs/pilot_p2e_finger_seed1/scores.jsonl
Saved checkpoint.

--------------------[Agent Step 78_896]--------------------
Metrics filtered by: 'score|length|fps|ratio|train/loss/|train/rand/'
train/loss/con 0.02 / train/loss/disag 2.8e-3 / train/loss/dist_to_target 4.3e-3 / train/loss/dyn 1.7 / train/loss/policy -0.01 / train/loss/position 9.5e-3 / train/loss/rep 1.7 / train/loss/target_position 0.01 / train/loss/touch 0.02 / train/loss/value 1.22 / train/loss/velocity 0.08 / replay/replay_ratio 1040 / fps/policy 17.25 / fps/train 1.8e4

Saving checkpoint: /scratch/midway3/rickybao/dreamerv3_runs/pilot_p2e_finger_seed1/ckpt/20260701T230423F179936
Writing metrics: /scratch/midway3/rickybao/dreamerv3_runs/pilot_p2e_finger_seed1/metrics.jsonl
Writing metrics: /scratch/midway3/rickybao/dreamerv3_runs/pilot_p2e_finger_seed1/scores.jsonl
Saved checkpoint.

--------------------[Agent Step 80_976]--------------------
Metrics filtered by: 'score|length|fps|ratio|train/loss/|train/rand/'
episode/score 6 / episode/length 1001 / train/loss/con 0.02 / train/loss/disag 2.8e-3 / train/loss/dist_to_target 4.3e-3 / train/loss/dyn 1.72 / train/loss/policy -0.09 / train/loss/position 9.3e-3 / train/loss/rep 1.72 / train/loss/target_position 0.01 / train/loss/touch 0.02 / train/loss/value 0.77 / train/loss/velocity 0.08 / replay/replay_ratio 1040 / fps/policy 17.26 / fps/train 1.8e4

Saving checkpoint: /scratch/midway3/rickybao/dreamerv3_runs/pilot_p2e_finger_seed1/ckpt/20260701T230623F709109
Writing metrics: /scratch/midway3/rickybao/dreamerv3_runs/pilot_p2e_finger_seed1/metrics.jsonl
Writing metrics: /scratch/midway3/rickybao/dreamerv3_runs/pilot_p2e_finger_seed1/scores.jsonl
Saved checkpoint.

--------------------[Agent Step 83_056]--------------------
Metrics filtered by: 'score|length|fps|ratio|train/loss/|train/rand/'
train/loss/con 0.02 / train/loss/disag 2.8e-3 / train/loss/dist_to_target 4.2e-3 / train/loss/dyn 1.73 / train/loss/policy -0.03 / train/loss/position 9.3e-3 / train/loss/rep 1.73 / train/loss/target_position 0.01 / train/loss/touch 0.02 / train/loss/value 1.28 / train/loss/velocity 0.08 / replay/replay_ratio 1040 / fps/policy 17.26 / fps/train 1.8e4

Saving checkpoint: /scratch/midway3/rickybao/dreamerv3_runs/pilot_p2e_finger_seed1/ckpt/20260701T230824F213509
Writing metrics: /scratch/midway3/rickybao/dreamerv3_runs/pilot_p2e_finger_seed1/metrics.jsonl
Writing metrics: /scratch/midway3/rickybao/dreamerv3_runs/pilot_p2e_finger_seed1/scores.jsonl
Saved checkpoint.

--------------------[Agent Step 85_136]--------------------
Metrics filtered by: 'score|length|fps|ratio|train/loss/|train/rand/'
train/loss/con 0.02 / train/loss/disag 2.8e-3 / train/loss/dist_to_target 4.2e-3 / train/loss/dyn 1.73 / train/loss/policy -0.03 / train/loss/position 9.1e-3 / train/loss/rep 1.73 / train/loss/target_position 0.01 / train/loss/touch 0.02 / train/loss/value 1.33 / train/loss/velocity 0.07 / replay/replay_ratio 1040 / fps/policy 17.26 / fps/train 1.8e4

Saving checkpoint: /scratch/midway3/rickybao/dreamerv3_runs/pilot_p2e_finger_seed1/ckpt/20260701T231024F739278
Writing metrics: /scratch/midway3/rickybao/dreamerv3_runs/pilot_p2e_finger_seed1/scores.jsonl
Writing metrics: /scratch/midway3/rickybao/dreamerv3_runs/pilot_p2e_finger_seed1/metrics.jsonl
Saved checkpoint.

--------------------[Agent Step 87_216]--------------------
Metrics filtered by: 'score|length|fps|ratio|train/loss/|train/rand/'
train/loss/con 0.02 / train/loss/disag 2.8e-3 / train/loss/dist_to_target 4.1e-3 / train/loss/dyn 1.75 / train/loss/policy -7.5e-3 / train/loss/position 8.9e-3 / train/loss/rep 1.75 / train/loss/target_position 0.01 / train/loss/touch 0.02 / train/loss/value 1.12 / train/loss/velocity 0.08 / replay/replay_ratio 1040 / fps/policy 17.25 / fps/train 1.8e4

Saving checkpoint: /scratch/midway3/rickybao/dreamerv3_runs/pilot_p2e_finger_seed1/ckpt/20260701T231225F297701
Writing metrics: /scratch/midway3/rickybao/dreamerv3_runs/pilot_p2e_finger_seed1/metrics.jsonl
Writing metrics: /scratch/midway3/rickybao/dreamerv3_runs/pilot_p2e_finger_seed1/scores.jsonl
Saved checkpoint.

--------------------[Agent Step 89_296]--------------------
Metrics filtered by: 'score|length|fps|ratio|train/loss/|train/rand/'
train/loss/con 0.02 / train/loss/disag 2.8e-3 / train/loss/dist_to_target 4.1e-3 / train/loss/dyn 1.74 / train/loss/policy 0.06 / train/loss/position 8.7e-3 / train/loss/rep 1.74 / train/loss/target_position 0.01 / train/loss/touch 0.02 / train/loss/value 1.25 / train/loss/velocity 0.07 / replay/replay_ratio 1040 / fps/policy 17.21 / fps/train 1.8e4

Saving checkpoint: /scratch/midway3/rickybao/dreamerv3_runs/pilot_p2e_finger_seed1/ckpt/20260701T231426F140258
Writing metrics: /scratch/midway3/rickybao/dreamerv3_runs/pilot_p2e_finger_seed1/metrics.jsonl
Writing metrics: /scratch/midway3/rickybao/dreamerv3_runs/pilot_p2e_finger_seed1/scores.jsonl
Saved checkpoint.

--------------------[Agent Step 91_376]--------------------
Metrics filtered by: 'score|length|fps|ratio|train/loss/|train/rand/'
train/loss/con 0.02 / train/loss/disag 2.8e-3 / train/loss/dist_to_target 4e-3 / train/loss/dyn 1.75 / train/loss/policy -0.1 / train/loss/position 8.6e-3 / train/loss/rep 1.75 / train/loss/target_position 0.01 / train/loss/touch 0.02 / train/loss/value 1.03 / train/loss/velocity 0.07 / replay/replay_ratio 1040 / fps/policy 17.25 / fps/train 1.8e4

Saving checkpoint: /scratch/midway3/rickybao/dreamerv3_runs/pilot_p2e_finger_seed1/ckpt/20260701T231626F742400
Writing metrics: /scratch/midway3/rickybao/dreamerv3_runs/pilot_p2e_finger_seed1/metrics.jsonl
Writing metrics: /scratch/midway3/rickybao/dreamerv3_runs/pilot_p2e_finger_seed1/scores.jsonl
Saved checkpoint.

--------------------[Agent Step 93_456]--------------------
Metrics filtered by: 'score|length|fps|ratio|train/loss/|train/rand/'
train/loss/con 0.02 / train/loss/disag 2.8e-3 / train/loss/dist_to_target 4e-3 / train/loss/dyn 1.77 / train/loss/policy -0.06 / train/loss/position 8.5e-3 / train/loss/rep 1.77 / train/loss/target_position 0.01 / train/loss/touch 0.02 / train/loss/value 0.6 / train/loss/velocity 0.08 / replay/replay_ratio 1040 / fps/policy 17.25 / fps/train 1.8e4

Saving checkpoint: /scratch/midway3/rickybao/dreamerv3_runs/pilot_p2e_finger_seed1/ckpt/20260701T231827F341309
Writing metrics: /scratch/midway3/rickybao/dreamerv3_runs/pilot_p2e_finger_seed1/metrics.jsonl
Writing metrics: /scratch/midway3/rickybao/dreamerv3_runs/pilot_p2e_finger_seed1/scores.jsonl
Saved checkpoint.

--------------------[Agent Step 95_536]--------------------
Metrics filtered by: 'score|length|fps|ratio|train/loss/|train/rand/'
train/loss/con 0.02 / train/loss/disag 2.9e-3 / train/loss/dist_to_target 3.9e-3 / train/loss/dyn 1.8 / train/loss/policy 0.04 / train/loss/position 8.4e-3 / train/loss/rep 1.8 / train/loss/target_position 0.01 / train/loss/touch 0.03 / train/loss/value 0.67 / train/loss/velocity 0.08 / replay/replay_ratio 1040 / fps/policy 17.25 / fps/train 1.8e4

Saving checkpoint: /scratch/midway3/rickybao/dreamerv3_runs/pilot_p2e_finger_seed1/ckpt/20260701T232027F950611
Writing metrics: /scratch/midway3/rickybao/dreamerv3_runs/pilot_p2e_finger_seed1/metrics.jsonl
Writing metrics: /scratch/midway3/rickybao/dreamerv3_runs/pilot_p2e_finger_seed1/scores.jsonl
Saved checkpoint.

--------------------[Agent Step 97_616]--------------------
Metrics filtered by: 'score|length|fps|ratio|train/loss/|train/rand/'
episode/score 136 / episode/length 1001 / train/loss/con 0.02 / train/loss/disag 2.9e-3 / train/loss/dist_to_target 3.8e-3 / train/loss/dyn 1.8 / train/loss/policy 0.05 / train/loss/position 8.3e-3 / train/loss/rep 1.8 / train/loss/target_position 0.01 / train/loss/touch 0.02 / train/loss/value 0.57 / train/loss/velocity 0.08 / replay/replay_ratio 1040 / fps/policy 17.26 / fps/train 1.8e4

Saving checkpoint: /scratch/midway3/rickybao/dreamerv3_runs/pilot_p2e_finger_seed1/ckpt/20260701T232228F484006
Writing metrics: /scratch/midway3/rickybao/dreamerv3_runs/pilot_p2e_finger_seed1/metrics.jsonl
Writing metrics: /scratch/midway3/rickybao/dreamerv3_runs/pilot_p2e_finger_seed1/scores.jsonl
Saved checkpoint.

--------------------[Agent Step 99_696]--------------------
Metrics filtered by: 'score|length|fps|ratio|train/loss/|train/rand/'
train/loss/con 0.02 / train/loss/disag 2.9e-3 / train/loss/dist_to_target 3.8e-3 / train/loss/dyn 1.82 / train/loss/policy 0.04 / train/loss/position 8.2e-3 / train/loss/rep 1.82 / train/loss/target_position 0.01 / train/loss/touch 0.03 / train/loss/value 1.16 / train/loss/velocity 0.08 / replay/replay_ratio 1040 / fps/policy 17.26 / fps/train 1.8e4

Saving checkpoint: /scratch/midway3/rickybao/dreamerv3_runs/pilot_p2e_finger_seed1/ckpt/20260701T232429F005261
Writing metrics: /scratch/midway3/rickybao/dreamerv3_runs/pilot_p2e_finger_seed1/metrics.jsonl
Writing metrics: /scratch/midway3/rickybao/dreamerv3_runs/pilot_p2e_finger_seed1/scores.jsonl
Saved checkpoint.
[Wed Jul  1 23:24:50 CDT 2026] pilot pilot_p2e_finger_seed1 rc=0 status=DONE  (replay at /scratch/midway3/rickybao/dreamerv3_runs/pilot_p2e_finger_seed1/replay)
