START mode=task run=adapt_ax1w0s0_finger_seed2_ckpt500000 wm=ax1wm_finger_w0s0_seed2 replay=/workspace/dreamerv3_runs/axis1_finger/within/p2e1/side0 gpu=1
DONE adapt_ax1w0s0_finger_seed2_ckpt500000
START mode=task run=adapt_ax1w3s0_finger_seed2_ckpt500000 wm=ax1wm_finger_w3s0_seed2 replay=/workspace/dreamerv3_runs/axis1_finger/within/p2e4/side0 gpu=1
DONE adapt_ax1w3s0_finger_seed2_ckpt500000
START mode=task run=adapt_ax1w5s0_finger_seed2_ckpt500000 wm=ax1wm_finger_w5s0_seed2 replay=/workspace/dreamerv3_runs/axis1_finger/within/apt1/side0 gpu=1
DONE adapt_ax1w5s0_finger_seed2_ckpt500000
START mode=task run=adapt_ax1w7s0_finger_seed2_ckpt500000 wm=ax1wm_finger_w7s0_seed2 replay=/workspace/dreamerv3_runs/axis1_finger/within/apt3/side0 gpu=1
DONE adapt_ax1w7s0_finger_seed2_ckpt500000
START mode=task run=adapt_ax1w9s0_finger_seed2_ckpt500000 wm=ax1wm_finger_w9s0_seed2 replay=/workspace/dreamerv3_runs/axis1_finger/within/apt5/side0 gpu=1
DONE adapt_ax1w9s0_finger_seed2_ckpt500000
START mode=task run=adapt_ax1w11s0_finger_seed2_ckpt500000 wm=ax1wm_finger_w11s0_seed2 replay=/workspace/dreamerv3_runs/axis1_finger/within/random2/side0 gpu=1
DONE adapt_ax1w11s0_finger_seed2_ckpt500000
START mode=task run=adapt_ax1w13s0_finger_seed2_ckpt500000 wm=ax1wm_finger_w13s0_seed2 replay=/workspace/dreamerv3_runs/axis1_finger/within/random4/side0 gpu=1
DONE adapt_ax1w13s0_finger_seed2_ckpt500000
START mode=task run=adapt_ax1w5s0_cup_seed2_ckpt500000 wm=ax1wm_cup_w5s0_seed2 replay=/workspace/dreamerv3_runs/axis1_cup/within/apt1/side0 gpu=1
DONE adapt_ax1w5s0_cup_seed2_ckpt500000
START mode=task run=adapt_ax1w8s0_cup_seed2_ckpt500000 wm=ax1wm_cup_w8s0_seed2 replay=/workspace/dreamerv3_runs/axis1_cup/within/apt4/side0 gpu=1
DONE adapt_ax1w8s0_cup_seed2_ckpt500000
START mode=task run=adapt_ax1w10s0_cup_seed2_ckpt500000 wm=ax1wm_cup_w10s0_seed2 replay=/workspace/dreamerv3_runs/axis1_cup/within/random1/side0 gpu=1
DONE adapt_ax1w10s0_cup_seed2_ckpt500000
START mode=task run=adapt_ax1w12s0_cup_seed2_ckpt500000 wm=ax1wm_cup_w12s0_seed2 replay=/workspace/dreamerv3_runs/axis1_cup/within/random3/side0 gpu=1
DONE adapt_ax1w12s0_cup_seed2_ckpt500000
START mode=task run=adapt_ax1w14s0_cup_seed2_ckpt500000 wm=ax1wm_cup_w14s0_seed2 replay=/workspace/dreamerv3_runs/axis1_cup/within/random5/side0 gpu=1
DONE adapt_ax1w14s0_cup_seed2_ckpt500000
START mode=apt run=adapt_ax1fq1s1_cup_seed14_ckpt500000 wm=ax1wm_cup_fq1s1_seed14 replay=/workspace/dreamerv3_runs/axis1_cup/q1/side1 gpu=1
DONE adapt_ax1fq1s1_cup_seed14_ckpt500000
