[Wed Jul 22 01:44:08 CDT 2026] axis1 child starting RUN_ID=adapt_ax1rbf2q1s0_synth_seed106_ckpt500000 WM_RUN=ax1wm_synth_fq1s0_seed2 job=52486581 host=midway3-0277.rcc.local
[Wed Jul 22 01:44:08 CDT 2026] env prepared: python=/scratch/midway3/rickybao/conda_envs/dreamerv3/bin/python
python_executable=/scratch/midway3/rickybao/conda_envs/dreamerv3/bin/python
[Wed Jul 22 01:44:11 CDT 2026] offline WM already fit: /scratch/midway3/rickybao/dreamerv3_runs/ax1wm_synth_fq1s0_seed2/ckpt/20260718T124620F011231-000000500000 (skipping stage 1)
[Wed Jul 22 01:44:11 CDT 2026] adapt RUN_ID=adapt_ax1rbf2q1s0_synth_seed106_ckpt500000 TASK=synth_reach SEED=106 CKPT=/scratch/midway3/rickybao/dreamerv3_runs/ax1wm_synth_fq1s0_seed2/ckpt/20260718T124620F011231-000000500000 STEPS=1.25e5
---  ___                           __   ______ ---
--- |   \ _ _ ___ __ _ _ __  ___ _ \ \ / /__ / ---
--- | |) | '_/ -_) _` | '  \/ -_) '/\ V / |_ \ ---
--- |___/|_| \___\__,_|_|_|_\___|_|  \_/ |___/ ---
Replica: 0 / 1
Logdir: /scratch/midway3/rickybao/dreamerv3_runs/adapt_ax1rbf2q1s0_synth_seed106_ckpt500000
Run script: train
Observations
  position         Space(float32, shape=(2,), low=-inf, high=inf)
  velocity         Space(float32, shape=(2,), low=-inf, high=inf)
  distractor       Space(float32, shape=(8,), low=-inf, high=inf)
  to_target        Space(float32, shape=(2,), low=-inf, high=inf)
  reward           Space(float32, shape=(), low=-inf, high=inf)
  is_first         Space(bool, shape=(), low=False, high=True)
  is_last          Space(bool, shape=(), low=False, high=True)
  is_terminal      Space(bool, shape=(), low=False, high=True)
Actions
  action           Space(float32, shape=(2,), low=-1.0, high=1.0)
Extras
  consec           Space(int32, shape=(), low=-2147483648, high=2147483647)
  stepid           Space(uint8, shape=(20,), low=0, high=255)
  dyn/deter        Space(float32, shape=(512,), low=-inf, high=inf)
  dyn/stoch        Space(float32, shape=(32, 4), low=-inf, high=inf)
JAX devices (1): [cuda:0]
Policy devices: cuda:0
Train devices:  cuda:0
Initializing parameters...
Optimizer opt has 214,723 params:
        66,111 val
        57,663 rew
        49,796 pol
        41,153 con
Done initializing!
Compiling 1 checkpoint groups...
Largest checkpoint group: 0 GB
Compiling train and report...
Train cost analysis:
  FLOPS:            7.2e+09
  Memory (temp):    2.0e+08
  Memory (inputs):  7.3e+06
  Memory (outputs): 5.9e+06
  Memory (code):    1.5e+06

Report cost analysis:
  FLOPS:            1.8e+06
  Memory (temp):    9.2e+05
  Memory (inputs):  2.7e+06
  Memory (outputs): 2.1e+04
  Memory (code):    9.8e+04

Done compiling!
Loaded pretrained checkpoint with keys: ['dec/mlp/linear0/bias', 'dec/mlp/linear0/kernel', 'dec/mlp/linear1/bias', 'dec/mlp/linear1/kernel', 'dec/mlp/linear2/bias', 'dec/mlp/linear2/kernel', 'dec/mlp/norm0/scale', 'dec/mlp/norm1/scale', 'dec/mlp/norm2/scale', 'dec/vec/distractor/pred/bias', 'dec/vec/distractor/pred/kernel', 'dec/vec/position/pred/bias', 'dec/vec/position/pred/kernel', 'dec/vec/to_target/pred/bias', 'dec/vec/to_target/pred/kernel', 'dec/vec/velocity/pred/bias', 'dec/vec/velocity/pred/kernel', 'dyn/dyngru/bias', 'dyn/dyngru/kernel', 'dyn/dynhid0/bias', 'dyn/dynhid0/kernel', 'dyn/dynhid0norm/scale', 'dyn/dynin0/bias', 'dyn/dynin0/kernel', 'dyn/dynin0norm/scale', 'dyn/dynin1/bias', 'dyn/dynin1/kernel', 'dyn/dynin1norm/scale', 'dyn/dynin2/bias', 'dyn/dynin2/kernel', 'dyn/dynin2norm/scale', 'dyn/obs0/bias', 'dyn/obs0/kernel', 'dyn/obs0norm/scale', 'dyn/obslogit/bias', 'dyn/obslogit/kernel', 'dyn/prior0/bias', 'dyn/prior0/kernel', 'dyn/prior0norm/scale', 'dyn/prior1/bias', 'dyn/prior1/kernel', 'dyn/prior1norm/scale', 'dyn/priorlogit/bias', 'dyn/priorlogit/kernel', 'enc/mlp0/bias', 'enc/mlp0/kernel', 'enc/mlp0norm/scale', 'enc/mlp1/bias', 'enc/mlp1/kernel', 'enc/mlp1norm/scale', 'enc/mlp2/bias', 'enc/mlp2/kernel', 'enc/mlp2norm/scale']
Did not find any checkpoint.
Saving checkpoint: /scratch/midway3/rickybao/dreamerv3_runs/adapt_ax1rbf2q1s0_synth_seed106_ckpt500000/ckpt/20260722T014456F793499
Saved checkpoint.
Start training loop

--------------------[Agent Step 6_848]--------------------
Metrics filtered by: 'score|length|fps|ratio|train/loss/|train/rand/'
train/loss/con 0.06 / train/loss/distractor 1.16 / train/loss/dyn 12.94 / train/loss/policy 0.01 / train/loss/position 0.26 / train/loss/rep 12.94 / train/loss/repval 2.59 / train/loss/rew 1.04 / train/loss/to_target 0.21 / train/loss/value 1.43 / train/loss/velocity 7.4e-3 / replay/replay_ratio 857.5 / fps/policy 55.97 / fps/train 4e4

Writing metrics: /scratch/midway3/rickybao/dreamerv3_runs/adapt_ax1rbf2q1s0_synth_seed106_ckpt500000/scores.jsonlWriting metrics: /scratch/midway3/rickybao/dreamerv3_runs/adapt_ax1rbf2q1s0_synth_seed106_ckpt500000/metrics.jsonl


--------------------[Agent Step 11_696]--------------------
Metrics filtered by: 'score|length|fps|ratio|train/loss/|train/rand/'
train/loss/con 0.02 / train/loss/distractor 1.15 / train/loss/dyn 13.16 / train/loss/policy -0.02 / train/loss/position 0.27 / train/loss/rep 13.16 / train/loss/repval 1.37 / train/loss/rew 0.03 / train/loss/to_target 0.24 / train/loss/value 1.17 / train/loss/velocity 0.04 / replay/replay_ratio 1040 / fps/policy 40.32 / fps/train 4.1e4

Writing metrics: /scratch/midway3/rickybao/dreamerv3_runs/adapt_ax1rbf2q1s0_synth_seed106_ckpt500000/scores.jsonl
Writing metrics: /scratch/midway3/rickybao/dreamerv3_runs/adapt_ax1rbf2q1s0_synth_seed106_ckpt500000/metrics.jsonl

--------------------[Agent Step 16_544]--------------------
Metrics filtered by: 'score|length|fps|ratio|train/loss/|train/rand/'
episode/score 4 / episode/length 1001 / train/loss/con 0.02 / train/loss/distractor 1.18 / train/loss/dyn 13.18 / train/loss/policy -0.05 / train/loss/position 0.22 / train/loss/rep 13.18 / train/loss/repval 1.39 / train/loss/rew 0.01 / train/loss/to_target 0.19 / train/loss/value 1.15 / train/loss/velocity 0.05 / replay/replay_ratio 1040 / fps/policy 40.29 / fps/train 4.1e4

Writing metrics: /scratch/midway3/rickybao/dreamerv3_runs/adapt_ax1rbf2q1s0_synth_seed106_ckpt500000/scores.jsonlWriting metrics: /scratch/midway3/rickybao/dreamerv3_runs/adapt_ax1rbf2q1s0_synth_seed106_ckpt500000/metrics.jsonl


--------------------[Agent Step 21_392]--------------------
Metrics filtered by: 'score|length|fps|ratio|train/loss/|train/rand/'
train/loss/con 0.02 / train/loss/distractor 1.13 / train/loss/dyn 13.41 / train/loss/policy -0.02 / train/loss/position 0.2 / train/loss/rep 13.41 / train/loss/repval 1.4 / train/loss/rew 0.02 / train/loss/to_target 0.18 / train/loss/value 1.08 / train/loss/velocity 0.08 / replay/replay_ratio 1040 / fps/policy 40.31 / fps/train 4.1e4

Writing metrics: /scratch/midway3/rickybao/dreamerv3_runs/adapt_ax1rbf2q1s0_synth_seed106_ckpt500000/scores.jsonl
Writing metrics: /scratch/midway3/rickybao/dreamerv3_runs/adapt_ax1rbf2q1s0_synth_seed106_ckpt500000/metrics.jsonl

--------------------[Agent Step 26_240]--------------------
Metrics filtered by: 'score|length|fps|ratio|train/loss/|train/rand/'
train/loss/con 0.02 / train/loss/distractor 1.1 / train/loss/dyn 13.69 / train/loss/policy -0.03 / train/loss/position 0.2 / train/loss/rep 13.69 / train/loss/repval 1.37 / train/loss/rew 0.02 / train/loss/to_target 0.22 / train/loss/value 1.13 / train/loss/velocity 0.1 / replay/replay_ratio 1040 / fps/policy 40.34 / fps/train 4.1e4

Writing metrics: /scratch/midway3/rickybao/dreamerv3_runs/adapt_ax1rbf2q1s0_synth_seed106_ckpt500000/scores.jsonlWriting metrics: /scratch/midway3/rickybao/dreamerv3_runs/adapt_ax1rbf2q1s0_synth_seed106_ckpt500000/metrics.jsonl


--------------------[Agent Step 31_088]--------------------
Metrics filtered by: 'score|length|fps|ratio|train/loss/|train/rand/'
train/loss/con 0.02 / train/loss/distractor 1.09 / train/loss/dyn 13.93 / train/loss/policy -0.04 / train/loss/position 0.22 / train/loss/rep 13.93 / train/loss/repval 1.39 / train/loss/rew 0.03 / train/loss/to_target 0.26 / train/loss/value 1.06 / train/loss/velocity 0.11 / replay/replay_ratio 1040 / fps/policy 40.37 / fps/train 4.1e4

Writing metrics: /scratch/midway3/rickybao/dreamerv3_runs/adapt_ax1rbf2q1s0_synth_seed106_ckpt500000/scores.jsonlWriting metrics: /scratch/midway3/rickybao/dreamerv3_runs/adapt_ax1rbf2q1s0_synth_seed106_ckpt500000/metrics.jsonl


--------------------[Agent Step 35_936]--------------------
Metrics filtered by: 'score|length|fps|ratio|train/loss/|train/rand/'
episode/score 45 / episode/length 1001 / train/loss/con 0.02 / train/loss/distractor 1.09 / train/loss/dyn 14.07 / train/loss/policy -0.04 / train/loss/position 0.26 / train/loss/rep 14.07 / train/loss/repval 1.3 / train/loss/rew 0.04 / train/loss/to_target 0.3 / train/loss/value 1.05 / train/loss/velocity 0.12 / replay/replay_ratio 1040 / fps/policy 40.39 / fps/train 4.1e4

Writing metrics: /scratch/midway3/rickybao/dreamerv3_runs/adapt_ax1rbf2q1s0_synth_seed106_ckpt500000/metrics.jsonl
Writing metrics: /scratch/midway3/rickybao/dreamerv3_runs/adapt_ax1rbf2q1s0_synth_seed106_ckpt500000/scores.jsonl
Saving checkpoint: /scratch/midway3/rickybao/dreamerv3_runs/adapt_ax1rbf2q1s0_synth_seed106_ckpt500000/ckpt/20260722T015959F040225
Saved checkpoint.

--------------------[Agent Step 40_720]--------------------
Metrics filtered by: 'score|length|fps|ratio|train/loss/|train/rand/'
train/loss/con 0.02 / train/loss/distractor 1.09 / train/loss/dyn 14.11 / train/loss/policy -0.02 / train/loss/position 0.3 / train/loss/rep 14.11 / train/loss/repval 1.23 / train/loss/rew 0.06 / train/loss/to_target 0.33 / train/loss/value 1 / train/loss/velocity 0.12 / replay/replay_ratio 1040 / fps/policy 39.75 / fps/train 4.1e4

Writing metrics: /scratch/midway3/rickybao/dreamerv3_runs/adapt_ax1rbf2q1s0_synth_seed106_ckpt500000/scores.jsonl
Writing metrics: /scratch/midway3/rickybao/dreamerv3_runs/adapt_ax1rbf2q1s0_synth_seed106_ckpt500000/metrics.jsonl

--------------------[Agent Step 45_584]--------------------
Metrics filtered by: 'score|length|fps|ratio|train/loss/|train/rand/'
train/loss/con 0.02 / train/loss/distractor 1.09 / train/loss/dyn 14.25 / train/loss/policy -0.03 / train/loss/position 0.34 / train/loss/rep 14.25 / train/loss/repval 1.19 / train/loss/rew 0.07 / train/loss/to_target 0.37 / train/loss/value 1 / train/loss/velocity 0.12 / replay/replay_ratio 1040 / fps/policy 40.4 / fps/train 4.1e4

Writing metrics: /scratch/midway3/rickybao/dreamerv3_runs/adapt_ax1rbf2q1s0_synth_seed106_ckpt500000/metrics.jsonlWriting metrics: /scratch/midway3/rickybao/dreamerv3_runs/adapt_ax1rbf2q1s0_synth_seed106_ckpt500000/scores.jsonl


--------------------[Agent Step 50_432]--------------------
Metrics filtered by: 'score|length|fps|ratio|train/loss/|train/rand/'
episode/score 116 / episode/length 1001 / train/loss/con 0.02 / train/loss/distractor 1.08 / train/loss/dyn 14.25 / train/loss/policy -0.03 / train/loss/position 0.37 / train/loss/rep 14.25 / train/loss/repval 1.16 / train/loss/rew 0.08 / train/loss/to_target 0.4 / train/loss/value 1 / train/loss/velocity 0.12 / replay/replay_ratio 1040 / fps/policy 40.4 / fps/train 4.1e4

Writing metrics: /scratch/midway3/rickybao/dreamerv3_runs/adapt_ax1rbf2q1s0_synth_seed106_ckpt500000/scores.jsonl
Writing metrics: /scratch/midway3/rickybao/dreamerv3_runs/adapt_ax1rbf2q1s0_synth_seed106_ckpt500000/metrics.jsonl

--------------------[Agent Step 55_280]--------------------
Metrics filtered by: 'score|length|fps|ratio|train/loss/|train/rand/'
train/loss/con 0.02 / train/loss/distractor 1.08 / train/loss/dyn 14.28 / train/loss/policy -0.02 / train/loss/position 0.39 / train/loss/rep 14.28 / train/loss/repval 1.11 / train/loss/rew 0.09 / train/loss/to_target 0.41 / train/loss/value 0.98 / train/loss/velocity 0.12 / replay/replay_ratio 1040 / fps/policy 40.4 / fps/train 4.1e4

Writing metrics: /scratch/midway3/rickybao/dreamerv3_runs/adapt_ax1rbf2q1s0_synth_seed106_ckpt500000/scores.jsonlWriting metrics: /scratch/midway3/rickybao/dreamerv3_runs/adapt_ax1rbf2q1s0_synth_seed106_ckpt500000/metrics.jsonl


--------------------[Agent Step 60_144]--------------------
Metrics filtered by: 'score|length|fps|ratio|train/loss/|train/rand/'
train/loss/con 0.02 / train/loss/distractor 1.09 / train/loss/dyn 14.34 / train/loss/policy -0.02 / train/loss/position 0.41 / train/loss/rep 14.34 / train/loss/repval 1.13 / train/loss/rew 0.1 / train/loss/to_target 0.43 / train/loss/value 1.03 / train/loss/velocity 0.12 / replay/replay_ratio 1040 / fps/policy 40.4 / fps/train 4.1e4

Writing metrics: /scratch/midway3/rickybao/dreamerv3_runs/adapt_ax1rbf2q1s0_synth_seed106_ckpt500000/metrics.jsonlWriting metrics: /scratch/midway3/rickybao/dreamerv3_runs/adapt_ax1rbf2q1s0_synth_seed106_ckpt500000/scores.jsonl


--------------------[Agent Step 64_992]--------------------
Metrics filtered by: 'score|length|fps|ratio|train/loss/|train/rand/'
episode/score 163 / episode/length 1001 / train/loss/con 0.02 / train/loss/distractor 1.09 / train/loss/dyn 14.38 / train/loss/policy -0.02 / train/loss/position 0.44 / train/loss/rep 14.38 / train/loss/repval 1.09 / train/loss/rew 0.1 / train/loss/to_target 0.45 / train/loss/value 0.93 / train/loss/velocity 0.12 / replay/replay_ratio 1040 / fps/policy 40.4 / fps/train 4.1e4

Writing metrics: /scratch/midway3/rickybao/dreamerv3_runs/adapt_ax1rbf2q1s0_synth_seed106_ckpt500000/scores.jsonl
Writing metrics: /scratch/midway3/rickybao/dreamerv3_runs/adapt_ax1rbf2q1s0_synth_seed106_ckpt500000/metrics.jsonl

--------------------[Agent Step 69_840]--------------------
Metrics filtered by: 'score|length|fps|ratio|train/loss/|train/rand/'
train/loss/con 0.02 / train/loss/distractor 1.09 / train/loss/dyn 14.41 / train/loss/policy -0.02 / train/loss/position 0.44 / train/loss/rep 14.41 / train/loss/repval 1.05 / train/loss/rew 0.11 / train/loss/to_target 0.46 / train/loss/value 0.94 / train/loss/velocity 0.11 / replay/replay_ratio 1040 / fps/policy 40.39 / fps/train 4.1e4

Writing metrics: /scratch/midway3/rickybao/dreamerv3_runs/adapt_ax1rbf2q1s0_synth_seed106_ckpt500000/metrics.jsonlWriting metrics: /scratch/midway3/rickybao/dreamerv3_runs/adapt_ax1rbf2q1s0_synth_seed106_ckpt500000/scores.jsonl

Saving checkpoint: /scratch/midway3/rickybao/dreamerv3_runs/adapt_ax1rbf2q1s0_synth_seed106_ckpt500000/ckpt/20260722T021459F428614
Saved checkpoint.

--------------------[Agent Step 74_656]--------------------
Metrics filtered by: 'score|length|fps|ratio|train/loss/|train/rand/'
train/loss/con 0.02 / train/loss/distractor 1.09 / train/loss/dyn 14.44 / train/loss/policy -0.02 / train/loss/position 0.46 / train/loss/rep 14.44 / train/loss/repval 1.06 / train/loss/rew 0.11 / train/loss/to_target 0.47 / train/loss/value 1.01 / train/loss/velocity 0.11 / replay/replay_ratio 1040 / fps/policy 39.86 / fps/train 4.1e4

Writing metrics: /scratch/midway3/rickybao/dreamerv3_runs/adapt_ax1rbf2q1s0_synth_seed106_ckpt500000/scores.jsonl
Writing metrics: /scratch/midway3/rickybao/dreamerv3_runs/adapt_ax1rbf2q1s0_synth_seed106_ckpt500000/metrics.jsonl

--------------------[Agent Step 79_504]--------------------
Metrics filtered by: 'score|length|fps|ratio|train/loss/|train/rand/'
train/loss/con 0.02 / train/loss/distractor 1.09 / train/loss/dyn 14.45 / train/loss/policy -0.02 / train/loss/position 0.48 / train/loss/rep 14.45 / train/loss/repval 1.11 / train/loss/rew 0.12 / train/loss/to_target 0.49 / train/loss/value 1.1 / train/loss/velocity 0.11 / replay/replay_ratio 1040 / fps/policy 40.39 / fps/train 4.1e4

Writing metrics: /scratch/midway3/rickybao/dreamerv3_runs/adapt_ax1rbf2q1s0_synth_seed106_ckpt500000/scores.jsonl
Writing metrics: /scratch/midway3/rickybao/dreamerv3_runs/adapt_ax1rbf2q1s0_synth_seed106_ckpt500000/metrics.jsonl

--------------------[Agent Step 84_352]--------------------
Metrics filtered by: 'score|length|fps|ratio|train/loss/|train/rand/'
episode/score 148 / episode/length 1001 / train/loss/con 0.02 / train/loss/distractor 1.09 / train/loss/dyn 14.45 / train/loss/policy -0.01 / train/loss/position 0.49 / train/loss/rep 14.45 / train/loss/repval 1.12 / train/loss/rew 0.12 / train/loss/to_target 0.5 / train/loss/value 1.1 / train/loss/velocity 0.11 / replay/replay_ratio 1040 / fps/policy 40.4 / fps/train 4.1e4

Writing metrics: /scratch/midway3/rickybao/dreamerv3_runs/adapt_ax1rbf2q1s0_synth_seed106_ckpt500000/metrics.jsonlWriting metrics: /scratch/midway3/rickybao/dreamerv3_runs/adapt_ax1rbf2q1s0_synth_seed106_ckpt500000/scores.jsonl


--------------------[Agent Step 89_200]--------------------
Metrics filtered by: 'score|length|fps|ratio|train/loss/|train/rand/'
train/loss/con 0.02 / train/loss/distractor 1.09 / train/loss/dyn 14.47 / train/loss/policy -0.01 / train/loss/position 0.5 / train/loss/rep 14.47 / train/loss/repval 1.06 / train/loss/rew 0.13 / train/loss/to_target 0.51 / train/loss/value 0.98 / train/loss/velocity 0.11 / replay/replay_ratio 1040 / fps/policy 40.4 / fps/train 4.1e4

Writing metrics: /scratch/midway3/rickybao/dreamerv3_runs/adapt_ax1rbf2q1s0_synth_seed106_ckpt500000/scores.jsonlWriting metrics: /scratch/midway3/rickybao/dreamerv3_runs/adapt_ax1rbf2q1s0_synth_seed106_ckpt500000/metrics.jsonl


--------------------[Agent Step 94_048]--------------------
Metrics filtered by: 'score|length|fps|ratio|train/loss/|train/rand/'
train/loss/con 0.02 / train/loss/distractor 1.09 / train/loss/dyn 14.46 / train/loss/policy -0.02 / train/loss/position 0.51 / train/loss/rep 14.46 / train/loss/repval 1.06 / train/loss/rew 0.13 / train/loss/to_target 0.52 / train/loss/value 1.01 / train/loss/velocity 0.11 / replay/replay_ratio 1040 / fps/policy 40.38 / fps/train 4.1e4

Writing metrics: /scratch/midway3/rickybao/dreamerv3_runs/adapt_ax1rbf2q1s0_synth_seed106_ckpt500000/scores.jsonlWriting metrics: /scratch/midway3/rickybao/dreamerv3_runs/adapt_ax1rbf2q1s0_synth_seed106_ckpt500000/metrics.jsonl


--------------------[Agent Step 98_896]--------------------
Metrics filtered by: 'score|length|fps|ratio|train/loss/|train/rand/'
episode/score 178 / episode/length 1001 / train/loss/con 0.02 / train/loss/distractor 1.09 / train/loss/dyn 14.49 / train/loss/policy -0.02 / train/loss/position 0.53 / train/loss/rep 14.49 / train/loss/repval 1.13 / train/loss/rew 0.14 / train/loss/to_target 0.52 / train/loss/value 1.11 / train/loss/velocity 0.11 / replay/replay_ratio 1040 / fps/policy 40.39 / fps/train 4.1e4

Writing metrics: /scratch/midway3/rickybao/dreamerv3_runs/adapt_ax1rbf2q1s0_synth_seed106_ckpt500000/scores.jsonlWriting metrics: /scratch/midway3/rickybao/dreamerv3_runs/adapt_ax1rbf2q1s0_synth_seed106_ckpt500000/metrics.jsonl


--------------------[Agent Step 103_744]--------------------
Metrics filtered by: 'score|length|fps|ratio|train/loss/|train/rand/'
train/loss/con 0.02 / train/loss/distractor 1.09 / train/loss/dyn 14.5 / train/loss/policy -0.02 / train/loss/position 0.53 / train/loss/rep 14.5 / train/loss/repval 1.14 / train/loss/rew 0.14 / train/loss/to_target 0.53 / train/loss/value 1.08 / train/loss/velocity 0.11 / replay/replay_ratio 1040 / fps/policy 40.4 / fps/train 4.1e4

Writing metrics: /scratch/midway3/rickybao/dreamerv3_runs/adapt_ax1rbf2q1s0_synth_seed106_ckpt500000/metrics.jsonlWriting metrics: /scratch/midway3/rickybao/dreamerv3_runs/adapt_ax1rbf2q1s0_synth_seed106_ckpt500000/scores.jsonl


--------------------[Agent Step 108_592]--------------------
Metrics filtered by: 'score|length|fps|ratio|train/loss/|train/rand/'
train/loss/con 0.02 / train/loss/distractor 1.09 / train/loss/dyn 14.52 / train/loss/policy -0.02 / train/loss/position 0.54 / train/loss/rep 14.52 / train/loss/repval 1.12 / train/loss/rew 0.15 / train/loss/to_target 0.53 / train/loss/value 0.98 / train/loss/velocity 0.1 / replay/replay_ratio 1040 / fps/policy 40.37 / fps/train 4.1e4

Writing metrics: /scratch/midway3/rickybao/dreamerv3_runs/adapt_ax1rbf2q1s0_synth_seed106_ckpt500000/scores.jsonlWriting metrics: /scratch/midway3/rickybao/dreamerv3_runs/adapt_ax1rbf2q1s0_synth_seed106_ckpt500000/metrics.jsonl

Saving checkpoint: /scratch/midway3/rickybao/dreamerv3_runs/adapt_ax1rbf2q1s0_synth_seed106_ckpt500000/ckpt/20260722T022959F724695
Saved checkpoint.

--------------------[Agent Step 113_376]--------------------
Metrics filtered by: 'score|length|fps|ratio|train/loss/|train/rand/'
episode/score 244 / episode/length 1001 / train/loss/con 0.02 / train/loss/distractor 1.1 / train/loss/dyn 14.54 / train/loss/policy -0.02 / train/loss/position 0.55 / train/loss/rep 14.54 / train/loss/repval 1.05 / train/loss/rew 0.16 / train/loss/to_target 0.54 / train/loss/value 0.91 / train/loss/velocity 0.1 / replay/replay_ratio 1040 / fps/policy 39.76 / fps/train 4.1e4

Writing metrics: /scratch/midway3/rickybao/dreamerv3_runs/adapt_ax1rbf2q1s0_synth_seed106_ckpt500000/metrics.jsonl
Writing metrics: /scratch/midway3/rickybao/dreamerv3_runs/adapt_ax1rbf2q1s0_synth_seed106_ckpt500000/scores.jsonl

--------------------[Agent Step 118_224]--------------------
Metrics filtered by: 'score|length|fps|ratio|train/loss/|train/rand/'
train/loss/con 0.02 / train/loss/distractor 1.09 / train/loss/dyn 14.51 / train/loss/policy -0.01 / train/loss/position 0.55 / train/loss/rep 14.51 / train/loss/repval 1.03 / train/loss/rew 0.16 / train/loss/to_target 0.54 / train/loss/value 0.93 / train/loss/velocity 0.1 / replay/replay_ratio 1040 / fps/policy 40.39 / fps/train 4.1e4

Writing metrics: /scratch/midway3/rickybao/dreamerv3_runs/adapt_ax1rbf2q1s0_synth_seed106_ckpt500000/metrics.jsonlWriting metrics: /scratch/midway3/rickybao/dreamerv3_runs/adapt_ax1rbf2q1s0_synth_seed106_ckpt500000/scores.jsonl


--------------------[Agent Step 123_088]--------------------
Metrics filtered by: 'score|length|fps|ratio|train/loss/|train/rand/'
train/loss/con 0.02 / train/loss/distractor 1.09 / train/loss/dyn 14.51 / train/loss/policy -0.02 / train/loss/position 0.56 / train/loss/rep 14.51 / train/loss/repval 1.04 / train/loss/rew 0.17 / train/loss/to_target 0.54 / train/loss/value 0.93 / train/loss/velocity 0.1 / replay/replay_ratio 1040 / fps/policy 40.4 / fps/train 4.1e4

Writing metrics: /scratch/midway3/rickybao/dreamerv3_runs/adapt_ax1rbf2q1s0_synth_seed106_ckpt500000/metrics.jsonl
Writing metrics: /scratch/midway3/rickybao/dreamerv3_runs/adapt_ax1rbf2q1s0_synth_seed106_ckpt500000/scores.jsonl
[Wed Jul 22 02:35:54 CDT 2026] adapt adapt_ax1rbf2q1s0_synth_seed106_ckpt500000 rc=0 status=DONE
