[Wed Jul 22 01:46:47 CDT 2026] axis1 child starting RUN_ID=adapt_ax1rbf3q1s0_synth_seed104_ckpt500000 WM_RUN=ax1wm_synth_fq1s0_seed3 job=52486582 host=midway3-0280.rcc.local
[Wed Jul 22 01:46:47 CDT 2026] env prepared: python=/scratch/midway3/rickybao/conda_envs/dreamerv3/bin/python
python_executable=/scratch/midway3/rickybao/conda_envs/dreamerv3/bin/python
[Wed Jul 22 01:46:47 CDT 2026] offline WM already fit: /scratch/midway3/rickybao/dreamerv3_runs/ax1wm_synth_fq1s0_seed3/ckpt/20260718T124402F315467-000000500000 (skipping stage 1)
[Wed Jul 22 01:46:47 CDT 2026] adapt RUN_ID=adapt_ax1rbf3q1s0_synth_seed104_ckpt500000 TASK=synth_reach SEED=104 CKPT=/scratch/midway3/rickybao/dreamerv3_runs/ax1wm_synth_fq1s0_seed3/ckpt/20260718T124402F315467-000000500000 STEPS=1.25e5
---  ___                           __   ______ ---
--- |   \ _ _ ___ __ _ _ __  ___ _ \ \ / /__ / ---
--- | |) | '_/ -_) _` | '  \/ -_) '/\ V / |_ \ ---
--- |___/|_| \___\__,_|_|_|_\___|_|  \_/ |___/ ---
Replica: 0 / 1
Logdir: /scratch/midway3/rickybao/dreamerv3_runs/adapt_ax1rbf3q1s0_synth_seed104_ckpt500000
Run script: train
Observations
  position         Space(float32, shape=(2,), low=-inf, high=inf)
  velocity         Space(float32, shape=(2,), low=-inf, high=inf)
  distractor       Space(float32, shape=(8,), low=-inf, high=inf)
  to_target        Space(float32, shape=(2,), low=-inf, high=inf)
  reward           Space(float32, shape=(), low=-inf, high=inf)
  is_first         Space(bool, shape=(), low=False, high=True)
  is_last          Space(bool, shape=(), low=False, high=True)
  is_terminal      Space(bool, shape=(), low=False, high=True)
Actions
  action           Space(float32, shape=(2,), low=-1.0, high=1.0)
Extras
  consec           Space(int32, shape=(), low=-2147483648, high=2147483647)
  stepid           Space(uint8, shape=(20,), low=0, high=255)
  dyn/deter        Space(float32, shape=(512,), low=-inf, high=inf)
  dyn/stoch        Space(float32, shape=(32, 4), low=-inf, high=inf)
JAX devices (1): [cuda:0]
Policy devices: cuda:0
Train devices:  cuda:0
Initializing parameters...
Optimizer opt has 214,723 params:
        66,111 val
        57,663 rew
        49,796 pol
        41,153 con
Done initializing!
Compiling 1 checkpoint groups...
Largest checkpoint group: 0 GB
Compiling train and report...
Train cost analysis:
  FLOPS:            7.2e+09
  Memory (temp):    2.0e+08
  Memory (inputs):  7.3e+06
  Memory (outputs): 5.9e+06
  Memory (code):    1.5e+06

Report cost analysis:
  FLOPS:            1.8e+06
  Memory (temp):    9.2e+05
  Memory (inputs):  2.7e+06
  Memory (outputs): 2.1e+04
  Memory (code):    9.8e+04

Done compiling!
Loaded pretrained checkpoint with keys: ['dec/mlp/linear0/bias', 'dec/mlp/linear0/kernel', 'dec/mlp/linear1/bias', 'dec/mlp/linear1/kernel', 'dec/mlp/linear2/bias', 'dec/mlp/linear2/kernel', 'dec/mlp/norm0/scale', 'dec/mlp/norm1/scale', 'dec/mlp/norm2/scale', 'dec/vec/distractor/pred/bias', 'dec/vec/distractor/pred/kernel', 'dec/vec/position/pred/bias', 'dec/vec/position/pred/kernel', 'dec/vec/to_target/pred/bias', 'dec/vec/to_target/pred/kernel', 'dec/vec/velocity/pred/bias', 'dec/vec/velocity/pred/kernel', 'dyn/dyngru/bias', 'dyn/dyngru/kernel', 'dyn/dynhid0/bias', 'dyn/dynhid0/kernel', 'dyn/dynhid0norm/scale', 'dyn/dynin0/bias', 'dyn/dynin0/kernel', 'dyn/dynin0norm/scale', 'dyn/dynin1/bias', 'dyn/dynin1/kernel', 'dyn/dynin1norm/scale', 'dyn/dynin2/bias', 'dyn/dynin2/kernel', 'dyn/dynin2norm/scale', 'dyn/obs0/bias', 'dyn/obs0/kernel', 'dyn/obs0norm/scale', 'dyn/obslogit/bias', 'dyn/obslogit/kernel', 'dyn/prior0/bias', 'dyn/prior0/kernel', 'dyn/prior0norm/scale', 'dyn/prior1/bias', 'dyn/prior1/kernel', 'dyn/prior1norm/scale', 'dyn/priorlogit/bias', 'dyn/priorlogit/kernel', 'enc/mlp0/bias', 'enc/mlp0/kernel', 'enc/mlp0norm/scale', 'enc/mlp1/bias', 'enc/mlp1/kernel', 'enc/mlp1norm/scale', 'enc/mlp2/bias', 'enc/mlp2/kernel', 'enc/mlp2norm/scale']
Did not find any checkpoint.
Saving checkpoint: /scratch/midway3/rickybao/dreamerv3_runs/adapt_ax1rbf3q1s0_synth_seed104_ckpt500000/ckpt/20260722T014715F182462
Saved checkpoint.
Start training loop

--------------------[Agent Step 6_864]--------------------
Metrics filtered by: 'score|length|fps|ratio|train/loss/|train/rand/'
train/loss/con 0.05 / train/loss/distractor 1.15 / train/loss/dyn 11.79 / train/loss/policy -7.4e-4 / train/loss/position 0.19 / train/loss/rep 11.79 / train/loss/repval 1.95 / train/loss/rew 1.01 / train/loss/to_target 0.13 / train/loss/value 1 / train/loss/velocity 6e-3 / replay/replay_ratio 858 / fps/policy 56.28 / fps/train 4e4

Writing metrics: /scratch/midway3/rickybao/dreamerv3_runs/adapt_ax1rbf3q1s0_synth_seed104_ckpt500000/metrics.jsonlWriting metrics: /scratch/midway3/rickybao/dreamerv3_runs/adapt_ax1rbf3q1s0_synth_seed104_ckpt500000/scores.jsonl


--------------------[Agent Step 11_712]--------------------
Metrics filtered by: 'score|length|fps|ratio|train/loss/|train/rand/'
train/loss/con 0.02 / train/loss/distractor 1.16 / train/loss/dyn 11.83 / train/loss/policy -8.1e-4 / train/loss/position 0.19 / train/loss/rep 11.83 / train/loss/repval 9.9e-3 / train/loss/rew 2.7e-3 / train/loss/to_target 0.13 / train/loss/value 3.1e-3 / train/loss/velocity 5.9e-3 / replay/replay_ratio 1040 / fps/policy 40.38 / fps/train 4.1e4

Writing metrics: /scratch/midway3/rickybao/dreamerv3_runs/adapt_ax1rbf3q1s0_synth_seed104_ckpt500000/scores.jsonl
Writing metrics: /scratch/midway3/rickybao/dreamerv3_runs/adapt_ax1rbf3q1s0_synth_seed104_ckpt500000/metrics.jsonl

--------------------[Agent Step 16_560]--------------------
Metrics filtered by: 'score|length|fps|ratio|train/loss/|train/rand/'
episode/score 0 / episode/length 1001 / train/loss/con 0.02 / train/loss/distractor 1.17 / train/loss/dyn 11.94 / train/loss/policy 1.7e-3 / train/loss/position 0.19 / train/loss/rep 11.94 / train/loss/repval 1.21 / train/loss/rew 3e-3 / train/loss/to_target 0.13 / train/loss/value 1.17 / train/loss/velocity 8.5e-3 / replay/replay_ratio 1040 / fps/policy 40.36 / fps/train 4.1e4

Writing metrics: /scratch/midway3/rickybao/dreamerv3_runs/adapt_ax1rbf3q1s0_synth_seed104_ckpt500000/metrics.jsonlWriting metrics: /scratch/midway3/rickybao/dreamerv3_runs/adapt_ax1rbf3q1s0_synth_seed104_ckpt500000/scores.jsonl


--------------------[Agent Step 21_408]--------------------
Metrics filtered by: 'score|length|fps|ratio|train/loss/|train/rand/'
train/loss/con 0.02 / train/loss/distractor 1.17 / train/loss/dyn 12.2 / train/loss/policy 0.02 / train/loss/position 0.18 / train/loss/rep 12.2 / train/loss/repval 1.41 / train/loss/rew 3e-3 / train/loss/to_target 0.13 / train/loss/value 1.23 / train/loss/velocity 0.03 / replay/replay_ratio 1040 / fps/policy 40.37 / fps/train 4.1e4

Writing metrics: /scratch/midway3/rickybao/dreamerv3_runs/adapt_ax1rbf3q1s0_synth_seed104_ckpt500000/scores.jsonl
Writing metrics: /scratch/midway3/rickybao/dreamerv3_runs/adapt_ax1rbf3q1s0_synth_seed104_ckpt500000/metrics.jsonl

--------------------[Agent Step 26_256]--------------------
Metrics filtered by: 'score|length|fps|ratio|train/loss/|train/rand/'
train/loss/con 0.02 / train/loss/distractor 1.17 / train/loss/dyn 12.4 / train/loss/policy 0.04 / train/loss/position 0.17 / train/loss/rep 12.4 / train/loss/repval 1.36 / train/loss/rew 0.02 / train/loss/to_target 0.13 / train/loss/value 1.11 / train/loss/velocity 0.04 / replay/replay_ratio 1040 / fps/policy 40.37 / fps/train 4.1e4

Writing metrics: /scratch/midway3/rickybao/dreamerv3_runs/adapt_ax1rbf3q1s0_synth_seed104_ckpt500000/scores.jsonlWriting metrics: /scratch/midway3/rickybao/dreamerv3_runs/adapt_ax1rbf3q1s0_synth_seed104_ckpt500000/metrics.jsonl


--------------------[Agent Step 31_104]--------------------
Metrics filtered by: 'score|length|fps|ratio|train/loss/|train/rand/'
train/loss/con 0.02 / train/loss/distractor 1.15 / train/loss/dyn 12.42 / train/loss/policy -0.02 / train/loss/position 0.21 / train/loss/rep 12.42 / train/loss/repval 1.32 / train/loss/rew 0.02 / train/loss/to_target 0.19 / train/loss/value 1.09 / train/loss/velocity 0.04 / replay/replay_ratio 1040 / fps/policy 40.38 / fps/train 4.1e4

Writing metrics: /scratch/midway3/rickybao/dreamerv3_runs/adapt_ax1rbf3q1s0_synth_seed104_ckpt500000/metrics.jsonlWriting metrics: /scratch/midway3/rickybao/dreamerv3_runs/adapt_ax1rbf3q1s0_synth_seed104_ckpt500000/scores.jsonl


--------------------[Agent Step 35_952]--------------------
Metrics filtered by: 'score|length|fps|ratio|train/loss/|train/rand/'
episode/score 4 / episode/length 1001 / train/loss/con 0.02 / train/loss/distractor 1.15 / train/loss/dyn 12.42 / train/loss/policy -0.02 / train/loss/position 0.21 / train/loss/rep 12.42 / train/loss/repval 1.29 / train/loss/rew 0.01 / train/loss/to_target 0.21 / train/loss/value 1.08 / train/loss/velocity 0.04 / replay/replay_ratio 1040 / fps/policy 40.39 / fps/train 4.1e4

Writing metrics: /scratch/midway3/rickybao/dreamerv3_runs/adapt_ax1rbf3q1s0_synth_seed104_ckpt500000/metrics.jsonlWriting metrics: /scratch/midway3/rickybao/dreamerv3_runs/adapt_ax1rbf3q1s0_synth_seed104_ckpt500000/scores.jsonl

Saving checkpoint: /scratch/midway3/rickybao/dreamerv3_runs/adapt_ax1rbf3q1s0_synth_seed104_ckpt500000/ckpt/20260722T020216F887470
Saved checkpoint.

--------------------[Agent Step 40_752]--------------------
Metrics filtered by: 'score|length|fps|ratio|train/loss/|train/rand/'
train/loss/con 0.02 / train/loss/distractor 1.15 / train/loss/dyn 12.43 / train/loss/policy -0.02 / train/loss/position 0.22 / train/loss/rep 12.43 / train/loss/repval 1.32 / train/loss/rew 0.02 / train/loss/to_target 0.23 / train/loss/value 1.04 / train/loss/velocity 0.04 / replay/replay_ratio 1040 / fps/policy 39.87 / fps/train 4.1e4

Writing metrics: /scratch/midway3/rickybao/dreamerv3_runs/adapt_ax1rbf3q1s0_synth_seed104_ckpt500000/metrics.jsonlWriting metrics: /scratch/midway3/rickybao/dreamerv3_runs/adapt_ax1rbf3q1s0_synth_seed104_ckpt500000/scores.jsonl


--------------------[Agent Step 45_600]--------------------
Metrics filtered by: 'score|length|fps|ratio|train/loss/|train/rand/'
train/loss/con 0.02 / train/loss/distractor 1.15 / train/loss/dyn 12.54 / train/loss/policy -0.02 / train/loss/position 0.26 / train/loss/rep 12.54 / train/loss/repval 1.29 / train/loss/rew 0.02 / train/loss/to_target 0.29 / train/loss/value 1.04 / train/loss/velocity 0.04 / replay/replay_ratio 1040 / fps/policy 40.4 / fps/train 4.1e4

Writing metrics: /scratch/midway3/rickybao/dreamerv3_runs/adapt_ax1rbf3q1s0_synth_seed104_ckpt500000/scores.jsonlWriting metrics: /scratch/midway3/rickybao/dreamerv3_runs/adapt_ax1rbf3q1s0_synth_seed104_ckpt500000/metrics.jsonl


--------------------[Agent Step 50_448]--------------------
Metrics filtered by: 'score|length|fps|ratio|train/loss/|train/rand/'
episode/score 50 / episode/length 1001 / train/loss/con 0.02 / train/loss/distractor 1.16 / train/loss/dyn 12.62 / train/loss/policy -0.02 / train/loss/position 0.28 / train/loss/rep 12.62 / train/loss/repval 1.29 / train/loss/rew 0.02 / train/loss/to_target 0.31 / train/loss/value 1.07 / train/loss/velocity 0.04 / replay/replay_ratio 1040 / fps/policy 40.39 / fps/train 4.1e4

Writing metrics: /scratch/midway3/rickybao/dreamerv3_runs/adapt_ax1rbf3q1s0_synth_seed104_ckpt500000/metrics.jsonl
Writing metrics: /scratch/midway3/rickybao/dreamerv3_runs/adapt_ax1rbf3q1s0_synth_seed104_ckpt500000/scores.jsonl

--------------------[Agent Step 55_296]--------------------
Metrics filtered by: 'score|length|fps|ratio|train/loss/|train/rand/'
train/loss/con 0.02 / train/loss/distractor 1.16 / train/loss/dyn 12.62 / train/loss/policy -0.03 / train/loss/position 0.28 / train/loss/rep 12.62 / train/loss/repval 1.28 / train/loss/rew 0.03 / train/loss/to_target 0.31 / train/loss/value 1.04 / train/loss/velocity 0.04 / replay/replay_ratio 1040 / fps/policy 40.38 / fps/train 4.1e4

Writing metrics: /scratch/midway3/rickybao/dreamerv3_runs/adapt_ax1rbf3q1s0_synth_seed104_ckpt500000/metrics.jsonlWriting metrics: /scratch/midway3/rickybao/dreamerv3_runs/adapt_ax1rbf3q1s0_synth_seed104_ckpt500000/scores.jsonl


--------------------[Agent Step 60_144]--------------------
Metrics filtered by: 'score|length|fps|ratio|train/loss/|train/rand/'
train/loss/con 0.02 / train/loss/distractor 1.16 / train/loss/dyn 12.6 / train/loss/policy -0.03 / train/loss/position 0.28 / train/loss/rep 12.6 / train/loss/repval 1.26 / train/loss/rew 0.03 / train/loss/to_target 0.31 / train/loss/value 1.08 / train/loss/velocity 0.04 / replay/replay_ratio 1040 / fps/policy 40.38 / fps/train 4.1e4

Writing metrics: /scratch/midway3/rickybao/dreamerv3_runs/adapt_ax1rbf3q1s0_synth_seed104_ckpt500000/metrics.jsonlWriting metrics: /scratch/midway3/rickybao/dreamerv3_runs/adapt_ax1rbf3q1s0_synth_seed104_ckpt500000/scores.jsonl


--------------------[Agent Step 64_992]--------------------
Metrics filtered by: 'score|length|fps|ratio|train/loss/|train/rand/'
episode/score 36 / episode/length 1001 / train/loss/con 0.02 / train/loss/distractor 1.15 / train/loss/dyn 12.61 / train/loss/policy -0.03 / train/loss/position 0.29 / train/loss/rep 12.61 / train/loss/repval 1.27 / train/loss/rew 0.03 / train/loss/to_target 0.32 / train/loss/value 1.05 / train/loss/velocity 0.04 / replay/replay_ratio 1040 / fps/policy 40.38 / fps/train 4.1e4

Writing metrics: /scratch/midway3/rickybao/dreamerv3_runs/adapt_ax1rbf3q1s0_synth_seed104_ckpt500000/scores.jsonl
Writing metrics: /scratch/midway3/rickybao/dreamerv3_runs/adapt_ax1rbf3q1s0_synth_seed104_ckpt500000/metrics.jsonl

--------------------[Agent Step 69_840]--------------------
Metrics filtered by: 'score|length|fps|ratio|train/loss/|train/rand/'
train/loss/con 0.02 / train/loss/distractor 1.15 / train/loss/dyn 12.61 / train/loss/policy -0.02 / train/loss/position 0.29 / train/loss/rep 12.61 / train/loss/repval 1.29 / train/loss/rew 0.04 / train/loss/to_target 0.32 / train/loss/value 1.04 / train/loss/velocity 0.04 / replay/replay_ratio 1040 / fps/policy 40.39 / fps/train 4.1e4

Writing metrics: /scratch/midway3/rickybao/dreamerv3_runs/adapt_ax1rbf3q1s0_synth_seed104_ckpt500000/scores.jsonlWriting metrics: /scratch/midway3/rickybao/dreamerv3_runs/adapt_ax1rbf3q1s0_synth_seed104_ckpt500000/metrics.jsonl

Saving checkpoint: /scratch/midway3/rickybao/dreamerv3_runs/adapt_ax1rbf3q1s0_synth_seed104_ckpt500000/ckpt/20260722T021717F158863
Saved checkpoint.

--------------------[Agent Step 74_672]--------------------
Metrics filtered by: 'score|length|fps|ratio|train/loss/|train/rand/'
train/loss/con 0.02 / train/loss/distractor 1.15 / train/loss/dyn 12.61 / train/loss/policy -0.02 / train/loss/position 0.29 / train/loss/rep 12.61 / train/loss/repval 1.25 / train/loss/rew 0.04 / train/loss/to_target 0.33 / train/loss/value 0.98 / train/loss/velocity 0.04 / replay/replay_ratio 1040 / fps/policy 40.13 / fps/train 4.1e4

Writing metrics: /scratch/midway3/rickybao/dreamerv3_runs/adapt_ax1rbf3q1s0_synth_seed104_ckpt500000/metrics.jsonl
Writing metrics: /scratch/midway3/rickybao/dreamerv3_runs/adapt_ax1rbf3q1s0_synth_seed104_ckpt500000/scores.jsonl

--------------------[Agent Step 79_504]--------------------
Metrics filtered by: 'score|length|fps|ratio|train/loss/|train/rand/'
train/loss/con 0.02 / train/loss/distractor 1.15 / train/loss/dyn 12.64 / train/loss/policy -0.03 / train/loss/position 0.3 / train/loss/rep 12.64 / train/loss/repval 1.26 / train/loss/rew 0.05 / train/loss/to_target 0.34 / train/loss/value 1.03 / train/loss/velocity 0.04 / replay/replay_ratio 1040 / fps/policy 40.24 / fps/train 4.1e4

Writing metrics: /scratch/midway3/rickybao/dreamerv3_runs/adapt_ax1rbf3q1s0_synth_seed104_ckpt500000/metrics.jsonlWriting metrics: /scratch/midway3/rickybao/dreamerv3_runs/adapt_ax1rbf3q1s0_synth_seed104_ckpt500000/scores.jsonl


--------------------[Agent Step 84_352]--------------------
Metrics filtered by: 'score|length|fps|ratio|train/loss/|train/rand/'
episode/score 81 / episode/length 1001 / train/loss/con 0.02 / train/loss/distractor 1.15 / train/loss/dyn 12.67 / train/loss/policy -0.03 / train/loss/position 0.31 / train/loss/rep 12.67 / train/loss/repval 1.27 / train/loss/rew 0.05 / train/loss/to_target 0.34 / train/loss/value 1.03 / train/loss/velocity 0.04 / replay/replay_ratio 1040 / fps/policy 40.39 / fps/train 4.1e4

Writing metrics: /scratch/midway3/rickybao/dreamerv3_runs/adapt_ax1rbf3q1s0_synth_seed104_ckpt500000/scores.jsonlWriting metrics: /scratch/midway3/rickybao/dreamerv3_runs/adapt_ax1rbf3q1s0_synth_seed104_ckpt500000/metrics.jsonl


--------------------[Agent Step 89_216]--------------------
Metrics filtered by: 'score|length|fps|ratio|train/loss/|train/rand/'
train/loss/con 0.02 / train/loss/distractor 1.15 / train/loss/dyn 12.72 / train/loss/policy -0.02 / train/loss/position 0.31 / train/loss/rep 12.72 / train/loss/repval 1.26 / train/loss/rew 0.05 / train/loss/to_target 0.34 / train/loss/value 0.98 / train/loss/velocity 0.04 / replay/replay_ratio 1040 / fps/policy 40.4 / fps/train 4.1e4

Writing metrics: /scratch/midway3/rickybao/dreamerv3_runs/adapt_ax1rbf3q1s0_synth_seed104_ckpt500000/metrics.jsonlWriting metrics: /scratch/midway3/rickybao/dreamerv3_runs/adapt_ax1rbf3q1s0_synth_seed104_ckpt500000/scores.jsonl


--------------------[Agent Step 94_064]--------------------
Metrics filtered by: 'score|length|fps|ratio|train/loss/|train/rand/'
train/loss/con 0.02 / train/loss/distractor 1.15 / train/loss/dyn 12.73 / train/loss/policy -0.02 / train/loss/position 0.31 / train/loss/rep 12.73 / train/loss/repval 1.24 / train/loss/rew 0.06 / train/loss/to_target 0.34 / train/loss/value 0.97 / train/loss/velocity 0.04 / replay/replay_ratio 1040 / fps/policy 40.38 / fps/train 4.1e4

Writing metrics: /scratch/midway3/rickybao/dreamerv3_runs/adapt_ax1rbf3q1s0_synth_seed104_ckpt500000/scores.jsonlWriting metrics: /scratch/midway3/rickybao/dreamerv3_runs/adapt_ax1rbf3q1s0_synth_seed104_ckpt500000/metrics.jsonl


--------------------[Agent Step 98_912]--------------------
Metrics filtered by: 'score|length|fps|ratio|train/loss/|train/rand/'
episode/score 80 / episode/length 1001 / train/loss/con 0.02 / train/loss/distractor 1.15 / train/loss/dyn 12.74 / train/loss/policy -0.02 / train/loss/position 0.32 / train/loss/rep 12.74 / train/loss/repval 1.21 / train/loss/rew 0.06 / train/loss/to_target 0.35 / train/loss/value 0.98 / train/loss/velocity 0.04 / replay/replay_ratio 1040 / fps/policy 40.37 / fps/train 4.1e4

Writing metrics: /scratch/midway3/rickybao/dreamerv3_runs/adapt_ax1rbf3q1s0_synth_seed104_ckpt500000/metrics.jsonl
Writing metrics: /scratch/midway3/rickybao/dreamerv3_runs/adapt_ax1rbf3q1s0_synth_seed104_ckpt500000/scores.jsonl

--------------------[Agent Step 103_760]--------------------
Metrics filtered by: 'score|length|fps|ratio|train/loss/|train/rand/'
train/loss/con 0.02 / train/loss/distractor 1.14 / train/loss/dyn 12.75 / train/loss/policy -0.02 / train/loss/position 0.32 / train/loss/rep 12.75 / train/loss/repval 1.2 / train/loss/rew 0.06 / train/loss/to_target 0.35 / train/loss/value 1.02 / train/loss/velocity 0.04 / replay/replay_ratio 1040 / fps/policy 40.39 / fps/train 4.1e4

Writing metrics: /scratch/midway3/rickybao/dreamerv3_runs/adapt_ax1rbf3q1s0_synth_seed104_ckpt500000/scores.jsonl
Writing metrics: /scratch/midway3/rickybao/dreamerv3_runs/adapt_ax1rbf3q1s0_synth_seed104_ckpt500000/metrics.jsonl

--------------------[Agent Step 108_608]--------------------
Metrics filtered by: 'score|length|fps|ratio|train/loss/|train/rand/'
train/loss/con 0.02 / train/loss/distractor 1.15 / train/loss/dyn 12.76 / train/loss/policy -0.03 / train/loss/position 0.33 / train/loss/rep 12.76 / train/loss/repval 1.24 / train/loss/rew 0.07 / train/loss/to_target 0.36 / train/loss/value 1.04 / train/loss/velocity 0.04 / replay/replay_ratio 1040 / fps/policy 40.32 / fps/train 4.1e4

Writing metrics: /scratch/midway3/rickybao/dreamerv3_runs/adapt_ax1rbf3q1s0_synth_seed104_ckpt500000/scores.jsonl
Writing metrics: /scratch/midway3/rickybao/dreamerv3_runs/adapt_ax1rbf3q1s0_synth_seed104_ckpt500000/metrics.jsonl
Saving checkpoint: /scratch/midway3/rickybao/dreamerv3_runs/adapt_ax1rbf3q1s0_synth_seed104_ckpt500000/ckpt/20260722T023217F475817
Saved checkpoint.

--------------------[Agent Step 113_408]--------------------
Metrics filtered by: 'score|length|fps|ratio|train/loss/|train/rand/'
episode/score 119 / episode/length 1001 / train/loss/con 0.02 / train/loss/distractor 1.15 / train/loss/dyn 12.79 / train/loss/policy -0.03 / train/loss/position 0.34 / train/loss/rep 12.79 / train/loss/repval 1.21 / train/loss/rew 0.08 / train/loss/to_target 0.37 / train/loss/value 1.03 / train/loss/velocity 0.05 / replay/replay_ratio 1040 / fps/policy 39.9 / fps/train 4.1e4

Writing metrics: /scratch/midway3/rickybao/dreamerv3_runs/adapt_ax1rbf3q1s0_synth_seed104_ckpt500000/metrics.jsonlWriting metrics: /scratch/midway3/rickybao/dreamerv3_runs/adapt_ax1rbf3q1s0_synth_seed104_ckpt500000/scores.jsonl


--------------------[Agent Step 118_256]--------------------
Metrics filtered by: 'score|length|fps|ratio|train/loss/|train/rand/'
train/loss/con 0.02 / train/loss/distractor 1.14 / train/loss/dyn 12.8 / train/loss/policy -0.02 / train/loss/position 0.34 / train/loss/rep 12.8 / train/loss/repval 1.21 / train/loss/rew 0.08 / train/loss/to_target 0.37 / train/loss/value 1.08 / train/loss/velocity 0.05 / replay/replay_ratio 1040 / fps/policy 40.39 / fps/train 4.1e4

Writing metrics: /scratch/midway3/rickybao/dreamerv3_runs/adapt_ax1rbf3q1s0_synth_seed104_ckpt500000/metrics.jsonl
Writing metrics: /scratch/midway3/rickybao/dreamerv3_runs/adapt_ax1rbf3q1s0_synth_seed104_ckpt500000/scores.jsonl

--------------------[Agent Step 123_104]--------------------
Metrics filtered by: 'score|length|fps|ratio|train/loss/|train/rand/'
train/loss/con 0.02 / train/loss/distractor 1.14 / train/loss/dyn 12.82 / train/loss/policy -0.02 / train/loss/position 0.34 / train/loss/rep 12.82 / train/loss/repval 1.23 / train/loss/rew 0.08 / train/loss/to_target 0.37 / train/loss/value 1.08 / train/loss/velocity 0.05 / replay/replay_ratio 1040 / fps/policy 40.39 / fps/train 4.1e4

Writing metrics: /scratch/midway3/rickybao/dreamerv3_runs/adapt_ax1rbf3q1s0_synth_seed104_ckpt500000/metrics.jsonl
Writing metrics: /scratch/midway3/rickybao/dreamerv3_runs/adapt_ax1rbf3q1s0_synth_seed104_ckpt500000/scores.jsonl
[Wed Jul 22 02:38:07 CDT 2026] adapt adapt_ax1rbf3q1s0_synth_seed104_ckpt500000 rc=0 status=DONE
