[Wed Jul 22 00:50:44 CDT 2026] axis1 child starting RUN_ID=adapt_ax1rbf2q1s0_synth_seed104_ckpt500000 WM_RUN=ax1wm_synth_fq1s0_seed2 job=52486579 host=midway3-0284.rcc.local
[Wed Jul 22 00:50:44 CDT 2026] env prepared: python=/scratch/midway3/rickybao/conda_envs/dreamerv3/bin/python
python_executable=/scratch/midway3/rickybao/conda_envs/dreamerv3/bin/python
[Wed Jul 22 00:50:44 CDT 2026] offline WM already fit: /scratch/midway3/rickybao/dreamerv3_runs/ax1wm_synth_fq1s0_seed2/ckpt/20260718T124620F011231-000000500000 (skipping stage 1)
[Wed Jul 22 00:50:44 CDT 2026] adapt RUN_ID=adapt_ax1rbf2q1s0_synth_seed104_ckpt500000 TASK=synth_reach SEED=104 CKPT=/scratch/midway3/rickybao/dreamerv3_runs/ax1wm_synth_fq1s0_seed2/ckpt/20260718T124620F011231-000000500000 STEPS=1.25e5
---  ___                           __   ______ ---
--- |   \ _ _ ___ __ _ _ __  ___ _ \ \ / /__ / ---
--- | |) | '_/ -_) _` | '  \/ -_) '/\ V / |_ \ ---
--- |___/|_| \___\__,_|_|_|_\___|_|  \_/ |___/ ---
Replica: 0 / 1
Logdir: /scratch/midway3/rickybao/dreamerv3_runs/adapt_ax1rbf2q1s0_synth_seed104_ckpt500000
Run script: train
Observations
  position         Space(float32, shape=(2,), low=-inf, high=inf)
  velocity         Space(float32, shape=(2,), low=-inf, high=inf)
  distractor       Space(float32, shape=(8,), low=-inf, high=inf)
  to_target        Space(float32, shape=(2,), low=-inf, high=inf)
  reward           Space(float32, shape=(), low=-inf, high=inf)
  is_first         Space(bool, shape=(), low=False, high=True)
  is_last          Space(bool, shape=(), low=False, high=True)
  is_terminal      Space(bool, shape=(), low=False, high=True)
Actions
  action           Space(float32, shape=(2,), low=-1.0, high=1.0)
Extras
  consec           Space(int32, shape=(), low=-2147483648, high=2147483647)
  stepid           Space(uint8, shape=(20,), low=0, high=255)
  dyn/deter        Space(float32, shape=(512,), low=-inf, high=inf)
  dyn/stoch        Space(float32, shape=(32, 4), low=-inf, high=inf)
JAX devices (1): [cuda:0]
Policy devices: cuda:0
Train devices:  cuda:0
Initializing parameters...
Optimizer opt has 214,723 params:
        66,111 val
        57,663 rew
        49,796 pol
        41,153 con
Done initializing!
Compiling 1 checkpoint groups...
Largest checkpoint group: 0 GB
Compiling train and report...
Train cost analysis:
  FLOPS:            7.2e+09
  Memory (temp):    1.8e+08
  Memory (inputs):  7.3e+06
  Memory (outputs): 5.9e+06
  Memory (code):    1.5e+06

Report cost analysis:
  FLOPS:            2.0e+06
  Memory (temp):    9.2e+05
  Memory (inputs):  2.7e+06
  Memory (outputs): 2.1e+04
  Memory (code):    9.8e+04

Done compiling!
Loaded pretrained checkpoint with keys: ['dec/mlp/linear0/bias', 'dec/mlp/linear0/kernel', 'dec/mlp/linear1/bias', 'dec/mlp/linear1/kernel', 'dec/mlp/linear2/bias', 'dec/mlp/linear2/kernel', 'dec/mlp/norm0/scale', 'dec/mlp/norm1/scale', 'dec/mlp/norm2/scale', 'dec/vec/distractor/pred/bias', 'dec/vec/distractor/pred/kernel', 'dec/vec/position/pred/bias', 'dec/vec/position/pred/kernel', 'dec/vec/to_target/pred/bias', 'dec/vec/to_target/pred/kernel', 'dec/vec/velocity/pred/bias', 'dec/vec/velocity/pred/kernel', 'dyn/dyngru/bias', 'dyn/dyngru/kernel', 'dyn/dynhid0/bias', 'dyn/dynhid0/kernel', 'dyn/dynhid0norm/scale', 'dyn/dynin0/bias', 'dyn/dynin0/kernel', 'dyn/dynin0norm/scale', 'dyn/dynin1/bias', 'dyn/dynin1/kernel', 'dyn/dynin1norm/scale', 'dyn/dynin2/bias', 'dyn/dynin2/kernel', 'dyn/dynin2norm/scale', 'dyn/obs0/bias', 'dyn/obs0/kernel', 'dyn/obs0norm/scale', 'dyn/obslogit/bias', 'dyn/obslogit/kernel', 'dyn/prior0/bias', 'dyn/prior0/kernel', 'dyn/prior0norm/scale', 'dyn/prior1/bias', 'dyn/prior1/kernel', 'dyn/prior1norm/scale', 'dyn/priorlogit/bias', 'dyn/priorlogit/kernel', 'enc/mlp0/bias', 'enc/mlp0/kernel', 'enc/mlp0norm/scale', 'enc/mlp1/bias', 'enc/mlp1/kernel', 'enc/mlp1norm/scale', 'enc/mlp2/bias', 'enc/mlp2/kernel', 'enc/mlp2norm/scale']
Found existing checkpoint.
Loading checkpoint: /scratch/midway3/rickybao/dreamerv3_runs/adapt_ax1rbf2q1s0_synth_seed104_ckpt500000/ckpt/20260721T155133F780466
Loaded checkpoint.
Start training loop

--------------------[Agent Step 46_432]--------------------
Metrics filtered by: 'score|length|fps|ratio|train/loss/|train/rand/'
train/loss/con 0.02 / train/loss/distractor 1.2 / train/loss/dyn 13.19 / train/loss/policy -0.03 / train/loss/position 0.2 / train/loss/rep 13.19 / train/loss/repval 1.26 / train/loss/rew 0.03 / train/loss/to_target 0.2 / train/loss/value 1.1 / train/loss/velocity 0.04 / replay/replay_ratio 1272.95 / fps/policy 45.57 / fps/train 4.7e4

Writing metrics: /scratch/midway3/rickybao/dreamerv3_runs/adapt_ax1rbf2q1s0_synth_seed104_ckpt500000/metrics.jsonl
Writing metrics: /scratch/midway3/rickybao/dreamerv3_runs/adapt_ax1rbf2q1s0_synth_seed104_ckpt500000/scores.jsonl

--------------------[Agent Step 52_016]--------------------
Metrics filtered by: 'score|length|fps|ratio|train/loss/|train/rand/'
train/loss/con 0.02 / train/loss/distractor 1.2 / train/loss/dyn 13.16 / train/loss/policy -0.03 / train/loss/position 0.19 / train/loss/rep 13.16 / train/loss/repval 1.26 / train/loss/rew 0.03 / train/loss/to_target 0.19 / train/loss/value 1.07 / train/loss/velocity 0.04 / replay/replay_ratio 1040 / fps/policy 46.47 / fps/train 4.8e4

Writing metrics: /scratch/midway3/rickybao/dreamerv3_runs/adapt_ax1rbf2q1s0_synth_seed104_ckpt500000/metrics.jsonlWriting metrics: /scratch/midway3/rickybao/dreamerv3_runs/adapt_ax1rbf2q1s0_synth_seed104_ckpt500000/scores.jsonl


--------------------[Agent Step 57_616]--------------------
Metrics filtered by: 'score|length|fps|ratio|train/loss/|train/rand/'
episode/score 0 / episode/length 1001 / train/loss/con 0.02 / train/loss/distractor 1.2 / train/loss/dyn 13.1 / train/loss/policy -0.03 / train/loss/position 0.2 / train/loss/rep 13.1 / train/loss/repval 1.23 / train/loss/rew 0.04 / train/loss/to_target 0.2 / train/loss/value 1.11 / train/loss/velocity 0.04 / replay/replay_ratio 1040 / fps/policy 46.54 / fps/train 4.8e4

Writing metrics: /scratch/midway3/rickybao/dreamerv3_runs/adapt_ax1rbf2q1s0_synth_seed104_ckpt500000/scores.jsonl
Writing metrics: /scratch/midway3/rickybao/dreamerv3_runs/adapt_ax1rbf2q1s0_synth_seed104_ckpt500000/metrics.jsonl

--------------------[Agent Step 63_216]--------------------
Metrics filtered by: 'score|length|fps|ratio|train/loss/|train/rand/'
train/loss/con 0.02 / train/loss/distractor 1.21 / train/loss/dyn 13.07 / train/loss/policy -0.02 / train/loss/position 0.2 / train/loss/rep 13.07 / train/loss/repval 1.24 / train/loss/rew 0.04 / train/loss/to_target 0.21 / train/loss/value 1.06 / train/loss/velocity 0.03 / replay/replay_ratio 1040 / fps/policy 46.55 / fps/train 4.8e4

Writing metrics: /scratch/midway3/rickybao/dreamerv3_runs/adapt_ax1rbf2q1s0_synth_seed104_ckpt500000/scores.jsonl
Writing metrics: /scratch/midway3/rickybao/dreamerv3_runs/adapt_ax1rbf2q1s0_synth_seed104_ckpt500000/metrics.jsonl

--------------------[Agent Step 68_816]--------------------
Metrics filtered by: 'score|length|fps|ratio|train/loss/|train/rand/'
train/loss/con 0.02 / train/loss/distractor 1.21 / train/loss/dyn 13.04 / train/loss/policy -0.02 / train/loss/position 0.2 / train/loss/rep 13.04 / train/loss/repval 1.24 / train/loss/rew 0.04 / train/loss/to_target 0.21 / train/loss/value 1.03 / train/loss/velocity 0.03 / replay/replay_ratio 1040 / fps/policy 46.55 / fps/train 4.8e4

Writing metrics: /scratch/midway3/rickybao/dreamerv3_runs/adapt_ax1rbf2q1s0_synth_seed104_ckpt500000/scores.jsonlWriting metrics: /scratch/midway3/rickybao/dreamerv3_runs/adapt_ax1rbf2q1s0_synth_seed104_ckpt500000/metrics.jsonl


--------------------[Agent Step 74_416]--------------------
Metrics filtered by: 'score|length|fps|ratio|train/loss/|train/rand/'
episode/score 4 / episode/length 1001 / train/loss/con 0.02 / train/loss/distractor 1.21 / train/loss/dyn 13.04 / train/loss/policy 8.2e-4 / train/loss/position 0.21 / train/loss/rep 13.04 / train/loss/repval 1.31 / train/loss/rew 0.03 / train/loss/to_target 0.21 / train/loss/value 1.02 / train/loss/velocity 0.03 / replay/replay_ratio 1040 / fps/policy 46.55 / fps/train 4.8e4

Writing metrics: /scratch/midway3/rickybao/dreamerv3_runs/adapt_ax1rbf2q1s0_synth_seed104_ckpt500000/scores.jsonl
Writing metrics: /scratch/midway3/rickybao/dreamerv3_runs/adapt_ax1rbf2q1s0_synth_seed104_ckpt500000/metrics.jsonl

--------------------[Agent Step 80_016]--------------------
Metrics filtered by: 'score|length|fps|ratio|train/loss/|train/rand/'
train/loss/con 0.02 / train/loss/distractor 1.21 / train/loss/dyn 13.03 / train/loss/policy -0.03 / train/loss/position 0.21 / train/loss/rep 13.03 / train/loss/repval 1.3 / train/loss/rew 0.03 / train/loss/to_target 0.21 / train/loss/value 1.12 / train/loss/velocity 0.03 / replay/replay_ratio 1040 / fps/policy 46.55 / fps/train 4.8e4

Writing metrics: /scratch/midway3/rickybao/dreamerv3_runs/adapt_ax1rbf2q1s0_synth_seed104_ckpt500000/metrics.jsonlWriting metrics: /scratch/midway3/rickybao/dreamerv3_runs/adapt_ax1rbf2q1s0_synth_seed104_ckpt500000/scores.jsonl

Saving checkpoint: /scratch/midway3/rickybao/dreamerv3_runs/adapt_ax1rbf2q1s0_synth_seed104_ckpt500000/ckpt/20260722T010616F094744
Saved checkpoint.

--------------------[Agent Step 85_536]--------------------
Metrics filtered by: 'score|length|fps|ratio|train/loss/|train/rand/'
train/loss/con 0.02 / train/loss/distractor 1.21 / train/loss/dyn 13.05 / train/loss/policy -0.02 / train/loss/position 0.21 / train/loss/rep 13.05 / train/loss/repval 1.31 / train/loss/rew 0.03 / train/loss/to_target 0.21 / train/loss/value 1.11 / train/loss/velocity 0.03 / replay/replay_ratio 1040 / fps/policy 45.96 / fps/train 4.7e4

Writing metrics: /scratch/midway3/rickybao/dreamerv3_runs/adapt_ax1rbf2q1s0_synth_seed104_ckpt500000/scores.jsonlWriting metrics: /scratch/midway3/rickybao/dreamerv3_runs/adapt_ax1rbf2q1s0_synth_seed104_ckpt500000/metrics.jsonl


--------------------[Agent Step 91_136]--------------------
Metrics filtered by: 'score|length|fps|ratio|train/loss/|train/rand/'
episode/score 27 / episode/length 1001 / train/loss/con 0.02 / train/loss/distractor 1.2 / train/loss/dyn 13.14 / train/loss/policy -0.02 / train/loss/position 0.21 / train/loss/rep 13.14 / train/loss/repval 1.23 / train/loss/rew 0.03 / train/loss/to_target 0.21 / train/loss/value 1.03 / train/loss/velocity 0.03 / replay/replay_ratio 1040 / fps/policy 46.54 / fps/train 4.8e4

Writing metrics: /scratch/midway3/rickybao/dreamerv3_runs/adapt_ax1rbf2q1s0_synth_seed104_ckpt500000/metrics.jsonl
Writing metrics: /scratch/midway3/rickybao/dreamerv3_runs/adapt_ax1rbf2q1s0_synth_seed104_ckpt500000/scores.jsonl

--------------------[Agent Step 96_736]--------------------
Metrics filtered by: 'score|length|fps|ratio|train/loss/|train/rand/'
train/loss/con 0.02 / train/loss/distractor 1.2 / train/loss/dyn 13.14 / train/loss/policy -0.03 / train/loss/position 0.22 / train/loss/rep 13.14 / train/loss/repval 1.29 / train/loss/rew 0.03 / train/loss/to_target 0.21 / train/loss/value 1.07 / train/loss/velocity 0.03 / replay/replay_ratio 1040 / fps/policy 46.54 / fps/train 4.8e4

Writing metrics: /scratch/midway3/rickybao/dreamerv3_runs/adapt_ax1rbf2q1s0_synth_seed104_ckpt500000/scores.jsonlWriting metrics: /scratch/midway3/rickybao/dreamerv3_runs/adapt_ax1rbf2q1s0_synth_seed104_ckpt500000/metrics.jsonl


--------------------[Agent Step 102_336]--------------------
Metrics filtered by: 'score|length|fps|ratio|train/loss/|train/rand/'
train/loss/con 0.02 / train/loss/distractor 1.21 / train/loss/dyn 13.13 / train/loss/policy -0.03 / train/loss/position 0.22 / train/loss/rep 13.13 / train/loss/repval 1.26 / train/loss/rew 0.03 / train/loss/to_target 0.21 / train/loss/value 1.05 / train/loss/velocity 0.03 / replay/replay_ratio 1040 / fps/policy 46.54 / fps/train 4.8e4

Writing metrics: /scratch/midway3/rickybao/dreamerv3_runs/adapt_ax1rbf2q1s0_synth_seed104_ckpt500000/scores.jsonlWriting metrics: /scratch/midway3/rickybao/dreamerv3_runs/adapt_ax1rbf2q1s0_synth_seed104_ckpt500000/metrics.jsonl


--------------------[Agent Step 107_920]--------------------
Metrics filtered by: 'score|length|fps|ratio|train/loss/|train/rand/'
episode/score 2 / episode/length 1001 / train/loss/con 0.02 / train/loss/distractor 1.2 / train/loss/dyn 13.16 / train/loss/policy -0.03 / train/loss/position 0.22 / train/loss/rep 13.16 / train/loss/repval 1.18 / train/loss/rew 0.03 / train/loss/to_target 0.22 / train/loss/value 1.1 / train/loss/velocity 0.03 / replay/replay_ratio 1040 / fps/policy 46.5 / fps/train 4.8e4

Writing metrics: /scratch/midway3/rickybao/dreamerv3_runs/adapt_ax1rbf2q1s0_synth_seed104_ckpt500000/metrics.jsonlWriting metrics: /scratch/midway3/rickybao/dreamerv3_runs/adapt_ax1rbf2q1s0_synth_seed104_ckpt500000/scores.jsonl


--------------------[Agent Step 113_520]--------------------
Metrics filtered by: 'score|length|fps|ratio|train/loss/|train/rand/'
train/loss/con 0.02 / train/loss/distractor 1.2 / train/loss/dyn 13.13 / train/loss/policy -0.02 / train/loss/position 0.22 / train/loss/rep 13.13 / train/loss/repval 1.22 / train/loss/rew 0.03 / train/loss/to_target 0.22 / train/loss/value 1.03 / train/loss/velocity 0.03 / replay/replay_ratio 1040 / fps/policy 46.54 / fps/train 4.8e4

Writing metrics: /scratch/midway3/rickybao/dreamerv3_runs/adapt_ax1rbf2q1s0_synth_seed104_ckpt500000/scores.jsonlWriting metrics: /scratch/midway3/rickybao/dreamerv3_runs/adapt_ax1rbf2q1s0_synth_seed104_ckpt500000/metrics.jsonl


--------------------[Agent Step 119_120]--------------------
Metrics filtered by: 'score|length|fps|ratio|train/loss/|train/rand/'
train/loss/con 0.02 / train/loss/distractor 1.21 / train/loss/dyn 13.14 / train/loss/policy -0.02 / train/loss/position 0.22 / train/loss/rep 13.14 / train/loss/repval 1.23 / train/loss/rew 0.03 / train/loss/to_target 0.22 / train/loss/value 1.04 / train/loss/velocity 0.03 / replay/replay_ratio 1040 / fps/policy 46.54 / fps/train 4.8e4

Writing metrics: /scratch/midway3/rickybao/dreamerv3_runs/adapt_ax1rbf2q1s0_synth_seed104_ckpt500000/metrics.jsonl
Writing metrics: /scratch/midway3/rickybao/dreamerv3_runs/adapt_ax1rbf2q1s0_synth_seed104_ckpt500000/scores.jsonl
Saving checkpoint: /scratch/midway3/rickybao/dreamerv3_runs/adapt_ax1rbf2q1s0_synth_seed104_ckpt500000/ckpt/20260722T012116F353428
Saved checkpoint.

--------------------[Agent Step 124_640]--------------------
Metrics filtered by: 'score|length|fps|ratio|train/loss/|train/rand/'
episode/score 0 / episode/length 1001 / train/loss/con 0.02 / train/loss/distractor 1.21 / train/loss/dyn 13.21 / train/loss/policy -0.04 / train/loss/position 0.22 / train/loss/rep 13.21 / train/loss/repval 1.26 / train/loss/rew 0.04 / train/loss/to_target 0.22 / train/loss/value 1.07 / train/loss/velocity 0.02 / replay/replay_ratio 1040 / fps/policy 45.99 / fps/train 4.7e4

Writing metrics: /scratch/midway3/rickybao/dreamerv3_runs/adapt_ax1rbf2q1s0_synth_seed104_ckpt500000/scores.jsonlWriting metrics: /scratch/midway3/rickybao/dreamerv3_runs/adapt_ax1rbf2q1s0_synth_seed104_ckpt500000/metrics.jsonl

[Wed Jul 22 01:21:29 CDT 2026] adapt adapt_ax1rbf2q1s0_synth_seed104_ckpt500000 rc=0 status=DONE
