[Wed Jul 22 01:49:08 CDT 2026] axis1 child starting RUN_ID=adapt_ax1rbf3q1s0_synth_seed105_ckpt500000 WM_RUN=ax1wm_synth_fq1s0_seed3 job=52486583 host=midway3-0284.rcc.local
[Wed Jul 22 01:49:08 CDT 2026] env prepared: python=/scratch/midway3/rickybao/conda_envs/dreamerv3/bin/python
python_executable=/scratch/midway3/rickybao/conda_envs/dreamerv3/bin/python
[Wed Jul 22 01:49:08 CDT 2026] offline WM already fit: /scratch/midway3/rickybao/dreamerv3_runs/ax1wm_synth_fq1s0_seed3/ckpt/20260718T124402F315467-000000500000 (skipping stage 1)
[Wed Jul 22 01:49:08 CDT 2026] adapt RUN_ID=adapt_ax1rbf3q1s0_synth_seed105_ckpt500000 TASK=synth_reach SEED=105 CKPT=/scratch/midway3/rickybao/dreamerv3_runs/ax1wm_synth_fq1s0_seed3/ckpt/20260718T124402F315467-000000500000 STEPS=1.25e5
---  ___                           __   ______ ---
--- |   \ _ _ ___ __ _ _ __  ___ _ \ \ / /__ / ---
--- | |) | '_/ -_) _` | '  \/ -_) '/\ V / |_ \ ---
--- |___/|_| \___\__,_|_|_|_\___|_|  \_/ |___/ ---
Replica: 0 / 1
Logdir: /scratch/midway3/rickybao/dreamerv3_runs/adapt_ax1rbf3q1s0_synth_seed105_ckpt500000
Run script: train
Observations
  position         Space(float32, shape=(2,), low=-inf, high=inf)
  velocity         Space(float32, shape=(2,), low=-inf, high=inf)
  distractor       Space(float32, shape=(8,), low=-inf, high=inf)
  to_target        Space(float32, shape=(2,), low=-inf, high=inf)
  reward           Space(float32, shape=(), low=-inf, high=inf)
  is_first         Space(bool, shape=(), low=False, high=True)
  is_last          Space(bool, shape=(), low=False, high=True)
  is_terminal      Space(bool, shape=(), low=False, high=True)
Actions
  action           Space(float32, shape=(2,), low=-1.0, high=1.0)
Extras
  consec           Space(int32, shape=(), low=-2147483648, high=2147483647)
  stepid           Space(uint8, shape=(20,), low=0, high=255)
  dyn/deter        Space(float32, shape=(512,), low=-inf, high=inf)
  dyn/stoch        Space(float32, shape=(32, 4), low=-inf, high=inf)
JAX devices (1): [cuda:0]
Policy devices: cuda:0
Train devices:  cuda:0
Initializing parameters...
Optimizer opt has 214,723 params:
        66,111 val
        57,663 rew
        49,796 pol
        41,153 con
Done initializing!
Compiling 1 checkpoint groups...
Largest checkpoint group: 0 GB
Compiling train and report...
Train cost analysis:
  FLOPS:            7.2e+09
  Memory (temp):    1.8e+08
  Memory (inputs):  7.3e+06
  Memory (outputs): 5.9e+06
  Memory (code):    1.5e+06

Report cost analysis:
  FLOPS:            2.0e+06
  Memory (temp):    9.2e+05
  Memory (inputs):  2.7e+06
  Memory (outputs): 2.1e+04
  Memory (code):    9.8e+04

Done compiling!
Loaded pretrained checkpoint with keys: ['dec/mlp/linear0/bias', 'dec/mlp/linear0/kernel', 'dec/mlp/linear1/bias', 'dec/mlp/linear1/kernel', 'dec/mlp/linear2/bias', 'dec/mlp/linear2/kernel', 'dec/mlp/norm0/scale', 'dec/mlp/norm1/scale', 'dec/mlp/norm2/scale', 'dec/vec/distractor/pred/bias', 'dec/vec/distractor/pred/kernel', 'dec/vec/position/pred/bias', 'dec/vec/position/pred/kernel', 'dec/vec/to_target/pred/bias', 'dec/vec/to_target/pred/kernel', 'dec/vec/velocity/pred/bias', 'dec/vec/velocity/pred/kernel', 'dyn/dyngru/bias', 'dyn/dyngru/kernel', 'dyn/dynhid0/bias', 'dyn/dynhid0/kernel', 'dyn/dynhid0norm/scale', 'dyn/dynin0/bias', 'dyn/dynin0/kernel', 'dyn/dynin0norm/scale', 'dyn/dynin1/bias', 'dyn/dynin1/kernel', 'dyn/dynin1norm/scale', 'dyn/dynin2/bias', 'dyn/dynin2/kernel', 'dyn/dynin2norm/scale', 'dyn/obs0/bias', 'dyn/obs0/kernel', 'dyn/obs0norm/scale', 'dyn/obslogit/bias', 'dyn/obslogit/kernel', 'dyn/prior0/bias', 'dyn/prior0/kernel', 'dyn/prior0norm/scale', 'dyn/prior1/bias', 'dyn/prior1/kernel', 'dyn/prior1norm/scale', 'dyn/priorlogit/bias', 'dyn/priorlogit/kernel', 'enc/mlp0/bias', 'enc/mlp0/kernel', 'enc/mlp0norm/scale', 'enc/mlp1/bias', 'enc/mlp1/kernel', 'enc/mlp1norm/scale', 'enc/mlp2/bias', 'enc/mlp2/kernel', 'enc/mlp2norm/scale']
Did not find any checkpoint.
Saving checkpoint: /scratch/midway3/rickybao/dreamerv3_runs/adapt_ax1rbf3q1s0_synth_seed105_ckpt500000/ckpt/20260722T014934F841890
Saved checkpoint.
Start training loop

--------------------[Agent Step 7_600]--------------------
Metrics filtered by: 'score|length|fps|ratio|train/loss/|train/rand/'
train/loss/con 0.06 / train/loss/distractor 1.14 / train/loss/dyn 11.66 / train/loss/policy 0.04 / train/loss/position 0.27 / train/loss/rep 11.66 / train/loss/repval 2.76 / train/loss/rew 0.91 / train/loss/to_target 0.21 / train/loss/value 1.69 / train/loss/velocity 7.1e-3 / replay/replay_ratio 878.37 / fps/policy 62.24 / fps/train 4.7e4

Writing metrics: /scratch/midway3/rickybao/dreamerv3_runs/adapt_ax1rbf3q1s0_synth_seed105_ckpt500000/metrics.jsonl
Writing metrics: /scratch/midway3/rickybao/dreamerv3_runs/adapt_ax1rbf3q1s0_synth_seed105_ckpt500000/scores.jsonl

--------------------[Agent Step 13_184]--------------------
Metrics filtered by: 'score|length|fps|ratio|train/loss/|train/rand/'
train/loss/con 0.02 / train/loss/distractor 1.12 / train/loss/dyn 12.14 / train/loss/policy 0.01 / train/loss/position 0.29 / train/loss/rep 12.14 / train/loss/repval 1.59 / train/loss/rew 0.03 / train/loss/to_target 0.27 / train/loss/value 1.37 / train/loss/velocity 0.02 / replay/replay_ratio 1040 / fps/policy 46.48 / fps/train 4.8e4

Writing metrics: /scratch/midway3/rickybao/dreamerv3_runs/adapt_ax1rbf3q1s0_synth_seed105_ckpt500000/scores.jsonlWriting metrics: /scratch/midway3/rickybao/dreamerv3_runs/adapt_ax1rbf3q1s0_synth_seed105_ckpt500000/metrics.jsonl


--------------------[Agent Step 18_768]--------------------
Metrics filtered by: 'score|length|fps|ratio|train/loss/|train/rand/'
episode/score 12 / episode/length 1001 / train/loss/con 0.02 / train/loss/distractor 1.14 / train/loss/dyn 12.54 / train/loss/policy 0.04 / train/loss/position 0.27 / train/loss/rep 12.54 / train/loss/repval 1.51 / train/loss/rew 0.03 / train/loss/to_target 0.26 / train/loss/value 1.26 / train/loss/velocity 0.03 / replay/replay_ratio 1040 / fps/policy 46.46 / fps/train 4.8e4

Writing metrics: /scratch/midway3/rickybao/dreamerv3_runs/adapt_ax1rbf3q1s0_synth_seed105_ckpt500000/metrics.jsonl
Writing metrics: /scratch/midway3/rickybao/dreamerv3_runs/adapt_ax1rbf3q1s0_synth_seed105_ckpt500000/scores.jsonl

--------------------[Agent Step 24_352]--------------------
Metrics filtered by: 'score|length|fps|ratio|train/loss/|train/rand/'
train/loss/con 0.02 / train/loss/distractor 1.15 / train/loss/dyn 12.67 / train/loss/policy 0.02 / train/loss/position 0.28 / train/loss/rep 12.67 / train/loss/repval 1.41 / train/loss/rew 0.05 / train/loss/to_target 0.28 / train/loss/value 1.08 / train/loss/velocity 0.04 / replay/replay_ratio 1040 / fps/policy 46.46 / fps/train 4.8e4

Writing metrics: /scratch/midway3/rickybao/dreamerv3_runs/adapt_ax1rbf3q1s0_synth_seed105_ckpt500000/metrics.jsonlWriting metrics: /scratch/midway3/rickybao/dreamerv3_runs/adapt_ax1rbf3q1s0_synth_seed105_ckpt500000/scores.jsonl


--------------------[Agent Step 29_936]--------------------
Metrics filtered by: 'score|length|fps|ratio|train/loss/|train/rand/'
train/loss/con 0.02 / train/loss/distractor 1.15 / train/loss/dyn 12.81 / train/loss/policy -0.03 / train/loss/position 0.33 / train/loss/rep 12.81 / train/loss/repval 1.37 / train/loss/rew 0.07 / train/loss/to_target 0.35 / train/loss/value 1.07 / train/loss/velocity 0.04 / replay/replay_ratio 1040 / fps/policy 46.46 / fps/train 4.8e4

Writing metrics: /scratch/midway3/rickybao/dreamerv3_runs/adapt_ax1rbf3q1s0_synth_seed105_ckpt500000/scores.jsonlWriting metrics: /scratch/midway3/rickybao/dreamerv3_runs/adapt_ax1rbf3q1s0_synth_seed105_ckpt500000/metrics.jsonl


--------------------[Agent Step 35_520]--------------------
Metrics filtered by: 'score|length|fps|ratio|train/loss/|train/rand/'
episode/score 56 / episode/length 1001 / train/loss/con 0.02 / train/loss/distractor 1.15 / train/loss/dyn 12.95 / train/loss/policy -0.04 / train/loss/position 0.37 / train/loss/rep 12.95 / train/loss/repval 1.29 / train/loss/rew 0.08 / train/loss/to_target 0.4 / train/loss/value 1.04 / train/loss/velocity 0.04 / replay/replay_ratio 1040 / fps/policy 46.46 / fps/train 4.8e4

Writing metrics: /scratch/midway3/rickybao/dreamerv3_runs/adapt_ax1rbf3q1s0_synth_seed105_ckpt500000/scores.jsonlWriting metrics: /scratch/midway3/rickybao/dreamerv3_runs/adapt_ax1rbf3q1s0_synth_seed105_ckpt500000/metrics.jsonl


--------------------[Agent Step 41_104]--------------------
Metrics filtered by: 'score|length|fps|ratio|train/loss/|train/rand/'
train/loss/con 0.02 / train/loss/distractor 1.16 / train/loss/dyn 12.98 / train/loss/policy -0.03 / train/loss/position 0.38 / train/loss/rep 12.98 / train/loss/repval 1.24 / train/loss/rew 0.09 / train/loss/to_target 0.41 / train/loss/value 1.04 / train/loss/velocity 0.04 / replay/replay_ratio 1040 / fps/policy 46.4 / fps/train 4.8e4

Writing metrics: /scratch/midway3/rickybao/dreamerv3_runs/adapt_ax1rbf3q1s0_synth_seed105_ckpt500000/metrics.jsonlWriting metrics: /scratch/midway3/rickybao/dreamerv3_runs/adapt_ax1rbf3q1s0_synth_seed105_ckpt500000/scores.jsonl

Saving checkpoint: /scratch/midway3/rickybao/dreamerv3_runs/adapt_ax1rbf3q1s0_synth_seed105_ckpt500000/ckpt/20260722T020436F428542
Saved checkpoint.

--------------------[Agent Step 46_592]--------------------
Metrics filtered by: 'score|length|fps|ratio|train/loss/|train/rand/'
train/loss/con 0.02 / train/loss/distractor 1.15 / train/loss/dyn 13.01 / train/loss/policy -0.05 / train/loss/position 0.4 / train/loss/rep 13.01 / train/loss/repval 1.21 / train/loss/rew 0.1 / train/loss/to_target 0.44 / train/loss/value 1.03 / train/loss/velocity 0.04 / replay/replay_ratio 1040 / fps/policy 45.72 / fps/train 4.7e4

Writing metrics: /scratch/midway3/rickybao/dreamerv3_runs/adapt_ax1rbf3q1s0_synth_seed105_ckpt500000/metrics.jsonlWriting metrics: /scratch/midway3/rickybao/dreamerv3_runs/adapt_ax1rbf3q1s0_synth_seed105_ckpt500000/scores.jsonl


--------------------[Agent Step 52_176]--------------------
Metrics filtered by: 'score|length|fps|ratio|train/loss/|train/rand/'
episode/score 117 / episode/length 1001 / train/loss/con 0.02 / train/loss/distractor 1.15 / train/loss/dyn 12.99 / train/loss/policy -0.05 / train/loss/position 0.4 / train/loss/rep 12.99 / train/loss/repval 1.17 / train/loss/rew 0.11 / train/loss/to_target 0.44 / train/loss/value 1.06 / train/loss/velocity 0.04 / replay/replay_ratio 1040 / fps/policy 46.47 / fps/train 4.8e4

Writing metrics: /scratch/midway3/rickybao/dreamerv3_runs/adapt_ax1rbf3q1s0_synth_seed105_ckpt500000/metrics.jsonl
Writing metrics: /scratch/midway3/rickybao/dreamerv3_runs/adapt_ax1rbf3q1s0_synth_seed105_ckpt500000/scores.jsonl

--------------------[Agent Step 57_760]--------------------
Metrics filtered by: 'score|length|fps|ratio|train/loss/|train/rand/'
train/loss/con 0.02 / train/loss/distractor 1.15 / train/loss/dyn 13 / train/loss/policy -0.03 / train/loss/position 0.4 / train/loss/rep 13 / train/loss/repval 1.16 / train/loss/rew 0.12 / train/loss/to_target 0.45 / train/loss/value 1.13 / train/loss/velocity 0.04 / replay/replay_ratio 1040 / fps/policy 46.47 / fps/train 4.8e4

Writing metrics: /scratch/midway3/rickybao/dreamerv3_runs/adapt_ax1rbf3q1s0_synth_seed105_ckpt500000/metrics.jsonl
Writing metrics: /scratch/midway3/rickybao/dreamerv3_runs/adapt_ax1rbf3q1s0_synth_seed105_ckpt500000/scores.jsonl

--------------------[Agent Step 63_344]--------------------
Metrics filtered by: 'score|length|fps|ratio|train/loss/|train/rand/'
train/loss/con 0.02 / train/loss/distractor 1.16 / train/loss/dyn 12.97 / train/loss/policy -0.03 / train/loss/position 0.4 / train/loss/rep 12.97 / train/loss/repval 1.17 / train/loss/rew 0.14 / train/loss/to_target 0.46 / train/loss/value 1.11 / train/loss/velocity 0.04 / replay/replay_ratio 1040 / fps/policy 46.46 / fps/train 4.8e4

Writing metrics: /scratch/midway3/rickybao/dreamerv3_runs/adapt_ax1rbf3q1s0_synth_seed105_ckpt500000/scores.jsonlWriting metrics: /scratch/midway3/rickybao/dreamerv3_runs/adapt_ax1rbf3q1s0_synth_seed105_ckpt500000/metrics.jsonl


--------------------[Agent Step 68_928]--------------------
Metrics filtered by: 'score|length|fps|ratio|train/loss/|train/rand/'
episode/score 91 / episode/length 1001 / train/loss/con 0.02 / train/loss/distractor 1.16 / train/loss/dyn 12.97 / train/loss/policy -0.04 / train/loss/position 0.4 / train/loss/rep 12.97 / train/loss/repval 1.15 / train/loss/rew 0.15 / train/loss/to_target 0.46 / train/loss/value 0.91 / train/loss/velocity 0.04 / replay/replay_ratio 1040 / fps/policy 46.46 / fps/train 4.8e4

Writing metrics: /scratch/midway3/rickybao/dreamerv3_runs/adapt_ax1rbf3q1s0_synth_seed105_ckpt500000/scores.jsonlWriting metrics: /scratch/midway3/rickybao/dreamerv3_runs/adapt_ax1rbf3q1s0_synth_seed105_ckpt500000/metrics.jsonl


--------------------[Agent Step 74_512]--------------------
Metrics filtered by: 'score|length|fps|ratio|train/loss/|train/rand/'
train/loss/con 0.02 / train/loss/distractor 1.15 / train/loss/dyn 12.91 / train/loss/policy -0.03 / train/loss/position 0.4 / train/loss/rep 12.91 / train/loss/repval 1.15 / train/loss/rew 0.15 / train/loss/to_target 0.46 / train/loss/value 0.87 / train/loss/velocity 0.04 / replay/replay_ratio 1040 / fps/policy 46.46 / fps/train 4.8e4

Writing metrics: /scratch/midway3/rickybao/dreamerv3_runs/adapt_ax1rbf3q1s0_synth_seed105_ckpt500000/metrics.jsonlWriting metrics: /scratch/midway3/rickybao/dreamerv3_runs/adapt_ax1rbf3q1s0_synth_seed105_ckpt500000/scores.jsonl


--------------------[Agent Step 80_096]--------------------
Metrics filtered by: 'score|length|fps|ratio|train/loss/|train/rand/'
episode/score 170 / episode/length 1001 / train/loss/con 0.02 / train/loss/distractor 1.16 / train/loss/dyn 12.94 / train/loss/policy -0.04 / train/loss/position 0.4 / train/loss/rep 12.94 / train/loss/repval 1.14 / train/loss/rew 0.17 / train/loss/to_target 0.46 / train/loss/value 1.05 / train/loss/velocity 0.04 / replay/replay_ratio 1040 / fps/policy 46.46 / fps/train 4.8e4

Writing metrics: /scratch/midway3/rickybao/dreamerv3_runs/adapt_ax1rbf3q1s0_synth_seed105_ckpt500000/metrics.jsonl
Writing metrics: /scratch/midway3/rickybao/dreamerv3_runs/adapt_ax1rbf3q1s0_synth_seed105_ckpt500000/scores.jsonl
Saving checkpoint: /scratch/midway3/rickybao/dreamerv3_runs/adapt_ax1rbf3q1s0_synth_seed105_ckpt500000/ckpt/20260722T021936F463013
Saved checkpoint.

--------------------[Agent Step 85_616]--------------------
Metrics filtered by: 'score|length|fps|ratio|train/loss/|train/rand/'
train/loss/con 0.02 / train/loss/distractor 1.16 / train/loss/dyn 12.95 / train/loss/policy -0.03 / train/loss/position 0.4 / train/loss/rep 12.95 / train/loss/repval 1.14 / train/loss/rew 0.17 / train/loss/to_target 0.46 / train/loss/value 1.11 / train/loss/velocity 0.04 / replay/replay_ratio 1040 / fps/policy 45.88 / fps/train 4.7e4

Writing metrics: /scratch/midway3/rickybao/dreamerv3_runs/adapt_ax1rbf3q1s0_synth_seed105_ckpt500000/metrics.jsonlWriting metrics: /scratch/midway3/rickybao/dreamerv3_runs/adapt_ax1rbf3q1s0_synth_seed105_ckpt500000/scores.jsonl


--------------------[Agent Step 91_200]--------------------
Metrics filtered by: 'score|length|fps|ratio|train/loss/|train/rand/'
train/loss/con 0.02 / train/loss/distractor 1.16 / train/loss/dyn 12.94 / train/loss/policy -0.03 / train/loss/position 0.41 / train/loss/rep 12.94 / train/loss/repval 1.13 / train/loss/rew 0.18 / train/loss/to_target 0.47 / train/loss/value 1.05 / train/loss/velocity 0.04 / replay/replay_ratio 1040 / fps/policy 46.44 / fps/train 4.8e4

Writing metrics: /scratch/midway3/rickybao/dreamerv3_runs/adapt_ax1rbf3q1s0_synth_seed105_ckpt500000/scores.jsonlWriting metrics: /scratch/midway3/rickybao/dreamerv3_runs/adapt_ax1rbf3q1s0_synth_seed105_ckpt500000/metrics.jsonl


--------------------[Agent Step 96_784]--------------------
Metrics filtered by: 'score|length|fps|ratio|train/loss/|train/rand/'
episode/score 152 / episode/length 1001 / train/loss/con 0.02 / train/loss/distractor 1.16 / train/loss/dyn 12.93 / train/loss/policy -0.03 / train/loss/position 0.41 / train/loss/rep 12.93 / train/loss/repval 1.12 / train/loss/rew 0.19 / train/loss/to_target 0.47 / train/loss/value 0.97 / train/loss/velocity 0.04 / replay/replay_ratio 1040 / fps/policy 46.47 / fps/train 4.8e4

Writing metrics: /scratch/midway3/rickybao/dreamerv3_runs/adapt_ax1rbf3q1s0_synth_seed105_ckpt500000/metrics.jsonl
Writing metrics: /scratch/midway3/rickybao/dreamerv3_runs/adapt_ax1rbf3q1s0_synth_seed105_ckpt500000/scores.jsonl

--------------------[Agent Step 102_368]--------------------
Metrics filtered by: 'score|length|fps|ratio|train/loss/|train/rand/'
train/loss/con 0.02 / train/loss/distractor 1.16 / train/loss/dyn 12.93 / train/loss/policy -0.02 / train/loss/position 0.41 / train/loss/rep 12.93 / train/loss/repval 1.13 / train/loss/rew 0.19 / train/loss/to_target 0.47 / train/loss/value 0.86 / train/loss/velocity 0.04 / replay/replay_ratio 1040 / fps/policy 46.46 / fps/train 4.8e4

Writing metrics: /scratch/midway3/rickybao/dreamerv3_runs/adapt_ax1rbf3q1s0_synth_seed105_ckpt500000/metrics.jsonl
Writing metrics: /scratch/midway3/rickybao/dreamerv3_runs/adapt_ax1rbf3q1s0_synth_seed105_ckpt500000/scores.jsonl

--------------------[Agent Step 107_952]--------------------
Metrics filtered by: 'score|length|fps|ratio|train/loss/|train/rand/'
train/loss/con 0.02 / train/loss/distractor 1.17 / train/loss/dyn 12.94 / train/loss/policy -0.02 / train/loss/position 0.41 / train/loss/rep 12.94 / train/loss/repval 1.17 / train/loss/rew 0.2 / train/loss/to_target 0.47 / train/loss/value 0.88 / train/loss/velocity 0.04 / replay/replay_ratio 1040 / fps/policy 46.46 / fps/train 4.8e4

Writing metrics: /scratch/midway3/rickybao/dreamerv3_runs/adapt_ax1rbf3q1s0_synth_seed105_ckpt500000/metrics.jsonlWriting metrics: /scratch/midway3/rickybao/dreamerv3_runs/adapt_ax1rbf3q1s0_synth_seed105_ckpt500000/scores.jsonl


--------------------[Agent Step 113_520]--------------------
Metrics filtered by: 'score|length|fps|ratio|train/loss/|train/rand/'
episode/score 215 / episode/length 1001 / train/loss/con 0.02 / train/loss/distractor 1.17 / train/loss/dyn 12.95 / train/loss/policy -0.03 / train/loss/position 0.41 / train/loss/rep 12.95 / train/loss/repval 1.13 / train/loss/rew 0.21 / train/loss/to_target 0.48 / train/loss/value 0.85 / train/loss/velocity 0.04 / replay/replay_ratio 1040 / fps/policy 46.37 / fps/train 4.7e4

Writing metrics: /scratch/midway3/rickybao/dreamerv3_runs/adapt_ax1rbf3q1s0_synth_seed105_ckpt500000/scores.jsonlWriting metrics: /scratch/midway3/rickybao/dreamerv3_runs/adapt_ax1rbf3q1s0_synth_seed105_ckpt500000/metrics.jsonl


--------------------[Agent Step 119_104]--------------------
Metrics filtered by: 'score|length|fps|ratio|train/loss/|train/rand/'
train/loss/con 0.02 / train/loss/distractor 1.17 / train/loss/dyn 12.95 / train/loss/policy -0.02 / train/loss/position 0.41 / train/loss/rep 12.95 / train/loss/repval 1.12 / train/loss/rew 0.21 / train/loss/to_target 0.47 / train/loss/value 0.85 / train/loss/velocity 0.04 / replay/replay_ratio 1040 / fps/policy 46.46 / fps/train 4.8e4

Writing metrics: /scratch/midway3/rickybao/dreamerv3_runs/adapt_ax1rbf3q1s0_synth_seed105_ckpt500000/scores.jsonlWriting metrics: /scratch/midway3/rickybao/dreamerv3_runs/adapt_ax1rbf3q1s0_synth_seed105_ckpt500000/metrics.jsonl


--------------------[Agent Step 124_688]--------------------
Metrics filtered by: 'score|length|fps|ratio|train/loss/|train/rand/'
train/loss/con 0.02 / train/loss/distractor 1.17 / train/loss/dyn 12.95 / train/loss/policy -0.02 / train/loss/position 0.41 / train/loss/rep 12.95 / train/loss/repval 1.12 / train/loss/rew 0.22 / train/loss/to_target 0.48 / train/loss/value 0.84 / train/loss/velocity 0.04 / replay/replay_ratio 1040 / fps/policy 46.46 / fps/train 4.8e4

Writing metrics: /scratch/midway3/rickybao/dreamerv3_runs/adapt_ax1rbf3q1s0_synth_seed105_ckpt500000/scores.jsonl
Writing metrics: /scratch/midway3/rickybao/dreamerv3_runs/adapt_ax1rbf3q1s0_synth_seed105_ckpt500000/metrics.jsonl
[Wed Jul 22 02:33:48 CDT 2026] adapt adapt_ax1rbf3q1s0_synth_seed105_ckpt500000 rc=0 status=DONE
