[Sun Jul 26 13:14:11 CDT 2026] E4 measure ax1wm_finger_fs12q1s0_seed1
Observations
  reward           Space(float32, shape=(), low=-inf, high=inf)
  is_first         Space(bool, shape=(), low=False, high=True)
  is_last          Space(bool, shape=(), low=False, high=True)
  is_terminal      Space(bool, shape=(), low=False, high=True)
  position         Space(float32, shape=(4,), low=-inf, high=inf)
  velocity         Space(float32, shape=(3,), low=-inf, high=inf)
  touch            Space(float32, shape=(2,), low=-inf, high=inf)
  target_position  Space(float32, shape=(2,), low=-inf, high=inf)
  dist_to_target   Space(float32, shape=(), low=-inf, high=inf)
Actions
  action           Space(float32, shape=(2,), low=-1.0, high=1.0)
Extras
  consec           Space(int32, shape=(), low=-2147483648, high=2147483647)
  stepid           Space(uint8, shape=(20,), low=0, high=255)
  dyn/deter        Space(float32, shape=(2048,), low=-inf, high=inf)
  dyn/stoch        Space(float32, shape=(32, 16), low=-inf, high=inf)
JAX devices (1): [cuda:0]
Policy devices: cuda:0
Train devices:  cuda:0
Initializing parameters...
Optimizer opt has 9,007,376 params:
     5,782,016 dyn
       853,503 val
       791,052 dec
       788,996 pol
       656,129 con
       135,680 enc
Done initializing!
Compiling 1 checkpoint groups...
Largest checkpoint group: 0 GB
Loading checkpoint: /scratch/midway3/rickybao/dreamerv3_runs/ax1wm_finger_fs12q1s0_seed1/ckpt/20260721T110301F693233-000000500000
Loaded checkpoint.
ax1wm_finger_fs12q1s0_seed1: expl.mode=apt reward_aware=False horizons=(1, 5, 20) probes 60x1001
  episodes 0-3
  episodes 4-7
  episodes 8-11
  episodes 12-15
  episodes 16-19
  episodes 20-23
  episodes 24-27
  episodes 28-31
  episodes 32-35
  episodes 36-39
  episodes 40-43
  episodes 44-47
  episodes 48-51
  episodes 52-55
  episodes 56-59
  h0: all=0.3658 in=0.3511 out=0.3673 rew=0.3508 norew=0.3673
  h1: all=0.6464 in=0.5421 out=0.6567 rew=0.5421 norew=0.6567
  h5: all=1.1531 in=0.9399 out=1.1744 rew=0.9399 norew=1.1744
  h20: all=1.9767 in=1.3437 out=2.0399 rew=1.3437 norew=2.0399
-> /scratch/midway3/rickybao/dreamerv3_runs/ax1wm_finger_fs12q1s0_seed1/e4_finger_v1
[Sun Jul 26 13:14:35 CDT 2026] E4 measure ax1wm_finger_fs12q1s0_seed2
Observations
  reward           Space(float32, shape=(), low=-inf, high=inf)
  is_first         Space(bool, shape=(), low=False, high=True)
  is_last          Space(bool, shape=(), low=False, high=True)
  is_terminal      Space(bool, shape=(), low=False, high=True)
  position         Space(float32, shape=(4,), low=-inf, high=inf)
  velocity         Space(float32, shape=(3,), low=-inf, high=inf)
  touch            Space(float32, shape=(2,), low=-inf, high=inf)
  target_position  Space(float32, shape=(2,), low=-inf, high=inf)
  dist_to_target   Space(float32, shape=(), low=-inf, high=inf)
Actions
  action           Space(float32, shape=(2,), low=-1.0, high=1.0)
Extras
  consec           Space(int32, shape=(), low=-2147483648, high=2147483647)
  stepid           Space(uint8, shape=(20,), low=0, high=255)
  dyn/deter        Space(float32, shape=(2048,), low=-inf, high=inf)
  dyn/stoch        Space(float32, shape=(32, 16), low=-inf, high=inf)
JAX devices (1): [cuda:0]
Policy devices: cuda:0
Train devices:  cuda:0
Initializing parameters...
Optimizer opt has 9,007,376 params:
     5,782,016 dyn
       853,503 val
       791,052 dec
       788,996 pol
       656,129 con
       135,680 enc
Done initializing!
Compiling 1 checkpoint groups...
Largest checkpoint group: 0 GB
Loading checkpoint: /scratch/midway3/rickybao/dreamerv3_runs/ax1wm_finger_fs12q1s0_seed2/ckpt/20260721T200752F528698-000000500000
Loaded checkpoint.
ax1wm_finger_fs12q1s0_seed2: expl.mode=apt reward_aware=False horizons=(1, 5, 20) probes 60x1001
  episodes 0-3
  episodes 4-7
  episodes 8-11
  episodes 12-15
  episodes 16-19
  episodes 20-23
  episodes 24-27
  episodes 28-31
  episodes 32-35
  episodes 36-39
  episodes 40-43
  episodes 44-47
  episodes 48-51
  episodes 52-55
  episodes 56-59
  h0: all=0.4063 in=0.4081 out=0.4061 rew=0.4078 norew=0.4061
  h1: all=0.7315 in=0.6278 out=0.7419 rew=0.6278 norew=0.7419
  h5: all=1.3211 in=0.9820 out=1.3549 rew=0.9820 norew=1.3549
  h20: all=2.1252 in=1.4564 out=2.1919 rew=1.4564 norew=2.1919
-> /scratch/midway3/rickybao/dreamerv3_runs/ax1wm_finger_fs12q1s0_seed2/e4_finger_v1
[Sun Jul 26 13:14:56 CDT 2026] E4 measure ax1wm_finger_fs12q1s0_seed3
Observations
  reward           Space(float32, shape=(), low=-inf, high=inf)
  is_first         Space(bool, shape=(), low=False, high=True)
  is_last          Space(bool, shape=(), low=False, high=True)
  is_terminal      Space(bool, shape=(), low=False, high=True)
  position         Space(float32, shape=(4,), low=-inf, high=inf)
  velocity         Space(float32, shape=(3,), low=-inf, high=inf)
  touch            Space(float32, shape=(2,), low=-inf, high=inf)
  target_position  Space(float32, shape=(2,), low=-inf, high=inf)
  dist_to_target   Space(float32, shape=(), low=-inf, high=inf)
Actions
  action           Space(float32, shape=(2,), low=-1.0, high=1.0)
Extras
  consec           Space(int32, shape=(), low=-2147483648, high=2147483647)
  stepid           Space(uint8, shape=(20,), low=0, high=255)
  dyn/deter        Space(float32, shape=(2048,), low=-inf, high=inf)
  dyn/stoch        Space(float32, shape=(32, 16), low=-inf, high=inf)
JAX devices (1): [cuda:0]
Policy devices: cuda:0
Train devices:  cuda:0
Initializing parameters...
Optimizer opt has 9,007,376 params:
     5,782,016 dyn
       853,503 val
       791,052 dec
       788,996 pol
       656,129 con
       135,680 enc
Done initializing!
Compiling 1 checkpoint groups...
Largest checkpoint group: 0 GB
Loading checkpoint: /scratch/midway3/rickybao/dreamerv3_runs/ax1wm_finger_fs12q1s0_seed3/ckpt/20260722T020349F841192-000000300000
Loaded checkpoint.
ax1wm_finger_fs12q1s0_seed3: expl.mode=apt reward_aware=False horizons=(1, 5, 20) probes 60x1001
  episodes 0-3
  episodes 4-7
  episodes 8-11
  episodes 12-15
  episodes 16-19
  episodes 20-23
  episodes 24-27
  episodes 28-31
  episodes 32-35
  episodes 36-39
  episodes 40-43
  episodes 44-47
  episodes 48-51
  episodes 52-55
  episodes 56-59
  h0: all=0.3063 in=0.2898 out=0.3079 rew=0.2894 norew=0.3080
  h1: all=0.6103 in=0.5036 out=0.6209 rew=0.5036 norew=0.6209
  h5: all=1.1589 in=0.8764 out=1.1871 rew=0.8764 norew=1.1871
  h20: all=1.9791 in=1.3067 out=2.0462 rew=1.3067 norew=2.0462
-> /scratch/midway3/rickybao/dreamerv3_runs/ax1wm_finger_fs12q1s0_seed3/e4_finger_v1
[Sun Jul 26 13:15:18 CDT 2026] E4 measure ax1wm_finger_fs12q1s0_seed4
Observations
  reward           Space(float32, shape=(), low=-inf, high=inf)
  is_first         Space(bool, shape=(), low=False, high=True)
  is_last          Space(bool, shape=(), low=False, high=True)
  is_terminal      Space(bool, shape=(), low=False, high=True)
  position         Space(float32, shape=(4,), low=-inf, high=inf)
  velocity         Space(float32, shape=(3,), low=-inf, high=inf)
  touch            Space(float32, shape=(2,), low=-inf, high=inf)
  target_position  Space(float32, shape=(2,), low=-inf, high=inf)
  dist_to_target   Space(float32, shape=(), low=-inf, high=inf)
Actions
  action           Space(float32, shape=(2,), low=-1.0, high=1.0)
Extras
  consec           Space(int32, shape=(), low=-2147483648, high=2147483647)
  stepid           Space(uint8, shape=(20,), low=0, high=255)
  dyn/deter        Space(float32, shape=(2048,), low=-inf, high=inf)
  dyn/stoch        Space(float32, shape=(32, 16), low=-inf, high=inf)
JAX devices (1): [cuda:0]
Policy devices: cuda:0
Train devices:  cuda:0
Initializing parameters...
Optimizer opt has 9,007,376 params:
     5,782,016 dyn
       853,503 val
       791,052 dec
       788,996 pol
       656,129 con
       135,680 enc
Done initializing!
Compiling 1 checkpoint groups...
Largest checkpoint group: 0 GB
Loading checkpoint: /scratch/midway3/rickybao/dreamerv3_runs/ax1wm_finger_fs12q1s0_seed4/ckpt/20260722T163452F038395-000000500000
Loaded checkpoint.
ax1wm_finger_fs12q1s0_seed4: expl.mode=apt reward_aware=False horizons=(1, 5, 20) probes 60x1001
  episodes 0-3
  episodes 4-7
  episodes 8-11
  episodes 12-15
  episodes 16-19
  episodes 20-23
  episodes 24-27
  episodes 28-31
  episodes 32-35
  episodes 36-39
  episodes 40-43
  episodes 44-47
  episodes 48-51
  episodes 52-55
  episodes 56-59
  h0: all=0.3856 in=0.3736 out=0.3868 rew=0.3735 norew=0.3868
  h1: all=0.6754 in=0.5531 out=0.6876 rew=0.5531 norew=0.6876
  h5: all=1.2267 in=0.9506 out=1.2543 rew=0.9506 norew=1.2543
  h20: all=2.0734 in=1.3886 out=2.1418 rew=1.3886 norew=2.1418
-> /scratch/midway3/rickybao/dreamerv3_runs/ax1wm_finger_fs12q1s0_seed4/e4_finger_v1
[Sun Jul 26 13:15:39 CDT 2026] E4 measure ax1wm_finger_fs12q1s0_seed5
Observations
  reward           Space(float32, shape=(), low=-inf, high=inf)
  is_first         Space(bool, shape=(), low=False, high=True)
  is_last          Space(bool, shape=(), low=False, high=True)
  is_terminal      Space(bool, shape=(), low=False, high=True)
  position         Space(float32, shape=(4,), low=-inf, high=inf)
  velocity         Space(float32, shape=(3,), low=-inf, high=inf)
  touch            Space(float32, shape=(2,), low=-inf, high=inf)
  target_position  Space(float32, shape=(2,), low=-inf, high=inf)
  dist_to_target   Space(float32, shape=(), low=-inf, high=inf)
Actions
  action           Space(float32, shape=(2,), low=-1.0, high=1.0)
Extras
  consec           Space(int32, shape=(), low=-2147483648, high=2147483647)
  stepid           Space(uint8, shape=(20,), low=0, high=255)
  dyn/deter        Space(float32, shape=(2048,), low=-inf, high=inf)
  dyn/stoch        Space(float32, shape=(32, 16), low=-inf, high=inf)
JAX devices (1): [cuda:0]
Policy devices: cuda:0
Train devices:  cuda:0
Initializing parameters...
Optimizer opt has 9,007,376 params:
     5,782,016 dyn
       853,503 val
       791,052 dec
       788,996 pol
       656,129 con
       135,680 enc
Done initializing!
Compiling 1 checkpoint groups...
Largest checkpoint group: 0 GB
Loading checkpoint: /scratch/midway3/rickybao/dreamerv3_runs/ax1wm_finger_fs12q1s0_seed5/ckpt/20260722T183518F528476-000000050000
Loaded checkpoint.
ax1wm_finger_fs12q1s0_seed5: expl.mode=apt reward_aware=False horizons=(1, 5, 20) probes 60x1001
  episodes 0-3
  episodes 4-7
  episodes 8-11
  episodes 12-15
  episodes 16-19
  episodes 20-23
  episodes 24-27
  episodes 28-31
  episodes 32-35
  episodes 36-39
  episodes 40-43
  episodes 44-47
  episodes 48-51
  episodes 52-55
  episodes 56-59
  h0: all=0.1686 in=0.2248 out=0.1630 rew=0.2233 norew=0.1631
  h1: all=0.4170 in=0.4180 out=0.4169 rew=0.4180 norew=0.4169
  h5: all=0.8219 in=0.7000 out=0.8341 rew=0.7000 norew=0.8341
  h20: all=1.8822 in=1.3235 out=1.9380 rew=1.3235 norew=1.9380
-> /scratch/midway3/rickybao/dreamerv3_runs/ax1wm_finger_fs12q1s0_seed5/e4_finger_v1
[Sun Jul 26 13:16:00 CDT 2026] E4 measure ax1wm_finger_fs12q1s0_seed6
Observations
  reward           Space(float32, shape=(), low=-inf, high=inf)
  is_first         Space(bool, shape=(), low=False, high=True)
  is_last          Space(bool, shape=(), low=False, high=True)
  is_terminal      Space(bool, shape=(), low=False, high=True)
  position         Space(float32, shape=(4,), low=-inf, high=inf)
  velocity         Space(float32, shape=(3,), low=-inf, high=inf)
  touch            Space(float32, shape=(2,), low=-inf, high=inf)
  target_position  Space(float32, shape=(2,), low=-inf, high=inf)
  dist_to_target   Space(float32, shape=(), low=-inf, high=inf)
Actions
  action           Space(float32, shape=(2,), low=-1.0, high=1.0)
Extras
  consec           Space(int32, shape=(), low=-2147483648, high=2147483647)
  stepid           Space(uint8, shape=(20,), low=0, high=255)
  dyn/deter        Space(float32, shape=(2048,), low=-inf, high=inf)
  dyn/stoch        Space(float32, shape=(32, 16), low=-inf, high=inf)
JAX devices (1): [cuda:0]
Policy devices: cuda:0
Train devices:  cuda:0
Initializing parameters...
Optimizer opt has 9,007,376 params:
     5,782,016 dyn
       853,503 val
       791,052 dec
       788,996 pol
       656,129 con
       135,680 enc
Done initializing!
Compiling 1 checkpoint groups...
Largest checkpoint group: 0 GB
Loading checkpoint: /scratch/midway3/rickybao/dreamerv3_runs/ax1wm_finger_fs12q1s0_seed6/ckpt/20260723T121136F238550-000000500000
Loaded checkpoint.
ax1wm_finger_fs12q1s0_seed6: expl.mode=apt reward_aware=False horizons=(1, 5, 20) probes 60x1001
  episodes 0-3
  episodes 4-7
  episodes 8-11
  episodes 12-15
  episodes 16-19
  episodes 20-23
  episodes 24-27
  episodes 28-31
  episodes 32-35
  episodes 36-39
  episodes 40-43
  episodes 44-47
  episodes 48-51
  episodes 52-55
  episodes 56-59
  h0: all=0.3751 in=0.3637 out=0.3763 rew=0.3636 norew=0.3763
  h1: all=0.6553 in=0.5473 out=0.6660 rew=0.5473 norew=0.6660
  h5: all=1.2080 in=0.9337 out=1.2354 rew=0.9337 norew=1.2354
  h20: all=2.0634 in=1.3911 out=2.1305 rew=1.3911 norew=2.1305
-> /scratch/midway3/rickybao/dreamerv3_runs/ax1wm_finger_fs12q1s0_seed6/e4_finger_v1
[Sun Jul 26 13:16:22 CDT 2026] E4 measure ax1wm_finger_fs12q1s0_seed7
Observations
  reward           Space(float32, shape=(), low=-inf, high=inf)
  is_first         Space(bool, shape=(), low=False, high=True)
  is_last          Space(bool, shape=(), low=False, high=True)
  is_terminal      Space(bool, shape=(), low=False, high=True)
  position         Space(float32, shape=(4,), low=-inf, high=inf)
  velocity         Space(float32, shape=(3,), low=-inf, high=inf)
  touch            Space(float32, shape=(2,), low=-inf, high=inf)
  target_position  Space(float32, shape=(2,), low=-inf, high=inf)
  dist_to_target   Space(float32, shape=(), low=-inf, high=inf)
Actions
  action           Space(float32, shape=(2,), low=-1.0, high=1.0)
Extras
  consec           Space(int32, shape=(), low=-2147483648, high=2147483647)
  stepid           Space(uint8, shape=(20,), low=0, high=255)
  dyn/deter        Space(float32, shape=(2048,), low=-inf, high=inf)
  dyn/stoch        Space(float32, shape=(32, 16), low=-inf, high=inf)
JAX devices (1): [cuda:0]
Policy devices: cuda:0
Train devices:  cuda:0
Initializing parameters...
Optimizer opt has 9,007,376 params:
     5,782,016 dyn
       853,503 val
       791,052 dec
       788,996 pol
       656,129 con
       135,680 enc
Done initializing!
Compiling 1 checkpoint groups...
Largest checkpoint group: 0 GB
Loading checkpoint: /scratch/midway3/rickybao/dreamerv3_runs/ax1wm_finger_fs12q1s0_seed7/ckpt/20260723T211250F243039-000000500000
Loaded checkpoint.
ax1wm_finger_fs12q1s0_seed7: expl.mode=apt reward_aware=False horizons=(1, 5, 20) probes 60x1001
  episodes 0-3
  episodes 4-7
  episodes 8-11
  episodes 12-15
  episodes 16-19
  episodes 20-23
  episodes 24-27
  episodes 28-31
  episodes 32-35
  episodes 36-39
  episodes 40-43
  episodes 44-47
  episodes 48-51
  episodes 52-55
  episodes 56-59
  h0: all=0.3584 in=0.3364 out=0.3605 rew=0.3363 norew=0.3605
  h1: all=0.6463 in=0.5261 out=0.6583 rew=0.5261 norew=0.6583
  h5: all=1.1948 in=0.8620 out=1.2280 rew=0.8620 norew=1.2280
  h20: all=1.9984 in=1.2592 out=2.0722 rew=1.2592 norew=2.0722
-> /scratch/midway3/rickybao/dreamerv3_runs/ax1wm_finger_fs12q1s0_seed7/e4_finger_v1
[Sun Jul 26 13:16:43 CDT 2026] E4 measure ax1wm_finger_fs12q1s0_seed8
Observations
  reward           Space(float32, shape=(), low=-inf, high=inf)
  is_first         Space(bool, shape=(), low=False, high=True)
  is_last          Space(bool, shape=(), low=False, high=True)
  is_terminal      Space(bool, shape=(), low=False, high=True)
  position         Space(float32, shape=(4,), low=-inf, high=inf)
  velocity         Space(float32, shape=(3,), low=-inf, high=inf)
  touch            Space(float32, shape=(2,), low=-inf, high=inf)
  target_position  Space(float32, shape=(2,), low=-inf, high=inf)
  dist_to_target   Space(float32, shape=(), low=-inf, high=inf)
Actions
  action           Space(float32, shape=(2,), low=-1.0, high=1.0)
Extras
  consec           Space(int32, shape=(), low=-2147483648, high=2147483647)
  stepid           Space(uint8, shape=(20,), low=0, high=255)
  dyn/deter        Space(float32, shape=(2048,), low=-inf, high=inf)
  dyn/stoch        Space(float32, shape=(32, 16), low=-inf, high=inf)
JAX devices (1): [cuda:0]
Policy devices: cuda:0
Train devices:  cuda:0
Initializing parameters...
Optimizer opt has 9,007,376 params:
     5,782,016 dyn
       853,503 val
       791,052 dec
       788,996 pol
       656,129 con
       135,680 enc
Done initializing!
Compiling 1 checkpoint groups...
Largest checkpoint group: 0 GB
Loading checkpoint: /scratch/midway3/rickybao/dreamerv3_runs/ax1wm_finger_fs12q1s0_seed8/ckpt/20260723T230750F655393-000000050000
Loaded checkpoint.
ax1wm_finger_fs12q1s0_seed8: expl.mode=apt reward_aware=False horizons=(1, 5, 20) probes 60x1001
  episodes 0-3
  episodes 4-7
  episodes 8-11
  episodes 12-15
  episodes 16-19
  episodes 20-23
  episodes 24-27
  episodes 28-31
  episodes 32-35
  episodes 36-39
  episodes 40-43
  episodes 44-47
  episodes 48-51
  episodes 52-55
  episodes 56-59
  h0: all=0.1739 in=0.2405 out=0.1672 rew=0.2396 norew=0.1673
  h1: all=0.4289 in=0.4472 out=0.4271 rew=0.4472 norew=0.4271
  h5: all=0.8479 in=0.7537 out=0.8573 rew=0.7537 norew=0.8573
  h20: all=1.8800 in=1.3524 out=1.9327 rew=1.3524 norew=1.9327
-> /scratch/midway3/rickybao/dreamerv3_runs/ax1wm_finger_fs12q1s0_seed8/e4_finger_v1
[Sun Jul 26 13:17:05 CDT 2026] E4 measure ax1wm_finger_fs12q1s1_seed1
Observations
  reward           Space(float32, shape=(), low=-inf, high=inf)
  is_first         Space(bool, shape=(), low=False, high=True)
  is_last          Space(bool, shape=(), low=False, high=True)
  is_terminal      Space(bool, shape=(), low=False, high=True)
  position         Space(float32, shape=(4,), low=-inf, high=inf)
  velocity         Space(float32, shape=(3,), low=-inf, high=inf)
  touch            Space(float32, shape=(2,), low=-inf, high=inf)
  target_position  Space(float32, shape=(2,), low=-inf, high=inf)
  dist_to_target   Space(float32, shape=(), low=-inf, high=inf)
Actions
  action           Space(float32, shape=(2,), low=-1.0, high=1.0)
Extras
  consec           Space(int32, shape=(), low=-2147483648, high=2147483647)
  stepid           Space(uint8, shape=(20,), low=0, high=255)
  dyn/deter        Space(float32, shape=(2048,), low=-inf, high=inf)
  dyn/stoch        Space(float32, shape=(32, 16), low=-inf, high=inf)
JAX devices (1): [cuda:0]
Policy devices: cuda:0
Train devices:  cuda:0
Initializing parameters...
Optimizer opt has 9,007,376 params:
     5,782,016 dyn
       853,503 val
       791,052 dec
       788,996 pol
       656,129 con
       135,680 enc
Done initializing!
Compiling 1 checkpoint groups...
Largest checkpoint group: 0 GB
Loading checkpoint: /scratch/midway3/rickybao/dreamerv3_runs/ax1wm_finger_fs12q1s1_seed1/ckpt/20260726T085825F024125-000000500000
Loaded checkpoint.
ax1wm_finger_fs12q1s1_seed1: expl.mode=apt reward_aware=False horizons=(1, 5, 20) probes 60x1001
  episodes 0-3
  episodes 4-7
  episodes 8-11
  episodes 12-15
  episodes 16-19
  episodes 20-23
  episodes 24-27
  episodes 28-31
  episodes 32-35
  episodes 36-39
  episodes 40-43
  episodes 44-47
  episodes 48-51
  episodes 52-55
  episodes 56-59
  h0: all=0.2720 in=0.2122 out=0.2780 rew=0.2123 norew=0.2780
  h1: all=0.4805 in=0.3455 out=0.4939 rew=0.3455 norew=0.4939
  h5: all=0.8198 in=0.5955 out=0.8421 rew=0.5955 norew=0.8421
  h20: all=1.4059 in=0.8723 out=1.4591 rew=0.8723 norew=1.4591
-> /scratch/midway3/rickybao/dreamerv3_runs/ax1wm_finger_fs12q1s1_seed1/e4_finger_v1
[Sun Jul 26 13:17:26 CDT 2026] E4 measure ax1wm_finger_fs12q1s1_seed2
Observations
  reward           Space(float32, shape=(), low=-inf, high=inf)
  is_first         Space(bool, shape=(), low=False, high=True)
  is_last          Space(bool, shape=(), low=False, high=True)
  is_terminal      Space(bool, shape=(), low=False, high=True)
  position         Space(float32, shape=(4,), low=-inf, high=inf)
  velocity         Space(float32, shape=(3,), low=-inf, high=inf)
  touch            Space(float32, shape=(2,), low=-inf, high=inf)
  target_position  Space(float32, shape=(2,), low=-inf, high=inf)
  dist_to_target   Space(float32, shape=(), low=-inf, high=inf)
Actions
  action           Space(float32, shape=(2,), low=-1.0, high=1.0)
Extras
  consec           Space(int32, shape=(), low=-2147483648, high=2147483647)
  stepid           Space(uint8, shape=(20,), low=0, high=255)
  dyn/deter        Space(float32, shape=(2048,), low=-inf, high=inf)
  dyn/stoch        Space(float32, shape=(32, 16), low=-inf, high=inf)
JAX devices (1): [cuda:0]
Policy devices: cuda:0
Train devices:  cuda:0
Initializing parameters...
Optimizer opt has 9,007,376 params:
     5,782,016 dyn
       853,503 val
       791,052 dec
       788,996 pol
       656,129 con
       135,680 enc
Done initializing!
Compiling 1 checkpoint groups...
Largest checkpoint group: 0 GB
Loading checkpoint: /scratch/midway3/rickybao/dreamerv3_runs/ax1wm_finger_fs12q1s1_seed2/ckpt/20260726T072126F613589-000000500000
Loaded checkpoint.
ax1wm_finger_fs12q1s1_seed2: expl.mode=apt reward_aware=False horizons=(1, 5, 20) probes 60x1001
  episodes 0-3
  episodes 4-7
  episodes 8-11
  episodes 12-15
  episodes 16-19
  episodes 20-23
  episodes 24-27
  episodes 28-31
  episodes 32-35
  episodes 36-39
  episodes 40-43
  episodes 44-47
  episodes 48-51
  episodes 52-55
  episodes 56-59
  h0: all=0.2530 in=0.2048 out=0.2578 rew=0.2046 norew=0.2578
  h1: all=0.4790 in=0.3470 out=0.4922 rew=0.3470 norew=0.4922
  h5: all=0.8339 in=0.6145 out=0.8557 rew=0.6145 norew=0.8557
  h20: all=1.4378 in=0.9385 out=1.4876 rew=0.9385 norew=1.4876
-> /scratch/midway3/rickybao/dreamerv3_runs/ax1wm_finger_fs12q1s1_seed2/e4_finger_v1
[Sun Jul 26 13:17:47 CDT 2026] E4 measure ax1wm_finger_fs12q1s1_seed3
Observations
  reward           Space(float32, shape=(), low=-inf, high=inf)
  is_first         Space(bool, shape=(), low=False, high=True)
  is_last          Space(bool, shape=(), low=False, high=True)
  is_terminal      Space(bool, shape=(), low=False, high=True)
  position         Space(float32, shape=(4,), low=-inf, high=inf)
  velocity         Space(float32, shape=(3,), low=-inf, high=inf)
  touch            Space(float32, shape=(2,), low=-inf, high=inf)
  target_position  Space(float32, shape=(2,), low=-inf, high=inf)
  dist_to_target   Space(float32, shape=(), low=-inf, high=inf)
Actions
  action           Space(float32, shape=(2,), low=-1.0, high=1.0)
Extras
  consec           Space(int32, shape=(), low=-2147483648, high=2147483647)
  stepid           Space(uint8, shape=(20,), low=0, high=255)
  dyn/deter        Space(float32, shape=(2048,), low=-inf, high=inf)
  dyn/stoch        Space(float32, shape=(32, 16), low=-inf, high=inf)
JAX devices (1): [cuda:0]
Policy devices: cuda:0
Train devices:  cuda:0
Initializing parameters...
Optimizer opt has 9,007,376 params:
     5,782,016 dyn
       853,503 val
       791,052 dec
       788,996 pol
       656,129 con
       135,680 enc
Done initializing!
Compiling 1 checkpoint groups...
Largest checkpoint group: 0 GB
Loading checkpoint: /scratch/midway3/rickybao/dreamerv3_runs/ax1wm_finger_fs12q1s1_seed3/ckpt/20260726T132538F244463-000000300000
Loaded checkpoint.
ax1wm_finger_fs12q1s1_seed3: expl.mode=apt reward_aware=False horizons=(1, 5, 20) probes 60x1001
  episodes 0-3
  episodes 4-7
  episodes 8-11
  episodes 12-15
  episodes 16-19
  episodes 20-23
  episodes 24-27
  episodes 28-31
  episodes 32-35
  episodes 36-39
  episodes 40-43
  episodes 44-47
  episodes 48-51
  episodes 52-55
  episodes 56-59
  h0: all=0.2378 in=0.1888 out=0.2427 rew=0.1885 norew=0.2427
  h1: all=0.4576 in=0.3354 out=0.4698 rew=0.3354 norew=0.4698
  h5: all=0.8117 in=0.5962 out=0.8331 rew=0.5962 norew=0.8331
  h20: all=1.4387 in=0.8939 out=1.4931 rew=0.8939 norew=1.4931
-> /scratch/midway3/rickybao/dreamerv3_runs/ax1wm_finger_fs12q1s1_seed3/e4_finger_v1
[Sun Jul 26 13:18:09 CDT 2026] E4 measure ax1wm_finger_fs12q1s1_seed4
Observations
  reward           Space(float32, shape=(), low=-inf, high=inf)
  is_first         Space(bool, shape=(), low=False, high=True)
  is_last          Space(bool, shape=(), low=False, high=True)
  is_terminal      Space(bool, shape=(), low=False, high=True)
  position         Space(float32, shape=(4,), low=-inf, high=inf)
  velocity         Space(float32, shape=(3,), low=-inf, high=inf)
  touch            Space(float32, shape=(2,), low=-inf, high=inf)
  target_position  Space(float32, shape=(2,), low=-inf, high=inf)
  dist_to_target   Space(float32, shape=(), low=-inf, high=inf)
Actions
  action           Space(float32, shape=(2,), low=-1.0, high=1.0)
Extras
  consec           Space(int32, shape=(), low=-2147483648, high=2147483647)
  stepid           Space(uint8, shape=(20,), low=0, high=255)
  dyn/deter        Space(float32, shape=(2048,), low=-inf, high=inf)
  dyn/stoch        Space(float32, shape=(32, 16), low=-inf, high=inf)
JAX devices (1): [cuda:0]
Policy devices: cuda:0
Train devices:  cuda:0
Initializing parameters...
Optimizer opt has 9,007,376 params:
     5,782,016 dyn
       853,503 val
       791,052 dec
       788,996 pol
       656,129 con
       135,680 enc
Done initializing!
Compiling 1 checkpoint groups...
Largest checkpoint group: 0 GB
Loading checkpoint: /scratch/midway3/rickybao/dreamerv3_runs/ax1wm_finger_fs12q1s1_seed4/ckpt/20260724T124019F851120-000000500000
Loaded checkpoint.
ax1wm_finger_fs12q1s1_seed4: expl.mode=apt reward_aware=False horizons=(1, 5, 20) probes 60x1001
  episodes 0-3
  episodes 4-7
  episodes 8-11
  episodes 12-15
  episodes 16-19
  episodes 20-23
  episodes 24-27
  episodes 28-31
  episodes 32-35
  episodes 36-39
  episodes 40-43
  episodes 44-47
  episodes 48-51
  episodes 52-55
  episodes 56-59
  h0: all=0.2403 in=0.1954 out=0.2448 rew=0.1953 norew=0.2448
  h1: all=0.4858 in=0.3511 out=0.4992 rew=0.3511 norew=0.4992
  h5: all=0.8877 in=0.6070 out=0.9157 rew=0.6070 norew=0.9157
  h20: all=1.4731 in=0.9442 out=1.5258 rew=0.9442 norew=1.5258
-> /scratch/midway3/rickybao/dreamerv3_runs/ax1wm_finger_fs12q1s1_seed4/e4_finger_v1
[Sun Jul 26 13:18:31 CDT 2026] E4 measure ax1wm_finger_fs12q1s1_seed5
Observations
  reward           Space(float32, shape=(), low=-inf, high=inf)
  is_first         Space(bool, shape=(), low=False, high=True)
  is_last          Space(bool, shape=(), low=False, high=True)
  is_terminal      Space(bool, shape=(), low=False, high=True)
  position         Space(float32, shape=(4,), low=-inf, high=inf)
  velocity         Space(float32, shape=(3,), low=-inf, high=inf)
  touch            Space(float32, shape=(2,), low=-inf, high=inf)
  target_position  Space(float32, shape=(2,), low=-inf, high=inf)
  dist_to_target   Space(float32, shape=(), low=-inf, high=inf)
Actions
  action           Space(float32, shape=(2,), low=-1.0, high=1.0)
Extras
  consec           Space(int32, shape=(), low=-2147483648, high=2147483647)
  stepid           Space(uint8, shape=(20,), low=0, high=255)
  dyn/deter        Space(float32, shape=(2048,), low=-inf, high=inf)
  dyn/stoch        Space(float32, shape=(32, 16), low=-inf, high=inf)
JAX devices (1): [cuda:0]
Policy devices: cuda:0
Train devices:  cuda:0
Initializing parameters...
Optimizer opt has 9,007,376 params:
     5,782,016 dyn
       853,503 val
       791,052 dec
       788,996 pol
       656,129 con
       135,680 enc
Done initializing!
Compiling 1 checkpoint groups...
Largest checkpoint group: 0 GB
Loading checkpoint: /scratch/midway3/rickybao/dreamerv3_runs/ax1wm_finger_fs12q1s1_seed5/ckpt/20260724T143515F083727-000000050000
Loaded checkpoint.
ax1wm_finger_fs12q1s1_seed5: expl.mode=apt reward_aware=False horizons=(1, 5, 20) probes 60x1001
  episodes 0-3
  episodes 4-7
  episodes 8-11
  episodes 12-15
  episodes 16-19
  episodes 20-23
  episodes 24-27
  episodes 28-31
  episodes 32-35
  episodes 36-39
  episodes 40-43
  episodes 44-47
  episodes 48-51
  episodes 52-55
  episodes 56-59
  h0: all=0.1196 in=0.1168 out=0.1199 rew=0.1158 norew=0.1200
  h1: all=0.3418 in=0.2971 out=0.3463 rew=0.2971 norew=0.3463
  h5: all=0.6976 in=0.5216 out=0.7151 rew=0.5216 norew=0.7151
  h20: all=1.5952 in=1.0633 out=1.6483 rew=1.0633 norew=1.6483
-> /scratch/midway3/rickybao/dreamerv3_runs/ax1wm_finger_fs12q1s1_seed5/e4_finger_v1
[Sun Jul 26 13:18:53 CDT 2026] E4 measure ax1wm_finger_fs12q1s1_seed6
Observations
  reward           Space(float32, shape=(), low=-inf, high=inf)
  is_first         Space(bool, shape=(), low=False, high=True)
  is_last          Space(bool, shape=(), low=False, high=True)
  is_terminal      Space(bool, shape=(), low=False, high=True)
  position         Space(float32, shape=(4,), low=-inf, high=inf)
  velocity         Space(float32, shape=(3,), low=-inf, high=inf)
  touch            Space(float32, shape=(2,), low=-inf, high=inf)
  target_position  Space(float32, shape=(2,), low=-inf, high=inf)
  dist_to_target   Space(float32, shape=(), low=-inf, high=inf)
Actions
  action           Space(float32, shape=(2,), low=-1.0, high=1.0)
Extras
  consec           Space(int32, shape=(), low=-2147483648, high=2147483647)
  stepid           Space(uint8, shape=(20,), low=0, high=255)
  dyn/deter        Space(float32, shape=(2048,), low=-inf, high=inf)
  dyn/stoch        Space(float32, shape=(32, 16), low=-inf, high=inf)
JAX devices (1): [cuda:0]
Policy devices: cuda:0
Train devices:  cuda:0
Initializing parameters...
Optimizer opt has 9,007,376 params:
     5,782,016 dyn
       853,503 val
       791,052 dec
       788,996 pol
       656,129 con
       135,680 enc
Done initializing!
Compiling 1 checkpoint groups...
Largest checkpoint group: 0 GB
Loading checkpoint: /scratch/midway3/rickybao/dreamerv3_runs/ax1wm_finger_fs12q1s1_seed6/ckpt/20260725T015736F238968-000000200000
Loaded checkpoint.
ax1wm_finger_fs12q1s1_seed6: expl.mode=apt reward_aware=False horizons=(1, 5, 20) probes 60x1001
  episodes 0-3
  episodes 4-7
  episodes 8-11
  episodes 12-15
  episodes 16-19
  episodes 20-23
  episodes 24-27
  episodes 28-31
  episodes 32-35
  episodes 36-39
  episodes 40-43
  episodes 44-47
  episodes 48-51
  episodes 52-55
  episodes 56-59
  h0: all=0.2167 in=0.1766 out=0.2207 rew=0.1762 norew=0.2208
  h1: all=0.4522 in=0.3377 out=0.4636 rew=0.3377 norew=0.4636
  h5: all=0.8280 in=0.6297 out=0.8478 rew=0.6297 norew=0.8478
  h20: all=1.4837 in=0.9756 out=1.5344 rew=0.9756 norew=1.5344
-> /scratch/midway3/rickybao/dreamerv3_runs/ax1wm_finger_fs12q1s1_seed6/e4_finger_v1
[Sun Jul 26 13:19:15 CDT 2026] E4 measure ax1wm_finger_fs12q1s1_seed7
Observations
  reward           Space(float32, shape=(), low=-inf, high=inf)
  is_first         Space(bool, shape=(), low=False, high=True)
  is_last          Space(bool, shape=(), low=False, high=True)
  is_terminal      Space(bool, shape=(), low=False, high=True)
  position         Space(float32, shape=(4,), low=-inf, high=inf)
  velocity         Space(float32, shape=(3,), low=-inf, high=inf)
  touch            Space(float32, shape=(2,), low=-inf, high=inf)
  target_position  Space(float32, shape=(2,), low=-inf, high=inf)
  dist_to_target   Space(float32, shape=(), low=-inf, high=inf)
Actions
  action           Space(float32, shape=(2,), low=-1.0, high=1.0)
Extras
  consec           Space(int32, shape=(), low=-2147483648, high=2147483647)
  stepid           Space(uint8, shape=(20,), low=0, high=255)
  dyn/deter        Space(float32, shape=(2048,), low=-inf, high=inf)
  dyn/stoch        Space(float32, shape=(32, 16), low=-inf, high=inf)
JAX devices (1): [cuda:0]
Policy devices: cuda:0
Train devices:  cuda:0
Initializing parameters...
Optimizer opt has 9,007,376 params:
     5,782,016 dyn
       853,503 val
       791,052 dec
       788,996 pol
       656,129 con
       135,680 enc
Done initializing!
Compiling 1 checkpoint groups...
Largest checkpoint group: 0 GB
Loading checkpoint: /scratch/midway3/rickybao/dreamerv3_runs/ax1wm_finger_fs12q1s1_seed7/ckpt/20260725T132100F567307-000000350000
Loaded checkpoint.
ax1wm_finger_fs12q1s1_seed7: expl.mode=apt reward_aware=False horizons=(1, 5, 20) probes 60x1001
  episodes 0-3
  episodes 4-7
  episodes 8-11
  episodes 12-15
  episodes 16-19
  episodes 20-23
  episodes 24-27
  episodes 28-31
  episodes 32-35
  episodes 36-39
  episodes 40-43
  episodes 44-47
  episodes 48-51
  episodes 52-55
  episodes 56-59
  h0: all=0.2340 in=0.1904 out=0.2384 rew=0.1903 norew=0.2384
  h1: all=0.4680 in=0.3382 out=0.4810 rew=0.3382 norew=0.4810
  h5: all=0.8128 in=0.6059 out=0.8335 rew=0.6059 norew=0.8335
  h20: all=1.4137 in=0.9496 out=1.4600 rew=0.9496 norew=1.4600
-> /scratch/midway3/rickybao/dreamerv3_runs/ax1wm_finger_fs12q1s1_seed7/e4_finger_v1
[Sun Jul 26 13:19:36 CDT 2026] E4 measure ax1wm_finger_fs12q1s1_seed8
Observations
  reward           Space(float32, shape=(), low=-inf, high=inf)
  is_first         Space(bool, shape=(), low=False, high=True)
  is_last          Space(bool, shape=(), low=False, high=True)
  is_terminal      Space(bool, shape=(), low=False, high=True)
  position         Space(float32, shape=(4,), low=-inf, high=inf)
  velocity         Space(float32, shape=(3,), low=-inf, high=inf)
  touch            Space(float32, shape=(2,), low=-inf, high=inf)
  target_position  Space(float32, shape=(2,), low=-inf, high=inf)
  dist_to_target   Space(float32, shape=(), low=-inf, high=inf)
Actions
  action           Space(float32, shape=(2,), low=-1.0, high=1.0)
Extras
  consec           Space(int32, shape=(), low=-2147483648, high=2147483647)
  stepid           Space(uint8, shape=(20,), low=0, high=255)
  dyn/deter        Space(float32, shape=(2048,), low=-inf, high=inf)
  dyn/stoch        Space(float32, shape=(32, 16), low=-inf, high=inf)
JAX devices (1): [cuda:0]
Policy devices: cuda:0
Train devices:  cuda:0
Initializing parameters...
Optimizer opt has 9,007,376 params:
     5,782,016 dyn
       853,503 val
       791,052 dec
       788,996 pol
       656,129 con
       135,680 enc
Done initializing!
Compiling 1 checkpoint groups...
Largest checkpoint group: 0 GB
Loading checkpoint: /scratch/midway3/rickybao/dreamerv3_runs/ax1wm_finger_fs12q1s1_seed8/ckpt/20260725T222128F141974-000000350000
Loaded checkpoint.
ax1wm_finger_fs12q1s1_seed8: expl.mode=apt reward_aware=False horizons=(1, 5, 20) probes 60x1001
  episodes 0-3
  episodes 4-7
  episodes 8-11
  episodes 12-15
  episodes 16-19
  episodes 20-23
  episodes 24-27
  episodes 28-31
  episodes 32-35
  episodes 36-39
  episodes 40-43
  episodes 44-47
  episodes 48-51
  episodes 52-55
  episodes 56-59
  h0: all=0.2594 in=0.1957 out=0.2657 rew=0.1955 norew=0.2658
  h1: all=0.4684 in=0.3245 out=0.4827 rew=0.3245 norew=0.4827
  h5: all=0.8149 in=0.6010 out=0.8362 rew=0.6010 norew=0.8362
  h20: all=1.4145 in=0.8916 out=1.4666 rew=0.8916 norew=1.4666
-> /scratch/midway3/rickybao/dreamerv3_runs/ax1wm_finger_fs12q1s1_seed8/e4_finger_v1
[Sun Jul 26 13:19:58 CDT 2026] E4 measure ax1wm_finger_s12q1s0_seed1
Observations
  reward           Space(float32, shape=(), low=-inf, high=inf)
  is_first         Space(bool, shape=(), low=False, high=True)
  is_last          Space(bool, shape=(), low=False, high=True)
  is_terminal      Space(bool, shape=(), low=False, high=True)
  position         Space(float32, shape=(4,), low=-inf, high=inf)
  velocity         Space(float32, shape=(3,), low=-inf, high=inf)
  touch            Space(float32, shape=(2,), low=-inf, high=inf)
  target_position  Space(float32, shape=(2,), low=-inf, high=inf)
  dist_to_target   Space(float32, shape=(), low=-inf, high=inf)
Actions
  action           Space(float32, shape=(2,), low=-1.0, high=1.0)
Extras
  consec           Space(int32, shape=(), low=-2147483648, high=2147483647)
  stepid           Space(uint8, shape=(20,), low=0, high=255)
  dyn/deter        Space(float32, shape=(2048,), low=-inf, high=inf)
  dyn/stoch        Space(float32, shape=(32, 16), low=-inf, high=inf)
JAX devices (1): [cuda:0]
Policy devices: cuda:0
Train devices:  cuda:0
Initializing parameters...
Optimizer opt has 9,728,783 params:
     5,782,016 dyn
       853,503 val
       791,052 dec
       788,996 pol
       721,407 rew
       656,129 con
       135,680 enc
Done initializing!
Compiling 1 checkpoint groups...
Largest checkpoint group: 0 GB
Loading checkpoint: /scratch/midway3/rickybao/dreamerv3_runs/ax1wm_finger_s12q1s0_seed1/ckpt/20260721T091218F012832-000000500000
Loaded checkpoint.
ax1wm_finger_s12q1s0_seed1: expl.mode=task reward_aware=True horizons=(1, 5, 20) probes 60x1001
  episodes 0-3
  episodes 4-7
  episodes 8-11
  episodes 12-15
  episodes 16-19
  episodes 20-23
  episodes 24-27
  episodes 28-31
  episodes 32-35
  episodes 36-39
  episodes 40-43
  episodes 44-47
  episodes 48-51
  episodes 52-55
  episodes 56-59
  h0: all=0.3905 in=0.4451 out=0.3851 rew=0.4451 norew=0.3851
  h1: all=0.7388 in=0.6994 out=0.7427 rew=0.6994 norew=0.7427
  h5: all=1.3234 in=1.1069 out=1.3450 rew=1.1069 norew=1.3450
  h20: all=2.1603 in=1.4959 out=2.2266 rew=1.4959 norew=2.2266
-> /scratch/midway3/rickybao/dreamerv3_runs/ax1wm_finger_s12q1s0_seed1/e4_finger_v1
[Sun Jul 26 13:20:21 CDT 2026] E4 measure ax1wm_finger_s12q1s0_seed2
Observations
  reward           Space(float32, shape=(), low=-inf, high=inf)
  is_first         Space(bool, shape=(), low=False, high=True)
  is_last          Space(bool, shape=(), low=False, high=True)
  is_terminal      Space(bool, shape=(), low=False, high=True)
  position         Space(float32, shape=(4,), low=-inf, high=inf)
  velocity         Space(float32, shape=(3,), low=-inf, high=inf)
  touch            Space(float32, shape=(2,), low=-inf, high=inf)
  target_position  Space(float32, shape=(2,), low=-inf, high=inf)
  dist_to_target   Space(float32, shape=(), low=-inf, high=inf)
Actions
  action           Space(float32, shape=(2,), low=-1.0, high=1.0)
Extras
  consec           Space(int32, shape=(), low=-2147483648, high=2147483647)
  stepid           Space(uint8, shape=(20,), low=0, high=255)
  dyn/deter        Space(float32, shape=(2048,), low=-inf, high=inf)
  dyn/stoch        Space(float32, shape=(32, 16), low=-inf, high=inf)
JAX devices (1): [cuda:0]
Policy devices: cuda:0
Train devices:  cuda:0
Initializing parameters...
Optimizer opt has 9,728,783 params:
     5,782,016 dyn
       853,503 val
       791,052 dec
       788,996 pol
       721,407 rew
       656,129 con
       135,680 enc
Done initializing!
Compiling 1 checkpoint groups...
Largest checkpoint group: 0 GB
Loading checkpoint: /scratch/midway3/rickybao/dreamerv3_runs/ax1wm_finger_s12q1s0_seed2/ckpt/20260721T163204F572173-000000500000
Loaded checkpoint.
ax1wm_finger_s12q1s0_seed2: expl.mode=task reward_aware=True horizons=(1, 5, 20) probes 60x1001
  episodes 0-3
  episodes 4-7
  episodes 8-11
  episodes 12-15
  episodes 16-19
  episodes 20-23
  episodes 24-27
  episodes 28-31
  episodes 32-35
  episodes 36-39
  episodes 40-43
  episodes 44-47
  episodes 48-51
  episodes 52-55
  episodes 56-59
  h0: all=0.3881 in=0.4113 out=0.3858 rew=0.4114 norew=0.3857
  h1: all=0.7258 in=0.6506 out=0.7332 rew=0.6506 norew=0.7332
  h5: all=1.3212 in=1.0366 out=1.3496 rew=1.0366 norew=1.3496
  h20: all=2.2104 in=1.5772 out=2.2736 rew=1.5772 norew=2.2736
-> /scratch/midway3/rickybao/dreamerv3_runs/ax1wm_finger_s12q1s0_seed2/e4_finger_v1
[Sun Jul 26 13:20:44 CDT 2026] E4 measure ax1wm_finger_s12q1s0_seed3
Observations
  reward           Space(float32, shape=(), low=-inf, high=inf)
  is_first         Space(bool, shape=(), low=False, high=True)
  is_last          Space(bool, shape=(), low=False, high=True)
  is_terminal      Space(bool, shape=(), low=False, high=True)
  position         Space(float32, shape=(4,), low=-inf, high=inf)
  velocity         Space(float32, shape=(3,), low=-inf, high=inf)
  touch            Space(float32, shape=(2,), low=-inf, high=inf)
  target_position  Space(float32, shape=(2,), low=-inf, high=inf)
  dist_to_target   Space(float32, shape=(), low=-inf, high=inf)
Actions
  action           Space(float32, shape=(2,), low=-1.0, high=1.0)
Extras
  consec           Space(int32, shape=(), low=-2147483648, high=2147483647)
  stepid           Space(uint8, shape=(20,), low=0, high=255)
  dyn/deter        Space(float32, shape=(2048,), low=-inf, high=inf)
  dyn/stoch        Space(float32, shape=(32, 16), low=-inf, high=inf)
JAX devices (1): [cuda:0]
Policy devices: cuda:0
Train devices:  cuda:0
Initializing parameters...
Optimizer opt has 9,728,783 params:
     5,782,016 dyn
       853,503 val
       791,052 dec
       788,996 pol
       721,407 rew
       656,129 con
       135,680 enc
Done initializing!
Compiling 1 checkpoint groups...
Largest checkpoint group: 0 GB
Loading checkpoint: /scratch/midway3/rickybao/dreamerv3_runs/ax1wm_finger_s12q1s0_seed3/ckpt/20260721T235133F854707-000000500000
Loaded checkpoint.
ax1wm_finger_s12q1s0_seed3: expl.mode=task reward_aware=True horizons=(1, 5, 20) probes 60x1001
  episodes 0-3
  episodes 4-7
  episodes 8-11
  episodes 12-15
  episodes 16-19
  episodes 20-23
  episodes 24-27
  episodes 28-31
  episodes 32-35
  episodes 36-39
  episodes 40-43
  episodes 44-47
  episodes 48-51
  episodes 52-55
  episodes 56-59
  h0: all=0.4021 in=0.3982 out=0.4025 rew=0.3981 norew=0.4025
  h1: all=0.7389 in=0.6505 out=0.7477 rew=0.6505 norew=0.7477
  h5: all=1.3269 in=1.0277 out=1.3567 rew=1.0277 norew=1.3567
  h20: all=2.1995 in=1.5325 out=2.2660 rew=1.5325 norew=2.2660
-> /scratch/midway3/rickybao/dreamerv3_runs/ax1wm_finger_s12q1s0_seed3/e4_finger_v1
[Sun Jul 26 13:21:07 CDT 2026] E4 measure ax1wm_finger_s12q1s0_seed4
Observations
  reward           Space(float32, shape=(), low=-inf, high=inf)
  is_first         Space(bool, shape=(), low=False, high=True)
  is_last          Space(bool, shape=(), low=False, high=True)
  is_terminal      Space(bool, shape=(), low=False, high=True)
  position         Space(float32, shape=(4,), low=-inf, high=inf)
  velocity         Space(float32, shape=(3,), low=-inf, high=inf)
  touch            Space(float32, shape=(2,), low=-inf, high=inf)
  target_position  Space(float32, shape=(2,), low=-inf, high=inf)
  dist_to_target   Space(float32, shape=(), low=-inf, high=inf)
Actions
  action           Space(float32, shape=(2,), low=-1.0, high=1.0)
Extras
  consec           Space(int32, shape=(), low=-2147483648, high=2147483647)
  stepid           Space(uint8, shape=(20,), low=0, high=255)
  dyn/deter        Space(float32, shape=(2048,), low=-inf, high=inf)
  dyn/stoch        Space(float32, shape=(32, 16), low=-inf, high=inf)
JAX devices (1): [cuda:0]
Policy devices: cuda:0
Train devices:  cuda:0
Initializing parameters...
Optimizer opt has 9,728,783 params:
     5,782,016 dyn
       853,503 val
       791,052 dec
       788,996 pol
       721,407 rew
       656,129 con
       135,680 enc
Done initializing!
Compiling 1 checkpoint groups...
Largest checkpoint group: 0 GB
Loading checkpoint: /scratch/midway3/rickybao/dreamerv3_runs/ax1wm_finger_s12q1s0_seed4/ckpt/20260722T071035F851708-000000500000
Loaded checkpoint.
ax1wm_finger_s12q1s0_seed4: expl.mode=task reward_aware=True horizons=(1, 5, 20) probes 60x1001
  episodes 0-3
  episodes 4-7
  episodes 8-11
  episodes 12-15
  episodes 16-19
  episodes 20-23
  episodes 24-27
  episodes 28-31
  episodes 32-35
  episodes 36-39
  episodes 40-43
  episodes 44-47
  episodes 48-51
  episodes 52-55
  episodes 56-59
  h0: all=0.3930 in=0.3978 out=0.3925 rew=0.3978 norew=0.3925
  h1: all=0.7403 in=0.6378 out=0.7505 rew=0.6378 norew=0.7505
  h5: all=1.3336 in=1.0077 out=1.3661 rew=1.0077 norew=1.3661
  h20: all=2.1809 in=1.4917 out=2.2496 rew=1.4917 norew=2.2496
-> /scratch/midway3/rickybao/dreamerv3_runs/ax1wm_finger_s12q1s0_seed4/e4_finger_v1
[Sun Jul 26 13:21:30 CDT 2026] E4 measure ax1wm_finger_s12q1s0_seed5
Observations
  reward           Space(float32, shape=(), low=-inf, high=inf)
  is_first         Space(bool, shape=(), low=False, high=True)
  is_last          Space(bool, shape=(), low=False, high=True)
  is_terminal      Space(bool, shape=(), low=False, high=True)
  position         Space(float32, shape=(4,), low=-inf, high=inf)
  velocity         Space(float32, shape=(3,), low=-inf, high=inf)
  touch            Space(float32, shape=(2,), low=-inf, high=inf)
  target_position  Space(float32, shape=(2,), low=-inf, high=inf)
  dist_to_target   Space(float32, shape=(), low=-inf, high=inf)
Actions
  action           Space(float32, shape=(2,), low=-1.0, high=1.0)
Extras
  consec           Space(int32, shape=(), low=-2147483648, high=2147483647)
  stepid           Space(uint8, shape=(20,), low=0, high=255)
  dyn/deter        Space(float32, shape=(2048,), low=-inf, high=inf)
  dyn/stoch        Space(float32, shape=(32, 16), low=-inf, high=inf)
JAX devices (1): [cuda:0]
Policy devices: cuda:0
Train devices:  cuda:0
Initializing parameters...
Optimizer opt has 9,728,783 params:
     5,782,016 dyn
       853,503 val
       791,052 dec
       788,996 pol
       721,407 rew
       656,129 con
       135,680 enc
Done initializing!
Compiling 1 checkpoint groups...
Largest checkpoint group: 0 GB
Loading checkpoint: /scratch/midway3/rickybao/dreamerv3_runs/ax1wm_finger_s12q1s0_seed5/ckpt/20260722T143042F847888-000000500000
Loaded checkpoint.
ax1wm_finger_s12q1s0_seed5: expl.mode=task reward_aware=True horizons=(1, 5, 20) probes 60x1001
  episodes 0-3
  episodes 4-7
  episodes 8-11
  episodes 12-15
  episodes 16-19
  episodes 20-23
  episodes 24-27
  episodes 28-31
  episodes 32-35
  episodes 36-39
  episodes 40-43
  episodes 44-47
  episodes 48-51
  episodes 52-55
  episodes 56-59
  h0: all=0.3942 in=0.4000 out=0.3936 rew=0.3997 norew=0.3936
  h1: all=0.7201 in=0.6234 out=0.7297 rew=0.6234 norew=0.7297
  h5: all=1.3027 in=1.0503 out=1.3278 rew=1.0503 norew=1.3278
  h20: all=2.1318 in=1.5142 out=2.1934 rew=1.5142 norew=2.1934
-> /scratch/midway3/rickybao/dreamerv3_runs/ax1wm_finger_s12q1s0_seed5/e4_finger_v1
[Sun Jul 26 13:21:53 CDT 2026] E4 measure ax1wm_finger_s12q1s0_seed6
Observations
  reward           Space(float32, shape=(), low=-inf, high=inf)
  is_first         Space(bool, shape=(), low=False, high=True)
  is_last          Space(bool, shape=(), low=False, high=True)
  is_terminal      Space(bool, shape=(), low=False, high=True)
  position         Space(float32, shape=(4,), low=-inf, high=inf)
  velocity         Space(float32, shape=(3,), low=-inf, high=inf)
  touch            Space(float32, shape=(2,), low=-inf, high=inf)
  target_position  Space(float32, shape=(2,), low=-inf, high=inf)
  dist_to_target   Space(float32, shape=(), low=-inf, high=inf)
Actions
  action           Space(float32, shape=(2,), low=-1.0, high=1.0)
Extras
  consec           Space(int32, shape=(), low=-2147483648, high=2147483647)
  stepid           Space(uint8, shape=(20,), low=0, high=255)
  dyn/deter        Space(float32, shape=(2048,), low=-inf, high=inf)
  dyn/stoch        Space(float32, shape=(32, 16), low=-inf, high=inf)
JAX devices (1): [cuda:0]
Policy devices: cuda:0
Train devices:  cuda:0
Initializing parameters...
Optimizer opt has 9,728,783 params:
     5,782,016 dyn
       853,503 val
       791,052 dec
       788,996 pol
       721,407 rew
       656,129 con
       135,680 enc
Done initializing!
Compiling 1 checkpoint groups...
Largest checkpoint group: 0 GB
Loading checkpoint: /scratch/midway3/rickybao/dreamerv3_runs/ax1wm_finger_s12q1s0_seed6/ckpt/20260722T161912F536934-000000050000
Loaded checkpoint.
ax1wm_finger_s12q1s0_seed6: expl.mode=task reward_aware=True horizons=(1, 5, 20) probes 60x1001
  episodes 0-3
  episodes 4-7
  episodes 8-11
  episodes 12-15
  episodes 16-19
  episodes 20-23
  episodes 24-27
  episodes 28-31
  episodes 32-35
  episodes 36-39
  episodes 40-43
  episodes 44-47
  episodes 48-51
  episodes 52-55
  episodes 56-59
  h0: all=0.1579 in=0.2180 out=0.1519 rew=0.2166 norew=0.1521
  h1: all=0.4026 in=0.4163 out=0.4012 rew=0.4163 norew=0.4012
  h5: all=0.8166 in=0.7439 out=0.8238 rew=0.7439 norew=0.8238
  h20: all=1.8377 in=1.3285 out=1.8885 rew=1.3285 norew=1.8885
-> /scratch/midway3/rickybao/dreamerv3_runs/ax1wm_finger_s12q1s0_seed6/e4_finger_v1
[Sun Jul 26 13:22:16 CDT 2026] E4 measure ax1wm_finger_s12q1s0_seed7
Observations
  reward           Space(float32, shape=(), low=-inf, high=inf)
  is_first         Space(bool, shape=(), low=False, high=True)
  is_last          Space(bool, shape=(), low=False, high=True)
  is_terminal      Space(bool, shape=(), low=False, high=True)
  position         Space(float32, shape=(4,), low=-inf, high=inf)
  velocity         Space(float32, shape=(3,), low=-inf, high=inf)
  touch            Space(float32, shape=(2,), low=-inf, high=inf)
  target_position  Space(float32, shape=(2,), low=-inf, high=inf)
  dist_to_target   Space(float32, shape=(), low=-inf, high=inf)
Actions
  action           Space(float32, shape=(2,), low=-1.0, high=1.0)
Extras
  consec           Space(int32, shape=(), low=-2147483648, high=2147483647)
  stepid           Space(uint8, shape=(20,), low=0, high=255)
  dyn/deter        Space(float32, shape=(2048,), low=-inf, high=inf)
  dyn/stoch        Space(float32, shape=(32, 16), low=-inf, high=inf)
JAX devices (1): [cuda:0]
Policy devices: cuda:0
Train devices:  cuda:0
Initializing parameters...
Optimizer opt has 9,728,783 params:
     5,782,016 dyn
       853,503 val
       791,052 dec
       788,996 pol
       721,407 rew
       656,129 con
       135,680 enc
Done initializing!
Compiling 1 checkpoint groups...
Largest checkpoint group: 0 GB
Loading checkpoint: /scratch/midway3/rickybao/dreamerv3_runs/ax1wm_finger_s12q1s0_seed7/ckpt/20260723T001454F857391-000000100000
Loaded checkpoint.
ax1wm_finger_s12q1s0_seed7: expl.mode=task reward_aware=True horizons=(1, 5, 20) probes 60x1001
  episodes 0-3
  episodes 4-7
  episodes 8-11
  episodes 12-15
  episodes 16-19
  episodes 20-23
  episodes 24-27
  episodes 28-31
  episodes 32-35
  episodes 36-39
  episodes 40-43
  episodes 44-47
  episodes 48-51
  episodes 52-55
  episodes 56-59
  h0: all=0.2143 in=0.2393 out=0.2118 rew=0.2380 norew=0.2119
  h1: all=0.4847 in=0.4527 out=0.4879 rew=0.4527 norew=0.4879
  h5: all=0.9094 in=0.7280 out=0.9275 rew=0.7280 norew=0.9275
  h20: all=1.8873 in=1.2191 out=1.9540 rew=1.2191 norew=1.9540
-> /scratch/midway3/rickybao/dreamerv3_runs/ax1wm_finger_s12q1s0_seed7/e4_finger_v1
[Sun Jul 26 13:22:39 CDT 2026] E4 measure ax1wm_finger_s12q1s0_seed8
Observations
  reward           Space(float32, shape=(), low=-inf, high=inf)
  is_first         Space(bool, shape=(), low=False, high=True)
  is_last          Space(bool, shape=(), low=False, high=True)
  is_terminal      Space(bool, shape=(), low=False, high=True)
  position         Space(float32, shape=(4,), low=-inf, high=inf)
  velocity         Space(float32, shape=(3,), low=-inf, high=inf)
  touch            Space(float32, shape=(2,), low=-inf, high=inf)
  target_position  Space(float32, shape=(2,), low=-inf, high=inf)
  dist_to_target   Space(float32, shape=(), low=-inf, high=inf)
Actions
  action           Space(float32, shape=(2,), low=-1.0, high=1.0)
Extras
  consec           Space(int32, shape=(), low=-2147483648, high=2147483647)
  stepid           Space(uint8, shape=(20,), low=0, high=255)
  dyn/deter        Space(float32, shape=(2048,), low=-inf, high=inf)
  dyn/stoch        Space(float32, shape=(32, 16), low=-inf, high=inf)
JAX devices (1): [cuda:0]
Policy devices: cuda:0
Train devices:  cuda:0
Initializing parameters...
Optimizer opt has 9,728,783 params:
     5,782,016 dyn
       853,503 val
       791,052 dec
       788,996 pol
       721,407 rew
       656,129 con
       135,680 enc
Done initializing!
Compiling 1 checkpoint groups...
Largest checkpoint group: 0 GB
Loading checkpoint: /scratch/midway3/rickybao/dreamerv3_runs/ax1wm_finger_s12q1s0_seed8/ckpt/20260723T122901F637694-000000500000
Loaded checkpoint.
ax1wm_finger_s12q1s0_seed8: expl.mode=task reward_aware=True horizons=(1, 5, 20) probes 60x1001
  episodes 0-3
  episodes 4-7
  episodes 8-11
  episodes 12-15
  episodes 16-19
  episodes 20-23
  episodes 24-27
  episodes 28-31
  episodes 32-35
  episodes 36-39
  episodes 40-43
  episodes 44-47
  episodes 48-51
  episodes 52-55
  episodes 56-59
  h0: all=0.4410 in=0.5339 out=0.4317 rew=0.5335 norew=0.4318
  h1: all=0.8115 in=0.7857 out=0.8140 rew=0.7857 norew=0.8140
  h5: all=1.4606 in=1.1679 out=1.4897 rew=1.1679 norew=1.4897
  h20: all=2.2409 in=1.6343 out=2.3014 rew=1.6343 norew=2.3014
-> /scratch/midway3/rickybao/dreamerv3_runs/ax1wm_finger_s12q1s0_seed8/e4_finger_v1
[Sun Jul 26 13:23:02 CDT 2026] E4 measure ax1wm_finger_s12q1s1_seed1
Observations
  reward           Space(float32, shape=(), low=-inf, high=inf)
  is_first         Space(bool, shape=(), low=False, high=True)
  is_last          Space(bool, shape=(), low=False, high=True)
  is_terminal      Space(bool, shape=(), low=False, high=True)
  position         Space(float32, shape=(4,), low=-inf, high=inf)
  velocity         Space(float32, shape=(3,), low=-inf, high=inf)
  touch            Space(float32, shape=(2,), low=-inf, high=inf)
  target_position  Space(float32, shape=(2,), low=-inf, high=inf)
  dist_to_target   Space(float32, shape=(), low=-inf, high=inf)
Actions
  action           Space(float32, shape=(2,), low=-1.0, high=1.0)
Extras
  consec           Space(int32, shape=(), low=-2147483648, high=2147483647)
  stepid           Space(uint8, shape=(20,), low=0, high=255)
  dyn/deter        Space(float32, shape=(2048,), low=-inf, high=inf)
  dyn/stoch        Space(float32, shape=(32, 16), low=-inf, high=inf)
JAX devices (1): [cuda:0]
Policy devices: cuda:0
Train devices:  cuda:0
Initializing parameters...
Optimizer opt has 9,728,783 params:
     5,782,016 dyn
       853,503 val
       791,052 dec
       788,996 pol
       721,407 rew
       656,129 con
       135,680 enc
Done initializing!
Compiling 1 checkpoint groups...
Largest checkpoint group: 0 GB
Loading checkpoint: /scratch/midway3/rickybao/dreamerv3_runs/ax1wm_finger_s12q1s1_seed1/ckpt/20260723T183503F604142-000000400000
Loaded checkpoint.
ax1wm_finger_s12q1s1_seed1: expl.mode=task reward_aware=True horizons=(1, 5, 20) probes 60x1001
  episodes 0-3
  episodes 4-7
  episodes 8-11
  episodes 12-15
  episodes 16-19
  episodes 20-23
  episodes 24-27
  episodes 28-31
  episodes 32-35
  episodes 36-39
  episodes 40-43
  episodes 44-47
  episodes 48-51
  episodes 52-55
  episodes 56-59
  h0: all=0.2252 in=0.1820 out=0.2295 rew=0.1820 norew=0.2295
  h1: all=0.4887 in=0.3692 out=0.5006 rew=0.3692 norew=0.5006
  h5: all=0.8845 in=0.6267 out=0.9102 rew=0.6267 norew=0.9102
  h20: all=1.5118 in=0.9806 out=1.5648 rew=0.9806 norew=1.5648
-> /scratch/midway3/rickybao/dreamerv3_runs/ax1wm_finger_s12q1s1_seed1/e4_finger_v1
[Sun Jul 26 13:23:25 CDT 2026] E4 measure ax1wm_finger_s12q1s1_seed2
Observations
  reward           Space(float32, shape=(), low=-inf, high=inf)
  is_first         Space(bool, shape=(), low=False, high=True)
  is_last          Space(bool, shape=(), low=False, high=True)
  is_terminal      Space(bool, shape=(), low=False, high=True)
  position         Space(float32, shape=(4,), low=-inf, high=inf)
  velocity         Space(float32, shape=(3,), low=-inf, high=inf)
  touch            Space(float32, shape=(2,), low=-inf, high=inf)
  target_position  Space(float32, shape=(2,), low=-inf, high=inf)
  dist_to_target   Space(float32, shape=(), low=-inf, high=inf)
Actions
  action           Space(float32, shape=(2,), low=-1.0, high=1.0)
Extras
  consec           Space(int32, shape=(), low=-2147483648, high=2147483647)
  stepid           Space(uint8, shape=(20,), low=0, high=255)
  dyn/deter        Space(float32, shape=(2048,), low=-inf, high=inf)
  dyn/stoch        Space(float32, shape=(32, 16), low=-inf, high=inf)
JAX devices (1): [cuda:0]
Policy devices: cuda:0
Train devices:  cuda:0
Initializing parameters...
Optimizer opt has 9,728,783 params:
     5,782,016 dyn
       853,503 val
       791,052 dec
       788,996 pol
       721,407 rew
       656,129 con
       135,680 enc
Done initializing!
Compiling 1 checkpoint groups...
Largest checkpoint group: 0 GB
Loading checkpoint: /scratch/midway3/rickybao/dreamerv3_runs/ax1wm_finger_s12q1s1_seed2/ckpt/20260723T232708F145396-000000200000
Loaded checkpoint.
ax1wm_finger_s12q1s1_seed2: expl.mode=task reward_aware=True horizons=(1, 5, 20) probes 60x1001
  episodes 0-3
  episodes 4-7
  episodes 8-11
  episodes 12-15
  episodes 16-19
  episodes 20-23
  episodes 24-27
  episodes 28-31
  episodes 32-35
  episodes 36-39
  episodes 40-43
  episodes 44-47
  episodes 48-51
  episodes 52-55
  episodes 56-59
  h0: all=0.2146 in=0.1832 out=0.2178 rew=0.1829 norew=0.2178
  h1: all=0.4695 in=0.3634 out=0.4800 rew=0.3634 norew=0.4800
  h5: all=0.8510 in=0.6211 out=0.8739 rew=0.6211 norew=0.8739
  h20: all=1.4946 in=1.0026 out=1.5437 rew=1.0026 norew=1.5437
-> /scratch/midway3/rickybao/dreamerv3_runs/ax1wm_finger_s12q1s1_seed2/e4_finger_v1
[Sun Jul 26 13:23:48 CDT 2026] E4 measure ax1wm_finger_s12q1s1_seed3
Observations
  reward           Space(float32, shape=(), low=-inf, high=inf)
  is_first         Space(bool, shape=(), low=False, high=True)
  is_last          Space(bool, shape=(), low=False, high=True)
  is_terminal      Space(bool, shape=(), low=False, high=True)
  position         Space(float32, shape=(4,), low=-inf, high=inf)
  velocity         Space(float32, shape=(3,), low=-inf, high=inf)
  touch            Space(float32, shape=(2,), low=-inf, high=inf)
  target_position  Space(float32, shape=(2,), low=-inf, high=inf)
  dist_to_target   Space(float32, shape=(), low=-inf, high=inf)
Actions
  action           Space(float32, shape=(2,), low=-1.0, high=1.0)
Extras
  consec           Space(int32, shape=(), low=-2147483648, high=2147483647)
  stepid           Space(uint8, shape=(20,), low=0, high=255)
  dyn/deter        Space(float32, shape=(2048,), low=-inf, high=inf)
  dyn/stoch        Space(float32, shape=(32, 16), low=-inf, high=inf)
JAX devices (1): [cuda:0]
Policy devices: cuda:0
Train devices:  cuda:0
Initializing parameters...
Optimizer opt has 9,728,783 params:
     5,782,016 dyn
       853,503 val
       791,052 dec
       788,996 pol
       721,407 rew
       656,129 con
       135,680 enc
Done initializing!
Compiling 1 checkpoint groups...
Largest checkpoint group: 0 GB
Loading checkpoint: /scratch/midway3/rickybao/dreamerv3_runs/ax1wm_finger_s12q1s1_seed3/ckpt/20260724T105518F153232-000000500000
Loaded checkpoint.
ax1wm_finger_s12q1s1_seed3: expl.mode=task reward_aware=True horizons=(1, 5, 20) probes 60x1001
  episodes 0-3
  episodes 4-7
  episodes 8-11
  episodes 12-15
  episodes 16-19
  episodes 20-23
  episodes 24-27
  episodes 28-31
  episodes 32-35
  episodes 36-39
  episodes 40-43
  episodes 44-47
  episodes 48-51
  episodes 52-55
  episodes 56-59
  h0: all=0.2761 in=0.2266 out=0.2811 rew=0.2267 norew=0.2810
  h1: all=0.5329 in=0.3998 out=0.5462 rew=0.3998 norew=0.5462
  h5: all=0.9245 in=0.6701 out=0.9499 rew=0.6701 norew=0.9499
  h20: all=1.5218 in=0.9775 out=1.5761 rew=0.9775 norew=1.5761
-> /scratch/midway3/rickybao/dreamerv3_runs/ax1wm_finger_s12q1s1_seed3/e4_finger_v1
[Sun Jul 26 13:24:11 CDT 2026] E4 measure ax1wm_finger_s12q1s1_seed4
Observations
  reward           Space(float32, shape=(), low=-inf, high=inf)
  is_first         Space(bool, shape=(), low=False, high=True)
  is_last          Space(bool, shape=(), low=False, high=True)
  is_terminal      Space(bool, shape=(), low=False, high=True)
  position         Space(float32, shape=(4,), low=-inf, high=inf)
  velocity         Space(float32, shape=(3,), low=-inf, high=inf)
  touch            Space(float32, shape=(2,), low=-inf, high=inf)
  target_position  Space(float32, shape=(2,), low=-inf, high=inf)
  dist_to_target   Space(float32, shape=(), low=-inf, high=inf)
Actions
  action           Space(float32, shape=(2,), low=-1.0, high=1.0)
Extras
  consec           Space(int32, shape=(), low=-2147483648, high=2147483647)
  stepid           Space(uint8, shape=(20,), low=0, high=255)
  dyn/deter        Space(float32, shape=(2048,), low=-inf, high=inf)
  dyn/stoch        Space(float32, shape=(32, 16), low=-inf, high=inf)
JAX devices (1): [cuda:0]
Policy devices: cuda:0
Train devices:  cuda:0
Initializing parameters...
Optimizer opt has 9,728,783 params:
     5,782,016 dyn
       853,503 val
       791,052 dec
       788,996 pol
       721,407 rew
       656,129 con
       135,680 enc
Done initializing!
Compiling 1 checkpoint groups...
Largest checkpoint group: 0 GB
Loading checkpoint: /scratch/midway3/rickybao/dreamerv3_runs/ax1wm_finger_s12q1s1_seed4/ckpt/20260724T143403F440314-000000200000
Loaded checkpoint.
ax1wm_finger_s12q1s1_seed4: expl.mode=task reward_aware=True horizons=(1, 5, 20) probes 60x1001
  episodes 0-3
  episodes 4-7
  episodes 8-11
  episodes 12-15
  episodes 16-19
  episodes 20-23
  episodes 24-27
  episodes 28-31
  episodes 32-35
  episodes 36-39
  episodes 40-43
  episodes 44-47
  episodes 48-51
  episodes 52-55
  episodes 56-59
  h0: all=0.2157 in=0.1775 out=0.2195 rew=0.1773 norew=0.2195
  h1: all=0.4802 in=0.3644 out=0.4918 rew=0.3644 norew=0.4918
  h5: all=0.8671 in=0.6137 out=0.8923 rew=0.6137 norew=0.8923
  h20: all=1.5252 in=0.9893 out=1.5786 rew=0.9893 norew=1.5786
-> /scratch/midway3/rickybao/dreamerv3_runs/ax1wm_finger_s12q1s1_seed4/e4_finger_v1
[Sun Jul 26 13:24:34 CDT 2026] E4 measure ax1wm_finger_s12q1s1_seed5
Observations
  reward           Space(float32, shape=(), low=-inf, high=inf)
  is_first         Space(bool, shape=(), low=False, high=True)
  is_last          Space(bool, shape=(), low=False, high=True)
  is_terminal      Space(bool, shape=(), low=False, high=True)
  position         Space(float32, shape=(4,), low=-inf, high=inf)
  velocity         Space(float32, shape=(3,), low=-inf, high=inf)
  touch            Space(float32, shape=(2,), low=-inf, high=inf)
  target_position  Space(float32, shape=(2,), low=-inf, high=inf)
  dist_to_target   Space(float32, shape=(), low=-inf, high=inf)
Actions
  action           Space(float32, shape=(2,), low=-1.0, high=1.0)
Extras
  consec           Space(int32, shape=(), low=-2147483648, high=2147483647)
  stepid           Space(uint8, shape=(20,), low=0, high=255)
  dyn/deter        Space(float32, shape=(2048,), low=-inf, high=inf)
  dyn/stoch        Space(float32, shape=(32, 16), low=-inf, high=inf)
JAX devices (1): [cuda:0]
Policy devices: cuda:0
Train devices:  cuda:0
Initializing parameters...
Optimizer opt has 9,728,783 params:
     5,782,016 dyn
       853,503 val
       791,052 dec
       788,996 pol
       721,407 rew
       656,129 con
       135,680 enc
Done initializing!
Compiling 1 checkpoint groups...
Largest checkpoint group: 0 GB
Loading checkpoint: /scratch/midway3/rickybao/dreamerv3_runs/ax1wm_finger_s12q1s1_seed5/ckpt/20260724T230720F252993-000000300000
Loaded checkpoint.
ax1wm_finger_s12q1s1_seed5: expl.mode=task reward_aware=True horizons=(1, 5, 20) probes 60x1001
  episodes 0-3
  episodes 4-7
  episodes 8-11
  episodes 12-15
  episodes 16-19
  episodes 20-23
  episodes 24-27
  episodes 28-31
  episodes 32-35
  episodes 36-39
  episodes 40-43
  episodes 44-47
  episodes 48-51
  episodes 52-55
  episodes 56-59
  h0: all=0.2421 in=0.1959 out=0.2467 rew=0.1957 norew=0.2467
  h1: all=0.4951 in=0.3690 out=0.5077 rew=0.3690 norew=0.5077
  h5: all=0.8822 in=0.6131 out=0.9090 rew=0.6131 norew=0.9090
  h20: all=1.4782 in=0.9106 out=1.5348 rew=0.9106 norew=1.5348
-> /scratch/midway3/rickybao/dreamerv3_runs/ax1wm_finger_s12q1s1_seed5/e4_finger_v1
[Sun Jul 26 13:24:57 CDT 2026] E4 measure ax1wm_finger_s12q1s1_seed6
Observations
  reward           Space(float32, shape=(), low=-inf, high=inf)
  is_first         Space(bool, shape=(), low=False, high=True)
  is_last          Space(bool, shape=(), low=False, high=True)
  is_terminal      Space(bool, shape=(), low=False, high=True)
  position         Space(float32, shape=(4,), low=-inf, high=inf)
  velocity         Space(float32, shape=(3,), low=-inf, high=inf)
  touch            Space(float32, shape=(2,), low=-inf, high=inf)
  target_position  Space(float32, shape=(2,), low=-inf, high=inf)
  dist_to_target   Space(float32, shape=(), low=-inf, high=inf)
Actions
  action           Space(float32, shape=(2,), low=-1.0, high=1.0)
Extras
  consec           Space(int32, shape=(), low=-2147483648, high=2147483647)
  stepid           Space(uint8, shape=(20,), low=0, high=255)
  dyn/deter        Space(float32, shape=(2048,), low=-inf, high=inf)
  dyn/stoch        Space(float32, shape=(32, 16), low=-inf, high=inf)
JAX devices (1): [cuda:0]
Policy devices: cuda:0
Train devices:  cuda:0
Initializing parameters...
Optimizer opt has 9,728,783 params:
     5,782,016 dyn
       853,503 val
       791,052 dec
       788,996 pol
       721,407 rew
       656,129 con
       135,680 enc
Done initializing!
Compiling 1 checkpoint groups...
Largest checkpoint group: 0 GB
Loading checkpoint: /scratch/midway3/rickybao/dreamerv3_runs/ax1wm_finger_s12q1s1_seed6/ckpt/20260725T040043F280480-000000100000
Loaded checkpoint.
ax1wm_finger_s12q1s1_seed6: expl.mode=task reward_aware=True horizons=(1, 5, 20) probes 60x1001
  episodes 0-3
  episodes 4-7
  episodes 8-11
  episodes 12-15
  episodes 16-19
  episodes 20-23
  episodes 24-27
  episodes 28-31
  episodes 32-35
  episodes 36-39
  episodes 40-43
  episodes 44-47
  episodes 48-51
  episodes 52-55
  episodes 56-59
  h0: all=0.1589 in=0.1326 out=0.1616 rew=0.1320 norew=0.1616
  h1: all=0.3903 in=0.3046 out=0.3988 rew=0.3046 norew=0.3988
  h5: all=0.7559 in=0.5204 out=0.7793 rew=0.5204 norew=0.7793
  h20: all=1.6197 in=1.0430 out=1.6772 rew=1.0430 norew=1.6772
-> /scratch/midway3/rickybao/dreamerv3_runs/ax1wm_finger_s12q1s1_seed6/e4_finger_v1
[Sun Jul 26 13:25:20 CDT 2026] E4 measure ax1wm_finger_s12q1s1_seed7
Observations
  reward           Space(float32, shape=(), low=-inf, high=inf)
  is_first         Space(bool, shape=(), low=False, high=True)
  is_last          Space(bool, shape=(), low=False, high=True)
  is_terminal      Space(bool, shape=(), low=False, high=True)
  position         Space(float32, shape=(4,), low=-inf, high=inf)
  velocity         Space(float32, shape=(3,), low=-inf, high=inf)
  touch            Space(float32, shape=(2,), low=-inf, high=inf)
  target_position  Space(float32, shape=(2,), low=-inf, high=inf)
  dist_to_target   Space(float32, shape=(), low=-inf, high=inf)
Actions
  action           Space(float32, shape=(2,), low=-1.0, high=1.0)
Extras
  consec           Space(int32, shape=(), low=-2147483648, high=2147483647)
  stepid           Space(uint8, shape=(20,), low=0, high=255)
  dyn/deter        Space(float32, shape=(2048,), low=-inf, high=inf)
  dyn/stoch        Space(float32, shape=(32, 16), low=-inf, high=inf)
JAX devices (1): [cuda:0]
Policy devices: cuda:0
Train devices:  cuda:0
Initializing parameters...
Optimizer opt has 9,728,783 params:
     5,782,016 dyn
       853,503 val
       791,052 dec
       788,996 pol
       721,407 rew
       656,129 con
       135,680 enc
Done initializing!
Compiling 1 checkpoint groups...
Largest checkpoint group: 0 GB
Loading checkpoint: /scratch/midway3/rickybao/dreamerv3_runs/ax1wm_finger_s12q1s1_seed7/ckpt/20260725T134813F368040-000000300000
Loaded checkpoint.
ax1wm_finger_s12q1s1_seed7: expl.mode=task reward_aware=True horizons=(1, 5, 20) probes 60x1001
  episodes 0-3
  episodes 4-7
  episodes 8-11
  episodes 12-15
  episodes 16-19
  episodes 20-23
  episodes 24-27
  episodes 28-31
  episodes 32-35
  episodes 36-39
  episodes 40-43
  episodes 44-47
  episodes 48-51
  episodes 52-55
  episodes 56-59
  h0: all=0.2264 in=0.1969 out=0.2293 rew=0.1965 norew=0.2294
  h1: all=0.4887 in=0.3721 out=0.5003 rew=0.3721 norew=0.5003
  h5: all=0.8864 in=0.6661 out=0.9083 rew=0.6661 norew=0.9083
  h20: all=1.5314 in=1.0539 out=1.5790 rew=1.0539 norew=1.5790
-> /scratch/midway3/rickybao/dreamerv3_runs/ax1wm_finger_s12q1s1_seed7/e4_finger_v1
[Sun Jul 26 13:25:43 CDT 2026] E4 measure ax1wm_finger_s12q1s1_seed8
Observations
  reward           Space(float32, shape=(), low=-inf, high=inf)
  is_first         Space(bool, shape=(), low=False, high=True)
  is_last          Space(bool, shape=(), low=False, high=True)
  is_terminal      Space(bool, shape=(), low=False, high=True)
  position         Space(float32, shape=(4,), low=-inf, high=inf)
  velocity         Space(float32, shape=(3,), low=-inf, high=inf)
  touch            Space(float32, shape=(2,), low=-inf, high=inf)
  target_position  Space(float32, shape=(2,), low=-inf, high=inf)
  dist_to_target   Space(float32, shape=(), low=-inf, high=inf)
Actions
  action           Space(float32, shape=(2,), low=-1.0, high=1.0)
Extras
  consec           Space(int32, shape=(), low=-2147483648, high=2147483647)
  stepid           Space(uint8, shape=(20,), low=0, high=255)
  dyn/deter        Space(float32, shape=(2048,), low=-inf, high=inf)
  dyn/stoch        Space(float32, shape=(32, 16), low=-inf, high=inf)
JAX devices (1): [cuda:0]
Policy devices: cuda:0
Train devices:  cuda:0
Initializing parameters...
Optimizer opt has 9,728,783 params:
     5,782,016 dyn
       853,503 val
       791,052 dec
       788,996 pol
       721,407 rew
       656,129 con
       135,680 enc
Done initializing!
Compiling 1 checkpoint groups...
Largest checkpoint group: 0 GB
Loading checkpoint: /scratch/midway3/rickybao/dreamerv3_runs/ax1wm_finger_s12q1s1_seed8/ckpt/20260725T222056F063749-000000400000
Loaded checkpoint.
ax1wm_finger_s12q1s1_seed8: expl.mode=task reward_aware=True horizons=(1, 5, 20) probes 60x1001
  episodes 0-3
  episodes 4-7
  episodes 8-11
  episodes 12-15
  episodes 16-19
  episodes 20-23
  episodes 24-27
  episodes 28-31
  episodes 32-35
  episodes 36-39
  episodes 40-43
  episodes 44-47
  episodes 48-51
  episodes 52-55
  episodes 56-59
  h0: all=0.2731 in=0.2482 out=0.2755 rew=0.2482 norew=0.2755
  h1: all=0.5080 in=0.4065 out=0.5181 rew=0.4065 norew=0.5181
  h5: all=0.8776 in=0.6528 out=0.9000 rew=0.6528 norew=0.9000
  h20: all=1.5132 in=0.9779 out=1.5666 rew=0.9779 norew=1.5666
-> /scratch/midway3/rickybao/dreamerv3_runs/ax1wm_finger_s12q1s1_seed8/e4_finger_v1
[Sun Jul 26 13:26:07 CDT 2026] measured 32 new, 0 already done, 0 skipped
128 rows (32 runs) -> /scratch/midway3/rickybao/dreamerv3_runs/e4_finger_v1_scaling_b.csv
[Sun Jul 26 13:26:07 CDT 2026] E4 sweep DONE -> /scratch/midway3/rickybao/dreamerv3_runs/e4_finger_v1_scaling_b.csv
