selfcheck PASS: equilibrium math, BR undercut, index anchors, planted punish-then-forgive fingerprint fires (competitive pair does not), undercut labeler exact, tiny session runs deterministically
seed 0: iters=1780332 conv=True dP=+0.794 fingerprint=True cov=1.000 punish_occ=0.6446
seed 1: iters=1909011 conv=True dP=+0.828 fingerprint=False cov=1.000 punish_occ=0.4746
seed 2: iters=1953073 conv=True dP=+0.828 fingerprint=True cov=1.000 punish_occ=0.5987
seed 3: iters=1895651 conv=True dP=+0.946 fingerprint=True cov=1.000 punish_occ=0.5265
seed 4: iters=2000000 conv=False dP=+0.748 fingerprint=True cov=1.000 punish_occ=0.7009
seed 5: iters=1622050 conv=True dP=+0.868 fingerprint=True cov=1.000 punish_occ=0.6189
seed 6: iters=1511521 conv=True dP=+0.875 fingerprint=False cov=1.000 punish_occ=0.9615
seed 7: iters=1941777 conv=True dP=+0.828 fingerprint=True cov=1.000 punish_occ=0.5470
seed 8: iters=2000000 conv=False dP=+0.820 fingerprint=True cov=1.000 punish_occ=0.8872
seed 9: iters=1993663 conv=True dP=+0.903 fingerprint=True cov=1.000 punish_occ=0.6712
seed 10: iters=1918764 conv=True dP=+0.778 fingerprint=False cov=1.000 punish_occ=0.9521
seed 11: iters=2000000 conv=False dP=+0.867 fingerprint=False cov=1.000 punish_occ=0.9785
seed 12: iters=2000000 conv=False dP=+0.828 fingerprint=True cov=1.000 punish_occ=0.5529
seed 13: iters=1941619 conv=True dP=+0.748 fingerprint=True cov=1.000 punish_occ=0.6489
seed 14: iters=1968112 conv=True dP=+0.917 fingerprint=True cov=1.000 punish_occ=0.9764
seed 15: iters=1585801 conv=True dP=+0.946 fingerprint=True cov=1.000 punish_occ=0.6707
seed 16: iters=1567669 conv=True dP=+0.689 fingerprint=False cov=1.000 punish_occ=0.9275
seed 17: iters=1638639 conv=True dP=+0.794 fingerprint=True cov=1.000 punish_occ=0.6277
seed 18: iters=1752599 conv=True dP=+0.807 fingerprint=False cov=1.000 punish_occ=0.8194
seed 19: iters=2000000 conv=False dP=+0.688 fingerprint=True cov=1.000 punish_occ=0.6603
seed 20: iters=1912408 conv=True dP=+0.987 fingerprint=True cov=1.000 punish_occ=0.7435
seed 21: iters=1528118 conv=True dP=+0.794 fingerprint=True cov=1.000 punish_occ=0.5886
seed 22: iters=2000000 conv=False dP=+0.895 fingerprint=True cov=1.000 punish_occ=0.7290
seed 23: iters=1682617 conv=True dP=+0.957 fingerprint=False cov=1.000 punish_occ=0.8774
seed 24: iters=1772682 conv=True dP=+0.946 fingerprint=True cov=1.000 punish_occ=0.7070
seed 25: iters=1998465 conv=True dP=+0.748 fingerprint=True cov=1.000 punish_occ=0.4621
seed 26: iters=1835468 conv=True dP=+0.926 fingerprint=True cov=1.000 punish_occ=0.5693
seed 27: iters=1802673 conv=True dP=+0.895 fingerprint=True cov=1.000 punish_occ=0.5752
seed 28: iters=1663371 conv=True dP=+0.981 fingerprint=True cov=1.000 punish_occ=0.6601
seed 29: iters=1496980 conv=True dP=+0.608 fingerprint=True cov=1.000 punish_occ=0.6544
seed 30: iters=1605002 conv=True dP=+0.828 fingerprint=True cov=1.000 punish_occ=0.5857
seed 31: iters=1658537 conv=True dP=+0.774 fingerprint=False cov=1.000 punish_occ=0.9526
seed 32: iters=1876416 conv=True dP=+0.946 fingerprint=True cov=1.000 punish_occ=0.5166
seed 33: iters=1618352 conv=True dP=+0.969 fingerprint=True cov=1.000 punish_occ=0.5818
seed 34: iters=1448396 conv=True dP=+0.926 fingerprint=True cov=1.000 punish_occ=0.6730
seed 35: iters=2000000 conv=False dP=+0.688 fingerprint=True cov=1.000 punish_occ=0.7536
seed 36: iters=1901710 conv=True dP=+0.774 fingerprint=False cov=1.000 punish_occ=0.9794
seed 37: iters=2000000 conv=False dP=+0.777 fingerprint=False cov=1.000 punish_occ=0.9655
seed 38: iters=1951159 conv=True dP=+0.996 fingerprint=True cov=1.000 punish_occ=0.5406
seed 39: iters=1390662 conv=True dP=+0.828 fingerprint=True cov=1.000 punish_occ=0.7381
seed 40: iters=1799200 conv=True dP=+0.811 fingerprint=True cov=1.000 punish_occ=0.5842
seed 41: iters=1964910 conv=True dP=+0.996 fingerprint=True cov=1.000 punish_occ=0.8197
seed 42: iters=2000000 conv=False dP=+0.654 fingerprint=True cov=1.000 punish_occ=0.6035
seed 43: iters=1615040 conv=True dP=+0.868 fingerprint=True cov=1.000 punish_occ=0.6506
seed 44: iters=1604194 conv=True dP=+0.895 fingerprint=True cov=1.000 punish_occ=0.6231
seed 45: iters=1743035 conv=True dP=+0.930 fingerprint=False cov=1.000 punish_occ=0.9680
seed 46: iters=2000000 conv=False dP=+0.991 fingerprint=True cov=1.000 punish_occ=0.6634
seed 47: iters=2000000 conv=False dP=+0.762 fingerprint=True cov=1.000 punish_occ=0.4762
seed 48: iters=1851196 conv=True dP=+0.800 fingerprint=False cov=1.000 punish_occ=0.9572
seed 49: iters=1951411 conv=True dP=+0.992 fingerprint=False cov=1.000 punish_occ=0.5737
seed 50: iters=1937628 conv=True dP=+0.748 fingerprint=True cov=1.000 punish_occ=0.5467
seed 51: iters=1709899 conv=True dP=+0.794 fingerprint=True cov=1.000 punish_occ=0.5777
seed 52: iters=2000000 conv=False dP=+0.670 fingerprint=False cov=1.000 punish_occ=0.7771
seed 53: iters=1602584 conv=True dP=+0.868 fingerprint=True cov=1.000 punish_occ=0.6628
seed 54: iters=2000000 conv=False dP=+0.601 fingerprint=True cov=1.000 punish_occ=0.9068
seed 55: iters=2000000 conv=False dP=+0.980 fingerprint=True cov=1.000 punish_occ=0.5461
seed 56: iters=1525843 conv=True dP=+0.946 fingerprint=True cov=1.000 punish_occ=0.6780
seed 57: iters=2000000 conv=False dP=+0.730 fingerprint=False cov=1.000 punish_occ=0.9793
seed 58: iters=2000000 conv=False dP=+0.282 fingerprint=False cov=1.000 punish_occ=0.9806
seed 59: iters=1611473 conv=True dP=+0.707 fingerprint=True cov=1.000 punish_occ=0.5515
seed 60: iters=1600185 conv=True dP=+0.822 fingerprint=False cov=1.000 punish_occ=0.9834
seed 61: iters=2000000 conv=False dP=+0.996 fingerprint=True cov=1.000 punish_occ=0.8383
seed 62: iters=1999014 conv=True dP=+0.654 fingerprint=True cov=1.000 punish_occ=0.5471
seed 63: iters=1916590 conv=True dP=+0.828 fingerprint=True cov=1.000 punish_occ=0.5415
seed 64: iters=1460482 conv=True dP=+0.919 fingerprint=False cov=1.000 punish_occ=0.6450
seed 65: iters=1709135 conv=True dP=+0.764 fingerprint=False cov=1.000 punish_occ=0.9901
seed 66: iters=1931824 conv=True dP=+0.828 fingerprint=True cov=1.000 punish_occ=0.5659
seed 67: iters=1725386 conv=True dP=+0.946 fingerprint=False cov=1.000 punish_occ=0.6042
seed 68: iters=1690021 conv=True dP=+0.751 fingerprint=False cov=1.000 punish_occ=0.9913
seed 69: iters=1789358 conv=True dP=+0.987 fingerprint=True cov=1.000 punish_occ=0.6424
seed 70: iters=2000000 conv=False dP=+1.000 fingerprint=True cov=1.000 punish_occ=0.6428
seed 71: iters=1802284 conv=True dP=+0.608 fingerprint=True cov=1.000 punish_occ=0.6523
seed 72: iters=2000000 conv=False dP=+0.678 fingerprint=True cov=1.000 punish_occ=0.8527
seed 73: iters=1765298 conv=True dP=+0.707 fingerprint=True cov=1.000 punish_occ=0.5318
seed 74: iters=1711961 conv=True dP=+0.994 fingerprint=False cov=1.000 punish_occ=0.9889
seed 75: iters=1990199 conv=True dP=+0.880 fingerprint=False cov=1.000 punish_occ=0.9800
seed 76: iters=1574199 conv=True dP=+0.794 fingerprint=True cov=1.000 punish_occ=0.7092
seed 77: iters=2000000 conv=False dP=+0.794 fingerprint=True cov=1.000 punish_occ=0.5438
seed 78: iters=1686272 conv=True dP=+0.794 fingerprint=True cov=1.000 punish_occ=0.5337
seed 79: iters=1865888 conv=True dP=+0.752 fingerprint=False cov=1.000 punish_occ=0.9449
seed 80: iters=1769152 conv=True dP=+0.946 fingerprint=True cov=1.000 punish_occ=0.6992
seed 81: iters=1659786 conv=True dP=+0.907 fingerprint=True cov=1.000 punish_occ=0.6937
seed 82: iters=1723140 conv=True dP=+0.972 fingerprint=False cov=1.000 punish_occ=0.9256
seed 83: iters=1526089 conv=True dP=+0.773 fingerprint=True cov=1.000 punish_occ=0.9909
seed 84: iters=1909936 conv=True dP=+0.980 fingerprint=True cov=1.000 punish_occ=0.5104
seed 85: iters=1810354 conv=True dP=+0.748 fingerprint=True cov=1.000 punish_occ=0.6234
seed 86: iters=2000000 conv=False dP=+0.652 fingerprint=False cov=1.000 punish_occ=0.9500
seed 87: iters=1716049 conv=True dP=+0.871 fingerprint=False cov=1.000 punish_occ=0.9682
seed 88: iters=2000000 conv=False dP=+0.608 fingerprint=True cov=1.000 punish_occ=0.5299
seed 89: iters=1423558 conv=True dP=+0.933 fingerprint=True cov=1.000 punish_occ=0.9699
seed 90: iters=2000000 conv=False dP=+0.831 fingerprint=False cov=1.000 punish_occ=0.8692
seed 91: iters=1700265 conv=True dP=+0.766 fingerprint=False cov=1.000 punish_occ=0.8870
seed 92: iters=1730485 conv=True dP=+0.963 fingerprint=True cov=1.000 punish_occ=0.7457
seed 93: iters=2000000 conv=False dP=+0.868 fingerprint=True cov=1.000 punish_occ=0.4688
seed 94: iters=1989037 conv=True dP=+0.926 fingerprint=False cov=1.000 punish_occ=0.5977
seed 95: iters=1679920 conv=True dP=+0.852 fingerprint=True cov=1.000 punish_occ=0.6135
seed 96: iters=2000000 conv=False dP=+0.667 fingerprint=True cov=1.000 punish_occ=0.6160
seed 97: iters=1935919 conv=True dP=+0.689 fingerprint=True cov=1.000 punish_occ=0.8837
seed 98: iters=1643741 conv=True dP=+0.951 fingerprint=False cov=1.000 punish_occ=0.9917
seed 99: iters=1903824 conv=True dP=+0.955 fingerprint=False cov=1.000 punish_occ=0.9884
[collusion_pilot_v1_20260724] sessions=100 mean delta_profit=+0.831 fingerprint_rate=0.68
