selfcheck PASS: equilibrium math, BR undercut, index anchors, planted punish-then-forgive fingerprint fires (competitive pair does not), undercut labeler exact, tiny session runs deterministically
seed 0: iters=1780332 conv=True dP=+0.794 fingerprint=True cov=1.000 punish_occ=0.6446
seed 1: iters=1909011 conv=True dP=+0.828 fingerprint=False cov=1.000 punish_occ=0.4746
seed 2: iters=1953073 conv=True dP=+0.828 fingerprint=True cov=1.000 punish_occ=0.5987
seed 3: iters=1895651 conv=True dP=+0.946 fingerprint=True cov=1.000 punish_occ=0.5265
seed 4: iters=2000000 conv=False dP=+0.748 fingerprint=True cov=1.000 punish_occ=0.7009
seed 5: iters=1622050 conv=True dP=+0.868 fingerprint=True cov=1.000 punish_occ=0.6189
seed 6: iters=1511521 conv=True dP=+0.875 fingerprint=False cov=1.000 punish_occ=0.9615
seed 7: iters=1941777 conv=True dP=+0.828 fingerprint=True cov=1.000 punish_occ=0.5470
seed 8: iters=2000000 conv=False dP=+0.820 fingerprint=True cov=1.000 punish_occ=0.8872
seed 9: iters=1993663 conv=True dP=+0.903 fingerprint=True cov=1.000 punish_occ=0.6712
seed 10: iters=1918764 conv=True dP=+0.778 fingerprint=False cov=1.000 punish_occ=0.9521
seed 11: iters=2000000 conv=False dP=+0.867 fingerprint=False cov=1.000 punish_occ=0.9785
seed 12: iters=2000000 conv=False dP=+0.828 fingerprint=True cov=1.000 punish_occ=0.5529
seed 13: iters=1941619 conv=True dP=+0.748 fingerprint=True cov=1.000 punish_occ=0.6489
seed 14: iters=1968112 conv=True dP=+0.917 fingerprint=True cov=1.000 punish_occ=0.9764
seed 15: iters=1585801 conv=True dP=+0.946 fingerprint=True cov=1.000 punish_occ=0.6707
seed 16: iters=1567669 conv=True dP=+0.689 fingerprint=False cov=1.000 punish_occ=0.9275
seed 17: iters=1638639 conv=True dP=+0.794 fingerprint=True cov=1.000 punish_occ=0.6277
seed 18: iters=1752599 conv=True dP=+0.807 fingerprint=False cov=1.000 punish_occ=0.8194
seed 19: iters=2000000 conv=False dP=+0.688 fingerprint=True cov=1.000 punish_occ=0.6603
seed 20: iters=1912408 conv=True dP=+0.987 fingerprint=True cov=1.000 punish_occ=0.7435
seed 21: iters=1528118 conv=True dP=+0.794 fingerprint=True cov=1.000 punish_occ=0.5886
seed 22: iters=2000000 conv=False dP=+0.895 fingerprint=True cov=1.000 punish_occ=0.7290
seed 23: iters=1682617 conv=True dP=+0.957 fingerprint=False cov=1.000 punish_occ=0.8774
seed 24: iters=1772682 conv=True dP=+0.946 fingerprint=True cov=1.000 punish_occ=0.7070
seed 25: iters=1998465 conv=True dP=+0.748 fingerprint=True cov=1.000 punish_occ=0.4621
seed 26: iters=1835468 conv=True dP=+0.926 fingerprint=True cov=1.000 punish_occ=0.5693
seed 27: iters=1802673 conv=True dP=+0.895 fingerprint=True cov=1.000 punish_occ=0.5752
seed 28: iters=1663371 conv=True dP=+0.981 fingerprint=True cov=1.000 punish_occ=0.6601
seed 29: iters=1496980 conv=True dP=+0.608 fingerprint=True cov=1.000 punish_occ=0.6544
seed 30: iters=1605002 conv=True dP=+0.828 fingerprint=True cov=1.000 punish_occ=0.5857
seed 31: iters=1658537 conv=True dP=+0.774 fingerprint=False cov=1.000 punish_occ=0.9526
seed 32: iters=1876416 conv=True dP=+0.946 fingerprint=True cov=1.000 punish_occ=0.5166
seed 33: iters=1618352 conv=True dP=+0.969 fingerprint=True cov=1.000 punish_occ=0.5818
seed 34: iters=1448396 conv=True dP=+0.926 fingerprint=True cov=1.000 punish_occ=0.6730
seed 35: iters=2000000 conv=False dP=+0.688 fingerprint=True cov=1.000 punish_occ=0.7536
seed 36: iters=1901710 conv=True dP=+0.774 fingerprint=False cov=1.000 punish_occ=0.9794
slurmstepd: error: *** JOB 52624560 ON midway3-0114 CANCELLED AT 2026-07-24T22:38:10 ***
