[Sat Jul 18 02:38:54 UTC 2026] launcher worker start gpu=1 shard=1/16 arm= transform=srd0 seeds=1 2 3 4 5 6 7 8
[Sat Jul 18 02:38:54 UTC 2026] START shard=1/16 gpu=1 run=adapt_ax1srd0q1s0_finger_seed2_ckpt500000
[Sat Jul 18 02:40:26 UTC 2026] FAILED run=adapt_ax1srd0q1s0_finger_seed2_ckpt500000 rc=1 log=/workspace/dreamerv3_runs/_cloud_logs/adapt_ax1srd0q1s0_finger_seed2_ckpt500000.out
[Sat Jul 18 02:40:26 UTC 2026] launcher worker end gpu=1 shard=1/16 rc=1
[Sat Jul 18 02:40:28 UTC 2026] launcher worker start gpu=1 shard=1/16 arm= transform=srd1 seeds=1 2 3 4 5 6 7 8
[Sat Jul 18 02:40:28 UTC 2026] START shard=1/16 gpu=1 run=adapt_ax1srd1q1s0_finger_seed2_ckpt500000
[Sat Jul 18 02:41:59 UTC 2026] FAILED run=adapt_ax1srd1q1s0_finger_seed2_ckpt500000 rc=1 log=/workspace/dreamerv3_runs/_cloud_logs/adapt_ax1srd1q1s0_finger_seed2_ckpt500000.out
[Sat Jul 18 02:41:59 UTC 2026] launcher worker end gpu=1 shard=1/16 rc=1
[Sat Jul 18 02:42:01 UTC 2026] launcher worker start gpu=1 shard=1/16 arm= transform=sid seeds=1 2 3 4 5 6 7 8
[Sat Jul 18 02:42:01 UTC 2026] START shard=1/16 gpu=1 run=adapt_ax1sidq1s0_finger_seed2_ckpt500000
[Sat Jul 18 02:43:32 UTC 2026] FAILED run=adapt_ax1sidq1s0_finger_seed2_ckpt500000 rc=1 log=/workspace/dreamerv3_runs/_cloud_logs/adapt_ax1sidq1s0_finger_seed2_ckpt500000.out
[Sat Jul 18 02:43:32 UTC 2026] launcher worker end gpu=1 shard=1/16 rc=1
[Sat Jul 18 03:28:08 UTC 2026] launcher worker start gpu=1 shard=1/16 arm= transform=srd0 seeds=1 2 3 4 5 6 7 8
[Sat Jul 18 03:28:08 UTC 2026] START shard=1/16 gpu=1 run=adapt_ax1srd0q1s0_finger_seed2_ckpt500000
[Sat Jul 18 07:27:19 UTC 2026] DONE run=adapt_ax1srd0q1s0_finger_seed2_ckpt500000 log=/workspace/dreamerv3_runs/_cloud_logs/adapt_ax1srd0q1s0_finger_seed2_ckpt500000.out
[Sat Jul 18 07:27:19 UTC 2026] shard=1 finished ran=1
[Sat Jul 18 07:27:19 UTC 2026] launcher worker end gpu=1 shard=1/16 rc=0
[Sat Jul 18 07:28:53 UTC 2026] launcher worker start gpu=1 shard=1/16 arm= transform=srd1 seeds=1 2 3 4 5 6 7 8
[Sat Jul 18 07:28:53 UTC 2026] START shard=1/16 gpu=1 run=adapt_ax1srd1q1s0_finger_seed2_ckpt500000
[Sat Jul 18 11:28:01 UTC 2026] DONE run=adapt_ax1srd1q1s0_finger_seed2_ckpt500000 log=/workspace/dreamerv3_runs/_cloud_logs/adapt_ax1srd1q1s0_finger_seed2_ckpt500000.out
[Sat Jul 18 11:28:01 UTC 2026] shard=1 finished ran=1
[Sat Jul 18 11:28:01 UTC 2026] launcher worker end gpu=1 shard=1/16 rc=0
[Sat Jul 18 11:29:33 UTC 2026] launcher worker start gpu=1 shard=1/16 arm= transform=sid seeds=1 2 3 4 5 6 7 8
[Sat Jul 18 11:29:33 UTC 2026] START shard=1/16 gpu=1 run=adapt_ax1sidq1s0_finger_seed2_ckpt500000
[Sat Jul 18 15:28:44 UTC 2026] DONE run=adapt_ax1sidq1s0_finger_seed2_ckpt500000 log=/workspace/dreamerv3_runs/_cloud_logs/adapt_ax1sidq1s0_finger_seed2_ckpt500000.out
[Sat Jul 18 15:28:44 UTC 2026] shard=1 finished ran=1
[Sat Jul 18 15:28:44 UTC 2026] launcher worker end gpu=1 shard=1/16 rc=0
