[Sat Jul 18 00:17:17 UTC 2026] START shard=13/16 gpu=1 run=adapt_ax1sgbq1s1_finger_seed14_ckpt500000
[Sat Jul 18 03:10:29 UTC 2026] DONE run=adapt_ax1sgbq1s1_finger_seed14_ckpt500000 log=/workspace/dreamerv3_runs/_cloud_logs/adapt_ax1sgbq1s1_finger_seed14_ckpt500000.out
[Sat Jul 18 03:10:29 UTC 2026] shard=13 finished ran=1
[Sat Jul 18 05:02:17 UTC 2026] launcher worker start gpu=1 shard=13/16 arm= transform= seeds=1 2 3 4 5 6 7 8
[Sat Jul 18 05:02:17 UTC 2026] START shard=13/16 gpu=1 run=adapt_ax1q1s1_synth_seed6_ckpt500000
[Sat Jul 18 08:00:04 UTC 2026] DONE run=adapt_ax1q1s1_synth_seed6_ckpt500000 log=/workspace/dreamerv3_runs/_cloud_logs/adapt_ax1q1s1_synth_seed6_ckpt500000.out
[Sat Jul 18 08:00:04 UTC 2026] shard=13 finished ran=1
[Sat Jul 18 08:00:04 UTC 2026] launcher worker end gpu=1 shard=13/16 rc=0
[Sat Jul 18 08:02:39 UTC 2026] launcher worker start gpu=1 shard=13/16 arm= transform= seeds=1 2 3 4 5 6 7 8
[Sat Jul 18 08:02:39 UTC 2026] START shard=13/16 gpu=1 run=adapt_ax1fq1s1_synth_seed6_ckpt500000
[Sat Jul 18 13:19:43 UTC 2026] DONE run=adapt_ax1fq1s1_synth_seed6_ckpt500000 log=/workspace/dreamerv3_runs/_cloud_logs/adapt_ax1fq1s1_synth_seed6_ckpt500000.out
[Sat Jul 18 13:19:43 UTC 2026] shard=13 finished ran=1
[Sat Jul 18 13:19:43 UTC 2026] launcher worker end gpu=1 shard=13/16 rc=0
[Sat Jul 18 13:23:52 UTC 2026] launcher worker start gpu=1 shard=13/16 arm= transform=sh seeds=1 2 3 4 5 6 7 8
[Sat Jul 18 13:23:52 UTC 2026] START shard=13/16 gpu=1 run=adapt_ax1shq1s1_synth_seed6_ckpt500000
[Sat Jul 18 16:21:22 UTC 2026] DONE run=adapt_ax1shq1s1_synth_seed6_ckpt500000 log=/workspace/dreamerv3_runs/_cloud_logs/adapt_ax1shq1s1_synth_seed6_ckpt500000.out
[Sat Jul 18 16:21:22 UTC 2026] shard=13 finished ran=1
[Sat Jul 18 16:21:22 UTC 2026] launcher worker end gpu=1 shard=13/16 rc=0
[Sat Jul 18 16:26:08 UTC 2026] START gpu=1 run=adapt_ax1v4q1v400s1_finger_seed2_ckpt500000 mode=task replay=/workspace/dreamerv3_runs/axis1_finger/q1v400/side1
[Sat Jul 18 19:24:33 UTC 2026] DONE gpu=1 run=adapt_ax1v4q1v400s1_finger_seed2_ckpt500000 log=/workspace/dreamerv3_runs/_cloud_logs/adapt_ax1v4q1v400s1_finger_seed2_ckpt500000.out
[Sat Jul 18 19:24:33 UTC 2026] shard=13 finished
