[Fri Jul 17 10:21:38 CDT 2026] d0 RUN_ID=d1pilot_finger_e1_seed3 TASK=dmc_finger_turn_hard DOSE=e1 SEED=3 STEPS=1e5 -> /scratch/midway3/rickybao/dreamerv3_runs/d1pilot_finger_e1_seed3
2026-07-17 10:23:54.984815: E external/xla/xla/python/profiler/internal/python_hooks.cc:400] Can't import tensorflow.python.profiler.trace
2026-07-17 10:23:57.248905: E external/xla/xla/python/profiler/internal/python_hooks.cc:400] Can't import tensorflow.python.profiler.trace
---  ___                           __   ______ ---
--- |   \ _ _ ___ __ _ _ __  ___ _ \ \ / /__ / ---
--- | |) | '_/ -_) _` | '  \/ -_) '/\ V / |_ \ ---
--- |___/|_| \___\__,_|_|_|_\___|_|  \_/ |___/ ---
Replica: 0 / 1
Logdir: /scratch/midway3/rickybao/dreamerv3_runs/d1pilot_finger_e1_seed3
Run script: train
Observations
  reward           Space(float32, shape=(), low=-inf, high=inf)
  is_first         Space(bool, shape=(), low=False, high=True)
  is_last          Space(bool, shape=(), low=False, high=True)
  is_terminal      Space(bool, shape=(), low=False, high=True)
  position         Space(float32, shape=(4,), low=-inf, high=inf)
  velocity         Space(float32, shape=(3,), low=-inf, high=inf)
  touch            Space(float32, shape=(2,), low=-inf, high=inf)
  target_position  Space(float32, shape=(2,), low=-inf, high=inf)
  dist_to_target   Space(float32, shape=(), low=-inf, high=inf)
Actions
  action           Space(float32, shape=(2,), low=-1.0, high=1.0)
Extras
  consec           Space(int32, shape=(), low=-2147483648, high=2147483647)
  stepid           Space(uint8, shape=(20,), low=0, high=255)
  dyn/deter        Space(float32, shape=(512,), low=-inf, high=inf)
  dyn/stoch        Space(float32, shape=(32, 4), low=-inf, high=inf)
JAX devices (1): [cuda:0]
Policy devices: cuda:0
Train devices:  cuda:0
Initializing parameters...
Optimizer opt has 4,132,234 params:
     3,163,136 disag
       396,666 val
       364,160 dyn
        66,111 valens3
        66,111 valens1
        66,111 valens2
        66,111 valens4
        66,111 valens0
        57,663 rew
        50,316 dec
        49,796 pol
        41,153 con
         9,344 enc
Done initializing!
Compiling 1 checkpoint groups...
Largest checkpoint group: 0 GB
Compiling train and report...
Train cost analysis:
  FLOPS:            2.9e+10
  Memory (temp):    8.3e+08
  Memory (inputs):  5.4e+07
  Memory (outputs): 5.3e+07
  Memory (code):    4.3e+06

Report cost analysis:
  FLOPS:            1.8e+06
  Memory (temp):    9.2e+05
  Memory (inputs):  2.7e+06
  Memory (outputs): 2.1e+04
  Memory (code):    1.0e+05

Done compiling!
Did not find any checkpoint.
Saving checkpoint: /scratch/midway3/rickybao/dreamerv3_runs/d1pilot_finger_e1_seed3/ckpt/20260717T102344F679221
Saved checkpoint.
Start training loop
Start JAX profiler: /scratch/midway3/rickybao/dreamerv3_runs/d1pilot_finger_e1_seed3
Stop JAX profiler

--------------------[Agent Step 3_568]--------------------
Metrics filtered by: 'score|length|fps|ratio|train/loss/|train/rand/'
train/loss/con 0.12 / train/loss/disag 0.07 / train/loss/dist_to_target 0.05 / train/loss/dyn 2.41 / train/loss/policy -6e-4 / train/loss/position 0.7 / train/loss/rep 2.41 / train/loss/repval 6.44 / train/loss/rew 3.1 / train/loss/target_position 0.14 / train/loss/touch 0.25 / train/loss/valens 3.7 / train/loss/valensrep 6.3 / train/loss/value 3.82 / train/loss/velocity 1.7 / replay/replay_ratio 622.2 / fps/policy 28.92 / fps/train 1.3e4

Writing metrics: /scratch/midway3/rickybao/dreamerv3_runs/d1pilot_finger_e1_seed3/scores.jsonl
Writing metrics: /scratch/midway3/rickybao/dreamerv3_runs/d1pilot_finger_e1_seed3/metrics.jsonl

--------------------[Agent Step 5_200]--------------------
Metrics filtered by: 'score|length|fps|ratio|train/loss/|train/rand/'
train/loss/con 0.02 / train/loss/disag 8.9e-3 / train/loss/dist_to_target 5.8e-3 / train/loss/dyn 1.36 / train/loss/policy -8.1e-4 / train/loss/position 0.05 / train/loss/rep 1.36 / train/loss/repval 0.09 / train/loss/rew 0.06 / train/loss/target_position 0.02 / train/loss/touch 0.07 / train/loss/valens 0.2 / train/loss/valensrep 0.21 / train/loss/value 0.09 / train/loss/velocity 0.29 / replay/replay_ratio 1040 / fps/policy 13.5 / fps/train 1.4e4

Writing metrics: /scratch/midway3/rickybao/dreamerv3_runs/d1pilot_finger_e1_seed3/metrics.jsonl
Writing metrics: /scratch/midway3/rickybao/dreamerv3_runs/d1pilot_finger_e1_seed3/scores.jsonl

--------------------[Agent Step 6_832]--------------------
Metrics filtered by: 'score|length|fps|ratio|train/loss/|train/rand/'
train/loss/con 0.02 / train/loss/disag 5.3e-3 / train/loss/dist_to_target 4e-3 / train/loss/dyn 1.23 / train/loss/policy -8.3e-4 / train/loss/position 0.04 / train/loss/rep 1.23 / train/loss/repval 0.01 / train/loss/rew 0.01 / train/loss/target_position 0.01 / train/loss/touch 0.05 / train/loss/valens 0.04 / train/loss/valensrep 0.04 / train/loss/value 0.01 / train/loss/velocity 0.19 / replay/replay_ratio 1040 / fps/policy 13.51 / fps/train 1.4e4

Writing metrics: /scratch/midway3/rickybao/dreamerv3_runs/d1pilot_finger_e1_seed3/metrics.jsonl
Writing metrics: /scratch/midway3/rickybao/dreamerv3_runs/d1pilot_finger_e1_seed3/scores.jsonl

--------------------[Agent Step 8_448]--------------------
Metrics filtered by: 'score|length|fps|ratio|train/loss/|train/rand/'
train/loss/con 0.02 / train/loss/disag 4.4e-3 / train/loss/dist_to_target 3.7e-3 / train/loss/dyn 1.19 / train/loss/policy -8.3e-4 / train/loss/position 0.03 / train/loss/rep 1.19 / train/loss/repval 5e-3 / train/loss/rew 3.9e-3 / train/loss/target_position 0.01 / train/loss/touch 0.04 / train/loss/valens 0.01 / train/loss/valensrep 0.01 / train/loss/value 4.9e-3 / train/loss/velocity 0.13 / replay/replay_ratio 1040 / fps/policy 13.46 / fps/train 1.4e4

Writing metrics: /scratch/midway3/rickybao/dreamerv3_runs/d1pilot_finger_e1_seed3/metrics.jsonl
Writing metrics: /scratch/midway3/rickybao/dreamerv3_runs/d1pilot_finger_e1_seed3/scores.jsonl

--------------------[Agent Step 10_080]--------------------
Metrics filtered by: 'score|length|fps|ratio|train/loss/|train/rand/'
train/loss/con 0.02 / train/loss/disag 4e-3 / train/loss/dist_to_target 3.4e-3 / train/loss/dyn 1.16 / train/loss/policy -8.3e-4 / train/loss/position 0.03 / train/loss/rep 1.16 / train/loss/repval 2e-3 / train/loss/rew 1.6e-3 / train/loss/target_position 0.01 / train/loss/touch 0.03 / train/loss/valens 4.8e-3 / train/loss/valensrep 5e-3 / train/loss/value 2e-3 / train/loss/velocity 0.1 / replay/replay_ratio 1040 / fps/policy 13.58 / fps/train 1.4e4

Writing metrics: /scratch/midway3/rickybao/dreamerv3_runs/d1pilot_finger_e1_seed3/metrics.jsonl
Writing metrics: /scratch/midway3/rickybao/dreamerv3_runs/d1pilot_finger_e1_seed3/scores.jsonl

--------------------[Agent Step 11_712]--------------------
Metrics filtered by: 'score|length|fps|ratio|train/loss/|train/rand/'
train/loss/con 0.02 / train/loss/disag 3.7e-3 / train/loss/dist_to_target 3e-3 / train/loss/dyn 1.14 / train/loss/policy -8.3e-4 / train/loss/position 0.02 / train/loss/rep 1.14 / train/loss/repval 8.4e-4 / train/loss/rew 6.5e-4 / train/loss/target_position 0.01 / train/loss/touch 0.02 / train/loss/valens 2e-3 / train/loss/valensrep 2e-3 / train/loss/value 8.2e-4 / train/loss/velocity 0.08 / replay/replay_ratio 1040 / fps/policy 13.59 / fps/train 1.4e4

Writing metrics: /scratch/midway3/rickybao/dreamerv3_runs/d1pilot_finger_e1_seed3/metrics.jsonl
Writing metrics: /scratch/midway3/rickybao/dreamerv3_runs/d1pilot_finger_e1_seed3/scores.jsonl

--------------------[Agent Step 13_344]--------------------
Metrics filtered by: 'score|length|fps|ratio|train/loss/|train/rand/'
train/loss/con 0.02 / train/loss/disag 3.3e-3 / train/loss/dist_to_target 2.9e-3 / train/loss/dyn 1.11 / train/loss/policy -8.3e-4 / train/loss/position 0.02 / train/loss/rep 1.11 / train/loss/repval 3.6e-4 / train/loss/rew 2.7e-4 / train/loss/target_position 0.01 / train/loss/touch 0.02 / train/loss/valens 8.4e-4 / train/loss/valensrep 8.6e-4 / train/loss/value 3.5e-4 / train/loss/velocity 0.07 / replay/replay_ratio 1040 / fps/policy 13.6 / fps/train 1.4e4

Writing metrics: /scratch/midway3/rickybao/dreamerv3_runs/d1pilot_finger_e1_seed3/metrics.jsonl
Writing metrics: /scratch/midway3/rickybao/dreamerv3_runs/d1pilot_finger_e1_seed3/scores.jsonl
Saving checkpoint: /scratch/midway3/rickybao/dreamerv3_runs/d1pilot_finger_e1_seed3/ckpt/20260717T103847F456034
Saved checkpoint.

--------------------[Agent Step 14_976]--------------------
Metrics filtered by: 'score|length|fps|ratio|train/loss/|train/rand/'
train/loss/con 0.02 / train/loss/disag 2.8e-3 / train/loss/dist_to_target 2.8e-3 / train/loss/dyn 1.11 / train/loss/policy -8.3e-4 / train/loss/position 0.02 / train/loss/rep 1.11 / train/loss/repval 1.6e-4 / train/loss/rew 1.2e-4 / train/loss/target_position 0.01 / train/loss/touch 0.02 / train/loss/valens 3.6e-4 / train/loss/valensrep 3.6e-4 / train/loss/value 1.5e-4 / train/loss/velocity 0.06 / replay/replay_ratio 1040 / fps/policy 13.49 / fps/train 1.4e4

Writing metrics: /scratch/midway3/rickybao/dreamerv3_runs/d1pilot_finger_e1_seed3/metrics.jsonl
Writing metrics: /scratch/midway3/rickybao/dreamerv3_runs/d1pilot_finger_e1_seed3/scores.jsonl

--------------------[Agent Step 16_624]--------------------
Metrics filtered by: 'score|length|fps|ratio|train/loss/|train/rand/'
episode/score 0 / episode/length 1001 / train/loss/con 0.02 / train/loss/disag 2.4e-3 / train/loss/dist_to_target 2.7e-3 / train/loss/dyn 1.1 / train/loss/policy -8.3e-4 / train/loss/position 0.02 / train/loss/rep 1.1 / train/loss/repval 8.4e-4 / train/loss/rew 7.1e-4 / train/loss/target_position 0.01 / train/loss/touch 0.01 / train/loss/valens 2.3e-4 / train/loss/valensrep 9.5e-4 / train/loss/value 1.2e-4 / train/loss/velocity 0.05 / replay/replay_ratio 1040 / fps/policy 13.7 / fps/train 1.4e4

Writing metrics: /scratch/midway3/rickybao/dreamerv3_runs/d1pilot_finger_e1_seed3/metrics.jsonl
Writing metrics: /scratch/midway3/rickybao/dreamerv3_runs/d1pilot_finger_e1_seed3/scores.jsonl

--------------------[Agent Step 18_272]--------------------
Metrics filtered by: 'score|length|fps|ratio|train/loss/|train/rand/'
train/loss/con 0.02 / train/loss/disag 2.2e-3 / train/loss/dist_to_target 2.8e-3 / train/loss/dyn 1.11 / train/loss/policy 0.02 / train/loss/position 0.02 / train/loss/rep 1.11 / train/loss/repval 1.93 / train/loss/rew 0.03 / train/loss/target_position 0.01 / train/loss/touch 0.01 / train/loss/valens 1.8 / train/loss/valensrep 1.81 / train/loss/value 1.9 / train/loss/velocity 0.06 / replay/replay_ratio 1040 / fps/policy 13.65 / fps/train 1.4e4

Writing metrics: /scratch/midway3/rickybao/dreamerv3_runs/d1pilot_finger_e1_seed3/metrics.jsonl
Writing metrics: /scratch/midway3/rickybao/dreamerv3_runs/d1pilot_finger_e1_seed3/scores.jsonl

--------------------[Agent Step 19_936]--------------------
Metrics filtered by: 'score|length|fps|ratio|train/loss/|train/rand/'
train/loss/con 0.02 / train/loss/disag 2e-3 / train/loss/dist_to_target 2.8e-3 / train/loss/dyn 1.09 / train/loss/policy -0.16 / train/loss/position 0.02 / train/loss/rep 1.09 / train/loss/repval 2.25 / train/loss/rew 0.04 / train/loss/target_position 0.01 / train/loss/touch 9.2e-3 / train/loss/valens 2.2 / train/loss/valensrep 2.27 / train/loss/value 2.19 / train/loss/velocity 0.05 / replay/replay_ratio 1040 / fps/policy 13.77 / fps/train 1.4e4

Writing metrics: /scratch/midway3/rickybao/dreamerv3_runs/d1pilot_finger_e1_seed3/metrics.jsonl
Writing metrics: /scratch/midway3/rickybao/dreamerv3_runs/d1pilot_finger_e1_seed3/scores.jsonl

--------------------[Agent Step 21_616]--------------------
Metrics filtered by: 'score|length|fps|ratio|train/loss/|train/rand/'
train/loss/con 0.02 / train/loss/disag 1.9e-3 / train/loss/dist_to_target 2.7e-3 / train/loss/dyn 1.1 / train/loss/policy -0.11 / train/loss/position 0.02 / train/loss/rep 1.1 / train/loss/repval 1.91 / train/loss/rew 0.03 / train/loss/target_position 0.01 / train/loss/touch 7.5e-3 / train/loss/valens 1.78 / train/loss/valensrep 1.87 / train/loss/value 1.82 / train/loss/velocity 0.05 / replay/replay_ratio 1040 / fps/policy 13.87 / fps/train 1.4e4

Writing metrics: /scratch/midway3/rickybao/dreamerv3_runs/d1pilot_finger_e1_seed3/scores.jsonl
Writing metrics: /scratch/midway3/rickybao/dreamerv3_runs/d1pilot_finger_e1_seed3/metrics.jsonl

--------------------[Agent Step 23_296]--------------------
Metrics filtered by: 'score|length|fps|ratio|train/loss/|train/rand/'
train/loss/con 0.02 / train/loss/disag 1.7e-3 / train/loss/dist_to_target 2.6e-3 / train/loss/dyn 1.1 / train/loss/policy -0.1 / train/loss/position 0.02 / train/loss/rep 1.1 / train/loss/repval 1.7 / train/loss/rew 0.03 / train/loss/target_position 0.01 / train/loss/touch 6.6e-3 / train/loss/valens 1.64 / train/loss/valensrep 1.76 / train/loss/value 1.69 / train/loss/velocity 0.05 / replay/replay_ratio 1040 / fps/policy 13.98 / fps/train 1.4e4

Writing metrics: /scratch/midway3/rickybao/dreamerv3_runs/d1pilot_finger_e1_seed3/metrics.jsonl
Writing metrics: /scratch/midway3/rickybao/dreamerv3_runs/d1pilot_finger_e1_seed3/scores.jsonl

--------------------[Agent Step 24_976]--------------------
Metrics filtered by: 'score|length|fps|ratio|train/loss/|train/rand/'
train/loss/con 0.02 / train/loss/disag 1.7e-3 / train/loss/dist_to_target 2.4e-3 / train/loss/dyn 1.12 / train/loss/policy -0.07 / train/loss/position 0.02 / train/loss/rep 1.12 / train/loss/repval 1.65 / train/loss/rew 0.02 / train/loss/target_position 9.9e-3 / train/loss/touch 6.1e-3 / train/loss/valens 1.63 / train/loss/valensrep 1.74 / train/loss/value 1.54 / train/loss/velocity 0.05 / replay/replay_ratio 1040 / fps/policy 13.87 / fps/train 1.4e4

Writing metrics: /scratch/midway3/rickybao/dreamerv3_runs/d1pilot_finger_e1_seed3/metrics.jsonl
Writing metrics: /scratch/midway3/rickybao/dreamerv3_runs/d1pilot_finger_e1_seed3/scores.jsonl
Saving checkpoint: /scratch/midway3/rickybao/dreamerv3_runs/d1pilot_finger_e1_seed3/ckpt/20260717T105347F988954
Saved checkpoint.

--------------------[Agent Step 26_640]--------------------
Metrics filtered by: 'score|length|fps|ratio|train/loss/|train/rand/'
train/loss/con 0.02 / train/loss/disag 1.7e-3 / train/loss/dist_to_target 2.1e-3 / train/loss/dyn 1.12 / train/loss/policy -0.07 / train/loss/position 0.02 / train/loss/rep 1.12 / train/loss/repval 1.48 / train/loss/rew 0.02 / train/loss/target_position 7.2e-3 / train/loss/touch 5.7e-3 / train/loss/valens 1.55 / train/loss/valensrep 1.66 / train/loss/value 1.41 / train/loss/velocity 0.05 / replay/replay_ratio 1040 / fps/policy 13.81 / fps/train 1.4e4

Writing metrics: /scratch/midway3/rickybao/dreamerv3_runs/d1pilot_finger_e1_seed3/metrics.jsonl
Writing metrics: /scratch/midway3/rickybao/dreamerv3_runs/d1pilot_finger_e1_seed3/scores.jsonl

--------------------[Agent Step 28_320]--------------------
Metrics filtered by: 'score|length|fps|ratio|train/loss/|train/rand/'
train/loss/con 0.02 / train/loss/disag 1.7e-3 / train/loss/dist_to_target 1.8e-3 / train/loss/dyn 1.18 / train/loss/policy -0.05 / train/loss/position 0.02 / train/loss/rep 1.18 / train/loss/repval 1.72 / train/loss/rew 0.02 / train/loss/target_position 6.5e-3 / train/loss/touch 5.9e-3 / train/loss/valens 1.6 / train/loss/valensrep 1.81 / train/loss/value 1.5 / train/loss/velocity 0.06 / replay/replay_ratio 1040 / fps/policy 13.95 / fps/train 1.4e4

Writing metrics: /scratch/midway3/rickybao/dreamerv3_runs/d1pilot_finger_e1_seed3/metrics.jsonl
Writing metrics: /scratch/midway3/rickybao/dreamerv3_runs/d1pilot_finger_e1_seed3/scores.jsonl

--------------------[Agent Step 29_984]--------------------
Metrics filtered by: 'score|length|fps|ratio|train/loss/|train/rand/'
train/loss/con 0.02 / train/loss/disag 1.6e-3 / train/loss/dist_to_target 1.7e-3 / train/loss/dyn 1.17 / train/loss/policy -0.03 / train/loss/position 0.02 / train/loss/rep 1.17 / train/loss/repval 1.71 / train/loss/rew 0.03 / train/loss/target_position 6.1e-3 / train/loss/touch 6.4e-3 / train/loss/valens 1.59 / train/loss/valensrep 1.79 / train/loss/value 1.48 / train/loss/velocity 0.06 / replay/replay_ratio 1040 / fps/policy 13.86 / fps/train 1.4e4

Writing metrics: /scratch/midway3/rickybao/dreamerv3_runs/d1pilot_finger_e1_seed3/metrics.jsonl
Writing metrics: /scratch/midway3/rickybao/dreamerv3_runs/d1pilot_finger_e1_seed3/scores.jsonl

--------------------[Agent Step 31_648]--------------------
Metrics filtered by: 'score|length|fps|ratio|train/loss/|train/rand/'
train/loss/con 0.02 / train/loss/disag 1.7e-3 / train/loss/dist_to_target 1.7e-3 / train/loss/dyn 1.18 / train/loss/policy -0.02 / train/loss/position 0.01 / train/loss/rep 1.18 / train/loss/repval 1.86 / train/loss/rew 0.03 / train/loss/target_position 6.1e-3 / train/loss/touch 8.8e-3 / train/loss/valens 1.75 / train/loss/valensrep 1.97 / train/loss/value 1.55 / train/loss/velocity 0.06 / replay/replay_ratio 1040 / fps/policy 13.81 / fps/train 1.4e4

Writing metrics: /scratch/midway3/rickybao/dreamerv3_runs/d1pilot_finger_e1_seed3/metrics.jsonl
Writing metrics: /scratch/midway3/rickybao/dreamerv3_runs/d1pilot_finger_e1_seed3/scores.jsonl

--------------------[Agent Step 33_312]--------------------
Metrics filtered by: 'score|length|fps|ratio|train/loss/|train/rand/'
episode/score 0 / episode/length 1001 / train/loss/con 0.02 / train/loss/disag 1.8e-3 / train/loss/dist_to_target 1.7e-3 / train/loss/dyn 1.22 / train/loss/policy -0.01 / train/loss/position 0.02 / train/loss/rep 1.22 / train/loss/repval 1.65 / train/loss/rew 0.03 / train/loss/target_position 6.2e-3 / train/loss/touch 0.01 / train/loss/valens 1.45 / train/loss/valensrep 1.58 / train/loss/value 1.42 / train/loss/velocity 0.07 / replay/replay_ratio 1040 / fps/policy 13.85 / fps/train 1.4e4

Writing metrics: /scratch/midway3/rickybao/dreamerv3_runs/d1pilot_finger_e1_seed3/scores.jsonl
Writing metrics: /scratch/midway3/rickybao/dreamerv3_runs/d1pilot_finger_e1_seed3/metrics.jsonl

--------------------[Agent Step 34_992]--------------------
Metrics filtered by: 'score|length|fps|ratio|train/loss/|train/rand/'
train/loss/con 0.02 / train/loss/disag 1.9e-3 / train/loss/dist_to_target 1.8e-3 / train/loss/dyn 1.3 / train/loss/policy -2.8e-3 / train/loss/position 0.02 / train/loss/rep 1.3 / train/loss/repval 1.79 / train/loss/rew 0.05 / train/loss/target_position 6.5e-3 / train/loss/touch 0.01 / train/loss/valens 1.37 / train/loss/valensrep 1.57 / train/loss/value 1.65 / train/loss/velocity 0.08 / replay/replay_ratio 1040 / fps/policy 13.9 / fps/train 1.4e4

Writing metrics: /scratch/midway3/rickybao/dreamerv3_runs/d1pilot_finger_e1_seed3/metrics.jsonl
Writing metrics: /scratch/midway3/rickybao/dreamerv3_runs/d1pilot_finger_e1_seed3/scores.jsonl

--------------------[Agent Step 36_656]--------------------
Metrics filtered by: 'score|length|fps|ratio|train/loss/|train/rand/'
train/loss/con 0.02 / train/loss/disag 1.9e-3 / train/loss/dist_to_target 1.9e-3 / train/loss/dyn 1.3 / train/loss/policy -4.1e-3 / train/loss/position 0.02 / train/loss/rep 1.3 / train/loss/repval 1.53 / train/loss/rew 0.05 / train/loss/target_position 6.6e-3 / train/loss/touch 0.01 / train/loss/valens 1.21 / train/loss/valensrep 1.4 / train/loss/value 1.42 / train/loss/velocity 0.08 / replay/replay_ratio 1040 / fps/policy 13.8 / fps/train 1.4e4

Writing metrics: /scratch/midway3/rickybao/dreamerv3_runs/d1pilot_finger_e1_seed3/metrics.jsonl
Writing metrics: /scratch/midway3/rickybao/dreamerv3_runs/d1pilot_finger_e1_seed3/scores.jsonl

--------------------[Agent Step 38_336]--------------------
Metrics filtered by: 'score|length|fps|ratio|train/loss/|train/rand/'
train/loss/con 0.02 / train/loss/disag 2e-3 / train/loss/dist_to_target 2e-3 / train/loss/dyn 1.35 / train/loss/policy -0.02 / train/loss/position 0.02 / train/loss/rep 1.35 / train/loss/repval 1.43 / train/loss/rew 0.05 / train/loss/target_position 6.7e-3 / train/loss/touch 0.02 / train/loss/valens 1.21 / train/loss/valensrep 1.39 / train/loss/value 1.26 / train/loss/velocity 0.09 / replay/replay_ratio 1040 / fps/policy 13.87 / fps/train 1.4e4

Writing metrics: /scratch/midway3/rickybao/dreamerv3_runs/d1pilot_finger_e1_seed3/metrics.jsonl
Writing metrics: /scratch/midway3/rickybao/dreamerv3_runs/d1pilot_finger_e1_seed3/scores.jsonl
Saving checkpoint: /scratch/midway3/rickybao/dreamerv3_runs/d1pilot_finger_e1_seed3/ckpt/20260717T110848F473810
Saved checkpoint.

--------------------[Agent Step 40_016]--------------------
Metrics filtered by: 'score|length|fps|ratio|train/loss/|train/rand/'
train/loss/con 0.02 / train/loss/disag 2e-3 / train/loss/dist_to_target 2.1e-3 / train/loss/dyn 1.41 / train/loss/policy -0.03 / train/loss/position 0.02 / train/loss/rep 1.41 / train/loss/repval 1.44 / train/loss/rew 0.05 / train/loss/target_position 6.8e-3 / train/loss/touch 0.02 / train/loss/valens 1.23 / train/loss/valensrep 1.43 / train/loss/value 1.28 / train/loss/velocity 0.09 / replay/replay_ratio 1040 / fps/policy 13.9 / fps/train 1.4e4

Writing metrics: /scratch/midway3/rickybao/dreamerv3_runs/d1pilot_finger_e1_seed3/scores.jsonl
Writing metrics: /scratch/midway3/rickybao/dreamerv3_runs/d1pilot_finger_e1_seed3/metrics.jsonl

--------------------[Agent Step 41_696]--------------------
Metrics filtered by: 'score|length|fps|ratio|train/loss/|train/rand/'
train/loss/con 0.02 / train/loss/disag 2.1e-3 / train/loss/dist_to_target 2.1e-3 / train/loss/dyn 1.45 / train/loss/policy -0.02 / train/loss/position 0.02 / train/loss/rep 1.45 / train/loss/repval 1.52 / train/loss/rew 0.06 / train/loss/target_position 6.9e-3 / train/loss/touch 0.02 / train/loss/valens 1.36 / train/loss/valensrep 1.52 / train/loss/value 1.37 / train/loss/velocity 0.09 / replay/replay_ratio 1040 / fps/policy 13.88 / fps/train 1.4e4

Writing metrics: /scratch/midway3/rickybao/dreamerv3_runs/d1pilot_finger_e1_seed3/metrics.jsonl
Writing metrics: /scratch/midway3/rickybao/dreamerv3_runs/d1pilot_finger_e1_seed3/scores.jsonl

--------------------[Agent Step 43_376]--------------------
Metrics filtered by: 'score|length|fps|ratio|train/loss/|train/rand/'
train/loss/con 0.02 / train/loss/disag 2.2e-3 / train/loss/dist_to_target 2.1e-3 / train/loss/dyn 1.49 / train/loss/policy -0.02 / train/loss/position 0.02 / train/loss/rep 1.49 / train/loss/repval 1.71 / train/loss/rew 0.07 / train/loss/target_position 6.9e-3 / train/loss/touch 0.02 / train/loss/valens 1.43 / train/loss/valensrep 1.67 / train/loss/value 1.46 / train/loss/velocity 0.09 / replay/replay_ratio 1040 / fps/policy 13.94 / fps/train 1.4e4

Writing metrics: /scratch/midway3/rickybao/dreamerv3_runs/d1pilot_finger_e1_seed3/metrics.jsonl
Writing metrics: /scratch/midway3/rickybao/dreamerv3_runs/d1pilot_finger_e1_seed3/scores.jsonl

--------------------[Agent Step 45_056]--------------------
Metrics filtered by: 'score|length|fps|ratio|train/loss/|train/rand/'
train/loss/con 0.02 / train/loss/disag 2.2e-3 / train/loss/dist_to_target 1.9e-3 / train/loss/dyn 1.5 / train/loss/policy -0.01 / train/loss/position 0.02 / train/loss/rep 1.5 / train/loss/repval 1.65 / train/loss/rew 0.08 / train/loss/target_position 6.8e-3 / train/loss/touch 0.02 / train/loss/valens 1.37 / train/loss/valensrep 1.61 / train/loss/value 1.36 / train/loss/velocity 0.09 / replay/replay_ratio 1040 / fps/policy 13.98 / fps/train 1.4e4

Writing metrics: /scratch/midway3/rickybao/dreamerv3_runs/d1pilot_finger_e1_seed3/metrics.jsonl
Writing metrics: /scratch/midway3/rickybao/dreamerv3_runs/d1pilot_finger_e1_seed3/scores.jsonl

--------------------[Agent Step 46_736]--------------------
Metrics filtered by: 'score|length|fps|ratio|train/loss/|train/rand/'
train/loss/con 0.02 / train/loss/disag 2.3e-3 / train/loss/dist_to_target 1.9e-3 / train/loss/dyn 1.53 / train/loss/policy -0.02 / train/loss/position 0.02 / train/loss/rep 1.53 / train/loss/repval 1.64 / train/loss/rew 0.08 / train/loss/target_position 6.6e-3 / train/loss/touch 0.02 / train/loss/valens 1.42 / train/loss/valensrep 1.61 / train/loss/value 1.43 / train/loss/velocity 0.09 / replay/replay_ratio 1040 / fps/policy 13.93 / fps/train 1.4e4

Writing metrics: /scratch/midway3/rickybao/dreamerv3_runs/d1pilot_finger_e1_seed3/metrics.jsonl
Writing metrics: /scratch/midway3/rickybao/dreamerv3_runs/d1pilot_finger_e1_seed3/scores.jsonl

--------------------[Agent Step 48_400]--------------------
Metrics filtered by: 'score|length|fps|ratio|train/loss/|train/rand/'
episode/score 0 / episode/length 1001 / train/loss/con 0.02 / train/loss/disag 2.3e-3 / train/loss/dist_to_target 1.8e-3 / train/loss/dyn 1.54 / train/loss/policy -0.02 / train/loss/position 0.02 / train/loss/rep 1.54 / train/loss/repval 1.64 / train/loss/rew 0.09 / train/loss/target_position 6.5e-3 / train/loss/touch 0.02 / train/loss/valens 1.35 / train/loss/valensrep 1.61 / train/loss/value 1.35 / train/loss/velocity 0.09 / replay/replay_ratio 1040 / fps/policy 13.86 / fps/train 1.4e4

Writing metrics: /scratch/midway3/rickybao/dreamerv3_runs/d1pilot_finger_e1_seed3/metrics.jsonl
Writing metrics: /scratch/midway3/rickybao/dreamerv3_runs/d1pilot_finger_e1_seed3/scores.jsonl

--------------------[Agent Step 50_064]--------------------
Metrics filtered by: 'score|length|fps|ratio|train/loss/|train/rand/'
train/loss/con 0.02 / train/loss/disag 2.4e-3 / train/loss/dist_to_target 1.7e-3 / train/loss/dyn 1.61 / train/loss/policy -0.02 / train/loss/position 0.02 / train/loss/rep 1.61 / train/loss/repval 1.74 / train/loss/rew 0.09 / train/loss/target_position 6.4e-3 / train/loss/touch 0.02 / train/loss/valens 1.4 / train/loss/valensrep 1.71 / train/loss/value 1.41 / train/loss/velocity 0.09 / replay/replay_ratio 1040 / fps/policy 13.83 / fps/train 1.4e4

Writing metrics: /scratch/midway3/rickybao/dreamerv3_runs/d1pilot_finger_e1_seed3/metrics.jsonl
Writing metrics: /scratch/midway3/rickybao/dreamerv3_runs/d1pilot_finger_e1_seed3/scores.jsonl
Saving checkpoint: /scratch/midway3/rickybao/dreamerv3_runs/d1pilot_finger_e1_seed3/ckpt/20260717T112348F842964
Saved checkpoint.

--------------------[Agent Step 51_728]--------------------
Metrics filtered by: 'score|length|fps|ratio|train/loss/|train/rand/'
train/loss/con 0.02 / train/loss/disag 2.5e-3 / train/loss/dist_to_target 1.7e-3 / train/loss/dyn 1.63 / train/loss/policy -0.02 / train/loss/position 0.02 / train/loss/rep 1.63 / train/loss/repval 1.79 / train/loss/rew 0.11 / train/loss/target_position 6.1e-3 / train/loss/touch 0.02 / train/loss/valens 1.48 / train/loss/valensrep 1.8 / train/loss/value 1.45 / train/loss/velocity 0.09 / replay/replay_ratio 1040 / fps/policy 13.81 / fps/train 1.4e4

Writing metrics: /scratch/midway3/rickybao/dreamerv3_runs/d1pilot_finger_e1_seed3/metrics.jsonl
Writing metrics: /scratch/midway3/rickybao/dreamerv3_runs/d1pilot_finger_e1_seed3/scores.jsonl

--------------------[Agent Step 53_424]--------------------
Metrics filtered by: 'score|length|fps|ratio|train/loss/|train/rand/'
train/loss/con 0.02 / train/loss/disag 2.6e-3 / train/loss/dist_to_target 1.7e-3 / train/loss/dyn 1.67 / train/loss/policy -0.02 / train/loss/position 0.02 / train/loss/rep 1.67 / train/loss/repval 1.86 / train/loss/rew 0.11 / train/loss/target_position 5.8e-3 / train/loss/touch 0.02 / train/loss/valens 1.56 / train/loss/valensrep 1.89 / train/loss/value 1.51 / train/loss/velocity 0.09 / replay/replay_ratio 1040 / fps/policy 14.01 / fps/train 1.4e4

Writing metrics: /scratch/midway3/rickybao/dreamerv3_runs/d1pilot_finger_e1_seed3/metrics.jsonl
Writing metrics: /scratch/midway3/rickybao/dreamerv3_runs/d1pilot_finger_e1_seed3/scores.jsonl

--------------------[Agent Step 55_120]--------------------
Metrics filtered by: 'score|length|fps|ratio|train/loss/|train/rand/'
train/loss/con 0.02 / train/loss/disag 2.6e-3 / train/loss/dist_to_target 1.6e-3 / train/loss/dyn 1.66 / train/loss/policy -0.01 / train/loss/position 0.02 / train/loss/rep 1.66 / train/loss/repval 1.91 / train/loss/rew 0.11 / train/loss/target_position 5.6e-3 / train/loss/touch 0.02 / train/loss/valens 1.56 / train/loss/valensrep 1.9 / train/loss/value 1.53 / train/loss/velocity 0.09 / replay/replay_ratio 1040 / fps/policy 14.02 / fps/train 1.4e4

Writing metrics: /scratch/midway3/rickybao/dreamerv3_runs/d1pilot_finger_e1_seed3/metrics.jsonl
Writing metrics: /scratch/midway3/rickybao/dreamerv3_runs/d1pilot_finger_e1_seed3/scores.jsonl

--------------------[Agent Step 56_800]--------------------
Metrics filtered by: 'score|length|fps|ratio|train/loss/|train/rand/'
train/loss/con 0.02 / train/loss/disag 2.6e-3 / train/loss/dist_to_target 1.6e-3 / train/loss/dyn 1.63 / train/loss/policy -0.01 / train/loss/position 0.02 / train/loss/rep 1.63 / train/loss/repval 2 / train/loss/rew 0.12 / train/loss/target_position 5.3e-3 / train/loss/touch 0.02 / train/loss/valens 1.59 / train/loss/valensrep 1.92 / train/loss/value 1.65 / train/loss/velocity 0.08 / replay/replay_ratio 1040 / fps/policy 13.88 / fps/train 1.4e4

Writing metrics: /scratch/midway3/rickybao/dreamerv3_runs/d1pilot_finger_e1_seed3/metrics.jsonl
Writing metrics: /scratch/midway3/rickybao/dreamerv3_runs/d1pilot_finger_e1_seed3/scores.jsonl

--------------------[Agent Step 58_496]--------------------
Metrics filtered by: 'score|length|fps|ratio|train/loss/|train/rand/'
train/loss/con 0.02 / train/loss/disag 2.5e-3 / train/loss/dist_to_target 1.5e-3 / train/loss/dyn 1.63 / train/loss/policy -0.01 / train/loss/position 0.02 / train/loss/rep 1.63 / train/loss/repval 2.02 / train/loss/rew 0.11 / train/loss/target_position 5.3e-3 / train/loss/touch 0.02 / train/loss/valens 1.66 / train/loss/valensrep 1.99 / train/loss/value 1.69 / train/loss/velocity 0.08 / replay/replay_ratio 1040 / fps/policy 14.01 / fps/train 1.4e4

Writing metrics: /scratch/midway3/rickybao/dreamerv3_runs/d1pilot_finger_e1_seed3/metrics.jsonl
Writing metrics: /scratch/midway3/rickybao/dreamerv3_runs/d1pilot_finger_e1_seed3/scores.jsonl

--------------------[Agent Step 60_176]--------------------
Metrics filtered by: 'score|length|fps|ratio|train/loss/|train/rand/'
train/loss/con 0.02 / train/loss/disag 2.4e-3 / train/loss/dist_to_target 1.4e-3 / train/loss/dyn 1.6 / train/loss/policy -3.1e-3 / train/loss/position 0.02 / train/loss/rep 1.6 / train/loss/repval 1.83 / train/loss/rew 0.09 / train/loss/target_position 5.5e-3 / train/loss/touch 0.02 / train/loss/valens 1.55 / train/loss/valensrep 1.84 / train/loss/value 1.52 / train/loss/velocity 0.08 / replay/replay_ratio 1040 / fps/policy 13.89 / fps/train 1.4e4

Writing metrics: /scratch/midway3/rickybao/dreamerv3_runs/d1pilot_finger_e1_seed3/metrics.jsonl
Writing metrics: /scratch/midway3/rickybao/dreamerv3_runs/d1pilot_finger_e1_seed3/scores.jsonl

--------------------[Agent Step 61_856]--------------------
Metrics filtered by: 'score|length|fps|ratio|train/loss/|train/rand/'
train/loss/con 0.02 / train/loss/disag 2.5e-3 / train/loss/dist_to_target 1.4e-3 / train/loss/dyn 1.62 / train/loss/policy -1.7e-3 / train/loss/position 0.02 / train/loss/rep 1.62 / train/loss/repval 1.86 / train/loss/rew 0.09 / train/loss/target_position 5.4e-3 / train/loss/touch 0.02 / train/loss/valens 1.48 / train/loss/valensrep 1.79 / train/loss/value 1.51 / train/loss/velocity 0.08 / replay/replay_ratio 1040 / fps/policy 13.91 / fps/train 1.4e4

Writing metrics: /scratch/midway3/rickybao/dreamerv3_runs/d1pilot_finger_e1_seed3/metrics.jsonl
Writing metrics: /scratch/midway3/rickybao/dreamerv3_runs/d1pilot_finger_e1_seed3/scores.jsonl

--------------------[Agent Step 63_536]--------------------
Metrics filtered by: 'score|length|fps|ratio|train/loss/|train/rand/'
train/loss/con 0.02 / train/loss/disag 2.6e-3 / train/loss/dist_to_target 1.4e-3 / train/loss/dyn 1.68 / train/loss/policy -6.8e-3 / train/loss/position 0.02 / train/loss/rep 1.68 / train/loss/repval 2.04 / train/loss/rew 0.1 / train/loss/target_position 5.3e-3 / train/loss/touch 0.02 / train/loss/valens 1.59 / train/loss/valensrep 1.91 / train/loss/value 1.69 / train/loss/velocity 0.08 / replay/replay_ratio 1040 / fps/policy 13.99 / fps/train 1.4e4

Writing metrics: /scratch/midway3/rickybao/dreamerv3_runs/d1pilot_finger_e1_seed3/metrics.jsonl
Writing metrics: /scratch/midway3/rickybao/dreamerv3_runs/d1pilot_finger_e1_seed3/scores.jsonl
Saving checkpoint: /scratch/midway3/rickybao/dreamerv3_runs/d1pilot_finger_e1_seed3/ckpt/20260717T113849F722302
Saved checkpoint.

--------------------[Agent Step 65_216]--------------------
Metrics filtered by: 'score|length|fps|ratio|train/loss/|train/rand/'
episode/score 0 / episode/length 1001 / train/loss/con 0.02 / train/loss/disag 2.7e-3 / train/loss/dist_to_target 1.4e-3 / train/loss/dyn 1.68 / train/loss/policy -8.2e-3 / train/loss/position 0.02 / train/loss/rep 1.68 / train/loss/repval 2.07 / train/loss/rew 0.1 / train/loss/target_position 5.1e-3 / train/loss/touch 0.02 / train/loss/valens 1.56 / train/loss/valensrep 1.86 / train/loss/value 1.71 / train/loss/velocity 0.08 / replay/replay_ratio 1040 / fps/policy 13.94 / fps/train 1.4e4

Writing metrics: /scratch/midway3/rickybao/dreamerv3_runs/d1pilot_finger_e1_seed3/metrics.jsonl
Writing metrics: /scratch/midway3/rickybao/dreamerv3_runs/d1pilot_finger_e1_seed3/scores.jsonl

--------------------[Agent Step 66_896]--------------------
Metrics filtered by: 'score|length|fps|ratio|train/loss/|train/rand/'
train/loss/con 0.02 / train/loss/disag 2.7e-3 / train/loss/dist_to_target 1.3e-3 / train/loss/dyn 1.69 / train/loss/policy -5.4e-3 / train/loss/position 0.02 / train/loss/rep 1.69 / train/loss/repval 2 / train/loss/rew 0.1 / train/loss/target_position 5e-3 / train/loss/touch 0.02 / train/loss/valens 1.53 / train/loss/valensrep 1.81 / train/loss/value 1.7 / train/loss/velocity 0.08 / replay/replay_ratio 1040 / fps/policy 13.93 / fps/train 1.4e4

Writing metrics: /scratch/midway3/rickybao/dreamerv3_runs/d1pilot_finger_e1_seed3/metrics.jsonl
Writing metrics: /scratch/midway3/rickybao/dreamerv3_runs/d1pilot_finger_e1_seed3/scores.jsonl

--------------------[Agent Step 68_576]--------------------
Metrics filtered by: 'score|length|fps|ratio|train/loss/|train/rand/'
train/loss/con 0.02 / train/loss/disag 2.6e-3 / train/loss/dist_to_target 1.3e-3 / train/loss/dyn 1.68 / train/loss/policy -6.6e-5 / train/loss/position 0.02 / train/loss/rep 1.68 / train/loss/repval 1.94 / train/loss/rew 0.09 / train/loss/target_position 5e-3 / train/loss/touch 0.02 / train/loss/valens 1.48 / train/loss/valensrep 1.78 / train/loss/value 1.64 / train/loss/velocity 0.08 / replay/replay_ratio 1040 / fps/policy 13.96 / fps/train 1.4e4

Writing metrics: /scratch/midway3/rickybao/dreamerv3_runs/d1pilot_finger_e1_seed3/metrics.jsonl
Writing metrics: /scratch/midway3/rickybao/dreamerv3_runs/d1pilot_finger_e1_seed3/scores.jsonl

--------------------[Agent Step 70_240]--------------------
Metrics filtered by: 'score|length|fps|ratio|train/loss/|train/rand/'
train/loss/con 0.02 / train/loss/disag 2.6e-3 / train/loss/dist_to_target 1.3e-3 / train/loss/dyn 1.7 / train/loss/policy -9.7e-4 / train/loss/position 0.01 / train/loss/rep 1.7 / train/loss/repval 1.98 / train/loss/rew 0.09 / train/loss/target_position 4.9e-3 / train/loss/touch 0.02 / train/loss/valens 1.56 / train/loss/valensrep 1.87 / train/loss/value 1.68 / train/loss/velocity 0.08 / replay/replay_ratio 1040 / fps/policy 13.83 / fps/train 1.4e4

Writing metrics: /scratch/midway3/rickybao/dreamerv3_runs/d1pilot_finger_e1_seed3/scores.jsonl
Writing metrics: /scratch/midway3/rickybao/dreamerv3_runs/d1pilot_finger_e1_seed3/metrics.jsonl

--------------------[Agent Step 71_920]--------------------
Metrics filtered by: 'score|length|fps|ratio|train/loss/|train/rand/'
train/loss/con 0.02 / train/loss/disag 2.6e-3 / train/loss/dist_to_target 1.2e-3 / train/loss/dyn 1.7 / train/loss/policy 3.8e-4 / train/loss/position 0.01 / train/loss/rep 1.7 / train/loss/repval 1.94 / train/loss/rew 0.09 / train/loss/target_position 4.9e-3 / train/loss/touch 0.02 / train/loss/valens 1.58 / train/loss/valensrep 1.84 / train/loss/value 1.71 / train/loss/velocity 0.08 / replay/replay_ratio 1040 / fps/policy 14 / fps/train 1.4e4

Writing metrics: /scratch/midway3/rickybao/dreamerv3_runs/d1pilot_finger_e1_seed3/metrics.jsonl
Writing metrics: /scratch/midway3/rickybao/dreamerv3_runs/d1pilot_finger_e1_seed3/scores.jsonl

--------------------[Agent Step 73_600]--------------------
Metrics filtered by: 'score|length|fps|ratio|train/loss/|train/rand/'
train/loss/con 0.02 / train/loss/disag 2.6e-3 / train/loss/dist_to_target 1.2e-3 / train/loss/dyn 1.69 / train/loss/policy -1e-3 / train/loss/position 0.01 / train/loss/rep 1.69 / train/loss/repval 1.97 / train/loss/rew 0.1 / train/loss/target_position 4.8e-3 / train/loss/touch 0.02 / train/loss/valens 1.59 / train/loss/valensrep 1.86 / train/loss/value 1.7 / train/loss/velocity 0.08 / replay/replay_ratio 1040 / fps/policy 13.88 / fps/train 1.4e4

Writing metrics: /scratch/midway3/rickybao/dreamerv3_runs/d1pilot_finger_e1_seed3/metrics.jsonl
Writing metrics: /scratch/midway3/rickybao/dreamerv3_runs/d1pilot_finger_e1_seed3/scores.jsonl

--------------------[Agent Step 75_296]--------------------
Metrics filtered by: 'score|length|fps|ratio|train/loss/|train/rand/'
train/loss/con 0.02 / train/loss/disag 2.6e-3 / train/loss/dist_to_target 1.2e-3 / train/loss/dyn 1.71 / train/loss/policy -2.6e-5 / train/loss/position 0.01 / train/loss/rep 1.71 / train/loss/repval 1.97 / train/loss/rew 0.11 / train/loss/target_position 4.9e-3 / train/loss/touch 0.02 / train/loss/valens 1.61 / train/loss/valensrep 1.87 / train/loss/value 1.69 / train/loss/velocity 0.08 / replay/replay_ratio 1040 / fps/policy 14.02 / fps/train 1.4e4

Writing metrics: /scratch/midway3/rickybao/dreamerv3_runs/d1pilot_finger_e1_seed3/metrics.jsonl
Writing metrics: /scratch/midway3/rickybao/dreamerv3_runs/d1pilot_finger_e1_seed3/scores.jsonl
Saving checkpoint: /scratch/midway3/rickybao/dreamerv3_runs/d1pilot_finger_e1_seed3/ckpt/20260717T115350F650647
Saved checkpoint.

--------------------[Agent Step 76_960]--------------------
Metrics filtered by: 'score|length|fps|ratio|train/loss/|train/rand/'
train/loss/con 0.02 / train/loss/disag 2.6e-3 / train/loss/dist_to_target 1.1e-3 / train/loss/dyn 1.7 / train/loss/policy 5.3e-4 / train/loss/position 0.01 / train/loss/rep 1.7 / train/loss/repval 1.93 / train/loss/rew 0.1 / train/loss/target_position 4.8e-3 / train/loss/touch 0.02 / train/loss/valens 1.58 / train/loss/valensrep 1.82 / train/loss/value 1.68 / train/loss/velocity 0.08 / replay/replay_ratio 1040 / fps/policy 13.81 / fps/train 1.4e4

Writing metrics: /scratch/midway3/rickybao/dreamerv3_runs/d1pilot_finger_e1_seed3/metrics.jsonl
Writing metrics: /scratch/midway3/rickybao/dreamerv3_runs/d1pilot_finger_e1_seed3/scores.jsonl

--------------------[Agent Step 78_624]--------------------
Metrics filtered by: 'score|length|fps|ratio|train/loss/|train/rand/'
train/loss/con 0.02 / train/loss/disag 2.6e-3 / train/loss/dist_to_target 1.1e-3 / train/loss/dyn 1.74 / train/loss/policy 1.4e-4 / train/loss/position 0.01 / train/loss/rep 1.74 / train/loss/repval 2.04 / train/loss/rew 0.1 / train/loss/target_position 4.9e-3 / train/loss/touch 0.02 / train/loss/valens 1.64 / train/loss/valensrep 1.89 / train/loss/value 1.79 / train/loss/velocity 0.08 / replay/replay_ratio 1040 / fps/policy 13.87 / fps/train 1.4e4

Writing metrics: /scratch/midway3/rickybao/dreamerv3_runs/d1pilot_finger_e1_seed3/metrics.jsonl
Writing metrics: /scratch/midway3/rickybao/dreamerv3_runs/d1pilot_finger_e1_seed3/scores.jsonl

--------------------[Agent Step 80_304]--------------------
Metrics filtered by: 'score|length|fps|ratio|train/loss/|train/rand/'
episode/score 0 / episode/length 1001 / train/loss/con 0.02 / train/loss/disag 2.6e-3 / train/loss/dist_to_target 1.1e-3 / train/loss/dyn 1.75 / train/loss/policy -3.5e-4 / train/loss/position 0.01 / train/loss/rep 1.75 / train/loss/repval 2.07 / train/loss/rew 0.11 / train/loss/target_position 4.9e-3 / train/loss/touch 0.02 / train/loss/valens 1.64 / train/loss/valensrep 1.93 / train/loss/value 1.79 / train/loss/velocity 0.08 / replay/replay_ratio 1040 / fps/policy 13.88 / fps/train 1.4e4

Writing metrics: /scratch/midway3/rickybao/dreamerv3_runs/d1pilot_finger_e1_seed3/metrics.jsonl
Writing metrics: /scratch/midway3/rickybao/dreamerv3_runs/d1pilot_finger_e1_seed3/scores.jsonl

--------------------[Agent Step 81_968]--------------------
Metrics filtered by: 'score|length|fps|ratio|train/loss/|train/rand/'
train/loss/con 0.02 / train/loss/disag 2.7e-3 / train/loss/dist_to_target 1.1e-3 / train/loss/dyn 1.77 / train/loss/policy -8.1e-4 / train/loss/position 0.01 / train/loss/rep 1.77 / train/loss/repval 2.12 / train/loss/rew 0.11 / train/loss/target_position 4.8e-3 / train/loss/touch 0.02 / train/loss/valens 1.72 / train/loss/valensrep 2.03 / train/loss/value 1.82 / train/loss/velocity 0.08 / replay/replay_ratio 1040 / fps/policy 13.85 / fps/train 1.4e4

Writing metrics: /scratch/midway3/rickybao/dreamerv3_runs/d1pilot_finger_e1_seed3/metrics.jsonl
Writing metrics: /scratch/midway3/rickybao/dreamerv3_runs/d1pilot_finger_e1_seed3/scores.jsonl

--------------------[Agent Step 83_648]--------------------
Metrics filtered by: 'score|length|fps|ratio|train/loss/|train/rand/'
train/loss/con 0.02 / train/loss/disag 2.7e-3 / train/loss/dist_to_target 1.1e-3 / train/loss/dyn 1.78 / train/loss/policy -7.8e-4 / train/loss/position 0.01 / train/loss/rep 1.78 / train/loss/repval 2.14 / train/loss/rew 0.11 / train/loss/target_position 4.9e-3 / train/loss/touch 0.02 / train/loss/valens 1.78 / train/loss/valensrep 2.08 / train/loss/value 1.85 / train/loss/velocity 0.08 / replay/replay_ratio 1040 / fps/policy 13.92 / fps/train 1.4e4

Writing metrics: /scratch/midway3/rickybao/dreamerv3_runs/d1pilot_finger_e1_seed3/scores.jsonl
Writing metrics: /scratch/midway3/rickybao/dreamerv3_runs/d1pilot_finger_e1_seed3/metrics.jsonl

--------------------[Agent Step 85_328]--------------------
Metrics filtered by: 'score|length|fps|ratio|train/loss/|train/rand/'
train/loss/con 0.02 / train/loss/disag 2.7e-3 / train/loss/dist_to_target 1e-3 / train/loss/dyn 1.81 / train/loss/policy -1.1e-3 / train/loss/position 0.01 / train/loss/rep 1.81 / train/loss/repval 2.12 / train/loss/rew 0.11 / train/loss/target_position 5e-3 / train/loss/touch 0.02 / train/loss/valens 1.77 / train/loss/valensrep 2.08 / train/loss/value 1.81 / train/loss/velocity 0.08 / replay/replay_ratio 1040 / fps/policy 13.94 / fps/train 1.4e4

Writing metrics: /scratch/midway3/rickybao/dreamerv3_runs/d1pilot_finger_e1_seed3/metrics.jsonl
Writing metrics: /scratch/midway3/rickybao/dreamerv3_runs/d1pilot_finger_e1_seed3/scores.jsonl

--------------------[Agent Step 87_008]--------------------
Metrics filtered by: 'score|length|fps|ratio|train/loss/|train/rand/'
train/loss/con 0.02 / train/loss/disag 2.7e-3 / train/loss/dist_to_target 1e-3 / train/loss/dyn 1.8 / train/loss/policy -1.6e-3 / train/loss/position 0.01 / train/loss/rep 1.8 / train/loss/repval 2.09 / train/loss/rew 0.11 / train/loss/target_position 5e-3 / train/loss/touch 0.02 / train/loss/valens 1.79 / train/loss/valensrep 2.08 / train/loss/value 1.81 / train/loss/velocity 0.08 / replay/replay_ratio 1040 / fps/policy 13.99 / fps/train 1.4e4

Writing metrics: /scratch/midway3/rickybao/dreamerv3_runs/d1pilot_finger_e1_seed3/metrics.jsonl
Writing metrics: /scratch/midway3/rickybao/dreamerv3_runs/d1pilot_finger_e1_seed3/scores.jsonl

--------------------[Agent Step 88_688]--------------------
Metrics filtered by: 'score|length|fps|ratio|train/loss/|train/rand/'
train/loss/con 0.02 / train/loss/disag 2.7e-3 / train/loss/dist_to_target 1e-3 / train/loss/dyn 1.79 / train/loss/policy -1.6e-3 / train/loss/position 0.01 / train/loss/rep 1.79 / train/loss/repval 2.13 / train/loss/rew 0.12 / train/loss/target_position 5e-3 / train/loss/touch 0.02 / train/loss/valens 1.8 / train/loss/valensrep 2.11 / train/loss/value 1.8 / train/loss/velocity 0.08 / replay/replay_ratio 1040 / fps/policy 13.93 / fps/train 1.4e4

Writing metrics: /scratch/midway3/rickybao/dreamerv3_runs/d1pilot_finger_e1_seed3/metrics.jsonl
Writing metrics: /scratch/midway3/rickybao/dreamerv3_runs/d1pilot_finger_e1_seed3/scores.jsonl
Saving checkpoint: /scratch/midway3/rickybao/dreamerv3_runs/d1pilot_finger_e1_seed3/ckpt/20260717T120850F807951
Saved checkpoint.

--------------------[Agent Step 90_352]--------------------
Metrics filtered by: 'score|length|fps|ratio|train/loss/|train/rand/'
train/loss/con 0.02 / train/loss/disag 2.7e-3 / train/loss/dist_to_target 9.8e-4 / train/loss/dyn 1.8 / train/loss/policy -1.9e-3 / train/loss/position 0.01 / train/loss/rep 1.8 / train/loss/repval 2.12 / train/loss/rew 0.11 / train/loss/target_position 5e-3 / train/loss/touch 0.02 / train/loss/valens 1.83 / train/loss/valensrep 2.07 / train/loss/value 1.86 / train/loss/velocity 0.08 / replay/replay_ratio 1040 / fps/policy 13.82 / fps/train 1.4e4

Writing metrics: /scratch/midway3/rickybao/dreamerv3_runs/d1pilot_finger_e1_seed3/metrics.jsonl
Writing metrics: /scratch/midway3/rickybao/dreamerv3_runs/d1pilot_finger_e1_seed3/scores.jsonl

--------------------[Agent Step 92_032]--------------------
Metrics filtered by: 'score|length|fps|ratio|train/loss/|train/rand/'
train/loss/con 0.02 / train/loss/disag 2.8e-3 / train/loss/dist_to_target 1e-3 / train/loss/dyn 1.82 / train/loss/policy -3.5e-4 / train/loss/position 0.01 / train/loss/rep 1.82 / train/loss/repval 2.13 / train/loss/rew 0.12 / train/loss/target_position 5e-3 / train/loss/touch 0.02 / train/loss/valens 1.83 / train/loss/valensrep 2.05 / train/loss/value 1.91 / train/loss/velocity 0.08 / replay/replay_ratio 1040 / fps/policy 13.91 / fps/train 1.4e4

Writing metrics: /scratch/midway3/rickybao/dreamerv3_runs/d1pilot_finger_e1_seed3/metrics.jsonl
Writing metrics: /scratch/midway3/rickybao/dreamerv3_runs/d1pilot_finger_e1_seed3/scores.jsonl

--------------------[Agent Step 93_712]--------------------
Metrics filtered by: 'score|length|fps|ratio|train/loss/|train/rand/'
train/loss/con 0.02 / train/loss/disag 2.8e-3 / train/loss/dist_to_target 1e-3 / train/loss/dyn 1.83 / train/loss/policy -3.4e-3 / train/loss/position 0.01 / train/loss/rep 1.83 / train/loss/repval 2.19 / train/loss/rew 0.12 / train/loss/target_position 5.2e-3 / train/loss/touch 0.02 / train/loss/valens 1.82 / train/loss/valensrep 2.07 / train/loss/value 1.92 / train/loss/velocity 0.08 / replay/replay_ratio 1040 / fps/policy 13.87 / fps/train 1.4e4

Writing metrics: /scratch/midway3/rickybao/dreamerv3_runs/d1pilot_finger_e1_seed3/metrics.jsonl
Writing metrics: /scratch/midway3/rickybao/dreamerv3_runs/d1pilot_finger_e1_seed3/scores.jsonl

--------------------[Agent Step 95_392]--------------------
Metrics filtered by: 'score|length|fps|ratio|train/loss/|train/rand/'
train/loss/con 0.02 / train/loss/disag 2.8e-3 / train/loss/dist_to_target 9.9e-4 / train/loss/dyn 1.83 / train/loss/policy -1.4e-3 / train/loss/position 0.01 / train/loss/rep 1.83 / train/loss/repval 2.15 / train/loss/rew 0.13 / train/loss/target_position 5.2e-3 / train/loss/touch 0.02 / train/loss/valens 1.78 / train/loss/valensrep 2.03 / train/loss/value 1.9 / train/loss/velocity 0.08 / replay/replay_ratio 1040 / fps/policy 13.98 / fps/train 1.4e4

Writing metrics: /scratch/midway3/rickybao/dreamerv3_runs/d1pilot_finger_e1_seed3/metrics.jsonl
Writing metrics: /scratch/midway3/rickybao/dreamerv3_runs/d1pilot_finger_e1_seed3/scores.jsonl

--------------------[Agent Step 97_072]--------------------
Metrics filtered by: 'score|length|fps|ratio|train/loss/|train/rand/'
episode/score 938 / episode/length 1001 / train/loss/con 0.02 / train/loss/disag 2.8e-3 / train/loss/dist_to_target 1e-3 / train/loss/dyn 1.83 / train/loss/policy -1.9e-3 / train/loss/position 0.01 / train/loss/rep 1.83 / train/loss/repval 2.22 / train/loss/rew 0.13 / train/loss/target_position 5.3e-3 / train/loss/touch 0.02 / train/loss/valens 1.84 / train/loss/valensrep 2.11 / train/loss/value 1.94 / train/loss/velocity 0.08 / replay/replay_ratio 1040 / fps/policy 14 / fps/train 1.4e4

Writing metrics: /scratch/midway3/rickybao/dreamerv3_runs/d1pilot_finger_e1_seed3/metrics.jsonl
Writing metrics: /scratch/midway3/rickybao/dreamerv3_runs/d1pilot_finger_e1_seed3/scores.jsonl

--------------------[Agent Step 98_752]--------------------
Metrics filtered by: 'score|length|fps|ratio|train/loss/|train/rand/'
train/loss/con 0.02 / train/loss/disag 2.8e-3 / train/loss/dist_to_target 1e-3 / train/loss/dyn 1.86 / train/loss/policy 2.1e-4 / train/loss/position 0.01 / train/loss/rep 1.86 / train/loss/repval 2.25 / train/loss/rew 0.13 / train/loss/target_position 5.4e-3 / train/loss/touch 0.02 / train/loss/valens 1.88 / train/loss/valensrep 2.16 / train/loss/value 1.96 / train/loss/velocity 0.08 / replay/replay_ratio 1040 / fps/policy 13.95 / fps/train 1.4e4

Writing metrics: /scratch/midway3/rickybao/dreamerv3_runs/d1pilot_finger_e1_seed3/metrics.jsonl
Writing metrics: /scratch/midway3/rickybao/dreamerv3_runs/d1pilot_finger_e1_seed3/scores.jsonl
[Fri Jul 17 12:21:52 CDT 2026] d0 d1pilot_finger_e1_seed3 finished rc=0 status=DONE
