[32mActivated conda/uv virtual environment at [36m/venv/main[0m
[Wed Jul 22 04:34:32 UTC 2026] TD-MPC2 F2 smoke start
[32mActivated conda/uv virtual environment at [36m/venv/main[0m
[Wed Jul 22 04:41:49 UTC 2026] TD-MPC2 F2 smoke start
[32mActivated conda/uv virtual environment at [36m/venv/main[0m
[Wed Jul 22 04:53:45 UTC 2026] TD-MPC2 F2 4-way smoke start
[Wed Jul 22 04:53:45 UTC 2026] SMOKE START smoke0
[Wed Jul 22 04:53:45 UTC 2026] SMOKE START smoke2
[Wed Jul 22 04:53:45 UTC 2026] SMOKE START smoke1
[Wed Jul 22 04:53:45 UTC 2026] SMOKE START smoke3
[Wed Jul 22 04:54:11 UTC 2026] SMOKE DONE smoke0
[Wed Jul 22 04:54:14 UTC 2026] SMOKE DONE smoke1
[Wed Jul 22 04:54:14 UTC 2026] SMOKE DONE smoke3
[Wed Jul 22 04:54:14 UTC 2026] SMOKE DONE smoke2
[Wed Jul 22 04:54:14 UTC 2026] TD-MPC2 F2 4-way smoke done
[32mActivated conda/uv virtual environment at [36m/venv/main[0m
[Wed Jul 22 04:57:07 UTC 2026] TD-MPC2 F2 parallel4 start
[Wed Jul 22 04:57:07 UTC 2026] START tm2wm_finger_awareq1s0_seed2
[Wed Jul 22 04:57:07 UTC 2026] START tm2wm_finger_awareq1s0_seed3
[Wed Jul 22 04:57:07 UTC 2026] START tm2wm_finger_awareq1s0_seed4
[Wed Jul 22 04:57:07 UTC 2026] START tm2wm_finger_awareq1s0_seed1
[Wed Jul 22 04:57:33 UTC 2026] DONE tm2wm_finger_awareq1s0_seed1
[Wed Jul 22 04:57:33 UTC 2026] START tm2wm_finger_awareq1s0_seed5
[Wed Jul 22 04:57:35 UTC 2026] DONE tm2wm_finger_awareq1s0_seed4
[Wed Jul 22 04:57:35 UTC 2026] START tm2wm_finger_awareq1s0_seed6
[Wed Jul 22 04:57:35 UTC 2026] DONE tm2wm_finger_awareq1s0_seed3
[Wed Jul 22 04:57:35 UTC 2026] START tm2wm_finger_awareq1s0_seed7
[Wed Jul 22 04:57:35 UTC 2026] DONE tm2wm_finger_awareq1s0_seed2
[Wed Jul 22 04:57:35 UTC 2026] START tm2wm_finger_awareq1s0_seed8
[Wed Jul 22 04:57:51 UTC 2026] DONE tm2wm_finger_awareq1s0_seed5
[Wed Jul 22 04:57:51 UTC 2026] START tm2wm_finger_awareq1s0_seed9
[Wed Jul 22 04:58:01 UTC 2026] DONE tm2wm_finger_awareq1s0_seed8
[Wed Jul 22 04:58:01 UTC 2026] START tm2wm_finger_awareq1s0_seed10
[Wed Jul 22 04:58:07 UTC 2026] DONE tm2wm_finger_awareq1s0_seed7
[Wed Jul 22 04:58:07 UTC 2026] START tm2wm_finger_awareq1s0_seed11
[Wed Jul 22 04:58:07 UTC 2026] DONE tm2wm_finger_awareq1s0_seed6
[Wed Jul 22 04:58:07 UTC 2026] START tm2wm_finger_awareq1s0_seed12
[Wed Jul 22 04:58:20 UTC 2026] DONE tm2wm_finger_awareq1s0_seed9
[Wed Jul 22 04:58:20 UTC 2026] START tm2wm_finger_awareq1s0_seed13
[Wed Jul 22 04:58:32 UTC 2026] DONE tm2wm_finger_awareq1s0_seed10
[Wed Jul 22 04:58:32 UTC 2026] START tm2wm_finger_awareq1s0_seed14
[Wed Jul 22 04:58:40 UTC 2026] DONE tm2wm_finger_awareq1s0_seed11
[Wed Jul 22 04:58:40 UTC 2026] START tm2wm_finger_awareq1s0_seed15
[Wed Jul 22 04:58:40 UTC 2026] DONE tm2wm_finger_awareq1s0_seed12
[Wed Jul 22 04:58:40 UTC 2026] START tm2wm_finger_awareq1s0_seed16
[Wed Jul 22 04:58:48 UTC 2026] DONE tm2wm_finger_awareq1s0_seed13
[Wed Jul 22 04:58:48 UTC 2026] START tm2wm_finger_awareq1s1_seed1
[Wed Jul 22 04:59:02 UTC 2026] DONE tm2wm_finger_awareq1s0_seed14
[Wed Jul 22 04:59:03 UTC 2026] START tm2wm_finger_awareq1s1_seed2
[Wed Jul 22 04:59:12 UTC 2026] DONE tm2wm_finger_awareq1s0_seed15
[Wed Jul 22 04:59:13 UTC 2026] START tm2wm_finger_awareq1s1_seed3
[Wed Jul 22 04:59:13 UTC 2026] DONE tm2wm_finger_awareq1s0_seed16
[Wed Jul 22 04:59:13 UTC 2026] START tm2wm_finger_awareq1s1_seed4
[Wed Jul 22 04:59:18 UTC 2026] DONE tm2wm_finger_awareq1s1_seed1
[Wed Jul 22 04:59:18 UTC 2026] START tm2wm_finger_awareq1s1_seed5
[Wed Jul 22 04:59:34 UTC 2026] DONE tm2wm_finger_awareq1s1_seed2
[Wed Jul 22 04:59:34 UTC 2026] START tm2wm_finger_awareq1s1_seed6
[Wed Jul 22 04:59:44 UTC 2026] DONE tm2wm_finger_awareq1s1_seed3
[Wed Jul 22 04:59:44 UTC 2026] START tm2wm_finger_awareq1s1_seed7
[Wed Jul 22 04:59:45 UTC 2026] DONE tm2wm_finger_awareq1s1_seed4
[Wed Jul 22 04:59:45 UTC 2026] START tm2wm_finger_awareq1s1_seed8
[Wed Jul 22 04:59:50 UTC 2026] DONE tm2wm_finger_awareq1s1_seed5
[Wed Jul 22 04:59:50 UTC 2026] START tm2wm_finger_awareq1s1_seed9
[Wed Jul 22 05:00:00 UTC 2026] DONE tm2wm_finger_awareq1s1_seed6
[Wed Jul 22 05:00:00 UTC 2026] START tm2wm_finger_awareq1s1_seed10
[Wed Jul 22 05:00:17 UTC 2026] DONE tm2wm_finger_awareq1s1_seed7
[Wed Jul 22 05:00:17 UTC 2026] START tm2wm_finger_awareq1s1_seed11
[Wed Jul 22 05:00:18 UTC 2026] DONE tm2wm_finger_awareq1s1_seed8
[Wed Jul 22 05:00:18 UTC 2026] START tm2wm_finger_awareq1s1_seed12
[Wed Jul 22 05:00:18 UTC 2026] DONE tm2wm_finger_awareq1s1_seed9
[Wed Jul 22 05:00:18 UTC 2026] START tm2wm_finger_awareq1s1_seed13
[Wed Jul 22 05:00:18 UTC 2026] DONE tm2wm_finger_awareq1s1_seed10
[Wed Jul 22 05:00:18 UTC 2026] START tm2wm_finger_awareq1s1_seed14
[Wed Jul 22 05:00:44 UTC 2026] DONE tm2wm_finger_awareq1s1_seed11
[Wed Jul 22 05:00:44 UTC 2026] START tm2wm_finger_awareq1s1_seed15
[Wed Jul 22 05:00:45 UTC 2026] DONE tm2wm_finger_awareq1s1_seed12
[Wed Jul 22 05:00:45 UTC 2026] START tm2wm_finger_awareq1s1_seed16
[Wed Jul 22 05:00:46 UTC 2026] DONE tm2wm_finger_awareq1s1_seed14
[Wed Jul 22 05:00:46 UTC 2026] START tm2wm_finger_freeq1s0_seed1
[Wed Jul 22 05:00:46 UTC 2026] DONE tm2wm_finger_awareq1s1_seed13
[Wed Jul 22 05:00:46 UTC 2026] START tm2wm_finger_freeq1s0_seed2
[Wed Jul 22 05:01:01 UTC 2026] DONE tm2wm_finger_awareq1s1_seed15
[Wed Jul 22 05:01:01 UTC 2026] START tm2wm_finger_freeq1s0_seed3
[Wed Jul 22 05:01:12 UTC 2026] DONE tm2wm_finger_awareq1s1_seed16
[Wed Jul 22 05:01:12 UTC 2026] START tm2wm_finger_freeq1s0_seed4
[Wed Jul 22 05:01:17 UTC 2026] DONE tm2wm_finger_freeq1s0_seed1
[Wed Jul 22 05:01:17 UTC 2026] START tm2wm_finger_freeq1s0_seed5
[Wed Jul 22 05:01:17 UTC 2026] DONE tm2wm_finger_freeq1s0_seed2
[Wed Jul 22 05:01:17 UTC 2026] START tm2wm_finger_freeq1s0_seed6
[Wed Jul 22 05:01:18 UTC 2026] DONE tm2wm_finger_freeq1s0_seed3
[Wed Jul 22 05:01:18 UTC 2026] START tm2wm_finger_freeq1s0_seed7
[Wed Jul 22 05:01:26 UTC 2026] DONE tm2wm_finger_freeq1s0_seed4
[Wed Jul 22 05:01:26 UTC 2026] START tm2wm_finger_freeq1s0_seed8
[Wed Jul 22 05:01:47 UTC 2026] DONE tm2wm_finger_freeq1s0_seed6
[Wed Jul 22 05:01:47 UTC 2026] START tm2wm_finger_freeq1s0_seed9
[Wed Jul 22 05:01:50 UTC 2026] DONE tm2wm_finger_freeq1s0_seed5
[Wed Jul 22 05:01:50 UTC 2026] START tm2wm_finger_freeq1s0_seed10
[Wed Jul 22 05:01:50 UTC 2026] DONE tm2wm_finger_freeq1s0_seed7
[Wed Jul 22 05:01:50 UTC 2026] START tm2wm_finger_freeq1s0_seed11
[Wed Jul 22 05:01:50 UTC 2026] DONE tm2wm_finger_freeq1s0_seed8
[Wed Jul 22 05:01:50 UTC 2026] START tm2wm_finger_freeq1s0_seed12
[Wed Jul 22 05:01:58 UTC 2026] DONE tm2wm_finger_freeq1s0_seed9
[Wed Jul 22 05:01:59 UTC 2026] START tm2wm_finger_freeq1s0_seed13
[Wed Jul 22 05:02:19 UTC 2026] DONE tm2wm_finger_freeq1s0_seed11
[Wed Jul 22 05:02:19 UTC 2026] DONE tm2wm_finger_freeq1s0_seed10
[Wed Jul 22 05:02:19 UTC 2026] START tm2wm_finger_freeq1s0_seed14
[Wed Jul 22 05:02:19 UTC 2026] START tm2wm_finger_freeq1s0_seed15
[Wed Jul 22 05:02:22 UTC 2026] DONE tm2wm_finger_freeq1s0_seed12
[Wed Jul 22 05:02:22 UTC 2026] START tm2wm_finger_freeq1s0_seed16
[Wed Jul 22 05:02:22 UTC 2026] DONE tm2wm_finger_freeq1s0_seed13
[Wed Jul 22 05:02:22 UTC 2026] START tm2wm_finger_freeq1s1_seed1
[Wed Jul 22 05:02:36 UTC 2026] DONE tm2wm_finger_freeq1s0_seed14
[Wed Jul 22 05:02:36 UTC 2026] START tm2wm_finger_freeq1s1_seed2
[Wed Jul 22 05:02:46 UTC 2026] DONE tm2wm_finger_freeq1s0_seed15
[Wed Jul 22 05:02:46 UTC 2026] START tm2wm_finger_freeq1s1_seed3
[Wed Jul 22 05:02:55 UTC 2026] DONE tm2wm_finger_freeq1s0_seed16
[Wed Jul 22 05:02:55 UTC 2026] START tm2wm_finger_freeq1s1_seed4
[Wed Jul 22 05:02:55 UTC 2026] DONE tm2wm_finger_freeq1s1_seed1
[Wed Jul 22 05:02:55 UTC 2026] START tm2wm_finger_freeq1s1_seed5
[Wed Jul 22 05:03:09 UTC 2026] DONE tm2wm_finger_freeq1s1_seed2
[Wed Jul 22 05:03:09 UTC 2026] START tm2wm_finger_freeq1s1_seed6
[Wed Jul 22 05:03:18 UTC 2026] DONE tm2wm_finger_freeq1s1_seed3
[Wed Jul 22 05:03:18 UTC 2026] START tm2wm_finger_freeq1s1_seed7
[Wed Jul 22 05:03:29 UTC 2026] DONE tm2wm_finger_freeq1s1_seed4
[Wed Jul 22 05:03:29 UTC 2026] START tm2wm_finger_freeq1s1_seed8
[Wed Jul 22 05:03:30 UTC 2026] DONE tm2wm_finger_freeq1s1_seed5
[Wed Jul 22 05:03:30 UTC 2026] START tm2wm_finger_freeq1s1_seed9
[Wed Jul 22 05:03:41 UTC 2026] DONE tm2wm_finger_freeq1s1_seed6
[Wed Jul 22 05:03:41 UTC 2026] START tm2wm_finger_freeq1s1_seed10
[Wed Jul 22 05:03:51 UTC 2026] DONE tm2wm_finger_freeq1s1_seed7
[Wed Jul 22 05:03:51 UTC 2026] START tm2wm_finger_freeq1s1_seed11
[Wed Jul 22 05:04:03 UTC 2026] DONE tm2wm_finger_freeq1s1_seed9
[Wed Jul 22 05:04:03 UTC 2026] START tm2wm_finger_freeq1s1_seed12
[Wed Jul 22 05:04:04 UTC 2026] DONE tm2wm_finger_freeq1s1_seed8
[Wed Jul 22 05:04:04 UTC 2026] START tm2wm_finger_freeq1s1_seed13
[Wed Jul 22 05:04:15 UTC 2026] DONE tm2wm_finger_freeq1s1_seed10
[Wed Jul 22 05:04:15 UTC 2026] START tm2wm_finger_freeq1s1_seed14
[Wed Jul 22 05:04:23 UTC 2026] DONE tm2wm_finger_freeq1s1_seed11
[Wed Jul 22 05:04:23 UTC 2026] START tm2wm_finger_freeq1s1_seed15
[Wed Jul 22 05:04:37 UTC 2026] DONE tm2wm_finger_freeq1s1_seed12
[Wed Jul 22 05:04:37 UTC 2026] START tm2wm_finger_freeq1s1_seed16
[Wed Jul 22 05:04:38 UTC 2026] DONE tm2wm_finger_freeq1s1_seed13
[Wed Jul 22 05:04:48 UTC 2026] DONE tm2wm_finger_freeq1s1_seed14
[Wed Jul 22 05:04:54 UTC 2026] DONE tm2wm_finger_freeq1s1_seed15
[Wed Jul 22 05:04:54 UTC 2026] DONE tm2wm_finger_freeq1s1_seed16
64 rows -> /workspace/dreamerv3_runs/tm2_e4/tm2_e4.csv
[Wed Jul 22 05:04:54 UTC 2026] TD-MPC2 F2 all done
