[32mActivated conda/uv virtual environment at [36m/venv/main[0m
[Wed Jul 22 04:34:32 UTC 2026] TD-MPC2 F2 smoke start
[32mActivated conda/uv virtual environment at [36m/venv/main[0m
[Wed Jul 22 04:41:49 UTC 2026] TD-MPC2 F2 smoke start
[32mActivated conda/uv virtual environment at [36m/venv/main[0m
[Wed Jul 22 04:53:45 UTC 2026] TD-MPC2 F2 4-way smoke start
[Wed Jul 22 04:53:45 UTC 2026] SMOKE START smoke0
[Wed Jul 22 04:53:45 UTC 2026] SMOKE START smoke2
[Wed Jul 22 04:53:45 UTC 2026] SMOKE START smoke1
[Wed Jul 22 04:53:45 UTC 2026] SMOKE START smoke3
[Wed Jul 22 04:54:11 UTC 2026] SMOKE DONE smoke0
[Wed Jul 22 04:54:14 UTC 2026] SMOKE DONE smoke1
[Wed Jul 22 04:54:14 UTC 2026] SMOKE DONE smoke3
[Wed Jul 22 04:54:14 UTC 2026] SMOKE DONE smoke2
[Wed Jul 22 04:54:14 UTC 2026] TD-MPC2 F2 4-way smoke done
[32mActivated conda/uv virtual environment at [36m/venv/main[0m
[Wed Jul 22 04:57:07 UTC 2026] TD-MPC2 F2 parallel4 start
[Wed Jul 22 04:57:07 UTC 2026] START tm2wm_finger_awareq1s0_seed2
[Wed Jul 22 04:57:07 UTC 2026] START tm2wm_finger_awareq1s0_seed3
[Wed Jul 22 04:57:07 UTC 2026] START tm2wm_finger_awareq1s0_seed4
[Wed Jul 22 04:57:07 UTC 2026] START tm2wm_finger_awareq1s0_seed1
[Wed Jul 22 04:57:33 UTC 2026] DONE tm2wm_finger_awareq1s0_seed1
[Wed Jul 22 04:57:33 UTC 2026] START tm2wm_finger_awareq1s0_seed5
[Wed Jul 22 04:57:35 UTC 2026] DONE tm2wm_finger_awareq1s0_seed4
[Wed Jul 22 04:57:35 UTC 2026] START tm2wm_finger_awareq1s0_seed6
[Wed Jul 22 04:57:35 UTC 2026] DONE tm2wm_finger_awareq1s0_seed3
[Wed Jul 22 04:57:35 UTC 2026] START tm2wm_finger_awareq1s0_seed7
[Wed Jul 22 04:57:35 UTC 2026] DONE tm2wm_finger_awareq1s0_seed2
[Wed Jul 22 04:57:35 UTC 2026] START tm2wm_finger_awareq1s0_seed8
[Wed Jul 22 04:57:51 UTC 2026] DONE tm2wm_finger_awareq1s0_seed5
[Wed Jul 22 04:57:51 UTC 2026] START tm2wm_finger_awareq1s0_seed9
[Wed Jul 22 04:58:01 UTC 2026] DONE tm2wm_finger_awareq1s0_seed8
[Wed Jul 22 04:58:01 UTC 2026] START tm2wm_finger_awareq1s0_seed10
[Wed Jul 22 04:58:07 UTC 2026] DONE tm2wm_finger_awareq1s0_seed7
[Wed Jul 22 04:58:07 UTC 2026] START tm2wm_finger_awareq1s0_seed11
[Wed Jul 22 04:58:07 UTC 2026] DONE tm2wm_finger_awareq1s0_seed6
[Wed Jul 22 04:58:07 UTC 2026] START tm2wm_finger_awareq1s0_seed12
[Wed Jul 22 04:58:20 UTC 2026] DONE tm2wm_finger_awareq1s0_seed9
[Wed Jul 22 04:58:20 UTC 2026] START tm2wm_finger_awareq1s0_seed13
[Wed Jul 22 04:58:32 UTC 2026] DONE tm2wm_finger_awareq1s0_seed10
[Wed Jul 22 04:58:32 UTC 2026] START tm2wm_finger_awareq1s0_seed14
[Wed Jul 22 04:58:40 UTC 2026] DONE tm2wm_finger_awareq1s0_seed11
[Wed Jul 22 04:58:40 UTC 2026] START tm2wm_finger_awareq1s0_seed15
[Wed Jul 22 04:58:40 UTC 2026] DONE tm2wm_finger_awareq1s0_seed12
[Wed Jul 22 04:58:40 UTC 2026] START tm2wm_finger_awareq1s0_seed16
[Wed Jul 22 04:58:48 UTC 2026] DONE tm2wm_finger_awareq1s0_seed13
[Wed Jul 22 04:58:48 UTC 2026] START tm2wm_finger_awareq1s1_seed1
[Wed Jul 22 04:59:02 UTC 2026] DONE tm2wm_finger_awareq1s0_seed14
[Wed Jul 22 04:59:03 UTC 2026] START tm2wm_finger_awareq1s1_seed2
[Wed Jul 22 04:59:12 UTC 2026] DONE tm2wm_finger_awareq1s0_seed15
[Wed Jul 22 04:59:13 UTC 2026] START tm2wm_finger_awareq1s1_seed3
[Wed Jul 22 04:59:13 UTC 2026] DONE tm2wm_finger_awareq1s0_seed16
[Wed Jul 22 04:59:13 UTC 2026] START tm2wm_finger_awareq1s1_seed4
[Wed Jul 22 04:59:18 UTC 2026] DONE tm2wm_finger_awareq1s1_seed1
[Wed Jul 22 04:59:18 UTC 2026] START tm2wm_finger_awareq1s1_seed5
[Wed Jul 22 04:59:34 UTC 2026] DONE tm2wm_finger_awareq1s1_seed2
[Wed Jul 22 04:59:34 UTC 2026] START tm2wm_finger_awareq1s1_seed6
[Wed Jul 22 04:59:44 UTC 2026] DONE tm2wm_finger_awareq1s1_seed3
[Wed Jul 22 04:59:44 UTC 2026] START tm2wm_finger_awareq1s1_seed7
[Wed Jul 22 04:59:45 UTC 2026] DONE tm2wm_finger_awareq1s1_seed4
[Wed Jul 22 04:59:45 UTC 2026] START tm2wm_finger_awareq1s1_seed8
[Wed Jul 22 04:59:50 UTC 2026] DONE tm2wm_finger_awareq1s1_seed5
[Wed Jul 22 04:59:50 UTC 2026] START tm2wm_finger_awareq1s1_seed9
[Wed Jul 22 05:00:00 UTC 2026] DONE tm2wm_finger_awareq1s1_seed6
[Wed Jul 22 05:00:00 UTC 2026] START tm2wm_finger_awareq1s1_seed10
[Wed Jul 22 05:00:17 UTC 2026] DONE tm2wm_finger_awareq1s1_seed7
[Wed Jul 22 05:00:17 UTC 2026] START tm2wm_finger_awareq1s1_seed11
[Wed Jul 22 05:00:18 UTC 2026] DONE tm2wm_finger_awareq1s1_seed8
[Wed Jul 22 05:00:18 UTC 2026] START tm2wm_finger_awareq1s1_seed12
[Wed Jul 22 05:00:18 UTC 2026] DONE tm2wm_finger_awareq1s1_seed9
[Wed Jul 22 05:00:18 UTC 2026] START tm2wm_finger_awareq1s1_seed13
[Wed Jul 22 05:00:18 UTC 2026] DONE tm2wm_finger_awareq1s1_seed10
[Wed Jul 22 05:00:18 UTC 2026] START tm2wm_finger_awareq1s1_seed14
[Wed Jul 22 05:00:44 UTC 2026] DONE tm2wm_finger_awareq1s1_seed11
[Wed Jul 22 05:00:44 UTC 2026] START tm2wm_finger_awareq1s1_seed15
[Wed Jul 22 05:00:45 UTC 2026] DONE tm2wm_finger_awareq1s1_seed12
[Wed Jul 22 05:00:45 UTC 2026] START tm2wm_finger_awareq1s1_seed16
[Wed Jul 22 05:00:46 UTC 2026] DONE tm2wm_finger_awareq1s1_seed14
[Wed Jul 22 05:00:46 UTC 2026] START tm2wm_finger_freeq1s0_seed1
[Wed Jul 22 05:00:46 UTC 2026] DONE tm2wm_finger_awareq1s1_seed13
[Wed Jul 22 05:00:46 UTC 2026] START tm2wm_finger_freeq1s0_seed2
[Wed Jul 22 05:01:01 UTC 2026] DONE tm2wm_finger_awareq1s1_seed15
[Wed Jul 22 05:01:01 UTC 2026] START tm2wm_finger_freeq1s0_seed3
[Wed Jul 22 05:01:12 UTC 2026] DONE tm2wm_finger_awareq1s1_seed16
[Wed Jul 22 05:01:12 UTC 2026] START tm2wm_finger_freeq1s0_seed4
[Wed Jul 22 05:01:17 UTC 2026] DONE tm2wm_finger_freeq1s0_seed1
[Wed Jul 22 05:01:17 UTC 2026] START tm2wm_finger_freeq1s0_seed5
[Wed Jul 22 05:01:17 UTC 2026] DONE tm2wm_finger_freeq1s0_seed2
[Wed Jul 22 05:01:17 UTC 2026] START tm2wm_finger_freeq1s0_seed6
[Wed Jul 22 05:01:18 UTC 2026] DONE tm2wm_finger_freeq1s0_seed3
[Wed Jul 22 05:01:18 UTC 2026] START tm2wm_finger_freeq1s0_seed7
[Wed Jul 22 05:01:26 UTC 2026] DONE tm2wm_finger_freeq1s0_seed4
[Wed Jul 22 05:01:26 UTC 2026] START tm2wm_finger_freeq1s0_seed8
[Wed Jul 22 05:01:47 UTC 2026] DONE tm2wm_finger_freeq1s0_seed6
[Wed Jul 22 05:01:47 UTC 2026] START tm2wm_finger_freeq1s0_seed9
[Wed Jul 22 05:01:50 UTC 2026] DONE tm2wm_finger_freeq1s0_seed5
[Wed Jul 22 05:01:50 UTC 2026] START tm2wm_finger_freeq1s0_seed10
[Wed Jul 22 05:01:50 UTC 2026] DONE tm2wm_finger_freeq1s0_seed7
[Wed Jul 22 05:01:50 UTC 2026] START tm2wm_finger_freeq1s0_seed11
[Wed Jul 22 05:01:50 UTC 2026] DONE tm2wm_finger_freeq1s0_seed8
[Wed Jul 22 05:01:50 UTC 2026] START tm2wm_finger_freeq1s0_seed12
[Wed Jul 22 05:01:58 UTC 2026] DONE tm2wm_finger_freeq1s0_seed9
[Wed Jul 22 05:01:59 UTC 2026] START tm2wm_finger_freeq1s0_seed13
[Wed Jul 22 05:02:19 UTC 2026] DONE tm2wm_finger_freeq1s0_seed11
[Wed Jul 22 05:02:19 UTC 2026] DONE tm2wm_finger_freeq1s0_seed10
[Wed Jul 22 05:02:19 UTC 2026] START tm2wm_finger_freeq1s0_seed14
[Wed Jul 22 05:02:19 UTC 2026] START tm2wm_finger_freeq1s0_seed15
[Wed Jul 22 05:02:22 UTC 2026] DONE tm2wm_finger_freeq1s0_seed12
[Wed Jul 22 05:02:22 UTC 2026] START tm2wm_finger_freeq1s0_seed16
[Wed Jul 22 05:02:22 UTC 2026] DONE tm2wm_finger_freeq1s0_seed13
[Wed Jul 22 05:02:22 UTC 2026] START tm2wm_finger_freeq1s1_seed1
[Wed Jul 22 05:02:36 UTC 2026] DONE tm2wm_finger_freeq1s0_seed14
[Wed Jul 22 05:02:36 UTC 2026] START tm2wm_finger_freeq1s1_seed2
[Wed Jul 22 05:02:46 UTC 2026] DONE tm2wm_finger_freeq1s0_seed15
[Wed Jul 22 05:02:46 UTC 2026] START tm2wm_finger_freeq1s1_seed3
[Wed Jul 22 05:02:55 UTC 2026] DONE tm2wm_finger_freeq1s0_seed16
[Wed Jul 22 05:02:55 UTC 2026] START tm2wm_finger_freeq1s1_seed4
[Wed Jul 22 05:02:55 UTC 2026] DONE tm2wm_finger_freeq1s1_seed1
[Wed Jul 22 05:02:55 UTC 2026] START tm2wm_finger_freeq1s1_seed5
[Wed Jul 22 05:03:09 UTC 2026] DONE tm2wm_finger_freeq1s1_seed2
[Wed Jul 22 05:03:09 UTC 2026] START tm2wm_finger_freeq1s1_seed6
[Wed Jul 22 05:03:18 UTC 2026] DONE tm2wm_finger_freeq1s1_seed3
[Wed Jul 22 05:03:18 UTC 2026] START tm2wm_finger_freeq1s1_seed7
[Wed Jul 22 05:03:29 UTC 2026] DONE tm2wm_finger_freeq1s1_seed4
[Wed Jul 22 05:03:29 UTC 2026] START tm2wm_finger_freeq1s1_seed8
[Wed Jul 22 05:03:30 UTC 2026] DONE tm2wm_finger_freeq1s1_seed5
[Wed Jul 22 05:03:30 UTC 2026] START tm2wm_finger_freeq1s1_seed9
[Wed Jul 22 05:03:41 UTC 2026] DONE tm2wm_finger_freeq1s1_seed6
[Wed Jul 22 05:03:41 UTC 2026] START tm2wm_finger_freeq1s1_seed10
[Wed Jul 22 05:03:51 UTC 2026] DONE tm2wm_finger_freeq1s1_seed7
[Wed Jul 22 05:03:51 UTC 2026] START tm2wm_finger_freeq1s1_seed11
[Wed Jul 22 05:04:03 UTC 2026] DONE tm2wm_finger_freeq1s1_seed9
[Wed Jul 22 05:04:03 UTC 2026] START tm2wm_finger_freeq1s1_seed12
[Wed Jul 22 05:04:04 UTC 2026] DONE tm2wm_finger_freeq1s1_seed8
[Wed Jul 22 05:04:04 UTC 2026] START tm2wm_finger_freeq1s1_seed13
[Wed Jul 22 05:04:15 UTC 2026] DONE tm2wm_finger_freeq1s1_seed10
[Wed Jul 22 05:04:15 UTC 2026] START tm2wm_finger_freeq1s1_seed14
[Wed Jul 22 05:04:23 UTC 2026] DONE tm2wm_finger_freeq1s1_seed11
[Wed Jul 22 05:04:23 UTC 2026] START tm2wm_finger_freeq1s1_seed15
[Wed Jul 22 05:04:37 UTC 2026] DONE tm2wm_finger_freeq1s1_seed12
[Wed Jul 22 05:04:37 UTC 2026] START tm2wm_finger_freeq1s1_seed16
[Wed Jul 22 05:04:38 UTC 2026] DONE tm2wm_finger_freeq1s1_seed13
[Wed Jul 22 05:04:48 UTC 2026] DONE tm2wm_finger_freeq1s1_seed14
[Wed Jul 22 05:04:54 UTC 2026] DONE tm2wm_finger_freeq1s1_seed15
[Wed Jul 22 05:04:54 UTC 2026] DONE tm2wm_finger_freeq1s1_seed16
64 rows -> /workspace/dreamerv3_runs/tm2_e4/tm2_e4.csv
[Wed Jul 22 05:04:54 UTC 2026] TD-MPC2 F2 all done
[32mActivated conda/uv virtual environment at [36m/venv/main[0m
[Wed Jul 22 06:06:07 UTC 2026] D1 R2 pilots start
[Wed Jul 22 13:47:11 UTC 2026] D1 R2 pilots done
[Wed Jul 22 13:47:11 UTC 2026] D1 R2 smoke start
[32mActivated conda/uv virtual environment at [36m/venv/main[0m
[Wed Jul 22 16:13:53 UTC 2026] D1 R2 smoke retry start
wrote /tmp/oracle_sc.npz: 5 labeled states; mean delta_real +0.800, mean delta_imag +0.000
SELFCHECK PASS (incl. R2 extension: udyn/deter/boot/ref)
jax devices: [CudaDevice(id=0)]
Observations
  reward           Space(float32, shape=(), low=-inf, high=inf)
  is_first         Space(bool, shape=(), low=False, high=True)
  is_last          Space(bool, shape=(), low=False, high=True)
  is_terminal      Space(bool, shape=(), low=False, high=True)
  position         Space(float32, shape=(4,), low=-inf, high=inf)
  velocity         Space(float32, shape=(4,), low=-inf, high=inf)
Actions
  action           Space(float32, shape=(2,), low=-1.0, high=1.0)
Extras
  consec           Space(int32, shape=(), low=-2147483648, high=2147483647)
  stepid           Space(uint8, shape=(20,), low=0, high=255)
  dyn/deter        Space(float32, shape=(512,), low=-inf, high=inf)
  dyn/stoch        Space(float32, shape=(32, 4), low=-inf, high=inf)
JAX devices (1): [cuda:0]
Policy devices: cuda:0
Train devices:  cuda:0
Initializing parameters...
/workspace/dreamerv3/embodied/jax/agent.py:112: DeprecationWarning: `with mesh:` context manager has been deprecated. Please use `with jax.set_mesh(mesh):` instead.
  with self.train_mesh:
Optimizer opt has 4,131,718 params:
     3,163,136 disag
       396,666 val
       364,160 dyn
        66,111 valens3
        66,111 valens1
        66,111 valens0
        66,111 valens2
        66,111 valens4
        57,663 rew
        50,056 dec
        49,796 pol
        41,153 con
         9,088 enc
/venv/main/lib/python3.11/site-packages/optax/_src/linear_algebra.py:44: DeprecationWarning: optax.global_norm is deprecated in favor of optax.tree.norm
  warnings.warn(
Done initializing!
Compiling 1 checkpoint groups...
Largest checkpoint group: 0 GB
Compiling train and report...
/workspace/dreamerv3/embodied/jax/agent.py:187: DeprecationWarning: `with mesh:` context manager has been deprecated. Please use `with jax.set_mesh(mesh):` instead.
  with self.train_mesh:
/venv/main/lib/python3.11/site-packages/optax/_src/linear_algebra.py:44: DeprecationWarning: optax.global_norm is deprecated in favor of optax.tree.norm
  warnings.warn(
Train cost analysis:
No available
Report cost analysis:
No available
Done compiling!
Loading checkpoint: /workspace/dreamerv3_runs/d1r2_r2probe/d1r2_cup_e1_seed11/ckpt/20260722T063713F022058
Loaded checkpoint.
wrote /workspace/dreamerv3_runs/d1r2_r2probe/d1_labels/d1r2_cup_e1_seed11_late_smoke.npz: 5 labeled states; mean delta_real +0.400, mean delta_imag +1.200
SMOKE OK: determinism assert + extended fields exercised on the
real MuJoCo path (5 states; excluded from the read by filename).
Any instrument fix now requires a dated amendment BEFORE 'labels'.
[Wed Jul 22 16:15:04 UTC 2026] D1 R2 smoke retry done
[Wed Jul 22 16:17:40 UTC 2026] D1 R2 labels start gpu=0 detail=/workspace/dreamerv3_runs/_cloud_logs/d1r2_labels_20260722_161740.out
[Wed Jul 22 17:40:59 UTC 2026] D1 R2 labels done detail=/workspace/dreamerv3_runs/_cloud_logs/d1r2_labels_20260722_161740.out
