[Sat Jul 18 00:15:18 CDT 2026] start smoke
Traceback (most recent call last):
  File "/home/rickybao/projects/dreamerv3/embodied/core/wrappers.py", line 23, in __getattr__
    return getattr(self.env, name)
           ^^^^^^^^^^^^^^^^^^^^^^^
AttributeError: 'DMC' object has no attribute '_rng'

During handling of the above exception, another exception occurred:

Traceback (most recent call last):
  File "<frozen runpy>", line 198, in _run_module_as_main
  File "<frozen runpy>", line 88, in _run_code
  File "/home/rickybao/projects/dreamerv3/d0/oracle_labels.py", line 431, in <module>
    main()
  File "/home/rickybao/projects/dreamerv3/d0/oracle_labels.py", line 427, in main
    main_real(args)
  File "/home/rickybao/projects/dreamerv3/d0/oracle_labels.py", line 303, in main_real
    rows = label_run(env, oracle, args.states, args.horizon,
           ^^^^^^^^^^^^^^^^^^^^^^^^^^^^^^^^^^^^^^^^^^^^^^^^^
  File "/home/rickybao/projects/dreamerv3/d0/oracle_labels.py", line 224, in label_run
    snap = snapshot_env(env)
           ^^^^^^^^^^^^^^^^^
  File "/home/rickybao/projects/dreamerv3/d0/oracle_labels.py", line 89, in snapshot_env
    rng = getattr(node, '_rng', None)
          ^^^^^^^^^^^^^^^^^^^^^^^^^^^
  File "/home/rickybao/projects/dreamerv3/embodied/core/wrappers.py", line 23, in __getattr__
    return getattr(self.env, name)
           ^^^^^^^^^^^^^^^^^^^^^^^
  File "/home/rickybao/projects/dreamerv3/embodied/core/wrappers.py", line 23, in __getattr__
    return getattr(self.env, name)
           ^^^^^^^^^^^^^^^^^^^^^^^
  File "/home/rickybao/projects/dreamerv3/embodied/core/wrappers.py", line 23, in __getattr__
    return getattr(self.env, name)
           ^^^^^^^^^^^^^^^^^^^^^^^
  File "/home/rickybao/projects/dreamerv3/embodied/core/wrappers.py", line 25, in __getattr__
    raise ValueError(name)
ValueError: _rng
Observations
  reward           Space(float32, shape=(), low=-inf, high=inf)
  is_first         Space(bool, shape=(), low=False, high=True)
  is_last          Space(bool, shape=(), low=False, high=True)
  is_terminal      Space(bool, shape=(), low=False, high=True)
  position         Space(float32, shape=(4,), low=-inf, high=inf)
  velocity         Space(float32, shape=(4,), low=-inf, high=inf)
Actions
  action           Space(float32, shape=(2,), low=-1.0, high=1.0)
Extras
  consec           Space(int32, shape=(), low=-2147483648, high=2147483647)
  stepid           Space(uint8, shape=(20,), low=0, high=255)
  dyn/deter        Space(float32, shape=(512,), low=-inf, high=inf)
  dyn/stoch        Space(float32, shape=(32, 4), low=-inf, high=inf)
JAX devices (1): [cuda:0]
Policy devices: cuda:0
Train devices:  cuda:0
Initializing parameters...
Optimizer opt has 4,131,718 params:
     3,163,136 disag
       396,666 val
       364,160 dyn
        66,111 valens3
        66,111 valens2
        66,111 valens4
        66,111 valens0
        66,111 valens1
        57,663 rew
        50,056 dec
        49,796 pol
        41,153 con
         9,088 enc
Done initializing!
Compiling 1 checkpoint groups...
Largest checkpoint group: 0 GB
Compiling train and report...
Train cost analysis:
  FLOPS:            2.9e+10
  Memory (temp):    6.9e+08
  Memory (inputs):  5.4e+07
  Memory (outputs): 5.3e+07
  Memory (code):    3.8e+06

Report cost analysis:
  FLOPS:            1.9e+06
  Memory (temp):    9.2e+05
  Memory (inputs):  2.7e+06
  Memory (outputs): 2.1e+04
  Memory (code):    9.6e+04

Done compiling!
Loading checkpoint: /scratch/midway3/rickybao/dreamerv3_runs/d1pilot_cup_e1_seed1/ckpt/20260717T103014F828248
Loaded checkpoint.
