[Wed Jul 22 19:38:44 UTC 2026] Scaling-B 20K speedtest start tag=inst6 detail=/workspace/dreamerv3_runs/_cloud_logs/adapt_speedtest_s12_inst6_ckpt20000.out
[Wed Jul 22 19:54:26 UTC 2026] Scaling-B 20K speedtest done tag=inst6 elapsed_h=0.262 rough_full_est_h=7.64
[32mActivated conda/uv virtual environment at [36m/venv/main[0m
[Wed Jul 22 20:03:08 UTC 2026] scaling Option B worker start label=inst6 id_prefix=ax1fs12 expl=apt
[Wed Jul 22 20:03:08 UTC 2026] SKIP done adapt_ax1fs12q1s0_finger_seed1_ckpt500000
[Wed Jul 22 20:03:08 UTC 2026] SKIP done adapt_ax1fs12q1s0_finger_seed2_ckpt500000
[Wed Jul 22 20:03:08 UTC 2026] SKIP done adapt_ax1fs12q1s0_finger_seed3_ckpt500000
[Wed Jul 22 20:03:08 UTC 2026] SKIP done adapt_ax1fs12q1s0_finger_seed4_ckpt500000
[Wed Jul 22 20:03:08 UTC 2026] START adapt_ax1fs12q1s0_finger_seed5_ckpt500000
[Thu Jul 23 04:17:18 UTC 2026] DONE adapt_ax1fs12q1s0_finger_seed5_ckpt500000
[Thu Jul 23 04:17:18 UTC 2026] START adapt_ax1fs12q1s0_finger_seed6_ckpt500000
[Thu Jul 23 13:18:50 UTC 2026] DONE adapt_ax1fs12q1s0_finger_seed6_ckpt500000
[Thu Jul 23 13:18:50 UTC 2026] START adapt_ax1fs12q1s0_finger_seed7_ckpt500000
[Thu Jul 23 22:20:02 UTC 2026] DONE adapt_ax1fs12q1s0_finger_seed7_ckpt500000
[Thu Jul 23 22:20:02 UTC 2026] START adapt_ax1fs12q1s0_finger_seed8_ckpt500000
[32mActivated conda/uv virtual environment at [36m/venv/main[0m
[Fri Jul 24 01:38:35 UTC 2026] requeue queued mode=scaling file=/tmp/requeue_tasks.txt
[Fri Jul 24 01:38:35 UTC 2026] requeue waiting for current axis1 job
[Fri Jul 24 01:39:35 UTC 2026] requeue waiting for current axis1 job
[Fri Jul 24 01:40:35 UTC 2026] requeue waiting for current axis1 job
[Fri Jul 24 01:41:35 UTC 2026] requeue waiting for current axis1 job
[Fri Jul 24 01:42:35 UTC 2026] requeue waiting for current axis1 job
[Fri Jul 24 01:43:35 UTC 2026] requeue waiting for current axis1 job
[Fri Jul 24 01:44:35 UTC 2026] requeue waiting for current axis1 job
[Fri Jul 24 01:45:35 UTC 2026] requeue waiting for current axis1 job
[Fri Jul 24 01:46:35 UTC 2026] requeue waiting for current axis1 job
[Fri Jul 24 01:47:35 UTC 2026] requeue waiting for current axis1 job
[Fri Jul 24 01:48:35 UTC 2026] requeue waiting for current axis1 job
[Fri Jul 24 01:49:35 UTC 2026] requeue waiting for current axis1 job
[Fri Jul 24 01:50:35 UTC 2026] requeue waiting for current axis1 job
[Fri Jul 24 01:51:35 UTC 2026] requeue waiting for current axis1 job
[Fri Jul 24 01:52:35 UTC 2026] requeue waiting for current axis1 job
[Fri Jul 24 01:53:35 UTC 2026] requeue waiting for current axis1 job
[Fri Jul 24 01:54:35 UTC 2026] requeue waiting for current axis1 job
[Fri Jul 24 01:55:35 UTC 2026] requeue waiting for current axis1 job
[Fri Jul 24 01:56:35 UTC 2026] requeue waiting for current axis1 job
[Fri Jul 24 01:57:35 UTC 2026] requeue waiting for current axis1 job
[Fri Jul 24 01:58:35 UTC 2026] requeue waiting for current axis1 job
[Fri Jul 24 01:59:35 UTC 2026] requeue waiting for current axis1 job
[Fri Jul 24 02:00:35 UTC 2026] requeue waiting for current axis1 job
[Fri Jul 24 02:01:35 UTC 2026] requeue waiting for current axis1 job
[Fri Jul 24 02:02:35 UTC 2026] requeue waiting for current axis1 job
[Fri Jul 24 02:03:35 UTC 2026] requeue waiting for current axis1 job
[Fri Jul 24 02:04:35 UTC 2026] requeue waiting for current axis1 job
[Fri Jul 24 02:05:35 UTC 2026] requeue waiting for current axis1 job
[Fri Jul 24 02:06:35 UTC 2026] requeue waiting for current axis1 job
[Fri Jul 24 02:07:35 UTC 2026] requeue waiting for current axis1 job
[Fri Jul 24 02:08:35 UTC 2026] requeue waiting for current axis1 job
[Fri Jul 24 02:09:35 UTC 2026] requeue waiting for current axis1 job
[Fri Jul 24 02:10:35 UTC 2026] requeue waiting for current axis1 job
[Fri Jul 24 02:11:35 UTC 2026] requeue waiting for current axis1 job
[Fri Jul 24 02:12:35 UTC 2026] requeue waiting for current axis1 job
[Fri Jul 24 02:13:35 UTC 2026] requeue waiting for current axis1 job
[Fri Jul 24 02:14:35 UTC 2026] requeue waiting for current axis1 job
[Fri Jul 24 02:15:35 UTC 2026] requeue waiting for current axis1 job
[Fri Jul 24 02:16:35 UTC 2026] requeue waiting for current axis1 job
[Fri Jul 24 02:17:35 UTC 2026] requeue waiting for current axis1 job
[Fri Jul 24 02:18:35 UTC 2026] requeue waiting for current axis1 job
[Fri Jul 24 02:19:35 UTC 2026] requeue waiting for current axis1 job
[Fri Jul 24 02:20:35 UTC 2026] requeue waiting for current axis1 job
[Fri Jul 24 02:21:35 UTC 2026] requeue waiting for current axis1 job
[Fri Jul 24 02:22:35 UTC 2026] requeue waiting for current axis1 job
[Fri Jul 24 02:23:35 UTC 2026] requeue waiting for current axis1 job
[Fri Jul 24 02:24:35 UTC 2026] requeue waiting for current axis1 job
[Fri Jul 24 02:25:35 UTC 2026] requeue waiting for current axis1 job
[Fri Jul 24 02:26:35 UTC 2026] requeue waiting for current axis1 job
[Fri Jul 24 02:27:35 UTC 2026] requeue waiting for current axis1 job
[Fri Jul 24 02:28:35 UTC 2026] requeue waiting for current axis1 job
[Fri Jul 24 02:29:35 UTC 2026] requeue waiting for current axis1 job
[Fri Jul 24 02:30:35 UTC 2026] requeue waiting for current axis1 job
[Fri Jul 24 02:31:35 UTC 2026] requeue waiting for current axis1 job
[Fri Jul 24 02:32:35 UTC 2026] requeue waiting for current axis1 job
[Fri Jul 24 02:33:35 UTC 2026] requeue waiting for current axis1 job
[Fri Jul 24 02:34:35 UTC 2026] requeue waiting for current axis1 job
[Fri Jul 24 02:35:35 UTC 2026] requeue waiting for current axis1 job
[Fri Jul 24 02:36:35 UTC 2026] requeue waiting for current axis1 job
[Fri Jul 24 02:37:35 UTC 2026] requeue waiting for current axis1 job
[Fri Jul 24 02:38:35 UTC 2026] requeue waiting for current axis1 job
[Fri Jul 24 02:39:35 UTC 2026] requeue waiting for current axis1 job
[Fri Jul 24 02:40:35 UTC 2026] requeue waiting for current axis1 job
[Fri Jul 24 02:41:35 UTC 2026] requeue waiting for current axis1 job
[Fri Jul 24 02:42:35 UTC 2026] requeue waiting for current axis1 job
[Fri Jul 24 02:43:35 UTC 2026] requeue waiting for current axis1 job
[Fri Jul 24 02:44:35 UTC 2026] requeue waiting for current axis1 job
[Fri Jul 24 02:45:35 UTC 2026] requeue waiting for current axis1 job
[Fri Jul 24 02:46:35 UTC 2026] requeue waiting for current axis1 job
[Fri Jul 24 02:47:35 UTC 2026] requeue waiting for current axis1 job
[Fri Jul 24 02:48:35 UTC 2026] requeue waiting for current axis1 job
[Fri Jul 24 02:49:35 UTC 2026] requeue waiting for current axis1 job
[Fri Jul 24 02:50:35 UTC 2026] requeue waiting for current axis1 job
[Fri Jul 24 02:51:35 UTC 2026] requeue waiting for current axis1 job
[Fri Jul 24 02:52:35 UTC 2026] requeue waiting for current axis1 job
[Fri Jul 24 02:53:35 UTC 2026] requeue waiting for current axis1 job
[Fri Jul 24 02:54:35 UTC 2026] requeue waiting for current axis1 job
[Fri Jul 24 02:55:35 UTC 2026] requeue waiting for current axis1 job
[Fri Jul 24 02:56:35 UTC 2026] requeue waiting for current axis1 job
[Fri Jul 24 02:57:35 UTC 2026] requeue waiting for current axis1 job
[Fri Jul 24 02:58:35 UTC 2026] requeue waiting for current axis1 job
[Fri Jul 24 02:59:35 UTC 2026] requeue waiting for current axis1 job
[Fri Jul 24 03:00:35 UTC 2026] requeue waiting for current axis1 job
[Fri Jul 24 03:01:35 UTC 2026] requeue waiting for current axis1 job
[Fri Jul 24 03:02:35 UTC 2026] requeue waiting for current axis1 job
[Fri Jul 24 03:03:35 UTC 2026] requeue waiting for current axis1 job
[Fri Jul 24 03:04:35 UTC 2026] requeue waiting for current axis1 job
[Fri Jul 24 03:05:35 UTC 2026] requeue waiting for current axis1 job
[Fri Jul 24 03:06:35 UTC 2026] requeue waiting for current axis1 job
[Fri Jul 24 03:07:35 UTC 2026] requeue waiting for current axis1 job
[Fri Jul 24 03:08:35 UTC 2026] requeue waiting for current axis1 job
[Fri Jul 24 03:09:35 UTC 2026] requeue waiting for current axis1 job
[Fri Jul 24 03:10:35 UTC 2026] requeue waiting for current axis1 job
[Fri Jul 24 03:11:35 UTC 2026] requeue waiting for current axis1 job
[Fri Jul 24 03:12:35 UTC 2026] requeue waiting for current axis1 job
[Fri Jul 24 03:13:35 UTC 2026] requeue waiting for current axis1 job
[Fri Jul 24 03:14:35 UTC 2026] requeue waiting for current axis1 job
[Fri Jul 24 03:15:35 UTC 2026] requeue waiting for current axis1 job
[Fri Jul 24 03:16:35 UTC 2026] requeue waiting for current axis1 job
[Fri Jul 24 03:17:35 UTC 2026] requeue waiting for current axis1 job
[Fri Jul 24 03:18:35 UTC 2026] requeue waiting for current axis1 job
[Fri Jul 24 03:19:35 UTC 2026] requeue waiting for current axis1 job
[Fri Jul 24 03:20:35 UTC 2026] requeue waiting for current axis1 job
[Fri Jul 24 03:21:35 UTC 2026] requeue waiting for current axis1 job
[Fri Jul 24 03:22:35 UTC 2026] requeue waiting for current axis1 job
[Fri Jul 24 03:23:35 UTC 2026] requeue waiting for current axis1 job
[Fri Jul 24 03:24:35 UTC 2026] requeue waiting for current axis1 job
[Fri Jul 24 03:25:35 UTC 2026] requeue waiting for current axis1 job
[Fri Jul 24 03:26:35 UTC 2026] requeue waiting for current axis1 job
[Fri Jul 24 03:27:35 UTC 2026] requeue waiting for current axis1 job
[Fri Jul 24 03:28:35 UTC 2026] requeue waiting for current axis1 job
[Fri Jul 24 03:29:35 UTC 2026] requeue waiting for current axis1 job
[Fri Jul 24 03:30:35 UTC 2026] requeue waiting for current axis1 job
[Fri Jul 24 03:31:35 UTC 2026] requeue waiting for current axis1 job
[Fri Jul 24 03:32:35 UTC 2026] requeue waiting for current axis1 job
[Fri Jul 24 03:33:35 UTC 2026] requeue waiting for current axis1 job
[Fri Jul 24 03:34:35 UTC 2026] requeue waiting for current axis1 job
[Fri Jul 24 03:35:35 UTC 2026] requeue waiting for current axis1 job
[Fri Jul 24 03:36:35 UTC 2026] requeue waiting for current axis1 job
[Fri Jul 24 03:37:35 UTC 2026] requeue waiting for current axis1 job
[Fri Jul 24 03:38:35 UTC 2026] requeue waiting for current axis1 job
[Fri Jul 24 03:39:35 UTC 2026] requeue waiting for current axis1 job
[Fri Jul 24 03:40:35 UTC 2026] requeue waiting for current axis1 job
[Fri Jul 24 03:41:35 UTC 2026] requeue waiting for current axis1 job
[Fri Jul 24 03:42:35 UTC 2026] requeue waiting for current axis1 job
[Fri Jul 24 03:43:35 UTC 2026] requeue waiting for current axis1 job
[Fri Jul 24 03:44:35 UTC 2026] requeue waiting for current axis1 job
[Fri Jul 24 03:45:35 UTC 2026] requeue waiting for current axis1 job
[Fri Jul 24 03:46:35 UTC 2026] requeue waiting for current axis1 job
[Fri Jul 24 03:47:35 UTC 2026] requeue waiting for current axis1 job
[Fri Jul 24 03:48:36 UTC 2026] requeue waiting for current axis1 job
[Fri Jul 24 03:49:36 UTC 2026] requeue waiting for current axis1 job
[Fri Jul 24 03:50:36 UTC 2026] requeue waiting for current axis1 job
[Fri Jul 24 03:51:36 UTC 2026] requeue waiting for current axis1 job
[Fri Jul 24 03:52:36 UTC 2026] requeue waiting for current axis1 job
[Fri Jul 24 03:53:36 UTC 2026] requeue waiting for current axis1 job
[Fri Jul 24 03:54:36 UTC 2026] requeue waiting for current axis1 job
[Fri Jul 24 03:55:36 UTC 2026] requeue waiting for current axis1 job
[Fri Jul 24 03:56:36 UTC 2026] requeue waiting for current axis1 job
[Fri Jul 24 03:57:36 UTC 2026] requeue waiting for current axis1 job
[Fri Jul 24 03:58:36 UTC 2026] requeue waiting for current axis1 job
[Fri Jul 24 03:59:36 UTC 2026] requeue waiting for current axis1 job
[Fri Jul 24 04:00:36 UTC 2026] requeue waiting for current axis1 job
[Fri Jul 24 04:01:36 UTC 2026] requeue waiting for current axis1 job
[Fri Jul 24 04:02:36 UTC 2026] requeue waiting for current axis1 job
[Fri Jul 24 04:03:36 UTC 2026] requeue waiting for current axis1 job
[Fri Jul 24 04:04:36 UTC 2026] requeue waiting for current axis1 job
[Fri Jul 24 04:05:36 UTC 2026] requeue waiting for current axis1 job
[Fri Jul 24 04:06:36 UTC 2026] requeue waiting for current axis1 job
[Fri Jul 24 04:07:36 UTC 2026] requeue waiting for current axis1 job
[Fri Jul 24 04:08:36 UTC 2026] requeue waiting for current axis1 job
[Fri Jul 24 04:09:36 UTC 2026] requeue waiting for current axis1 job
[Fri Jul 24 04:10:36 UTC 2026] requeue waiting for current axis1 job
[Fri Jul 24 04:11:36 UTC 2026] requeue waiting for current axis1 job
[Fri Jul 24 04:12:36 UTC 2026] requeue waiting for current axis1 job
[Fri Jul 24 04:13:36 UTC 2026] requeue waiting for current axis1 job
[Fri Jul 24 04:14:36 UTC 2026] requeue waiting for current axis1 job
[Fri Jul 24 04:15:36 UTC 2026] requeue waiting for current axis1 job
[Fri Jul 24 04:16:36 UTC 2026] requeue waiting for current axis1 job
Terminated
[Fri Jul 24 04:17:13 UTC 2026] QUEUE_START id=queue_S6RSx7H6 mode=scaling gpu=0 shard=0 tasks=9
[Fri Jul 24 04:17:14 UTC 2026] START adapt_ax1fs12q1s0_finger_seed8_ckpt500000 gpu=0 log=/workspace/dreamerv3_runs/_cloud_logs/adapt_ax1fs12q1s0_finger_seed8_ckpt500000.out
[Fri Jul 24 04:46:41 UTC 2026] QUEUE_START id=queue_y6347bVI mode=scaling gpu=0 shard=0 tasks=5
[Fri Jul 24 04:46:42 UTC 2026] START adapt_ax1fs12q1s1_finger_seed4_ckpt500000 gpu=0 log=/workspace/dreamerv3_runs/_cloud_logs/adapt_ax1fs12q1s1_finger_seed4_ckpt500000.out
[Fri Jul 24 05:33:00 UTC 2026] QUEUE_ADD id=queue_y6347bVI added=2 file=/tmp/add_scaling_stale.txt
[Fri Jul 24 13:47:24 UTC 2026] DONE adapt_ax1fs12q1s1_finger_seed4_ckpt500000 log=/workspace/dreamerv3_runs/_cloud_logs/adapt_ax1fs12q1s1_finger_seed4_ckpt500000.out
[Fri Jul 24 13:47:25 UTC 2026] START adapt_ax1fs12q1s1_finger_seed5_ckpt500000 gpu=0 log=/workspace/dreamerv3_runs/_cloud_logs/adapt_ax1fs12q1s1_finger_seed5_ckpt500000.out
[Fri Jul 24 22:47:54 UTC 2026] DONE adapt_ax1fs12q1s1_finger_seed5_ckpt500000 log=/workspace/dreamerv3_runs/_cloud_logs/adapt_ax1fs12q1s1_finger_seed5_ckpt500000.out
[Fri Jul 24 22:47:54 UTC 2026] START adapt_ax1fs12q1s1_finger_seed6_ckpt500000 gpu=0 log=/workspace/dreamerv3_runs/_cloud_logs/adapt_ax1fs12q1s1_finger_seed6_ckpt500000.out
[Sat Jul 25 07:48:39 UTC 2026] DONE adapt_ax1fs12q1s1_finger_seed6_ckpt500000 log=/workspace/dreamerv3_runs/_cloud_logs/adapt_ax1fs12q1s1_finger_seed6_ckpt500000.out
[Sat Jul 25 07:48:39 UTC 2026] START adapt_ax1fs12q1s1_finger_seed7_ckpt500000 gpu=0 log=/workspace/dreamerv3_runs/_cloud_logs/adapt_ax1fs12q1s1_finger_seed7_ckpt500000.out
[Sat Jul 25 16:50:02 UTC 2026] DONE adapt_ax1fs12q1s1_finger_seed7_ckpt500000 log=/workspace/dreamerv3_runs/_cloud_logs/adapt_ax1fs12q1s1_finger_seed7_ckpt500000.out
[Sat Jul 25 16:50:02 UTC 2026] START adapt_ax1fs12q1s1_finger_seed8_ckpt500000 gpu=0 log=/workspace/dreamerv3_runs/_cloud_logs/adapt_ax1fs12q1s1_finger_seed8_ckpt500000.out
Terminated
[Sat Jul 25 23:07:38 UTC 2026] FAIL adapt_ax1fs12q1s1_finger_seed8_ckpt500000 rc=143 log=/workspace/dreamerv3_runs/_cloud_logs/adapt_ax1fs12q1s1_finger_seed8_ckpt500000.out
[Sat Jul 25 23:07:38 UTC 2026] QUEUE_ABORT id=queue_y6347bVI run=adapt_ax1fs12q1s1_finger_seed8_ckpt500000 rc=143
[Sat Jul 25 23:07:38 UTC 2026] QUEUE_ABORTED id=queue_y6347bVI mode=scaling gpu=0 failures=1
[Sat Jul 25 23:09:38 UTC 2026] QUEUE_START id=queue_glVg2S6P lane=0 shard=0 tasks=3
[Sat Jul 25 23:09:39 UTC 2026] START adapt_ax1fs12q1s1_finger_seed8_ckpt500000 gpu=0 log=/workspace/dreamerv3_runs/_cloud_logs/adapt_ax1fs12q1s1_finger_seed8_ckpt500000.out
[Sun Jul 26 02:06:57 UTC 2026] QUEUE_ADD id=queue_glVg2S6P lane=0 added=2 file=/tmp/vgo_ext_seed8.cmds
[Sun Jul 26 02:39:25 UTC 2026] DONE adapt_ax1fs12q1s1_finger_seed8_ckpt500000 log=/workspace/dreamerv3_runs/_cloud_logs/adapt_ax1fs12q1s1_finger_seed8_ckpt500000.out
[Sun Jul 26 02:39:25 UTC 2026] START adapt_ax1s12q1s1_finger_seed2_ckpt500000 gpu=0 log=/workspace/dreamerv3_runs/_cloud_logs/adapt_ax1s12q1s1_finger_seed2_ckpt500000.out
[Sun Jul 26 09:56:02 UTC 2026] DONE adapt_ax1s12q1s1_finger_seed2_ckpt500000 log=/workspace/dreamerv3_runs/_cloud_logs/adapt_ax1s12q1s1_finger_seed2_ckpt500000.out
[Sun Jul 26 09:56:03 UTC 2026] START adapt_ax1fs12q1s0_finger_seed8_ckpt500000 gpu=0 log=/workspace/dreamerv3_runs/_cloud_logs/adapt_ax1fs12q1s0_finger_seed8_ckpt500000.out
[Sun Jul 26 13:25:57 UTC 2026] DONE adapt_ax1fs12q1s0_finger_seed8_ckpt500000 log=/workspace/dreamerv3_runs/_cloud_logs/adapt_ax1fs12q1s0_finger_seed8_ckpt500000.out
[Sun Jul 26 13:25:57 UTC 2026] START adapt_ax1xvgoq1s1_finger_seed8_ckpt1500000 gpu=0 log=/workspace/dreamerv3_runs/_cloud_logs/adapt_ax1xvgoq1s1_finger_seed8_ckpt1500000.out
