[Sat Jul 18 18:28:34 UTC 2026] tdmpc2_f1 start label=inst4 shard=0 gpu=0 tasks=1
[Sat Jul 18 18:28:34 UTC 2026] waiting for previous cloud jobs to finish
[Sat Jul 18 18:33:34 UTC 2026] waiting for previous cloud jobs to finish
[Sat Jul 18 18:38:34 UTC 2026] waiting for previous cloud jobs to finish
[Sat Jul 18 18:43:34 UTC 2026] waiting for previous cloud jobs to finish
[Sat Jul 18 18:48:34 UTC 2026] waiting for previous cloud jobs to finish
[Sat Jul 18 18:53:34 UTC 2026] waiting for previous cloud jobs to finish
[Sat Jul 18 18:58:34 UTC 2026] waiting for previous cloud jobs to finish
[Sat Jul 18 19:03:34 UTC 2026] waiting for previous cloud jobs to finish
[Sat Jul 18 19:08:34 UTC 2026] waiting for previous cloud jobs to finish
[Sat Jul 18 19:13:34 UTC 2026] waiting for previous cloud jobs to finish
[Sat Jul 18 19:18:34 UTC 2026] waiting for previous cloud jobs to finish
[Sat Jul 18 19:23:34 UTC 2026] waiting for previous cloud jobs to finish
[Sat Jul 18 19:28:34 UTC 2026] START gpu=0 adapt_tm2freeq1s1_finger_seed13_ckpt500000
Terminated
[Sat Jul 18 21:11:37 UTC 2026] START gpu=0 adapt_tm2freeq1s1_finger_seed9_ckpt500000
[Sun Jul 19 05:51:52 UTC 2026] START gpu=0 run=adapt_ax1v4q1v400s0_finger_seed4_ckpt500000
[Sun Jul 19 06:21:53 UTC 2026] DONE adapt_tm2freeq1s1_finger_seed9_ckpt500000
[Sun Jul 19 06:21:53 UTC 2026] START gpu=0 adapt_tm2freeq1s1_finger_seed13_ckpt500000
[Sun Jul 19 16:40:46 UTC 2026] DONE adapt_tm2freeq1s1_finger_seed13_ckpt500000
[Sun Jul 19 17:15:55 UTC 2026] GPU 0 busy; waiting
[Sun Jul 19 17:20:55 UTC 2026] GPU 0 busy; waiting
[Sun Jul 19 17:25:55 UTC 2026] GPU 0 busy; waiting
[Sun Jul 19 17:30:55 UTC 2026] GPU 0 busy; waiting
